
Note: Compatibility modes selected: hs a


Circuit: * por-output-chain-ibias-sharing @ res_ss_-40c_3.63v -- generated by sim/harness, do not edit

Doing analysis at TEMP = -40.000000 and TNOM = 27.000000

Using SPARSE 1.3 as Direct Linear Solver

Initial Transient Solution
--------------------------

Node                                   Voltage
----                                   -------
vdda                                         0
ena                                          0
nbcorea                            2.23358e-22
sharea                             2.23358e-22
nibtmpa                            2.23358e-22
nibcmpa                            2.23358e-22
nibpora                            2.23358e-22
xbiasa.ks1                       -4.12152e-107
xbiasa.ks2                          1.5166e-85
xbiasa.ks3                         5.41489e-64
xbiasa.ks4                        -5.06987e-43
xbiasa.nkg                        -1.58294e-21
xbiasa.pg                         -7.88145e-22
xbiasa.nbg                         3.40922e-22
xbiasa.pb                         -3.40922e-22
xbiasa.nkm                        -3.40922e-22
xbiasa.nokl                       -3.40922e-22
xbiasa.noko                       -2.27281e-22
xbiasa.nokx                                  0
xbiasa.n1                         -3.73571e-52
xbiasa.n2                         -3.00062e-25
oka                              -8.94324e-164
xbiasa.tok                        -6.14724e-28
xbiasa.nt                         -1.02049e-46
xbiasa.na                           3.794e-151
xbiasa.nbtop                      6.67218e-137
vrefa                             1.48578e-135
xbiasa.nb                         6.67218e-137
xbiasa.ec                         6.67219e-137
xbiasa.er                         1.48579e-135
xbiasa.nz                         -3.00063e-25
xbiasa.x47.11                     1.48578e-135
xbiasa.x47.21                     1.48578e-135
xbiasa.xr2__1                     1.48578e-135
xbiasa.xr2__2                     1.48578e-135
xbiasa.x48.11                     1.48578e-135
xbiasa.x48.21                     1.48578e-135
xbiasa.x49.11                     1.48578e-135
xbiasa.x49.21                     1.48578e-135
xbiasa.xr2__3                     1.48578e-135
xbiasa.xr2__4                     1.48578e-135
xbiasa.x50.11                     1.48578e-135
xbiasa.x50.21                     1.48578e-135
xbiasa.x51.11                     1.48578e-135
xbiasa.x51.21                     1.48578e-135
xbiasa.xr2__5                     1.48578e-135
xbiasa.xr2__6                     1.48578e-135
xbiasa.x52.11                     1.48578e-135
xbiasa.x52.21                     1.48578e-135
xbiasa.x53.11                     1.48578e-135
xbiasa.x53.21                     1.48578e-135
xbiasa.xr2__7                     1.48578e-135
xbiasa.xr2__8                     1.48578e-135
xbiasa.x54.11                     1.48578e-135
xbiasa.x54.21                     1.48578e-135
xbiasa.x55.11                     1.48578e-135
xbiasa.x55.21                     1.48578e-135
xbiasa.xr2__9                     1.48578e-135
xbiasa.xr2__10                    1.48578e-135
xbiasa.x56.11                     1.48578e-135
xbiasa.x56.21                     1.48578e-135
xbiasa.x57.11                     1.48578e-135
xbiasa.x57.21                     1.48578e-135
xbiasa.xr2__11                    1.48578e-135
xbiasa.xr2__12                    1.48579e-135
xbiasa.x58.11                     1.48579e-135
xbiasa.x58.21                     1.48578e-135
xbiasa.x59.11                     1.48579e-135
xbiasa.x59.21                     1.48579e-135
xbiasa.xr2__13                    1.48579e-135
xbiasa.xr2__14                    1.48579e-135
xbiasa.x60.11                     1.48579e-135
xbiasa.x60.21                     1.48579e-135
xbiasa.x61.11                     1.48579e-135
xbiasa.x61.21                     1.48579e-135
xbiasa.xr2__15                    1.48579e-135
xbiasa.x62.11                     1.48579e-135
xbiasa.x62.21                     1.48579e-135
xbiasa.x63.11                     -3.00063e-25
xbiasa.x63.21                     -3.00063e-25
xbiasa.xrz__1                     -3.00063e-25
xbiasa.xrz__2                     -3.00063e-25
xbiasa.x64.11                     -3.00063e-25
xbiasa.x64.21                     -3.00063e-25
xbiasa.x65.11                     -3.00063e-25
xbiasa.x65.21                     -3.00062e-25
xbiasa.xrz__3                     -3.00062e-25
xbiasa.x66.11                     -3.00062e-25
xbiasa.x66.21                     -3.00062e-25
xbiasa.x67.11                     6.67218e-137
xbiasa.x67.21                     6.67219e-137
xbiasa.xr1__1                     6.67219e-137
xbiasa.x68.11                     6.67219e-137
xbiasa.x68.21                     6.67219e-137
xbiasa.x69.11                     6.67218e-137
xbiasa.x69.21                     6.67218e-137
xbiasa.xrt__1                     6.67218e-137
xbiasa.x70.11                     6.67218e-137
xbiasa.x70.21                     6.67218e-137
xbiasa.n1__par                    -3.73571e-52
xbiasa.n2__par                    -3.00062e-25
xbiasa.nkm__par                   -3.40922e-22
xbiasa.tok__par                   -6.14724e-28
xbiasa.noko__par                  -2.27281e-22
xbiasa.nokl__par                  -3.40922e-22
xbiasa.nokx__par                             0
xbiasa.ks1__par                  -4.12152e-107
xbiasa.ks2__par                     1.5166e-85
xbiasa.ks3__par                    5.41489e-64
xbiasa.ks4__par                   -5.06987e-43
xbiasa.nkg__par                   -1.58294e-21
xbiasa.nb__par                    6.67218e-137
xbiasa.ec__par                    6.67219e-137
xbiasa.nz__par                    -3.00063e-25
xbiasa.xrz__2__par                -3.00063e-25
xbiasa.xr2__14__par               1.48579e-135
xbiasa.xr2__12__par               1.48579e-135
xbiasa.pg__par                    -7.88145e-22
xbiasa.xr2__10__par               1.48578e-135
xbiasa.xr2__8__par                1.48578e-135
xbiasa.xr2__6__par                1.48578e-135
xbiasa.xr2__4__par                1.48578e-135
xbiasa.xr2__2__par                1.48578e-135
xbiasa.na__par                      3.794e-151
xbiasa.er__par                    1.48579e-135
xbiasa.xrt__1__par                6.67218e-137
xbiasa.nbtop__par                 6.67218e-137
xbiasa.xr1__1__par                6.67219e-137
xbiasa.xrz__3__par                -3.00062e-25
xbiasa.xrz__1__par                -3.00063e-25
xbiasa.xr2__13__par               1.48579e-135
xbiasa.xr2__11__par               1.48578e-135
xbiasa.xr2__1__par                1.48578e-135
xbiasa.xr2__3__par                1.48578e-135
xbiasa.xr2__5__par                1.48578e-135
xbiasa.xr2__7__par                1.48578e-135
xbiasa.xr2__9__par                1.48578e-135
xbiasa.xr2__15__par               1.48579e-135
xbiasa.nbg__par                    3.40922e-22
xbiasa.pb__par                    -3.40922e-22
xbiasa.nt__par                    -1.02049e-46
xbiasa.bias_ok__par              -8.94324e-164
xbiasa.ibias__par                  2.23358e-22
xbiasa.vdd__par                              0
xbiasa.vref__par                  1.48578e-135
xbiasa.vss__par                              0
xtempa.pg                         -5.14198e-22
xtempa.nz                         -3.35696e-26
xtempa.n1                         -6.71392e-27
xtempa.n2                         -3.35696e-26
xtempa.nbg                        -9.90323e-43
xtempa.enb                        4.76953e-187
xtempa.pb                        -1.37087e-142
xtempa.pcas                      -3.26276e-217
xtempa.nd                         3.07996e-119
xtempa.nr                         7.65135e-121
ptata                            -3.41335e-145
ctata                             -1.60866e-78
xtempa.nt                         -1.34278e-26
xtempa.t5                        -4.98208e-146
xtempa.t4                        -2.45789e-146
xtempa.t3                        -1.19419e-146
xtempa.t2                        -5.60737e-147
xtempa.t1                        -2.42464e-147
xtempa.t0                        -8.18897e-148
xtempa.na                         -1.60866e-78
xtempa.nb                        -1.19384e-103
xtempa.m1d                         2.24678e-77
xtempa.m2d                         7.7044e-102
xtempa.m3d                        5.64605e-138
xtempa.nc                        -1.19384e-103
xtempa.x65.11                    -1.19384e-103
xtempa.x65.21                    -1.19384e-103
xtempa.xr1__1                    -1.19384e-103
xtempa.x66.11                    -1.19384e-103
xtempa.x66.21                    -1.19384e-103
xtempa.x67.11                     -1.60866e-78
xtempa.x67.21                     -1.60866e-78
xtempa.xriso__1                   -1.60866e-78
xtempa.x68.11                     -1.60866e-78
xtempa.x68.21                     -1.60866e-78
xtempa.x69.11                     -3.35696e-26
xtempa.x69.21                     -3.35696e-26
xtempa.xrz__1                     -3.35696e-26
xtempa.xrz__2                     -3.35696e-26
xtempa.x70.11                     -3.35696e-26
xtempa.x70.21                     -3.35696e-26
xtempa.x71.11                     -3.35696e-26
xtempa.x71.21                     -3.35696e-26
xtempa.xrz__3                     -3.35696e-26
xtempa.xrz__4                     -3.35696e-26
xtempa.x72.11                     -3.35696e-26
xtempa.x72.21                     -3.35696e-26
xtempa.x73.11                     -3.35696e-26
xtempa.x73.21                     -3.35696e-26
xtempa.xrz__5                     -3.35696e-26
xtempa.xrz__6                     -3.35696e-26
xtempa.x74.11                     -3.35696e-26
xtempa.x74.21                     -3.35696e-26
xtempa.x75.11                     -3.35696e-26
xtempa.x75.21                     -3.35696e-26
xtempa.xrz__7                     -3.35696e-26
xtempa.xrz__8                     -3.35696e-26
xtempa.x76.11                     -3.35696e-26
xtempa.x76.21                     -3.35696e-26
xtempa.x77.11                     -3.35696e-26
xtempa.x77.21                     -3.35696e-26
xtempa.xrz__9                     -3.35696e-26
xtempa.x78.11                     -3.35696e-26
xtempa.x78.21                     -3.35696e-26
xtempa.x79.11                    -3.41318e-145
xtempa.x79.21                    -3.29206e-145
xtempa.xr2f__1                   -3.29189e-145
xtempa.xr2f__2                   -3.17042e-145
xtempa.x80.11                    -3.17059e-145
xtempa.x80.21                    -3.29171e-145
xtempa.x81.11                    -3.17025e-145
xtempa.x81.21                    -3.04913e-145
xtempa.xr2f__3                   -3.04896e-145
xtempa.xr2f__4                   -2.92749e-145
xtempa.x82.11                    -2.92766e-145
xtempa.x82.21                    -3.04879e-145
xtempa.x83.11                    -2.92732e-145
xtempa.x83.21                     -2.8062e-145
xtempa.xr2f__5                   -2.80603e-145
xtempa.xr2f__6                   -2.68456e-145
xtempa.x84.11                    -2.68473e-145
xtempa.x84.21                    -2.80586e-145
xtempa.x85.11                    -2.68439e-145
xtempa.x85.21                    -2.56327e-145
xtempa.xr2f__7                    -2.5631e-145
xtempa.xr2f__8                   -2.44164e-145
xtempa.x86.11                    -2.44181e-145
xtempa.x86.21                    -2.56293e-145
xtempa.x87.11                    -2.44147e-145
xtempa.x87.21                    -2.32034e-145
xtempa.xr2f__9                   -2.32017e-145
xtempa.xr2f__10                  -2.19871e-145
xtempa.x88.11                    -2.19888e-145
xtempa.x88.21                       -2.32e-145
xtempa.x89.11                    -2.19854e-145
xtempa.x89.21                    -2.07741e-145
xtempa.xr2f__11                  -2.07724e-145
xtempa.xr2f__12                  -1.95578e-145
xtempa.x90.11                    -1.95595e-145
xtempa.x90.21                    -2.07707e-145
xtempa.x91.11                    -1.95561e-145
xtempa.x91.21                    -1.83449e-145
xtempa.xr2f__13                  -1.83431e-145
xtempa.xr2f__14                  -1.71285e-145
xtempa.x92.11                    -1.71302e-145
xtempa.x92.21                    -1.83414e-145
xtempa.x93.11                    -1.71268e-145
xtempa.x93.21                    -1.59156e-145
xtempa.xr2f__15                  -1.59139e-145
xtempa.xr2f__16                  -1.46992e-145
xtempa.x94.11                    -1.47009e-145
xtempa.x94.21                    -1.59122e-145
xtempa.x95.11                    -1.46975e-145
xtempa.x95.21                    -1.34863e-145
xtempa.xr2f__17                  -1.34846e-145
xtempa.xr2f__18                  -1.22699e-145
xtempa.x96.11                    -1.22716e-145
xtempa.x96.21                    -1.34829e-145
xtempa.x97.11                    -1.22682e-145
xtempa.x97.21                     -1.1057e-145
xtempa.xr2f__19                  -1.10553e-145
xtempa.xr2f__20                  -9.84065e-146
xtempa.x98.11                    -9.84236e-146
xtempa.x98.21                    -1.10536e-145
xtempa.x99.11                    -9.83894e-146
xtempa.x99.21                    -8.62771e-146
xtempa.xr2f__21                  -8.62601e-146
xtempa.xr2f__22                  -7.41137e-146
xtempa.x100.11                   -7.41307e-146
xtempa.x100.21                    -8.6243e-146
xtempa.x101.11                   -7.40966e-146
xtempa.x101.21                   -6.19843e-146
xtempa.xr2f__23                  -6.19672e-146
xtempa.x102.11                   -4.98379e-146
xtempa.x102.21                   -6.19502e-146
xtempa.x103.11                   -4.98038e-146
xtempa.x103.21                   -3.72169e-146
xtempa.xr2t5__1                  -3.71998e-146
xtempa.x104.11                   -2.45959e-146
xtempa.x104.21                   -3.71828e-146
xtempa.x105.11                   -2.45618e-146
xtempa.x105.21                   -1.82774e-146
xtempa.xr2t4__1                  -1.82604e-146
xtempa.x106.11                   -1.19589e-146
xtempa.x106.21                   -1.82433e-146
xtempa.x107.11                   -1.19248e-146
xtempa.x107.21                   -8.79168e-147
xtempa.xr2t3__1                  -8.77463e-147
xtempa.x108.11                   -5.62443e-147
xtempa.x108.21                   -8.75757e-147
xtempa.x109.11                   -5.59032e-147
xtempa.x109.21                   -4.03306e-147
xtempa.xr2t2__1                  -4.01601e-147
xtempa.x110.11                    -2.4417e-147
xtempa.x110.21                   -3.99895e-147
xtempa.x111.11                   -2.40759e-147
xtempa.x111.21                   -1.63883e-147
xtempa.xr2t1__1                  -1.62177e-147
xtempa.x112.11                   -8.35953e-148
xtempa.x112.21                   -1.60471e-147
xtempa.x113.11                   -8.01842e-148
xtempa.x113.21                   -4.26504e-148
xtempa.xr2t0__1                  -4.09449e-148
xtempa.x114.11                   -1.70555e-149
xtempa.x114.21                   -3.92393e-148
xtempa.xrz__2__par                -3.35696e-26
xtempa.xrz__4__par                -3.35696e-26
xtempa.xrz__6__par                -3.35696e-26
xtempa.xrz__8__par                -3.35696e-26
xtempa.xr2f__2__par              -3.17042e-145
xtempa.xr2f__4__par              -2.92749e-145
xtempa.xr2f__6__par              -2.68456e-145
xtempa.xr2f__8__par              -2.44164e-145
xtempa.xr2f__10__par             -2.19871e-145
xtempa.xr2f__12__par             -1.95578e-145
xtempa.xr2f__14__par             -1.71285e-145
xtempa.xr2f__16__par             -1.46992e-145
xtempa.xr2f__18__par             -1.22699e-145
xtempa.xr2f__20__par             -9.84065e-146
xtempa.xr2f__22__par             -7.41137e-146
xtempa.xr2t0__1__par             -4.09449e-148
xtempa.xr2t1__1__par             -1.62177e-147
xtempa.xr2t2__1__par             -4.01601e-147
xtempa.xr2t3__1__par             -8.77463e-147
xtempa.xriso__1__par              -1.60866e-78
xtempa.xr2t4__1__par             -1.82604e-146
xtempa.xr1__1__par               -1.19384e-103
xtempa.xrz__1__par                -3.35696e-26
xtempa.xrz__3__par                -3.35696e-26
xtempa.xrz__5__par                -3.35696e-26
xtempa.xrz__7__par                -3.35696e-26
xtempa.xrz__9__par                -3.35696e-26
xtempa.xr2f__1__par              -3.29189e-145
xtempa.xr2f__3__par              -3.04896e-145
xtempa.xr2f__5__par              -2.80603e-145
xtempa.xr2f__7__par               -2.5631e-145
xtempa.xr2f__9__par              -2.32017e-145
xtempa.xr2f__11__par             -2.07724e-145
xtempa.xr2f__13__par             -1.83431e-145
xtempa.xr2f__15__par             -1.59139e-145
xtempa.xr2f__17__par             -1.34846e-145
xtempa.xr2f__19__par             -1.10553e-145
xtempa.xr2f__21__par             -8.62601e-146
xtempa.xr2f__23__par             -6.19672e-146
xtempa.xr2t5__1__par             -3.71998e-146
xtempa.ctat__par                  -1.60866e-78
xtempa.en__par                               0
xtempa.enb__par                   4.76953e-187
xtempa.ibias__par                  2.23358e-22
xtempa.m1d__par                    2.24678e-77
xtempa.m2d__par                    7.7044e-102
xtempa.m3d__par                   5.64605e-138
xtempa.n1__par                    -6.71392e-27
xtempa.n2__par                    -3.35696e-26
xtempa.na__par                    -1.60866e-78
xtempa.nb__par                   -1.19384e-103
xtempa.nbg__par                   -9.90323e-43
xtempa.nc__par                   -1.19384e-103
xtempa.nd__par                    3.07996e-119
xtempa.nr__par                    7.65135e-121
xtempa.nt__par                    -1.34278e-26
xtempa.nz__par                    -3.35696e-26
xtempa.pb__par                   -1.37087e-142
xtempa.pcas__par                 -3.26276e-217
xtempa.pg__par                    -5.14198e-22
xtempa.ptat__par                 -3.41335e-145
xtempa.t0__par                   -8.18897e-148
xtempa.t1__par                   -2.42464e-147
xtempa.t2__par                   -5.60737e-147
xtempa.t3__par                   -1.19419e-146
xtempa.t4__par                   -2.45789e-146
xtempa.t5__par                   -4.98208e-146
xtempa.vdd__par                              0
xtempa.vss__par                              0
xcmpa.tn                           4.83353e-40
xcmpa.nbg                         -9.90323e-43
xcmpa.bias_okb                   -5.14296e-134
xcmpa.n1                          -5.87597e-49
xcmpa.cmpo                         -2.4726e-40
por_rawa                            4.1698e-22
xcmpa.na                          -6.62346e-40
xcmpa.sns                                    0
xcmpa.snsb                                   0
xcmpa.vdda                         1.23237e-41
xcmpa.x19.11                                 0
xcmpa.x19.21                                 0
xcmpa.x20.11                                 0
xcmpa.x20.21                                 0
xcmpa.x21.11                                 0
xcmpa.x21.21                                 0
xcmpa.sns__par                               0
xcmpa.nbg__par                    -9.90323e-43
xcmpa.snsb__par                              0
xcmpa.vdda__par                    1.23237e-41
xcmpa.na__par                     -6.62346e-40
xcmpa.cmpo__par                    -2.4726e-40
xcmpa.n1__par                     -5.87597e-49
xcmpa.tn__par                      4.83353e-40
xcmpa.bias_ok__par               -8.94324e-164
xcmpa.bias_okb__par              -5.14296e-134
xcmpa.ibias__par                   2.23358e-22
xcmpa.por_raw__par                  4.1698e-22
xcmpa.vdd__par                               0
xcmpa.vref__par                   1.48578e-135
xcmpa.vss__par                               0
xpora.pdn                          4.6558e-134
xpora.pgdgb                        9.47881e-70
xpora.pgdg                                   0
xpora.nd1                          -1.4926e-31
xpora.ndl                         -1.90359e-22
xpora.ndg                         -2.15142e-22
xpora.ndgn                         1.07392e-21
xpora.tim                          5.55818e-35
xpora.trip                       -5.84191e-115
resetna                            2.70226e-21
xpora.rstb                         4.91406e-32
xpora.nnand                       -8.97756e-32
xpora.nts                          8.46008e-34
xpora.ndgp                         -2.3633e-23
xpora.ndgn__par                    1.07392e-21
xpora.ndg__par                    -2.15142e-22
xpora.pgdg__par                              0
xpora.tim__par                     5.55818e-35
xpora.trip__par                  -5.84191e-115
xpora.nnand__par                  -8.97756e-32
xpora.ndgp__par                    -2.3633e-23
xpora.rstb__par                    4.91406e-32
xpora.pdn__par                     4.6558e-134
xpora.ndl__par                    -1.90359e-22
xpora.pgdgb__par                   9.47881e-70
xpora.nd1__par                     -1.4926e-31
xpora.nts__par                     8.46008e-34
xpora.ibias__par                   2.23358e-22
xpora.por_raw__par                  4.1698e-22
xpora.resetn__par                  2.70226e-21
xpora.vdd__par                               0
xpora.vss__par                               0
vddb                                         0
enb                                          0
nbcoreb                            2.23358e-22
shareb                             2.23358e-22
nibtmpb                            2.23358e-22
nibcmpb                            2.23358e-22
nibporb                            2.23358e-22
xbiasb.ks1                        4.12152e-107
xbiasb.ks2                         -1.5166e-85
xbiasb.ks3                        -5.41489e-64
xbiasb.ks4                         5.06987e-43
xbiasb.nkg                         1.58294e-21
xbiasb.pg                         -7.88145e-22
xbiasb.nbg                         3.40922e-22
xbiasb.pb                         -3.40922e-22
xbiasb.nkm                        -3.40922e-22
xbiasb.nokl                       -3.40922e-22
xbiasb.noko                       -2.27281e-22
xbiasb.nokx                                  0
xbiasb.n1                         -1.21043e-69
xbiasb.n2                         -3.00063e-25
okb                              -8.81073e-164
xbiasb.tok                        -6.14724e-28
xbiasb.nt                         -2.33754e-47
xbiasb.na                         8.15695e-148
xbiasb.nbtop                      4.43233e-137
vrefb                            -1.75907e-135
xbiasb.nb                         4.43233e-137
xbiasb.ec                         4.43234e-137
xbiasb.er                        -1.75909e-135
xbiasb.nz                         -3.00065e-25
xbiasb.x47.11                    -1.75907e-135
xbiasb.x47.21                    -1.75907e-135
xbiasb.xr2__1                    -1.75907e-135
xbiasb.xr2__2                    -1.75907e-135
xbiasb.x48.11                    -1.75907e-135
xbiasb.x48.21                    -1.75907e-135
xbiasb.x49.11                    -1.75907e-135
xbiasb.x49.21                    -1.75907e-135
xbiasb.xr2__3                    -1.75907e-135
xbiasb.xr2__4                    -1.75907e-135
xbiasb.x50.11                    -1.75907e-135
xbiasb.x50.21                    -1.75907e-135
xbiasb.x51.11                    -1.75907e-135
xbiasb.x51.21                    -1.75907e-135
xbiasb.xr2__5                    -1.75907e-135
xbiasb.xr2__6                    -1.75908e-135
xbiasb.x52.11                    -1.75908e-135
xbiasb.x52.21                    -1.75907e-135
xbiasb.x53.11                    -1.75908e-135
xbiasb.x53.21                    -1.75908e-135
xbiasb.xr2__7                    -1.75908e-135
xbiasb.xr2__8                    -1.75908e-135
xbiasb.x54.11                    -1.75908e-135
xbiasb.x54.21                    -1.75908e-135
xbiasb.x55.11                    -1.75908e-135
xbiasb.x55.21                    -1.75908e-135
xbiasb.xr2__9                    -1.75908e-135
xbiasb.xr2__10                   -1.75908e-135
xbiasb.x56.11                    -1.75908e-135
xbiasb.x56.21                    -1.75908e-135
xbiasb.x57.11                    -1.75908e-135
xbiasb.x57.21                    -1.75908e-135
xbiasb.xr2__11                   -1.75908e-135
xbiasb.xr2__12                   -1.75908e-135
xbiasb.x58.11                    -1.75908e-135
xbiasb.x58.21                    -1.75908e-135
xbiasb.x59.11                    -1.75908e-135
xbiasb.x59.21                    -1.75908e-135
xbiasb.xr2__13                   -1.75908e-135
xbiasb.xr2__14                   -1.75908e-135
xbiasb.x60.11                    -1.75908e-135
xbiasb.x60.21                    -1.75908e-135
xbiasb.x61.11                    -1.75908e-135
xbiasb.x61.21                    -1.75908e-135
xbiasb.xr2__15                   -1.75908e-135
xbiasb.x62.11                    -1.75909e-135
xbiasb.x62.21                    -1.75908e-135
xbiasb.x63.11                     -3.00065e-25
xbiasb.x63.21                     -3.00064e-25
xbiasb.xrz__1                     -3.00064e-25
xbiasb.xrz__2                     -3.00064e-25
xbiasb.x64.11                     -3.00064e-25
xbiasb.x64.21                     -3.00064e-25
xbiasb.x65.11                     -3.00064e-25
xbiasb.x65.21                     -3.00064e-25
xbiasb.xrz__3                     -3.00064e-25
xbiasb.x66.11                     -3.00063e-25
xbiasb.x66.21                     -3.00064e-25
xbiasb.x67.11                     4.43233e-137
xbiasb.x67.21                     4.43233e-137
xbiasb.xr1__1                     4.43233e-137
xbiasb.x68.11                     4.43234e-137
xbiasb.x68.21                     4.43233e-137
xbiasb.x69.11                     4.43233e-137
xbiasb.x69.21                     4.43233e-137
xbiasb.xrt__1                     4.43233e-137
xbiasb.x70.11                     4.43233e-137
xbiasb.x70.21                     4.43233e-137
xbiasb.n1__par                    -1.21043e-69
xbiasb.n2__par                    -3.00063e-25
xbiasb.nkm__par                   -3.40922e-22
xbiasb.tok__par                   -6.14724e-28
xbiasb.noko__par                  -2.27281e-22
xbiasb.nokl__par                  -3.40922e-22
xbiasb.nokx__par                             0
xbiasb.ks1__par                   4.12152e-107
xbiasb.ks2__par                    -1.5166e-85
xbiasb.ks3__par                   -5.41489e-64
xbiasb.ks4__par                    5.06987e-43
xbiasb.nkg__par                    1.58294e-21
xbiasb.nb__par                    4.43233e-137
xbiasb.ec__par                    4.43234e-137
xbiasb.nz__par                    -3.00065e-25
xbiasb.xrz__2__par                -3.00064e-25
xbiasb.xr2__14__par              -1.75908e-135
xbiasb.xr2__12__par              -1.75908e-135
xbiasb.pg__par                    -7.88145e-22
xbiasb.xr2__10__par              -1.75908e-135
xbiasb.xr2__8__par               -1.75908e-135
xbiasb.xr2__6__par               -1.75908e-135
xbiasb.xr2__4__par               -1.75907e-135
xbiasb.xr2__2__par               -1.75907e-135
xbiasb.na__par                    8.15695e-148
xbiasb.er__par                   -1.75909e-135
xbiasb.xrt__1__par                4.43233e-137
xbiasb.nbtop__par                 4.43233e-137
xbiasb.xr1__1__par                4.43233e-137
xbiasb.xrz__3__par                -3.00064e-25
xbiasb.xrz__1__par                -3.00064e-25
xbiasb.xr2__13__par              -1.75908e-135
xbiasb.xr2__11__par              -1.75908e-135
xbiasb.xr2__1__par               -1.75907e-135
xbiasb.xr2__3__par               -1.75907e-135
xbiasb.xr2__5__par               -1.75907e-135
xbiasb.xr2__7__par               -1.75908e-135
xbiasb.xr2__9__par               -1.75908e-135
xbiasb.xr2__15__par              -1.75908e-135
xbiasb.nbg__par                    3.40922e-22
xbiasb.pb__par                    -3.40922e-22
xbiasb.nt__par                    -2.33754e-47
xbiasb.bias_ok__par              -8.81073e-164
xbiasb.ibias__par                  2.23358e-22
xbiasb.vdd__par                              0
xbiasb.vref__par                 -1.75907e-135
xbiasb.vss__par                              0
xtempb.pg                         -5.14198e-22
xtempb.nz                         -3.35698e-26
xtempb.n1                         -6.71395e-27
xtempb.n2                         -3.35698e-26
xtempb.nbg                        -9.90323e-43
xtempb.enb                        4.76953e-187
xtempb.pb                        -1.37075e-142
xtempb.pcas                      -3.26276e-217
xtempb.nd                          8.9634e-119
xtempb.nr                         7.65097e-121
ptatb                            -3.40316e-145
ctatb                              5.79904e-79
xtempb.nt                         -1.34279e-26
xtempb.t5                         -4.9672e-146
xtempb.t4                        -2.45055e-146
xtempb.t3                        -1.19062e-146
xtempb.t2                        -5.59063e-147
xtempb.t1                         -2.4174e-147
xtempb.t0                        -8.16452e-148
xtempb.na                          5.79904e-79
xtempb.nb                          5.2365e-106
xtempb.m1d                        -8.21284e-78
xtempb.m2d                       -3.37934e-104
xtempb.m3d                        5.62919e-138
xtempb.nc                          5.2365e-106
xtempb.x65.11                      5.2365e-106
xtempb.x65.21                      5.2365e-106
xtempb.xr1__1                      5.2365e-106
xtempb.x66.11                      5.2365e-106
xtempb.x66.21                      5.2365e-106
xtempb.x67.11                      5.79904e-79
xtempb.x67.21                      5.79904e-79
xtempb.xriso__1                    5.79904e-79
xtempb.x68.11                      5.79904e-79
xtempb.x68.21                      5.79904e-79
xtempb.x69.11                     -3.35698e-26
xtempb.x69.21                     -3.35698e-26
xtempb.xrz__1                     -3.35698e-26
xtempb.xrz__2                     -3.35698e-26
xtempb.x70.11                     -3.35698e-26
xtempb.x70.21                     -3.35698e-26
xtempb.x71.11                     -3.35698e-26
xtempb.x71.21                     -3.35698e-26
xtempb.xrz__3                     -3.35698e-26
xtempb.xrz__4                     -3.35698e-26
xtempb.x72.11                     -3.35698e-26
xtempb.x72.21                     -3.35698e-26
xtempb.x73.11                     -3.35698e-26
xtempb.x73.21                     -3.35698e-26
xtempb.xrz__5                     -3.35698e-26
xtempb.xrz__6                     -3.35698e-26
xtempb.x74.11                     -3.35698e-26
xtempb.x74.21                     -3.35698e-26
xtempb.x75.11                     -3.35698e-26
xtempb.x75.21                     -3.35698e-26
xtempb.xrz__7                     -3.35698e-26
xtempb.xrz__8                     -3.35698e-26
xtempb.x76.11                     -3.35698e-26
xtempb.x76.21                     -3.35698e-26
xtempb.x77.11                     -3.35698e-26
xtempb.x77.21                     -3.35698e-26
xtempb.xrz__9                     -3.35698e-26
xtempb.x78.11                     -3.35698e-26
xtempb.x78.21                     -3.35698e-26
xtempb.x79.11                    -3.40299e-145
xtempb.x79.21                    -3.28223e-145
xtempb.xr2f__1                   -3.28206e-145
xtempb.xr2f__2                   -3.16095e-145
xtempb.x80.11                    -3.16112e-145
xtempb.x80.21                    -3.28189e-145
xtempb.x81.11                    -3.16078e-145
xtempb.x81.21                    -3.04002e-145
xtempb.xr2f__3                   -3.03985e-145
xtempb.xr2f__4                   -2.91875e-145
xtempb.x82.11                    -2.91892e-145
xtempb.x82.21                    -3.03968e-145
xtempb.x83.11                    -2.91858e-145
xtempb.x83.21                    -2.79782e-145
xtempb.xr2f__5                   -2.79765e-145
xtempb.xr2f__6                   -2.67655e-145
xtempb.x84.11                    -2.67672e-145
xtempb.x84.21                    -2.79748e-145
xtempb.x85.11                    -2.67638e-145
xtempb.x85.21                    -2.55562e-145
xtempb.xr2f__7                   -2.55545e-145
xtempb.xr2f__8                   -2.43434e-145
xtempb.x86.11                    -2.43451e-145
xtempb.x86.21                    -2.55528e-145
xtempb.x87.11                    -2.43417e-145
xtempb.x87.21                    -2.31341e-145
xtempb.xr2f__9                   -2.31324e-145
xtempb.xr2f__10                  -2.19214e-145
xtempb.x88.11                    -2.19231e-145
xtempb.x88.21                    -2.31307e-145
xtempb.x89.11                    -2.19197e-145
xtempb.x89.21                    -2.07121e-145
xtempb.xr2f__11                  -2.07104e-145
xtempb.xr2f__12                  -1.94994e-145
xtempb.x90.11                    -1.95011e-145
xtempb.x90.21                    -2.07087e-145
xtempb.x91.11                    -1.94977e-145
xtempb.x91.21                    -1.82901e-145
xtempb.xr2f__13                  -1.82884e-145
xtempb.xr2f__14                  -1.70774e-145
xtempb.x92.11                    -1.70791e-145
xtempb.x92.21                    -1.82867e-145
xtempb.x93.11                    -1.70757e-145
xtempb.x93.21                     -1.5868e-145
xtempb.xr2f__15                  -1.58663e-145
xtempb.xr2f__16                  -1.46553e-145
xtempb.x94.11                     -1.4657e-145
xtempb.x94.21                    -1.58646e-145
xtempb.x95.11                    -1.46536e-145
xtempb.x95.21                     -1.3446e-145
xtempb.xr2f__17                  -1.34443e-145
xtempb.xr2f__18                  -1.22333e-145
xtempb.x96.11                     -1.2235e-145
xtempb.x96.21                    -1.34426e-145
xtempb.x97.11                    -1.22316e-145
xtempb.x97.21                     -1.1024e-145
xtempb.xr2f__19                  -1.10223e-145
xtempb.xr2f__20                  -9.81126e-146
xtempb.x98.11                    -9.81297e-146
xtempb.x98.21                    -1.10206e-145
xtempb.x99.11                    -9.80956e-146
xtempb.x99.21                    -8.60195e-146
xtempb.xr2f__21                  -8.60025e-146
xtempb.xr2f__22                  -7.38923e-146
xtempb.x100.11                   -7.39093e-146
xtempb.x100.21                   -8.59855e-146
xtempb.x101.11                   -7.38753e-146
xtempb.x101.21                   -6.17992e-146
xtempb.xr2f__23                  -6.17822e-146
xtempb.x102.11                    -4.9689e-146
xtempb.x102.21                   -6.17652e-146
xtempb.x103.11                    -4.9655e-146
xtempb.x103.21                   -3.71058e-146
xtempb.xr2t5__1                  -3.70888e-146
xtempb.x104.11                   -2.45225e-146
xtempb.x104.21                   -3.70717e-146
xtempb.x105.11                   -2.44885e-146
xtempb.x105.21                   -1.82229e-146
xtempb.xr2t4__1                  -1.82058e-146
xtempb.x106.11                   -1.19232e-146
xtempb.x106.21                   -1.81888e-146
xtempb.x107.11                   -1.18892e-146
xtempb.x107.21                   -8.76543e-147
xtempb.xr2t3__1                  -8.74843e-147
xtempb.x108.11                   -5.60763e-147
xtempb.x108.21                   -8.73142e-147
xtempb.x109.11                   -5.57362e-147
xtempb.x109.21                   -4.02102e-147
xtempb.xr2t2__1                  -4.00402e-147
xtempb.x110.11                   -2.43441e-147
xtempb.x110.21                   -3.98701e-147
xtempb.x111.11                    -2.4004e-147
xtempb.x111.21                   -1.63393e-147
xtempb.xr2t1__1                  -1.61693e-147
xtempb.x112.11                   -8.33456e-148
xtempb.x112.21                   -1.59992e-147
xtempb.x113.11                   -7.99447e-148
xtempb.x113.21                    -4.2523e-148
xtempb.xr2t0__1                  -4.08226e-148
xtempb.x114.11                   -1.70045e-149
xtempb.x114.21                   -3.91221e-148
xtempb.xrz__2__par                -3.35698e-26
xtempb.xrz__4__par                -3.35698e-26
xtempb.xrz__6__par                -3.35698e-26
xtempb.xrz__8__par                -3.35698e-26
xtempb.xr2f__2__par              -3.16095e-145
xtempb.xr2f__4__par              -2.91875e-145
xtempb.xr2f__6__par              -2.67655e-145
xtempb.xr2f__8__par              -2.43434e-145
xtempb.xr2f__10__par             -2.19214e-145
xtempb.xr2f__12__par             -1.94994e-145
xtempb.xr2f__14__par             -1.70774e-145
xtempb.xr2f__16__par             -1.46553e-145
xtempb.xr2f__18__par             -1.22333e-145
xtempb.xr2f__20__par             -9.81126e-146
xtempb.xr2f__22__par             -7.38923e-146
xtempb.xr2t0__1__par             -4.08226e-148
xtempb.xr2t1__1__par             -1.61693e-147
xtempb.xr2t2__1__par             -4.00402e-147
xtempb.xr2t3__1__par             -8.74843e-147
xtempb.xriso__1__par               5.79904e-79
xtempb.xr2t4__1__par             -1.82058e-146
xtempb.xr1__1__par                 5.2365e-106
xtempb.xrz__1__par                -3.35698e-26
xtempb.xrz__3__par                -3.35698e-26
xtempb.xrz__5__par                -3.35698e-26
xtempb.xrz__7__par                -3.35698e-26
xtempb.xrz__9__par                -3.35698e-26
xtempb.xr2f__1__par              -3.28206e-145
xtempb.xr2f__3__par              -3.03985e-145
xtempb.xr2f__5__par              -2.79765e-145
xtempb.xr2f__7__par              -2.55545e-145
xtempb.xr2f__9__par              -2.31324e-145
xtempb.xr2f__11__par             -2.07104e-145
xtempb.xr2f__13__par             -1.82884e-145
xtempb.xr2f__15__par             -1.58663e-145
xtempb.xr2f__17__par             -1.34443e-145
xtempb.xr2f__19__par             -1.10223e-145
xtempb.xr2f__21__par             -8.60025e-146
xtempb.xr2f__23__par             -6.17822e-146
xtempb.xr2t5__1__par             -3.70888e-146
xtempb.ctat__par                   5.79904e-79
xtempb.en__par                               0
xtempb.enb__par                   4.76953e-187
xtempb.ibias__par                  2.23358e-22
xtempb.m1d__par                   -8.21284e-78
xtempb.m2d__par                  -3.37934e-104
xtempb.m3d__par                   5.62919e-138
xtempb.n1__par                    -6.71395e-27
xtempb.n2__par                    -3.35698e-26
xtempb.na__par                     5.79904e-79
xtempb.nb__par                     5.2365e-106
xtempb.nbg__par                   -9.90323e-43
xtempb.nc__par                     5.2365e-106
xtempb.nd__par                     8.9634e-119
xtempb.nr__par                    7.65097e-121
xtempb.nt__par                    -1.34279e-26
xtempb.nz__par                    -3.35698e-26
xtempb.pb__par                   -1.37075e-142
xtempb.pcas__par                 -3.26276e-217
xtempb.pg__par                    -5.14198e-22
xtempb.ptat__par                 -3.40316e-145
xtempb.t0__par                   -8.16452e-148
xtempb.t1__par                    -2.4174e-147
xtempb.t2__par                   -5.59063e-147
xtempb.t3__par                   -1.19062e-146
xtempb.t4__par                   -2.45055e-146
xtempb.t5__par                    -4.9672e-146
xtempb.vdd__par                              0
xtempb.vss__par                              0
xcmpb.tn                           4.83662e-40
xcmpb.nbg                         -9.90323e-43
xcmpb.bias_okb                     -2.594e-134
xcmpb.n1                          -5.87535e-49
xcmpb.cmpo                        -2.47461e-40
por_rawb                           -1.0659e-21
xcmpb.na                          -6.62726e-40
xcmpb.sns                                    0
xcmpb.snsb                                   0
xcmpb.vdda                         1.22692e-41
xcmpb.x19.11                                 0
xcmpb.x19.21                                 0
xcmpb.x20.11                                 0
xcmpb.x20.21                                 0
xcmpb.x21.11                                 0
xcmpb.x21.21                                 0
xcmpb.sns__par                               0
xcmpb.nbg__par                    -9.90323e-43
xcmpb.snsb__par                              0
xcmpb.vdda__par                    1.22692e-41
xcmpb.na__par                     -6.62726e-40
xcmpb.cmpo__par                   -2.47461e-40
xcmpb.n1__par                     -5.87535e-49
xcmpb.tn__par                      4.83662e-40
xcmpb.bias_ok__par               -8.81073e-164
xcmpb.bias_okb__par                -2.594e-134
xcmpb.ibias__par                   2.23358e-22
xcmpb.por_raw__par                 -1.0659e-21
xcmpb.vdd__par                               0
xcmpb.vref__par                  -1.75907e-135
xcmpb.vss__par                               0
xporb.pdn                         4.65963e-134
xporb.pgdgb                       -8.46116e-70
xporb.pgdg                                   0
xporb.nd1                         -1.12516e-31
xporb.ndl                         -1.90359e-22
xporb.ndg                         -2.18122e-22
xporb.ndgn                         1.08377e-21
xporb.tim                           1.0589e-34
xporb.trip                        5.33982e-117
resetnb                            5.71124e-21
xporb.rstb                         3.76914e-29
xporb.nnand                       -5.89547e-29
xporb.nts                          8.43601e-34
xporb.ndgp                        -2.33858e-23
xporb.ndgn__par                    1.08377e-21
xporb.ndg__par                    -2.18122e-22
xporb.pgdg__par                              0
xporb.tim__par                      1.0589e-34
xporb.trip__par                   5.33982e-117
xporb.nnand__par                  -5.89547e-29
xporb.ndgp__par                   -2.33858e-23
xporb.rstb__par                    3.76914e-29
xporb.pdn__par                    4.65963e-134
xporb.ndl__par                    -1.90359e-22
xporb.pgdgb__par                  -8.46116e-70
xporb.nd1__par                    -1.12516e-31
xporb.nts__par                     8.43601e-34
xporb.ibias__par                   2.23358e-22
xporb.por_raw__par                 -1.0659e-21
xporb.resetn__par                  5.71124e-21
xporb.vdd__par                               0
xporb.vss__par                               0
vibporb#branch                    -1.28389e-33
vibcmpb#branch                     6.70096e-34
vibtmpb#branch                     4.46717e-34
vibcoreb#branch                    -1.6708e-34
venb#branch                                  0
vsupb#branch                       2.28796e-33
vibpora#branch                    -1.28389e-33
vibcmpa#branch                     6.70096e-34
vibtmpa#branch                     4.46717e-34
vibcorea#branch                    -1.6708e-34
vena#branch                                  0
vsupa#branch                      -1.04015e-33

 Reference value :  0.00000e+00
 Reference value :  2.01944e-05
 Reference value :  2.20163e-05
 Reference value :  2.25291e-05
 Reference value :  2.27673e-05
 Reference value :  2.44308e-05
 Reference value :  3.00789e-05
 Reference value :  3.89780e-05
 Reference value :  4.27988e-05
 Reference value :  4.75571e-05
 Reference value :  5.01829e-05
 Reference value :  5.07362e-05
 Reference value :  5.07527e-05
 Reference value :  5.08358e-05
 Reference value :  5.14180e-05
 Reference value :  5.22621e-05
 Reference value :  5.26349e-05
 Reference value :  5.33678e-05
 Reference value :  5.48481e-05
 Reference value :  5.98426e-05
 Reference value :  6.98216e-05
 Reference value :  7.04441e-05
 Reference value :  7.04962e-05
 Reference value :  7.20768e-05
 Reference value :  8.04987e-05
 Reference value :  8.08370e-05
 Reference value :  8.09210e-05
 Reference value :  8.34460e-05
 Reference value :  1.00106e-04
 Reference value :  1.05019e-04
 Reference value :  1.05212e-04
 Reference value :  1.05229e-04
 Reference value :  1.06543e-04
 Reference value :  1.06710e-04
 Reference value :  1.06808e-04
 Reference value :  1.09731e-04
 Reference value :  1.32044e-04
 Reference value :  1.33678e-04
 Reference value :  1.33748e-04
 Reference value :  1.36229e-04
 Reference value :  1.55047e-04
 Reference value :  1.56938e-04
 Reference value :  1.57021e-04
 Reference value :  1.59081e-04
 Reference value :  2.11986e-04
 Reference value :  4.83986e-04
No. of Data Rows : 1626
vib_a               =  7.11693e-01
vib_b               =  6.84408e-01
icore_a             =  3.14310e-07
icore_b             =  3.14393e-07
itmp_a              =  1.42560e-12
itmp_b              =  1.50597e-07
icmp_a              =  1.31927e-07
icmp_b              =  6.71441e-08
ipor_a              =  1.82382e-07
ipor_b              =  9.66521e-08
por_a               =  3.63000e+00
por_b               =  3.63000e+00
resetn_a            =  7.56477e-10
resetn_b            =  6.08549e-10
vdda                =  3.63000e+00
vddb                =  3.63000e+00
m_vibias_asserted_v = 7.1169260000e-01
m_vibias_released_v = 6.8440750000e-01
m_ibias_core_asserted_na = 3.1431040000e+02
m_ibias_core_released_na = 3.1439280000e+02
m_ibias_temp_asserted_na = 1.4255960000e-03
m_ibias_temp_released_na = 1.5059650000e+02
m_ibias_cmp_asserted_na = 1.3192670000e+02
m_ibias_cmp_released_na = 6.7144150000e+01
m_ibias_por_asserted_na = 1.8238230000e+02
m_ibias_por_released_na = 9.6652130000e+01
m_ibias_por_asserted_frac_nom = 3.6476460000e-01
m_ibias_por_released_frac_nom = 1.9330426000e-01
m_por_raw_asserted_droop_mv = 0.0000000000e+00
m_por_raw_released_droop_mv = 0.0000000000e+00
m_resetn_asserted_v = 7.5647650000e-10
m_resetn_released_v = 6.0854870000e-10
Note: Simulation executed from .control section 

Warning: m=xx on .subckt line will override multiplier m hierarchy!

