
Note: Compatibility modes selected: hs a


Circuit: * por-output-chain-ibias-sharing @ sf_27c_3.30v -- generated by sim/harness, do not edit

Doing analysis at TEMP = 27.000000 and TNOM = 27.000000

Using SPARSE 1.3 as Direct Linear Solver

Initial Transient Solution
--------------------------

Node                                   Voltage
----                                   -------
vdda                                         0
ena                                          0
nbcorea                           -3.75401e-21
sharea                            -3.75401e-21
nibtmpa                           -3.75401e-21
nibcmpa                           -3.75401e-21
nibpora                           -3.75401e-21
xbiasa.ks1                        -3.90516e-79
xbiasa.ks2                         4.88194e-78
xbiasa.ks3                        -6.06399e-77
xbiasa.ks4                         7.53193e-76
xbiasa.nkg                        -9.35521e-75
xbiasa.pg                          -2.3878e-78
xbiasa.nbg                         1.61275e-85
xbiasa.pb                          1.13859e-85
xbiasa.nkm                         1.67537e-93
xbiasa.nokl                        -1.3993e-45
xbiasa.noko                       -4.99453e-46
xbiasa.nokx                         3.6841e-44
xbiasa.n1                          -1.1942e-74
xbiasa.n2                         -1.19368e-74
oka                               -9.87238e-33
xbiasa.tok                         2.35898e-45
xbiasa.nt                          1.85178e-74
xbiasa.na                         -6.99847e-89
xbiasa.nbtop                      -2.88329e-97
vrefa                              7.65718e-86
xbiasa.nb                         -2.88329e-97
xbiasa.ec                          -2.8833e-97
xbiasa.er                          7.65709e-86
xbiasa.nz                         -1.19368e-74
xbiasa.x47.11                      7.65718e-86
xbiasa.x47.21                      7.65718e-86
xbiasa.xr2__1                      7.65718e-86
xbiasa.xr2__2                      7.65717e-86
xbiasa.x48.11                      7.65717e-86
xbiasa.x48.21                      7.65718e-86
xbiasa.x49.11                      7.65717e-86
xbiasa.x49.21                      7.65717e-86
xbiasa.xr2__3                      7.65717e-86
xbiasa.xr2__4                      7.65716e-86
xbiasa.x50.11                      7.65716e-86
xbiasa.x50.21                      7.65717e-86
xbiasa.x51.11                      7.65716e-86
xbiasa.x51.21                      7.65715e-86
xbiasa.xr2__5                      7.65715e-86
xbiasa.xr2__6                      7.65715e-86
xbiasa.x52.11                      7.65715e-86
xbiasa.x52.21                      7.65715e-86
xbiasa.x53.11                      7.65715e-86
xbiasa.x53.21                      7.65714e-86
xbiasa.xr2__7                      7.65714e-86
xbiasa.xr2__8                      7.65714e-86
xbiasa.x54.11                      7.65714e-86
xbiasa.x54.21                      7.65714e-86
xbiasa.x55.11                      7.65714e-86
xbiasa.x55.21                      7.65713e-86
xbiasa.xr2__9                      7.65713e-86
xbiasa.xr2__10                     7.65713e-86
xbiasa.x56.11                      7.65713e-86
xbiasa.x56.21                      7.65713e-86
xbiasa.x57.11                      7.65713e-86
xbiasa.x57.21                      7.65712e-86
xbiasa.xr2__11                     7.65712e-86
xbiasa.xr2__12                     7.65711e-86
xbiasa.x58.11                      7.65711e-86
xbiasa.x58.21                      7.65712e-86
xbiasa.x59.11                      7.65711e-86
xbiasa.x59.21                      7.65711e-86
xbiasa.xr2__13                     7.65711e-86
xbiasa.xr2__14                      7.6571e-86
xbiasa.x60.11                       7.6571e-86
xbiasa.x60.21                      7.65711e-86
xbiasa.x61.11                       7.6571e-86
xbiasa.x61.21                       7.6571e-86
xbiasa.xr2__15                      7.6571e-86
xbiasa.x62.11                      7.65709e-86
xbiasa.x62.21                       7.6571e-86
xbiasa.x63.11                     -1.19368e-74
xbiasa.x63.21                     -1.19368e-74
xbiasa.xrz__1                     -1.19368e-74
xbiasa.xrz__2                     -1.19368e-74
xbiasa.x64.11                     -1.19368e-74
xbiasa.x64.21                     -1.19368e-74
xbiasa.x65.11                     -1.19368e-74
xbiasa.x65.21                     -1.19368e-74
xbiasa.xrz__3                     -1.19368e-74
xbiasa.x66.11                     -1.19368e-74
xbiasa.x66.21                     -1.19368e-74
xbiasa.x67.11                     -2.88329e-97
xbiasa.x67.21                      -2.8833e-97
xbiasa.xr1__1                      -2.8833e-97
xbiasa.x68.11                      -2.8833e-97
xbiasa.x68.21                      -2.8833e-97
xbiasa.x69.11                     -2.88329e-97
xbiasa.x69.21                     -2.88329e-97
xbiasa.xrt__1                     -2.88329e-97
xbiasa.x70.11                     -2.88329e-97
xbiasa.x70.21                     -2.88329e-97
xbiasa.n1__par                     -1.1942e-74
xbiasa.n2__par                    -1.19368e-74
xbiasa.nkm__par                    1.67537e-93
xbiasa.tok__par                    2.35898e-45
xbiasa.noko__par                  -4.99453e-46
xbiasa.nokl__par                   -1.3993e-45
xbiasa.nokx__par                    3.6841e-44
xbiasa.ks1__par                   -3.90516e-79
xbiasa.ks2__par                    4.88194e-78
xbiasa.ks3__par                   -6.06399e-77
xbiasa.ks4__par                    7.53193e-76
xbiasa.nkg__par                   -9.35521e-75
xbiasa.nb__par                    -2.88329e-97
xbiasa.ec__par                     -2.8833e-97
xbiasa.nz__par                    -1.19368e-74
xbiasa.xrz__2__par                -1.19368e-74
xbiasa.xr2__14__par                 7.6571e-86
xbiasa.xr2__12__par                7.65711e-86
xbiasa.pg__par                     -2.3878e-78
xbiasa.xr2__10__par                7.65713e-86
xbiasa.xr2__8__par                 7.65714e-86
xbiasa.xr2__6__par                 7.65715e-86
xbiasa.xr2__4__par                 7.65716e-86
xbiasa.xr2__2__par                 7.65717e-86
xbiasa.na__par                    -6.99847e-89
xbiasa.er__par                     7.65709e-86
xbiasa.xrt__1__par                -2.88329e-97
xbiasa.nbtop__par                 -2.88329e-97
xbiasa.xr1__1__par                 -2.8833e-97
xbiasa.xrz__3__par                -1.19368e-74
xbiasa.xrz__1__par                -1.19368e-74
xbiasa.xr2__13__par                7.65711e-86
xbiasa.xr2__11__par                7.65712e-86
xbiasa.xr2__1__par                 7.65718e-86
xbiasa.xr2__3__par                 7.65717e-86
xbiasa.xr2__5__par                 7.65715e-86
xbiasa.xr2__7__par                 7.65714e-86
xbiasa.xr2__9__par                 7.65713e-86
xbiasa.xr2__15__par                 7.6571e-86
xbiasa.nbg__par                    1.61275e-85
xbiasa.pb__par                     1.13859e-85
xbiasa.nt__par                     1.85178e-74
xbiasa.bias_ok__par               -9.87238e-33
xbiasa.ibias__par                 -3.75401e-21
xbiasa.vdd__par                              0
xbiasa.vref__par                   7.65718e-86
xbiasa.vss__par                              0
xtempa.pg                          1.39225e-73
xtempa.nz                         -4.09895e-74
xtempa.n1                         -7.16582e-74
xtempa.n2                         -4.09895e-74
xtempa.nbg                        -2.61417e-21
xtempa.enb                        -6.57015e-71
xtempa.pb                          8.25274e-30
xtempa.pcas                        3.66919e-43
xtempa.nd                                    0
xtempa.nr                          2.18553e-76
ptata                              6.93951e-35
ctata                             -2.59888e-76
xtempa.nt                          1.60514e-73
xtempa.t5                          1.01334e-35
xtempa.t4                          5.00206e-36
xtempa.t3                          2.43244e-36
xtempa.t2                           1.1437e-36
xtempa.t1                          4.95498e-37
xtempa.t0                          1.67792e-37
xtempa.na                         -2.59888e-76
xtempa.nb                          -2.9407e-77
xtempa.m1d                        -3.83428e-75
xtempa.m2d                        -6.26789e-76
xtempa.m3d                         -4.0876e-29
xtempa.nc                          -2.9407e-77
xtempa.x65.11                      -2.9407e-77
xtempa.x65.21                      -2.9407e-77
xtempa.xr1__1                      -2.9407e-77
xtempa.x66.11                      -2.9407e-77
xtempa.x66.21                      -2.9407e-77
xtempa.x67.11                     -2.59888e-76
xtempa.x67.21                     -2.59888e-76
xtempa.xriso__1                   -2.59888e-76
xtempa.x68.11                     -2.59888e-76
xtempa.x68.21                     -2.59888e-76
xtempa.x69.11                     -4.09895e-74
xtempa.x69.21                     -4.09895e-74
xtempa.xrz__1                     -4.09895e-74
xtempa.xrz__2                     -4.09895e-74
xtempa.x70.11                     -4.09895e-74
xtempa.x70.21                     -4.09895e-74
xtempa.x71.11                     -4.09895e-74
xtempa.x71.21                     -4.09895e-74
xtempa.xrz__3                     -4.09895e-74
xtempa.xrz__4                     -4.09895e-74
xtempa.x72.11                     -4.09895e-74
xtempa.x72.21                     -4.09895e-74
xtempa.x73.11                     -4.09895e-74
xtempa.x73.21                     -4.09895e-74
xtempa.xrz__5                     -4.09895e-74
xtempa.xrz__6                     -4.09895e-74
xtempa.x74.11                     -4.09895e-74
xtempa.x74.21                     -4.09895e-74
xtempa.x75.11                     -4.09895e-74
xtempa.x75.21                     -4.09895e-74
xtempa.xrz__7                     -4.09895e-74
xtempa.xrz__8                     -4.09895e-74
xtempa.x76.11                     -4.09895e-74
xtempa.x76.21                     -4.09895e-74
xtempa.x77.11                     -4.09895e-74
xtempa.x77.21                     -4.09895e-74
xtempa.xrz__9                     -4.09895e-74
xtempa.x78.11                     -4.09895e-74
xtempa.x78.21                     -4.09895e-74
xtempa.x79.11                      6.93912e-35
xtempa.x79.21                      6.69296e-35
xtempa.xr2f__1                     6.69258e-35
xtempa.xr2f__2                     6.44566e-35
xtempa.x80.11                      6.44604e-35
xtempa.x80.21                       6.6922e-35
xtempa.x81.11                      6.44528e-35
xtempa.x81.21                      6.19912e-35
xtempa.xr2f__3                     6.19873e-35
xtempa.xr2f__4                     5.95181e-35
xtempa.x82.11                      5.95219e-35
xtempa.x82.21                      6.19835e-35
xtempa.x83.11                      5.95143e-35
xtempa.x83.21                      5.70527e-35
xtempa.xr2f__5                     5.70489e-35
xtempa.xr2f__6                     5.45796e-35
xtempa.x84.11                      5.45834e-35
xtempa.x84.21                      5.70451e-35
xtempa.x85.11                      5.45758e-35
xtempa.x85.21                      5.21142e-35
xtempa.xr2f__7                     5.21104e-35
xtempa.xr2f__8                     4.96412e-35
xtempa.x86.11                       4.9645e-35
xtempa.x86.21                      5.21066e-35
xtempa.x87.11                      4.96374e-35
xtempa.x87.21                      4.71757e-35
xtempa.xr2f__9                     4.71719e-35
xtempa.xr2f__10                    4.47027e-35
xtempa.x88.11                      4.47065e-35
xtempa.x88.21                      4.71681e-35
xtempa.x89.11                      4.46989e-35
xtempa.x89.21                      4.22373e-35
xtempa.xr2f__11                    4.22335e-35
xtempa.xr2f__12                    3.97642e-35
xtempa.x90.11                       3.9768e-35
xtempa.x90.21                      4.22297e-35
xtempa.x91.11                      3.97604e-35
xtempa.x91.21                      3.72988e-35
xtempa.xr2f__13                     3.7295e-35
xtempa.xr2f__14                    3.48258e-35
xtempa.x92.11                      3.48296e-35
xtempa.x92.21                      3.72912e-35
xtempa.x93.11                       3.4822e-35
xtempa.x93.21                      3.23603e-35
xtempa.xr2f__15                    3.23565e-35
xtempa.xr2f__16                    2.98873e-35
xtempa.x94.11                      2.98911e-35
xtempa.x94.21                      3.23527e-35
xtempa.x95.11                      2.98835e-35
xtempa.x95.21                      2.74219e-35
xtempa.xr2f__17                    2.74181e-35
xtempa.xr2f__18                    2.49488e-35
xtempa.x96.11                      2.49526e-35
xtempa.x96.21                      2.74142e-35
xtempa.x97.11                       2.4945e-35
xtempa.x97.21                      2.24834e-35
xtempa.xr2f__19                    2.24796e-35
xtempa.xr2f__20                    2.00103e-35
xtempa.x98.11                      2.00142e-35
xtempa.x98.21                      2.24758e-35
xtempa.x99.11                      2.00065e-35
xtempa.x99.21                      1.75449e-35
xtempa.xr2f__21                    1.75411e-35
xtempa.xr2f__22                    1.50719e-35
xtempa.x100.11                     1.50757e-35
xtempa.x100.21                     1.75373e-35
xtempa.x101.11                     1.50681e-35
xtempa.x101.21                     1.26064e-35
xtempa.xr2f__23                    1.26026e-35
xtempa.x102.11                     1.01372e-35
xtempa.x102.21                     1.25988e-35
xtempa.x103.11                     1.01296e-35
xtempa.x103.21                     7.57154e-36
xtempa.xr2t5__1                    7.56773e-36
xtempa.x104.11                     5.00586e-36
xtempa.x104.21                     7.56392e-36
xtempa.x105.11                     4.99825e-36
xtempa.x105.21                     3.72106e-36
xtempa.xr2t4__1                    3.71725e-36
xtempa.x106.11                     2.43625e-36
xtempa.x106.21                     3.71344e-36
xtempa.x107.11                     2.42864e-36
xtempa.x107.21                     1.79188e-36
xtempa.xr2t3__1                    1.78807e-36
xtempa.x108.11                     1.14751e-36
xtempa.x108.21                     1.78426e-36
xtempa.x109.11                     1.13989e-36
xtempa.x109.21                     8.23405e-37
xtempa.xr2t2__1                    8.19598e-37
xtempa.x110.11                     4.99305e-37
xtempa.x110.21                      8.1579e-37
xtempa.x111.11                      4.9169e-37
xtempa.x111.21                     3.35452e-37
xtempa.xr2t1__1                    3.31645e-37
xtempa.x112.11                       1.716e-37
xtempa.x112.21                     3.27837e-37
xtempa.x113.11                     1.63985e-37
xtempa.x113.21                     8.77035e-38
xtempa.xr2t0__1                     8.3896e-38
xtempa.x114.11                     3.80753e-39
xtempa.x114.21                     8.00885e-38
xtempa.xrz__2__par                -4.09895e-74
xtempa.xrz__4__par                -4.09895e-74
xtempa.xrz__6__par                -4.09895e-74
xtempa.xrz__8__par                -4.09895e-74
xtempa.xr2f__2__par                6.44566e-35
xtempa.xr2f__4__par                5.95181e-35
xtempa.xr2f__6__par                5.45796e-35
xtempa.xr2f__8__par                4.96412e-35
xtempa.xr2f__10__par               4.47027e-35
xtempa.xr2f__12__par               3.97642e-35
xtempa.xr2f__14__par               3.48258e-35
xtempa.xr2f__16__par               2.98873e-35
xtempa.xr2f__18__par               2.49488e-35
xtempa.xr2f__20__par               2.00103e-35
xtempa.xr2f__22__par               1.50719e-35
xtempa.xr2t0__1__par                8.3896e-38
xtempa.xr2t1__1__par               3.31645e-37
xtempa.xr2t2__1__par               8.19598e-37
xtempa.xr2t3__1__par               1.78807e-36
xtempa.xriso__1__par              -2.59888e-76
xtempa.xr2t4__1__par               3.71725e-36
xtempa.xr1__1__par                 -2.9407e-77
xtempa.xrz__1__par                -4.09895e-74
xtempa.xrz__3__par                -4.09895e-74
xtempa.xrz__5__par                -4.09895e-74
xtempa.xrz__7__par                -4.09895e-74
xtempa.xrz__9__par                -4.09895e-74
xtempa.xr2f__1__par                6.69258e-35
xtempa.xr2f__3__par                6.19873e-35
xtempa.xr2f__5__par                5.70489e-35
xtempa.xr2f__7__par                5.21104e-35
xtempa.xr2f__9__par                4.71719e-35
xtempa.xr2f__11__par               4.22335e-35
xtempa.xr2f__13__par                3.7295e-35
xtempa.xr2f__15__par               3.23565e-35
xtempa.xr2f__17__par               2.74181e-35
xtempa.xr2f__19__par               2.24796e-35
xtempa.xr2f__21__par               1.75411e-35
xtempa.xr2f__23__par               1.26026e-35
xtempa.xr2t5__1__par               7.56773e-36
xtempa.ctat__par                  -2.59888e-76
xtempa.en__par                               0
xtempa.enb__par                   -6.57015e-71
xtempa.ibias__par                 -3.75401e-21
xtempa.m1d__par                   -3.83428e-75
xtempa.m2d__par                   -6.26789e-76
xtempa.m3d__par                    -4.0876e-29
xtempa.n1__par                    -7.16582e-74
xtempa.n2__par                    -4.09895e-74
xtempa.na__par                    -2.59888e-76
xtempa.nb__par                     -2.9407e-77
xtempa.nbg__par                   -2.61417e-21
xtempa.nc__par                     -2.9407e-77
xtempa.nd__par                               0
xtempa.nr__par                     2.18553e-76
xtempa.nt__par                     1.60514e-73
xtempa.nz__par                    -4.09895e-74
xtempa.pb__par                     8.25274e-30
xtempa.pcas__par                   3.66919e-43
xtempa.pg__par                     1.39225e-73
xtempa.ptat__par                   6.93951e-35
xtempa.t0__par                     1.67792e-37
xtempa.t1__par                     4.95498e-37
xtempa.t2__par                      1.1437e-36
xtempa.t3__par                     2.43244e-36
xtempa.t4__par                     5.00206e-36
xtempa.t5__par                     1.01334e-35
xtempa.vdd__par                              0
xtempa.vss__par                              0
xcmpa.tn                          -1.04702e-21
xcmpa.nbg                          -2.7371e-21
xcmpa.bias_okb                    -1.18208e-30
xcmpa.n1                          -3.81071e-19
xcmpa.cmpo                         6.43439e-21
por_rawa                           8.15385e-20
xcmpa.na                           9.06531e-21
xcmpa.sns                                    0
xcmpa.snsb                                   0
xcmpa.vdda                        -1.80177e-20
xcmpa.x19.11                                 0
xcmpa.x19.21                                 0
xcmpa.x20.11                                 0
xcmpa.x20.21                                 0
xcmpa.x21.11                                 0
xcmpa.x21.21                                 0
xcmpa.sns__par                               0
xcmpa.nbg__par                     -2.7371e-21
xcmpa.snsb__par                              0
xcmpa.vdda__par                   -1.80177e-20
xcmpa.na__par                      9.06531e-21
xcmpa.cmpo__par                    6.43439e-21
xcmpa.n1__par                     -3.81071e-19
xcmpa.tn__par                     -1.04702e-21
xcmpa.bias_ok__par                -9.87238e-33
xcmpa.bias_okb__par               -1.18208e-30
xcmpa.ibias__par                  -3.75401e-21
xcmpa.por_raw__par                 8.15385e-20
xcmpa.vdd__par                               0
xcmpa.vref__par                    7.65718e-86
xcmpa.vss__par                               0
xpora.pdn                          4.17025e-58
xpora.pgdgb                                  0
xpora.pgdg                         4.98147e-21
xpora.nd1                          -2.7032e-23
xpora.ndl                          4.81543e-56
xpora.ndg                          -1.1636e-20
xpora.ndgn                        -9.40205e-22
xpora.tim                         -1.20272e-28
xpora.trip                          4.1845e-55
resetna                           -1.23322e-23
xpora.rstb                        -1.07603e-21
xpora.nnand                        1.80874e-22
xpora.nts                           1.2594e-28
xpora.ndgp                         1.91697e-20
xpora.ndgn__par                   -9.40205e-22
xpora.ndg__par                     -1.1636e-20
xpora.pgdg__par                    4.98147e-21
xpora.tim__par                    -1.20272e-28
xpora.trip__par                     4.1845e-55
xpora.nnand__par                   1.80874e-22
xpora.ndgp__par                    1.91697e-20
xpora.rstb__par                   -1.07603e-21
xpora.pdn__par                     4.17025e-58
xpora.ndl__par                     4.81543e-56
xpora.pgdgb__par                             0
xpora.nd1__par                     -2.7032e-23
xpora.nts__par                      1.2594e-28
xpora.ibias__par                  -3.75401e-21
xpora.por_raw__par                 8.15385e-20
xpora.resetn__par                 -1.23322e-23
xpora.vdd__par                               0
xpora.vss__par                               0
vddb                                         0
enb                                          0
nbcoreb                           -6.44107e-22
shareb                            -6.44107e-22
nibtmpb                           -6.44107e-22
nibcmpb                           -6.44107e-22
nibporb                           -6.44107e-22
xbiasb.ks1                        -3.78818e-79
xbiasb.ks2                          4.7357e-78
xbiasb.ks3                        -5.88234e-77
xbiasb.ks4                         7.30631e-76
xbiasb.nkg                        -9.07498e-75
xbiasb.pg                         -1.30828e-78
xbiasb.nbg                        -4.86218e-85
xbiasb.pb                          1.29944e-85
xbiasb.nkm                         1.67674e-93
xbiasb.nokl                       -8.44995e-45
xbiasb.noko                       -3.64417e-45
xbiasb.nokx                        2.03633e-44
xbiasb.n1                         -4.17367e-75
xbiasb.n2                         -4.17185e-75
okb                               -1.02612e-32
xbiasb.tok                         1.34294e-44
xbiasb.nt                          6.47185e-75
xbiasb.na                           -1.355e-88
xbiasb.nbtop                      -1.02847e-97
vrefb                              7.85471e-86
xbiasb.nb                         -1.02847e-97
xbiasb.ec                         -1.02847e-97
xbiasb.er                          7.85461e-86
xbiasb.nz                         -4.17185e-75
xbiasb.x47.11                      7.85471e-86
xbiasb.x47.21                       7.8547e-86
xbiasb.xr2__1                       7.8547e-86
xbiasb.xr2__2                       7.8547e-86
xbiasb.x48.11                       7.8547e-86
xbiasb.x48.21                       7.8547e-86
xbiasb.x49.11                       7.8547e-86
xbiasb.x49.21                      7.85469e-86
xbiasb.xr2__3                      7.85469e-86
xbiasb.xr2__4                      7.85469e-86
xbiasb.x50.11                      7.85469e-86
xbiasb.x50.21                      7.85469e-86
xbiasb.x51.11                      7.85469e-86
xbiasb.x51.21                      7.85468e-86
xbiasb.xr2__5                      7.85468e-86
xbiasb.xr2__6                      7.85467e-86
xbiasb.x52.11                      7.85467e-86
xbiasb.x52.21                      7.85468e-86
xbiasb.x53.11                      7.85467e-86
xbiasb.x53.21                      7.85467e-86
xbiasb.xr2__7                      7.85467e-86
xbiasb.xr2__8                      7.85466e-86
xbiasb.x54.11                      7.85466e-86
xbiasb.x54.21                      7.85467e-86
xbiasb.x55.11                      7.85466e-86
xbiasb.x55.21                      7.85466e-86
xbiasb.xr2__9                      7.85466e-86
xbiasb.xr2__10                     7.85465e-86
xbiasb.x56.11                      7.85465e-86
xbiasb.x56.21                      7.85466e-86
xbiasb.x57.11                      7.85465e-86
xbiasb.x57.21                      7.85464e-86
xbiasb.xr2__11                     7.85464e-86
xbiasb.xr2__12                     7.85464e-86
xbiasb.x58.11                      7.85464e-86
xbiasb.x58.21                      7.85464e-86
xbiasb.x59.11                      7.85464e-86
xbiasb.x59.21                      7.85463e-86
xbiasb.xr2__13                     7.85463e-86
xbiasb.xr2__14                     7.85463e-86
xbiasb.x60.11                      7.85463e-86
xbiasb.x60.21                      7.85463e-86
xbiasb.x61.11                      7.85463e-86
xbiasb.x61.21                      7.85462e-86
xbiasb.xr2__15                     7.85462e-86
xbiasb.x62.11                      7.85461e-86
xbiasb.x62.21                      7.85462e-86
xbiasb.x63.11                     -4.17185e-75
xbiasb.x63.21                     -4.17185e-75
xbiasb.xrz__1                     -4.17185e-75
xbiasb.xrz__2                     -4.17185e-75
xbiasb.x64.11                     -4.17185e-75
xbiasb.x64.21                     -4.17185e-75
xbiasb.x65.11                     -4.17185e-75
xbiasb.x65.21                     -4.17185e-75
xbiasb.xrz__3                     -4.17185e-75
xbiasb.x66.11                     -4.17185e-75
xbiasb.x66.21                     -4.17185e-75
xbiasb.x67.11                     -1.02847e-97
xbiasb.x67.21                     -1.02847e-97
xbiasb.xr1__1                     -1.02847e-97
xbiasb.x68.11                     -1.02847e-97
xbiasb.x68.21                     -1.02847e-97
xbiasb.x69.11                     -1.02847e-97
xbiasb.x69.21                     -1.02847e-97
xbiasb.xrt__1                     -1.02847e-97
xbiasb.x70.11                     -1.02847e-97
xbiasb.x70.21                     -1.02847e-97
xbiasb.n1__par                    -4.17367e-75
xbiasb.n2__par                    -4.17185e-75
xbiasb.nkm__par                    1.67674e-93
xbiasb.tok__par                    1.34294e-44
xbiasb.noko__par                  -3.64417e-45
xbiasb.nokl__par                  -8.44995e-45
xbiasb.nokx__par                   2.03633e-44
xbiasb.ks1__par                   -3.78818e-79
xbiasb.ks2__par                     4.7357e-78
xbiasb.ks3__par                   -5.88234e-77
xbiasb.ks4__par                    7.30631e-76
xbiasb.nkg__par                   -9.07498e-75
xbiasb.nb__par                    -1.02847e-97
xbiasb.ec__par                    -1.02847e-97
xbiasb.nz__par                    -4.17185e-75
xbiasb.xrz__2__par                -4.17185e-75
xbiasb.xr2__14__par                7.85463e-86
xbiasb.xr2__12__par                7.85464e-86
xbiasb.pg__par                    -1.30828e-78
xbiasb.xr2__10__par                7.85465e-86
xbiasb.xr2__8__par                 7.85466e-86
xbiasb.xr2__6__par                 7.85467e-86
xbiasb.xr2__4__par                 7.85469e-86
xbiasb.xr2__2__par                  7.8547e-86
xbiasb.na__par                      -1.355e-88
xbiasb.er__par                     7.85461e-86
xbiasb.xrt__1__par                -1.02847e-97
xbiasb.nbtop__par                 -1.02847e-97
xbiasb.xr1__1__par                -1.02847e-97
xbiasb.xrz__3__par                -4.17185e-75
xbiasb.xrz__1__par                -4.17185e-75
xbiasb.xr2__13__par                7.85463e-86
xbiasb.xr2__11__par                7.85464e-86
xbiasb.xr2__1__par                  7.8547e-86
xbiasb.xr2__3__par                 7.85469e-86
xbiasb.xr2__5__par                 7.85468e-86
xbiasb.xr2__7__par                 7.85467e-86
xbiasb.xr2__9__par                 7.85466e-86
xbiasb.xr2__15__par                7.85462e-86
xbiasb.nbg__par                   -4.86218e-85
xbiasb.pb__par                     1.29944e-85
xbiasb.nt__par                     6.47185e-75
xbiasb.bias_ok__par               -1.02612e-32
xbiasb.ibias__par                 -6.44107e-22
xbiasb.vdd__par                              0
xbiasb.vref__par                   7.85471e-86
xbiasb.vss__par                              0
xtempb.pg                          7.91571e-74
xtempb.nz                         -2.33028e-74
xtempb.n1                         -4.07382e-74
xtempb.n2                         -2.33028e-74
xtempb.nbg                        -3.72903e-21
xtempb.enb                        -6.57015e-71
xtempb.pb                          9.29757e-30
xtempb.pcas                        3.68992e-43
xtempb.nd                                    0
xtempb.nr                         -6.30217e-77
ptatb                               7.4868e-35
ctatb                             -2.55432e-76
xtempb.nt                          9.12533e-74
xtempb.t5                          1.09326e-35
xtempb.t4                          5.39655e-36
xtempb.t3                          2.62428e-36
xtempb.t2                           1.2339e-36
xtempb.t1                          5.34576e-37
xtempb.t0                          1.81025e-37
xtempb.na                         -2.55432e-76
xtempb.nb                          -3.1474e-77
xtempb.m1d                        -3.76847e-75
xtempb.m2d                         -6.7081e-76
xtempb.m3d                        -4.40997e-29
xtempb.nc                          -3.1474e-77
xtempb.x65.11                      -3.1474e-77
xtempb.x65.21                      -3.1474e-77
xtempb.xr1__1                      -3.1474e-77
xtempb.x66.11                      -3.1474e-77
xtempb.x66.21                      -3.1474e-77
xtempb.x67.11                     -2.55432e-76
xtempb.x67.21                     -2.55432e-76
xtempb.xriso__1                   -2.55432e-76
xtempb.x68.11                     -2.55432e-76
xtempb.x68.21                     -2.55432e-76
xtempb.x69.11                     -2.33028e-74
xtempb.x69.21                     -2.33028e-74
xtempb.xrz__1                     -2.33028e-74
xtempb.xrz__2                     -2.33028e-74
xtempb.x70.11                     -2.33028e-74
xtempb.x70.21                     -2.33028e-74
xtempb.x71.11                     -2.33028e-74
xtempb.x71.21                     -2.33028e-74
xtempb.xrz__3                     -2.33028e-74
xtempb.xrz__4                     -2.33028e-74
xtempb.x72.11                     -2.33028e-74
xtempb.x72.21                     -2.33028e-74
xtempb.x73.11                     -2.33028e-74
xtempb.x73.21                     -2.33028e-74
xtempb.xrz__5                     -2.33028e-74
xtempb.xrz__6                     -2.33028e-74
xtempb.x74.11                     -2.33028e-74
xtempb.x74.21                     -2.33028e-74
xtempb.x75.11                     -2.33028e-74
xtempb.x75.21                     -2.33028e-74
xtempb.xrz__7                     -2.33028e-74
xtempb.xrz__8                     -2.33028e-74
xtempb.x76.11                     -2.33028e-74
xtempb.x76.21                     -2.33028e-74
xtempb.x77.11                     -2.33028e-74
xtempb.x77.21                     -2.33028e-74
xtempb.xrz__9                     -2.33028e-74
xtempb.x78.11                     -2.33028e-74
xtempb.x78.21                     -2.33028e-74
xtempb.x79.11                      7.48639e-35
xtempb.x79.21                      7.22081e-35
xtempb.xr2f__1                      7.2204e-35
xtempb.xr2f__2                     6.95401e-35
xtempb.x80.11                      6.95442e-35
xtempb.x80.21                      7.21999e-35
xtempb.x81.11                      6.95359e-35
xtempb.x81.21                      6.68802e-35
xtempb.xr2f__3                     6.68761e-35
xtempb.xr2f__4                     6.42121e-35
xtempb.x82.11                      6.42162e-35
xtempb.x82.21                       6.6872e-35
xtempb.x83.11                       6.4208e-35
xtempb.x83.21                      6.15522e-35
xtempb.xr2f__5                     6.15481e-35
xtempb.xr2f__6                     5.88842e-35
xtempb.x84.11                      5.88883e-35
xtempb.x84.21                       6.1544e-35
xtempb.x85.11                        5.888e-35
xtempb.x85.21                      5.62243e-35
xtempb.xr2f__7                     5.62202e-35
xtempb.xr2f__8                     5.35562e-35
xtempb.x86.11                      5.35603e-35
xtempb.x86.21                      5.62161e-35
xtempb.x87.11                      5.35521e-35
xtempb.x87.21                      5.08963e-35
xtempb.xr2f__9                     5.08922e-35
xtempb.xr2f__10                    4.82283e-35
xtempb.x88.11                      4.82324e-35
xtempb.x88.21                      5.08881e-35
xtempb.x89.11                      4.82241e-35
xtempb.x89.21                      4.55684e-35
xtempb.xr2f__11                    4.55643e-35
xtempb.xr2f__12                    4.29003e-35
xtempb.x90.11                      4.29044e-35
xtempb.x90.21                      4.55602e-35
xtempb.x91.11                      4.28962e-35
xtempb.x91.21                      4.02404e-35
xtempb.xr2f__13                    4.02363e-35
xtempb.xr2f__14                    3.75723e-35
xtempb.x92.11                      3.75765e-35
xtempb.x92.21                      4.02322e-35
xtempb.x93.11                      3.75682e-35
xtempb.x93.21                      3.49125e-35
xtempb.xr2f__15                    3.49084e-35
xtempb.xr2f__16                    3.22444e-35
xtempb.x94.11                      3.22485e-35
xtempb.x94.21                      3.49043e-35
xtempb.x95.11                      3.22403e-35
xtempb.x95.21                      2.95845e-35
xtempb.xr2f__17                    2.95804e-35
xtempb.xr2f__18                    2.69164e-35
xtempb.x96.11                      2.69206e-35
xtempb.x96.21                      2.95763e-35
xtempb.x97.11                      2.69123e-35
xtempb.x97.21                      2.42566e-35
xtempb.xr2f__19                    2.42525e-35
xtempb.xr2f__20                    2.15885e-35
xtempb.x98.11                      2.15926e-35
xtempb.x98.21                      2.42484e-35
xtempb.x99.11                      2.15844e-35
xtempb.x99.21                      1.89286e-35
xtempb.xr2f__21                    1.89245e-35
xtempb.xr2f__22                    1.62605e-35
xtempb.x100.11                     1.62647e-35
xtempb.x100.21                     1.89204e-35
xtempb.x101.11                     1.62564e-35
xtempb.x101.21                     1.36007e-35
xtempb.xr2f__23                    1.35966e-35
xtempb.x102.11                     1.09367e-35
xtempb.x102.21                     1.35925e-35
xtempb.x103.11                     1.09285e-35
xtempb.x103.21                     8.16868e-36
xtempb.xr2t5__1                    8.16457e-36
xtempb.x104.11                     5.40066e-36
xtempb.x104.21                     8.16046e-36
xtempb.x105.11                     5.39244e-36
xtempb.x105.21                     4.01452e-36
xtempb.xr2t4__1                    4.01042e-36
xtempb.x106.11                     2.62839e-36
xtempb.x106.21                     4.00631e-36
xtempb.x107.11                     2.62017e-36
xtempb.x107.21                      1.9332e-36
xtempb.xr2t3__1                    1.92909e-36
xtempb.x108.11                     1.23801e-36
xtempb.x108.21                     1.92498e-36
xtempb.x109.11                     1.22979e-36
xtempb.x109.21                     8.88345e-37
xtempb.xr2t2__1                    8.84237e-37
xtempb.x110.11                     5.38684e-37
xtempb.x110.21                     8.80129e-37
xtempb.x111.11                     5.30468e-37
xtempb.x111.21                     3.61908e-37
xtempb.xr2t1__1                      3.578e-37
xtempb.x112.11                     1.85133e-37
xtempb.x112.21                     3.53693e-37
xtempb.x113.11                     1.76917e-37
xtempb.x113.21                     9.46204e-38
xtempb.xr2t0__1                    9.05126e-38
xtempb.x114.11                     4.10782e-39
xtempb.x114.21                     8.64048e-38
xtempb.xrz__2__par                -2.33028e-74
xtempb.xrz__4__par                -2.33028e-74
xtempb.xrz__6__par                -2.33028e-74
xtempb.xrz__8__par                -2.33028e-74
xtempb.xr2f__2__par                6.95401e-35
xtempb.xr2f__4__par                6.42121e-35
xtempb.xr2f__6__par                5.88842e-35
xtempb.xr2f__8__par                5.35562e-35
xtempb.xr2f__10__par               4.82283e-35
xtempb.xr2f__12__par               4.29003e-35
xtempb.xr2f__14__par               3.75723e-35
xtempb.xr2f__16__par               3.22444e-35
xtempb.xr2f__18__par               2.69164e-35
xtempb.xr2f__20__par               2.15885e-35
xtempb.xr2f__22__par               1.62605e-35
xtempb.xr2t0__1__par               9.05126e-38
xtempb.xr2t1__1__par                 3.578e-37
xtempb.xr2t2__1__par               8.84237e-37
xtempb.xr2t3__1__par               1.92909e-36
xtempb.xriso__1__par              -2.55432e-76
xtempb.xr2t4__1__par               4.01042e-36
xtempb.xr1__1__par                 -3.1474e-77
xtempb.xrz__1__par                -2.33028e-74
xtempb.xrz__3__par                -2.33028e-74
xtempb.xrz__5__par                -2.33028e-74
xtempb.xrz__7__par                -2.33028e-74
xtempb.xrz__9__par                -2.33028e-74
xtempb.xr2f__1__par                 7.2204e-35
xtempb.xr2f__3__par                6.68761e-35
xtempb.xr2f__5__par                6.15481e-35
xtempb.xr2f__7__par                5.62202e-35
xtempb.xr2f__9__par                5.08922e-35
xtempb.xr2f__11__par               4.55643e-35
xtempb.xr2f__13__par               4.02363e-35
xtempb.xr2f__15__par               3.49084e-35
xtempb.xr2f__17__par               2.95804e-35
xtempb.xr2f__19__par               2.42525e-35
xtempb.xr2f__21__par               1.89245e-35
xtempb.xr2f__23__par               1.35966e-35
xtempb.xr2t5__1__par               8.16457e-36
xtempb.ctat__par                  -2.55432e-76
xtempb.en__par                               0
xtempb.enb__par                   -6.57015e-71
xtempb.ibias__par                 -6.44107e-22
xtempb.m1d__par                   -3.76847e-75
xtempb.m2d__par                    -6.7081e-76
xtempb.m3d__par                   -4.40997e-29
xtempb.n1__par                    -4.07382e-74
xtempb.n2__par                    -2.33028e-74
xtempb.na__par                    -2.55432e-76
xtempb.nb__par                     -3.1474e-77
xtempb.nbg__par                   -3.72903e-21
xtempb.nc__par                     -3.1474e-77
xtempb.nd__par                               0
xtempb.nr__par                    -6.30217e-77
xtempb.nt__par                     9.12533e-74
xtempb.nz__par                    -2.33028e-74
xtempb.pb__par                     9.29757e-30
xtempb.pcas__par                   3.68992e-43
xtempb.pg__par                     7.91571e-74
xtempb.ptat__par                    7.4868e-35
xtempb.t0__par                     1.81025e-37
xtempb.t1__par                     5.34576e-37
xtempb.t2__par                      1.2339e-36
xtempb.t3__par                     2.62428e-36
xtempb.t4__par                     5.39655e-36
xtempb.t5__par                     1.09326e-35
xtempb.vdd__par                              0
xtempb.vss__par                              0
xcmpb.tn                          -8.21421e-22
xcmpb.nbg                         -3.16395e-21
xcmpb.bias_okb                    -1.01814e-30
xcmpb.n1                          -3.36978e-19
xcmpb.cmpo                         1.90701e-21
por_rawb                           1.14616e-19
xcmpb.na                           7.98133e-21
xcmpb.sns                                    0
xcmpb.snsb                                   0
xcmpb.vdda                        -9.77472e-21
xcmpb.x19.11                                 0
xcmpb.x19.21                                 0
xcmpb.x20.11                                 0
xcmpb.x20.21                                 0
xcmpb.x21.11                                 0
xcmpb.x21.21                                 0
xcmpb.sns__par                               0
xcmpb.nbg__par                    -3.16395e-21
xcmpb.snsb__par                              0
xcmpb.vdda__par                   -9.77472e-21
xcmpb.na__par                      7.98133e-21
xcmpb.cmpo__par                    1.90701e-21
xcmpb.n1__par                     -3.36978e-19
xcmpb.tn__par                     -8.21421e-22
xcmpb.bias_ok__par                -1.02612e-32
xcmpb.bias_okb__par               -1.01814e-30
xcmpb.ibias__par                  -6.44107e-22
xcmpb.por_raw__par                 1.14616e-19
xcmpb.vdd__par                               0
xcmpb.vref__par                    7.85471e-86
xcmpb.vss__par                               0
xporb.pdn                          4.54567e-58
xporb.pgdgb                                  0
xporb.pgdg                         3.23775e-21
xporb.nd1                          8.32516e-23
xporb.ndl                          5.09402e-56
xporb.ndg                          2.46781e-20
xporb.ndgn                        -6.19992e-21
xporb.tim                         -7.86929e-29
xporb.trip                         4.32848e-55
resetnb                           -2.48292e-23
xporb.rstb                          5.5828e-22
xporb.nnand                       -9.69523e-23
xporb.nts                          8.24016e-29
xporb.ndgp                        -1.81231e-20
xporb.ndgn__par                   -6.19992e-21
xporb.ndg__par                     2.46781e-20
xporb.pgdg__par                    3.23775e-21
xporb.tim__par                    -7.86929e-29
xporb.trip__par                    4.32848e-55
xporb.nnand__par                  -9.69523e-23
xporb.ndgp__par                   -1.81231e-20
xporb.rstb__par                     5.5828e-22
xporb.pdn__par                     4.54567e-58
xporb.ndl__par                     5.09402e-56
xporb.pgdgb__par                             0
xporb.nd1__par                     8.32516e-23
xporb.nts__par                     8.24016e-29
xporb.ibias__par                  -6.44107e-22
xporb.por_raw__par                 1.14616e-19
xporb.resetn__par                 -2.48292e-23
xporb.vdd__par                               0
xporb.vss__par                               0
vibporb#branch                     2.54385e-34
vibcmpb#branch                    -4.22582e-33
vibtmpb#branch                    -3.49272e-33
vibcoreb#branch                   -7.46416e-33
venb#branch                                  0
vsupb#branch                       7.27674e-32
vibpora#branch                    -1.25642e-33
vibcmpa#branch                    -1.16331e-32
vibtmpa#branch                    -5.89554e-33
vibcorea#branch                    -1.8785e-32
vena#branch                                  0
vsupa#branch                       4.80377e-31

 Reference value :  0.00000e+00
 Reference value :  1.75418e-05
 Reference value :  1.90161e-05
 Reference value :  2.19887e-05
 Reference value :  3.32268e-05
 Reference value :  3.88886e-05
 Reference value :  4.60380e-05
 Reference value :  4.88418e-05
 Reference value :  4.91526e-05
 Reference value :  4.91653e-05
 Reference value :  4.94838e-05
 Reference value :  5.03255e-05
 Reference value :  5.07905e-05
 Reference value :  5.15577e-05
 Reference value :  5.30915e-05
 Reference value :  5.64784e-05
 Reference value :  6.25067e-05
 Reference value :  6.26963e-05
 Reference value :  6.27930e-05
 Reference value :  6.97272e-05
 Reference value :  6.99587e-05
 Reference value :  7.00852e-05
 Reference value :  8.00380e-05
 Reference value :  1.01815e-04
 Reference value :  1.04585e-04
 Reference value :  1.04623e-04
 Reference value :  1.04665e-04
 Reference value :  1.05467e-04
 Reference value :  1.05497e-04
 Reference value :  1.05928e-04
 Reference value :  1.13487e-04
 Reference value :  1.20005e-04
 Reference value :  1.20282e-04
 Reference value :  1.20447e-04
 Reference value :  1.30872e-04
 Reference value :  1.33949e-04
 Reference value :  1.34043e-04
 Reference value :  1.40641e-04
 Reference value :  1.93122e-04
 Reference value :  4.69122e-04
No. of Data Rows : 1482
vib_a               =  7.48548e-01
vib_b               =  7.13525e-01
icore_a             =  5.45671e-07
icore_b             =  5.45796e-07
itmp_a              =  2.96646e-12
itmp_b              =  2.61623e-07
icmp_a              =  2.47453e-07
icmp_b              =  1.26748e-07
ipor_a              =  2.98215e-07
ipor_b              =  1.57426e-07
por_a               =  3.30000e+00
por_b               =  3.30000e+00
resetn_a            =  1.95154e-09
resetn_b            =  3.65771e-09
vdda                =  3.30000e+00
vddb                =  3.30000e+00
m_vibias_asserted_v = 7.4854800000e-01
m_vibias_released_v = 7.1352460000e-01
m_ibias_core_asserted_na = 5.4567100000e+02
m_ibias_core_released_na = 5.4579640000e+02
m_ibias_temp_asserted_na = 2.9664570000e-03
m_ibias_temp_released_na = 2.6162280000e+02
m_ibias_cmp_asserted_na = 2.4745270000e+02
m_ibias_cmp_released_na = 1.2674750000e+02
m_ibias_por_asserted_na = 2.9821530000e+02
m_ibias_por_released_na = 1.5742610000e+02
m_ibias_por_asserted_frac_nom = 5.9643060000e-01
m_ibias_por_released_frac_nom = 3.1485220000e-01
m_por_raw_asserted_droop_mv = 0.0000000000e+00
m_por_raw_released_droop_mv = 0.0000000000e+00
m_resetn_asserted_v = 1.9515360000e-09
m_resetn_released_v = 3.6577120000e-09
Note: Simulation executed from .control section 

Warning: m=xx on .subckt line will override multiplier m hierarchy!

