
Note: Compatibility modes selected: hs a


Circuit: * por-threshold-mc mc @ hysteresis-min_ff_125c_2.97v_s0334 -- generated by sim/harness, do not edit

Doing analysis at TEMP = 125.000000 and TNOM = 27.000000

Using SPARSE 1.3 as Direct Linear Solver

Initial Transient Solution
--------------------------

Node                                   Voltage
----                                   -------
vdd                                          0
bias_ok                                   2.97
vref                                       1.2
ibias                                 0.499371
xdut.bias_okb                    -4.48068e-170
xdut.nbg                               0.49937
xdut.sns                         -1.05962e-168
xdut.xrtop.11                    -1.05962e-168
xdut.xrtop.21                    -1.63967e-174
xdut.snsb                        -1.96795e-168
xdut.xrbot.11                    -1.96795e-168
xdut.xrbot.21                    -1.05962e-168
xdut.xrhys.11                    -3.10219e-173
xdut.xrhys.21                    -1.96792e-168
xdut.n1                            4.60948e-18
xdut.tn                            3.66471e-22
xdut.na                             1.1309e-18
xdut.cmpo                          3.73088e-22
xdut.vdda                          1.64661e-18
por_raw                           -1.28866e-18
vref#branch                                  0
vok#branch                                   0
vsup#branch                             -5e-07

 Reference value :  0.00000e+00
 Reference value :  5.33250e-03
 Reference value :  1.08747e-02
No. of Data Rows : 3239
vpor_rise           =  2.60474e+00
vpor_rise_last      =  2.60474e+00
vpor_fall           =  2.45097e+00
vpor_fall_last      =  2.45097e+00
sns_rise            =  1.20096e+00
sns_fall            =  1.19094e+00
m_vpor_rise_v = 2.6047450000e+00
m_vpor_fall_v = 2.4509720000e+00
m_v_hys_mv = 1.5377300000e+02
m_rise_chatter_mv = 0.0000000000e+00
m_fall_chatter_mv = 0.0000000000e+00
m_comp_offs_rise_mv = 9.5600000000e-01
m_comp_offs_fall_mv = -9.061000000e+00
Note: Simulation executed from .control section 

Warning: m=xx on .subckt line will override multiplier m hierarchy!

