
Note: Compatibility modes selected: hs a


Circuit: * por-threshold-mc mc @ hysteresis-min_ff_125c_2.97v_s0109 -- generated by sim/harness, do not edit

Doing analysis at TEMP = 125.000000 and TNOM = 27.000000

Using SPARSE 1.3 as Direct Linear Solver

Initial Transient Solution
--------------------------

Node                                   Voltage
----                                   -------
vdd                                          0
bias_ok                                   2.97
vref                                       1.2
ibias                                 0.508086
xdut.bias_okb                    -8.08848e-170
xdut.nbg                              0.508086
xdut.sns                         -8.22909e-169
xdut.xrtop.11                    -8.22908e-169
xdut.xrtop.21                     -1.2734e-174
xdut.snsb                        -1.52832e-168
xdut.xrbot.11                    -1.52832e-168
xdut.xrbot.21                     -8.2291e-169
xdut.xrhys.11                    -2.40926e-173
xdut.xrhys.21                     -1.5283e-168
xdut.n1                           -6.09906e-18
xdut.tn                           -5.27215e-22
xdut.na                           -1.88206e-18
xdut.cmpo                         -5.40356e-22
xdut.vdda                          5.39923e-19
por_raw                            5.34266e-18
vref#branch                                  0
vok#branch                                   0
vsup#branch                             -5e-07

 Reference value :  0.00000e+00
 Reference value :  5.91250e-03
 Reference value :  1.13877e-02
No. of Data Rows : 3246
vpor_rise           =  2.60983e+00
vpor_rise_last      =  2.60983e+00
vpor_fall           =  2.45609e+00
vpor_fall_last      =  2.45609e+00
sns_rise            =  1.20330e+00
sns_fall            =  1.19354e+00
m_vpor_rise_v = 2.6098320000e+00
m_vpor_fall_v = 2.4560900000e+00
m_v_hys_mv = 1.5374200000e+02
m_rise_chatter_mv = 0.0000000000e+00
m_fall_chatter_mv = 0.0000000000e+00
m_comp_offs_rise_mv = 3.3040000000e+00
m_comp_offs_fall_mv = -6.459000000e+00
Note: Simulation executed from .control section 

Warning: m=xx on .subckt line will override multiplier m hierarchy!

