
Note: Compatibility modes selected: hs a


Circuit: * por-threshold-mc mc @ hysteresis-min_ff_125c_2.97v_s0187 -- generated by sim/harness, do not edit

Doing analysis at TEMP = 125.000000 and TNOM = 27.000000

Using SPARSE 1.3 as Direct Linear Solver

Initial Transient Solution
--------------------------

Node                                   Voltage
----                                   -------
vdd                                          0
bias_ok                                   2.97
vref                                       1.2
ibias                                  0.50606
xdut.bias_okb                    -3.54144e-170
xdut.nbg                              0.506059
xdut.sns                         -2.21909e-168
xdut.xrtop.11                    -2.21909e-168
xdut.xrtop.21                    -3.43375e-174
xdut.snsb                        -4.12119e-168
xdut.xrbot.11                    -4.12119e-168
xdut.xrbot.21                     -2.2191e-168
xdut.xrhys.11                    -6.49676e-173
xdut.xrhys.21                    -4.12112e-168
xdut.n1                           -1.60749e-17
xdut.tn                           -1.24897e-20
xdut.na                           -2.12939e-19
xdut.cmpo                          -1.2576e-20
xdut.vdda                         -3.13307e-20
por_raw                            4.72785e-19
vref#branch                                  0
vok#branch                                   0
vsup#branch                             -5e-07

 Reference value :  0.00000e+00
 Reference value :  5.78750e-03
 Reference value :  1.15460e-02
No. of Data Rows : 3240
vpor_rise           =  2.58870e+00
vpor_rise_last      =  2.58870e+00
vpor_fall           =  2.43645e+00
vpor_fall_last      =  2.43645e+00
sns_rise            =  1.19355e+00
sns_fall            =  1.18389e+00
m_vpor_rise_v = 2.5886970000e+00
m_vpor_fall_v = 2.4364480000e+00
m_v_hys_mv = 1.5224900000e+02
m_rise_chatter_mv = 0.0000000000e+00
m_fall_chatter_mv = 0.0000000000e+00
m_comp_offs_rise_mv = -6.451000000e+00
m_comp_offs_fall_mv = -1.610800000e+01
Note: Simulation executed from .control section 

Warning: m=xx on .subckt line will override multiplier m hierarchy!

