
Note: Compatibility modes selected: hs a


Circuit: * por-threshold-mc mc @ hysteresis-min_ff_125c_2.97v_s0422 -- generated by sim/harness, do not edit

Doing analysis at TEMP = 125.000000 and TNOM = 27.000000

Using SPARSE 1.3 as Direct Linear Solver

Initial Transient Solution
--------------------------

Node                                   Voltage
----                                   -------
vdd                                          0
bias_ok                                   2.97
vref                                       1.2
ibias                                 0.501075
xdut.bias_okb                    -2.22455e-170
xdut.nbg                              0.501074
xdut.sns                          -2.4964e-168
xdut.xrtop.11                     -2.4964e-168
xdut.xrtop.21                    -3.86292e-174
xdut.snsb                        -4.63628e-168
xdut.xrbot.11                    -4.63628e-168
xdut.xrbot.21                    -2.49641e-168
xdut.xrhys.11                    -7.30826e-173
xdut.xrhys.21                    -4.63621e-168
xdut.n1                           -4.68445e-18
xdut.tn                             1.4457e-20
xdut.na                           -8.86162e-20
xdut.cmpo                          1.45549e-20
xdut.vdda                          7.55924e-19
por_raw                           -5.00005e-18
vref#branch                                  0
vok#branch                                   0
vsup#branch                             -5e-07

 Reference value :  0.00000e+00
 Reference value :  5.39250e-03
 Reference value :  1.09341e-02
No. of Data Rows : 3238
vpor_rise           =  2.60569e+00
vpor_rise_last      =  2.60569e+00
vpor_fall           =  2.45231e+00
vpor_fall_last      =  2.45231e+00
sns_rise            =  1.20139e+00
sns_fall            =  1.19141e+00
m_vpor_rise_v = 2.6056950000e+00
m_vpor_fall_v = 2.4523140000e+00
m_v_hys_mv = 1.5338100000e+02
m_rise_chatter_mv = 0.0000000000e+00
m_fall_chatter_mv = 0.0000000000e+00
m_comp_offs_rise_mv = 1.3950000000e+00
m_comp_offs_fall_mv = -8.590000000e+00
Note: Simulation executed from .control section 

Warning: m=xx on .subckt line will override multiplier m hierarchy!

