
Note: Compatibility modes selected: hs a


Circuit: * por-threshold-mc mc @ hysteresis-min_ff_125c_2.97v_s0142 -- generated by sim/harness, do not edit

Doing analysis at TEMP = 125.000000 and TNOM = 27.000000

Using SPARSE 1.3 as Direct Linear Solver

Initial Transient Solution
--------------------------

Node                                   Voltage
----                                   -------
vdd                                          0
bias_ok                                   2.97
vref                                       1.2
ibias                                 0.499343
xdut.bias_okb                    -1.24967e-170
xdut.nbg                              0.499343
xdut.sns                         -1.97684e-168
xdut.xrtop.11                    -1.97684e-168
xdut.xrtop.21                    -3.05888e-174
xdut.snsb                        -3.67131e-168
xdut.xrbot.11                     -3.6713e-168
xdut.xrbot.21                    -1.97684e-168
xdut.xrhys.11                    -5.78745e-173
xdut.xrhys.21                    -3.67125e-168
xdut.n1                            2.64731e-18
xdut.tn                           -2.51317e-21
xdut.na                           -9.46913e-20
xdut.cmpo                         -2.53003e-21
xdut.vdda                          1.33196e-18
por_raw                             5.6705e-18
vref#branch                                  0
vok#branch                                   0
vsup#branch                             -5e-07

 Reference value :  0.00000e+00
 Reference value :  7.72750e-03
 Reference value :  1.26321e-02
No. of Data Rows : 3239
vpor_rise           =  2.59786e+00
vpor_rise_last      =  2.59786e+00
vpor_fall           =  2.44472e+00
vpor_fall_last      =  2.44472e+00
sns_rise            =  1.19778e+00
sns_fall            =  1.18778e+00
m_vpor_rise_v = 2.5978560000e+00
m_vpor_fall_v = 2.4447210000e+00
m_v_hys_mv = 1.5313500000e+02
m_rise_chatter_mv = 0.0000000000e+00
m_fall_chatter_mv = 0.0000000000e+00
m_comp_offs_rise_mv = -2.223000000e+00
m_comp_offs_fall_mv = -1.222200000e+01
Note: Simulation executed from .control section 

Warning: m=xx on .subckt line will override multiplier m hierarchy!

