
Note: Compatibility modes selected: hs a


Circuit: * por-threshold-mc mc @ hysteresis-min_ff_125c_2.97v_s0275 -- generated by sim/harness, do not edit

Doing analysis at TEMP = 125.000000 and TNOM = 27.000000

Using SPARSE 1.3 as Direct Linear Solver

Initial Transient Solution
--------------------------

Node                                   Voltage
----                                   -------
vdd                                          0
bias_ok                                   2.97
vref                                       1.2
ibias                                 0.504909
xdut.bias_okb                     4.49542e-170
xdut.nbg                              0.504909
xdut.sns                         -2.16793e-168
xdut.xrtop.11                    -2.16792e-168
xdut.xrtop.21                    -3.35456e-174
xdut.snsb                         -4.0262e-168
xdut.xrbot.11                     -4.0262e-168
xdut.xrbot.21                    -2.16793e-168
xdut.xrhys.11                    -6.34664e-173
xdut.xrhys.21                    -4.02614e-168
xdut.n1                           -8.33901e-18
xdut.tn                           -5.33853e-21
xdut.na                           -2.61779e-20
xdut.cmpo                         -5.37173e-21
xdut.vdda                          1.01928e-18
por_raw                            7.56235e-19
vref#branch                                  0
vok#branch                                   0
vsup#branch                             -5e-07

 Reference value :  0.00000e+00
 Reference value :  5.34250e-03
 Reference value :  1.08883e-02
No. of Data Rows : 3241
vpor_rise           =  2.59516e+00
vpor_rise_last      =  2.59516e+00
vpor_fall           =  2.44248e+00
vpor_fall_last      =  2.44248e+00
sns_rise            =  1.19653e+00
sns_fall            =  1.18677e+00
m_vpor_rise_v = 2.5951640000e+00
m_vpor_fall_v = 2.4424810000e+00
m_v_hys_mv = 1.5268300000e+02
m_rise_chatter_mv = 0.0000000000e+00
m_fall_chatter_mv = 0.0000000000e+00
m_comp_offs_rise_mv = -3.466000000e+00
m_comp_offs_fall_mv = -1.323400000e+01
Note: Simulation executed from .control section 

Warning: m=xx on .subckt line will override multiplier m hierarchy!

