
Note: Compatibility modes selected: hs a


Circuit: * por-threshold-mc mc @ hysteresis-min_ff_125c_2.97v_s0446 -- generated by sim/harness, do not edit

Doing analysis at TEMP = 125.000000 and TNOM = 27.000000

Using SPARSE 1.3 as Direct Linear Solver

Initial Transient Solution
--------------------------

Node                                   Voltage
----                                   -------
vdd                                          0
bias_ok                                   2.97
vref                                       1.2
ibias                                  0.50288
xdut.bias_okb                    -6.76284e-170
xdut.nbg                               0.50288
xdut.sns                         -2.21726e-168
xdut.xrtop.11                    -2.21725e-168
xdut.xrtop.21                    -3.43087e-174
xdut.snsb                        -4.11784e-168
xdut.xrbot.11                    -4.11784e-168
xdut.xrbot.21                    -2.21726e-168
xdut.xrhys.11                    -6.49142e-173
xdut.xrhys.21                    -4.11778e-168
xdut.n1                           -4.24861e-18
xdut.tn                           -1.15998e-21
xdut.na                           -5.10911e-19
xdut.cmpo                         -1.16597e-21
xdut.vdda                          -8.8376e-19
por_raw                            7.96051e-18
vref#branch                                  0
vok#branch                                   0
vsup#branch                             -5e-07

 Reference value :  0.00000e+00
 Reference value :  5.62250e-03
 Reference value :  1.10886e-02
No. of Data Rows : 3244
vpor_rise           =  2.57745e+00
vpor_rise_last      =  2.57745e+00
vpor_fall           =  2.42591e+00
vpor_fall_last      =  2.42591e+00
sns_rise            =  1.18836e+00
sns_fall            =  1.17898e+00
m_vpor_rise_v = 2.5774470000e+00
m_vpor_fall_v = 2.4259130000e+00
m_v_hys_mv = 1.5153400000e+02
m_rise_chatter_mv = 0.0000000000e+00
m_fall_chatter_mv = 0.0000000000e+00
m_comp_offs_rise_mv = -1.164300000e+01
m_comp_offs_fall_mv = -2.101900000e+01
Note: Simulation executed from .control section 

Warning: m=xx on .subckt line will override multiplier m hierarchy!

