
Note: Compatibility modes selected: hs a


Circuit: * por-threshold-mc mc @ hysteresis-min_ff_125c_2.97v_s0254 -- generated by sim/harness, do not edit

Doing analysis at TEMP = 125.000000 and TNOM = 27.000000

Using SPARSE 1.3 as Direct Linear Solver

Initial Transient Solution
--------------------------

Node                                   Voltage
----                                   -------
vdd                                          0
bias_ok                                   2.97
vref                                       1.2
ibias                                 0.499801
xdut.bias_okb                     2.16098e-170
xdut.nbg                              0.499801
xdut.sns                         -1.82004e-168
xdut.xrtop.11                    -1.82004e-168
xdut.xrtop.21                    -2.81636e-174
xdut.snsb                         -3.3802e-168
xdut.xrbot.11                     -3.3802e-168
xdut.xrbot.21                    -1.82004e-168
xdut.xrhys.11                     -5.3288e-173
xdut.xrhys.21                    -3.38015e-168
xdut.n1                            9.94501e-19
xdut.tn                           -1.04306e-21
xdut.na                            6.18556e-18
xdut.cmpo                         -1.03717e-21
xdut.vdda                           1.9569e-18
por_raw                            6.15757e-18
vref#branch                                  0
vok#branch                                   0
vsup#branch                             -5e-07

 Reference value :  0.00000e+00
 Reference value :  5.55750e-03
 Reference value :  1.08972e-02
No. of Data Rows : 3238
vpor_rise           =  2.59089e+00
vpor_rise_last      =  2.59089e+00
vpor_fall           =  2.43780e+00
vpor_fall_last      =  2.43780e+00
sns_rise            =  1.19456e+00
sns_fall            =  1.18428e+00
m_vpor_rise_v = 2.5908870000e+00
m_vpor_fall_v = 2.4378020000e+00
m_v_hys_mv = 1.5308500000e+02
m_rise_chatter_mv = 0.0000000000e+00
m_fall_chatter_mv = 0.0000000000e+00
m_comp_offs_rise_mv = -5.440000000e+00
m_comp_offs_fall_mv = -1.572100000e+01
Note: Simulation executed from .control section 

Warning: m=xx on .subckt line will override multiplier m hierarchy!

