
Note: Compatibility modes selected: hs a


Circuit: * por-threshold-mc mc @ hysteresis-min_ff_125c_2.97v_s0361 -- generated by sim/harness, do not edit

Doing analysis at TEMP = 125.000000 and TNOM = 27.000000

Using SPARSE 1.3 as Direct Linear Solver

Initial Transient Solution
--------------------------

Node                                   Voltage
----                                   -------
vdd                                          0
bias_ok                                   2.97
vref                                       1.2
ibias                                 0.505093
xdut.bias_okb                     7.57276e-170
xdut.nbg                              0.505093
xdut.sns                         -1.88955e-168
xdut.xrtop.11                    -1.88954e-168
xdut.xrtop.21                    -2.92376e-174
xdut.snsb                        -3.50917e-168
xdut.xrbot.11                    -3.50917e-168
xdut.xrbot.21                    -1.88955e-168
xdut.xrhys.11                    -5.53183e-173
xdut.xrhys.21                    -3.50912e-168
xdut.n1                           -1.16352e-18
xdut.tn                           -1.92217e-21
xdut.na                            2.61577e-18
xdut.cmpo                          -1.9292e-21
xdut.vdda                         -3.02488e-19
por_raw                            8.37469e-18
vref#branch                                  0
vok#branch                                   0
vsup#branch                             -5e-07

 Reference value :  0.00000e+00
 Reference value :  5.50250e-03
 Reference value :  1.10389e-02
No. of Data Rows : 3245
vpor_rise           =  2.59261e+00
vpor_rise_last      =  2.59261e+00
vpor_fall           =  2.44022e+00
vpor_fall_last      =  2.44022e+00
sns_rise            =  1.19535e+00
sns_fall            =  1.18584e+00
m_vpor_rise_v = 2.5926070000e+00
m_vpor_fall_v = 2.4402170000e+00
m_v_hys_mv = 1.5239000000e+02
m_rise_chatter_mv = 0.0000000000e+00
m_fall_chatter_mv = 0.0000000000e+00
m_comp_offs_rise_mv = -4.646000000e+00
m_comp_offs_fall_mv = -1.415800000e+01
Note: Simulation executed from .control section 

Warning: m=xx on .subckt line will override multiplier m hierarchy!

