
Note: Compatibility modes selected: hs a


Circuit: * por-threshold-mc mc @ hysteresis-min_ff_125c_2.97v_s0178 -- generated by sim/harness, do not edit

Doing analysis at TEMP = 125.000000 and TNOM = 27.000000

Using SPARSE 1.3 as Direct Linear Solver

Initial Transient Solution
--------------------------

Node                                   Voltage
----                                   -------
vdd                                          0
bias_ok                                   2.97
vref                                       1.2
ibias                                  0.50325
xdut.bias_okb                    -1.58781e-170
xdut.nbg                               0.50325
xdut.sns                         -9.80712e-169
xdut.xrtop.11                     -9.8071e-169
xdut.xrtop.21                    -1.51744e-174
xdut.snsb                        -1.82127e-168
xdut.xrbot.11                    -1.82126e-168
xdut.xrbot.21                    -9.80713e-169
xdut.xrhys.11                    -2.87097e-173
xdut.xrhys.21                    -1.82124e-168
xdut.n1                            1.89799e-18
xdut.tn                           -2.25558e-22
xdut.na                           -2.21972e-18
xdut.cmpo                          -2.2726e-22
xdut.vdda                         -2.23304e-18
por_raw                           -5.27729e-18
vref#branch                                  0
vok#branch                                   0
vsup#branch                             -5e-07

 Reference value :  0.00000e+00
 Reference value :  5.85250e-03
 Reference value :  1.15338e-02
No. of Data Rows : 3240
vpor_rise           =  2.60863e+00
vpor_rise_last      =  2.60863e+00
vpor_fall           =  2.45503e+00
vpor_fall_last      =  2.45503e+00
sns_rise            =  1.20275e+00
sns_fall            =  1.19294e+00
m_vpor_rise_v = 2.6086330000e+00
m_vpor_fall_v = 2.4550280000e+00
m_v_hys_mv = 1.5360500000e+02
m_rise_chatter_mv = 0.0000000000e+00
m_fall_chatter_mv = 0.0000000000e+00
m_comp_offs_rise_mv = 2.7510000000e+00
m_comp_offs_fall_mv = -7.056000000e+00
Note: Simulation executed from .control section 

Warning: m=xx on .subckt line will override multiplier m hierarchy!

