
Note: Compatibility modes selected: hs a


Circuit: * por-threshold-mc mc @ hysteresis-min_ff_125c_2.97v_s0008 -- generated by sim/harness, do not edit

Doing analysis at TEMP = 125.000000 and TNOM = 27.000000

Using SPARSE 1.3 as Direct Linear Solver

Initial Transient Solution
--------------------------

Node                                   Voltage
----                                   -------
vdd                                          0
bias_ok                                   2.97
vref                                       1.2
ibias                                 0.500202
xdut.bias_okb                    -1.30037e-170
xdut.nbg                              0.500202
xdut.sns                         -1.38617e-168
xdut.xrtop.11                    -1.38617e-168
xdut.xrtop.21                    -2.14485e-174
xdut.snsb                        -2.57431e-168
xdut.xrbot.11                    -2.57431e-168
xdut.xrbot.21                    -1.38618e-168
xdut.xrhys.11                    -4.05816e-173
xdut.xrhys.21                    -2.57427e-168
xdut.n1                            6.34584e-18
xdut.tn                            7.51375e-21
xdut.na                            3.22907e-19
xdut.cmpo                          7.56433e-21
xdut.vdda                          4.26638e-19
por_raw                           -2.66603e-18
vref#branch                                  0
vok#branch                                   0
vsup#branch                             -5e-07

 Reference value :  0.00000e+00
 Reference value :  6.19750e-03
 Reference value :  1.13070e-02
No. of Data Rows : 3241
vpor_rise           =  2.59247e+00
vpor_rise_last      =  2.59247e+00
vpor_fall           =  2.43981e+00
vpor_fall_last      =  2.43981e+00
sns_rise            =  1.19529e+00
sns_fall            =  1.18555e+00
m_vpor_rise_v = 2.5924730000e+00
m_vpor_fall_v = 2.4398130000e+00
m_v_hys_mv = 1.5266000000e+02
m_rise_chatter_mv = 0.0000000000e+00
m_fall_chatter_mv = 0.0000000000e+00
m_comp_offs_rise_mv = -4.708000000e+00
m_comp_offs_fall_mv = -1.445400000e+01
Note: Simulation executed from .control section 

Warning: m=xx on .subckt line will override multiplier m hierarchy!

