
Note: Compatibility modes selected: hs a


Circuit: * por-threshold-mc mc @ hysteresis-min_ff_125c_2.97v_s0174 -- generated by sim/harness, do not edit

Doing analysis at TEMP = 125.000000 and TNOM = 27.000000

Using SPARSE 1.3 as Direct Linear Solver

Initial Transient Solution
--------------------------

Node                                   Voltage
----                                   -------
vdd                                          0
bias_ok                                   2.97
vref                                       1.2
ibias                                 0.500174
xdut.bias_okb                    -3.19678e-171
xdut.nbg                              0.500173
xdut.sns                         -2.97027e-168
xdut.xrtop.11                    -2.97026e-168
xdut.xrtop.21                    -4.59607e-174
xdut.snsb                        -5.51634e-168
xdut.xrbot.11                    -5.51634e-168
xdut.xrbot.21                    -2.97027e-168
xdut.xrhys.11                    -8.69588e-173
xdut.xrhys.21                    -5.51625e-168
xdut.n1                            4.21936e-19
xdut.tn                           -2.33824e-21
xdut.na                           -2.69251e-18
xdut.cmpo                         -2.35923e-21
xdut.vdda                         -1.14454e-18
por_raw                            5.50687e-18
vref#branch                                  0
vok#branch                                   0
vsup#branch                             -5e-07

 Reference value :  0.00000e+00
 Reference value :  6.13750e-03
 Reference value :  1.18993e-02
No. of Data Rows : 3239
vpor_rise           =  2.59605e+00
vpor_rise_last      =  2.59605e+00
vpor_fall           =  2.44314e+00
vpor_fall_last      =  2.44314e+00
sns_rise            =  1.19694e+00
sns_fall            =  1.18700e+00
m_vpor_rise_v = 2.5960510000e+00
m_vpor_fall_v = 2.4431400000e+00
m_v_hys_mv = 1.5291100000e+02
m_rise_chatter_mv = 0.0000000000e+00
m_fall_chatter_mv = 0.0000000000e+00
m_comp_offs_rise_mv = -3.057000000e+00
m_comp_offs_fall_mv = -1.300000000e+01
Note: Simulation executed from .control section 

Warning: m=xx on .subckt line will override multiplier m hierarchy!

