
Note: Compatibility modes selected: hs a


Circuit: * por-threshold-mc mc @ hysteresis-min_ff_125c_2.97v_s0186 -- generated by sim/harness, do not edit

Doing analysis at TEMP = 125.000000 and TNOM = 27.000000

Using SPARSE 1.3 as Direct Linear Solver

Initial Transient Solution
--------------------------

Node                                   Voltage
----                                   -------
vdd                                          0
bias_ok                                   2.97
vref                                       1.2
ibias                                 0.505601
xdut.bias_okb                     1.75781e-170
xdut.nbg                              0.505601
xdut.sns                         -1.10264e-168
xdut.xrtop.11                    -1.10264e-168
xdut.xrtop.21                    -1.70615e-174
xdut.snsb                        -2.04777e-168
xdut.xrbot.11                    -2.04777e-168
xdut.xrbot.21                    -1.10264e-168
xdut.xrhys.11                    -3.22828e-173
xdut.xrhys.21                    -2.04774e-168
xdut.n1                           -4.47225e-18
xdut.tn                           -1.33166e-20
xdut.na                            2.26536e-19
xdut.cmpo                         -1.34124e-20
xdut.vdda                          3.01142e-18
por_raw                            6.10363e-18
vref#branch                                  0
vok#branch                                   0
vsup#branch                             -5e-07

 Reference value :  0.00000e+00
 Reference value :  5.98250e-03
 Reference value :  1.15354e-02
No. of Data Rows : 3240
vpor_rise           =  2.59586e+00
vpor_rise_last      =  2.59586e+00
vpor_fall           =  2.44277e+00
vpor_fall_last      =  2.44277e+00
sns_rise            =  1.19686e+00
sns_fall            =  1.18705e+00
m_vpor_rise_v = 2.5958620000e+00
m_vpor_fall_v = 2.4427730000e+00
m_v_hys_mv = 1.5308900000e+02
m_rise_chatter_mv = 0.0000000000e+00
m_fall_chatter_mv = 0.0000000000e+00
m_comp_offs_rise_mv = -3.144000000e+00
m_comp_offs_fall_mv = -1.294800000e+01
Note: Simulation executed from .control section 

Warning: m=xx on .subckt line will override multiplier m hierarchy!

