
Note: Compatibility modes selected: hs a


Circuit: * por-threshold-mc mc @ hysteresis-min_ff_125c_2.97v_s0488 -- generated by sim/harness, do not edit

Doing analysis at TEMP = 125.000000 and TNOM = 27.000000

Using SPARSE 1.3 as Direct Linear Solver

Initial Transient Solution
--------------------------

Node                                   Voltage
----                                   -------
vdd                                          0
bias_ok                                   2.97
vref                                       1.2
ibias                                  0.51081
xdut.bias_okb                    -3.67776e-170
xdut.nbg                               0.51081
xdut.sns                         -1.39644e-168
xdut.xrtop.11                    -1.39644e-168
xdut.xrtop.21                     -2.1608e-174
xdut.snsb                        -2.59342e-168
xdut.xrbot.11                    -2.59342e-168
xdut.xrbot.21                    -1.39644e-168
xdut.xrhys.11                    -4.08831e-173
xdut.xrhys.21                    -2.59338e-168
xdut.n1                           -2.79857e-18
xdut.tn                           -2.74545e-18
xdut.na                           -3.41191e-18
xdut.cmpo                         -2.74542e-18
xdut.vdda                          1.82236e-18
por_raw                           -7.48294e-18
vref#branch                                  0
vok#branch                                   0
vsup#branch                             -5e-07

 Reference value :  0.00000e+00
 Reference value :  5.42750e-03
 Reference value :  1.08683e-02
No. of Data Rows : 3240
vpor_rise           =  2.60709e+00
vpor_rise_last      =  2.60709e+00
vpor_fall           =  2.45426e+00
vpor_fall_last      =  2.45426e+00
sns_rise            =  1.20204e+00
sns_fall            =  1.19290e+00
m_vpor_rise_v = 2.6070920000e+00
m_vpor_fall_v = 2.4542560000e+00
m_v_hys_mv = 1.5283600000e+02
m_rise_chatter_mv = 0.0000000000e+00
m_fall_chatter_mv = 0.0000000000e+00
m_comp_offs_rise_mv = 2.0400000000e+00
m_comp_offs_fall_mv = -7.102000000e+00
Note: Simulation executed from .control section 

Warning: m=xx on .subckt line will override multiplier m hierarchy!

