
Note: Compatibility modes selected: hs a


Circuit: * por-threshold-mc mc @ hysteresis-min_ff_125c_2.97v_s0491 -- generated by sim/harness, do not edit

Doing analysis at TEMP = 125.000000 and TNOM = 27.000000

Using SPARSE 1.3 as Direct Linear Solver

Initial Transient Solution
--------------------------

Node                                   Voltage
----                                   -------
vdd                                          0
bias_ok                                   2.97
vref                                       1.2
ibias                                 0.509276
xdut.bias_okb                     2.55904e-170
xdut.nbg                              0.509276
xdut.sns                         -1.71937e-168
xdut.xrtop.11                    -1.71937e-168
xdut.xrtop.21                     -2.6604e-174
xdut.snsb                        -3.19311e-168
xdut.xrbot.11                     -3.1931e-168
xdut.xrbot.21                    -1.71937e-168
xdut.xrhys.11                    -5.03359e-173
xdut.xrhys.21                    -3.19306e-168
xdut.n1                           -2.59299e-18
xdut.tn                            1.48876e-20
xdut.na                           -5.60766e-19
xdut.cmpo                          1.50003e-20
xdut.vdda                         -2.30154e-19
por_raw                           -5.19239e-18
vref#branch                                  0
vok#branch                                   0
vsup#branch                             -5e-07

 Reference value :  0.00000e+00
 Reference value :  5.38250e-03
 Reference value :  1.10130e-02
No. of Data Rows : 3244
vpor_rise           =  2.57735e+00
vpor_rise_last      =  2.57735e+00
vpor_fall           =  2.42586e+00
vpor_fall_last      =  2.42586e+00
sns_rise            =  1.18831e+00
sns_fall            =  1.17911e+00
m_vpor_rise_v = 2.5773480000e+00
m_vpor_fall_v = 2.4258640000e+00
m_v_hys_mv = 1.5148400000e+02
m_rise_chatter_mv = 0.0000000000e+00
m_fall_chatter_mv = 0.0000000000e+00
m_comp_offs_rise_mv = -1.168800000e+01
m_comp_offs_fall_mv = -2.088700000e+01
Note: Simulation executed from .control section 

Warning: m=xx on .subckt line will override multiplier m hierarchy!

