
Note: Compatibility modes selected: hs a


Circuit: * por-threshold-mc mc @ hysteresis-min_ff_125c_2.97v_s0123 -- generated by sim/harness, do not edit

Doing analysis at TEMP = 125.000000 and TNOM = 27.000000

Using SPARSE 1.3 as Direct Linear Solver

Initial Transient Solution
--------------------------

Node                                   Voltage
----                                   -------
vdd                                          0
bias_ok                                   2.97
vref                                       1.2
ibias                                  0.50131
xdut.bias_okb                    -6.46417e-181
xdut.nbg                               0.50131
xdut.sns                         -4.62224e-180
xdut.xrtop.11                    -4.62223e-180
xdut.xrtop.21                    -7.15228e-186
xdut.snsb                        -8.58415e-180
xdut.xrbot.11                    -8.58414e-180
xdut.xrbot.21                    -4.62224e-180
xdut.xrhys.11                    -1.35331e-184
xdut.xrhys.21                    -8.58401e-180
xdut.n1                           -2.47983e-19
xdut.tn                           -1.29874e-20
xdut.na                            2.53659e-21
xdut.cmpo                         -1.30736e-20
xdut.vdda                          3.61117e-19
por_raw                           -3.08458e-19
vref#branch                                  0
vok#branch                                   0
vsup#branch                             -5e-07

 Reference value :  0.00000e+00
 Reference value :  6.02250e-03
 Reference value :  1.15586e-02
No. of Data Rows : 3241
vpor_rise           =  2.58884e+00
vpor_rise_last      =  2.58884e+00
vpor_fall           =  2.43633e+00
vpor_fall_last      =  2.43633e+00
sns_rise            =  1.19361e+00
sns_fall            =  1.18386e+00
m_vpor_rise_v = 2.5888350000e+00
m_vpor_fall_v = 2.4363320000e+00
m_v_hys_mv = 1.5250300000e+02
m_rise_chatter_mv = 0.0000000000e+00
m_fall_chatter_mv = 0.0000000000e+00
m_comp_offs_rise_mv = -6.387000000e+00
m_comp_offs_fall_mv = -1.614300000e+01
Note: Simulation executed from .control section 

Warning: m=xx on .subckt line will override multiplier m hierarchy!

