
Note: Compatibility modes selected: hs a


Circuit: * por-threshold-mc mc @ hysteresis-min_ff_125c_2.97v_s0289 -- generated by sim/harness, do not edit

Doing analysis at TEMP = 125.000000 and TNOM = 27.000000

Using SPARSE 1.3 as Direct Linear Solver

Initial Transient Solution
--------------------------

Node                                   Voltage
----                                   -------
vdd                                          0
bias_ok                                   2.97
vref                                       1.2
ibias                                 0.505416
xdut.bias_okb                    -6.64346e-173
xdut.nbg                              0.505416
xdut.sns                          -1.9026e-168
xdut.xrtop.11                     -1.9026e-168
xdut.xrtop.21                    -2.94404e-174
xdut.snsb                        -3.53347e-168
xdut.xrbot.11                    -3.53347e-168
xdut.xrbot.21                     -1.9026e-168
xdut.xrhys.11                    -5.56994e-173
xdut.xrhys.21                    -3.53341e-168
xdut.n1                           -3.47634e-18
xdut.tn                            1.35701e-21
xdut.na                            3.29955e-18
xdut.cmpo                          1.36627e-21
xdut.vdda                          2.33212e-18
por_raw                           -3.12201e-18
vref#branch                                  0
vok#branch                                   0
vsup#branch                             -5e-07

 Reference value :  0.00000e+00
 Reference value :  5.46250e-03
 Reference value :  1.08898e-02
No. of Data Rows : 3240
vpor_rise           =  2.59421e+00
vpor_rise_last      =  2.59421e+00
vpor_fall           =  2.44153e+00
vpor_fall_last      =  2.44153e+00
sns_rise            =  1.19609e+00
sns_fall            =  1.18641e+00
m_vpor_rise_v = 2.5942060000e+00
m_vpor_fall_v = 2.4415260000e+00
m_v_hys_mv = 1.5268000000e+02
m_rise_chatter_mv = 0.0000000000e+00
m_fall_chatter_mv = 0.0000000000e+00
m_comp_offs_rise_mv = -3.908000000e+00
m_comp_offs_fall_mv = -1.358900000e+01
Note: Simulation executed from .control section 

Warning: m=xx on .subckt line will override multiplier m hierarchy!

