
Note: Compatibility modes selected: hs a


Circuit: * por-threshold-mc mc @ hysteresis-min_ff_125c_2.97v_s0140 -- generated by sim/harness, do not edit

Doing analysis at TEMP = 125.000000 and TNOM = 27.000000

Using SPARSE 1.3 as Direct Linear Solver

Initial Transient Solution
--------------------------

Node                                   Voltage
----                                   -------
vdd                                          0
bias_ok                                   2.97
vref                                       1.2
ibias                                 0.506141
xdut.bias_okb                    -6.59883e-170
xdut.nbg                              0.506141
xdut.sns                         -1.94534e-168
xdut.xrtop.11                    -1.94534e-168
xdut.xrtop.21                    -3.01008e-174
xdut.snsb                        -3.61282e-168
xdut.xrbot.11                    -3.61282e-168
xdut.xrbot.21                    -1.94534e-168
xdut.xrhys.11                    -5.69548e-173
xdut.xrhys.21                    -3.61276e-168
xdut.n1                            9.00862e-18
xdut.tn                            2.84503e-22
xdut.na                            1.29801e-18
xdut.cmpo                          2.87771e-22
xdut.vdda                           -6.202e-19
por_raw                            1.06756e-17
vref#branch                                  0
vok#branch                                   0
vsup#branch                             -5e-07

 Reference value :  0.00000e+00
 Reference value :  5.75250e-03
 Reference value :  1.26949e-02
No. of Data Rows : 3240
vpor_rise           =  2.59906e+00
vpor_rise_last      =  2.59906e+00
vpor_fall           =  2.44596e+00
vpor_fall_last      =  2.44596e+00
sns_rise            =  1.19833e+00
sns_fall            =  1.18847e+00
m_vpor_rise_v = 2.5990610000e+00
m_vpor_fall_v = 2.4459610000e+00
m_v_hys_mv = 1.5310000000e+02
m_rise_chatter_mv = 0.0000000000e+00
m_fall_chatter_mv = 0.0000000000e+00
m_comp_offs_rise_mv = -1.667000000e+00
m_comp_offs_fall_mv = -1.152700000e+01
Note: Simulation executed from .control section 

Warning: m=xx on .subckt line will override multiplier m hierarchy!

