
Note: Compatibility modes selected: hs a


Circuit: * por-threshold-mc mc @ hysteresis-min_ff_125c_2.97v_s0401 -- generated by sim/harness, do not edit

Doing analysis at TEMP = 125.000000 and TNOM = 27.000000

Using SPARSE 1.3 as Direct Linear Solver

Initial Transient Solution
--------------------------

Node                                   Voltage
----                                   -------
vdd                                          0
bias_ok                                   2.97
vref                                       1.2
ibias                                 0.497359
xdut.bias_okb                     -4.1037e-170
xdut.nbg                              0.497359
xdut.sns                         -1.47009e-168
xdut.xrtop.11                    -1.47009e-168
xdut.xrtop.21                     -2.2748e-174
xdut.snsb                        -2.73019e-168
xdut.xrbot.11                    -2.73019e-168
xdut.xrbot.21                     -1.4701e-168
xdut.xrhys.11                    -4.30418e-173
xdut.xrhys.21                    -2.73015e-168
xdut.n1                            -8.0311e-18
xdut.tn                            8.95857e-21
xdut.na                           -1.13203e-18
xdut.cmpo                          9.01493e-21
xdut.vdda                         -4.99236e-19
por_raw                            3.71898e-18
vref#branch                                  0
vok#branch                                   0
vsup#branch                             -5e-07

 Reference value :  0.00000e+00
 Reference value :  5.30750e-03
 Reference value :  1.13322e-02
No. of Data Rows : 3241
vpor_rise           =  2.62400e+00
vpor_rise_last      =  2.62400e+00
vpor_fall           =  2.46882e+00
vpor_fall_last      =  2.46882e+00
sns_rise            =  1.20984e+00
sns_fall            =  1.19914e+00
m_vpor_rise_v = 2.6240000000e+00
m_vpor_fall_v = 2.4688200000e+00
m_v_hys_mv = 1.5518000000e+02
m_rise_chatter_mv = 0.0000000000e+00
m_fall_chatter_mv = 0.0000000000e+00
m_comp_offs_rise_mv = 9.8440000000e+00
m_comp_offs_fall_mv = -8.570000000e-01
Note: Simulation executed from .control section 

Warning: m=xx on .subckt line will override multiplier m hierarchy!

