
Note: Compatibility modes selected: hs a


Circuit: * por-threshold-mc mc @ hysteresis-min_ff_125c_2.97v_s0484 -- generated by sim/harness, do not edit

Doing analysis at TEMP = 125.000000 and TNOM = 27.000000

Using SPARSE 1.3 as Direct Linear Solver

Initial Transient Solution
--------------------------

Node                                   Voltage
----                                   -------
vdd                                          0
bias_ok                                   2.97
vref                                       1.2
ibias                                 0.505436
xdut.bias_okb                    -4.18059e-171
xdut.nbg                              0.505435
xdut.sns                         -1.61399e-168
xdut.xrtop.11                    -1.61398e-168
xdut.xrtop.21                    -2.49741e-174
xdut.snsb                        -2.99739e-168
xdut.xrbot.11                    -2.99738e-168
xdut.xrbot.21                    -1.61399e-168
xdut.xrhys.11                    -4.72512e-173
xdut.xrhys.21                    -2.99734e-168
xdut.n1                              4.567e-18
xdut.tn                            1.44362e-21
xdut.na                            4.12309e-18
xdut.cmpo                          1.45808e-21
xdut.vdda                          1.29487e-18
por_raw                            8.53138e-18
vref#branch                                  0
vok#branch                                   0
vsup#branch                             -5e-07

 Reference value :  0.00000e+00
 Reference value :  5.58250e-03
 Reference value :  1.08994e-02
No. of Data Rows : 3242
vpor_rise           =  2.61106e+00
vpor_rise_last      =  2.61106e+00
vpor_fall           =  2.45752e+00
vpor_fall_last      =  2.45752e+00
sns_rise            =  1.20387e+00
sns_fall            =  1.19416e+00
m_vpor_rise_v = 2.6110550000e+00
m_vpor_fall_v = 2.4575240000e+00
m_v_hys_mv = 1.5353100000e+02
m_rise_chatter_mv = 0.0000000000e+00
m_fall_chatter_mv = 0.0000000000e+00
m_comp_offs_rise_mv = 3.8690000000e+00
m_comp_offs_fall_mv = -5.837000000e+00
Note: Simulation executed from .control section 

Warning: m=xx on .subckt line will override multiplier m hierarchy!

