
Note: Compatibility modes selected: hs a


Circuit: * por-threshold-mc mc @ hysteresis-min_ff_125c_2.97v_s0016 -- generated by sim/harness, do not edit

Doing analysis at TEMP = 125.000000 and TNOM = 27.000000

Using SPARSE 1.3 as Direct Linear Solver

Initial Transient Solution
--------------------------

Node                                   Voltage
----                                   -------
vdd                                          0
bias_ok                                   2.97
vref                                       1.2
ibias                                  0.50346
xdut.bias_okb                     2.11404e-172
xdut.nbg                               0.50346
xdut.sns                         -1.21752e-168
xdut.xrtop.11                    -1.21752e-168
xdut.xrtop.21                    -1.88396e-174
xdut.snsb                        -2.26117e-168
xdut.xrbot.11                    -2.26117e-168
xdut.xrbot.21                    -1.21752e-168
xdut.xrhys.11                    -3.56439e-173
xdut.xrhys.21                    -2.26114e-168
xdut.n1                             1.9025e-18
xdut.tn                           -5.96174e-21
xdut.na                            4.38234e-18
xdut.cmpo                         -5.99625e-21
xdut.vdda                          4.23283e-19
por_raw                           -9.43652e-18
vref#branch                                  0
vok#branch                                   0
vsup#branch                             -5e-07

 Reference value :  0.00000e+00
 Reference value :  6.13750e-03
 Reference value :  1.15886e-02
No. of Data Rows : 3238
vpor_rise           =  2.56769e+00
vpor_rise_last      =  2.56769e+00
vpor_fall           =  2.41646e+00
vpor_fall_last      =  2.41646e+00
sns_rise            =  1.18385e+00
sns_fall            =  1.17447e+00
m_vpor_rise_v = 2.5676930000e+00
m_vpor_fall_v = 2.4164590000e+00
m_v_hys_mv = 1.5123400000e+02
m_rise_chatter_mv = 0.0000000000e+00
m_fall_chatter_mv = 0.0000000000e+00
m_comp_offs_rise_mv = -1.614500000e+01
m_comp_offs_fall_mv = -2.553200000e+01
Note: Simulation executed from .control section 

Warning: m=xx on .subckt line will override multiplier m hierarchy!

