
Note: Compatibility modes selected: hs a


Circuit: * por-threshold-mc mc @ hysteresis-min_ff_125c_2.97v_s0136 -- generated by sim/harness, do not edit

Doing analysis at TEMP = 125.000000 and TNOM = 27.000000

Using SPARSE 1.3 as Direct Linear Solver

Initial Transient Solution
--------------------------

Node                                   Voltage
----                                   -------
vdd                                          0
bias_ok                                   2.97
vref                                       1.2
ibias                                  0.50232
xdut.bias_okb                     7.00736e-170
xdut.nbg                               0.50232
xdut.sns                         -1.34716e-168
xdut.xrtop.11                    -1.34716e-168
xdut.xrtop.21                    -2.08456e-174
xdut.snsb                        -2.50188e-168
xdut.xrbot.11                    -2.50188e-168
xdut.xrbot.21                    -1.34716e-168
xdut.xrhys.11                    -3.94397e-173
xdut.xrhys.21                    -2.50184e-168
xdut.n1                           -1.84826e-19
xdut.tn                            3.29785e-21
xdut.na                            7.50479e-19
xdut.cmpo                          3.31615e-21
xdut.vdda                           1.9299e-18
por_raw                           -3.99301e-18
vref#branch                                  0
vok#branch                                   0
vsup#branch                             -5e-07

 Reference value :  0.00000e+00
 Reference value :  5.66750e-03
 Reference value :  1.14189e-02
No. of Data Rows : 3243
vpor_rise           =  2.59564e+00
vpor_rise_last      =  2.59564e+00
vpor_fall           =  2.44283e+00
vpor_fall_last      =  2.44283e+00
sns_rise            =  1.19675e+00
sns_fall            =  1.18719e+00
m_vpor_rise_v = 2.5956420000e+00
m_vpor_fall_v = 2.4428340000e+00
m_v_hys_mv = 1.5280800000e+02
m_rise_chatter_mv = 0.0000000000e+00
m_fall_chatter_mv = 0.0000000000e+00
m_comp_offs_rise_mv = -3.246000000e+00
m_comp_offs_fall_mv = -1.281300000e+01
Note: Simulation executed from .control section 

Warning: m=xx on .subckt line will override multiplier m hierarchy!

