
Note: Compatibility modes selected: hs a


Circuit: * por-threshold-mc mc @ hysteresis-min_ff_125c_2.97v_s0397 -- generated by sim/harness, do not edit

Doing analysis at TEMP = 125.000000 and TNOM = 27.000000

Using SPARSE 1.3 as Direct Linear Solver

Initial Transient Solution
--------------------------

Node                                   Voltage
----                                   -------
vdd                                          0
bias_ok                                   2.97
vref                                       1.2
ibias                                 0.508008
xdut.bias_okb                     3.74369e-170
xdut.nbg                              0.508008
xdut.sns                         -1.47448e-168
xdut.xrtop.11                    -1.47448e-168
xdut.xrtop.21                    -2.28151e-174
xdut.snsb                        -2.73831e-168
xdut.xrbot.11                    -2.73831e-168
xdut.xrbot.21                    -1.47449e-168
xdut.xrhys.11                    -4.31659e-173
xdut.xrhys.21                    -2.73827e-168
xdut.n1                           -7.10332e-18
xdut.tn                           -2.04863e-21
xdut.na                            3.07812e-18
xdut.cmpo                         -2.05583e-21
xdut.vdda                          5.22179e-19
por_raw                            7.00635e-18
vref#branch                                  0
vok#branch                                   0
vsup#branch                             -5e-07

 Reference value :  0.00000e+00
 Reference value :  5.45750e-03
 Reference value :  1.08878e-02
 Reference value :  1.49298e-02
No. of Data Rows : 3243
vpor_rise           =  2.59533e+00
vpor_rise_last      =  2.59533e+00
vpor_fall           =  2.44272e+00
vpor_fall_last      =  2.44272e+00
sns_rise            =  1.19661e+00
sns_fall            =  1.18721e+00
m_vpor_rise_v = 2.5953280000e+00
m_vpor_fall_v = 2.4427200000e+00
m_v_hys_mv = 1.5260800000e+02
m_rise_chatter_mv = 0.0000000000e+00
m_fall_chatter_mv = 0.0000000000e+00
m_comp_offs_rise_mv = -3.390000000e+00
m_comp_offs_fall_mv = -1.279200000e+01
Note: Simulation executed from .control section 

Warning: m=xx on .subckt line will override multiplier m hierarchy!

