
Note: Compatibility modes selected: hs a


Circuit: * por-threshold-mc mc @ hysteresis-min_ff_125c_2.97v_s0129 -- generated by sim/harness, do not edit

Doing analysis at TEMP = 125.000000 and TNOM = 27.000000

Using SPARSE 1.3 as Direct Linear Solver

Initial Transient Solution
--------------------------

Node                                   Voltage
----                                   -------
vdd                                          0
bias_ok                                   2.97
vref                                       1.2
ibias                                 0.502732
xdut.bias_okb                    -1.18738e-170
xdut.nbg                              0.502732
xdut.sns                         -1.89555e-168
xdut.xrtop.11                    -1.89554e-168
xdut.xrtop.21                     -2.9331e-174
xdut.snsb                        -3.52035e-168
xdut.xrbot.11                    -3.52035e-168
xdut.xrbot.21                    -1.89555e-168
xdut.xrhys.11                    -5.54987e-173
xdut.xrhys.21                     -3.5203e-168
xdut.n1                           -7.53609e-18
xdut.tn                            5.86934e-23
xdut.na                            -2.0545e-19
xdut.cmpo                          5.92386e-23
xdut.vdda                         -8.78966e-19
por_raw                           -2.94457e-18
vref#branch                                  0
vok#branch                                   0
vsup#branch                             -5e-07

 Reference value :  0.00000e+00
 Reference value :  5.95250e-03
 Reference value :  1.15237e-02
No. of Data Rows : 3240
vpor_rise           =  2.59944e+00
vpor_rise_last      =  2.59944e+00
vpor_fall           =  2.44653e+00
vpor_fall_last      =  2.44653e+00
sns_rise            =  1.19851e+00
sns_fall            =  1.18880e+00
m_vpor_rise_v = 2.5994380000e+00
m_vpor_fall_v = 2.4465250000e+00
m_v_hys_mv = 1.5291300000e+02
m_rise_chatter_mv = 0.0000000000e+00
m_fall_chatter_mv = 0.0000000000e+00
m_comp_offs_rise_mv = -1.493000000e+00
m_comp_offs_fall_mv = -1.119600000e+01
Note: Simulation executed from .control section 

Warning: m=xx on .subckt line will override multiplier m hierarchy!

