
Note: Compatibility modes selected: hs a


Circuit: * por-threshold-mc mc @ hysteresis-min_ff_125c_2.97v_s0433 -- generated by sim/harness, do not edit

Doing analysis at TEMP = 125.000000 and TNOM = 27.000000

Using SPARSE 1.3 as Direct Linear Solver

Initial Transient Solution
--------------------------

Node                                   Voltage
----                                   -------
vdd                                          0
bias_ok                                   2.97
vref                                       1.2
ibias                                 0.502871
xdut.bias_okb                    -1.87121e-170
xdut.nbg                               0.50287
xdut.sns                         -1.28937e-168
xdut.xrtop.11                    -1.28936e-168
xdut.xrtop.21                    -1.99513e-174
xdut.snsb                        -2.39459e-168
xdut.xrbot.11                    -2.39459e-168
xdut.xrbot.21                    -1.28937e-168
xdut.xrhys.11                    -3.77498e-173
xdut.xrhys.21                    -2.39455e-168
xdut.n1                            -7.3023e-18
xdut.tn                            1.74373e-21
xdut.na                            -1.5902e-20
xdut.cmpo                          1.75302e-21
xdut.vdda                         -8.75476e-19
por_raw                           -1.03841e-17
vref#branch                                  0
vok#branch                                   0
vsup#branch                             -5e-07

 Reference value :  0.00000e+00
 Reference value :  5.71250e-03
 Reference value :  1.09176e-02
No. of Data Rows : 3240
vpor_rise           =  2.57731e+00
vpor_rise_last      =  2.57731e+00
vpor_fall           =  2.42567e+00
vpor_fall_last      =  2.42567e+00
sns_rise            =  1.18829e+00
sns_fall            =  1.17892e+00
m_vpor_rise_v = 2.5773070000e+00
m_vpor_fall_v = 2.4256740000e+00
m_v_hys_mv = 1.5163300000e+02
m_rise_chatter_mv = 0.0000000000e+00
m_fall_chatter_mv = 0.0000000000e+00
m_comp_offs_rise_mv = -1.170800000e+01
m_comp_offs_fall_mv = -2.108500000e+01
Note: Simulation executed from .control section 

Warning: m=xx on .subckt line will override multiplier m hierarchy!

