
Note: Compatibility modes selected: hs a


Circuit: * por-threshold-mc mc @ hysteresis-min_ff_125c_2.97v_s0461 -- generated by sim/harness, do not edit

Doing analysis at TEMP = 125.000000 and TNOM = 27.000000

Using SPARSE 1.3 as Direct Linear Solver

Initial Transient Solution
--------------------------

Node                                   Voltage
----                                   -------
vdd                                          0
bias_ok                                   2.97
vref                                       1.2
ibias                                 0.507072
xdut.bias_okb                    -1.70509e-171
xdut.nbg                              0.507072
xdut.sns                         -1.16702e-168
xdut.xrtop.11                    -1.16702e-168
xdut.xrtop.21                    -1.80579e-174
xdut.snsb                        -2.16738e-168
xdut.xrbot.11                    -2.16738e-168
xdut.xrbot.21                    -1.16702e-168
xdut.xrhys.11                    -3.41675e-173
xdut.xrhys.21                    -2.16735e-168
xdut.n1                           -3.43983e-18
xdut.tn                            1.06778e-20
xdut.na                           -1.44518e-18
xdut.cmpo                          1.07393e-20
xdut.vdda                          4.09152e-18
por_raw                            8.89251e-18
vref#branch                                  0
vok#branch                                   0
vsup#branch                             -5e-07

 Reference value :  0.00000e+00
 Reference value :  5.65750e-03
 Reference value :  1.12387e-02
No. of Data Rows : 3236
vpor_rise           =  2.56398e+00
vpor_rise_last      =  2.56398e+00
vpor_fall           =  2.41336e+00
vpor_fall_last      =  2.41336e+00
sns_rise            =  1.18214e+00
sns_fall            =  1.17321e+00
m_vpor_rise_v = 2.5639850000e+00
m_vpor_fall_v = 2.4133570000e+00
m_v_hys_mv = 1.5062800000e+02
m_rise_chatter_mv = 0.0000000000e+00
m_fall_chatter_mv = 0.0000000000e+00
m_comp_offs_rise_mv = -1.785600000e+01
m_comp_offs_fall_mv = -2.678600000e+01
Note: Simulation executed from .control section 

Warning: m=xx on .subckt line will override multiplier m hierarchy!

