
Note: Compatibility modes selected: hs a


Circuit: * por-threshold-mc mc @ hysteresis-min_ff_125c_2.97v_s0317 -- generated by sim/harness, do not edit

Doing analysis at TEMP = 125.000000 and TNOM = 27.000000

Using SPARSE 1.3 as Direct Linear Solver

Initial Transient Solution
--------------------------

Node                                   Voltage
----                                   -------
vdd                                          0
bias_ok                                   2.97
vref                                       1.2
ibias                                 0.505979
xdut.bias_okb                     8.50227e-171
xdut.nbg                              0.505979
xdut.sns                         -2.19233e-168
xdut.xrtop.11                    -2.19233e-168
xdut.xrtop.21                    -3.39216e-174
xdut.snsb                        -4.07144e-168
xdut.xrbot.11                    -4.07144e-168
xdut.xrbot.21                    -2.19234e-168
xdut.xrhys.11                    -6.41815e-173
xdut.xrhys.21                    -4.07138e-168
xdut.n1                           -4.29483e-18
xdut.tn                            1.40075e-20
xdut.na                           -4.56224e-19
xdut.cmpo                          1.41053e-20
xdut.vdda                         -3.98403e-18
por_raw                           -9.99878e-18
vref#branch                                  0
vok#branch                                   0
vsup#branch                             -5e-07

 Reference value :  0.00000e+00
 Reference value :  5.49750e-03
 Reference value :  1.09374e-02
No. of Data Rows : 3239
vpor_rise           =  2.59720e+00
vpor_rise_last      =  2.59720e+00
vpor_fall           =  2.44437e+00
vpor_fall_last      =  2.44437e+00
sns_rise            =  1.19747e+00
sns_fall            =  1.18777e+00
m_vpor_rise_v = 2.5972020000e+00
m_vpor_fall_v = 2.4443680000e+00
m_v_hys_mv = 1.5283400000e+02
m_rise_chatter_mv = 0.0000000000e+00
m_fall_chatter_mv = 0.0000000000e+00
m_comp_offs_rise_mv = -2.525000000e+00
m_comp_offs_fall_mv = -1.222600000e+01
Note: Simulation executed from .control section 

Warning: m=xx on .subckt line will override multiplier m hierarchy!

