
Note: Compatibility modes selected: hs a


Circuit: * por-threshold-mc mc @ hysteresis-min_ff_125c_2.97v_s0125 -- generated by sim/harness, do not edit

Doing analysis at TEMP = 125.000000 and TNOM = 27.000000

Using SPARSE 1.3 as Direct Linear Solver

Initial Transient Solution
--------------------------

Node                                   Voltage
----                                   -------
vdd                                          0
bias_ok                                   2.97
vref                                       1.2
ibias                                 0.508726
xdut.bias_okb                     -5.5653e-170
xdut.nbg                              0.508726
xdut.sns                         -1.77598e-168
xdut.xrtop.11                    -1.77598e-168
xdut.xrtop.21                    -2.74813e-174
xdut.snsb                         -3.2983e-168
xdut.xrbot.11                     -3.2983e-168
xdut.xrbot.21                    -1.77599e-168
xdut.xrhys.11                    -5.19968e-173
xdut.xrhys.21                    -3.29825e-168
xdut.n1                            -2.2162e-18
xdut.tn                           -4.05105e-18
xdut.na                            6.51946e-19
xdut.cmpo                         -4.05095e-18
xdut.vdda                          1.23487e-18
por_raw                           -3.31143e-18
vref#branch                                  0
vok#branch                                   0
vsup#branch                             -5e-07

 Reference value :  0.00000e+00
 Reference value :  5.91750e-03
 Reference value :  1.17049e-02
No. of Data Rows : 3243
vpor_rise           =  2.60079e+00
vpor_rise_last      =  2.60079e+00
vpor_fall           =  2.44814e+00
vpor_fall_last      =  2.44814e+00
sns_rise            =  1.19913e+00
sns_fall            =  1.18975e+00
m_vpor_rise_v = 2.6007870000e+00
m_vpor_fall_v = 2.4481370000e+00
m_v_hys_mv = 1.5265000000e+02
m_rise_chatter_mv = 0.0000000000e+00
m_fall_chatter_mv = 0.0000000000e+00
m_comp_offs_rise_mv = -8.710000000e-01
m_comp_offs_fall_mv = -1.024700000e+01
Note: Simulation executed from .control section 

Warning: m=xx on .subckt line will override multiplier m hierarchy!

