
Note: Compatibility modes selected: hs a


Circuit: * por-threshold-mc mc @ hysteresis-min_ff_125c_2.97v_s0163 -- generated by sim/harness, do not edit

Doing analysis at TEMP = 125.000000 and TNOM = 27.000000

Using SPARSE 1.3 as Direct Linear Solver

Initial Transient Solution
--------------------------

Node                                   Voltage
----                                   -------
vdd                                          0
bias_ok                                   2.97
vref                                       1.2
ibias                                 0.502827
xdut.bias_okb                     7.42489e-170
xdut.nbg                              0.502827
xdut.sns                         -2.86273e-168
xdut.xrtop.11                    -2.86272e-168
xdut.xrtop.21                    -4.42941e-174
xdut.snsb                        -5.31623e-168
xdut.xrbot.11                    -5.31623e-168
xdut.xrbot.21                    -2.86273e-168
xdut.xrhys.11                    -8.38025e-173
xdut.xrhys.21                    -5.31615e-168
xdut.n1                            1.22317e-17
xdut.tn                            2.20157e-21
xdut.na                           -2.58385e-18
xdut.cmpo                          2.20996e-21
xdut.vdda                         -2.68421e-19
por_raw                           -1.46451e-17
vref#branch                                  0
vok#branch                                   0
vsup#branch                             -5e-07

 Reference value :  0.00000e+00
 Reference value :  5.70250e-03
 Reference value :  1.10317e-02
No. of Data Rows : 3243
vpor_rise           =  2.60445e+00
vpor_rise_last      =  2.60445e+00
vpor_fall           =  2.45099e+00
vpor_fall_last      =  2.45099e+00
sns_rise            =  1.20082e+00
sns_fall            =  1.19068e+00
m_vpor_rise_v = 2.6044510000e+00
m_vpor_fall_v = 2.4509860000e+00
m_v_hys_mv = 1.5346500000e+02
m_rise_chatter_mv = 0.0000000000e+00
m_fall_chatter_mv = 0.0000000000e+00
m_comp_offs_rise_mv = 8.2100000000e-01
m_comp_offs_fall_mv = -9.320000000e+00
Note: Simulation executed from .control section 

Warning: m=xx on .subckt line will override multiplier m hierarchy!

