
Note: Compatibility modes selected: hs a


Circuit: * por-threshold-mc mc @ hysteresis-min_ff_125c_2.97v_s0003 -- generated by sim/harness, do not edit

Doing analysis at TEMP = 125.000000 and TNOM = 27.000000

Using SPARSE 1.3 as Direct Linear Solver

Initial Transient Solution
--------------------------

Node                                   Voltage
----                                   -------
vdd                                          0
bias_ok                                   2.97
vref                                       1.2
ibias                                 0.497376
xdut.bias_okb                    -5.16272e-170
xdut.nbg                              0.497375
xdut.sns                          4.05166e-161
xdut.xrtop.11                     4.05165e-161
xdut.xrtop.21                     6.26942e-167
xdut.snsb                          7.5247e-161
xdut.xrbot.11                     7.52469e-161
xdut.xrbot.21                     4.05167e-161
xdut.xrhys.11                     1.18615e-165
xdut.xrhys.21                     7.52458e-161
xdut.n1                            6.65184e-18
xdut.tn                             2.2113e-21
xdut.na                            9.02538e-19
xdut.cmpo                          2.21643e-21
xdut.vdda                          1.01891e-18
por_raw                           -8.18968e-18
vref#branch                                  0
vok#branch                                   0
vsup#branch                             -5e-07

 Reference value :  0.00000e+00
 Reference value :  5.95750e-03
 Reference value :  1.20303e-02
No. of Data Rows : 3239
vpor_rise           =  2.58349e+00
vpor_rise_last      =  2.58349e+00
vpor_fall           =  2.43095e+00
vpor_fall_last      =  2.43095e+00
sns_rise            =  1.19115e+00
sns_fall            =  1.18094e+00
m_vpor_rise_v = 2.5834930000e+00
m_vpor_fall_v = 2.4309460000e+00
m_v_hys_mv = 1.5254700000e+02
m_rise_chatter_mv = 0.0000000000e+00
m_fall_chatter_mv = 0.0000000000e+00
m_comp_offs_rise_mv = -8.852000000e+00
m_comp_offs_fall_mv = -1.906100000e+01
Note: Simulation executed from .control section 

Warning: m=xx on .subckt line will override multiplier m hierarchy!

