
Note: Compatibility modes selected: hs a


Circuit: * por-threshold-mc mc @ hysteresis-min_ff_125c_2.97v_s0329 -- generated by sim/harness, do not edit

Doing analysis at TEMP = 125.000000 and TNOM = 27.000000

Using SPARSE 1.3 as Direct Linear Solver

Initial Transient Solution
--------------------------

Node                                   Voltage
----                                   -------
vdd                                          0
bias_ok                                   2.97
vref                                       1.2
ibias                                 0.505879
xdut.bias_okb                    -1.05937e-169
xdut.nbg                              0.505879
xdut.sns                         -1.29951e-168
xdut.xrtop.11                    -1.29951e-168
xdut.xrtop.21                    -2.01078e-174
xdut.snsb                        -2.41336e-168
xdut.xrbot.11                    -2.41336e-168
xdut.xrbot.21                    -1.29951e-168
xdut.xrhys.11                    -3.80447e-173
xdut.xrhys.21                    -2.41333e-168
xdut.n1                           -9.06476e-18
xdut.tn                           -5.18538e-21
xdut.na                           -1.12208e-18
xdut.cmpo                         -5.21867e-21
xdut.vdda                         -4.24326e-20
por_raw                            5.88592e-18
vref#branch                                  0
vok#branch                                   0
vsup#branch                             -5e-07

 Reference value :  0.00000e+00
 Reference value :  5.63750e-03
 Reference value :  1.12514e-02
No. of Data Rows : 3240
vpor_rise           =  2.59360e+00
vpor_rise_last      =  2.59360e+00
vpor_fall           =  2.44119e+00
vpor_fall_last      =  2.44119e+00
sns_rise            =  1.19581e+00
sns_fall            =  1.18641e+00
m_vpor_rise_v = 2.5935960000e+00
m_vpor_fall_v = 2.4411920000e+00
m_v_hys_mv = 1.5240400000e+02
m_rise_chatter_mv = 0.0000000000e+00
m_fall_chatter_mv = 0.0000000000e+00
m_comp_offs_rise_mv = -4.189000000e+00
m_comp_offs_fall_mv = -1.359000000e+01
Note: Simulation executed from .control section 

Warning: m=xx on .subckt line will override multiplier m hierarchy!

