
Note: Compatibility modes selected: hs a


Circuit: * por-threshold-mc mc @ hysteresis-min_ff_125c_2.97v_s0352 -- generated by sim/harness, do not edit

Doing analysis at TEMP = 125.000000 and TNOM = 27.000000

Using SPARSE 1.3 as Direct Linear Solver

Initial Transient Solution
--------------------------

Node                                   Voltage
----                                   -------
vdd                                          0
bias_ok                                   2.97
vref                                       1.2
ibias                                 0.503748
xdut.bias_okb                    -5.69817e-170
xdut.nbg                              0.503747
xdut.sns                         -1.87011e-168
xdut.xrtop.11                    -1.87011e-168
xdut.xrtop.21                    -2.89373e-174
xdut.snsb                        -3.47312e-168
xdut.xrbot.11                    -3.47312e-168
xdut.xrbot.21                    -1.87012e-168
xdut.xrhys.11                    -5.47494e-173
xdut.xrhys.21                    -3.47306e-168
xdut.n1                           -1.48876e-18
xdut.tn                           -5.66281e-18
xdut.na                           -9.10183e-19
xdut.cmpo                         -5.66274e-18
xdut.vdda                         -6.88194e-19
por_raw                            -2.3761e-18
vref#branch                                  0
vok#branch                                   0
vsup#branch                             -5e-07

 Reference value :  0.00000e+00
 Reference value :  5.48750e-03
 Reference value :  1.09022e-02
No. of Data Rows : 3242
vpor_rise           =  2.58726e+00
vpor_rise_last      =  2.58726e+00
vpor_fall           =  2.43509e+00
vpor_fall_last      =  2.43509e+00
sns_rise            =  1.19289e+00
sns_fall            =  1.18331e+00
m_vpor_rise_v = 2.5872580000e+00
m_vpor_fall_v = 2.4350870000e+00
m_v_hys_mv = 1.5217100000e+02
m_rise_chatter_mv = 0.0000000000e+00
m_fall_chatter_mv = 0.0000000000e+00
m_comp_offs_rise_mv = -7.115000000e+00
m_comp_offs_fall_mv = -1.669100000e+01
Note: Simulation executed from .control section 

Warning: m=xx on .subckt line will override multiplier m hierarchy!

