
Note: Compatibility modes selected: hs a


Circuit: * por-threshold-mc mc @ vth-fall-max_bjt_ss_125c_2.97v_s0136 -- generated by sim/harness, do not edit

Doing analysis at TEMP = 125.000000 and TNOM = 27.000000

Using SPARSE 1.3 as Direct Linear Solver

Initial Transient Solution
--------------------------

Node                                   Voltage
----                                   -------
vdd                                          0
bias_ok                                   2.97
vref                                       1.2
ibias                                 0.616975
xdut.bias_okb                                0
xdut.nbg                              0.616975
xdut.sns                         -9.54567e-300
xdut.xrtop.11                    -9.54566e-300
xdut.xrtop.21                    -1.10785e-305
xdut.snsb                        -1.77282e-299
xdut.xrbot.11                    -1.77282e-299
xdut.xrbot.21                    -9.54568e-300
xdut.xrhys.11                    -2.09607e-304
xdut.xrhys.21                     -1.7728e-299
xdut.n1                           -2.10738e-18
xdut.tn                            -5.0166e-23
xdut.na                           -2.74265e-18
xdut.cmpo                         -5.07487e-23
xdut.vdda                         -2.32456e-18
por_raw                            2.52468e-18
vref#branch                                  0
vok#branch                                   0
vsup#branch                             -5e-07

 Reference value :  1.37859e-04
 Reference value :  6.25250e-03
 Reference value :  1.20266e-02
No. of Data Rows : 3247
vpor_rise           =  2.62711e+00
vpor_rise_last      =  2.62711e+00
vpor_fall           =  2.46840e+00
vpor_fall_last      =  2.46840e+00
sns_rise            =  1.21085e+00
sns_fall            =  1.20382e+00
m_vpor_rise_v = 2.6271140000e+00
m_vpor_fall_v = 2.4684020000e+00
m_v_hys_mv = 1.5871200000e+02
m_rise_chatter_mv = 0.0000000000e+00
m_fall_chatter_mv = 0.0000000000e+00
m_comp_offs_rise_mv = 1.0849000000e+01
m_comp_offs_fall_mv = 3.8210000000e+00
Note: Simulation executed from .control section 

Warning: m=xx on .subckt line will override multiplier m hierarchy!

