
Note: Compatibility modes selected: hs a


Circuit: * por-threshold-mc mc @ vth-rise-min_bjt_ff_125c_2.97v_s0071 -- generated by sim/harness, do not edit

Doing analysis at TEMP = 125.000000 and TNOM = 27.000000

Using SPARSE 1.3 as Direct Linear Solver

Initial Transient Solution
--------------------------

Node                                   Voltage
----                                   -------
vdd                                          0
bias_ok                                   2.97
vref                                       1.2
ibias                                 0.614142
xdut.bias_okb                                0
xdut.nbg                              0.614142
xdut.sns                          6.58625e-279
xdut.xrtop.11                     6.58624e-279
xdut.xrtop.21                     7.64406e-285
xdut.snsb                         1.22318e-278
xdut.xrbot.11                     1.22318e-278
xdut.xrbot.21                     6.58626e-279
xdut.xrhys.11                     1.44614e-283
xdut.xrhys.21                     1.22317e-278
xdut.n1                           -8.93565e-19
xdut.tn                           -5.27665e-22
xdut.na                           -3.42535e-19
xdut.cmpo                         -5.32109e-22
xdut.vdda                         -4.19885e-18
por_raw                           -1.89167e-18
vref#branch                                  0
vok#branch                                   0
vsup#branch                             -5e-07

 Reference value :  0.00000e+00
 Reference value :  5.58250e-03
 Reference value :  1.09438e-02
No. of Data Rows : 3247
vpor_rise           =  2.59605e+00
vpor_rise_last      =  2.59605e+00
vpor_fall           =  2.43952e+00
vpor_fall_last      =  2.43952e+00
sns_rise            =  1.19651e+00
sns_fall            =  1.18990e+00
m_vpor_rise_v = 2.5960500000e+00
m_vpor_fall_v = 2.4395230000e+00
m_v_hys_mv = 1.5652700000e+02
m_rise_chatter_mv = 0.0000000000e+00
m_fall_chatter_mv = 0.0000000000e+00
m_comp_offs_rise_mv = -3.488000000e+00
m_comp_offs_fall_mv = -1.010500000e+01
Note: Simulation executed from .control section 

Warning: m=xx on .subckt line will override multiplier m hierarchy!

