
Note: Compatibility modes selected: hs a


Circuit: * por-threshold-mc mc @ vth-rise-min_bjt_ff_125c_2.97v_s0493 -- generated by sim/harness, do not edit

Doing analysis at TEMP = 125.000000 and TNOM = 27.000000

Using SPARSE 1.3 as Direct Linear Solver

Initial Transient Solution
--------------------------

Node                                   Voltage
----                                   -------
vdd                                          0
bias_ok                                   2.97
vref                                       1.2
ibias                                 0.612016
xdut.bias_okb                                0
xdut.nbg                              0.612016
xdut.sns                                     0
xdut.xrtop.11                                0
xdut.xrtop.21                                0
xdut.snsb                                    0
xdut.xrbot.11                                0
xdut.xrbot.21                                0
xdut.xrhys.11                                0
xdut.xrhys.21                                0
xdut.n1                           -1.74337e-18
xdut.tn                            1.48095e-17
xdut.na                            1.86023e-17
xdut.cmpo                          1.48094e-17
xdut.vdda                          5.17002e-18
por_raw                           -1.66892e-18
vref#branch                                  0
vok#branch                                   0
vsup#branch                             -5e-07

 Reference value :  2.17859e-04
 Reference value :  6.96250e-03
 Reference value :  1.24239e-02
No. of Data Rows : 3248
vpor_rise           =  2.57751e+00
vpor_rise_last      =  2.57751e+00
vpor_fall           =  2.42178e+00
vpor_fall_last      =  2.42178e+00
sns_rise            =  1.18795e+00
sns_fall            =  1.18123e+00
m_vpor_rise_v = 2.5775060000e+00
m_vpor_fall_v = 2.4217830000e+00
m_v_hys_mv = 1.5572300000e+02
m_rise_chatter_mv = 0.0000000000e+00
m_fall_chatter_mv = 0.0000000000e+00
m_comp_offs_rise_mv = -1.204700000e+01
m_comp_offs_fall_mv = -1.876900000e+01
Note: Simulation executed from .control section 

Warning: m=xx on .subckt line will override multiplier m hierarchy!

