
Note: Compatibility modes selected: hs a


Circuit: * por-threshold-mc mc @ vth-rise-min_bjt_ff_125c_2.97v_s0374 -- generated by sim/harness, do not edit

Doing analysis at TEMP = 125.000000 and TNOM = 27.000000

Using SPARSE 1.3 as Direct Linear Solver

Initial Transient Solution
--------------------------

Node                                   Voltage
----                                   -------
vdd                                          0
bias_ok                                   2.97
vref                                       1.2
ibias                                 0.616025
xdut.bias_okb                                0
xdut.nbg                              0.616025
xdut.sns                          1.04765e-268
xdut.xrtop.11                     1.04765e-268
xdut.xrtop.21                     1.21588e-274
xdut.snsb                         1.94565e-268
xdut.xrbot.11                     1.94565e-268
xdut.xrbot.21                     1.04765e-268
xdut.xrhys.11                     2.30061e-273
xdut.xrhys.21                     1.94563e-268
xdut.n1                            6.60594e-18
xdut.tn                           -3.77238e-22
xdut.na                            1.49851e-18
xdut.cmpo                         -3.80222e-22
xdut.vdda                          2.77421e-19
por_raw                            6.59463e-18
vref#branch                                  0
vok#branch                                   0
vsup#branch                             -5e-07

 Reference value :  0.00000e+00
 Reference value :  5.92750e-03
 Reference value :  1.15981e-02
No. of Data Rows : 3233
vpor_rise           =  2.60955e+00
vpor_rise_last      =  2.60955e+00
vpor_fall           =  2.45218e+00
vpor_fall_last      =  2.45218e+00
sns_rise            =  1.20274e+00
sns_fall            =  1.19590e+00
m_vpor_rise_v = 2.6095490000e+00
m_vpor_fall_v = 2.4521810000e+00
m_v_hys_mv = 1.5736800000e+02
m_rise_chatter_mv = 0.0000000000e+00
m_fall_chatter_mv = 0.0000000000e+00
m_comp_offs_rise_mv = 2.7420000000e+00
m_comp_offs_fall_mv = -4.104000000e+00
Note: Simulation executed from .control section 

Warning: m=xx on .subckt line will override multiplier m hierarchy!

