
Note: Compatibility modes selected: hs a


Circuit: * por-threshold-mc mc @ vth-rise-max_ss_-40c_3.63v_s0085 -- generated by sim/harness, do not edit

Doing analysis at TEMP = -40.000000 and TNOM = 27.000000

Using SPARSE 1.3 as Direct Linear Solver

Initial Transient Solution
--------------------------

Node                                   Voltage
----                                   -------
vdd                                          0
bias_ok                                   3.63
vref                                       1.2
ibias                                 0.891524
xdut.bias_okb                                0
xdut.nbg                              0.891524
xdut.sns                                     0
xdut.xrtop.11                                0
xdut.xrtop.21                                0
xdut.snsb                                    0
xdut.xrbot.11                                0
xdut.xrbot.21                                0
xdut.xrhys.11                                0
xdut.xrhys.21                                0
xdut.n1                            1.18959e-39
xdut.tn                             1.7921e-49
xdut.na                           -3.30786e-42
xdut.cmpo                           1.7972e-49
xdut.vdda                         -1.19159e-40
por_raw                            1.13054e-21
vref#branch                                  0
vok#branch                                   0
vsup#branch                             -5e-07

 Reference value :  0.00000e+00
 Reference value :  5.56750e-03
 Reference value :  1.16009e-02
No. of Data Rows : 3294
vpor_rise           =  2.63261e+00
vpor_rise_last      =  2.63261e+00
vpor_fall           =  2.46770e+00
vpor_fall_last      =  2.46770e+00
sns_rise            =  1.21172e+00
sns_fall            =  1.20855e+00
m_vpor_rise_v = 2.6326100000e+00
m_vpor_fall_v = 2.4676980000e+00
m_v_hys_mv = 1.6491200000e+02
m_rise_chatter_mv = 0.0000000000e+00
m_fall_chatter_mv = 0.0000000000e+00
m_comp_offs_rise_mv = 1.1716000000e+01
m_comp_offs_fall_mv = 8.5530000000e+00
Note: Simulation executed from .control section 

Warning: m=xx on .subckt line will override multiplier m hierarchy!

