
Note: Compatibility modes selected: hs a


Circuit: * por-threshold-mc mc @ vth-rise-max_ss_-40c_3.63v_s0390 -- generated by sim/harness, do not edit

Doing analysis at TEMP = -40.000000 and TNOM = 27.000000

Using SPARSE 1.3 as Direct Linear Solver

Initial Transient Solution
--------------------------

Node                                   Voltage
----                                   -------
vdd                                          0
bias_ok                                   3.63
vref                                       1.2
ibias                                 0.887536
xdut.bias_okb                                0
xdut.nbg                              0.887536
xdut.sns                          3.61239e-275
xdut.xrtop.11                     3.61238e-275
xdut.xrtop.21                     8.66737e-281
xdut.snsb                        -8.26702e-276
xdut.xrbot.11                    -8.26711e-276
xdut.xrbot.21                      3.6124e-275
xdut.xrhys.11                    -8.66735e-281
xdut.xrhys.21                    -8.26693e-276
xdut.n1                           -1.69811e-35
xdut.tn                            2.22305e-64
xdut.na                           -2.24749e-57
xdut.cmpo                          2.23575e-64
xdut.vdda                         -2.48319e-55
por_raw                            1.04485e-22
vref#branch                                  0
vok#branch                                   0
vsup#branch                             -5e-07

 Reference value :  0.00000e+00
 Reference value :  5.36750e-03
 Reference value :  1.16370e-02
No. of Data Rows : 3293
vpor_rise           =  2.60498e+00
vpor_rise_last      =  2.60498e+00
vpor_fall           =  2.44151e+00
vpor_fall_last      =  2.44151e+00
sns_rise            =  1.19897e+00
sns_fall            =  1.19577e+00
m_vpor_rise_v = 2.6049830000e+00
m_vpor_fall_v = 2.4415100000e+00
m_v_hys_mv = 1.6347300000e+02
m_rise_chatter_mv = 0.0000000000e+00
m_fall_chatter_mv = 0.0000000000e+00
m_comp_offs_rise_mv = -1.035000000e+00
m_comp_offs_fall_mv = -4.226000000e+00
Note: Simulation executed from .control section 

Warning: m=xx on .subckt line will override multiplier m hierarchy!

