
Note: Compatibility modes selected: hs a


Circuit: * por-threshold-mc mc @ vth-fall-min_res_ss_-40c_3.63v_s0076 -- generated by sim/harness, do not edit

Doing analysis at TEMP = -40.000000 and TNOM = 27.000000

Using SPARSE 1.3 as Direct Linear Solver

Initial Transient Solution
--------------------------

Node                                   Voltage
----                                   -------
vdd                                          0
bias_ok                                   3.63
vref                                       1.2
ibias                                 0.780501
xdut.bias_okb                                0
xdut.nbg                              0.780501
xdut.sns                                     0
xdut.xrtop.11                                0
xdut.xrtop.21                                0
xdut.snsb                                    0
xdut.xrbot.11                                0
xdut.xrbot.21                                0
xdut.xrhys.11                                0
xdut.xrhys.21                                0
xdut.n1                            1.75736e-31
xdut.tn                           -8.71434e-74
xdut.na                            1.28844e-67
xdut.cmpo                         -8.71454e-74
xdut.vdda                          1.51049e-68
por_raw                            4.82628e-22
vref#branch                                  0
vok#branch                                   0
vsup#branch                             -5e-07

 Reference value :  0.00000e+00
 Reference value :  5.46250e-03
 Reference value :  1.16261e-02
No. of Data Rows : 3293
vpor_rise           =  2.61373e+00
vpor_rise_last      =  2.61373e+00
vpor_fall           =  2.45021e+00
vpor_fall_last      =  2.45021e+00
sns_rise            =  1.20300e+00
sns_fall            =  1.19986e+00
m_vpor_rise_v = 2.6137310000e+00
m_vpor_fall_v = 2.4502060000e+00
m_v_hys_mv = 1.6352500000e+02
m_rise_chatter_mv = 0.0000000000e+00
m_fall_chatter_mv = 0.0000000000e+00
m_comp_offs_rise_mv = 3.0020000000e+00
m_comp_offs_fall_mv = -1.420000000e-01
Note: Simulation executed from .control section 

Warning: m=xx on .subckt line will override multiplier m hierarchy!

