
Note: Compatibility modes selected: hs a


Circuit: * por-threshold-mc mc @ vth-rise-max_ss_-40c_3.63v_s0231 -- generated by sim/harness, do not edit

Doing analysis at TEMP = -40.000000 and TNOM = 27.000000

Using SPARSE 1.3 as Direct Linear Solver

Initial Transient Solution
--------------------------

Node                                   Voltage
----                                   -------
vdd                                          0
bias_ok                                   3.63
vref                                       1.2
ibias                                 0.886297
xdut.bias_okb                                0
xdut.nbg                              0.886297
xdut.sns                                     0
xdut.xrtop.11                                0
xdut.xrtop.21                                0
xdut.snsb                                    0
xdut.xrbot.11                                0
xdut.xrbot.21                                0
xdut.xrhys.11                                0
xdut.xrhys.21                                0
xdut.n1                          -3.06058e-288
xdut.tn                            4.68493e-40
xdut.na                           -9.02804e-33
xdut.cmpo                           4.6849e-40
xdut.vdda                          5.31207e-34
por_raw                            1.22697e-21
vref#branch                                  0
vok#branch                                   0
vsup#branch                             -5e-07

 Reference value :  0.00000e+00
 Reference value :  6.28750e-03
 Reference value :  1.20878e-02
No. of Data Rows : 3277
vpor_rise           =  2.58989e+00
vpor_rise_last      =  2.58989e+00
vpor_fall           =  2.42735e+00
vpor_fall_last      =  2.42735e+00
sns_rise            =  1.19200e+00
sns_fall            =  1.18889e+00
m_vpor_rise_v = 2.5898930000e+00
m_vpor_fall_v = 2.4273530000e+00
m_v_hys_mv = 1.6254000000e+02
m_rise_chatter_mv = 0.0000000000e+00
m_fall_chatter_mv = 0.0000000000e+00
m_comp_offs_rise_mv = -8.000000000e+00
m_comp_offs_fall_mv = -1.110800000e+01
Note: Simulation executed from .control section 

Warning: m=xx on .subckt line will override multiplier m hierarchy!

