
Note: Compatibility modes selected: hs a


Circuit: * por-threshold-mc mc @ vth-rise-min_bjt_ff_125c_2.97v_s0434 -- generated by sim/harness, do not edit

Doing analysis at TEMP = 125.000000 and TNOM = 27.000000

Using SPARSE 1.3 as Direct Linear Solver

Initial Transient Solution
--------------------------

Node                                   Voltage
----                                   -------
vdd                                          0
bias_ok                                   2.97
vref                                       1.2
ibias                                 0.617428
xdut.bias_okb                    -4.98109e-305
xdut.nbg                              0.617428
xdut.sns                           2.1612e-227
xdut.xrtop.11                      2.1612e-227
xdut.xrtop.21                     2.50823e-233
xdut.snsb                         4.01379e-227
xdut.xrbot.11                     4.01379e-227
xdut.xrbot.21                      2.1612e-227
xdut.xrhys.11                       4.746e-232
xdut.xrhys.21                     4.01374e-227
xdut.n1                            5.95971e-19
xdut.tn                           -1.80359e-24
xdut.na                            -4.1604e-21
xdut.cmpo                         -1.81073e-24
xdut.vdda                          1.44282e-18
por_raw                            1.63031e-18
vref#branch                                  0
vok#branch                                   0
vsup#branch                             -5e-07

 Reference value :  0.00000e+00
 Reference value :  5.87750e-03
 Reference value :  1.14175e-02
No. of Data Rows : 3250
vpor_rise           =  2.60255e+00
vpor_rise_last      =  2.60255e+00
vpor_fall           =  2.44562e+00
vpor_fall_last      =  2.44562e+00
sns_rise            =  1.19951e+00
sns_fall            =  1.19285e+00
m_vpor_rise_v = 2.6025470000e+00
m_vpor_fall_v = 2.4456160000e+00
m_v_hys_mv = 1.5693100000e+02
m_rise_chatter_mv = 0.0000000000e+00
m_fall_chatter_mv = 0.0000000000e+00
m_comp_offs_rise_mv = -4.900000000e-01
m_comp_offs_fall_mv = -7.150000000e+00
Note: Simulation executed from .control section 

Warning: m=xx on .subckt line will override multiplier m hierarchy!

