
Note: Compatibility modes selected: hs a


Circuit: * por-threshold-mc mc @ vth-rise-min_bjt_ff_125c_2.97v_s0112 -- generated by sim/harness, do not edit

Doing analysis at TEMP = 125.000000 and TNOM = 27.000000

Using SPARSE 1.3 as Direct Linear Solver

Initial Transient Solution
--------------------------

Node                                   Voltage
----                                   -------
vdd                                          0
bias_ok                                   2.97
vref                                       1.2
ibias                                 0.619924
xdut.bias_okb                                0
xdut.nbg                              0.619924
xdut.sns                                     0
xdut.xrtop.11                                0
xdut.xrtop.21                                0
xdut.snsb                                    0
xdut.xrbot.11                                0
xdut.xrbot.21                                0
xdut.xrhys.11                                0
xdut.xrhys.21                                0
xdut.n1                            2.01615e-18
xdut.tn                            1.90293e-22
xdut.na                            4.94777e-18
xdut.cmpo                          1.92134e-22
xdut.vdda                          2.36353e-18
por_raw                            6.71714e-19
vref#branch                                  0
vok#branch                                   0
vsup#branch                             -5e-07

 Reference value :  0.00000e+00
 Reference value :  5.83250e-03
 Reference value :  1.13239e-02
No. of Data Rows : 3248
vpor_rise           =  2.60321e+00
vpor_rise_last      =  2.60321e+00
vpor_fall           =  2.44623e+00
vpor_fall_last      =  2.44623e+00
sns_rise            =  1.19982e+00
sns_fall            =  1.19295e+00
m_vpor_rise_v = 2.6032090000e+00
m_vpor_fall_v = 2.4462300000e+00
m_v_hys_mv = 1.5697900000e+02
m_rise_chatter_mv = 0.0000000000e+00
m_fall_chatter_mv = 0.0000000000e+00
m_comp_offs_rise_mv = -1.840000000e-01
m_comp_offs_fall_mv = -7.049000000e+00
Note: Simulation executed from .control section 

Warning: m=xx on .subckt line will override multiplier m hierarchy!

