
Note: Compatibility modes selected: hs a


Circuit: * por-threshold-mc mc @ vth-rise-max_ss_-40c_3.63v_s0040 -- generated by sim/harness, do not edit

Doing analysis at TEMP = -40.000000 and TNOM = 27.000000

Using SPARSE 1.3 as Direct Linear Solver

Initial Transient Solution
--------------------------

Node                                   Voltage
----                                   -------
vdd                                          0
bias_ok                                   3.63
vref                                       1.2
ibias                                  0.88481
xdut.bias_okb                                0
xdut.nbg                               0.88481
xdut.sns                          3.95221e-195
xdut.xrtop.11                     3.95231e-195
xdut.xrtop.21                     -1.0174e-199
xdut.snsb                        -4.05859e-194
xdut.xrbot.11                    -4.05858e-194
xdut.xrbot.21                     3.95211e-195
xdut.xrhys.11                     1.01741e-199
xdut.xrhys.21                     -4.0586e-194
xdut.n1                            4.28894e-35
xdut.tn                           -7.45429e-28
xdut.na                            8.50752e-22
xdut.cmpo                         -7.53295e-28
xdut.vdda                           5.7739e-21
por_raw                            -3.8917e-33
vref#branch                                  0
vok#branch                                   0
vsup#branch                             -5e-07

 Reference value :  4.00000e-07
 Reference value :  5.22250e-03
 Reference value :  1.16551e-02
No. of Data Rows : 3291
vpor_rise           =  2.59125e+00
vpor_rise_last      =  2.59125e+00
vpor_fall           =  2.42823e+00
vpor_fall_last      =  2.42823e+00
sns_rise            =  1.19263e+00
sns_fall            =  1.18929e+00
m_vpor_rise_v = 2.5912470000e+00
m_vpor_fall_v = 2.4282300000e+00
m_v_hys_mv = 1.6301700000e+02
m_rise_chatter_mv = 0.0000000000e+00
m_fall_chatter_mv = 0.0000000000e+00
m_comp_offs_rise_mv = -7.375000000e+00
m_comp_offs_fall_mv = -1.071000000e+01
Note: Simulation executed from .control section 

Warning: m=xx on .subckt line will override multiplier m hierarchy!

