
Note: Compatibility modes selected: hs a


Circuit: * por-threshold-mc mc @ vth-fall-min_res_ss_-40c_3.63v_s0276 -- generated by sim/harness, do not edit

Doing analysis at TEMP = -40.000000 and TNOM = 27.000000

Using SPARSE 1.3 as Direct Linear Solver

Initial Transient Solution
--------------------------

Node                                   Voltage
----                                   -------
vdd                                          0
bias_ok                                   3.63
vref                                       1.2
ibias                                 0.773343
xdut.bias_okb                                0
xdut.nbg                              0.773343
xdut.sns                         -2.22591e-196
xdut.xrtop.11                    -2.22591e-196
xdut.xrtop.21                    -3.13917e-202
xdut.snsb                        -1.30468e-196
xdut.xrbot.11                    -1.30467e-196
xdut.xrbot.21                    -2.22592e-196
xdut.xrhys.11                      3.1392e-202
xdut.xrhys.21                    -1.30468e-196
xdut.n1                           -9.09706e-31
xdut.tn                           -7.37706e-86
xdut.na                            1.07851e-79
xdut.cmpo                         -7.37124e-86
xdut.vdda                         -3.79525e-79
por_raw                           -3.27556e-26
vref#branch                                  0
vok#branch                                   0
vsup#branch                             -5e-07

 Reference value :  0.00000e+00
 Reference value :  5.36250e-03
 Reference value :  1.16376e-02
No. of Data Rows : 3282
vpor_rise           =  2.60479e+00
vpor_rise_last      =  2.60479e+00
vpor_fall           =  2.44100e+00
vpor_fall_last      =  2.44100e+00
sns_rise            =  1.19887e+00
sns_fall            =  1.19531e+00
m_vpor_rise_v = 2.6047880000e+00
m_vpor_fall_v = 2.4410050000e+00
m_v_hys_mv = 1.6378300000e+02
m_rise_chatter_mv = 0.0000000000e+00
m_fall_chatter_mv = 0.0000000000e+00
m_comp_offs_rise_mv = -1.126000000e+00
m_comp_offs_fall_mv = -4.689000000e+00
Note: Simulation executed from .control section 

Warning: m=xx on .subckt line will override multiplier m hierarchy!

