
Note: Compatibility modes selected: hs a


Circuit: * por-threshold-mc mc @ vth-fall-max_bjt_ss_125c_2.97v_s0171 -- generated by sim/harness, do not edit

Doing analysis at TEMP = 125.000000 and TNOM = 27.000000

Using SPARSE 1.3 as Direct Linear Solver

Initial Transient Solution
--------------------------

Node                                   Voltage
----                                   -------
vdd                                          0
bias_ok                                   2.97
vref                                       1.2
ibias                                   0.6191
xdut.bias_okb                    -1.94343e-315
xdut.nbg                              0.619099
xdut.sns                          -2.96059e-91
xdut.xrtop.11                     -2.96058e-91
xdut.xrtop.21                     -3.43595e-97
xdut.snsb                         -5.49841e-91
xdut.xrbot.11                     -5.49841e-91
xdut.xrbot.21                     -2.96059e-91
xdut.xrhys.11                     -6.50143e-96
xdut.xrhys.21                     -5.49835e-91
xdut.n1                             2.2241e-18
xdut.tn                           -2.07436e-23
xdut.na                           -1.57813e-19
xdut.cmpo                         -2.14712e-23
xdut.vdda                          1.60487e-18
por_raw                            1.03343e-17
vref#branch                                  0
vok#branch                                   0
vsup#branch                             -5e-07

 Reference value :  1.57859e-04
 Reference value :  6.44250e-03
 Reference value :  1.25696e-02
No. of Data Rows : 3226
vpor_rise           =  2.59740e+00
vpor_rise_last      =  2.59740e+00
vpor_fall           =  2.44108e+00
vpor_fall_last      =  2.44108e+00
sns_rise            =  1.19713e+00
sns_fall            =  1.19062e+00
m_vpor_rise_v = 2.5973980000e+00
m_vpor_fall_v = 2.4410800000e+00
m_v_hys_mv = 1.5631800000e+02
m_rise_chatter_mv = 0.0000000000e+00
m_fall_chatter_mv = 0.0000000000e+00
m_comp_offs_rise_mv = -2.866000000e+00
m_comp_offs_fall_mv = -9.382000000e+00
Note: Simulation executed from .control section 

Warning: m=xx on .subckt line will override multiplier m hierarchy!

