
Note: Compatibility modes selected: hs a


Circuit: * por-threshold-mc mc @ vth-fall-min_res_ss_-40c_3.63v_s0229 -- generated by sim/harness, do not edit

Doing analysis at TEMP = -40.000000 and TNOM = 27.000000

Using SPARSE 1.3 as Direct Linear Solver

Initial Transient Solution
--------------------------

Node                                   Voltage
----                                   -------
vdd                                          0
bias_ok                                   3.63
vref                                       1.2
ibias                                  0.77203
xdut.bias_okb                                0
xdut.nbg                               0.77203
xdut.sns                                     0
xdut.xrtop.11                                0
xdut.xrtop.21                                0
xdut.snsb                                    0
xdut.xrbot.11                                0
xdut.xrbot.21                                0
xdut.xrhys.11                                0
xdut.xrhys.21                                0
xdut.n1                            2.54475e-34
xdut.tn                            1.07468e-79
xdut.na                            1.05103e-73
xdut.cmpo                          1.08205e-79
xdut.vdda                         -4.51402e-72
por_raw                            4.17616e-22
vref#branch                                  0
vok#branch                                   0
vsup#branch                             -5e-07

 Reference value :  3.57894e-05
 Reference value :  5.68750e-03
 Reference value :  1.16893e-02
No. of Data Rows : 3283
vpor_rise           =  2.60719e+00
vpor_rise_last      =  2.60719e+00
vpor_fall           =  2.44335e+00
vpor_fall_last      =  2.44335e+00
sns_rise            =  1.19998e+00
sns_fall            =  1.19647e+00
m_vpor_rise_v = 2.6071870000e+00
m_vpor_fall_v = 2.4433490000e+00
m_v_hys_mv = 1.6383800000e+02
m_rise_chatter_mv = 0.0000000000e+00
m_fall_chatter_mv = 0.0000000000e+00
m_comp_offs_rise_mv = -1.900000000e-02
m_comp_offs_fall_mv = -3.533000000e+00
Note: Simulation executed from .control section 

Warning: m=xx on .subckt line will override multiplier m hierarchy!

