
Note: Compatibility modes selected: hs a


Circuit: * por-threshold-mc mc @ vth-fall-max_bjt_ss_125c_2.97v_s0439 -- generated by sim/harness, do not edit

Doing analysis at TEMP = 125.000000 and TNOM = 27.000000

Using SPARSE 1.3 as Direct Linear Solver

Initial Transient Solution
--------------------------

Node                                   Voltage
----                                   -------
vdd                                          0
bias_ok                                   2.97
vref                                       1.2
ibias                                 0.616415
xdut.bias_okb                                0
xdut.nbg                              0.616415
xdut.sns                           1.3198e-254
xdut.xrtop.11                      1.3198e-254
xdut.xrtop.21                     1.53171e-260
xdut.snsb                         2.45112e-254
xdut.xrbot.11                     2.45112e-254
xdut.xrbot.21                      1.3198e-254
xdut.xrhys.11                     2.89803e-259
xdut.xrhys.21                     2.45109e-254
xdut.n1                           -1.53869e-18
xdut.tn                           -7.40083e-23
xdut.na                            7.35444e-19
xdut.cmpo                         -7.37361e-23
xdut.vdda                         -4.17466e-19
por_raw                           -6.74734e-19
vref#branch                                  0
vok#branch                                   0
vsup#branch                             -5e-07

 Reference value :  0.00000e+00
 Reference value :  6.23250e-03
 Reference value :  1.19038e-02
No. of Data Rows : 3249
vpor_rise           =  2.59246e+00
vpor_rise_last      =  2.59246e+00
vpor_fall           =  2.43629e+00
vpor_fall_last      =  2.43629e+00
sns_rise            =  1.19486e+00
sns_fall            =  1.18835e+00
m_vpor_rise_v = 2.5924620000e+00
m_vpor_fall_v = 2.4362870000e+00
m_v_hys_mv = 1.5617500000e+02
m_rise_chatter_mv = 0.0000000000e+00
m_fall_chatter_mv = 0.0000000000e+00
m_comp_offs_rise_mv = -5.144000000e+00
m_comp_offs_fall_mv = -1.165100000e+01
Note: Simulation executed from .control section 

Warning: m=xx on .subckt line will override multiplier m hierarchy!

