
Note: Compatibility modes selected: hs a


Circuit: * por-threshold-mc mc @ vth-fall-min_res_ss_-40c_3.63v_s0313 -- generated by sim/harness, do not edit

Doing analysis at TEMP = -40.000000 and TNOM = 27.000000

Using SPARSE 1.3 as Direct Linear Solver

Initial Transient Solution
--------------------------

Node                                   Voltage
----                                   -------
vdd                                          0
bias_ok                                   3.63
vref                                       1.2
ibias                                 0.777223
xdut.bias_okb                                0
xdut.nbg                              0.777223
xdut.sns                                     0
xdut.xrtop.11                                0
xdut.xrtop.21                                0
xdut.snsb                                    0
xdut.xrbot.11                                0
xdut.xrbot.21                                0
xdut.xrhys.11                                0
xdut.xrhys.21                                0
xdut.n1                           -5.84345e-30
xdut.tn                            7.08085e-81
xdut.na                           -8.65533e-75
xdut.cmpo                          7.08086e-81
xdut.vdda                          1.91405e-76
por_raw                           -6.50534e-22
vref#branch                                  0
vok#branch                                   0
vsup#branch                             -5e-07

 Reference value :  0.00000e+00
 Reference value :  5.73250e-03
 Reference value :  1.16727e-02
No. of Data Rows : 3276
vpor_rise           =  2.57737e+00
vpor_rise_last      =  2.57737e+00
vpor_fall           =  2.41577e+00
vpor_fall_last      =  2.41577e+00
sns_rise            =  1.18622e+00
sns_fall            =  1.18305e+00
m_vpor_rise_v = 2.5773740000e+00
m_vpor_fall_v = 2.4157710000e+00
m_v_hys_mv = 1.6160300000e+02
m_rise_chatter_mv = 0.0000000000e+00
m_fall_chatter_mv = 0.0000000000e+00
m_comp_offs_rise_mv = -1.377800000e+01
m_comp_offs_fall_mv = -1.694800000e+01
Note: Simulation executed from .control section 

Warning: m=xx on .subckt line will override multiplier m hierarchy!

