
Note: Compatibility modes selected: hs a


Circuit: * por-threshold-mc mc @ vth-fall-max_bjt_ss_125c_2.97v_s0309 -- generated by sim/harness, do not edit

Doing analysis at TEMP = 125.000000 and TNOM = 27.000000

Using SPARSE 1.3 as Direct Linear Solver

Initial Transient Solution
--------------------------

Node                                   Voltage
----                                   -------
vdd                                          0
bias_ok                                   2.97
vref                                       1.2
ibias                                 0.614661
xdut.bias_okb                                0
xdut.nbg                              0.614661
xdut.sns                           3.53768e-33
xdut.xrtop.11                      3.53767e-33
xdut.xrtop.21                      4.10561e-39
xdut.snsb                          6.56998e-33
xdut.xrbot.11                      6.56998e-33
xdut.xrbot.21                      3.53768e-33
xdut.xrhys.11                      7.76793e-38
xdut.xrhys.21                      6.56991e-33
xdut.n1                            2.63377e-18
xdut.tn                            1.49917e-24
xdut.na                           -6.46371e-19
xdut.cmpo                           1.5007e-24
xdut.vdda                         -2.64096e-19
por_raw                           -7.74301e-18
vref#branch                                  0
vok#branch                                   0
vsup#branch                             -5e-07

 Reference value :  0.00000e+00
 Reference value :  6.30750e-03
 Reference value :  1.19702e-02
No. of Data Rows : 3233
vpor_rise           =  2.60285e+00
vpor_rise_last      =  2.60285e+00
vpor_fall           =  2.44587e+00
vpor_fall_last      =  2.44587e+00
sns_rise            =  1.19965e+00
sns_fall            =  1.19295e+00
m_vpor_rise_v = 2.6028520000e+00
m_vpor_fall_v = 2.4458700000e+00
m_v_hys_mv = 1.5698200000e+02
m_rise_chatter_mv = 0.0000000000e+00
m_fall_chatter_mv = 0.0000000000e+00
m_comp_offs_rise_mv = -3.490000000e-01
m_comp_offs_fall_mv = -7.049000000e+00
Note: Simulation executed from .control section 

Warning: m=xx on .subckt line will override multiplier m hierarchy!

