
Note: Compatibility modes selected: hs a


Circuit: * por-threshold-mc mc @ vth-rise-min_bjt_ff_125c_2.97v_s0109 -- generated by sim/harness, do not edit

Doing analysis at TEMP = 125.000000 and TNOM = 27.000000

Using SPARSE 1.3 as Direct Linear Solver

Initial Transient Solution
--------------------------

Node                                   Voltage
----                                   -------
vdd                                          0
bias_ok                                   2.97
vref                                       1.2
ibias                                 0.614003
xdut.bias_okb                                0
xdut.nbg                              0.614003
xdut.sns                          2.47368e-302
xdut.xrtop.11                     2.47368e-302
xdut.xrtop.21                     2.87085e-308
xdut.snsb                         4.59407e-302
xdut.xrbot.11                     4.59407e-302
xdut.xrbot.21                     2.47369e-302
xdut.xrhys.11                     5.43198e-307
xdut.xrhys.21                     4.59402e-302
xdut.n1                            2.81659e-18
xdut.tn                            1.13676e-17
xdut.na                            1.32764e-17
xdut.cmpo                          1.13676e-17
xdut.vdda                          5.58457e-18
por_raw                            2.70153e-18
vref#branch                                  0
vok#branch                                   0
vsup#branch                             -5e-07

 Reference value :  0.00000e+00
 Reference value :  5.59750e-03
 Reference value :  1.11178e-02
No. of Data Rows : 3249
vpor_rise           =  2.60032e+00
vpor_rise_last      =  2.60032e+00
vpor_fall           =  2.44347e+00
vpor_fall_last      =  2.44347e+00
sns_rise            =  1.19848e+00
sns_fall            =  1.19175e+00
m_vpor_rise_v = 2.6003240000e+00
m_vpor_fall_v = 2.4434700000e+00
m_v_hys_mv = 1.5685400000e+02
m_rise_chatter_mv = 0.0000000000e+00
m_fall_chatter_mv = 0.0000000000e+00
m_comp_offs_rise_mv = -1.516000000e+00
m_comp_offs_fall_mv = -8.253000000e+00
Note: Simulation executed from .control section 

Warning: m=xx on .subckt line will override multiplier m hierarchy!

