
Note: Compatibility modes selected: hs a


Circuit: * por-threshold-mc mc @ vth-fall-min_res_ss_-40c_3.63v_s0331 -- generated by sim/harness, do not edit

Doing analysis at TEMP = -40.000000 and TNOM = 27.000000

Using SPARSE 1.3 as Direct Linear Solver

Initial Transient Solution
--------------------------

Node                                   Voltage
----                                   -------
vdd                                          0
bias_ok                                   3.63
vref                                       1.2
ibias                                  0.77828
xdut.bias_okb                                0
xdut.nbg                               0.77828
xdut.sns                          -8.1381e-260
xdut.xrtop.11                    -8.13805e-260
xdut.xrtop.21                    -4.48909e-265
xdut.snsb                        -1.91785e-259
xdut.xrbot.11                    -1.91784e-259
xdut.xrbot.21                    -8.13814e-260
xdut.xrhys.11                     4.48913e-265
xdut.xrhys.21                    -1.91785e-259
xdut.n1                            1.89818e-66
xdut.tn                            4.21406e-27
xdut.na                           -3.13442e-21
xdut.cmpo                          4.25316e-27
xdut.vdda                         -3.14405e-21
por_raw                           -1.55061e-38
vref#branch                                  0
vok#branch                                   0
vsup#branch                             -5e-07

 Reference value :  0.00000e+00
 Reference value :  5.87750e-03
 Reference value :  1.19278e-02
No. of Data Rows : 3285
vpor_rise           =  2.60348e+00
vpor_rise_last      =  2.60348e+00
vpor_fall           =  2.44028e+00
vpor_fall_last      =  2.44028e+00
sns_rise            =  1.19827e+00
sns_fall            =  1.19500e+00
m_vpor_rise_v = 2.6034830000e+00
m_vpor_fall_v = 2.4402840000e+00
m_v_hys_mv = 1.6319900000e+02
m_rise_chatter_mv = 0.0000000000e+00
m_fall_chatter_mv = 0.0000000000e+00
m_comp_offs_rise_mv = -1.728000000e+00
m_comp_offs_fall_mv = -5.001000000e+00
Note: Simulation executed from .control section 

Warning: m=xx on .subckt line will override multiplier m hierarchy!

