
Note: Compatibility modes selected: hs a


Circuit: * por-threshold-mc mc @ vth-rise-min_bjt_ff_125c_2.97v_s0266 -- generated by sim/harness, do not edit

Doing analysis at TEMP = 125.000000 and TNOM = 27.000000

Using SPARSE 1.3 as Direct Linear Solver

Initial Transient Solution
--------------------------

Node                                   Voltage
----                                   -------
vdd                                          0
bias_ok                                   2.97
vref                                       1.2
ibias                                 0.612543
xdut.bias_okb                    -1.46309e-315
xdut.nbg                              0.612543
xdut.sns                         -8.50655e-136
xdut.xrtop.11                    -8.50654e-136
xdut.xrtop.21                    -9.87205e-142
xdut.snsb                        -1.57977e-135
xdut.xrbot.11                    -1.57977e-135
xdut.xrbot.21                    -8.50656e-136
xdut.xrhys.11                    -1.86783e-140
xdut.xrhys.21                    -1.57975e-135
xdut.n1                           -2.45752e-18
xdut.tn                           -2.59922e-24
xdut.na                             8.0698e-19
xdut.cmpo                         -2.60438e-24
xdut.vdda                          6.74199e-19
por_raw                            8.01723e-19
vref#branch                                  0
vok#branch                                   0
vsup#branch                             -5e-07

 Reference value :  0.00000e+00
 Reference value :  6.35250e-03
 Reference value :  1.17382e-02
No. of Data Rows : 3244
vpor_rise           =  2.61357e+00
vpor_rise_last      =  2.61357e+00
vpor_fall           =  2.45560e+00
vpor_fall_last      =  2.45560e+00
sns_rise            =  1.20460e+00
sns_fall            =  1.19749e+00
m_vpor_rise_v = 2.6135730000e+00
m_vpor_fall_v = 2.4555950000e+00
m_v_hys_mv = 1.5797800000e+02
m_rise_chatter_mv = 0.0000000000e+00
m_fall_chatter_mv = 0.0000000000e+00
m_comp_offs_rise_mv = 4.6000000000e+00
m_comp_offs_fall_mv = -2.512000000e+00
Note: Simulation executed from .control section 

Warning: m=xx on .subckt line will override multiplier m hierarchy!

