
Note: Compatibility modes selected: hs a


Circuit: * por-threshold-mc mc @ vth-rise-min_bjt_ff_125c_2.97v_s0165 -- generated by sim/harness, do not edit

Doing analysis at TEMP = 125.000000 and TNOM = 27.000000

Using SPARSE 1.3 as Direct Linear Solver

Initial Transient Solution
--------------------------

Node                                   Voltage
----                                   -------
vdd                                          0
bias_ok                                   2.97
vref                                       1.2
ibias                                 0.618201
xdut.bias_okb                                0
xdut.nbg                              0.618201
xdut.sns                         -6.18001e-277
xdut.xrtop.11                       -6.18e-277
xdut.xrtop.21                    -7.17252e-283
xdut.snsb                        -1.14776e-276
xdut.xrbot.11                    -1.14776e-276
xdut.xrbot.21                    -6.18002e-277
xdut.xrhys.11                    -1.35712e-281
xdut.xrhys.21                    -1.14775e-276
xdut.n1                           -8.65771e-18
xdut.tn                           -5.69324e-22
xdut.na                            4.38065e-18
xdut.cmpo                         -5.72396e-22
xdut.vdda                           2.8739e-18
por_raw                             4.3329e-18
vref#branch                                  0
vok#branch                                   0
vsup#branch                             -5e-07

 Reference value :  0.00000e+00
 Reference value :  5.72750e-03
 Reference value :  1.14275e-02
No. of Data Rows : 3248
vpor_rise           =  2.57720e+00
vpor_rise_last      =  2.57720e+00
vpor_fall           =  2.42218e+00
vpor_fall_last      =  2.42218e+00
sns_rise            =  1.18781e+00
sns_fall            =  1.18160e+00
m_vpor_rise_v = 2.5772040000e+00
m_vpor_fall_v = 2.4221800000e+00
m_v_hys_mv = 1.5502400000e+02
m_rise_chatter_mv = 0.0000000000e+00
m_fall_chatter_mv = 0.0000000000e+00
m_comp_offs_rise_mv = -1.218600000e+01
m_comp_offs_fall_mv = -1.839600000e+01
Note: Simulation executed from .control section 

Warning: m=xx on .subckt line will override multiplier m hierarchy!

