
Note: Compatibility modes selected: hs a


Circuit: * por-threshold-mc mc @ vth-fall-min_res_ss_-40c_3.63v_s0432 -- generated by sim/harness, do not edit

Doing analysis at TEMP = -40.000000 and TNOM = 27.000000

Using SPARSE 1.3 as Direct Linear Solver

Initial Transient Solution
--------------------------

Node                                   Voltage
----                                   -------
vdd                                          0
bias_ok                                   3.63
vref                                       1.2
ibias                                 0.776319
xdut.bias_okb                                0
xdut.nbg                              0.776319
xdut.sns                                     0
xdut.xrtop.11                                0
xdut.xrtop.21                                0
xdut.snsb                                    0
xdut.xrbot.11                                0
xdut.xrbot.21                                0
xdut.xrhys.11                                0
xdut.xrhys.21                                0
xdut.n1                            7.99705e-30
xdut.tn                            1.25261e-93
xdut.na                           -1.56009e-87
xdut.cmpo                          1.25262e-93
xdut.vdda                         -2.59657e-89
por_raw                            1.76851e-21
vref#branch                                  0
vok#branch                                   0
vsup#branch                             -5e-07

 Reference value :  1.50789e-04
 Reference value :  5.76250e-03
 Reference value :  1.17537e-02
No. of Data Rows : 3290
vpor_rise           =  2.60859e+00
vpor_rise_last      =  2.60859e+00
vpor_fall           =  2.44452e+00
vpor_fall_last      =  2.44452e+00
sns_rise            =  1.20063e+00
sns_fall            =  1.19703e+00
m_vpor_rise_v = 2.6085870000e+00
m_vpor_fall_v = 2.4445160000e+00
m_v_hys_mv = 1.6407100000e+02
m_rise_chatter_mv = 0.0000000000e+00
m_fall_chatter_mv = 0.0000000000e+00
m_comp_offs_rise_mv = 6.2800000000e-01
m_comp_offs_fall_mv = -2.971000000e+00
Note: Simulation executed from .control section 

Warning: m=xx on .subckt line will override multiplier m hierarchy!

