
Note: Compatibility modes selected: hs a


Circuit: * por-threshold-mc mc @ vth-rise-min_bjt_ff_125c_2.97v_s0103 -- generated by sim/harness, do not edit

Doing analysis at TEMP = 125.000000 and TNOM = 27.000000

Using SPARSE 1.3 as Direct Linear Solver

Initial Transient Solution
--------------------------

Node                                   Voltage
----                                   -------
vdd                                          0
bias_ok                                   2.97
vref                                       1.2
ibias                                 0.614343
xdut.bias_okb                                0
xdut.nbg                              0.614343
xdut.sns                           4.97709e-99
xdut.xrtop.11                      4.97708e-99
xdut.xrtop.21                     5.77635e-105
xdut.snsb                          9.24338e-99
xdut.xrbot.11                      9.24337e-99
xdut.xrbot.21                       4.9771e-99
xdut.xrhys.11                     1.09296e-103
xdut.xrhys.21                      9.24327e-99
xdut.n1                            1.89875e-18
xdut.tn                           -2.68926e-23
xdut.na                            2.30571e-18
xdut.cmpo                         -2.69584e-23
xdut.vdda                         -2.61278e-19
por_raw                            -2.3951e-18
vref#branch                                  0
vok#branch                                   0
vsup#branch                             -5e-07

 Reference value :  0.00000e+00
 Reference value :  5.56250e-03
 Reference value :  1.11240e-02
No. of Data Rows : 3243
vpor_rise           =  2.61553e+00
vpor_rise_last      =  2.61553e+00
vpor_fall           =  2.45774e+00
vpor_fall_last      =  2.45774e+00
sns_rise            =  1.20550e+00
sns_fall            =  1.19861e+00
m_vpor_rise_v = 2.6155250000e+00
m_vpor_fall_v = 2.4577380000e+00
m_v_hys_mv = 1.5778700000e+02
m_rise_chatter_mv = 0.0000000000e+00
m_fall_chatter_mv = 0.0000000000e+00
m_comp_offs_rise_mv = 5.5010000000e+00
m_comp_offs_fall_mv = -1.395000000e+00
Note: Simulation executed from .control section 

Warning: m=xx on .subckt line will override multiplier m hierarchy!

