
Note: Compatibility modes selected: hs a


Circuit: * por-threshold-mc mc @ vth-fall-max_bjt_ss_125c_2.97v_s0489 -- generated by sim/harness, do not edit

Doing analysis at TEMP = 125.000000 and TNOM = 27.000000

Using SPARSE 1.3 as Direct Linear Solver

Initial Transient Solution
--------------------------

Node                                   Voltage
----                                   -------
vdd                                          0
bias_ok                                   2.97
vref                                       1.2
ibias                                 0.616688
xdut.bias_okb                                0
xdut.nbg                              0.616688
xdut.sns                         -1.34618e-180
xdut.xrtop.11                    -1.34617e-180
xdut.xrtop.21                    -1.56235e-186
xdut.snsb                        -2.50012e-180
xdut.xrbot.11                    -2.50012e-180
xdut.xrbot.21                    -1.34618e-180
xdut.xrhys.11                    -2.95605e-185
xdut.xrhys.21                    -2.50009e-180
xdut.n1                           -1.11501e-18
xdut.tn                           -1.83636e-23
xdut.na                           -1.08449e-19
xdut.cmpo                         -1.83182e-23
xdut.vdda                         -8.36169e-19
por_raw                            4.12817e-18
vref#branch                                  0
vok#branch                                   0
vsup#branch                             -5e-07

 Reference value :  0.00000e+00
 Reference value :  6.06750e-03
 Reference value :  1.18248e-02
No. of Data Rows : 3245
vpor_rise           =  2.59589e+00
vpor_rise_last      =  2.59589e+00
vpor_fall           =  2.43931e+00
vpor_fall_last      =  2.43931e+00
sns_rise            =  1.19644e+00
sns_fall            =  1.18971e+00
m_vpor_rise_v = 2.5958950000e+00
m_vpor_fall_v = 2.4393100000e+00
m_v_hys_mv = 1.5658500000e+02
m_rise_chatter_mv = 0.0000000000e+00
m_fall_chatter_mv = 0.0000000000e+00
m_comp_offs_rise_mv = -3.560000000e+00
m_comp_offs_fall_mv = -1.029100000e+01
Note: Simulation executed from .control section 

Warning: m=xx on .subckt line will override multiplier m hierarchy!

