
Note: Compatibility modes selected: hs a


Circuit: * por-threshold-mc mc @ vth-fall-min_res_ss_-40c_3.63v_s0039 -- generated by sim/harness, do not edit

Doing analysis at TEMP = -40.000000 and TNOM = 27.000000

Using SPARSE 1.3 as Direct Linear Solver

Initial Transient Solution
--------------------------

Node                                   Voltage
----                                   -------
vdd                                          0
bias_ok                                   3.63
vref                                       1.2
ibias                                 0.776357
xdut.bias_okb                                0
xdut.nbg                              0.776357
xdut.sns                                     0
xdut.xrtop.11                                0
xdut.xrtop.21                                0
xdut.snsb                                    0
xdut.xrbot.11                                0
xdut.xrbot.21                                0
xdut.xrhys.11                                0
xdut.xrhys.21                                0
xdut.n1                            6.03428e-22
xdut.tn                           -2.91875e-78
xdut.na                            4.73929e-72
xdut.cmpo                         -2.91765e-78
xdut.vdda                         -6.92647e-72
por_raw                           -1.07846e-24
vref#branch                                  0
vok#branch                                   0
vsup#branch                             -5e-07

 Reference value :  0.00000e+00
 Reference value :  5.32750e-03
 Reference value :  1.16181e-02
No. of Data Rows : 3283
vpor_rise           =  2.61942e+00
vpor_rise_last      =  2.61942e+00
vpor_fall           =  2.45525e+00
vpor_fall_last      =  2.45525e+00
sns_rise            =  1.20563e+00
sns_fall            =  1.20228e+00
m_vpor_rise_v = 2.6194220000e+00
m_vpor_fall_v = 2.4552460000e+00
m_v_hys_mv = 1.6417600000e+02
m_rise_chatter_mv = 0.0000000000e+00
m_fall_chatter_mv = 0.0000000000e+00
m_comp_offs_rise_mv = 5.6280000000e+00
m_comp_offs_fall_mv = 2.2770000000e+00
Note: Simulation executed from .control section 

Warning: m=xx on .subckt line will override multiplier m hierarchy!

