
Note: Compatibility modes selected: hs a


Circuit: * por-threshold-mc mc @ vth-fall-max_bjt_ss_125c_2.97v_s0287 -- generated by sim/harness, do not edit

Doing analysis at TEMP = 125.000000 and TNOM = 27.000000

Using SPARSE 1.3 as Direct Linear Solver

Initial Transient Solution
--------------------------

Node                                   Voltage
----                                   -------
vdd                                          0
bias_ok                                   2.97
vref                                       1.2
ibias                                 0.618059
xdut.bias_okb                    -1.38034e-248
xdut.nbg                              0.618059
xdut.sns                          7.37291e-233
xdut.xrtop.11                      7.3729e-233
xdut.xrtop.21                     8.55697e-239
xdut.snsb                         1.36929e-232
xdut.xrbot.11                     1.36929e-232
xdut.xrbot.21                     7.37292e-233
xdut.xrhys.11                     1.61903e-237
xdut.xrhys.21                     1.36927e-232
xdut.n1                           -4.22692e-19
xdut.tn                            1.46883e-22
xdut.na                            1.27037e-18
xdut.cmpo                          1.48002e-22
xdut.vdda                          1.00141e-18
por_raw                            7.93847e-18
vref#branch                                  0
vok#branch                                   0
vsup#branch                             -5e-07

 Reference value :  0.00000e+00
 Reference value :  6.35750e-03
 Reference value :  1.18447e-02
No. of Data Rows : 3231
vpor_rise           =  2.60635e+00
vpor_rise_last      =  2.60635e+00
vpor_fall           =  2.44935e+00
vpor_fall_last      =  2.44935e+00
sns_rise            =  1.20127e+00
sns_fall            =  1.19475e+00
m_vpor_rise_v = 2.6063510000e+00
m_vpor_fall_v = 2.4493480000e+00
m_v_hys_mv = 1.5700300000e+02
m_rise_chatter_mv = 0.0000000000e+00
m_fall_chatter_mv = 0.0000000000e+00
m_comp_offs_rise_mv = 1.2660000000e+00
m_comp_offs_fall_mv = -5.254000000e+00
Note: Simulation executed from .control section 

Warning: m=xx on .subckt line will override multiplier m hierarchy!

