
Note: Compatibility modes selected: hs a


Circuit: * por-threshold-mc mc @ vth-rise-min_bjt_ff_125c_2.97v_s0029 -- generated by sim/harness, do not edit

Doing analysis at TEMP = 125.000000 and TNOM = 27.000000

Using SPARSE 1.3 as Direct Linear Solver

Initial Transient Solution
--------------------------

Node                                   Voltage
----                                   -------
vdd                                          0
bias_ok                                   2.97
vref                                       1.2
ibias                                 0.613315
xdut.bias_okb                                0
xdut.nbg                              0.613315
xdut.sns                         -1.02631e-236
xdut.xrtop.11                    -1.02631e-236
xdut.xrtop.21                    -1.19115e-242
xdut.snsb                        -1.90607e-236
xdut.xrbot.11                    -1.90607e-236
xdut.xrbot.21                    -1.02631e-236
xdut.xrhys.11                    -2.25378e-241
xdut.xrhys.21                    -1.90605e-236
xdut.n1                            2.82379e-18
xdut.tn                            1.76685e-21
xdut.na                           -2.62891e-20
xdut.cmpo                          1.78125e-21
xdut.vdda                          6.84878e-19
por_raw                            2.27162e-18
vref#branch                                  0
vok#branch                                   0
vsup#branch                             -5e-07

 Reference value :  1.07859e-04
 Reference value :  6.40250e-03
 Reference value :  1.21227e-02
No. of Data Rows : 3249
vpor_rise           =  2.57546e+00
vpor_rise_last      =  2.57546e+00
vpor_fall           =  2.41989e+00
vpor_fall_last      =  2.41989e+00
sns_rise            =  1.18701e+00
sns_fall            =  1.18038e+00
m_vpor_rise_v = 2.5754600000e+00
m_vpor_fall_v = 2.4198880000e+00
m_v_hys_mv = 1.5557200000e+02
m_rise_chatter_mv = 0.0000000000e+00
m_fall_chatter_mv = 0.0000000000e+00
m_comp_offs_rise_mv = -1.299100000e+01
m_comp_offs_fall_mv = -1.962000000e+01
Note: Simulation executed from .control section 

Warning: m=xx on .subckt line will override multiplier m hierarchy!

