
Note: Compatibility modes selected: hs a


Circuit: * por-threshold-mc mc @ vth-fall-max_bjt_ss_125c_2.97v_s0233 -- generated by sim/harness, do not edit

Doing analysis at TEMP = 125.000000 and TNOM = 27.000000

Using SPARSE 1.3 as Direct Linear Solver

Initial Transient Solution
--------------------------

Node                                   Voltage
----                                   -------
vdd                                          0
bias_ok                                   2.97
vref                                       1.2
ibias                                 0.619599
xdut.bias_okb                                0
xdut.nbg                              0.619599
xdut.sns                          3.78654e-228
xdut.xrtop.11                     3.78653e-228
xdut.xrtop.21                     4.39477e-234
xdut.snsb                         7.03255e-228
xdut.xrbot.11                     7.03254e-228
xdut.xrbot.21                     3.78654e-228
xdut.xrhys.11                     8.31508e-233
xdut.xrhys.21                     7.03247e-228
xdut.n1                            1.93682e-18
xdut.tn                            2.41207e-22
xdut.na                            3.63268e-18
xdut.cmpo                          2.44347e-22
xdut.vdda                          2.60908e-18
por_raw                            1.46563e-18
vref#branch                                  0
vok#branch                                   0
vsup#branch                             -5e-07

 Reference value :  0.00000e+00
 Reference value :  5.72750e-03
 Reference value :  1.16651e-02
No. of Data Rows : 3248
vpor_rise           =  2.60454e+00
vpor_rise_last      =  2.60454e+00
vpor_fall           =  2.44769e+00
vpor_fall_last      =  2.44769e+00
sns_rise            =  1.20043e+00
sns_fall            =  1.19397e+00
m_vpor_rise_v = 2.6045380000e+00
m_vpor_fall_v = 2.4476920000e+00
m_v_hys_mv = 1.5684600000e+02
m_rise_chatter_mv = 0.0000000000e+00
m_fall_chatter_mv = 0.0000000000e+00
m_comp_offs_rise_mv = 4.2900000000e-01
m_comp_offs_fall_mv = -6.033000000e+00
Note: Simulation executed from .control section 

Warning: m=xx on .subckt line will override multiplier m hierarchy!

