
Note: Compatibility modes selected: hs a


Circuit: * por-threshold-mc mc @ vth-fall-min_res_ss_-40c_3.63v_s0082 -- generated by sim/harness, do not edit

Doing analysis at TEMP = -40.000000 and TNOM = 27.000000

Using SPARSE 1.3 as Direct Linear Solver

Initial Transient Solution
--------------------------

Node                                   Voltage
----                                   -------
vdd                                          0
bias_ok                                   3.63
vref                                       1.2
ibias                                 0.775315
xdut.bias_okb                                0
xdut.nbg                              0.775315
xdut.sns                                     0
xdut.xrtop.11                                0
xdut.xrtop.21                                0
xdut.snsb                                    0
xdut.xrbot.11                                0
xdut.xrbot.21                                0
xdut.xrhys.11                                0
xdut.xrhys.21                                0
xdut.n1                            3.42255e-30
xdut.tn                             1.2742e-88
xdut.na                           -1.68075e-82
xdut.cmpo                          1.27418e-88
xdut.vdda                          1.16091e-83
por_raw                            6.76498e-22
vref#branch                                  0
vok#branch                                   0
vsup#branch                             -5e-07

 Reference value :  9.47647e-06
 Reference value :  5.44750e-03
 Reference value :  1.35276e-02
No. of Data Rows : 3269
vpor_rise           =  2.58444e+00
vpor_rise_last      =  2.58444e+00
vpor_fall           =  2.42219e+00
vpor_fall_last      =  2.42219e+00
sns_rise            =  1.18948e+00
sns_fall            =  1.18616e+00
m_vpor_rise_v = 2.5844400000e+00
m_vpor_fall_v = 2.4221920000e+00
m_v_hys_mv = 1.6224800000e+02
m_rise_chatter_mv = 0.0000000000e+00
m_fall_chatter_mv = 0.0000000000e+00
m_comp_offs_rise_mv = -1.051700000e+01
m_comp_offs_fall_mv = -1.383700000e+01
Note: Simulation executed from .control section 

Warning: m=xx on .subckt line will override multiplier m hierarchy!

