
Note: Compatibility modes selected: hs a


Circuit: * por-threshold-mc mc @ vth-fall-max_bjt_ss_125c_2.97v_s0322 -- generated by sim/harness, do not edit

Doing analysis at TEMP = 125.000000 and TNOM = 27.000000

Using SPARSE 1.3 as Direct Linear Solver

Initial Transient Solution
--------------------------

Node                                   Voltage
----                                   -------
vdd                                          0
bias_ok                                   2.97
vref                                       1.2
ibias                                 0.618957
xdut.bias_okb                    -2.32984e-282
xdut.nbg                              0.618957
xdut.sns                          6.67107e-239
xdut.xrtop.11                     6.67107e-239
xdut.xrtop.21                     7.74265e-245
xdut.snsb                         1.23895e-238
xdut.xrbot.11                     1.23895e-238
xdut.xrbot.21                     6.67108e-239
xdut.xrhys.11                     1.46495e-243
xdut.xrhys.21                     1.23894e-238
xdut.n1                            -9.6346e-19
xdut.tn                            -2.4845e-18
xdut.na                             5.6566e-18
xdut.cmpo                          -2.4845e-18
xdut.vdda                           4.0756e-18
por_raw                            2.60576e-18
vref#branch                                  0
vok#branch                                   0
vsup#branch                             -5e-07

 Reference value :  1.84286e-03
 Reference value :  8.42750e-03
 Reference value :  1.35282e-02
No. of Data Rows : 3237
vpor_rise           =  2.59977e+00
vpor_rise_last      =  2.59977e+00
vpor_fall           =  2.44344e+00
vpor_fall_last      =  2.44344e+00
sns_rise            =  1.19823e+00
sns_fall            =  1.19176e+00
m_vpor_rise_v = 2.5997700000e+00
m_vpor_fall_v = 2.4434390000e+00
m_v_hys_mv = 1.5633100000e+02
m_rise_chatter_mv = 0.0000000000e+00
m_fall_chatter_mv = 0.0000000000e+00
m_comp_offs_rise_mv = -1.771000000e+00
m_comp_offs_fall_mv = -8.240000000e+00
Note: Simulation executed from .control section 

Warning: m=xx on .subckt line will override multiplier m hierarchy!

