
Note: Compatibility modes selected: hs a


Circuit: * por-threshold-mc mc @ vth-fall-max_bjt_ss_125c_2.97v_s0311 -- generated by sim/harness, do not edit

Doing analysis at TEMP = 125.000000 and TNOM = 27.000000

Using SPARSE 1.3 as Direct Linear Solver

Initial Transient Solution
--------------------------

Node                                   Voltage
----                                   -------
vdd                                          0
bias_ok                                   2.97
vref                                       1.2
ibias                                 0.616643
xdut.bias_okb                                0
xdut.nbg                              0.616643
xdut.sns                         -1.10211e-147
xdut.xrtop.11                     -1.1021e-147
xdut.xrtop.21                    -1.27912e-153
xdut.snsb                        -2.04684e-147
xdut.xrbot.11                    -2.04684e-147
xdut.xrbot.21                    -1.10211e-147
xdut.xrhys.11                    -2.42012e-152
xdut.xrhys.21                    -2.04682e-147
xdut.n1                            1.88759e-18
xdut.tn                            8.40442e-24
xdut.na                            3.73721e-19
xdut.cmpo                          8.49971e-24
xdut.vdda                          3.21362e-19
por_raw                            4.30278e-18
vref#branch                                  0
vok#branch                                   0
vsup#branch                             -5e-07

 Reference value :  0.00000e+00
 Reference value :  6.09750e-03
 Reference value :  1.32803e-02
No. of Data Rows : 3249
vpor_rise           =  2.57926e+00
vpor_rise_last      =  2.57926e+00
vpor_fall           =  2.42379e+00
vpor_fall_last      =  2.42379e+00
sns_rise            =  1.18876e+00
sns_fall            =  1.18224e+00
m_vpor_rise_v = 2.5792560000e+00
m_vpor_fall_v = 2.4237930000e+00
m_v_hys_mv = 1.5546300000e+02
m_rise_chatter_mv = 0.0000000000e+00
m_fall_chatter_mv = 0.0000000000e+00
m_comp_offs_rise_mv = -1.123900000e+01
m_comp_offs_fall_mv = -1.776000000e+01
Note: Simulation executed from .control section 

Warning: m=xx on .subckt line will override multiplier m hierarchy!

