
Note: Compatibility modes selected: hs a


Circuit: * por-threshold-mc mc @ vth-rise-min_bjt_ff_125c_2.97v_s0194 -- generated by sim/harness, do not edit

Doing analysis at TEMP = 125.000000 and TNOM = 27.000000

Using SPARSE 1.3 as Direct Linear Solver

Initial Transient Solution
--------------------------

Node                                   Voltage
----                                   -------
vdd                                          0
bias_ok                                   2.97
vref                                       1.2
ibias                                 0.616124
xdut.bias_okb                      8.3229e-317
xdut.nbg                              0.616124
xdut.sns                          2.52218e-302
xdut.xrtop.11                     2.52217e-302
xdut.xrtop.21                     2.92719e-308
xdut.snsb                         4.68417e-302
xdut.xrbot.11                     4.68416e-302
xdut.xrbot.21                     2.52218e-302
xdut.xrhys.11                     5.53848e-307
xdut.xrhys.21                     4.68411e-302
xdut.n1                            1.40776e-18
xdut.tn                            2.84031e-18
xdut.na                            5.53625e-18
xdut.cmpo                          2.84031e-18
xdut.vdda                         -3.00287e-18
por_raw                            2.04474e-19
vref#branch                                  0
vok#branch                                   0
vsup#branch                             -5e-07

 Reference value :  0.00000e+00
 Reference value :  5.95750e-03
 Reference value :  1.14640e-02
No. of Data Rows : 3250
vpor_rise           =  2.58695e+00
vpor_rise_last      =  2.58695e+00
vpor_fall           =  2.43092e+00
vpor_fall_last      =  2.43092e+00
sns_rise            =  1.19231e+00
sns_fall            =  1.18571e+00
m_vpor_rise_v = 2.5869490000e+00
m_vpor_fall_v = 2.4309220000e+00
m_v_hys_mv = 1.5602700000e+02
m_rise_chatter_mv = 0.0000000000e+00
m_fall_chatter_mv = 0.0000000000e+00
m_comp_offs_rise_mv = -7.689000000e+00
m_comp_offs_fall_mv = -1.428900000e+01
Note: Simulation executed from .control section 

Warning: m=xx on .subckt line will override multiplier m hierarchy!

