
Note: Compatibility modes selected: hs a


Circuit: * por-threshold-mc mc @ vth-fall-min_res_ss_-40c_3.63v_s0445 -- generated by sim/harness, do not edit

Doing analysis at TEMP = -40.000000 and TNOM = 27.000000

Using SPARSE 1.3 as Direct Linear Solver

Initial Transient Solution
--------------------------

Node                                   Voltage
----                                   -------
vdd                                          0
bias_ok                                   3.63
vref                                       1.2
ibias                                 0.773509
xdut.bias_okb                                0
xdut.nbg                              0.773509
xdut.sns                                     0
xdut.xrtop.11                                0
xdut.xrtop.21                                0
xdut.snsb                                    0
xdut.xrbot.11                                0
xdut.xrbot.21                                0
xdut.xrhys.11                                0
xdut.xrhys.21                                0
xdut.n1                            5.39547e-47
xdut.tn                           -1.09132e-29
xdut.na                            1.25597e-29
xdut.cmpo                         -1.09976e-29
xdut.vdda                           5.2169e-24
por_raw                           -8.18991e-22
vref#branch                                  0
vok#branch                                   0
vsup#branch                             -5e-07

 Reference value :  1.45789e-04
 Reference value :  5.77750e-03
 Reference value :  1.16399e-02
No. of Data Rows : 3288
vpor_rise           =  2.60547e+00
vpor_rise_last      =  2.60547e+00
vpor_fall           =  2.44149e+00
vpor_fall_last      =  2.44149e+00
sns_rise            =  1.19919e+00
sns_fall            =  1.19557e+00
m_vpor_rise_v = 2.6054680000e+00
m_vpor_fall_v = 2.4414850000e+00
m_v_hys_mv = 1.6398300000e+02
m_rise_chatter_mv = 0.0000000000e+00
m_fall_chatter_mv = 0.0000000000e+00
m_comp_offs_rise_mv = -8.120000000e-01
m_comp_offs_fall_mv = -4.433000000e+00
Note: Simulation executed from .control section 

Warning: m=xx on .subckt line will override multiplier m hierarchy!

