
Note: Compatibility modes selected: hs a


Circuit: * por-threshold-mc mc @ vth-rise-min_bjt_ff_125c_2.97v_s0377 -- generated by sim/harness, do not edit

Doing analysis at TEMP = 125.000000 and TNOM = 27.000000

Using SPARSE 1.3 as Direct Linear Solver

Initial Transient Solution
--------------------------

Node                                   Voltage
----                                   -------
vdd                                          0
bias_ok                                   2.97
vref                                       1.2
ibias                                 0.618613
xdut.bias_okb                                0
xdut.nbg                              0.618613
xdut.sns                          2.27413e-304
xdut.xrtop.11                     2.27413e-304
xdut.xrtop.21                     2.63922e-310
xdut.snsb                         4.22343e-304
xdut.xrbot.11                     4.22343e-304
xdut.xrbot.21                     2.27414e-304
xdut.xrhys.11                     4.99371e-309
xdut.xrhys.21                     4.22338e-304
xdut.n1                           -1.86421e-18
xdut.tn                           -5.39889e-22
xdut.na                           -5.80743e-18
xdut.cmpo                         -5.46243e-22
xdut.vdda                         -4.18348e-18
por_raw                           -1.95683e-18
vref#branch                                  0
vok#branch                                   0
vsup#branch                             -5e-07

 Reference value :  0.00000e+00
 Reference value :  6.18750e-03
 Reference value :  1.22989e-02
No. of Data Rows : 3231
vpor_rise           =  2.60130e+00
vpor_rise_last      =  2.60130e+00
vpor_fall           =  2.44441e+00
vpor_fall_last      =  2.44441e+00
sns_rise            =  1.19893e+00
sns_fall            =  1.19217e+00
m_vpor_rise_v = 2.6013000000e+00
m_vpor_fall_v = 2.4444080000e+00
m_v_hys_mv = 1.5689200000e+02
m_rise_chatter_mv = 0.0000000000e+00
m_fall_chatter_mv = 0.0000000000e+00
m_comp_offs_rise_mv = -1.065000000e+00
m_comp_offs_fall_mv = -7.830000000e+00
Note: Simulation executed from .control section 

Warning: m=xx on .subckt line will override multiplier m hierarchy!

