
Note: Compatibility modes selected: hs a


Circuit: * por-threshold-mc mc @ vth-rise-min_bjt_ff_125c_2.97v_s0153 -- generated by sim/harness, do not edit

Doing analysis at TEMP = 125.000000 and TNOM = 27.000000

Using SPARSE 1.3 as Direct Linear Solver

Initial Transient Solution
--------------------------

Node                                   Voltage
----                                   -------
vdd                                          0
bias_ok                                   2.97
vref                                       1.2
ibias                                  0.61573
xdut.bias_okb                                0
xdut.nbg                               0.61573
xdut.sns                             1.88e-125
xdut.xrtop.11                        1.88e-125
xdut.xrtop.21                     2.18184e-131
xdut.snsb                         3.49143e-125
xdut.xrbot.11                     3.49143e-125
xdut.xrbot.21                        1.88e-125
xdut.xrhys.11                     4.12844e-130
xdut.xrhys.21                     3.49139e-125
xdut.n1                           -3.06234e-18
xdut.tn                            8.15264e-23
xdut.na                           -2.51861e-19
xdut.cmpo                          8.16373e-23
xdut.vdda                         -2.39658e-19
por_raw                            6.28116e-18
vref#branch                                  0
vok#branch                                   0
vsup#branch                             -5e-07

 Reference value :  0.00000e+00
 Reference value :  6.15250e-03
 Reference value :  1.16088e-02
No. of Data Rows : 3247
vpor_rise           =  2.60883e+00
vpor_rise_last      =  2.60883e+00
vpor_fall           =  2.45173e+00
vpor_fall_last      =  2.45173e+00
sns_rise            =  1.20241e+00
sns_fall            =  1.19572e+00
m_vpor_rise_v = 2.6088330000e+00
m_vpor_fall_v = 2.4517310000e+00
m_v_hys_mv = 1.5710200000e+02
m_rise_chatter_mv = 0.0000000000e+00
m_fall_chatter_mv = 0.0000000000e+00
m_comp_offs_rise_mv = 2.4120000000e+00
m_comp_offs_fall_mv = -4.276000000e+00
Note: Simulation executed from .control section 

Warning: m=xx on .subckt line will override multiplier m hierarchy!

