
Note: Compatibility modes selected: hs a


Circuit: * por-threshold-mc mc @ vth-rise-min_bjt_ff_125c_2.97v_s0285 -- generated by sim/harness, do not edit

Doing analysis at TEMP = 125.000000 and TNOM = 27.000000

Using SPARSE 1.3 as Direct Linear Solver

Initial Transient Solution
--------------------------

Node                                   Voltage
----                                   -------
vdd                                          0
bias_ok                                   2.97
vref                                       1.2
ibias                                 0.619126
xdut.bias_okb                    -1.52678e-304
xdut.nbg                              0.619126
xdut.sns                           6.7883e-291
xdut.xrtop.11                      6.7883e-291
xdut.xrtop.21                     7.87856e-297
xdut.snsb                         1.26073e-290
xdut.xrbot.11                     1.26073e-290
xdut.xrbot.21                     6.78831e-291
xdut.xrhys.11                     1.49064e-295
xdut.xrhys.21                     1.26072e-290
xdut.n1                            2.70132e-18
xdut.tn                           -3.83673e-22
xdut.na                             3.0501e-18
xdut.cmpo                         -3.85902e-22
xdut.vdda                          7.19393e-19
por_raw                           -7.53194e-18
vref#branch                                  0
vok#branch                                   0
vsup#branch                             -5e-07

 Reference value :  0.00000e+00
 Reference value :  6.76250e-03
 Reference value :  1.28466e-02
No. of Data Rows : 3208
vpor_rise           =  2.58704e+00
vpor_rise_last      =  2.58704e+00
vpor_fall           =  2.43110e+00
vpor_fall_last      =  2.43110e+00
sns_rise            =  1.19235e+00
sns_fall            =  1.18584e+00
m_vpor_rise_v = 2.5870360000e+00
m_vpor_fall_v = 2.4310970000e+00
m_v_hys_mv = 1.5593900000e+02
m_rise_chatter_mv = 0.0000000000e+00
m_fall_chatter_mv = 0.0000000000e+00
m_comp_offs_rise_mv = -7.649000000e+00
m_comp_offs_fall_mv = -1.416400000e+01
Note: Simulation executed from .control section 

Warning: m=xx on .subckt line will override multiplier m hierarchy!

