
Note: Compatibility modes selected: hs a


Circuit: * por-threshold-mc mc @ vth-rise-max_ss_-40c_3.63v_s0469 -- generated by sim/harness, do not edit

Doing analysis at TEMP = -40.000000 and TNOM = 27.000000

Using SPARSE 1.3 as Direct Linear Solver

Initial Transient Solution
--------------------------

Node                                   Voltage
----                                   -------
vdd                                          0
bias_ok                                   3.63
vref                                       1.2
ibias                                 0.886511
xdut.bias_okb                                0
xdut.nbg                              0.886511
xdut.sns                                     0
xdut.xrtop.11                                0
xdut.xrtop.21                                0
xdut.snsb                                    0
xdut.xrbot.11                                0
xdut.xrbot.21                                0
xdut.xrhys.11                                0
xdut.xrhys.21                                0
xdut.n1                           -1.22255e-34
xdut.tn                           -2.00334e-27
xdut.na                           -2.01885e-21
xdut.cmpo                         -2.02614e-27
xdut.vdda                         -4.30021e-21
por_raw                            3.91162e-37
vref#branch                                  0
vok#branch                                   0
vsup#branch                             -5e-07

 Reference value :  5.80792e-04
 Reference value :  5.80250e-03
 Reference value :  1.16378e-02
No. of Data Rows : 3298
vpor_rise           =  2.60453e+00
vpor_rise_last      =  2.60453e+00
vpor_fall           =  2.44102e+00
vpor_fall_last      =  2.44102e+00
sns_rise            =  1.19875e+00
sns_fall            =  1.19553e+00
m_vpor_rise_v = 2.6045260000e+00
m_vpor_fall_v = 2.4410160000e+00
m_v_hys_mv = 1.6351000000e+02
m_rise_chatter_mv = 0.0000000000e+00
m_fall_chatter_mv = 0.0000000000e+00
m_comp_offs_rise_mv = -1.246000000e+00
m_comp_offs_fall_mv = -4.470000000e+00
Note: Simulation executed from .control section 

Warning: m=xx on .subckt line will override multiplier m hierarchy!

