
Note: Compatibility modes selected: hs a


Circuit: * por-threshold-mc mc @ vth-fall-max_bjt_ss_125c_2.97v_s0015 -- generated by sim/harness, do not edit

Doing analysis at TEMP = 125.000000 and TNOM = 27.000000

Using SPARSE 1.3 as Direct Linear Solver

Initial Transient Solution
--------------------------

Node                                   Voltage
----                                   -------
vdd                                          0
bias_ok                                   2.97
vref                                       1.2
ibias                                 0.618218
xdut.bias_okb                    -8.37813e-237
xdut.nbg                              0.618218
xdut.sns                          1.22147e-193
xdut.xrtop.11                     1.22147e-193
xdut.xrtop.21                     1.41763e-199
xdut.snsb                         2.26852e-193
xdut.xrbot.11                     2.26851e-193
xdut.xrbot.21                     1.22147e-193
xdut.xrhys.11                     2.68229e-198
xdut.xrhys.21                     2.26849e-193
xdut.n1                            1.52694e-18
xdut.tn                            9.23204e-23
xdut.na                            5.59909e-19
xdut.cmpo                          9.26625e-23
xdut.vdda                           1.0772e-18
por_raw                            4.66641e-18
vref#branch                                  0
vok#branch                                   0
vsup#branch                             -5e-07

 Reference value :  1.53786e-03
 Reference value :  7.60750e-03
 Reference value :  1.36419e-02
No. of Data Rows : 3244
vpor_rise           =  2.58166e+00
vpor_rise_last      =  2.58166e+00
vpor_fall           =  2.42626e+00
vpor_fall_last      =  2.42626e+00
sns_rise            =  1.18987e+00
sns_fall            =  1.18349e+00
m_vpor_rise_v = 2.5816600000e+00
m_vpor_fall_v = 2.4262580000e+00
m_v_hys_mv = 1.5540200000e+02
m_rise_chatter_mv = 0.0000000000e+00
m_fall_chatter_mv = 0.0000000000e+00
m_comp_offs_rise_mv = -1.013000000e+01
m_comp_offs_fall_mv = -1.651100000e+01
Note: Simulation executed from .control section 

Warning: m=xx on .subckt line will override multiplier m hierarchy!

