
Note: Compatibility modes selected: hs a


Circuit: * por-threshold-mc mc @ vth-fall-min_res_ss_-40c_3.63v_s0267 -- generated by sim/harness, do not edit

Doing analysis at TEMP = -40.000000 and TNOM = 27.000000

Using SPARSE 1.3 as Direct Linear Solver

Initial Transient Solution
--------------------------

Node                                   Voltage
----                                   -------
vdd                                          0
bias_ok                                   3.63
vref                                       1.2
ibias                                 0.778175
xdut.bias_okb                                0
xdut.nbg                              0.778175
xdut.sns                                     0
xdut.xrtop.11                                0
xdut.xrtop.21                                0
xdut.snsb                                    0
xdut.xrbot.11                                0
xdut.xrbot.21                                0
xdut.xrhys.11                                0
xdut.xrhys.21                                0
xdut.n1                           -1.30688e-29
xdut.tn                            2.11777e-91
xdut.na                            2.18855e-85
xdut.cmpo                          2.13297e-91
xdut.vdda                         -1.02975e-83
por_raw                           -7.85152e-25
vref#branch                                  0
vok#branch                                   0
vsup#branch                             -5e-07

 Reference value :  0.00000e+00
 Reference value :  5.65750e-03
 Reference value :  1.16396e-02
No. of Data Rows : 3284
vpor_rise           =  2.60280e+00
vpor_rise_last      =  2.60280e+00
vpor_fall           =  2.43969e+00
vpor_fall_last      =  2.43969e+00
sns_rise            =  1.19796e+00
sns_fall            =  1.19472e+00
m_vpor_rise_v = 2.6028000000e+00
m_vpor_fall_v = 2.4396880000e+00
m_v_hys_mv = 1.6311200000e+02
m_rise_chatter_mv = 0.0000000000e+00
m_fall_chatter_mv = 0.0000000000e+00
m_comp_offs_rise_mv = -2.043000000e+00
m_comp_offs_fall_mv = -5.281000000e+00
Note: Simulation executed from .control section 

Warning: m=xx on .subckt line will override multiplier m hierarchy!

