
Note: Compatibility modes selected: hs a


Circuit: * por-threshold-mc mc @ vth-rise-min_bjt_ff_125c_2.97v_s0329 -- generated by sim/harness, do not edit

Doing analysis at TEMP = 125.000000 and TNOM = 27.000000

Using SPARSE 1.3 as Direct Linear Solver

Initial Transient Solution
--------------------------

Node                                   Voltage
----                                   -------
vdd                                          0
bias_ok                                   2.97
vref                                       1.2
ibias                                 0.613366
xdut.bias_okb                                0
xdut.nbg                              0.613366
xdut.sns                          1.08546e-145
xdut.xrtop.11                     1.08546e-145
xdut.xrtop.21                     1.25974e-151
xdut.snsb                         2.01587e-145
xdut.xrbot.11                     2.01587e-145
xdut.xrbot.21                     1.08546e-145
xdut.xrhys.11                     2.38349e-150
xdut.xrhys.21                     2.01584e-145
xdut.n1                           -1.66605e-18
xdut.tn                           -7.93289e-24
xdut.na                           -5.37299e-20
xdut.cmpo                         -7.91133e-24
xdut.vdda                         -3.59752e-19
por_raw                            2.27357e-18
vref#branch                                  0
vok#branch                                   0
vsup#branch                             -5e-07

 Reference value :  2.00000e-07
 Reference value :  6.06750e-03
 Reference value :  1.17586e-02
No. of Data Rows : 3248
vpor_rise           =  2.61245e+00
vpor_rise_last      =  2.61245e+00
vpor_fall           =  2.45486e+00
vpor_fall_last      =  2.45486e+00
sns_rise            =  1.20408e+00
sns_fall            =  1.19724e+00
m_vpor_rise_v = 2.6124480000e+00
m_vpor_fall_v = 2.4548600000e+00
m_v_hys_mv = 1.5758800000e+02
m_rise_chatter_mv = 0.0000000000e+00
m_fall_chatter_mv = 0.0000000000e+00
m_comp_offs_rise_mv = 4.0800000000e+00
m_comp_offs_fall_mv = -2.764000000e+00
Note: Simulation executed from .control section 

Warning: m=xx on .subckt line will override multiplier m hierarchy!

