
Note: Compatibility modes selected: hs a


Circuit: * por-threshold-mc mc @ vth-rise-max_ss_-40c_3.63v_s0056 -- generated by sim/harness, do not edit

Doing analysis at TEMP = -40.000000 and TNOM = 27.000000

Using SPARSE 1.3 as Direct Linear Solver

Initial Transient Solution
--------------------------

Node                                   Voltage
----                                   -------
vdd                                          0
bias_ok                                   3.63
vref                                       1.2
ibias                                 0.886858
xdut.bias_okb                                0
xdut.nbg                              0.886858
xdut.sns                                     0
xdut.xrtop.11                                0
xdut.xrtop.21                                0
xdut.snsb                                    0
xdut.xrbot.11                                0
xdut.xrbot.21                                0
xdut.xrhys.11                                0
xdut.xrhys.21                                0
xdut.n1                           4.38869e-273
xdut.tn                            3.94438e-50
xdut.na                            1.07372e-43
xdut.cmpo                          3.99242e-50
xdut.vdda                         -9.83463e-41
por_raw                            1.02947e-21
vref#branch                                  0
vok#branch                                   0
vsup#branch                             -5e-07

 Reference value :  2.55792e-04
 Reference value :  5.94750e-03
 Reference value :  1.16409e-02
No. of Data Rows : 3291
vpor_rise           =  2.60417e+00
vpor_rise_last      =  2.60417e+00
vpor_fall           =  2.44024e+00
vpor_fall_last      =  2.44024e+00
sns_rise            =  1.19859e+00
sns_fall            =  1.19515e+00
m_vpor_rise_v = 2.6041740000e+00
m_vpor_fall_v = 2.4402400000e+00
m_v_hys_mv = 1.6393400000e+02
m_rise_chatter_mv = 0.0000000000e+00
m_fall_chatter_mv = 0.0000000000e+00
m_comp_offs_rise_mv = -1.408000000e+00
m_comp_offs_fall_mv = -4.848000000e+00
Note: Simulation executed from .control section 

Warning: m=xx on .subckt line will override multiplier m hierarchy!

