
Note: Compatibility modes selected: hs a


Circuit: * por-threshold-mc mc @ vth-fall-min_res_ss_-40c_3.63v_s0129 -- generated by sim/harness, do not edit

Doing analysis at TEMP = -40.000000 and TNOM = 27.000000

Using SPARSE 1.3 as Direct Linear Solver

Initial Transient Solution
--------------------------

Node                                   Voltage
----                                   -------
vdd                                          0
bias_ok                                   3.63
vref                                       1.2
ibias                                 0.776266
xdut.bias_okb                                0
xdut.nbg                              0.776266
xdut.sns                                     0
xdut.xrtop.11                                0
xdut.xrtop.21                                0
xdut.snsb                                    0
xdut.xrbot.11                                0
xdut.xrbot.21                                0
xdut.xrhys.11                                0
xdut.xrhys.21                                0
xdut.n1                          -4.11929e-146
xdut.tn                           -1.27917e-33
xdut.na                           -8.91246e-24
xdut.cmpo                         -1.27917e-33
xdut.vdda                          5.94331e-24
por_raw                           -1.70407e-21
vref#branch                                  0
vok#branch                                   0
vsup#branch                             -5e-07

 Reference value :  5.30789e-04
 Reference value :  5.92250e-03
 Reference value :  1.18071e-02
No. of Data Rows : 3289
vpor_rise           =  2.61764e+00
vpor_rise_last      =  2.61764e+00
vpor_fall           =  2.45308e+00
vpor_fall_last      =  2.45308e+00
sns_rise            =  1.20481e+00
sns_fall            =  1.20119e+00
m_vpor_rise_v = 2.6176390000e+00
m_vpor_fall_v = 2.4530770000e+00
m_v_hys_mv = 1.6456200000e+02
m_rise_chatter_mv = 0.0000000000e+00
m_fall_chatter_mv = 0.0000000000e+00
m_comp_offs_rise_mv = 4.8060000000e+00
m_comp_offs_fall_mv = 1.1930000000e+00
Note: Simulation executed from .control section 

Warning: m=xx on .subckt line will override multiplier m hierarchy!

