
Note: Compatibility modes selected: hs a


Circuit: * por-threshold-mc mc @ vth-fall-max_bjt_ss_125c_2.97v_s0133 -- generated by sim/harness, do not edit

Doing analysis at TEMP = 125.000000 and TNOM = 27.000000

Using SPARSE 1.3 as Direct Linear Solver

Initial Transient Solution
--------------------------

Node                                   Voltage
----                                   -------
vdd                                          0
bias_ok                                   2.97
vref                                       1.2
ibias                                 0.618295
xdut.bias_okb                     1.25474e-315
xdut.nbg                              0.618295
xdut.sns                          7.98669e-135
xdut.xrtop.11                     7.98668e-135
xdut.xrtop.21                     9.26879e-141
xdut.snsb                         1.48325e-134
xdut.xrbot.11                     1.48325e-134
xdut.xrbot.21                      7.9867e-135
xdut.xrhys.11                     1.75379e-139
xdut.xrhys.21                     1.48323e-134
xdut.n1                           -2.57287e-18
xdut.tn                           -2.91994e-23
xdut.na                            8.16511e-19
xdut.cmpo                         -2.78858e-23
xdut.vdda                          5.25512e-19
por_raw                            6.77438e-18
vref#branch                                  0
vok#branch                                   0
vsup#branch                             -5e-07

 Reference value :  3.37859e-04
 Reference value :  6.42750e-03
 Reference value :  1.21794e-02
No. of Data Rows : 3247
vpor_rise           =  2.59543e+00
vpor_rise_last      =  2.59543e+00
vpor_fall           =  2.43910e+00
vpor_fall_last      =  2.43910e+00
sns_rise            =  1.19623e+00
sns_fall            =  1.18969e+00
m_vpor_rise_v = 2.5954320000e+00
m_vpor_fall_v = 2.4391010000e+00
m_v_hys_mv = 1.5633100000e+02
m_rise_chatter_mv = 0.0000000000e+00
m_fall_chatter_mv = 0.0000000000e+00
m_comp_offs_rise_mv = -3.773000000e+00
m_comp_offs_fall_mv = -1.031200000e+01
Note: Simulation executed from .control section 

Warning: m=xx on .subckt line will override multiplier m hierarchy!

