
Note: Compatibility modes selected: hs a


Circuit: * por-threshold-mc mc @ vth-fall-min_res_ss_-40c_3.63v_s0455 -- generated by sim/harness, do not edit

Doing analysis at TEMP = -40.000000 and TNOM = 27.000000

Using SPARSE 1.3 as Direct Linear Solver

Initial Transient Solution
--------------------------

Node                                   Voltage
----                                   -------
vdd                                          0
bias_ok                                   3.63
vref                                       1.2
ibias                                 0.777823
xdut.bias_okb                                0
xdut.nbg                              0.777823
xdut.sns                                     0
xdut.xrtop.11                                0
xdut.xrtop.21                                0
xdut.snsb                                    0
xdut.xrbot.11                                0
xdut.xrbot.21                                0
xdut.xrhys.11                                0
xdut.xrhys.21                                0
xdut.n1                            2.81803e-93
xdut.tn                            1.92268e-28
xdut.na                           -3.41837e-21
xdut.cmpo                          1.94557e-28
xdut.vdda                          5.44435e-22
por_raw                            5.75966e-43
vref#branch                                  0
vok#branch                                   0
vsup#branch                             -5e-07

 Reference value :  1.60789e-04
 Reference value :  5.81250e-03
 Reference value :  1.16636e-02
No. of Data Rows : 3307
vpor_rise           =  2.58495e+00
vpor_rise_last      =  2.58495e+00
vpor_fall           =  2.42290e+00
vpor_fall_last      =  2.42290e+00
sns_rise            =  1.18972e+00
sns_fall            =  1.18655e+00
m_vpor_rise_v = 2.5849490000e+00
m_vpor_fall_v = 2.4229010000e+00
m_v_hys_mv = 1.6204800000e+02
m_rise_chatter_mv = 0.0000000000e+00
m_fall_chatter_mv = 0.0000000000e+00
m_comp_offs_rise_mv = -1.028200000e+01
m_comp_offs_fall_mv = -1.344500000e+01
Note: Simulation executed from .control section 

Warning: m=xx on .subckt line will override multiplier m hierarchy!

