
Note: Compatibility modes selected: hs a


Circuit: * por-threshold-mc mc @ vth-rise-min_bjt_ff_125c_2.97v_s0275 -- generated by sim/harness, do not edit

Doing analysis at TEMP = 125.000000 and TNOM = 27.000000

Using SPARSE 1.3 as Direct Linear Solver

Initial Transient Solution
--------------------------

Node                                   Voltage
----                                   -------
vdd                                          0
bias_ok                                   2.97
vref                                       1.2
ibias                                 0.615244
xdut.bias_okb                                0
xdut.nbg                              0.615244
xdut.sns                         -8.48572e-298
xdut.xrtop.11                    -8.48571e-298
xdut.xrtop.21                    -9.84826e-304
xdut.snsb                        -1.57593e-297
xdut.xrbot.11                    -1.57593e-297
xdut.xrbot.21                    -8.48573e-298
xdut.xrhys.11                    -1.86322e-302
xdut.xrhys.21                    -1.57591e-297
xdut.n1                             7.3708e-19
xdut.tn                            3.35518e-22
xdut.na                           -1.16762e-18
xdut.cmpo                          3.36186e-22
xdut.vdda                          8.94221e-19
por_raw                            3.79641e-18
vref#branch                                  0
vok#branch                                   0
vsup#branch                             -5e-07

 Reference value :  2.42859e-04
 Reference value :  5.94750e-03
 Reference value :  1.14081e-02
No. of Data Rows : 3242
vpor_rise           =  2.58080e+00
vpor_rise_last      =  2.58080e+00
vpor_fall           =  2.42521e+00
vpor_fall_last      =  2.42521e+00
sns_rise            =  1.18947e+00
sns_fall            =  1.18292e+00
m_vpor_rise_v = 2.5808000000e+00
m_vpor_fall_v = 2.4252130000e+00
m_v_hys_mv = 1.5558700000e+02
m_rise_chatter_mv = 0.0000000000e+00
m_fall_chatter_mv = 0.0000000000e+00
m_comp_offs_rise_mv = -1.052700000e+01
m_comp_offs_fall_mv = -1.707700000e+01
Note: Simulation executed from .control section 

Warning: m=xx on .subckt line will override multiplier m hierarchy!

