
Note: Compatibility modes selected: hs a


Circuit: * por-threshold-mc mc @ vth-fall-min_res_ss_-40c_3.63v_s0041 -- generated by sim/harness, do not edit

Doing analysis at TEMP = -40.000000 and TNOM = 27.000000

Using SPARSE 1.3 as Direct Linear Solver

Initial Transient Solution
--------------------------

Node                                   Voltage
----                                   -------
vdd                                          0
bias_ok                                   3.63
vref                                       1.2
ibias                                 0.772222
xdut.bias_okb                                0
xdut.nbg                              0.772222
xdut.sns                                     0
xdut.xrtop.11                                0
xdut.xrtop.21                                0
xdut.snsb                                    0
xdut.xrbot.11                                0
xdut.xrbot.21                                0
xdut.xrhys.11                                0
xdut.xrhys.21                                0
xdut.n1                            1.63582e-43
xdut.tn                           -2.41581e-93
xdut.na                            3.67874e-87
xdut.cmpo                         -2.41535e-93
xdut.vdda                         -3.41993e-87
por_raw                            1.56734e-22
vref#branch                                  0
vok#branch                                   0
vsup#branch                             -5e-07

 Reference value :  5.00000e-08
 Reference value :  5.74750e-03
 Reference value :  1.16422e-02
No. of Data Rows : 3292
vpor_rise           =  2.62941e+00
vpor_rise_last      =  2.62941e+00
vpor_fall           =  2.46397e+00
vpor_fall_last      =  2.46397e+00
sns_rise            =  1.21024e+00
sns_fall            =  1.20652e+00
m_vpor_rise_v = 2.6294130000e+00
m_vpor_fall_v = 2.4639660000e+00
m_v_hys_mv = 1.6544700000e+02
m_rise_chatter_mv = 0.0000000000e+00
m_fall_chatter_mv = 0.0000000000e+00
m_comp_offs_rise_mv = 1.0240000000e+01
m_comp_offs_fall_mv = 6.5150000000e+00
Note: Simulation executed from .control section 

Warning: m=xx on .subckt line will override multiplier m hierarchy!

