
Note: Compatibility modes selected: hs a


Circuit: * por-threshold-mc mc @ vth-fall-max_bjt_ss_125c_2.97v_s0476 -- generated by sim/harness, do not edit

Doing analysis at TEMP = 125.000000 and TNOM = 27.000000

Using SPARSE 1.3 as Direct Linear Solver

Initial Transient Solution
--------------------------

Node                                   Voltage
----                                   -------
vdd                                          0
bias_ok                                   2.97
vref                                       1.2
ibias                                 0.622319
xdut.bias_okb                    -1.60009e-274
xdut.nbg                              0.622319
xdut.sns                         -1.61185e-105
xdut.xrtop.11                    -1.61185e-105
xdut.xrtop.21                    -1.87062e-111
xdut.snsb                        -2.99345e-105
xdut.xrbot.11                    -2.99345e-105
xdut.xrbot.21                    -1.61186e-105
xdut.xrhys.11                    -3.53926e-110
xdut.xrhys.21                    -2.99341e-105
xdut.n1                            5.30677e-99
xdut.tn                            7.72132e-99
xdut.na                            1.94959e-95
xdut.cmpo                           7.7499e-99
xdut.vdda                         -6.29682e-93
por_raw                           -5.53035e-93
vref#branch                                  0
vok#branch                                   0
vsup#branch                             -5e-07

 Reference value :  0.00000e+00
 Reference value :  5.85750e-03
 Reference value :  1.16403e-02
No. of Data Rows : 3248
vpor_rise           =  2.61073e+00
vpor_rise_last      =  2.61073e+00
vpor_fall           =  2.45375e+00
vpor_fall_last      =  2.45375e+00
sns_rise            =  1.20329e+00
sns_fall            =  1.19683e+00
m_vpor_rise_v = 2.6107340000e+00
m_vpor_fall_v = 2.4537470000e+00
m_v_hys_mv = 1.5698700000e+02
m_rise_chatter_mv = 0.0000000000e+00
m_fall_chatter_mv = 0.0000000000e+00
m_comp_offs_rise_mv = 3.2890000000e+00
m_comp_offs_fall_mv = -3.167000000e+00
Note: Simulation executed from .control section 

Warning: m=xx on .subckt line will override multiplier m hierarchy!

Note: Starting dynamic gmin stepping
Note: Dynamic gmin stepping completed
