
Note: Compatibility modes selected: hs a


Circuit: * por-threshold-mc mc @ vth-fall-max_bjt_ss_125c_2.97v_s0199 -- generated by sim/harness, do not edit

Doing analysis at TEMP = 125.000000 and TNOM = 27.000000

Using SPARSE 1.3 as Direct Linear Solver

Initial Transient Solution
--------------------------

Node                                   Voltage
----                                   -------
vdd                                          0
bias_ok                                   2.97
vref                                       1.2
ibias                                  0.61709
xdut.bias_okb                                0
xdut.nbg                               0.61709
xdut.sns                          -2.82752e-28
xdut.xrtop.11                     -2.82752e-28
xdut.xrtop.21                     -3.28145e-34
xdut.snsb                         -5.25113e-28
xdut.xrbot.11                     -5.25112e-28
xdut.xrbot.21                     -2.82753e-28
xdut.xrhys.11                     -6.20859e-33
xdut.xrhys.21                     -5.25106e-28
xdut.n1                            6.75223e-18
xdut.tn                             5.6986e-24
xdut.na                              1.389e-20
xdut.cmpo                          5.72312e-24
xdut.vdda                          8.60939e-20
por_raw                           -1.97559e-18
vref#branch                                  0
vok#branch                                   0
vsup#branch                             -5e-07

 Reference value :  0.00000e+00
 Reference value :  5.61750e-03
 Reference value :  1.13262e-02
No. of Data Rows : 3240
vpor_rise           =  2.61134e+00
vpor_rise_last      =  2.61134e+00
vpor_fall           =  2.45403e+00
vpor_fall_last      =  2.45403e+00
sns_rise            =  1.20357e+00
sns_fall            =  1.19687e+00
m_vpor_rise_v = 2.6113440000e+00
m_vpor_fall_v = 2.4540280000e+00
m_v_hys_mv = 1.5731600000e+02
m_rise_chatter_mv = 0.0000000000e+00
m_fall_chatter_mv = 0.0000000000e+00
m_comp_offs_rise_mv = 3.5710000000e+00
m_comp_offs_fall_mv = -3.131000000e+00
Note: Simulation executed from .control section 

Warning: m=xx on .subckt line will override multiplier m hierarchy!

