
Note: Compatibility modes selected: hs a


Circuit: * por-threshold-mc mc @ vth-fall-max_bjt_ss_125c_2.97v_s0389 -- generated by sim/harness, do not edit

Doing analysis at TEMP = 125.000000 and TNOM = 27.000000

Using SPARSE 1.3 as Direct Linear Solver

Initial Transient Solution
--------------------------

Node                                   Voltage
----                                   -------
vdd                                          0
bias_ok                                   2.97
vref                                       1.2
ibias                                 0.616961
xdut.bias_okb                     3.57592e-275
xdut.nbg                              0.616961
xdut.sns                         -7.00549e-107
xdut.xrtop.11                    -7.00548e-107
xdut.xrtop.21                    -8.13014e-113
xdut.snsb                        -1.30102e-106
xdut.xrbot.11                    -1.30102e-106
xdut.xrbot.21                    -7.00549e-107
xdut.xrhys.11                    -1.53824e-111
xdut.xrhys.21                    -1.30101e-106
xdut.n1                            2.50436e-91
xdut.tn                            -4.0893e-99
xdut.na                           -2.83895e-95
xdut.cmpo                         -4.07806e-99
xdut.vdda                         -2.00481e-94
por_raw                           -4.37274e-94
vref#branch                                  0
vok#branch                                   0
vsup#branch                             -5e-07

 Reference value :  0.00000e+00
 Reference value :  5.76750e-03
 Reference value :  1.15871e-02
No. of Data Rows : 3238
vpor_rise           =  2.61391e+00
vpor_rise_last      =  2.61391e+00
vpor_fall           =  2.45656e+00
vpor_fall_last      =  2.45656e+00
sns_rise            =  1.20476e+00
sns_fall            =  1.19811e+00
m_vpor_rise_v = 2.6139130000e+00
m_vpor_fall_v = 2.4565560000e+00
m_v_hys_mv = 1.5735700000e+02
m_rise_chatter_mv = 0.0000000000e+00
m_fall_chatter_mv = 0.0000000000e+00
m_comp_offs_rise_mv = 4.7560000000e+00
m_comp_offs_fall_mv = -1.886000000e+00
Note: Simulation executed from .control section 

Warning: m=xx on .subckt line will override multiplier m hierarchy!

Note: Starting dynamic gmin stepping
Note: Dynamic gmin stepping completed
