
Note: Compatibility modes selected: hs a


Circuit: * por-threshold-mc mc @ vth-fall-max_bjt_ss_125c_2.97v_s0077 -- generated by sim/harness, do not edit

Doing analysis at TEMP = 125.000000 and TNOM = 27.000000

Using SPARSE 1.3 as Direct Linear Solver

Initial Transient Solution
--------------------------

Node                                   Voltage
----                                   -------
vdd                                          0
bias_ok                                   2.97
vref                                       1.2
ibias                                 0.617553
xdut.bias_okb                                0
xdut.nbg                              0.617553
xdut.sns                           2.82247e-60
xdut.xrtop.11                      2.82247e-60
xdut.xrtop.21                      3.27574e-66
xdut.snsb                          5.24177e-60
xdut.xrbot.11                      5.24177e-60
xdut.xrbot.21                      2.82248e-60
xdut.xrhys.11                      6.19787e-65
xdut.xrhys.21                      5.24171e-60
xdut.n1                           -1.34736e-18
xdut.tn                            6.23644e-22
xdut.na                            3.08826e-18
xdut.cmpo                          6.29393e-22
xdut.vdda                          1.78024e-18
por_raw                           -2.17758e-18
vref#branch                                  0
vok#branch                                   0
vsup#branch                             -5e-07

 Reference value :  0.00000e+00
 Reference value :  5.86250e-03
 Reference value :  1.13894e-02
No. of Data Rows : 3249
vpor_rise           =  2.59459e+00
vpor_rise_last      =  2.59459e+00
vpor_fall           =  2.43859e+00
vpor_fall_last      =  2.43859e+00
sns_rise            =  1.19584e+00
sns_fall            =  1.18950e+00
m_vpor_rise_v = 2.5945890000e+00
m_vpor_fall_v = 2.4385950000e+00
m_v_hys_mv = 1.5599400000e+02
m_rise_chatter_mv = 0.0000000000e+00
m_fall_chatter_mv = 0.0000000000e+00
m_comp_offs_rise_mv = -4.163000000e+00
m_comp_offs_fall_mv = -1.050100000e+01
Note: Simulation executed from .control section 

Warning: m=xx on .subckt line will override multiplier m hierarchy!

