
Note: Compatibility modes selected: hs a


Circuit: * por-threshold-mc mc @ vth-fall-min_res_ss_-40c_3.63v_s0202 -- generated by sim/harness, do not edit

Doing analysis at TEMP = -40.000000 and TNOM = 27.000000

Using SPARSE 1.3 as Direct Linear Solver

Initial Transient Solution
--------------------------

Node                                   Voltage
----                                   -------
vdd                                          0
bias_ok                                   3.63
vref                                       1.2
ibias                                 0.775701
xdut.bias_okb                                0
xdut.nbg                              0.775701
xdut.sns                          2.28286e-179
xdut.xrtop.11                     2.28285e-179
xdut.xrtop.21                     2.47554e-185
xdut.snsb                        -3.97593e-180
xdut.xrbot.11                    -3.97595e-180
xdut.xrbot.21                     2.28286e-179
xdut.xrhys.11                    -2.47553e-185
xdut.xrhys.21                     -3.9759e-180
xdut.n1                            -4.2556e-24
xdut.tn                            9.92573e-34
xdut.na                            7.58135e-24
xdut.cmpo                          9.92432e-34
xdut.vdda                         -5.05564e-24
por_raw                           -7.00446e-23
vref#branch                                  0
vok#branch                                   0
vsup#branch                             -5e-07

 Reference value :  0.00000e+00
 Reference value :  5.98750e-03
 Reference value :  1.16518e-02
No. of Data Rows : 3268
vpor_rise           =  2.59349e+00
vpor_rise_last      =  2.59349e+00
vpor_fall           =  2.43095e+00
vpor_fall_last      =  2.43095e+00
sns_rise            =  1.19366e+00
sns_fall            =  1.19046e+00
m_vpor_rise_v = 2.5934930000e+00
m_vpor_fall_v = 2.4309490000e+00
m_v_hys_mv = 1.6254400000e+02
m_rise_chatter_mv = 0.0000000000e+00
m_fall_chatter_mv = 0.0000000000e+00
m_comp_offs_rise_mv = -6.339000000e+00
m_comp_offs_fall_mv = -9.535000000e+00
Note: Simulation executed from .control section 

Warning: m=xx on .subckt line will override multiplier m hierarchy!

