
Note: Compatibility modes selected: hs a


Circuit: * por-threshold-mc mc @ vth-rise-min_bjt_ff_125c_2.97v_s0498 -- generated by sim/harness, do not edit

Doing analysis at TEMP = 125.000000 and TNOM = 27.000000

Using SPARSE 1.3 as Direct Linear Solver

Initial Transient Solution
--------------------------

Node                                   Voltage
----                                   -------
vdd                                          0
bias_ok                                   2.97
vref                                       1.2
ibias                                 0.611956
xdut.bias_okb                                0
xdut.nbg                              0.611956
xdut.sns                          2.20189e-104
xdut.xrtop.11                     2.20189e-104
xdut.xrtop.21                     2.55549e-110
xdut.snsb                         4.08936e-104
xdut.xrbot.11                     4.08936e-104
xdut.xrbot.21                     2.20189e-104
xdut.xrhys.11                     4.83537e-109
xdut.xrhys.21                     4.08932e-104
xdut.n1                           -8.43911e-19
xdut.tn                           -7.63295e-25
xdut.na                           -1.60919e-21
xdut.cmpo                         -7.72661e-25
xdut.vdda                          1.55066e-18
por_raw                            3.72706e-18
vref#branch                                  0
vok#branch                                   0
vsup#branch                             -5e-07

 Reference value :  5.12859e-04
 Reference value :  6.69250e-03
 Reference value :  1.26866e-02
No. of Data Rows : 3247
vpor_rise           =  2.58835e+00
vpor_rise_last      =  2.58835e+00
vpor_fall           =  2.43217e+00
vpor_fall_last      =  2.43217e+00
sns_rise            =  1.19296e+00
sns_fall            =  1.18627e+00
m_vpor_rise_v = 2.5883550000e+00
m_vpor_fall_v = 2.4321710000e+00
m_v_hys_mv = 1.5618400000e+02
m_rise_chatter_mv = 0.0000000000e+00
m_fall_chatter_mv = 0.0000000000e+00
m_comp_offs_rise_mv = -7.040000000e+00
m_comp_offs_fall_mv = -1.373200000e+01
Note: Simulation executed from .control section 

Warning: m=xx on .subckt line will override multiplier m hierarchy!

