
Note: Compatibility modes selected: hs a


Circuit: * por-threshold-mc mc @ vth-fall-min_res_ss_-40c_3.63v_s0450 -- generated by sim/harness, do not edit

Doing analysis at TEMP = -40.000000 and TNOM = 27.000000

Using SPARSE 1.3 as Direct Linear Solver

Initial Transient Solution
--------------------------

Node                                   Voltage
----                                   -------
vdd                                          0
bias_ok                                   3.63
vref                                       1.2
ibias                                 0.777716
xdut.bias_okb                                0
xdut.nbg                              0.777716
xdut.sns                          7.78737e-245
xdut.xrtop.11                     7.78736e-245
xdut.xrtop.21                     1.33119e-250
xdut.snsb                        -5.67483e-245
xdut.xrbot.11                    -5.67484e-245
xdut.xrbot.21                     7.78738e-245
xdut.xrhys.11                    -1.33118e-250
xdut.xrhys.21                    -5.67482e-245
xdut.n1                            1.50255e-34
xdut.tn                            7.80068e-33
xdut.na                           -1.02918e-26
xdut.cmpo                          7.80068e-33
xdut.vdda                          5.78746e-29
por_raw                           -4.34608e-24
vref#branch                                  0
vok#branch                                   0
vsup#branch                             -5e-07

 Reference value :  3.50789e-04
 Reference value :  6.55750e-03
 Reference value :  1.26962e-02
No. of Data Rows : 3275
vpor_rise           =  2.61061e+00
vpor_rise_last      =  2.61061e+00
vpor_fall           =  2.44649e+00
vpor_fall_last      =  2.44649e+00
sns_rise            =  1.20156e+00
sns_fall            =  1.19801e+00
m_vpor_rise_v = 2.6106140000e+00
m_vpor_fall_v = 2.4464880000e+00
m_v_hys_mv = 1.6412600000e+02
m_rise_chatter_mv = 0.0000000000e+00
m_fall_chatter_mv = 0.0000000000e+00
m_comp_offs_rise_mv = 1.5630000000e+00
m_comp_offs_fall_mv = -1.989000000e+00
Note: Simulation executed from .control section 

Warning: m=xx on .subckt line will override multiplier m hierarchy!

