
Note: Compatibility modes selected: hs a


Circuit: * por-threshold-mc mc @ vth-fall-min_res_ss_-40c_3.63v_s0339 -- generated by sim/harness, do not edit

Doing analysis at TEMP = -40.000000 and TNOM = 27.000000

Using SPARSE 1.3 as Direct Linear Solver

Initial Transient Solution
--------------------------

Node                                   Voltage
----                                   -------
vdd                                          0
bias_ok                                   3.63
vref                                       1.2
ibias                                 0.775573
xdut.bias_okb                                0
xdut.nbg                              0.775573
xdut.sns                                     0
xdut.xrtop.11                                0
xdut.xrtop.21                                0
xdut.snsb                                    0
xdut.xrbot.11                                0
xdut.xrbot.21                                0
xdut.xrhys.11                                0
xdut.xrhys.21                                0
xdut.n1                           -3.16145e-29
xdut.tn                            1.34131e-35
xdut.na                           -7.77559e-24
xdut.cmpo                          1.35211e-35
xdut.vdda                          5.18469e-24
por_raw                            1.45511e-21
vref#branch                                  0
vok#branch                                   0
vsup#branch                             -5e-07

 Reference value :  0.00000e+00
 Reference value :  5.54750e-03
 Reference value :  1.16238e-02
No. of Data Rows : 3264
vpor_rise           =  2.61563e+00
vpor_rise_last      =  2.61563e+00
vpor_fall           =  2.45113e+00
vpor_fall_last      =  2.45113e+00
sns_rise            =  1.20388e+00
sns_fall            =  1.20028e+00
m_vpor_rise_v = 2.6156310000e+00
m_vpor_fall_v = 2.4511300000e+00
m_v_hys_mv = 1.6450100000e+02
m_rise_chatter_mv = 0.0000000000e+00
m_fall_chatter_mv = 0.0000000000e+00
m_comp_offs_rise_mv = 3.8790000000e+00
m_comp_offs_fall_mv = 2.8300000000e-01
Note: Simulation executed from .control section 

Warning: m=xx on .subckt line will override multiplier m hierarchy!

