
Note: Compatibility modes selected: hs a


Circuit: * por-threshold-mc mc @ vth-rise-min_bjt_ff_125c_2.97v_s0406 -- generated by sim/harness, do not edit

Doing analysis at TEMP = 125.000000 and TNOM = 27.000000

Using SPARSE 1.3 as Direct Linear Solver

Initial Transient Solution
--------------------------

Node                                   Voltage
----                                   -------
vdd                                          0
bias_ok                                   2.97
vref                                       1.2
ibias                                 0.617504
xdut.bias_okb                                0
xdut.nbg                              0.617504
xdut.sns                          -1.24752e-27
xdut.xrtop.11                     -1.24752e-27
xdut.xrtop.21                     -1.44779e-33
xdut.snsb                         -2.31682e-27
xdut.xrbot.11                     -2.31682e-27
xdut.xrbot.21                     -1.24752e-27
xdut.xrhys.11                     -2.73926e-32
xdut.xrhys.21                      -2.3168e-27
xdut.n1                            1.87347e-18
xdut.tn                            5.08387e-23
xdut.na                           -2.01805e-18
xdut.cmpo                          5.04798e-23
xdut.vdda                         -4.57544e-18
por_raw                            2.79963e-18
vref#branch                                  0
vok#branch                                   0
vsup#branch                             -5e-07

 Reference value :  3.57859e-04
 Reference value :  6.64750e-03
 Reference value :  1.29143e-02
No. of Data Rows : 3231
vpor_rise           =  2.58604e+00
vpor_rise_last      =  2.58604e+00
vpor_fall           =  2.42997e+00
vpor_fall_last      =  2.42997e+00
sns_rise            =  1.19189e+00
sns_fall            =  1.18525e+00
m_vpor_rise_v = 2.5860360000e+00
m_vpor_fall_v = 2.4299670000e+00
m_v_hys_mv = 1.5606900000e+02
m_rise_chatter_mv = 0.0000000000e+00
m_fall_chatter_mv = 0.0000000000e+00
m_comp_offs_rise_mv = -8.110000000e+00
m_comp_offs_fall_mv = -1.475100000e+01
Note: Simulation executed from .control section 

Warning: m=xx on .subckt line will override multiplier m hierarchy!

