
Note: Compatibility modes selected: hs a


Circuit: * por-threshold-mc mc @ vth-fall-max_bjt_ss_125c_2.97v_s0461 -- generated by sim/harness, do not edit

Doing analysis at TEMP = 125.000000 and TNOM = 27.000000

Using SPARSE 1.3 as Direct Linear Solver

Initial Transient Solution
--------------------------

Node                                   Voltage
----                                   -------
vdd                                          0
bias_ok                                   2.97
vref                                       1.2
ibias                                 0.611303
xdut.bias_okb                     -1.7419e-274
xdut.nbg                              0.611303
xdut.sns                         -2.04392e-105
xdut.xrtop.11                    -2.04391e-105
xdut.xrtop.21                    -2.37204e-111
xdut.snsb                        -3.79585e-105
xdut.xrbot.11                    -3.79585e-105
xdut.xrbot.21                    -2.04392e-105
xdut.xrhys.11                    -4.48797e-110
xdut.xrhys.21                     -3.7958e-105
xdut.n1                          -5.88359e-277
xdut.tn                           -1.50572e-21
xdut.na                           -1.48924e-21
xdut.cmpo                         -1.51728e-21
xdut.vdda                         -1.30232e-22
por_raw                           -5.69412e-92
vref#branch                                  0
vok#branch                                   0
vsup#branch                             -5e-07

 Reference value :  0.00000e+00
 Reference value :  5.47750e-03
 Reference value :  1.09078e-02
No. of Data Rows : 3250
vpor_rise           =  2.58801e+00
vpor_rise_last      =  2.58801e+00
vpor_fall           =  2.43166e+00
vpor_fall_last      =  2.43166e+00
sns_rise            =  1.19280e+00
sns_fall            =  1.18605e+00
m_vpor_rise_v = 2.5880080000e+00
m_vpor_fall_v = 2.4316610000e+00
m_v_hys_mv = 1.5634700000e+02
m_rise_chatter_mv = 0.0000000000e+00
m_fall_chatter_mv = 0.0000000000e+00
m_comp_offs_rise_mv = -7.200000000e+00
m_comp_offs_fall_mv = -1.394500000e+01
Note: Simulation executed from .control section 

Warning: m=xx on .subckt line will override multiplier m hierarchy!

Note: Starting dynamic gmin stepping
Note: Dynamic gmin stepping completed
