
Note: Compatibility modes selected: hs a


Circuit: * por-threshold-mc mc @ vth-fall-max_bjt_ss_125c_2.97v_s0119 -- generated by sim/harness, do not edit

Doing analysis at TEMP = 125.000000 and TNOM = 27.000000

Using SPARSE 1.3 as Direct Linear Solver

Initial Transient Solution
--------------------------

Node                                   Voltage
----                                   -------
vdd                                          0
bias_ok                                   2.97
vref                                       1.2
ibias                                 0.617918
xdut.bias_okb                                0
xdut.nbg                              0.617918
xdut.sns                         -4.24661e-311
xdut.xrtop.11                    -4.24661e-311
xdut.xrtop.21                    -4.92853e-317
xdut.snsb                        -7.88681e-311
xdut.xrbot.11                    -7.88681e-311
xdut.xrbot.21                    -4.24662e-311
xdut.xrhys.11                    -9.32487e-316
xdut.xrhys.21                    -7.88672e-311
xdut.n1                           -1.86008e-18
xdut.tn                            1.46654e-21
xdut.na                            7.23569e-19
xdut.cmpo                          1.47816e-21
xdut.vdda                         -9.81354e-19
por_raw                           -2.72599e-19
vref#branch                                  0
vok#branch                                   0
vsup#branch                             -5e-07

 Reference value :  0.00000e+00
 Reference value :  6.30750e-03
 Reference value :  1.17918e-02
No. of Data Rows : 3244
vpor_rise           =  2.60998e+00
vpor_rise_last      =  2.60998e+00
vpor_fall           =  2.45276e+00
vpor_fall_last      =  2.45276e+00
sns_rise            =  1.20294e+00
sns_fall            =  1.19637e+00
m_vpor_rise_v = 2.6099800000e+00
m_vpor_fall_v = 2.4527610000e+00
m_v_hys_mv = 1.5721900000e+02
m_rise_chatter_mv = 0.0000000000e+00
m_fall_chatter_mv = 0.0000000000e+00
m_comp_offs_rise_mv = 2.9410000000e+00
m_comp_offs_fall_mv = -3.628000000e+00
Note: Simulation executed from .control section 

Warning: m=xx on .subckt line will override multiplier m hierarchy!

