
Note: Compatibility modes selected: hs a


Circuit: * por-threshold-mc mc @ vth-rise-min_bjt_ff_125c_2.97v_s0397 -- generated by sim/harness, do not edit

Doing analysis at TEMP = 125.000000 and TNOM = 27.000000

Using SPARSE 1.3 as Direct Linear Solver

Initial Transient Solution
--------------------------

Node                                   Voltage
----                                   -------
vdd                                          0
bias_ok                                   2.97
vref                                       1.2
ibias                                  0.61642
xdut.bias_okb                    -5.80791e-316
xdut.nbg                               0.61642
xdut.sns                          -1.06308e-37
xdut.xrtop.11                     -1.06307e-37
xdut.xrtop.21                     -1.23374e-43
xdut.snsb                         -1.97429e-37
xdut.xrbot.11                     -1.97429e-37
xdut.xrbot.21                     -1.06308e-37
xdut.xrhys.11                     -2.33427e-42
xdut.xrhys.21                     -1.97426e-37
xdut.n1                           -9.66123e-19
xdut.tn                            2.64151e-23
xdut.na                           -2.70607e-19
xdut.cmpo                          2.63297e-23
xdut.vdda                          9.06074e-19
por_raw                           -6.51344e-18
vref#branch                                  0
vok#branch                                   0
vsup#branch                             -5e-07

 Reference value :  2.57859e-04
 Reference value :  6.88250e-03
 Reference value :  1.26679e-02
No. of Data Rows : 3252
vpor_rise           =  2.58096e+00
vpor_rise_last      =  2.58096e+00
vpor_fall           =  2.42526e+00
vpor_fall_last      =  2.42526e+00
sns_rise            =  1.18955e+00
sns_fall            =  1.18305e+00
m_vpor_rise_v = 2.5809600000e+00
m_vpor_fall_v = 2.4252620000e+00
m_v_hys_mv = 1.5569800000e+02
m_rise_chatter_mv = 0.0000000000e+00
m_fall_chatter_mv = 0.0000000000e+00
m_comp_offs_rise_mv = -1.045300000e+01
m_comp_offs_fall_mv = -1.694600000e+01
Note: Simulation executed from .control section 

Warning: m=xx on .subckt line will override multiplier m hierarchy!

