
Note: Compatibility modes selected: hs a


Circuit: * por-threshold-mc mc @ vth-rise-max_ss_-40c_3.63v_s0154 -- generated by sim/harness, do not edit

Doing analysis at TEMP = -40.000000 and TNOM = 27.000000

Using SPARSE 1.3 as Direct Linear Solver

Initial Transient Solution
--------------------------

Node                                   Voltage
----                                   -------
vdd                                          0
bias_ok                                   3.63
vref                                       1.2
ibias                                 0.887612
xdut.bias_okb                                0
xdut.nbg                              0.887612
xdut.sns                                     0
xdut.xrtop.11                                0
xdut.xrtop.21                                0
xdut.snsb                                    0
xdut.xrbot.11                                0
xdut.xrbot.21                                0
xdut.xrhys.11                                0
xdut.xrhys.21                                0
xdut.n1                          -1.36639e-246
xdut.tn                            1.02776e-61
xdut.na                           -5.64969e-55
xdut.cmpo                          1.03566e-61
xdut.vdda                          -1.5175e-52
por_raw                             1.4025e-21
vref#branch                                  0
vok#branch                                   0
vsup#branch                             -5e-07

 Reference value :  0.00000e+00
 Reference value :  5.24750e-03
 Reference value :  1.16350e-02
No. of Data Rows : 3298
vpor_rise           =  2.60660e+00
vpor_rise_last      =  2.60660e+00
vpor_fall           =  2.44292e+00
vpor_fall_last      =  2.44292e+00
sns_rise            =  1.19971e+00
sns_fall            =  1.19644e+00
m_vpor_rise_v = 2.6065980000e+00
m_vpor_fall_v = 2.4429150000e+00
m_v_hys_mv = 1.6368300000e+02
m_rise_chatter_mv = 0.0000000000e+00
m_fall_chatter_mv = 0.0000000000e+00
m_comp_offs_rise_mv = -2.890000000e-01
m_comp_offs_fall_mv = -3.560000000e+00
Note: Simulation executed from .control section 

Warning: m=xx on .subckt line will override multiplier m hierarchy!

