
Note: Compatibility modes selected: hs a


Circuit: * por-threshold-mc mc @ vth-rise-min_bjt_ff_125c_2.97v_s0013 -- generated by sim/harness, do not edit

Doing analysis at TEMP = 125.000000 and TNOM = 27.000000

Using SPARSE 1.3 as Direct Linear Solver

Initial Transient Solution
--------------------------

Node                                   Voltage
----                                   -------
vdd                                          0
bias_ok                                   2.97
vref                                       1.2
ibias                                 0.615633
xdut.bias_okb                                0
xdut.nbg                              0.615633
xdut.sns                         -1.99257e-250
xdut.xrtop.11                    -1.99256e-250
xdut.xrtop.21                    -2.31254e-256
xdut.snsb                        -3.70059e-250
xdut.xrbot.11                    -3.70058e-250
xdut.xrbot.21                    -1.99257e-250
xdut.xrhys.11                     -4.3756e-255
xdut.xrhys.21                    -3.70054e-250
xdut.n1                            1.20396e-18
xdut.tn                           -2.41842e-23
xdut.na                            3.59775e-19
xdut.cmpo                          -2.4128e-23
xdut.vdda                         -1.27446e-18
por_raw                           -5.20176e-19
vref#branch                                  0
vok#branch                                   0
vsup#branch                             -5e-07

 Reference value :  0.00000e+00
 Reference value :  6.68250e-03
 Reference value :  1.19888e-02
No. of Data Rows : 3249
vpor_rise           =  2.56746e+00
vpor_rise_last      =  2.56746e+00
vpor_fall           =  2.41261e+00
vpor_fall_last      =  2.41261e+00
sns_rise            =  1.18332e+00
sns_fall            =  1.17682e+00
m_vpor_rise_v = 2.5674620000e+00
m_vpor_fall_v = 2.4126110000e+00
m_v_hys_mv = 1.5485100000e+02
m_rise_chatter_mv = 0.0000000000e+00
m_fall_chatter_mv = 0.0000000000e+00
m_comp_offs_rise_mv = -1.668300000e+01
m_comp_offs_fall_mv = -2.318000000e+01
Note: Simulation executed from .control section 

Warning: m=xx on .subckt line will override multiplier m hierarchy!

