
Note: Compatibility modes selected: hs a


Circuit: * por-threshold-mc mc @ vth-rise-max_ss_-40c_3.63v_s0435 -- generated by sim/harness, do not edit

Doing analysis at TEMP = -40.000000 and TNOM = 27.000000

Using SPARSE 1.3 as Direct Linear Solver

Initial Transient Solution
--------------------------

Node                                   Voltage
----                                   -------
vdd                                          0
bias_ok                                   3.63
vref                                       1.2
ibias                                 0.885228
xdut.bias_okb                                0
xdut.nbg                              0.885228
xdut.sns                                     0
xdut.xrtop.11                                0
xdut.xrtop.21                                0
xdut.snsb                                    0
xdut.xrbot.11                                0
xdut.xrbot.21                                0
xdut.xrhys.11                                0
xdut.xrhys.21                                0
xdut.n1                           -4.05745e-42
xdut.tn                           -9.65525e-82
xdut.na                            4.00426e-75
xdut.cmpo                         -9.74385e-82
xdut.vdda                         -6.39954e-72
por_raw                           -8.12916e-25
vref#branch                                  0
vok#branch                                   0
vsup#branch                             -5e-07

 Reference value :  0.00000e+00
 Reference value :  5.38250e-03
 Reference value :  1.16323e-02
No. of Data Rows : 3293
vpor_rise           =  2.60918e+00
vpor_rise_last      =  2.60918e+00
vpor_fall           =  2.44497e+00
vpor_fall_last      =  2.44497e+00
sns_rise            =  1.20090e+00
sns_fall            =  1.19742e+00
m_vpor_rise_v = 2.6091820000e+00
m_vpor_fall_v = 2.4449710000e+00
m_v_hys_mv = 1.6421100000e+02
m_rise_chatter_mv = 0.0000000000e+00
m_fall_chatter_mv = 0.0000000000e+00
m_comp_offs_rise_mv = 9.0300000000e-01
m_comp_offs_fall_mv = -2.576000000e+00
Note: Simulation executed from .control section 

Warning: m=xx on .subckt line will override multiplier m hierarchy!

