
Note: Compatibility modes selected: hs a


Circuit: * por-threshold-mc mc @ vth-rise-min_bjt_ff_125c_2.97v_s0057 -- generated by sim/harness, do not edit

Doing analysis at TEMP = 125.000000 and TNOM = 27.000000

Using SPARSE 1.3 as Direct Linear Solver

Initial Transient Solution
--------------------------

Node                                   Voltage
----                                   -------
vdd                                          0
bias_ok                                   2.97
vref                                       1.2
ibias                                 0.619284
xdut.bias_okb                                0
xdut.nbg                              0.619284
xdut.sns                         -2.50634e-180
xdut.xrtop.11                    -2.50634e-180
xdut.xrtop.21                    -2.90878e-186
xdut.snsb                        -4.65476e-180
xdut.xrbot.11                    -4.65475e-180
xdut.xrbot.21                    -2.50634e-180
xdut.xrhys.11                     -5.5038e-185
xdut.xrhys.21                     -4.6547e-180
xdut.n1                            -2.6854e-18
xdut.tn                            7.06143e-23
xdut.na                            5.61139e-18
xdut.cmpo                          7.24047e-23
xdut.vdda                          5.01563e-18
por_raw                           -1.42224e-18
vref#branch                                  0
vok#branch                                   0
vsup#branch                             -5e-07

 Reference value :  1.60000e-06
 Reference value :  5.91250e-03
 Reference value :  1.13827e-02
No. of Data Rows : 3249
vpor_rise           =  2.59690e+00
vpor_rise_last      =  2.59690e+00
vpor_fall           =  2.44059e+00
vpor_fall_last      =  2.44059e+00
sns_rise            =  1.19690e+00
sns_fall            =  1.19047e+00
m_vpor_rise_v = 2.5968970000e+00
m_vpor_fall_v = 2.4405870000e+00
m_v_hys_mv = 1.5631000000e+02
m_rise_chatter_mv = 0.0000000000e+00
m_fall_chatter_mv = 0.0000000000e+00
m_comp_offs_rise_mv = -3.097000000e+00
m_comp_offs_fall_mv = -9.531000000e+00
Note: Simulation executed from .control section 

Warning: m=xx on .subckt line will override multiplier m hierarchy!

