
Note: Compatibility modes selected: hs a


Circuit: * por-threshold-mc mc @ vth-rise-max_ss_-40c_3.63v_s0439 -- generated by sim/harness, do not edit

Doing analysis at TEMP = -40.000000 and TNOM = 27.000000

Using SPARSE 1.3 as Direct Linear Solver

Initial Transient Solution
--------------------------

Node                                   Voltage
----                                   -------
vdd                                          0
bias_ok                                   3.63
vref                                       1.2
ibias                                 0.885265
xdut.bias_okb                                0
xdut.nbg                              0.885265
xdut.sns                         -3.49442e-310
xdut.xrtop.11                    -3.49442e-310
xdut.xrtop.21                    -2.56876e-316
xdut.snsb                         -2.5157e-309
xdut.xrbot.11                     -2.5157e-309
xdut.xrbot.21                    -3.49442e-310
xdut.xrhys.11                     2.56931e-316
xdut.xrhys.21                     -2.5157e-309
xdut.n1                           -9.64296e-25
xdut.tn                            1.28357e-73
xdut.na                           -1.82895e-67
xdut.cmpo                          1.29628e-73
xdut.vdda                         -2.90527e-64
por_raw                           -2.62033e-27
vref#branch                                  0
vok#branch                                   0
vsup#branch                             -5e-07

 Reference value :  0.00000e+00
 Reference value :  5.33250e-03
 Reference value :  1.16484e-02
No. of Data Rows : 3293
vpor_rise           =  2.59657e+00
vpor_rise_last      =  2.59657e+00
vpor_fall           =  2.43320e+00
vpor_fall_last      =  2.43320e+00
sns_rise            =  1.19508e+00
sns_fall            =  1.19172e+00
m_vpor_rise_v = 2.5965730000e+00
m_vpor_fall_v = 2.4331960000e+00
m_v_hys_mv = 1.6337700000e+02
m_rise_chatter_mv = 0.0000000000e+00
m_fall_chatter_mv = 0.0000000000e+00
m_comp_offs_rise_mv = -4.916000000e+00
m_comp_offs_fall_mv = -8.282000000e+00
Note: Simulation executed from .control section 

Warning: m=xx on .subckt line will override multiplier m hierarchy!

