
Note: Compatibility modes selected: hs a


Circuit: * por-threshold-mc mc @ vth-rise-max_ss_-40c_3.63v_s0483 -- generated by sim/harness, do not edit

Doing analysis at TEMP = -40.000000 and TNOM = 27.000000

Using SPARSE 1.3 as Direct Linear Solver

Initial Transient Solution
--------------------------

Node                                   Voltage
----                                   -------
vdd                                          0
bias_ok                                   3.63
vref                                       1.2
ibias                                 0.886391
xdut.bias_okb                                0
xdut.nbg                              0.886391
xdut.sns                          2.94968e-148
xdut.xrtop.11                     2.94967e-148
xdut.xrtop.21                     2.64549e-154
xdut.snsb                         -2.3126e-148
xdut.xrbot.11                    -2.31261e-148
xdut.xrbot.21                     2.94968e-148
xdut.xrhys.11                    -2.64544e-154
xdut.xrhys.21                     -2.3126e-148
xdut.n1                           -3.02667e-23
xdut.tn                            9.07588e-39
xdut.na                           -1.92359e-25
xdut.cmpo                           9.1773e-39
xdut.vdda                          1.28259e-25
por_raw                            2.31856e-26
vref#branch                                  0
vok#branch                                   0
vsup#branch                             -5e-07

 Reference value :  0.00000e+00
 Reference value :  5.54750e-03
 Reference value :  1.16346e-02
No. of Data Rows : 3294
vpor_rise           =  2.60726e+00
vpor_rise_last      =  2.60726e+00
vpor_fall           =  2.44337e+00
vpor_fall_last      =  2.44337e+00
sns_rise            =  1.20001e+00
sns_fall            =  1.19668e+00
m_vpor_rise_v = 2.6072560000e+00
m_vpor_fall_v = 2.4433690000e+00
m_v_hys_mv = 1.6388700000e+02
m_rise_chatter_mv = 0.0000000000e+00
m_fall_chatter_mv = 0.0000000000e+00
m_comp_offs_rise_mv = 1.4000000000e-02
m_comp_offs_fall_mv = -3.321000000e+00
Note: Simulation executed from .control section 

Warning: m=xx on .subckt line will override multiplier m hierarchy!

