
Note: Compatibility modes selected: hs a


Circuit: * por-threshold-mc mc @ vth-fall-max_bjt_ss_125c_2.97v_s0207 -- generated by sim/harness, do not edit

Doing analysis at TEMP = 125.000000 and TNOM = 27.000000

Using SPARSE 1.3 as Direct Linear Solver

Initial Transient Solution
--------------------------

Node                                   Voltage
----                                   -------
vdd                                          0
bias_ok                                   2.97
vref                                       1.2
ibias                                 0.616214
xdut.bias_okb                                0
xdut.nbg                              0.616214
xdut.sns                         -2.54643e-317
xdut.xrtop.11                    -2.54643e-317
xdut.xrtop.21                    -2.96439e-323
xdut.snsb                        -2.61408e-318
xdut.xrbot.11                    -2.61405e-318
xdut.xrbot.21                    -2.54643e-317
xdut.xrhys.11                     2.96439e-323
xdut.xrhys.21                    -2.61411e-318
xdut.n1                           -1.60457e-18
xdut.tn                            7.61796e-22
xdut.na                           -6.03549e-19
xdut.cmpo                          7.67336e-22
xdut.vdda                          2.66426e-18
por_raw                           -1.73377e-18
vref#branch                                  0
vok#branch                                   0
vsup#branch                             -5e-07

 Reference value :  0.00000e+00
 Reference value :  5.75750e-03
 Reference value :  1.15870e-02
No. of Data Rows : 3251
vpor_rise           =  2.58497e+00
vpor_rise_last      =  2.58497e+00
vpor_fall           =  2.42891e+00
vpor_fall_last      =  2.42891e+00
sns_rise            =  1.19140e+00
sns_fall            =  1.18486e+00
m_vpor_rise_v = 2.5849690000e+00
m_vpor_fall_v = 2.4289120000e+00
m_v_hys_mv = 1.5605700000e+02
m_rise_chatter_mv = 0.0000000000e+00
m_fall_chatter_mv = 0.0000000000e+00
m_comp_offs_rise_mv = -8.602000000e+00
m_comp_offs_fall_mv = -1.514200000e+01
Note: Simulation executed from .control section 

Warning: m=xx on .subckt line will override multiplier m hierarchy!

