
Note: Compatibility modes selected: hs a


Circuit: * por-threshold-mc mc @ vth-rise-min_bjt_ff_125c_2.97v_s0483 -- generated by sim/harness, do not edit

Doing analysis at TEMP = 125.000000 and TNOM = 27.000000

Using SPARSE 1.3 as Direct Linear Solver

Initial Transient Solution
--------------------------

Node                                   Voltage
----                                   -------
vdd                                          0
bias_ok                                   2.97
vref                                       1.2
ibias                                 0.620092
xdut.bias_okb                     3.88993e-305
xdut.nbg                              0.620092
xdut.sns                           2.4979e-113
xdut.xrtop.11                      2.4979e-113
xdut.xrtop.21                     2.89912e-119
xdut.snsb                         4.63916e-113
xdut.xrbot.11                     4.63916e-113
xdut.xrbot.21                     2.49791e-113
xdut.xrhys.11                     5.48533e-118
xdut.xrhys.21                      4.6391e-113
xdut.n1                           -1.56561e-19
xdut.tn                           -5.24248e-18
xdut.na                           -6.66679e-18
xdut.cmpo                         -5.24248e-18
xdut.vdda                         -2.22887e-18
por_raw                           -7.03301e-18
vref#branch                                  0
vok#branch                                   0
vsup#branch                             -5e-07

 Reference value :  2.47859e-04
 Reference value :  6.38750e-03
 Reference value :  1.20575e-02
No. of Data Rows : 3249
vpor_rise           =  2.60643e+00
vpor_rise_last      =  2.60643e+00
vpor_fall           =  2.44943e+00
vpor_fall_last      =  2.44943e+00
sns_rise            =  1.20130e+00
sns_fall            =  1.19476e+00
m_vpor_rise_v = 2.6064300000e+00
m_vpor_fall_v = 2.4494310000e+00
m_v_hys_mv = 1.5699900000e+02
m_rise_chatter_mv = 0.0000000000e+00
m_fall_chatter_mv = 0.0000000000e+00
m_comp_offs_rise_mv = 1.3020000000e+00
m_comp_offs_fall_mv = -5.239000000e+00
Note: Simulation executed from .control section 

Warning: m=xx on .subckt line will override multiplier m hierarchy!

