
Note: Compatibility modes selected: hs a


Circuit: * por-threshold-mc mc @ vth-rise-min_bjt_ff_125c_2.97v_s0081 -- generated by sim/harness, do not edit

Doing analysis at TEMP = 125.000000 and TNOM = 27.000000

Using SPARSE 1.3 as Direct Linear Solver

Initial Transient Solution
--------------------------

Node                                   Voltage
----                                   -------
vdd                                          0
bias_ok                                   2.97
vref                                       1.2
ibias                                 0.618145
xdut.bias_okb                                0
xdut.nbg                              0.618145
xdut.sns                          -1.53196e-60
xdut.xrtop.11                     -1.53196e-60
xdut.xrtop.21                     -1.77794e-66
xdut.snsb                         -2.84516e-60
xdut.xrbot.11                     -2.84516e-60
xdut.xrbot.21                     -1.53197e-60
xdut.xrhys.11                      -3.3642e-65
xdut.xrhys.21                     -2.84513e-60
xdut.n1                            4.94198e-19
xdut.tn                            -1.1126e-21
xdut.na                            3.11432e-19
xdut.cmpo                         -1.12234e-21
xdut.vdda                          2.02083e-18
por_raw                            9.19058e-19
vref#branch                                  0
vok#branch                                   0
vsup#branch                             -5e-07

 Reference value :  0.00000e+00
 Reference value :  5.83750e-03
 Reference value :  1.15735e-02
No. of Data Rows : 3241
vpor_rise           =  2.60662e+00
vpor_rise_last      =  2.60662e+00
vpor_fall           =  2.44950e+00
vpor_fall_last      =  2.44950e+00
sns_rise            =  1.20139e+00
sns_fall            =  1.19476e+00
m_vpor_rise_v = 2.6066190000e+00
m_vpor_fall_v = 2.4494980000e+00
m_v_hys_mv = 1.5712100000e+02
m_rise_chatter_mv = 0.0000000000e+00
m_fall_chatter_mv = 0.0000000000e+00
m_comp_offs_rise_mv = 1.3900000000e+00
m_comp_offs_fall_mv = -5.236000000e+00
Note: Simulation executed from .control section 

Warning: m=xx on .subckt line will override multiplier m hierarchy!

