
Note: Compatibility modes selected: hs a


Circuit: * por-threshold-mc mc @ vth-rise-max_ss_-40c_3.63v_s0359 -- generated by sim/harness, do not edit

Doing analysis at TEMP = -40.000000 and TNOM = 27.000000

Using SPARSE 1.3 as Direct Linear Solver

Initial Transient Solution
--------------------------

Node                                   Voltage
----                                   -------
vdd                                          0
bias_ok                                   3.63
vref                                       1.2
ibias                                 0.886404
xdut.bias_okb                                0
xdut.nbg                              0.886404
xdut.sns                           6.9715e-214
xdut.xrtop.11                     6.97147e-214
xdut.xrtop.21                     2.32465e-219
xdut.snsb                        -7.08601e-214
xdut.xrbot.11                    -7.08603e-214
xdut.xrbot.21                     6.97152e-214
xdut.xrhys.11                    -2.32464e-219
xdut.xrhys.21                    -7.08598e-214
xdut.n1                           -1.21136e-30
xdut.tn                            6.04233e-42
xdut.na                            -1.5933e-34
xdut.cmpo                          6.01684e-42
xdut.vdda                          5.29716e-33
por_raw                            1.26048e-21
vref#branch                                  0
vok#branch                                   0
vsup#branch                             -5e-07

 Reference value :  0.00000e+00
 Reference value :  5.87250e-03
 Reference value :  1.16285e-02
No. of Data Rows : 3294
vpor_rise           =  2.61226e+00
vpor_rise_last      =  2.61226e+00
vpor_fall           =  2.44793e+00
vpor_fall_last      =  2.44793e+00
sns_rise            =  1.20232e+00
sns_fall            =  1.19891e+00
m_vpor_rise_v = 2.6122600000e+00
m_vpor_fall_v = 2.4479290000e+00
m_v_hys_mv = 1.6433100000e+02
m_rise_chatter_mv = 0.0000000000e+00
m_fall_chatter_mv = 0.0000000000e+00
m_comp_offs_rise_mv = 2.3240000000e+00
m_comp_offs_fall_mv = -1.092000000e+00
Note: Simulation executed from .control section 

Warning: m=xx on .subckt line will override multiplier m hierarchy!

