
Note: Compatibility modes selected: hs a


Circuit: * por-threshold-mc mc @ vth-fall-min_res_ss_-40c_3.63v_s0175 -- generated by sim/harness, do not edit

Doing analysis at TEMP = -40.000000 and TNOM = 27.000000

Using SPARSE 1.3 as Direct Linear Solver

Initial Transient Solution
--------------------------

Node                                   Voltage
----                                   -------
vdd                                          0
bias_ok                                   3.63
vref                                       1.2
ibias                                 0.776133
xdut.bias_okb                                0
xdut.nbg                              0.776133
xdut.sns                                     0
xdut.xrtop.11                                0
xdut.xrtop.21                                0
xdut.snsb                                    0
xdut.xrbot.11                                0
xdut.xrbot.21                                0
xdut.xrhys.11                                0
xdut.xrhys.21                                0
xdut.n1                           -1.85297e-29
xdut.tn                           -6.59242e-76
xdut.na                           -6.48878e-70
xdut.cmpo                         -6.63863e-76
xdut.vdda                           3.1527e-68
por_raw                            1.88287e-21
vref#branch                                  0
vok#branch                                   0
vsup#branch                             -5e-07

 Reference value :  0.00000e+00
 Reference value :  5.40750e-03
 Reference value :  1.16756e-02
No. of Data Rows : 3292
vpor_rise           =  2.59396e+00
vpor_rise_last      =  2.59396e+00
vpor_fall           =  2.43117e+00
vpor_fall_last      =  2.43117e+00
sns_rise            =  1.19388e+00
sns_fall            =  1.19054e+00
m_vpor_rise_v = 2.5939630000e+00
m_vpor_fall_v = 2.4311720000e+00
m_v_hys_mv = 1.6279100000e+02
m_rise_chatter_mv = 0.0000000000e+00
m_fall_chatter_mv = 0.0000000000e+00
m_comp_offs_rise_mv = -6.122000000e+00
m_comp_offs_fall_mv = -9.462000000e+00
Note: Simulation executed from .control section 

Warning: m=xx on .subckt line will override multiplier m hierarchy!

