
Note: Compatibility modes selected: hs a


Circuit: * por-threshold-mc mc @ vth-fall-max_bjt_ss_125c_2.97v_s0086 -- generated by sim/harness, do not edit

Doing analysis at TEMP = 125.000000 and TNOM = 27.000000

Using SPARSE 1.3 as Direct Linear Solver

Initial Transient Solution
--------------------------

Node                                   Voltage
----                                   -------
vdd                                          0
bias_ok                                   2.97
vref                                       1.2
ibias                                 0.620524
xdut.bias_okb                                0
xdut.nbg                              0.620524
xdut.sns                                     0
xdut.xrtop.11                                0
xdut.xrtop.21                                0
xdut.snsb                                    0
xdut.xrbot.11                                0
xdut.xrbot.21                                0
xdut.xrhys.11                                0
xdut.xrhys.21                                0
xdut.n1                           -1.86229e-17
xdut.tn                            2.75681e-23
xdut.na                            -3.0638e-18
xdut.cmpo                           2.7467e-23
xdut.vdda                         -3.84401e-19
por_raw                           -9.03197e-18
vref#branch                                  0
vok#branch                                   0
vsup#branch                             -5e-07

 Reference value :  0.00000e+00
 Reference value :  5.72750e-03
 Reference value :  1.14564e-02
No. of Data Rows : 3247
vpor_rise           =  2.60706e+00
vpor_rise_last      =  2.60706e+00
vpor_fall           =  2.45012e+00
vpor_fall_last      =  2.45012e+00
sns_rise            =  1.20159e+00
sns_fall            =  1.19512e+00
m_vpor_rise_v = 2.6070570000e+00
m_vpor_fall_v = 2.4501250000e+00
m_v_hys_mv = 1.5693200000e+02
m_rise_chatter_mv = 0.0000000000e+00
m_fall_chatter_mv = 0.0000000000e+00
m_comp_offs_rise_mv = 1.5920000000e+00
m_comp_offs_fall_mv = -4.877000000e+00
Note: Simulation executed from .control section 

Warning: m=xx on .subckt line will override multiplier m hierarchy!

