
Note: Compatibility modes selected: hs a


Circuit: * por-threshold-mc mc @ vth-fall-min_res_ss_-40c_3.63v_s0130 -- generated by sim/harness, do not edit

Doing analysis at TEMP = -40.000000 and TNOM = 27.000000

Using SPARSE 1.3 as Direct Linear Solver

Initial Transient Solution
--------------------------

Node                                   Voltage
----                                   -------
vdd                                          0
bias_ok                                   3.63
vref                                       1.2
ibias                                 0.775595
xdut.bias_okb                                0
xdut.nbg                              0.775595
xdut.sns                           1.2836e-307
xdut.xrtop.11                      1.2836e-307
xdut.xrtop.21                     2.40477e-313
xdut.snsb                        -3.83601e-308
xdut.xrbot.11                    -3.83603e-308
xdut.xrbot.21                      1.2836e-307
xdut.xrhys.11                    -2.40476e-313
xdut.xrhys.21                    -3.83599e-308
xdut.n1                           -1.12425e-45
xdut.tn                           -2.27214e-35
xdut.na                             3.0682e-29
xdut.cmpo                         -2.27221e-35
xdut.vdda                           4.4367e-30
por_raw                           -8.48405e-23
vref#branch                                  0
vok#branch                                   0
vsup#branch                             -5e-07

 Reference value :  3.60789e-04
 Reference value :  5.94750e-03
 Reference value :  1.16326e-02
No. of Data Rows : 3292
vpor_rise           =  2.62027e+00
vpor_rise_last      =  2.62027e+00
vpor_fall           =  2.45570e+00
vpor_fall_last      =  2.45570e+00
sns_rise            =  1.20602e+00
sns_fall            =  1.20249e+00
m_vpor_rise_v = 2.6202700000e+00
m_vpor_fall_v = 2.4557030000e+00
m_v_hys_mv = 1.6456700000e+02
m_rise_chatter_mv = 0.0000000000e+00
m_fall_chatter_mv = 0.0000000000e+00
m_comp_offs_rise_mv = 6.0200000000e+00
m_comp_offs_fall_mv = 2.4860000000e+00
Note: Simulation executed from .control section 

Warning: m=xx on .subckt line will override multiplier m hierarchy!

