
Note: Compatibility modes selected: hs a


Circuit: * por-threshold-mc mc @ vth-fall-min_res_ss_-40c_3.63v_s0258 -- generated by sim/harness, do not edit

Doing analysis at TEMP = -40.000000 and TNOM = 27.000000

Using SPARSE 1.3 as Direct Linear Solver

Initial Transient Solution
--------------------------

Node                                   Voltage
----                                   -------
vdd                                          0
bias_ok                                   3.63
vref                                       1.2
ibias                                 0.776963
xdut.bias_okb                                0
xdut.nbg                              0.776963
xdut.sns                          2.00972e-276
xdut.xrtop.11                     2.00972e-276
xdut.xrtop.21                    -2.77071e-282
xdut.snsb                        -4.50477e-277
xdut.xrbot.11                    -4.50475e-277
xdut.xrbot.21                     2.00972e-276
xdut.xrhys.11                     2.77072e-282
xdut.xrhys.21                     -4.5048e-277
xdut.n1                           -3.68862e-47
xdut.tn                            2.96868e-40
xdut.na                            5.25941e-34
xdut.cmpo                           2.9814e-40
xdut.vdda                         -8.39719e-33
por_raw                           -8.71258e-22
vref#branch                                  0
vok#branch                                   0
vsup#branch                             -5e-07

 Reference value :  0.00000e+00
 Reference value :  5.64750e-03
 Reference value :  1.16397e-02
No. of Data Rows : 3303
vpor_rise           =  2.60299e+00
vpor_rise_last      =  2.60299e+00
vpor_fall           =  2.43977e+00
vpor_fall_last      =  2.43977e+00
sns_rise            =  1.19804e+00
sns_fall            =  1.19478e+00
m_vpor_rise_v = 2.6029880000e+00
m_vpor_fall_v = 2.4397650000e+00
m_v_hys_mv = 1.6322300000e+02
m_rise_chatter_mv = 0.0000000000e+00
m_fall_chatter_mv = 0.0000000000e+00
m_comp_offs_rise_mv = -1.956000000e+00
m_comp_offs_fall_mv = -5.218000000e+00
Note: Simulation executed from .control section 

Warning: m=xx on .subckt line will override multiplier m hierarchy!

