
Note: Compatibility modes selected: hs a


Circuit: * por-threshold-mc mc @ vth-fall-max_bjt_ss_125c_2.97v_s0445 -- generated by sim/harness, do not edit

Doing analysis at TEMP = 125.000000 and TNOM = 27.000000

Using SPARSE 1.3 as Direct Linear Solver

Initial Transient Solution
--------------------------

Node                                   Voltage
----                                   -------
vdd                                          0
bias_ok                                   2.97
vref                                       1.2
ibias                                 0.617484
xdut.bias_okb                    -1.67083e-315
xdut.nbg                              0.617484
xdut.sns                         -2.48056e-102
xdut.xrtop.11                    -2.48056e-102
xdut.xrtop.21                    -2.87887e-108
xdut.snsb                        -4.60684e-102
xdut.xrbot.11                    -4.60684e-102
xdut.xrbot.21                    -2.48057e-102
xdut.xrhys.11                    -5.44691e-107
xdut.xrhys.21                    -4.60679e-102
xdut.n1                            2.43485e-18
xdut.tn                            1.76431e-18
xdut.na                            -1.7342e-18
xdut.cmpo                          1.76431e-18
xdut.vdda                          1.26738e-17
por_raw                            1.70533e-18
vref#branch                                  0
vok#branch                                   0
vsup#branch                             -5e-07

 Reference value :  2.27859e-04
 Reference value :  6.08250e-03
 Reference value :  1.13383e-02
No. of Data Rows : 3250
vpor_rise           =  2.60887e+00
vpor_rise_last      =  2.60887e+00
vpor_fall           =  2.45175e+00
vpor_fall_last      =  2.45175e+00
sns_rise            =  1.20243e+00
sns_fall            =  1.19590e+00
m_vpor_rise_v = 2.6088740000e+00
m_vpor_fall_v = 2.4517480000e+00
m_v_hys_mv = 1.5712600000e+02
m_rise_chatter_mv = 0.0000000000e+00
m_fall_chatter_mv = 0.0000000000e+00
m_comp_offs_rise_mv = 2.4300000000e+00
m_comp_offs_fall_mv = -4.096000000e+00
Note: Simulation executed from .control section 

Warning: m=xx on .subckt line will override multiplier m hierarchy!

