
Note: Compatibility modes selected: hs a


Circuit: * por-threshold-mc mc @ vth-rise-min_bjt_ff_125c_2.97v_s0280 -- generated by sim/harness, do not edit

Doing analysis at TEMP = 125.000000 and TNOM = 27.000000

Using SPARSE 1.3 as Direct Linear Solver

Initial Transient Solution
--------------------------

Node                                   Voltage
----                                   -------
vdd                                          0
bias_ok                                   2.97
vref                                       1.2
ibias                                 0.613141
xdut.bias_okb                     3.91536e-237
xdut.nbg                              0.613141
xdut.sns                          9.49918e-195
xdut.xrtop.11                     9.49917e-195
xdut.xrtop.21                     1.10247e-200
xdut.snsb                         1.76418e-194
xdut.xrbot.11                     1.76418e-194
xdut.xrbot.21                     9.49919e-195
xdut.xrhys.11                     2.08583e-199
xdut.xrhys.21                     1.76416e-194
xdut.n1                            1.15235e-18
xdut.tn                            1.34517e-23
xdut.na                            -1.9771e-18
xdut.cmpo                          1.36208e-23
xdut.vdda                         -9.07594e-19
por_raw                            5.80947e-19
vref#branch                                  0
vok#branch                                   0
vsup#branch                             -5e-07

 Reference value :  0.00000e+00
 Reference value :  5.50250e-03
 Reference value :  1.10813e-02
No. of Data Rows : 3236
vpor_rise           =  2.57610e+00
vpor_rise_last      =  2.57610e+00
vpor_fall           =  2.42069e+00
vpor_fall_last      =  2.42069e+00
sns_rise            =  1.18730e+00
sns_fall            =  1.18084e+00
m_vpor_rise_v = 2.5760990000e+00
m_vpor_fall_v = 2.4206920000e+00
m_v_hys_mv = 1.5540700000e+02
m_rise_chatter_mv = 0.0000000000e+00
m_fall_chatter_mv = 0.0000000000e+00
m_comp_offs_rise_mv = -1.269600000e+01
m_comp_offs_fall_mv = -1.916000000e+01
Note: Simulation executed from .control section 

Warning: m=xx on .subckt line will override multiplier m hierarchy!

