
Note: Compatibility modes selected: hs a


Circuit: * por-threshold-mc mc @ vth-rise-max_ss_-40c_3.63v_s0241 -- generated by sim/harness, do not edit

Doing analysis at TEMP = -40.000000 and TNOM = 27.000000

Using SPARSE 1.3 as Direct Linear Solver

Initial Transient Solution
--------------------------

Node                                   Voltage
----                                   -------
vdd                                          0
bias_ok                                   3.63
vref                                       1.2
ibias                                 0.884772
xdut.bias_okb                                0
xdut.nbg                              0.884772
xdut.sns                          5.20233e-114
xdut.xrtop.11                     5.20232e-114
xdut.xrtop.21                     9.76049e-120
xdut.snsb                         2.93611e-114
xdut.xrbot.11                      2.9361e-114
xdut.xrbot.21                     5.20234e-114
xdut.xrhys.11                    -9.76055e-120
xdut.xrhys.21                     2.93612e-114
xdut.n1                           -3.44265e-23
xdut.tn                            -3.1266e-81
xdut.na                           -8.90236e-75
xdut.cmpo                         -3.16428e-81
xdut.vdda                          9.45086e-72
por_raw                           -1.14694e-26
vref#branch                                  0
vok#branch                                   0
vsup#branch                             -5e-07

 Reference value :  0.00000e+00
 Reference value :  5.39250e-03
 Reference value :  1.16241e-02
No. of Data Rows : 3290
vpor_rise           =  2.61558e+00
vpor_rise_last      =  2.61558e+00
vpor_fall           =  2.45089e+00
vpor_fall_last      =  2.45089e+00
sns_rise            =  1.20386e+00
sns_fall            =  1.20033e+00
m_vpor_rise_v = 2.6155810000e+00
m_vpor_fall_v = 2.4508890000e+00
m_v_hys_mv = 1.6469200000e+02
m_rise_chatter_mv = 0.0000000000e+00
m_fall_chatter_mv = 0.0000000000e+00
m_comp_offs_rise_mv = 3.8570000000e+00
m_comp_offs_fall_mv = 3.2600000000e-01
Note: Simulation executed from .control section 

Warning: m=xx on .subckt line will override multiplier m hierarchy!

