
Note: Compatibility modes selected: hs a


Circuit: * por-threshold-mc mc @ vth-fall-max_bjt_ss_125c_2.97v_s0184 -- generated by sim/harness, do not edit

Doing analysis at TEMP = 125.000000 and TNOM = 27.000000

Using SPARSE 1.3 as Direct Linear Solver

Initial Transient Solution
--------------------------

Node                                   Voltage
----                                   -------
vdd                                          0
bias_ok                                   2.97
vref                                       1.2
ibias                                 0.617661
xdut.bias_okb                    -5.03897e-304
xdut.nbg                              0.617661
xdut.sns                            1.234e-291
xdut.xrtop.11                       1.234e-291
xdut.xrtop.21                     1.43214e-297
xdut.snsb                         2.29169e-291
xdut.xrbot.11                     2.29169e-291
xdut.xrbot.21                       1.234e-291
xdut.xrhys.11                     2.70963e-296
xdut.xrhys.21                     2.29166e-291
xdut.n1                           -2.65166e-18
xdut.tn                           -2.89457e-22
xdut.na                            1.84191e-18
xdut.cmpo                          -2.9167e-22
xdut.vdda                           1.2626e-18
por_raw                            2.66491e-18
vref#branch                                  0
vok#branch                                   0
vsup#branch                             -5e-07

 Reference value :  0.00000e+00
 Reference value :  5.67750e-03
 Reference value :  1.18162e-02
No. of Data Rows : 3248
vpor_rise           =  2.60950e+00
vpor_rise_last      =  2.60950e+00
vpor_fall           =  2.45269e+00
vpor_fall_last      =  2.45269e+00
sns_rise            =  1.20272e+00
sns_fall            =  1.19631e+00
m_vpor_rise_v = 2.6095020000e+00
m_vpor_fall_v = 2.4526930000e+00
m_v_hys_mv = 1.5680900000e+02
m_rise_chatter_mv = 0.0000000000e+00
m_fall_chatter_mv = 0.0000000000e+00
m_comp_offs_rise_mv = 2.7200000000e+00
m_comp_offs_fall_mv = -3.688000000e+00
Note: Simulation executed from .control section 

Warning: m=xx on .subckt line will override multiplier m hierarchy!

