
Note: Compatibility modes selected: hs a


Circuit: * por-threshold-mc mc @ vth-rise-max_ss_-40c_3.63v_s0137 -- generated by sim/harness, do not edit

Doing analysis at TEMP = -40.000000 and TNOM = 27.000000

Using SPARSE 1.3 as Direct Linear Solver

Initial Transient Solution
--------------------------

Node                                   Voltage
----                                   -------
vdd                                          0
bias_ok                                   3.63
vref                                       1.2
ibias                                 0.883992
xdut.bias_okb                                0
xdut.nbg                              0.883992
xdut.sns                                     0
xdut.xrtop.11                                0
xdut.xrtop.21                                0
xdut.snsb                                    0
xdut.xrbot.11                                0
xdut.xrbot.21                                0
xdut.xrhys.11                                0
xdut.xrhys.21                                0
xdut.n1                           7.92394e-299
xdut.tn                            1.52993e-52
xdut.na                              2.006e-25
xdut.cmpo                           1.5298e-52
xdut.vdda                         -1.33754e-25
por_raw                           -1.56472e-21
vref#branch                                  0
vok#branch                                   0
vsup#branch                             -5e-07

 Reference value :  0.00000e+00
 Reference value :  5.14750e-03
 Reference value :  1.16372e-02
No. of Data Rows : 3296
vpor_rise           =  2.60559e+00
vpor_rise_last      =  2.60559e+00
vpor_fall           =  2.44134e+00
vpor_fall_last      =  2.44134e+00
sns_rise            =  1.19925e+00
sns_fall            =  1.19567e+00
m_vpor_rise_v = 2.6055910000e+00
m_vpor_fall_v = 2.4413370000e+00
m_v_hys_mv = 1.6425400000e+02
m_rise_chatter_mv = 0.0000000000e+00
m_fall_chatter_mv = 0.0000000000e+00
m_comp_offs_rise_mv = -7.540000000e-01
m_comp_offs_fall_mv = -4.330000000e+00
Note: Simulation executed from .control section 

Warning: m=xx on .subckt line will override multiplier m hierarchy!

