
Note: Compatibility modes selected: hs a


Circuit: * por-threshold-mc mc @ vth-rise-max_ss_-40c_3.63v_s0185 -- generated by sim/harness, do not edit

Doing analysis at TEMP = -40.000000 and TNOM = 27.000000

Using SPARSE 1.3 as Direct Linear Solver

Initial Transient Solution
--------------------------

Node                                   Voltage
----                                   -------
vdd                                          0
bias_ok                                   3.63
vref                                       1.2
ibias                                 0.886554
xdut.bias_okb                                0
xdut.nbg                              0.886554
xdut.sns                          5.28023e-113
xdut.xrtop.11                     5.28022e-113
xdut.xrtop.21                     1.20156e-118
xdut.snsb                        -4.39722e-113
xdut.xrbot.11                    -4.39723e-113
xdut.xrbot.21                     5.28024e-113
xdut.xrhys.11                    -1.20155e-118
xdut.xrhys.21                    -4.39721e-113
xdut.n1                           -6.95013e-23
xdut.tn                            1.62209e-28
xdut.na                           -5.19599e-24
xdut.cmpo                          1.64009e-28
xdut.vdda                           2.5132e-25
por_raw                           -4.73477e-25
vref#branch                                  0
vok#branch                                   0
vsup#branch                             -5e-07

 Reference value :  0.00000e+00
 Reference value :  5.26750e-03
 Reference value :  1.16623e-02
No. of Data Rows : 3290
vpor_rise           =  2.58496e+00
vpor_rise_last      =  2.58496e+00
vpor_fall           =  2.42264e+00
vpor_fall_last      =  2.42264e+00
sns_rise            =  1.18972e+00
sns_fall            =  1.18660e+00
m_vpor_rise_v = 2.5849560000e+00
m_vpor_fall_v = 2.4226380000e+00
m_v_hys_mv = 1.6231800000e+02
m_rise_chatter_mv = 0.0000000000e+00
m_fall_chatter_mv = 0.0000000000e+00
m_comp_offs_rise_mv = -1.027800000e+01
m_comp_offs_fall_mv = -1.339600000e+01
Note: Simulation executed from .control section 

Warning: m=xx on .subckt line will override multiplier m hierarchy!

