
Note: Compatibility modes selected: hs a


Circuit: * por-threshold-mc mc @ vth-fall-max_bjt_ss_125c_2.97v_s0392 -- generated by sim/harness, do not edit

Doing analysis at TEMP = 125.000000 and TNOM = 27.000000

Using SPARSE 1.3 as Direct Linear Solver

Initial Transient Solution
--------------------------

Node                                   Voltage
----                                   -------
vdd                                          0
bias_ok                                   2.97
vref                                       1.2
ibias                                 0.620628
xdut.bias_okb                                0
xdut.nbg                              0.620628
xdut.sns                         -3.23455e-148
xdut.xrtop.11                    -3.23455e-148
xdut.xrtop.21                    -3.75394e-154
xdut.snsb                        -6.00714e-148
xdut.xrbot.11                    -6.00714e-148
xdut.xrbot.21                    -3.23455e-148
xdut.xrhys.11                    -7.10261e-153
xdut.xrhys.21                    -6.00707e-148
xdut.n1                            3.49363e-19
xdut.tn                           -5.54485e-24
xdut.na                            1.49316e-18
xdut.cmpo                         -5.55789e-24
xdut.vdda                          2.36778e-18
por_raw                           -1.05451e-18
vref#branch                                  0
vok#branch                                   0
vsup#branch                             -5e-07

 Reference value :  0.00000e+00
 Reference value :  6.15250e-03
 Reference value :  1.16096e-02
No. of Data Rows : 3246
vpor_rise           =  2.57971e+00
vpor_rise_last      =  2.57971e+00
vpor_fall           =  2.42434e+00
vpor_fall_last      =  2.42434e+00
sns_rise            =  1.18897e+00
sns_fall            =  1.18267e+00
m_vpor_rise_v = 2.5797140000e+00
m_vpor_fall_v = 2.4243380000e+00
m_v_hys_mv = 1.5537600000e+02
m_rise_chatter_mv = 0.0000000000e+00
m_fall_chatter_mv = 0.0000000000e+00
m_comp_offs_rise_mv = -1.102800000e+01
m_comp_offs_fall_mv = -1.733300000e+01
Note: Simulation executed from .control section 

Warning: m=xx on .subckt line will override multiplier m hierarchy!

