
Note: Compatibility modes selected: hs a


Circuit: * por-threshold-mc mc @ vth-rise-min_bjt_ff_125c_2.97v_s0095 -- generated by sim/harness, do not edit

Doing analysis at TEMP = 125.000000 and TNOM = 27.000000

Using SPARSE 1.3 as Direct Linear Solver

Initial Transient Solution
--------------------------

Node                                   Voltage
----                                   -------
vdd                                          0
bias_ok                                   2.97
vref                                       1.2
ibias                                  0.61526
xdut.bias_okb                     9.75637e-282
xdut.nbg                               0.61526
xdut.sns                          2.39021e-268
xdut.xrtop.11                      2.3902e-268
xdut.xrtop.21                       2.774e-274
xdut.snsb                         4.43913e-268
xdut.xrbot.11                     4.43913e-268
xdut.xrbot.21                     2.39021e-268
xdut.xrhys.11                     5.24861e-273
xdut.xrhys.21                     4.43908e-268
xdut.n1                            3.25864e-18
xdut.tn                            1.44222e-21
xdut.na                            4.47166e-19
xdut.cmpo                          1.45239e-21
xdut.vdda                          3.55471e-18
por_raw                            2.22115e-18
vref#branch                                  0
vok#branch                                   0
vsup#branch                             -5e-07

 Reference value :  0.00000e+00
 Reference value :  5.57750e-03
 Reference value :  1.11340e-02
No. of Data Rows : 3246
vpor_rise           =  2.59555e+00
vpor_rise_last      =  2.59555e+00
vpor_fall           =  2.43921e+00
vpor_fall_last      =  2.43921e+00
sns_rise            =  1.19628e+00
sns_fall            =  1.18978e+00
m_vpor_rise_v = 2.5955530000e+00
m_vpor_fall_v = 2.4392120000e+00
m_v_hys_mv = 1.5634100000e+02
m_rise_chatter_mv = 0.0000000000e+00
m_fall_chatter_mv = 0.0000000000e+00
m_comp_offs_rise_mv = -3.717000000e+00
m_comp_offs_fall_mv = -1.022000000e+01
Note: Simulation executed from .control section 

Warning: m=xx on .subckt line will override multiplier m hierarchy!

