
Note: Compatibility modes selected: hs a


Circuit: * por-threshold-mc mc @ vth-fall-min_res_ss_-40c_3.63v_s0164 -- generated by sim/harness, do not edit

Doing analysis at TEMP = -40.000000 and TNOM = 27.000000

Using SPARSE 1.3 as Direct Linear Solver

Initial Transient Solution
--------------------------

Node                                   Voltage
----                                   -------
vdd                                          0
bias_ok                                   3.63
vref                                       1.2
ibias                                 0.770671
xdut.bias_okb                                0
xdut.nbg                              0.770671
xdut.sns                          6.85831e-179
xdut.xrtop.11                     6.85831e-179
xdut.xrtop.21                     8.30887e-185
xdut.snsb                        -6.18124e-179
xdut.xrbot.11                    -6.18124e-179
xdut.xrbot.21                     6.85832e-179
xdut.xrhys.11                    -8.30874e-185
xdut.xrhys.21                    -6.18123e-179
xdut.n1                            -1.2165e-23
xdut.tn                           -4.22412e-47
xdut.na                            4.70309e-41
xdut.cmpo                         -4.22536e-47
xdut.vdda                          8.56812e-41
por_raw                            2.11811e-22
vref#branch                                  0
vok#branch                                   0
vsup#branch                             -5e-07

 Reference value :  3.35789e-04
 Reference value :  6.56750e-03
 Reference value :  1.21055e-02
No. of Data Rows : 3297
vpor_rise           =  2.58298e+00
vpor_rise_last      =  2.58298e+00
vpor_fall           =  2.42033e+00
vpor_fall_last      =  2.42033e+00
sns_rise            =  1.18881e+00
sns_fall            =  1.18526e+00
m_vpor_rise_v = 2.5829790000e+00
m_vpor_fall_v = 2.4203310000e+00
m_v_hys_mv = 1.6264800000e+02
m_rise_chatter_mv = 0.0000000000e+00
m_fall_chatter_mv = 0.0000000000e+00
m_comp_offs_rise_mv = -1.119200000e+01
m_comp_offs_fall_mv = -1.474400000e+01
Note: Simulation executed from .control section 

Warning: m=xx on .subckt line will override multiplier m hierarchy!

