
Note: Compatibility modes selected: hs a


Circuit: * por-threshold-mc mc @ vth-fall-max_bjt_ss_125c_2.97v_s0387 -- generated by sim/harness, do not edit

Doing analysis at TEMP = 125.000000 and TNOM = 27.000000

Using SPARSE 1.3 as Direct Linear Solver

Initial Transient Solution
--------------------------

Node                                   Voltage
----                                   -------
vdd                                          0
bias_ok                                   2.97
vref                                       1.2
ibias                                 0.617708
xdut.bias_okb                                0
xdut.nbg                              0.617708
xdut.sns                          2.86541e-297
xdut.xrtop.11                     2.86541e-297
xdut.xrtop.21                     3.32569e-303
xdut.snsb                         5.32164e-297
xdut.xrbot.11                     5.32163e-297
xdut.xrbot.21                     2.86542e-297
xdut.xrhys.11                     6.29255e-302
xdut.xrhys.21                     5.32157e-297
xdut.n1                            1.59699e-18
xdut.tn                             5.5922e-23
xdut.na                            3.06296e-18
xdut.cmpo                          5.63808e-23
xdut.vdda                          3.99342e-18
por_raw                           -1.91012e-18
vref#branch                                  0
vok#branch                                   0
vsup#branch                             -5e-07

 Reference value :  0.00000e+00
 Reference value :  5.76750e-03
 Reference value :  1.13058e-02
No. of Data Rows : 3249
vpor_rise           =  2.60413e+00
vpor_rise_last      =  2.60413e+00
vpor_fall           =  2.44736e+00
vpor_fall_last      =  2.44736e+00
sns_rise            =  1.20024e+00
sns_fall            =  1.19375e+00
m_vpor_rise_v = 2.6041290000e+00
m_vpor_fall_v = 2.4473630000e+00
m_v_hys_mv = 1.5676600000e+02
m_rise_chatter_mv = 0.0000000000e+00
m_fall_chatter_mv = 0.0000000000e+00
m_comp_offs_rise_mv = 2.4100000000e-01
m_comp_offs_fall_mv = -6.248000000e+00
Note: Simulation executed from .control section 

Warning: m=xx on .subckt line will override multiplier m hierarchy!

