
Note: Compatibility modes selected: hs a


Circuit: * por-threshold-mc mc @ vth-fall-min_res_ss_-40c_3.63v_s0209 -- generated by sim/harness, do not edit

Doing analysis at TEMP = -40.000000 and TNOM = 27.000000

Using SPARSE 1.3 as Direct Linear Solver

Initial Transient Solution
--------------------------

Node                                   Voltage
----                                   -------
vdd                                          0
bias_ok                                   3.63
vref                                       1.2
ibias                                 0.777152
xdut.bias_okb                                0
xdut.nbg                              0.777152
xdut.sns                                     0
xdut.xrtop.11                                0
xdut.xrtop.21                                0
xdut.snsb                                    0
xdut.xrbot.11                                0
xdut.xrbot.21                                0
xdut.xrhys.11                                0
xdut.xrhys.21                                0
xdut.n1                           -1.41308e-30
xdut.tn                           -1.09932e-29
xdut.na                            -2.5682e-43
xdut.cmpo                         -1.10849e-29
xdut.vdda                          5.61686e-24
por_raw                            1.73443e-21
vref#branch                                  0
vok#branch                                   0
vsup#branch                             -5e-07

 Reference value :  0.00000e+00
 Reference value :  5.63250e-03
 Reference value :  1.17631e-02
No. of Data Rows : 3270
vpor_rise           =  2.59014e+00
vpor_rise_last      =  2.59014e+00
vpor_fall           =  2.42800e+00
vpor_fall_last      =  2.42800e+00
sns_rise            =  1.19211e+00
sns_fall            =  1.18903e+00
m_vpor_rise_v = 2.5901400000e+00
m_vpor_fall_v = 2.4279960000e+00
m_v_hys_mv = 1.6214400000e+02
m_rise_chatter_mv = 0.0000000000e+00
m_fall_chatter_mv = 0.0000000000e+00
m_comp_offs_rise_mv = -7.886000000e+00
m_comp_offs_fall_mv = -1.097200000e+01
Note: Simulation executed from .control section 

Warning: m=xx on .subckt line will override multiplier m hierarchy!

