
Note: Compatibility modes selected: hs a


Circuit: * por-threshold-mc mc @ vth-rise-max_ss_-40c_3.63v_s0307 -- generated by sim/harness, do not edit

Doing analysis at TEMP = -40.000000 and TNOM = 27.000000

Using SPARSE 1.3 as Direct Linear Solver

Initial Transient Solution
--------------------------

Node                                   Voltage
----                                   -------
vdd                                          0
bias_ok                                   3.63
vref                                       1.2
ibias                                 0.887464
xdut.bias_okb                                0
xdut.nbg                              0.887464
xdut.sns                         -3.06329e-245
xdut.xrtop.11                    -3.06329e-245
xdut.xrtop.21                    -1.64387e-251
xdut.snsb                        -1.30141e-244
xdut.xrbot.11                    -1.30141e-244
xdut.xrbot.21                    -3.06329e-245
xdut.xrhys.11                     1.64416e-251
xdut.xrhys.21                    -1.30141e-244
xdut.n1                           -2.55051e-48
xdut.tn                           -2.36734e-48
xdut.na                            4.72628e-41
xdut.cmpo                         -2.36716e-48
xdut.vdda                         -3.90346e-41
por_raw                           -1.29142e-21
vref#branch                                  0
vok#branch                                   0
vsup#branch                             -5e-07

 Reference value :  0.00000e+00
 Reference value :  5.46250e-03
 Reference value :  1.24006e-02
No. of Data Rows : 3296
vpor_rise           =  2.60748e+00
vpor_rise_last      =  2.60748e+00
vpor_fall           =  2.44332e+00
vpor_fall_last      =  2.44332e+00
sns_rise            =  1.20012e+00
sns_fall            =  1.19664e+00
m_vpor_rise_v = 2.6074830000e+00
m_vpor_fall_v = 2.4433230000e+00
m_v_hys_mv = 1.6416000000e+02
m_rise_chatter_mv = 0.0000000000e+00
m_fall_chatter_mv = 0.0000000000e+00
m_comp_offs_rise_mv = 1.1900000000e-01
m_comp_offs_fall_mv = -3.357000000e+00
Note: Simulation executed from .control section 

Warning: m=xx on .subckt line will override multiplier m hierarchy!

