
Note: Compatibility modes selected: hs a


Circuit: * por-threshold-mc mc @ vth-rise-max_ss_-40c_3.63v_s0118 -- generated by sim/harness, do not edit

Doing analysis at TEMP = -40.000000 and TNOM = 27.000000

Using SPARSE 1.3 as Direct Linear Solver

Initial Transient Solution
--------------------------

Node                                   Voltage
----                                   -------
vdd                                          0
bias_ok                                   3.63
vref                                       1.2
ibias                                 0.886351
xdut.bias_okb                                0
xdut.nbg                              0.886351
xdut.sns                                     0
xdut.xrtop.11                                0
xdut.xrtop.21                                0
xdut.snsb                                    0
xdut.xrbot.11                                0
xdut.xrbot.21                                0
xdut.xrhys.11                                0
xdut.xrhys.21                                0
xdut.n1                          -2.23113e-275
xdut.tn                           -5.41652e-52
xdut.na                            1.06909e-44
xdut.cmpo                         -5.41603e-52
xdut.vdda                         -1.01846e-44
por_raw                           -7.91859e-25
vref#branch                                  0
vok#branch                                   0
vsup#branch                             -5e-07

 Reference value :  2.10792e-04
 Reference value :  5.68750e-03
 Reference value :  1.16364e-02
No. of Data Rows : 3295
vpor_rise           =  2.60568e+00
vpor_rise_last      =  2.60568e+00
vpor_fall           =  2.44200e+00
vpor_fall_last      =  2.44200e+00
sns_rise            =  1.19929e+00
sns_fall            =  1.19602e+00
m_vpor_rise_v = 2.6056760000e+00
m_vpor_fall_v = 2.4420020000e+00
m_v_hys_mv = 1.6367400000e+02
m_rise_chatter_mv = 0.0000000000e+00
m_fall_chatter_mv = 0.0000000000e+00
m_comp_offs_rise_mv = -7.150000000e-01
m_comp_offs_fall_mv = -3.981000000e+00
Note: Simulation executed from .control section 

Warning: m=xx on .subckt line will override multiplier m hierarchy!

