
Note: Compatibility modes selected: hs a


Circuit: * por-threshold-mc mc @ vth-rise-max_ss_-40c_3.63v_s0011 -- generated by sim/harness, do not edit

Doing analysis at TEMP = -40.000000 and TNOM = 27.000000

Using SPARSE 1.3 as Direct Linear Solver

Initial Transient Solution
--------------------------

Node                                   Voltage
----                                   -------
vdd                                          0
bias_ok                                   3.63
vref                                       1.2
ibias                                 0.885645
xdut.bias_okb                                0
xdut.nbg                              0.885645
xdut.sns                          4.11172e-317
xdut.xrtop.11                     4.11171e-317
xdut.xrtop.21                     5.43472e-323
xdut.snsb                        -3.18713e-318
xdut.xrbot.11                    -3.18718e-318
xdut.xrbot.21                     4.11172e-317
xdut.xrhys.11                    -3.95253e-323
xdut.xrhys.21                    -3.18709e-318
xdut.n1                           -1.0965e-273
xdut.tn                             4.8777e-50
xdut.na                           -1.49665e-42
xdut.cmpo                          4.85389e-50
xdut.vdda                          6.36936e-41
por_raw                           -9.66167e-22
vref#branch                                  0
vok#branch                                   0
vsup#branch                             -5e-07

 Reference value :  0.00000e+00
 Reference value :  5.53250e-03
 Reference value :  1.15861e-02
No. of Data Rows : 3295
vpor_rise           =  2.64512e+00
vpor_rise_last      =  2.64512e+00
vpor_fall           =  2.47850e+00
vpor_fall_last      =  2.47850e+00
sns_rise            =  1.21749e+00
sns_fall            =  1.21377e+00
m_vpor_rise_v = 2.6451160000e+00
m_vpor_fall_v = 2.4784990000e+00
m_v_hys_mv = 1.6661700000e+02
m_rise_chatter_mv = 0.0000000000e+00
m_fall_chatter_mv = 0.0000000000e+00
m_comp_offs_rise_mv = 1.7488000000e+01
m_comp_offs_fall_mv = 1.3772000000e+01
Note: Simulation executed from .control section 

Warning: m=xx on .subckt line will override multiplier m hierarchy!

