
Note: Compatibility modes selected: hs a


Circuit: * por-threshold-mc mc @ vth-rise-max_ss_-40c_3.63v_s0452 -- generated by sim/harness, do not edit

Doing analysis at TEMP = -40.000000 and TNOM = 27.000000

Using SPARSE 1.3 as Direct Linear Solver

Initial Transient Solution
--------------------------

Node                                   Voltage
----                                   -------
vdd                                          0
bias_ok                                   3.63
vref                                       1.2
ibias                                 0.889189
xdut.bias_okb                                0
xdut.nbg                              0.889189
xdut.sns                          6.72245e-212
xdut.xrtop.11                     6.72244e-212
xdut.xrtop.21                     8.49158e-218
xdut.snsb                        -1.20284e-211
xdut.xrbot.11                    -1.20284e-211
xdut.xrbot.21                     6.72245e-212
xdut.xrhys.11                    -8.49132e-218
xdut.xrhys.21                    -1.20284e-211
xdut.n1                           3.18638e-115
xdut.tn                           -4.34372e-28
xdut.na                            1.52463e-21
xdut.cmpo                          -4.3922e-28
xdut.vdda                         -5.06885e-21
por_raw                            6.35217e-54
vref#branch                                  0
vok#branch                                   0
vsup#branch                             -5e-07

 Reference value :  0.00000e+00
 Reference value :  5.35750e-03
 Reference value :  1.16377e-02
No. of Data Rows : 3294
vpor_rise           =  2.60421e+00
vpor_rise_last      =  2.60421e+00
vpor_fall           =  2.44095e+00
vpor_fall_last      =  2.44095e+00
sns_rise            =  1.19861e+00
sns_fall            =  1.19552e+00
m_vpor_rise_v = 2.6042060000e+00
m_vpor_fall_v = 2.4409510000e+00
m_v_hys_mv = 1.6325500000e+02
m_rise_chatter_mv = 0.0000000000e+00
m_fall_chatter_mv = 0.0000000000e+00
m_comp_offs_rise_mv = -1.393000000e+00
m_comp_offs_fall_mv = -4.484000000e+00
Note: Simulation executed from .control section 

Warning: m=xx on .subckt line will override multiplier m hierarchy!

