
Note: Compatibility modes selected: hs a


Circuit: * por-threshold-mc mc @ vth-fall-min_res_ss_-40c_3.63v_s0080 -- generated by sim/harness, do not edit

Doing analysis at TEMP = -40.000000 and TNOM = 27.000000

Using SPARSE 1.3 as Direct Linear Solver

Initial Transient Solution
--------------------------

Node                                   Voltage
----                                   -------
vdd                                          0
bias_ok                                   3.63
vref                                       1.2
ibias                                 0.773497
xdut.bias_okb                                0
xdut.nbg                              0.773497
xdut.sns                          9.53824e-289
xdut.xrtop.11                     9.53823e-289
xdut.xrtop.21                     9.58495e-295
xdut.snsb                        -5.82557e-289
xdut.xrbot.11                    -5.82558e-289
xdut.xrbot.21                     9.53825e-289
xdut.xrhys.11                    -9.58482e-295
xdut.xrhys.21                    -5.82556e-289
xdut.n1                           -1.06253e-30
xdut.tn                           -7.12206e-28
xdut.na                            1.65987e-21
xdut.cmpo                         -7.18786e-28
xdut.vdda                         -2.31173e-21
por_raw                           -6.56111e-28
vref#branch                                  0
vok#branch                                   0
vsup#branch                             -5e-07

 Reference value :  0.00000e+00
 Reference value :  5.61750e-03
 Reference value :  1.17474e-02
No. of Data Rows : 3264
vpor_rise           =  2.62178e+00
vpor_rise_last      =  2.62178e+00
vpor_fall           =  2.45670e+00
vpor_fall_last      =  2.45670e+00
sns_rise            =  1.20672e+00
sns_fall            =  1.20295e+00
m_vpor_rise_v = 2.6217780000e+00
m_vpor_fall_v = 2.4567000000e+00
m_v_hys_mv = 1.6507800000e+02
m_rise_chatter_mv = 0.0000000000e+00
m_fall_chatter_mv = 0.0000000000e+00
m_comp_offs_rise_mv = 6.7160000000e+00
m_comp_offs_fall_mv = 2.9520000000e+00
Note: Simulation executed from .control section 

Warning: m=xx on .subckt line will override multiplier m hierarchy!

