
Note: Compatibility modes selected: hs a


Circuit: * por-threshold-mc mc @ vth-rise-max_ss_-40c_3.63v_s0361 -- generated by sim/harness, do not edit

Doing analysis at TEMP = -40.000000 and TNOM = 27.000000

Using SPARSE 1.3 as Direct Linear Solver

Initial Transient Solution
--------------------------

Node                                   Voltage
----                                   -------
vdd                                          0
bias_ok                                   3.63
vref                                       1.2
ibias                                 0.888947
xdut.bias_okb                                0
xdut.nbg                              0.888947
xdut.sns                          1.10076e-286
xdut.xrtop.11                     1.10076e-286
xdut.xrtop.21                    -4.96067e-294
xdut.snsb                        -2.31969e-286
xdut.xrbot.11                    -2.31969e-286
xdut.xrbot.21                     1.10076e-286
xdut.xrhys.11                     4.96573e-294
xdut.xrhys.21                    -2.31969e-286
xdut.n1                           -1.68204e-24
xdut.tn                             -2.497e-29
xdut.na                           -2.07283e-21
xdut.cmpo                         -2.52598e-29
xdut.vdda                         -4.55058e-22
por_raw                           -1.32995e-26
vref#branch                                  0
vok#branch                                   0
vsup#branch                             -5e-07

 Reference value :  4.57916e-05
 Reference value :  5.60250e-03
 Reference value :  1.16887e-02
No. of Data Rows : 3292
vpor_rise           =  2.56485e+00
vpor_rise_last      =  2.56485e+00
vpor_fall           =  2.40390e+00
vpor_fall_last      =  2.40390e+00
sns_rise            =  1.18044e+00
sns_fall            =  1.17748e+00
m_vpor_rise_v = 2.5648510000e+00
m_vpor_fall_v = 2.4039040000e+00
m_v_hys_mv = 1.6094700000e+02
m_rise_chatter_mv = 0.0000000000e+00
m_fall_chatter_mv = 0.0000000000e+00
m_comp_offs_rise_mv = -1.955700000e+01
m_comp_offs_fall_mv = -2.252100000e+01
Note: Simulation executed from .control section 

Warning: m=xx on .subckt line will override multiplier m hierarchy!

