
Note: Compatibility modes selected: hs a


Circuit: * por-threshold-mc mc @ vth-fall-max_bjt_ss_125c_2.97v_s0195 -- generated by sim/harness, do not edit

Doing analysis at TEMP = 125.000000 and TNOM = 27.000000

Using SPARSE 1.3 as Direct Linear Solver

Initial Transient Solution
--------------------------

Node                                   Voltage
----                                   -------
vdd                                          0
bias_ok                                   2.97
vref                                       1.2
ibias                                  0.61648
xdut.bias_okb                                0
xdut.nbg                               0.61648
xdut.sns                           1.59806e-58
xdut.xrtop.11                      1.59806e-58
xdut.xrtop.21                      1.85471e-64
xdut.snsb                          2.96783e-58
xdut.xrbot.11                      2.96783e-58
xdut.xrbot.21                      1.59806e-58
xdut.xrhys.11                      3.50899e-63
xdut.xrhys.21                       2.9678e-58
xdut.n1                            5.40863e-19
xdut.tn                           -5.48273e-18
xdut.na                           -1.15897e-17
xdut.cmpo                         -5.48272e-18
xdut.vdda                          7.26051e-19
por_raw                            2.21406e-18
vref#branch                                  0
vok#branch                                   0
vsup#branch                             -5e-07

 Reference value :  0.00000e+00
 Reference value :  5.75750e-03
 Reference value :  1.16934e-02
No. of Data Rows : 3246
vpor_rise           =  2.58625e+00
vpor_rise_last      =  2.58625e+00
vpor_fall           =  2.43055e+00
vpor_fall_last      =  2.43055e+00
sns_rise            =  1.19199e+00
sns_fall            =  1.18559e+00
m_vpor_rise_v = 2.5862490000e+00
m_vpor_fall_v = 2.4305520000e+00
m_v_hys_mv = 1.5569700000e+02
m_rise_chatter_mv = 0.0000000000e+00
m_fall_chatter_mv = 0.0000000000e+00
m_comp_offs_rise_mv = -8.012000000e+00
m_comp_offs_fall_mv = -1.441100000e+01
Note: Simulation executed from .control section 

Warning: m=xx on .subckt line will override multiplier m hierarchy!

