
Note: Compatibility modes selected: hs a


Circuit: * por-threshold-mc mc @ vth-rise-max_ss_-40c_3.63v_s0491 -- generated by sim/harness, do not edit

Doing analysis at TEMP = -40.000000 and TNOM = 27.000000

Using SPARSE 1.3 as Direct Linear Solver

Initial Transient Solution
--------------------------

Node                                   Voltage
----                                   -------
vdd                                          0
bias_ok                                   3.63
vref                                       1.2
ibias                                 0.888518
xdut.bias_okb                                0
xdut.nbg                              0.888518
xdut.sns                                     0
xdut.xrtop.11                                0
xdut.xrtop.21                                0
xdut.snsb                                    0
xdut.xrbot.11                                0
xdut.xrbot.21                                0
xdut.xrhys.11                                0
xdut.xrhys.21                                0
xdut.n1                            2.6264e-273
xdut.tn                            6.78231e-57
xdut.na                           -1.69534e-49
xdut.cmpo                          6.77915e-57
xdut.vdda                          7.40848e-49
por_raw                           -1.70104e-25
vref#branch                                  0
vok#branch                                   0
vsup#branch                             -5e-07

 Reference value :  2.12630e-05
 Reference value :  5.45750e-03
 Reference value :  1.15997e-02
No. of Data Rows : 3295
vpor_rise           =  2.63461e+00
vpor_rise_last      =  2.63461e+00
vpor_fall           =  2.46893e+00
vpor_fall_last      =  2.46893e+00
sns_rise            =  1.21264e+00
sns_fall            =  1.20913e+00
m_vpor_rise_v = 2.6346140000e+00
m_vpor_fall_v = 2.4689290000e+00
m_v_hys_mv = 1.6568500000e+02
m_rise_chatter_mv = 0.0000000000e+00
m_fall_chatter_mv = 0.0000000000e+00
m_comp_offs_rise_mv = 1.2641000000e+01
m_comp_offs_fall_mv = 9.1290000000e+00
Note: Simulation executed from .control section 

Warning: m=xx on .subckt line will override multiplier m hierarchy!

