
Note: Compatibility modes selected: hs a


Circuit: * por-threshold-mc mc @ vth-fall-max_bjt_ss_125c_2.97v_s0478 -- generated by sim/harness, do not edit

Doing analysis at TEMP = 125.000000 and TNOM = 27.000000

Using SPARSE 1.3 as Direct Linear Solver

Initial Transient Solution
--------------------------

Node                                   Voltage
----                                   -------
vdd                                          0
bias_ok                                   2.97
vref                                       1.2
ibias                                 0.619853
xdut.bias_okb                                0
xdut.nbg                              0.619853
xdut.sns                          -1.03009e-27
xdut.xrtop.11                     -1.03009e-27
xdut.xrtop.21                     -1.19546e-33
xdut.snsb                         -1.91303e-27
xdut.xrbot.11                     -1.91302e-27
xdut.xrbot.21                     -1.03009e-27
xdut.xrhys.11                     -2.26184e-32
xdut.xrhys.21                       -1.913e-27
xdut.n1                            2.66756e-18
xdut.tn                            -1.1365e-21
xdut.na                            2.08764e-18
xdut.cmpo                         -1.14541e-21
xdut.vdda                         -6.03286e-19
por_raw                            1.46018e-18
vref#branch                                  0
vok#branch                                   0
vsup#branch                             -5e-07

 Reference value :  0.00000e+00
 Reference value :  6.16250e-03
 Reference value :  1.21781e-02
No. of Data Rows : 3229
vpor_rise           =  2.60036e+00
vpor_rise_last      =  2.60036e+00
vpor_fall           =  2.44392e+00
vpor_fall_last      =  2.44392e+00
sns_rise            =  1.19850e+00
sns_fall            =  1.19218e+00
m_vpor_rise_v = 2.6003590000e+00
m_vpor_fall_v = 2.4439250000e+00
m_v_hys_mv = 1.5643400000e+02
m_rise_chatter_mv = 0.0000000000e+00
m_fall_chatter_mv = 0.0000000000e+00
m_comp_offs_rise_mv = -1.499000000e+00
m_comp_offs_fall_mv = -7.818000000e+00
Note: Simulation executed from .control section 

Warning: m=xx on .subckt line will override multiplier m hierarchy!

