
Note: Compatibility modes selected: hs a


Circuit: * por-threshold-mc mc @ vth-fall-min_res_ss_-40c_3.63v_s0383 -- generated by sim/harness, do not edit

Doing analysis at TEMP = -40.000000 and TNOM = 27.000000

Using SPARSE 1.3 as Direct Linear Solver

Initial Transient Solution
--------------------------

Node                                   Voltage
----                                   -------
vdd                                          0
bias_ok                                   3.63
vref                                       1.2
ibias                                 0.779509
xdut.bias_okb                                0
xdut.nbg                              0.779509
xdut.sns                                     0
xdut.xrtop.11                                0
xdut.xrtop.21                                0
xdut.snsb                                    0
xdut.xrbot.11                                0
xdut.xrbot.21                                0
xdut.xrhys.11                                0
xdut.xrhys.21                                0
xdut.n1                            1.97792e-31
xdut.tn                           -1.95663e-59
xdut.na                            2.78022e-53
xdut.cmpo                         -1.95663e-59
xdut.vdda                          3.59045e-55
por_raw                           -1.07445e-23
vref#branch                                  0
vok#branch                                   0
vsup#branch                             -5e-07

 Reference value :  0.00000e+00
 Reference value :  5.88750e-03
 Reference value :  1.18278e-02
No. of Data Rows : 3277
vpor_rise           =  2.60307e+00
vpor_rise_last      =  2.60307e+00
vpor_fall           =  2.44006e+00
vpor_fall_last      =  2.44006e+00
sns_rise            =  1.19808e+00
sns_fall            =  1.19489e+00
m_vpor_rise_v = 2.6030720000e+00
m_vpor_fall_v = 2.4400590000e+00
m_v_hys_mv = 1.6301300000e+02
m_rise_chatter_mv = 0.0000000000e+00
m_fall_chatter_mv = 0.0000000000e+00
m_comp_offs_rise_mv = -1.918000000e+00
m_comp_offs_fall_mv = -5.111000000e+00
Note: Simulation executed from .control section 

Warning: m=xx on .subckt line will override multiplier m hierarchy!

