
Note: Compatibility modes selected: hs a


Circuit: * por-threshold-mc mc @ vth-fall-max_bjt_ss_125c_2.97v_s0278 -- generated by sim/harness, do not edit

Doing analysis at TEMP = 125.000000 and TNOM = 27.000000

Using SPARSE 1.3 as Direct Linear Solver

Initial Transient Solution
--------------------------

Node                                   Voltage
----                                   -------
vdd                                          0
bias_ok                                   2.97
vref                                       1.2
ibias                                  0.62025
xdut.bias_okb                                0
xdut.nbg                               0.62025
xdut.sns                         -1.42474e-135
xdut.xrtop.11                    -1.42473e-135
xdut.xrtop.21                    -1.65356e-141
xdut.snsb                        -2.64599e-135
xdut.xrbot.11                    -2.64599e-135
xdut.xrbot.21                    -1.42474e-135
xdut.xrhys.11                    -3.12873e-140
xdut.xrhys.21                    -2.64596e-135
xdut.n1                            8.58871e-19
xdut.tn                           -1.19009e-24
xdut.na                            1.00275e-18
xdut.cmpo                         -1.18755e-24
xdut.vdda                          -5.6978e-19
por_raw                           -7.42742e-18
vref#branch                                  0
vok#branch                                   0
vsup#branch                             -5e-07

 Reference value :  1.72859e-04
 Reference value :  6.30250e-03
 Reference value :  1.20269e-02
No. of Data Rows : 3248
vpor_rise           =  2.60182e+00
vpor_rise_last      =  2.60182e+00
vpor_fall           =  2.44513e+00
vpor_fall_last      =  2.44513e+00
sns_rise            =  1.19917e+00
sns_fall            =  1.19261e+00
m_vpor_rise_v = 2.6018160000e+00
m_vpor_fall_v = 2.4451260000e+00
m_v_hys_mv = 1.5669000000e+02
m_rise_chatter_mv = 0.0000000000e+00
m_fall_chatter_mv = 0.0000000000e+00
m_comp_offs_rise_mv = -8.270000000e-01
m_comp_offs_fall_mv = -7.387000000e+00
Note: Simulation executed from .control section 

Warning: m=xx on .subckt line will override multiplier m hierarchy!

