
Note: Compatibility modes selected: hs a


Circuit: * por-threshold-mc mc @ vth-rise-min_bjt_ff_125c_2.97v_s0105 -- generated by sim/harness, do not edit

Doing analysis at TEMP = 125.000000 and TNOM = 27.000000

Using SPARSE 1.3 as Direct Linear Solver

Initial Transient Solution
--------------------------

Node                                   Voltage
----                                   -------
vdd                                          0
bias_ok                                   2.97
vref                                       1.2
ibias                                 0.620623
xdut.bias_okb                                0
xdut.nbg                              0.620623
xdut.sns                          -1.31391e-60
xdut.xrtop.11                      -1.3139e-60
xdut.xrtop.21                     -1.52486e-66
xdut.snsb                         -2.44014e-60
xdut.xrbot.11                     -2.44014e-60
xdut.xrbot.21                     -1.31391e-60
xdut.xrhys.11                     -2.88512e-65
xdut.xrhys.21                     -2.44011e-60
xdut.n1                             1.6149e-18
xdut.tn                            -7.7208e-18
xdut.na                           -3.19045e-18
xdut.cmpo                         -7.72077e-18
xdut.vdda                           -3.309e-18
por_raw                            2.39716e-18
vref#branch                                  0
vok#branch                                   0
vsup#branch                             -5e-07

 Reference value :  0.00000e+00
 Reference value :  5.72750e-03
 Reference value :  1.11361e-02
No. of Data Rows : 3248
vpor_rise           =  2.61358e+00
vpor_rise_last      =  2.61358e+00
vpor_fall           =  2.45629e+00
vpor_fall_last      =  2.45629e+00
sns_rise            =  1.20460e+00
sns_fall            =  1.19806e+00
m_vpor_rise_v = 2.6135750000e+00
m_vpor_fall_v = 2.4562900000e+00
m_v_hys_mv = 1.5728500000e+02
m_rise_chatter_mv = 0.0000000000e+00
m_fall_chatter_mv = 0.0000000000e+00
m_comp_offs_rise_mv = 4.6010000000e+00
m_comp_offs_fall_mv = -1.939000000e+00
Note: Simulation executed from .control section 

Warning: m=xx on .subckt line will override multiplier m hierarchy!

