
Note: No compatibility mode selected!


Circuit: * temp-core-startup @ res_ff_27c_3.63v -- generated by sim/harness, do not edit

Doing analysis at TEMP = 27.000000 and TNOM = 27.000000

Using SPARSE 1.3 as Direct Linear Solver

Initial Transient Solution
--------------------------

Node                                   Voltage
----                                   -------
vdd                                          0
en                                           0
nib                               -9.81895e-29
ibias                             -9.81895e-29
nibd                              -9.81895e-29
ptat                              -1.33408e-56
ctat                              -3.86025e-20
xdut.n1                           -3.44673e-26
xdut.n2                           -1.15829e-26
xdut.pg                           -3.42687e-24
xdut.nbg                          -1.79545e-29
xdut.enb                          -7.03218e-46
xdut.pb                            2.73874e-28
xdut.pcas                          2.10093e-27
xdut.nd                           -5.85065e-31
xdut.nr                           -6.70252e-26
xdut.nt                           -1.31981e-26
xdut.t5                           -1.95215e-57
xdut.t4                           -9.64659e-58
xdut.t3                            -4.7014e-58
xdut.t2                           -2.21845e-58
xdut.t1                           -9.66189e-59
xdut.t0                           -3.29534e-59
xdut.na                           -3.86025e-20
xdut.nb                           -2.51703e-22
xdut.m1d                           6.38115e-21
xdut.m2d                           3.30611e-22
xdut.m3d                          -7.29916e-51
xdut.nc                           -2.51703e-22
xdut.nz                           -1.15829e-26
xdut.x66.11                       -2.51703e-22
xdut.x66.21                       -2.51703e-22
xdut.xr1__1                       -2.51703e-22
xdut.x67.11                       -2.51703e-22
xdut.x67.21                       -2.51703e-22
xdut.x68.11                       -3.86025e-20
xdut.x68.21                       -3.86025e-20
xdut.xriso__1                     -3.86025e-20
xdut.x69.11                       -3.86025e-20
xdut.x69.21                       -3.86025e-20
xdut.x70.11                       -1.15829e-26
xdut.x70.21                       -1.15829e-26
xdut.xrz__1                       -1.15829e-26
xdut.xrz__2                       -1.15829e-26
xdut.x71.11                       -1.15829e-26
xdut.x71.21                       -1.15829e-26
xdut.x72.11                       -1.15829e-26
xdut.x72.21                       -1.15829e-26
xdut.xrz__3                       -1.15829e-26
xdut.xrz__4                       -1.15829e-26
xdut.x73.11                       -1.15829e-26
xdut.x73.21                       -1.15829e-26
xdut.x74.11                       -1.15829e-26
xdut.x74.21                       -1.15829e-26
xdut.xrz__5                       -1.15829e-26
xdut.xrz__6                       -1.15829e-26
xdut.x75.11                       -1.15829e-26
xdut.x75.21                       -1.15829e-26
xdut.x76.11                       -1.15829e-26
xdut.x76.21                       -1.15829e-26
xdut.xrz__7                       -1.15829e-26
xdut.xrz__8                       -1.15829e-26
xdut.x77.11                       -1.15829e-26
xdut.x77.21                       -1.15829e-26
xdut.x78.11                       -1.15829e-26
xdut.x78.21                       -1.15829e-26
xdut.xrz__9                       -1.15829e-26
xdut.x79.11                       -1.15829e-26
xdut.x79.21                       -1.15829e-26
xdut.x80.11                       -1.33399e-56
xdut.x80.21                       -1.28672e-56
xdut.xr2f__1                      -1.28663e-56
xdut.xr2f__2                      -1.23917e-56
xdut.x81.11                       -1.23926e-56
xdut.x81.21                       -1.28653e-56
xdut.x82.11                       -1.23908e-56
xdut.x82.21                       -1.19181e-56
xdut.xr2f__3                      -1.19172e-56
xdut.xr2f__4                      -1.14427e-56
xdut.x83.11                       -1.14436e-56
xdut.x83.21                       -1.19163e-56
xdut.x84.11                       -1.14418e-56
xdut.x84.21                       -1.09691e-56
xdut.xr2f__5                      -1.09682e-56
xdut.xr2f__6                      -1.04936e-56
xdut.x85.11                       -1.04945e-56
xdut.x85.21                       -1.09672e-56
xdut.x86.11                       -1.04927e-56
xdut.x86.21                         -1.002e-56
xdut.xr2f__7                      -1.00191e-56
xdut.xr2f__8                      -9.54458e-57
xdut.x87.11                       -9.54549e-57
xdut.x87.21                       -1.00182e-56
xdut.x88.11                       -9.54366e-57
xdut.x88.21                       -9.07096e-57
xdut.xr2f__9                      -9.07005e-57
xdut.xr2f__10                     -8.59552e-57
xdut.x89.11                       -8.59644e-57
xdut.x89.21                       -9.06913e-57
xdut.x90.11                       -8.59461e-57
xdut.x90.21                       -8.12191e-57
xdut.xr2f__11                       -8.121e-57
xdut.xr2f__12                     -7.64647e-57
xdut.x91.11                       -7.64738e-57
xdut.x91.21                       -8.12008e-57
xdut.x92.11                       -7.64556e-57
xdut.x92.21                       -7.17286e-57
xdut.xr2f__13                     -7.17194e-57
xdut.xr2f__14                     -6.69742e-57
xdut.x93.11                       -6.69833e-57
xdut.x93.21                       -7.17103e-57
xdut.x94.11                        -6.6965e-57
xdut.x94.21                        -6.2238e-57
xdut.xr2f__15                     -6.22289e-57
xdut.xr2f__16                     -5.74836e-57
xdut.x95.11                       -5.74928e-57
xdut.x95.21                       -6.22198e-57
xdut.x96.11                       -5.74745e-57
xdut.x96.21                       -5.27475e-57
xdut.xr2f__17                     -5.27384e-57
xdut.xr2f__18                     -4.79931e-57
xdut.x97.11                       -4.80022e-57
xdut.x97.21                       -5.27292e-57
xdut.x98.11                        -4.7984e-57
xdut.x98.21                        -4.3257e-57
xdut.xr2f__19                     -4.32478e-57
xdut.xr2f__20                     -3.85026e-57
xdut.x99.11                       -3.85117e-57
xdut.x99.21                       -4.32387e-57
xdut.x100.11                      -3.84934e-57
xdut.x100.21                      -3.37664e-57
xdut.xr2f__21                     -3.37573e-57
xdut.xr2f__22                      -2.9012e-57
xdut.x101.11                      -2.90212e-57
xdut.x101.21                      -3.37482e-57
xdut.x102.11                      -2.90029e-57
xdut.x102.21                      -2.42759e-57
xdut.xr2f__23                     -2.42668e-57
xdut.x103.11                      -1.95306e-57
xdut.x103.21                      -2.42576e-57
xdut.x104.11                      -1.95124e-57
xdut.x104.21                      -1.45932e-57
xdut.xr2t5__1                     -1.45841e-57
xdut.x105.11                      -9.65575e-58
xdut.x105.21                      -1.45749e-57
xdut.x106.11                      -9.63745e-58
xdut.x106.21                      -7.18314e-58
xdut.xr2t4__1                       -7.174e-58
xdut.x107.11                      -4.71054e-58
xdut.x107.21                      -7.16485e-58
xdut.x108.11                      -4.69226e-58
xdut.x108.21                      -3.46907e-58
xdut.xr2t3__1                     -3.45992e-58
xdut.x109.11                      -2.22759e-58
xdut.x109.21                      -3.45078e-58
xdut.x110.11                      -2.20931e-58
xdut.x110.21                      -1.60146e-58
xdut.xr2t2__1                     -1.59232e-58
xdut.x111.11                       -9.7533e-59
xdut.x111.21                      -1.58318e-58
xdut.x112.11                      -9.57049e-59
xdut.x112.21                      -6.57002e-59
xdut.xr2t1__1                     -6.47862e-59
xdut.x113.11                      -3.38674e-59
xdut.x113.21                      -6.38722e-59
xdut.x114.11                      -3.20394e-59
xdut.x114.21                      -1.73907e-59
xdut.xr2t0__1                     -1.64767e-59
xdut.x115.11                      -9.13982e-61
xdut.x115.21                      -1.55627e-59
xdut.xrz__2__par                  -1.15829e-26
xdut.xrz__4__par                  -1.15829e-26
xdut.xrz__6__par                  -1.15829e-26
xdut.xrz__8__par                  -1.15829e-26
xdut.xr2f__2__par                 -1.23917e-56
xdut.xr2f__4__par                 -1.14427e-56
xdut.xr2f__6__par                 -1.04936e-56
xdut.xr2f__8__par                 -9.54458e-57
xdut.xr2f__10__par                -8.59552e-57
xdut.xr2f__12__par                -7.64647e-57
xdut.xr2f__14__par                -6.69742e-57
xdut.xr2f__16__par                -5.74836e-57
xdut.xr2f__18__par                -4.79931e-57
xdut.xr2f__20__par                -3.85026e-57
xdut.xr2f__22__par                 -2.9012e-57
xdut.xr2t0__1__par                -1.64767e-59
xdut.xr2t1__1__par                -6.47862e-59
xdut.xr2t2__1__par                -1.59232e-58
xdut.xr2t3__1__par                -3.45992e-58
xdut.xriso__1__par                -3.86025e-20
xdut.xr2t4__1__par                  -7.174e-58
xdut.xr1__1__par                  -2.51703e-22
xdut.xrz__1__par                  -1.15829e-26
xdut.xrz__3__par                  -1.15829e-26
xdut.xrz__5__par                  -1.15829e-26
xdut.xrz__7__par                  -1.15829e-26
xdut.xrz__9__par                  -1.15829e-26
xdut.xr2f__1__par                 -1.28663e-56
xdut.xr2f__3__par                 -1.19172e-56
xdut.xr2f__5__par                 -1.09682e-56
xdut.xr2f__7__par                 -1.00191e-56
xdut.xr2f__9__par                 -9.07005e-57
xdut.xr2f__11__par                  -8.121e-57
xdut.xr2f__13__par                -7.17194e-57
xdut.xr2f__15__par                -6.22289e-57
xdut.xr2f__17__par                -5.27384e-57
xdut.xr2f__19__par                -4.32478e-57
xdut.xr2f__21__par                -3.37573e-57
xdut.xr2f__23__par                -2.42668e-57
xdut.xr2t5__1__par                -1.45841e-57
xdut.ctat__par                    -3.86025e-20
xdut.en__par                                 0
xdut.enb__par                     -7.03218e-46
xdut.ibias__par                   -9.81895e-29
xdut.m1d__par                      6.38115e-21
xdut.m2d__par                      3.30611e-22
xdut.m3d__par                     -7.29916e-51
xdut.n1__par                      -3.44673e-26
xdut.n2__par                      -1.15829e-26
xdut.na__par                      -3.86025e-20
xdut.nb__par                      -2.51703e-22
xdut.nbg__par                     -1.79545e-29
xdut.nc__par                      -2.51703e-22
xdut.nd__par                      -5.85065e-31
xdut.nr__par                      -6.70252e-26
xdut.nt__par                      -1.31981e-26
xdut.nz__par                      -1.15829e-26
xdut.pb__par                       2.73874e-28
xdut.pcas__par                     2.10093e-27
xdut.pg__par                      -3.42687e-24
xdut.ptat__par                    -1.33408e-56
xdut.t0__par                      -3.29534e-59
xdut.t1__par                      -9.66189e-59
xdut.t2__par                      -2.21845e-58
xdut.t3__par                       -4.7014e-58
xdut.t4__par                      -9.64659e-58
xdut.t5__par                      -1.95215e-57
xdut.vdd__par                                0
xdut.vss__par                                0
vibd#branch                       -1.01113e-40
vib#branch                                   0
ven#branch                                   0
vsup#branch                       -4.30396e-32

 Reference value :  5.68198e-04
 Reference value :  1.50047e-03
 Reference value :  1.55620e-03
 Reference value :  2.50055e-03
 Reference value :  3.01637e-03
 Reference value :  3.95890e-03
 Reference value :  4.00540e-03
No. of Data Rows : 3611
vpre                =  3.01311e-08
ipre                =  -5.00138e-07
ibpre               =  5.00000e-07
ibdpre              =  1.42427e-12
vibpre              =  6.99363e-01
vrun1               =  1.29275e+00
irun1               =  -1.19944e-05
vcrun1              =  6.59027e-01
vrun2               =  1.29275e+00
vcrun2              =  6.59027e-01
tcross              =  1.50366e-03
m_vptat_run1 = 1.2927540000e+00
m_vctat_run1 = 6.5902690000e-01
m_vptat_pre_mv = 3.0131120000e-05
m_iq_pre_own_ua = 1.3770000000e-04
m_iq_pre_pin_ua = 5.0013770000e-01
m_ibias_pre_dis_na = 1.4242740000e-03
m_vibias_pre_v = 6.9936310000e-01
m_iq_run_ua = 1.1994450000e+01
m_restart_err_ppm = 0.0000000000e+00
m_ctat_restart_err_ppm = 0.0000000000e+00
m_start_us = 3.6630000000e+00
Note: Simulation executed from .control section 

