
Note: Compatibility modes selected: hs a


Circuit: * por-ramp-rate @ bjt_ff_27c_3.30v -- generated by sim/harness, do not edit

Doing analysis at TEMP = 27.000000 and TNOM = 27.000000

Using SPARSE 1.3 as Direct Linear Solver

Initial Transient Solution
--------------------------

Node                                   Voltage
----                                   -------
vddr1                                        0
ptatr1                           -2.92064e-113
ctatr1                            -4.03823e-91
resetnr1                          3.78384e-110
xr1.xbias.na                       8.58918e-95
xr1.xbias.pg                     -1.10433e-111
xr1.xbias.nbtop                    2.47268e-91
xr1.vref                          1.52331e-101
xr1.xbias.nbg                     3.89372e-118
xr1.xbias.xrt.11                   2.47268e-91
xr1.xbias.xrt.21                   2.47268e-91
xr1.xbias.nb                       2.47268e-91
xr1.xbias.xr1.11                   2.47268e-91
xr1.xbias.xr1.21                   2.47268e-91
xr1.xbias.ec                       2.47268e-91
xr1.xbias.xr2.11                  1.52331e-101
xr1.xbias.xr2.21                  1.52331e-101
xr1.xbias.er                      1.52331e-101
xr1.xbias.pb                      1.60185e-117
xr1.ibias                         6.63025e-105
xr1.xbias.nt                     -2.23987e-116
xr1.xbias.n1                     -7.59124e-114
xr1.xbias.n2                      4.22702e-114
xr1.xbias.nz                      4.22702e-114
xr1.xbias.xrz.11                  4.22702e-114
xr1.xbias.xrz.21                  4.22702e-114
xr1.xbias.ks1                    -3.62497e-111
xr1.xbias.ks2                     4.51651e-110
xr1.xbias.ks3                    -5.58998e-109
xr1.xbias.ks4                     6.91729e-108
xr1.xbias.nkg                    -8.56216e-107
xr1.xbias.nkm                    -3.14669e-118
xr1.xbias.tok                     1.10419e-117
xr1.xbias.noko                   -3.39365e-120
xr1.xbias.nokl                      3.286e-115
xr1.xbias.nokx                   -5.00587e-117
xr1.bias_ok                      -6.17707e-107
xr1.xtemp.nbg                    -8.04975e-105
xr1.xtemp.enb                     1.43604e-141
xr1.xtemp.pb                     -2.39336e-110
xr1.xtemp.pcas                   -5.77982e-110
xr1.xtemp.nt                      4.92493e-110
xr1.xtemp.n1                      1.42001e-109
xr1.xtemp.na                      -4.03823e-91
xr1.xtemp.n2                      6.92456e-110
xr1.xtemp.nb                      -9.19553e-86
xr1.xtemp.pg                     -1.76588e-109
xr1.xtemp.nz                      6.92456e-110
xr1.xtemp.xrz.11                  6.92456e-110
xr1.xtemp.xrz.21                  6.92456e-110
xr1.xtemp.m1d                      1.95538e-91
xr1.xtemp.m2d                      3.53688e-85
xr1.xtemp.m3d                      3.5534e-107
xr1.xtemp.nd                     -9.22632e-111
xr1.xtemp.nr                      1.64712e-115
xr1.xtemp.nc                      -9.19553e-86
xr1.xtemp.xr1.11                  -9.19553e-86
xr1.xtemp.xr1.21                  -9.19553e-86
xr1.xtemp.xr2f.11                -2.92048e-113
xr1.xtemp.xr2f.21                -4.26086e-114
xr1.xtemp.t5                     -4.25925e-114
xr1.xtemp.xr2t5.11               -4.25765e-114
xr1.xtemp.xr2t5.21               -2.09749e-114
xr1.xtemp.t4                     -2.09588e-114
xr1.xtemp.xr2t4.11               -2.09427e-114
xr1.xtemp.xr2t4.21               -1.01576e-114
xr1.xtemp.t3                     -1.01416e-114
xr1.xtemp.xr2t3.11               -1.01255e-114
xr1.xtemp.xr2t3.21               -4.74849e-115
xr1.xtemp.t2                     -4.73241e-115
xr1.xtemp.xr2t2.11               -4.71634e-115
xr1.xtemp.xr2t2.21               -2.04384e-115
xr1.xtemp.t1                     -2.02776e-115
xr1.xtemp.xr2t1.11               -2.01169e-115
xr1.xtemp.xr2t1.21               -6.92369e-116
xr1.xtemp.t0                     -6.76293e-116
xr1.xtemp.xr2t0.11               -6.60217e-116
xr1.xtemp.xr2t0.21               -1.60759e-117
xr1.xtemp.xriso.11                -4.03823e-91
xr1.xtemp.xriso.21                -4.03823e-91
xr1.xcmp.bias_okb                 9.03732e-170
xr1.xcmp.nbg                     -8.03136e-105
xr1.xcmp.sns                      9.21775e-140
xr1.xcmp.xrtop.11                 9.21774e-140
xr1.xcmp.xrtop.21                  1.2847e-145
xr1.xcmp.snsb                     1.71187e-139
xr1.xcmp.xrbot.11                 1.71187e-139
xr1.xcmp.xrbot.21                 9.21776e-140
xr1.xcmp.xrhys.11                 2.43068e-144
xr1.xcmp.xrhys.21                 1.71185e-139
xr1.xcmp.n1                       1.13093e-128
xr1.xcmp.tn                       4.21502e-123
xr1.xcmp.na                      -5.65626e-123
xr1.xcmp.cmpo                     3.50211e-125
xr1.xcmp.vdda                    -7.91956e-124
xr1.por_raw                      -1.19545e-128
xr1.xpor.pdn                     -8.69606e-157
xr1.xpor.ndl                      1.60281e-122
xr1.xpor.ndgp                    -9.64747e-123
xr1.xpor.ndg                     -8.32296e-122
xr1.xpor.ndgn                     1.53129e-121
xr1.xpor.pgdg                    -4.89482e-113
xr1.xpor.pgdgb                   -1.29652e-121
xr1.xpor.nts                      8.73275e-122
xr1.xpor.tim                      4.09256e-120
xr1.xpor.nd1                     -5.94829e-131
xr1.xpor.trip                    -9.83092e-119
xr1.xpor.rstb                    -3.81111e-108
xr1.xpor.nnand                    1.37861e-107
vddr2                                        0
ptatr2                           -2.92064e-113
ctatr2                            -4.03823e-91
resetnr2                          3.78384e-110
xr2.xbias.na                       8.58918e-95
xr2.xbias.pg                     -1.10433e-111
xr2.xbias.nbtop                    2.47268e-91
xr2.vref                          1.52331e-101
xr2.xbias.nbg                     3.89372e-118
xr2.xbias.xrt.11                   2.47268e-91
xr2.xbias.xrt.21                   2.47268e-91
xr2.xbias.nb                       2.47268e-91
xr2.xbias.xr1.11                   2.47268e-91
xr2.xbias.xr1.21                   2.47268e-91
xr2.xbias.ec                       2.47268e-91
xr2.xbias.xr2.11                  1.52331e-101
xr2.xbias.xr2.21                  1.52331e-101
xr2.xbias.er                      1.52331e-101
xr2.xbias.pb                      1.60185e-117
xr2.ibias                         6.63025e-105
xr2.xbias.nt                     -2.23987e-116
xr2.xbias.n1                     -7.59124e-114
xr2.xbias.n2                      4.22702e-114
xr2.xbias.nz                      4.22702e-114
xr2.xbias.xrz.11                  4.22702e-114
xr2.xbias.xrz.21                  4.22702e-114
xr2.xbias.ks1                    -3.62497e-111
xr2.xbias.ks2                     4.51651e-110
xr2.xbias.ks3                    -5.58998e-109
xr2.xbias.ks4                     6.91729e-108
xr2.xbias.nkg                    -8.56216e-107
xr2.xbias.nkm                    -3.14669e-118
xr2.xbias.tok                     1.10395e-117
xr2.xbias.noko                   -3.39435e-120
xr2.xbias.nokl                      3.286e-115
xr2.xbias.nokx                   -5.00587e-117
xr2.bias_ok                      -6.17707e-107
xr2.xtemp.nbg                    -8.04975e-105
xr2.xtemp.enb                     1.43604e-141
xr2.xtemp.pb                     -2.39336e-110
xr2.xtemp.pcas                   -5.77982e-110
xr2.xtemp.nt                      4.92302e-110
xr2.xtemp.n1                      1.41995e-109
xr2.xtemp.na                      -4.03823e-91
xr2.xtemp.n2                       6.9241e-110
xr2.xtemp.nb                      -9.19553e-86
xr2.xtemp.pg                     -1.76646e-109
xr2.xtemp.nz                       6.9241e-110
xr2.xtemp.xrz.11                   6.9241e-110
xr2.xtemp.xrz.21                   6.9241e-110
xr2.xtemp.m1d                      1.95538e-91
xr2.xtemp.m2d                      3.53688e-85
xr2.xtemp.m3d                      3.5534e-107
xr2.xtemp.nd                     -9.22632e-111
xr2.xtemp.nr                      1.64712e-115
xr2.xtemp.nc                      -9.19553e-86
xr2.xtemp.xr1.11                  -9.19553e-86
xr2.xtemp.xr1.21                  -9.19553e-86
xr2.xtemp.xr2f.11                -2.92048e-113
xr2.xtemp.xr2f.21                -4.26086e-114
xr2.xtemp.t5                     -4.25925e-114
xr2.xtemp.xr2t5.11               -4.25765e-114
xr2.xtemp.xr2t5.21               -2.09749e-114
xr2.xtemp.t4                     -2.09588e-114
xr2.xtemp.xr2t4.11               -2.09427e-114
xr2.xtemp.xr2t4.21               -1.01576e-114
xr2.xtemp.t3                     -1.01416e-114
xr2.xtemp.xr2t3.11               -1.01255e-114
xr2.xtemp.xr2t3.21               -4.74849e-115
xr2.xtemp.t2                     -4.73241e-115
xr2.xtemp.xr2t2.11               -4.71634e-115
xr2.xtemp.xr2t2.21               -2.04384e-115
xr2.xtemp.t1                     -2.02776e-115
xr2.xtemp.xr2t1.11               -2.01169e-115
xr2.xtemp.xr2t1.21               -6.92369e-116
xr2.xtemp.t0                     -6.76293e-116
xr2.xtemp.xr2t0.11               -6.60217e-116
xr2.xtemp.xr2t0.21               -1.60759e-117
xr2.xtemp.xriso.11                -4.03823e-91
xr2.xtemp.xriso.21                -4.03823e-91
xr2.xcmp.bias_okb                 9.03732e-170
xr2.xcmp.nbg                     -8.03136e-105
xr2.xcmp.sns                      9.21775e-140
xr2.xcmp.xrtop.11                 9.21774e-140
xr2.xcmp.xrtop.21                  1.2847e-145
xr2.xcmp.snsb                     1.71187e-139
xr2.xcmp.xrbot.11                 1.71187e-139
xr2.xcmp.xrbot.21                 9.21776e-140
xr2.xcmp.xrhys.11                 2.43068e-144
xr2.xcmp.xrhys.21                 1.71185e-139
xr2.xcmp.n1                       1.13093e-128
xr2.xcmp.tn                       4.21512e-123
xr2.xcmp.na                      -5.65618e-123
xr2.xcmp.cmpo                     3.50292e-125
xr2.xcmp.vdda                     -7.9195e-124
xr2.por_raw                      -1.19545e-128
xr2.xpor.pdn                     -8.69606e-157
xr2.xpor.ndl                      1.60281e-122
xr2.xpor.ndgp                    -9.64747e-123
xr2.xpor.ndg                     -8.32296e-122
xr2.xpor.ndgn                     1.53129e-121
xr2.xpor.pgdg                    -4.89482e-113
xr2.xpor.pgdgb                   -1.29652e-121
xr2.xpor.nts                      8.73275e-122
xr2.xpor.tim                      4.09256e-120
xr2.xpor.nd1                     -5.94829e-131
xr2.xpor.trip                    -9.83092e-119
xr2.xpor.rstb                    -3.81111e-108
xr2.xpor.nnand                    1.37861e-107
vddr3                                        0
ptatr3                           -2.92064e-113
ctatr3                            -3.81778e-91
resetnr3                          3.78384e-110
xr3.xbias.na                       8.58918e-95
xr3.xbias.pg                     -1.10433e-111
xr3.xbias.nbtop                    2.47268e-91
xr3.vref                          1.52331e-101
xr3.xbias.nbg                     3.89372e-118
xr3.xbias.xrt.11                   2.47268e-91
xr3.xbias.xrt.21                   2.47268e-91
xr3.xbias.nb                       2.47268e-91
xr3.xbias.xr1.11                   2.47268e-91
xr3.xbias.xr1.21                   2.47268e-91
xr3.xbias.ec                       2.47268e-91
xr3.xbias.xr2.11                  1.52331e-101
xr3.xbias.xr2.21                  1.52331e-101
xr3.xbias.er                      1.52331e-101
xr3.xbias.pb                      1.60185e-117
xr3.ibias                         6.63025e-105
xr3.xbias.nt                     -2.23987e-116
xr3.xbias.n1                     -7.59124e-114
xr3.xbias.n2                      4.22702e-114
xr3.xbias.nz                      4.22702e-114
xr3.xbias.xrz.11                  4.22702e-114
xr3.xbias.xrz.21                  4.22702e-114
xr3.xbias.ks1                    -3.62497e-111
xr3.xbias.ks2                     4.51651e-110
xr3.xbias.ks3                    -5.58998e-109
xr3.xbias.ks4                     6.91729e-108
xr3.xbias.nkg                    -8.56216e-107
xr3.xbias.nkm                    -3.14669e-118
xr3.xbias.tok                     1.10395e-117
xr3.xbias.noko                   -3.39435e-120
xr3.xbias.nokl                      3.286e-115
xr3.xbias.nokx                   -5.00587e-117
xr3.bias_ok                      -6.17707e-107
xr3.xtemp.nbg                    -8.04975e-105
xr3.xtemp.enb                     1.43604e-141
xr3.xtemp.pb                     -2.39336e-110
xr3.xtemp.pcas                   -5.77982e-110
xr3.xtemp.nt                      4.92302e-110
xr3.xtemp.n1                      1.41995e-109
xr3.xtemp.na                      -3.81778e-91
xr3.xtemp.n2                       6.9241e-110
xr3.xtemp.nb                      -9.19553e-86
xr3.xtemp.pg                     -1.76676e-109
xr3.xtemp.nz                       6.9241e-110
xr3.xtemp.xrz.11                   6.9241e-110
xr3.xtemp.xrz.21                   6.9241e-110
xr3.xtemp.m1d                      1.84864e-91
xr3.xtemp.m2d                      3.53688e-85
xr3.xtemp.m3d                      3.5534e-107
xr3.xtemp.nd                     -9.22688e-111
xr3.xtemp.nr                      1.64712e-115
xr3.xtemp.nc                      -9.19553e-86
xr3.xtemp.xr1.11                  -9.19553e-86
xr3.xtemp.xr1.21                  -9.19553e-86
xr3.xtemp.xr2f.11                -2.92048e-113
xr3.xtemp.xr2f.21                -4.26086e-114
xr3.xtemp.t5                     -4.25925e-114
xr3.xtemp.xr2t5.11               -4.25765e-114
xr3.xtemp.xr2t5.21               -2.09749e-114
xr3.xtemp.t4                     -2.09588e-114
xr3.xtemp.xr2t4.11               -2.09427e-114
xr3.xtemp.xr2t4.21               -1.01576e-114
xr3.xtemp.t3                     -1.01416e-114
xr3.xtemp.xr2t3.11               -1.01255e-114
xr3.xtemp.xr2t3.21               -4.74849e-115
xr3.xtemp.t2                     -4.73241e-115
xr3.xtemp.xr2t2.11               -4.71634e-115
xr3.xtemp.xr2t2.21               -2.04384e-115
xr3.xtemp.t1                     -2.02776e-115
xr3.xtemp.xr2t1.11               -2.01169e-115
xr3.xtemp.xr2t1.21               -6.92369e-116
xr3.xtemp.t0                     -6.76293e-116
xr3.xtemp.xr2t0.11               -6.60217e-116
xr3.xtemp.xr2t0.21               -1.60759e-117
xr3.xtemp.xriso.11                -3.81778e-91
xr3.xtemp.xriso.21                -3.81778e-91
xr3.xcmp.bias_okb                 9.03732e-170
xr3.xcmp.nbg                     -8.03136e-105
xr3.xcmp.sns                      9.21775e-140
xr3.xcmp.xrtop.11                 9.21774e-140
xr3.xcmp.xrtop.21                  1.2847e-145
xr3.xcmp.snsb                     1.71187e-139
xr3.xcmp.xrbot.11                 1.71187e-139
xr3.xcmp.xrbot.21                 9.21776e-140
xr3.xcmp.xrhys.11                 2.43068e-144
xr3.xcmp.xrhys.21                 1.71185e-139
xr3.xcmp.n1                       1.13093e-128
xr3.xcmp.tn                       4.21512e-123
xr3.xcmp.na                      -5.65618e-123
xr3.xcmp.cmpo                     3.50292e-125
xr3.xcmp.vdda                     -7.9195e-124
xr3.por_raw                      -1.19545e-128
xr3.xpor.pdn                     -8.69606e-157
xr3.xpor.ndl                      1.60281e-122
xr3.xpor.ndgp                    -9.64747e-123
xr3.xpor.ndg                     -8.32296e-122
xr3.xpor.ndgn                     1.53129e-121
xr3.xpor.pgdg                    -4.89482e-113
xr3.xpor.pgdgb                   -1.29652e-121
xr3.xpor.nts                      8.73275e-122
xr3.xpor.tim                      4.09256e-120
xr3.xpor.nd1                     -5.94829e-131
xr3.xpor.trip                    -9.83092e-119
xr3.xpor.rstb                    -3.81111e-108
xr3.xpor.nnand                    1.37861e-107
vddr4                                        0
ptatr4                           -2.92007e-113
ctatr4                            -3.62843e-91
resetnr4                          3.78384e-110
xr4.xbias.na                       8.58918e-95
xr4.xbias.pg                     -1.10433e-111
xr4.xbias.nbtop                    6.09422e-92
xr4.vref                           1.5239e-101
xr4.xbias.nbg                     3.89372e-118
xr4.xbias.xrt.11                   6.09422e-92
xr4.xbias.xrt.21                   6.09422e-92
xr4.xbias.nb                       6.09422e-92
xr4.xbias.xr1.11                   6.09422e-92
xr4.xbias.xr1.21                   6.09422e-92
xr4.xbias.ec                       6.09422e-92
xr4.xbias.xr2.11                   1.5239e-101
xr4.xbias.xr2.21                   1.5239e-101
xr4.xbias.er                       1.5239e-101
xr4.xbias.pb                      1.60185e-117
xr4.ibias                         6.63025e-105
xr4.xbias.nt                     -2.23986e-116
xr4.xbias.n1                     -7.59124e-114
xr4.xbias.n2                      4.22704e-114
xr4.xbias.nz                      4.22704e-114
xr4.xbias.xrz.11                  4.22704e-114
xr4.xbias.xrz.21                  4.22704e-114
xr4.xbias.ks1                    -3.62497e-111
xr4.xbias.ks2                     4.51651e-110
xr4.xbias.ks3                    -5.58998e-109
xr4.xbias.ks4                     6.91729e-108
xr4.xbias.nkg                    -8.56216e-107
xr4.xbias.nkm                    -3.14669e-118
xr4.xbias.tok                     1.10395e-117
xr4.xbias.noko                   -3.39435e-120
xr4.xbias.nokl                      3.286e-115
xr4.xbias.nokx                   -5.00587e-117
xr4.bias_ok                      -6.17707e-107
xr4.xtemp.nbg                    -8.04975e-105
xr4.xtemp.enb                     1.43604e-141
xr4.xtemp.pb                     -2.39336e-110
xr4.xtemp.pcas                   -5.78037e-110
xr4.xtemp.nt                      4.92318e-110
xr4.xtemp.n1                      1.41997e-109
xr4.xtemp.na                      -3.62843e-91
xr4.xtemp.n2                      6.92467e-110
xr4.xtemp.nb                       5.96784e-86
xr4.xtemp.pg                     -1.76676e-109
xr4.xtemp.nz                      6.92467e-110
xr4.xtemp.xrz.11                  6.92467e-110
xr4.xtemp.xrz.21                  6.92467e-110
xr4.xtemp.m1d                      1.75735e-91
xr4.xtemp.m2d                       -2.296e-85
xr4.xtemp.m3d                     3.55271e-107
xr4.xtemp.nd                     -9.22692e-111
xr4.xtemp.nr                      1.64707e-115
xr4.xtemp.nc                       5.96784e-86
xr4.xtemp.xr1.11                   5.96784e-86
xr4.xtemp.xr1.21                   5.96784e-86
xr4.xtemp.xr2f.11                 -2.9199e-113
xr4.xtemp.xr2f.21                -4.26003e-114
xr4.xtemp.t5                     -4.25842e-114
xr4.xtemp.xr2t5.11               -4.25681e-114
xr4.xtemp.xr2t5.21               -2.09708e-114
xr4.xtemp.t4                     -2.09547e-114
xr4.xtemp.xr2t4.11               -2.09386e-114
xr4.xtemp.xr2t4.21               -1.01556e-114
xr4.xtemp.t3                     -1.01396e-114
xr4.xtemp.xr2t3.11               -1.01235e-114
xr4.xtemp.xr2t3.21               -4.74756e-115
xr4.xtemp.t2                     -4.73149e-115
xr4.xtemp.xr2t2.11               -4.71542e-115
xr4.xtemp.xr2t2.21               -2.04344e-115
xr4.xtemp.t1                     -2.02737e-115
xr4.xtemp.xr2t1.11               -2.01129e-115
xr4.xtemp.xr2t1.21               -6.92233e-116
xr4.xtemp.t0                      -6.7616e-116
xr4.xtemp.xr2t0.11               -6.60088e-116
xr4.xtemp.xr2t0.21               -1.60728e-117
xr4.xtemp.xriso.11                -3.62843e-91
xr4.xtemp.xriso.21                -3.62843e-91
xr4.xcmp.bias_okb                 9.03732e-170
xr4.xcmp.nbg                     -8.03136e-105
xr4.xcmp.sns                      9.21775e-140
xr4.xcmp.xrtop.11                 9.21774e-140
xr4.xcmp.xrtop.21                  1.2847e-145
xr4.xcmp.snsb                     1.71187e-139
xr4.xcmp.xrbot.11                 1.71187e-139
xr4.xcmp.xrbot.21                 9.21776e-140
xr4.xcmp.xrhys.11                 2.43068e-144
xr4.xcmp.xrhys.21                 1.71185e-139
xr4.xcmp.n1                       1.13093e-128
xr4.xcmp.tn                       4.21511e-123
xr4.xcmp.na                      -5.65616e-123
xr4.xcmp.cmpo                     3.50385e-125
xr4.xcmp.vdda                    -7.91889e-124
xr4.por_raw                      -1.19545e-128
xr4.xpor.pdn                     -8.69606e-157
xr4.xpor.ndl                      1.60281e-122
xr4.xpor.ndgp                    -9.64747e-123
xr4.xpor.ndg                     -8.32296e-122
xr4.xpor.ndgn                     1.53129e-121
xr4.xpor.pgdg                    -4.89482e-113
xr4.xpor.pgdgb                   -1.29652e-121
xr4.xpor.nts                      8.73275e-122
xr4.xpor.tim                      4.09256e-120
xr4.xpor.nd1                     -5.94829e-131
xr4.xpor.trip                    -9.83092e-119
xr4.xpor.rstb                    -3.81111e-108
xr4.xpor.nnand                    1.37861e-107
vr4#branch                        -2.99838e-97
vr3#branch                         4.61857e-97
vr2#branch                         4.61857e-97
vr1#branch                         4.61857e-97

 Reference value :  0.00000e+00
 Reference value :  7.27266e-07
 Reference value :  7.90988e-07
 Reference value :  8.97308e-07
 Reference value :  1.74122e-06
 Reference value :  2.13601e-06
 Reference value :  2.32920e-06
 Reference value :  2.33777e-06
 Reference value :  2.34596e-06
 Reference value :  2.55074e-06
 Reference value :  3.33022e-06
 Reference value :  4.69720e-06
 Reference value :  4.79244e-06
 Reference value :  4.82141e-06
 Reference value :  5.99247e-06
 Reference value :  6.53271e-06
 Reference value :  6.83762e-06
 Reference value :  7.56377e-06
 Reference value :  1.17884e-05
 Reference value :  1.33363e-05
 Reference value :  1.35625e-05
 Reference value :  1.36084e-05
 Reference value :  1.60160e-05
 Reference value :  1.70426e-05
 Reference value :  1.72004e-05
 Reference value :  1.72073e-05
 Reference value :  1.74514e-05
 Reference value :  2.07436e-05
 Reference value :  2.85436e-05
 Reference value :  2.87567e-05
 Reference value :  2.88083e-05
 Reference value :  3.16900e-05
 Reference value :  3.65518e-05
 Reference value :  3.91763e-05
 Reference value :  3.92181e-05
 Reference value :  3.92704e-05
 Reference value :  4.39526e-05
 Reference value :  5.52960e-05
 Reference value :  5.54941e-05
 Reference value :  5.59057e-05
 Reference value :  6.36252e-05
 Reference value :  2.25144e-04
 Reference value :  2.29564e-04
 Reference value :  2.81332e-04
 Reference value :  6.52218e-04
 Reference value :  6.60727e-04
 Reference value :  6.60902e-04
 Reference value :  6.60942e-04
 Reference value :  6.60947e-04
 Reference value :  6.60948e-04
 Reference value :  6.60949e-04
 Reference value :  6.61020e-04
 Reference value :  6.62393e-04
 Reference value :  6.66698e-04
 Reference value :  7.52385e-04
 Reference value :  7.75807e-04
 Reference value :  7.93174e-04
 Reference value :  7.95179e-04
 Reference value :  7.95245e-04
 Reference value :  7.95248e-04
 Reference value :  7.95255e-04
 Reference value :  7.95260e-04
 Reference value :  7.96152e-04
 Reference value :  8.02448e-04
 Reference value :  8.13149e-04
 Reference value :  3.27388e-03
 Reference value :  4.94824e-03
 Reference value :  8.54697e-03
 Reference value :  9.17197e-03
 Reference value :  9.17738e-03
 Reference value :  9.23852e-03
 Reference value :  9.27085e-03
 Reference value :  9.27250e-03
 Reference value :  9.27271e-03
 Reference value :  9.27280e-03
 Reference value :  9.27316e-03
 Reference value :  9.27427e-03
 Reference value :  9.27451e-03
 Reference value :  9.27457e-03
 Reference value :  9.27541e-03
 Reference value :  9.27573e-03
 Reference value :  9.27597e-03
 Reference value :  9.27689e-03
 Reference value :  9.27709e-03
 Reference value :  9.28023e-03
 Reference value :  9.29884e-03
 Reference value :  9.29990e-03
 Reference value :  9.29992e-03
 Reference value :  9.29993e-03
 Reference value :  9.29994e-03
 Reference value :  9.30001e-03
 Reference value :  9.30364e-03
 Reference value :  9.31405e-03
 Reference value :  9.31483e-03
 Reference value :  9.31497e-03
 Reference value :  9.31502e-03
 Reference value :  9.31600e-03
 Reference value :  9.31627e-03
 Reference value :  9.31633e-03
 Reference value :  9.31679e-03
 Reference value :  9.31749e-03
 Reference value :  9.31768e-03
 Reference value :  9.31862e-03
 Reference value :  9.31873e-03
 Reference value :  9.31957e-03
 Reference value :  9.32511e-03
 Reference value :  9.76008e-03
 Reference value :  9.87724e-03
 Reference value :  9.92641e-03
 Reference value :  1.00034e-02
 Reference value :  1.00072e-02
 Reference value :  1.00075e-02
 Reference value :  1.00076e-02
 Reference value :  1.00078e-02
 Reference value :  1.00085e-02
 Reference value :  1.00093e-02
 Reference value :  1.00094e-02
 Reference value :  1.00096e-02
 Reference value :  1.00105e-02
 Reference value :  1.00106e-02
 Reference value :  1.00116e-02
 Reference value :  1.00118e-02
 Reference value :  1.00125e-02
 Reference value :  1.00254e-02
 Reference value :  1.00348e-02
 Reference value :  1.00349e-02
 Reference value :  1.00349e-02
 Reference value :  1.00349e-02
 Reference value :  1.00350e-02
 Reference value :  1.00354e-02
 Reference value :  1.00481e-02
 Reference value :  1.00496e-02
 Reference value :  1.00498e-02
 Reference value :  1.00498e-02
 Reference value :  1.00501e-02
 Reference value :  1.00510e-02
 Reference value :  1.00512e-02
 Reference value :  1.00512e-02
 Reference value :  1.00523e-02
 Reference value :  1.00524e-02
 Reference value :  1.00534e-02
 Reference value :  1.00535e-02
 Reference value :  1.00543e-02
 Reference value :  1.00564e-02
 Reference value :  1.04384e-02
 Reference value :  2.32702e-02
 Reference value :  2.70202e-02
 Reference value :  3.27702e-02
 Reference value :  6.82702e-02
 Reference value :  7.85202e-02
 Reference value :  9.82702e-02
 Reference value :  9.95349e-02
 Reference value :  9.95955e-02
 Reference value :  9.96918e-02
 Reference value :  9.96986e-02
 Reference value :  9.96990e-02
 Reference value :  9.97006e-02
 Reference value :  9.97135e-02
 Reference value :  9.97142e-02
 Reference value :  9.97176e-02
 Reference value :  1.00489e-01
 Reference value :  1.18692e-01
 Reference value :  1.20442e-01
 Reference value :  1.38192e-01
 Reference value :  1.49942e-01
 Reference value :  1.91692e-01
 Reference value :  2.07442e-01
 Reference value :  2.11192e-01
 Reference value :  2.16942e-01
 Reference value :  2.34692e-01
 Reference value :  2.38442e-01
 Reference value :  2.40192e-01
 Reference value :  2.47942e-01
 Reference value :  2.51192e-01
 Reference value :  2.53442e-01
 Reference value :  2.57829e-01
 Reference value :  2.57839e-01
 Reference value :  2.57840e-01
 Reference value :  2.57845e-01
 Reference value :  2.57849e-01
 Reference value :  2.57853e-01
 Reference value :  2.57853e-01
 Reference value :  2.57859e-01
 Reference value :  2.58859e-01
 Reference value :  2.59617e-01
 Reference value :  2.64898e-01
 Reference value :  2.65047e-01
 Reference value :  2.65118e-01
 Reference value :  2.65138e-01
 Reference value :  2.65139e-01
 Reference value :  2.65139e-01
 Reference value :  2.65139e-01
 Reference value :  2.65140e-01
 Reference value :  2.65140e-01
 Reference value :  2.65141e-01
 Reference value :  2.65142e-01
 Reference value :  2.65142e-01
 Reference value :  2.65142e-01
 Reference value :  2.65143e-01
 Reference value :  2.65143e-01
 Reference value :  2.65147e-01
 Reference value :  2.65157e-01
 Reference value :  2.65158e-01
 Reference value :  2.65158e-01
 Reference value :  2.65158e-01
 Reference value :  2.65158e-01
 Reference value :  2.65159e-01
 Reference value :  2.65173e-01
 Reference value :  2.65175e-01
 Reference value :  2.65175e-01
 Reference value :  2.65175e-01
 Reference value :  2.65176e-01
 Reference value :  2.65177e-01
 Reference value :  2.65177e-01
 Reference value :  2.65177e-01
 Reference value :  2.65178e-01
 Reference value :  2.65178e-01
 Reference value :  2.65179e-01
 Reference value :  2.65179e-01
 Reference value :  2.65180e-01
 Reference value :  2.65181e-01
 Reference value :  2.65257e-01
 Reference value :  2.82204e-01
 Reference value :  2.83079e-01
 Reference value :  2.96829e-01
 Reference value :  3.04579e-01
 Reference value :  3.35250e-01
 Reference value :  3.35766e-01
 Reference value :  3.85734e-01
 Reference value :  4.19734e-01
 Reference value :  4.49734e-01
 Reference value :  4.97734e-01
 Reference value :  5.65734e-01
 Reference value :  6.29734e-01
 Reference value :  7.07734e-01
 Reference value :  7.87734e-01
 Reference value :  8.65734e-01
 Reference value :  9.55734e-01
 Reference value :  9.85984e-01
 Reference value :  9.87619e-01
 Reference value :  9.88819e-01
 Reference value :  9.88904e-01
 Reference value :  9.88925e-01
 Reference value :  9.88927e-01
 Reference value :  9.88929e-01
 Reference value :  9.88930e-01
 Reference value :  9.88940e-01
 Reference value :  9.88965e-01
 Reference value :  9.90589e-01
 Reference value :  9.99621e-01
 Reference value :  1.03187e+00
 Reference value :  1.07137e+00
 Reference value :  1.15937e+00
 Reference value :  1.23137e+00
 Reference value :  1.31737e+00
 Reference value :  1.40337e+00
 Reference value :  1.48737e+00
 Reference value :  1.56737e+00
 Reference value :  1.66137e+00
 Reference value :  1.75337e+00
 Reference value :  1.84737e+00
 Reference value :  1.94537e+00
 Reference value :  2.03937e+00
 Reference value :  2.13537e+00
 Reference value :  2.23137e+00
 Reference value :  2.32537e+00
 Reference value :  2.42137e+00
 Reference value :  2.51337e+00
 Reference value :  2.57740e+00
 Reference value :  2.57746e+00
 Reference value :  2.57756e+00
 Reference value :  2.57757e+00
 Reference value :  2.57758e+00
 Reference value :  2.57759e+00
 Reference value :  2.57759e+00
 Reference value :  2.57759e+00
 Reference value :  2.57759e+00
 Reference value :  2.57760e+00
 Reference value :  2.57760e+00
 Reference value :  2.58034e+00
 Reference value :  2.58425e+00
 Reference value :  2.58453e+00
 Reference value :  2.58459e+00
 Reference value :  2.58460e+00
 Reference value :  2.58464e+00
 Reference value :  2.58465e+00
 Reference value :  2.58466e+00
 Reference value :  2.58466e+00
 Reference value :  2.58466e+00
 Reference value :  2.58466e+00
 Reference value :  2.58466e+00
 Reference value :  2.58466e+00
 Reference value :  2.58466e+00
 Reference value :  2.58466e+00
 Reference value :  2.58466e+00
 Reference value :  2.58466e+00
 Reference value :  2.58466e+00
 Reference value :  2.58466e+00
 Reference value :  2.58467e+00
 Reference value :  2.58468e+00
 Reference value :  2.58468e+00
 Reference value :  2.58468e+00
 Reference value :  2.58468e+00
 Reference value :  2.58468e+00
 Reference value :  2.58468e+00
 Reference value :  2.58469e+00
 Reference value :  2.58469e+00
 Reference value :  2.58469e+00
 Reference value :  2.58469e+00
 Reference value :  2.58469e+00
 Reference value :  2.58469e+00
 Reference value :  2.58469e+00
 Reference value :  2.58469e+00
 Reference value :  2.58470e+00
 Reference value :  2.58470e+00
 Reference value :  2.58470e+00
 Reference value :  2.58470e+00
 Reference value :  2.58470e+00
 Reference value :  2.58471e+00
 Reference value :  2.61207e+00
 Reference value :  2.70207e+00
 Reference value :  2.79207e+00
 Reference value :  2.88607e+00
 Reference value :  2.97807e+00
 Reference value :  3.07007e+00
 Reference value :  3.16007e+00
 Reference value :  3.25207e+00
 Reference value :  3.33900e+00
 Reference value :  3.43100e+00
 Reference value :  3.52100e+00
 Reference value :  3.61300e+00
No. of Data Rows : 6856
trel1               =  2.58466e+00
trel1_last          =  2.58469e+00
vddrel1             =  2.58466e+00
rst1_at1v           =  1.19216e-09
rst1_at2v           =  6.78709e-10
trel2               =  2.65139e-01
trel2_last          =  2.65175e-01
vddrel2             =  2.65139e+00
rst2_at1v           =  1.65495e-09
rst2_at2v           =  8.21257e-10
trel3               =  9.27273e-03
trel3_last          =  9.31492e-03
vddrel3             =  3.30000e+00
rst3_at1v           =  5.21628e-06
rst3_at2v           =  1.58421e-06
trel4               =  1.00076e-02
trel4_last          =  1.00498e-02
vddrel4             =  3.30000e+00
rst4_at1v           =  5.34136e-05
rst4_at2v           =  1.58543e-05
vref_rel4           =  1.19322e+00
biasok_rel4         =  3.30003e+00
m_vddrel_1vs_v = 2.5846560000e+00
m_vddrel_10vs_v = 2.6513880000e+00
m_vddrel_100kvs_v = 3.3000000000e+00
m_vddrel_1mvs_v = 3.3000000000e+00
m_chatter_1vs_us = 3.6000000000e+01
m_chatter_10vs_us = 3.6600000000e+01
m_chatter_100kvs_us = 4.2190000000e+01
m_chatter_1mvs_us = 4.2180000000e+01
m_resetn_at_1v_1vs_mv = 1.1921580000e-06
m_resetn_at_2v_1vs_mv = 6.7870890000e-07
m_resetn_at_1v_10vs_mv = 1.6549490000e-06
m_resetn_at_2v_10vs_mv = 8.2125710000e-07
m_resetn_at_1v_100kvs_mv = 5.2162810000e-03
m_resetn_at_2v_100kvs_mv = 1.5842140000e-03
m_resetn_at_1v_1mvs_mv = 5.3413580000e-02
m_resetn_at_2v_1mvs_mv = 1.5854310000e-02
m_t_release_1vs_ms = 2.5846560000e+03
m_t_release_10vs_ms = 2.6513880000e+02
m_t_release_100kvs_ms = 9.2727320000e+00
m_t_release_1mvs_ms = 1.0007590000e+01
m_vref_at_rel_1mvs_v = 1.1932240000e+00
m_biasok_at_rel_1mvs_v = 3.3000330000e+00
Note: Simulation executed from .control section 

Warning: m=xx on .subckt line will override multiplier m hierarchy!

Note: Starting dynamic gmin stepping
Note: Dynamic gmin stepping completed
