
Note: Compatibility modes selected: hs a


Circuit: * por-ramp-rate @ ff_-40c_2.97v -- generated by sim/harness, do not edit

Doing analysis at TEMP = -40.000000 and TNOM = 27.000000

Using SPARSE 1.3 as Direct Linear Solver

Initial Transient Solution
--------------------------

Node                                   Voltage
----                                   -------
vddr1                                        0
ptatr1                             4.59228e-95
ctatr1                            -4.80233e-21
resetnr1                            1.8462e-19
xr1.xbias.na                                 0
xr1.xbias.pg                      6.08603e-181
xr1.xbias.nbtop                              0
xr1.vref                                     0
xr1.xbias.nbg                      1.27853e-20
xr1.xbias.xrt.11                             0
xr1.xbias.xrt.21                             0
xr1.xbias.nb                                 0
xr1.xbias.xr1.11                             0
xr1.xbias.xr1.21                             0
xr1.xbias.ec                                 0
xr1.xbias.xr2.11                             0
xr1.xbias.xr2.21                             0
xr1.xbias.er                                 0
xr1.xbias.pb                      -1.27853e-20
xr1.ibias                          1.20392e-37
xr1.xbias.nt                     -1.32202e-185
xr1.xbias.n1                      4.91182e-186
xr1.xbias.n2                      1.02598e-183
xr1.xbias.nz                      1.02598e-183
xr1.xbias.xrz.11                  1.02598e-183
xr1.xbias.xrz.21                  1.02598e-183
xr1.xbias.ks1                      7.65064e-21
xr1.xbias.ks2                     -7.65062e-21
xr1.xbias.ks3                      7.65063e-21
xr1.xbias.ks4                     -7.65064e-21
xr1.xbias.nkg                      3.82311e-21
xr1.xbias.nkm                      1.27862e-20
xr1.xbias.tok                     -1.25883e-40
xr1.xbias.noko                     8.52324e-21
xr1.xbias.nokl                     1.27837e-20
xr1.xbias.nokx                               0
xr1.bias_ok                       4.45816e-177
xr1.xtemp.nbg                     -1.20023e-37
xr1.xtemp.enb                     -2.7888e-153
xr1.xtemp.pb                       2.23758e-38
xr1.xtemp.pcas                   -2.06671e-152
xr1.xtemp.nt                      -3.89296e-28
xr1.xtemp.n1                      -1.02065e-27
xr1.xtemp.na                      -4.80233e-21
xr1.xtemp.n2                      -3.72255e-28
xr1.xtemp.nb                       5.26165e-88
xr1.xtemp.pg                       -1.2354e-28
xr1.xtemp.nz                      -3.72255e-28
xr1.xtemp.xrz.11                  -3.72255e-28
xr1.xtemp.xrz.21                  -3.72255e-28
xr1.xtemp.m1d                      6.70837e-21
xr1.xtemp.m2d                      3.04138e-87
xr1.xtemp.m3d                      7.54953e-89
xr1.xtemp.nd                      -2.13659e-45
xr1.xtemp.nr                       9.53893e-33
xr1.xtemp.nc                       5.26165e-88
xr1.xtemp.xr1.11                   5.26165e-88
xr1.xtemp.xr1.21                   5.26165e-88
xr1.xtemp.xr2f.11                  4.59194e-95
xr1.xtemp.xr2f.21                  6.70984e-96
xr1.xtemp.t5                       6.70639e-96
xr1.xtemp.xr2t5.11                 6.70294e-96
xr1.xtemp.xr2t5.21                 3.30726e-96
xr1.xtemp.t4                       3.30381e-96
xr1.xtemp.xr2t4.11                 3.30036e-96
xr1.xtemp.xr2t4.21                 1.60501e-96
xr1.xtemp.t3                       1.60156e-96
xr1.xtemp.xr2t3.11                 1.59811e-96
xr1.xtemp.xr2t3.21                 7.52888e-97
xr1.xtemp.t2                       7.49437e-97
xr1.xtemp.xr2t2.11                 7.45987e-97
xr1.xtemp.xr2t2.21                 3.25892e-97
xr1.xtemp.t1                       3.22442e-97
xr1.xtemp.xr2t1.11                 3.18991e-97
xr1.xtemp.xr2t1.21                 1.11605e-97
xr1.xtemp.t0                       1.08155e-97
xr1.xtemp.xr2t0.11                 1.04704e-97
xr1.xtemp.xr2t0.21                 3.45072e-99
xr1.xtemp.xriso.11                -4.80233e-21
xr1.xtemp.xriso.21                -4.80233e-21
xr1.xcmp.bias_okb                            0
xr1.xcmp.nbg                      -1.10845e-37
xr1.xcmp.sns                                 0
xr1.xcmp.xrtop.11                            0
xr1.xcmp.xrtop.21                            0
xr1.xcmp.snsb                                0
xr1.xcmp.xrbot.11                            0
xr1.xcmp.xrbot.21                            0
xr1.xcmp.xrhys.11                            0
xr1.xcmp.xrhys.21                            0
xr1.xcmp.n1                         1.6034e-77
xr1.xcmp.tn                       -5.87061e-75
xr1.xcmp.na                        4.60559e-75
xr1.xcmp.cmpo                      4.09309e-75
xr1.xcmp.vdda                     -6.55735e-77
xr1.por_raw                        1.57357e-79
xr1.xpor.pdn                        8.1442e-71
xr1.xpor.ndl                          7.15e-21
xr1.xpor.ndgp                     -6.34389e-52
xr1.xpor.ndg                       4.04076e-50
xr1.xpor.ndgn                     -3.91617e-50
xr1.xpor.pgdg                     -5.54332e-23
xr1.xpor.pgdgb                               0
xr1.xpor.nts                       5.39902e-63
xr1.xpor.tim                      -1.64872e-61
xr1.xpor.nd1                       8.97741e-92
xr1.xpor.trip                      1.26036e-66
xr1.xpor.rstb                      9.79458e-46
xr1.xpor.nnand                    -1.91373e-45
vddr2                                        0
ptatr2                           -1.91176e-229
ctatr2                           -6.13064e-153
resetnr2                            1.8462e-19
xr2.xbias.na                                 0
xr2.xbias.pg                      1.37623e-181
xr2.xbias.nbtop                              0
xr2.vref                                     0
xr2.xbias.nbg                      1.27853e-20
xr2.xbias.xrt.11                             0
xr2.xbias.xrt.21                             0
xr2.xbias.nb                                 0
xr2.xbias.xr1.11                             0
xr2.xbias.xr1.21                             0
xr2.xbias.ec                                 0
xr2.xbias.xr2.11                             0
xr2.xbias.xr2.21                             0
xr2.xbias.er                                 0
xr2.xbias.pb                      -1.27853e-20
xr2.ibias                        -7.46663e-113
xr2.xbias.nt                     -2.98913e-186
xr2.xbias.n1                      1.08975e-186
xr2.xbias.n2                      2.32005e-184
xr2.xbias.nz                      2.32005e-184
xr2.xbias.xrz.11                  2.32005e-184
xr2.xbias.xrz.21                  2.32005e-184
xr2.xbias.ks1                      7.65064e-21
xr2.xbias.ks2                     -7.65062e-21
xr2.xbias.ks3                      7.65063e-21
xr2.xbias.ks4                     -7.65064e-21
xr2.xbias.nkg                      3.82311e-21
xr2.xbias.nkm                      1.27862e-20
xr2.xbias.tok                      6.73971e-41
xr2.xbias.noko                    -8.52324e-21
xr2.xbias.nokl                     1.27837e-20
xr2.xbias.nokx                               0
xr2.bias_ok                       5.24642e-177
xr2.xtemp.nbg                    -3.95153e-115
xr2.xtemp.enb                                0
xr2.xtemp.pb                     -1.05713e-107
xr2.xtemp.pcas                    3.26556e-258
xr2.xtemp.nt                      -6.07792e-81
xr2.xtemp.n1                      -1.57293e-80
xr2.xtemp.na                     -6.13064e-153
xr2.xtemp.n2                      -6.27608e-81
xr2.xtemp.nb                      2.45343e-187
xr2.xtemp.pg                      -1.39039e-84
xr2.xtemp.nz                      -6.27608e-81
xr2.xtemp.xrz.11                  -6.27608e-81
xr2.xtemp.xrz.21                  -6.27608e-81
xr2.xtemp.m1d                    -4.45857e-154
xr2.xtemp.m2d                     1.41815e-186
xr2.xtemp.m3d                    -3.14285e-223
xr2.xtemp.nd                     -1.78854e-120
xr2.xtemp.nr                      1.15343e-128
xr2.xtemp.nc                      2.45343e-187
xr2.xtemp.xr1.11                  2.45343e-187
xr2.xtemp.xr1.21                  2.45343e-187
xr2.xtemp.xr2f.11                -1.91161e-229
xr2.xtemp.xr2f.21                -2.79329e-230
xr2.xtemp.t5                     -2.79185e-230
xr2.xtemp.xr2t5.11               -2.79042e-230
xr2.xtemp.xr2t5.21                -1.3768e-230
xr2.xtemp.t4                     -1.37537e-230
xr2.xtemp.xr2t4.11               -1.37393e-230
xr2.xtemp.xr2t4.21               -6.68163e-231
xr2.xtemp.t3                     -6.66726e-231
xr2.xtemp.xr2t3.11               -6.65289e-231
xr2.xtemp.xr2t3.21               -3.13426e-231
xr2.xtemp.t2                     -3.11989e-231
xr2.xtemp.xr2t2.11               -3.10553e-231
xr2.xtemp.xr2t2.21               -1.35668e-231
xr2.xtemp.t1                     -1.34232e-231
xr2.xtemp.xr2t1.11               -1.32795e-231
xr2.xtemp.xr2t1.21               -4.64611e-232
xr2.xtemp.t0                     -4.50246e-232
xr2.xtemp.xr2t0.11                -4.3588e-232
xr2.xtemp.xr2t0.21               -1.43653e-233
xr2.xtemp.xriso.11               -6.13064e-153
xr2.xtemp.xriso.21               -6.13064e-153
xr2.xcmp.bias_okb                            0
xr2.xcmp.nbg                      1.25069e-112
xr2.xcmp.sns                                 0
xr2.xcmp.xrtop.11                            0
xr2.xcmp.xrtop.21                            0
xr2.xcmp.snsb                                0
xr2.xcmp.xrbot.11                            0
xr2.xcmp.xrbot.21                            0
xr2.xcmp.xrhys.11                            0
xr2.xcmp.xrhys.21                            0
xr2.xcmp.n1                                  0
xr2.xcmp.tn                      -4.28966e-128
xr2.xcmp.na                       3.11329e-128
xr2.xcmp.cmpo                     2.70134e-128
xr2.xcmp.vdda                    -4.19156e-130
xr2.por_raw                      -4.22818e-155
xr2.xpor.pdn                      4.46514e-214
xr2.xpor.ndl                          7.15e-21
xr2.xpor.ndgp                    -8.41603e-138
xr2.xpor.ndg                      5.36039e-136
xr2.xpor.ndgn                    -5.19512e-136
xr2.xpor.pgdg                     -5.54332e-23
xr2.xpor.pgdgb                               0
xr2.xpor.nts                     -4.19321e-155
xr2.xpor.tim                      1.28049e-153
xr2.xpor.nd1                                 0
xr2.xpor.trip                    -9.16392e-165
xr2.xpor.rstb                     4.67143e-116
xr2.xpor.nnand                    -9.1266e-116
vddr3                                        0
ptatr3                            2.18437e-166
ctatr3                           -8.45429e-126
resetnr3                            1.8462e-19
xr3.xbias.na                                 0
xr3.xbias.pg                      6.61803e-181
xr3.xbias.nbtop                              0
xr3.vref                                     0
xr3.xbias.nbg                     -1.27853e-20
xr3.xbias.xrt.11                             0
xr3.xbias.xrt.21                             0
xr3.xbias.nb                                 0
xr3.xbias.xr1.11                             0
xr3.xbias.xr1.21                             0
xr3.xbias.ec                                 0
xr3.xbias.xr2.11                             0
xr3.xbias.xr2.21                             0
xr3.xbias.er                                 0
xr3.xbias.pb                      -1.27853e-20
xr3.ibias                          -6.3154e-96
xr3.xbias.nt                     -1.43697e-185
xr3.xbias.n1                       4.9722e-186
xr3.xbias.n2                      1.11567e-183
xr3.xbias.nz                      1.11567e-183
xr3.xbias.xrz.11                  1.11567e-183
xr3.xbias.xrz.21                  1.11567e-183
xr3.xbias.ks1                      7.65064e-21
xr3.xbias.ks2                     -7.65062e-21
xr3.xbias.ks3                      7.65063e-21
xr3.xbias.ks4                     -7.65064e-21
xr3.xbias.nkg                      3.82311e-21
xr3.xbias.nkm                      1.27862e-20
xr3.xbias.tok                      6.73971e-41
xr3.xbias.noko                    -8.52324e-21
xr3.xbias.nokl                     1.27837e-20
xr3.xbias.nokx                               0
xr3.bias_ok                      -8.82532e-177
xr3.xtemp.nbg                     -3.34228e-98
xr3.xtemp.enb                                0
xr3.xtemp.pb                      -7.38063e-98
xr3.xtemp.pcas                   -1.43124e-101
xr3.xtemp.nt                       5.45346e-80
xr3.xtemp.n1                       1.41126e-79
xr3.xtemp.na                     -8.45429e-126
xr3.xtemp.n2                       5.63187e-80
xr3.xtemp.nb                      1.44372e-155
xr3.xtemp.pg                       1.32175e-83
xr3.xtemp.nz                       5.63187e-80
xr3.xtemp.xrz.11                   5.63187e-80
xr3.xtemp.xrz.21                   5.63187e-80
xr3.xtemp.m1d                    -1.51815e-129
xr3.xtemp.m2d                     6.39088e-155
xr3.xtemp.m3d                     2.42489e-160
xr3.xtemp.nd                       2.06977e-90
xr3.xtemp.nr                     -2.91482e-104
xr3.xtemp.nc                      1.44372e-155
xr3.xtemp.xr1.11                  1.44372e-155
xr3.xtemp.xr1.21                  1.44372e-155
xr3.xtemp.xr2f.11                 2.18421e-166
xr3.xtemp.xr2f.21                 3.19157e-167
xr3.xtemp.t5                      3.18993e-167
xr3.xtemp.xr2t5.11                3.18829e-167
xr3.xtemp.xr2t5.21                1.57313e-167
xr3.xtemp.t4                      1.57149e-167
xr3.xtemp.xr2t4.11                1.56985e-167
xr3.xtemp.xr2t4.21                7.63441e-168
xr3.xtemp.t3                        7.618e-168
xr3.xtemp.xr2t3.11                7.60158e-168
xr3.xtemp.xr2t3.21                 3.5812e-168
xr3.xtemp.t2                      3.56479e-168
xr3.xtemp.xr2t2.11                3.54837e-168
xr3.xtemp.xr2t2.21                1.55015e-168
xr3.xtemp.t1                      1.53373e-168
xr3.xtemp.xr2t1.11                1.51732e-168
xr3.xtemp.xr2t1.21                5.30865e-169
xr3.xtemp.t0                      5.14451e-169
xr3.xtemp.xr2t0.11                4.98038e-169
xr3.xtemp.xr2t0.21                1.64138e-170
xr3.xtemp.xriso.11               -8.45429e-126
xr3.xtemp.xriso.21               -8.45429e-126
xr3.xcmp.bias_okb                            0
xr3.xcmp.nbg                       1.05786e-95
xr3.xcmp.sns                                 0
xr3.xcmp.xrtop.11                            0
xr3.xcmp.xrtop.21                            0
xr3.xcmp.snsb                                0
xr3.xcmp.xrbot.11                            0
xr3.xcmp.xrbot.21                            0
xr3.xcmp.xrhys.11                            0
xr3.xcmp.xrhys.21                            0
xr3.xcmp.n1                                  0
xr3.xcmp.tn                      -1.70407e-135
xr3.xcmp.na                       1.33693e-135
xr3.xcmp.cmpo                     1.18818e-135
xr3.xcmp.vdda                    -1.90356e-137
xr3.por_raw                       4.11902e-155
xr3.xpor.pdn                      -2.9407e-178
xr3.xpor.ndl                          7.15e-21
xr3.xpor.ndgp                     1.37287e-114
xr3.xpor.ndg                     -8.74415e-113
xr3.xpor.ndgn                     8.47455e-113
xr3.xpor.pgdg                     -5.54332e-23
xr3.xpor.pgdgb                               0
xr3.xpor.nts                     -1.15711e-123
xr3.xpor.tim                      3.53349e-122
xr3.xpor.nd1                                 0
xr3.xpor.trip                                0
xr3.xpor.rstb                      2.57187e-95
xr3.xpor.nnand                    -5.02467e-95
vddr4                                        0
ptatr4                           -1.18246e-183
ctatr4                            1.29265e-154
resetnr4                           -1.8462e-19
xr4.xbias.na                                 0
xr4.xbias.pg                      5.92778e-181
xr4.xbias.nbtop                              0
xr4.vref                                     0
xr4.xbias.nbg                     -1.27853e-20
xr4.xbias.xrt.11                             0
xr4.xbias.xrt.21                             0
xr4.xbias.nb                                 0
xr4.xbias.xr1.11                             0
xr4.xbias.xr1.21                             0
xr4.xbias.ec                                 0
xr4.xbias.xr2.11                             0
xr4.xbias.xr2.21                             0
xr4.xbias.er                                 0
xr4.xbias.pb                       1.27853e-20
xr4.ibias                          3.16759e-78
xr4.xbias.nt                      -1.2872e-185
xr4.xbias.n1                      4.50032e-186
xr4.xbias.n2                      9.99323e-184
xr4.xbias.nz                      9.99324e-184
xr4.xbias.xrz.11                  9.99324e-184
xr4.xbias.xrz.21                  9.99323e-184
xr4.xbias.ks1                      7.65064e-21
xr4.xbias.ks2                     -7.65062e-21
xr4.xbias.ks3                      7.65063e-21
xr4.xbias.ks4                     -7.65064e-21
xr4.xbias.nkg                      3.82311e-21
xr4.xbias.nkm                      1.27862e-20
xr4.xbias.tok                      6.73971e-41
xr4.xbias.noko                    -8.52324e-21
xr4.xbias.nokl                     1.27837e-20
xr4.xbias.nokx                               0
xr4.bias_ok                       -1.0493e-176
xr4.xtemp.nbg                      1.67638e-80
xr4.xtemp.enb                                0
xr4.xtemp.pb                       5.3954e-190
xr4.xtemp.pcas                   -1.79465e-272
xr4.xtemp.nt                       2.13014e-80
xr4.xtemp.n1                       5.49796e-80
xr4.xtemp.na                      1.29265e-154
xr4.xtemp.n2                       2.21484e-80
xr4.xtemp.nb                      2.43731e-213
xr4.xtemp.pg                       4.79408e-84
xr4.xtemp.nz                       2.21484e-80
xr4.xtemp.xrz.11                   2.21484e-80
xr4.xtemp.xrz.21                   2.21484e-80
xr4.xtemp.m1d                     9.40095e-156
xr4.xtemp.m2d                      1.4089e-212
xr4.xtemp.m3d                    -1.94391e-177
xr4.xtemp.nd                     -6.06891e-106
xr4.xtemp.nr                     -1.22536e-151
xr4.xtemp.nc                      2.43731e-213
xr4.xtemp.xr1.11                  2.43731e-213
xr4.xtemp.xr1.21                  2.43731e-213
xr4.xtemp.xr2f.11                -1.18237e-183
xr4.xtemp.xr2f.21                 -1.7277e-184
xr4.xtemp.t5                     -1.72681e-184
xr4.xtemp.xr2t5.11               -1.72592e-184
xr4.xtemp.xr2t5.21               -8.51579e-185
xr4.xtemp.t4                     -8.50691e-185
xr4.xtemp.xr2t4.11               -8.49802e-185
xr4.xtemp.xr2t4.21               -4.13271e-185
xr4.xtemp.t3                     -4.12382e-185
xr4.xtemp.xr2t3.11               -4.11494e-185
xr4.xtemp.xr2t3.21               -1.93859e-185
xr4.xtemp.t2                     -1.92971e-185
xr4.xtemp.xr2t2.11               -1.92082e-185
xr4.xtemp.xr2t2.21               -8.39133e-186
xr4.xtemp.t1                     -8.30248e-186
xr4.xtemp.xr2t1.11               -8.21362e-186
xr4.xtemp.xr2t1.21                -2.8737e-186
xr4.xtemp.t0                     -2.78485e-186
xr4.xtemp.xr2t0.11                 -2.696e-186
xr4.xtemp.xr2t0.21               -8.88517e-188
xr4.xtemp.xriso.11                1.29265e-154
xr4.xtemp.xriso.21                1.29265e-154
xr4.xcmp.bias_okb                            0
xr4.xcmp.nbg                      -5.30577e-78
xr4.xcmp.sns                                 0
xr4.xcmp.xrtop.11                            0
xr4.xcmp.xrtop.21                            0
xr4.xcmp.snsb                                0
xr4.xcmp.xrbot.11                            0
xr4.xcmp.xrbot.21                            0
xr4.xcmp.xrhys.11                            0
xr4.xcmp.xrhys.21                            0
xr4.xcmp.n1                                  0
xr4.xcmp.tn                       1.87401e-106
xr4.xcmp.na                      -1.47026e-106
xr4.xcmp.cmpo                    -1.30667e-106
xr4.xcmp.vdda                     2.09353e-108
xr4.por_raw                      -4.09419e-132
xr4.xpor.pdn                      1.47321e-261
xr4.xpor.ndl                          7.15e-21
xr4.xpor.ndgp                     2.92425e-110
xr4.xpor.ndg                     -1.86253e-108
xr4.xpor.ndgn                     1.80511e-108
xr4.xpor.pgdg                     -5.54332e-23
xr4.xpor.pgdgb                               0
xr4.xpor.nts                      3.07381e-104
xr4.xpor.tim                      -9.3866e-103
xr4.xpor.nd1                     -8.64712e-256
xr4.xpor.trip                    -8.35103e-102
xr4.xpor.rstb                      1.26874e-86
xr4.xpor.nnand                    -2.47874e-86
vr4#branch                        -1.68019e-31
vr3#branch                         1.75651e-31
vr2#branch                         2.01222e-31
vr1#branch                         2.18445e-31

 Reference value :  0.00000e+00
 Reference value :  6.89543e-07
 Reference value :  7.42067e-07
 Reference value :  8.22055e-07
 Reference value :  1.36742e-06
 Reference value :  1.94208e-06
 Reference value :  2.12100e-06
 Reference value :  2.15726e-06
 Reference value :  2.15961e-06
 Reference value :  2.22207e-06
 Reference value :  2.76880e-06
 Reference value :  3.62724e-06
 Reference value :  4.55578e-06
 Reference value :  4.56740e-06
 Reference value :  4.75637e-06
 Reference value :  6.16472e-06
 Reference value :  6.49942e-06
 Reference value :  6.69838e-06
 Reference value :  7.36186e-06
 Reference value :  9.86657e-06
 Reference value :  1.25951e-05
 Reference value :  1.26212e-05
 Reference value :  1.32304e-05
 Reference value :  1.55685e-05
 Reference value :  1.61968e-05
 Reference value :  1.62803e-05
 Reference value :  1.62925e-05
 Reference value :  1.66488e-05
 Reference value :  2.25903e-05
 Reference value :  2.77634e-05
 Reference value :  2.79066e-05
 Reference value :  2.79658e-05
 Reference value :  3.09952e-05
 Reference value :  3.55845e-05
 Reference value :  3.57850e-05
 Reference value :  3.57985e-05
 Reference value :  3.69024e-05
 Reference value :  4.86124e-05
 Reference value :  4.89248e-05
 Reference value :  4.89564e-05
 Reference value :  5.49310e-05
 Reference value :  1.82022e-04
 Reference value :  1.92654e-04
 Reference value :  1.92995e-04
 Reference value :  8.35846e-04
 Reference value :  2.57362e-03
 Reference value :  2.75259e-03
 Reference value :  3.02478e-03
 Reference value :  3.04302e-03
 Reference value :  3.04388e-03
 Reference value :  3.04405e-03
 Reference value :  3.04409e-03
 Reference value :  3.04412e-03
 Reference value :  3.04413e-03
 Reference value :  3.04414e-03
 Reference value :  3.04414e-03
 Reference value :  3.04414e-03
 Reference value :  3.04419e-03
 Reference value :  3.04454e-03
 Reference value :  3.23251e-03
 Reference value :  3.30371e-03
 Reference value :  3.31154e-03
 Reference value :  3.31158e-03
 Reference value :  3.31158e-03
 Reference value :  3.31158e-03
 Reference value :  3.31230e-03
 Reference value :  3.31875e-03
 Reference value :  3.32850e-03
 Reference value :  5.67108e-03
 Reference value :  6.86626e-03
 Reference value :  6.90300e-03
 Reference value :  6.90883e-03
 Reference value :  6.90913e-03
 Reference value :  6.90921e-03
 Reference value :  6.90924e-03
 Reference value :  6.90994e-03
 Reference value :  6.91075e-03
 Reference value :  6.91091e-03
 Reference value :  6.91096e-03
 Reference value :  6.91126e-03
 Reference value :  6.91202e-03
 Reference value :  6.91211e-03
 Reference value :  6.91294e-03
 Reference value :  6.91317e-03
 Reference value :  6.91323e-03
 Reference value :  6.91407e-03
 Reference value :  6.91432e-03
 Reference value :  6.91449e-03
 Reference value :  6.91690e-03
 Reference value :  6.93692e-03
 Reference value :  9.70317e-03
 Reference value :  9.76512e-03
 Reference value :  9.92001e-03
 Reference value :  1.00730e-02
 Reference value :  1.01490e-02
 Reference value :  1.01585e-02
 Reference value :  1.01593e-02
 Reference value :  1.01594e-02
 Reference value :  1.01595e-02
 Reference value :  1.01595e-02
 Reference value :  1.01601e-02
 Reference value :  1.01609e-02
 Reference value :  1.01612e-02
 Reference value :  1.01612e-02
 Reference value :  1.01614e-02
 Reference value :  1.01622e-02
 Reference value :  1.01623e-02
 Reference value :  1.01627e-02
 Reference value :  1.01634e-02
 Reference value :  1.01635e-02
 Reference value :  1.01640e-02
 Reference value :  1.01646e-02
 Reference value :  1.01646e-02
 Reference value :  1.01665e-02
 Reference value :  1.01764e-02
 Reference value :  2.01230e-02
 Reference value :  2.83730e-02
 Reference value :  4.78730e-02
 Reference value :  5.81230e-02
 Reference value :  8.12042e-02
 Reference value :  1.15759e-01
 Reference value :  1.16850e-01
 Reference value :  1.17047e-01
 Reference value :  1.17114e-01
 Reference value :  1.17117e-01
 Reference value :  1.17118e-01
 Reference value :  1.17118e-01
 Reference value :  1.17120e-01
 Reference value :  1.17134e-01
 Reference value :  1.17136e-01
 Reference value :  1.17136e-01
 Reference value :  1.17142e-01
 Reference value :  1.17678e-01
 Reference value :  1.72833e-01
 Reference value :  1.93083e-01
 Reference value :  1.96833e-01
 Reference value :  2.06583e-01
 Reference value :  2.24333e-01
 Reference value :  2.44083e-01
 Reference value :  2.53833e-01
 Reference value :  2.59115e-01
 Reference value :  2.59120e-01
 Reference value :  2.59124e-01
 Reference value :  2.59126e-01
 Reference value :  2.59127e-01
 Reference value :  2.59127e-01
 Reference value :  2.59130e-01
 Reference value :  2.59135e-01
 Reference value :  2.64091e-01
 Reference value :  2.64716e-01
 Reference value :  2.65028e-01
 Reference value :  2.65155e-01
 Reference value :  2.65200e-01
 Reference value :  2.65216e-01
 Reference value :  2.65217e-01
 Reference value :  2.65217e-01
 Reference value :  2.65217e-01
 Reference value :  2.65218e-01
 Reference value :  2.65218e-01
 Reference value :  2.65219e-01
 Reference value :  2.65219e-01
 Reference value :  2.65220e-01
 Reference value :  2.65220e-01
 Reference value :  2.65221e-01
 Reference value :  2.65221e-01
 Reference value :  2.65221e-01
 Reference value :  2.65222e-01
 Reference value :  2.65222e-01
 Reference value :  2.65231e-01
 Reference value :  2.68916e-01
 Reference value :  2.79338e-01
 Reference value :  2.83088e-01
 Reference value :  2.85338e-01
 Reference value :  2.89088e-01
 Reference value :  3.14250e-01
 Reference value :  3.15125e-01
 Reference value :  3.26875e-01
 Reference value :  3.27750e-01
 Reference value :  3.33500e-01
 Reference value :  3.37250e-01
 Reference value :  3.40781e-01
 Reference value :  3.44969e-01
 Reference value :  3.48719e-01
 Reference value :  3.56219e-01
 Reference value :  3.56969e-01
 Reference value :  3.58719e-01
 Reference value :  3.60469e-01
 Reference value :  3.81719e-01
 Reference value :  3.82344e-01
 Reference value :  3.84344e-01
 Reference value :  3.96094e-01
 Reference value :  4.01844e-01
 Reference value :  4.02281e-01
 Reference value :  4.02469e-01
 Reference value :  4.14469e-01
 Reference value :  4.22219e-01
 Reference value :  4.35969e-01
 Reference value :  4.51719e-01
 Reference value :  4.51797e-01
 Reference value :  4.75766e-01
 Reference value :  5.18016e-01
 Reference value :  5.23766e-01
 Reference value :  5.35516e-01
 Reference value :  5.37766e-01
 Reference value :  5.43016e-01
 Reference value :  5.74766e-01
 Reference value :  6.08266e-01
 Reference value :  6.16516e-01
 Reference value :  6.24266e-01
 Reference value :  6.30016e-01
 Reference value :  6.61766e-01
 Reference value :  7.01516e-01
 Reference value :  7.03266e-01
 Reference value :  7.74766e-01
 Reference value :  7.76516e-01
 Reference value :  8.56516e-01
 Reference value :  9.34516e-01
 Reference value :  1.01052e+00
 Reference value :  1.08652e+00
 Reference value :  1.12877e+00
 Reference value :  1.15852e+00
 Reference value :  1.15909e+00
 Reference value :  1.15970e+00
 Reference value :  1.15971e+00
 Reference value :  1.15972e+00
 Reference value :  1.15973e+00
 Reference value :  1.15973e+00
 Reference value :  1.15973e+00
 Reference value :  1.15974e+00
 Reference value :  1.16054e+00
 Reference value :  1.17187e+00
 Reference value :  1.24587e+00
 Reference value :  1.33587e+00
 Reference value :  1.42787e+00
 Reference value :  1.51787e+00
 Reference value :  1.60787e+00
 Reference value :  1.69987e+00
 Reference value :  1.78987e+00
 Reference value :  1.88187e+00
 Reference value :  1.97387e+00
 Reference value :  2.06187e+00
 Reference value :  2.15187e+00
 Reference value :  2.24187e+00
 Reference value :  2.33187e+00
 Reference value :  2.42387e+00
 Reference value :  2.51387e+00
 Reference value :  2.59046e+00
 Reference value :  2.59055e+00
 Reference value :  2.59065e+00
 Reference value :  2.59544e+00
 Reference value :  2.59632e+00
 Reference value :  2.59632e+00
 Reference value :  2.59638e+00
 Reference value :  2.59641e+00
 Reference value :  2.59641e+00
 Reference value :  2.59641e+00
 Reference value :  2.59641e+00
 Reference value :  2.59641e+00
 Reference value :  2.59641e+00
 Reference value :  2.59641e+00
 Reference value :  2.59641e+00
 Reference value :  2.59641e+00
 Reference value :  2.59641e+00
 Reference value :  2.59641e+00
 Reference value :  2.59641e+00
 Reference value :  2.59641e+00
 Reference value :  2.59641e+00
 Reference value :  2.59641e+00
 Reference value :  2.59645e+00
 Reference value :  2.63292e+00
 Reference value :  2.72292e+00
 Reference value :  2.81692e+00
 Reference value :  2.90892e+00
 Reference value :  2.99300e+00
 Reference value :  3.08300e+00
 Reference value :  3.17500e+00
 Reference value :  3.26500e+00
 Reference value :  3.35700e+00
 Reference value :  3.44900e+00
 Reference value :  3.53900e+00
 Reference value :  3.63100e+00
No. of Data Rows : 5119
trel1               =  2.59641e+00
trel1_last          =  2.59641e+00
vddrel1             =  2.59641e+00
rst1_at1v           =  6.72777e-10
rst1_at2v           =  4.61721e-10
trel2               =  2.65217e-01
trel2_last          =  2.65217e-01
vddrel2             =  2.65217e+00
rst2_at1v           =  9.50883e-10
rst2_at2v           =  5.61963e-10
trel3               =  6.90918e-03
trel3_last          =  6.90918e-03
vddrel3             =  2.97000e+00
rst3_at1v           =  3.10151e-06
rst3_at2v           =  1.11418e-06
trel4               =  1.01595e-02
trel4_last          =  1.01595e-02
vddrel4             =  2.97000e+00
rst4_at1v           =  3.12994e-05
rst4_at2v           =  1.11429e-05
vref_rel4           =  1.19908e+00
biasok_rel4         =  2.96995e+00
m_vddrel_1vs_v = 2.5964070000e+00
m_vddrel_10vs_v = 2.6521710000e+00
m_vddrel_100kvs_v = 2.9700000000e+00
m_vddrel_1mvs_v = 2.9700000000e+00
m_chatter_1vs_us = 0.0000000000e+00
m_chatter_10vs_us = 0.0000000000e+00
m_chatter_100kvs_us = 0.0000000000e+00
m_chatter_1mvs_us = 0.0000000000e+00
m_resetn_at_1v_1vs_mv = 6.7277740000e-07
m_resetn_at_2v_1vs_mv = 4.6172140000e-07
m_resetn_at_1v_10vs_mv = 9.5088350000e-07
m_resetn_at_2v_10vs_mv = 5.6196270000e-07
m_resetn_at_1v_100kvs_mv = 3.1015090000e-03
m_resetn_at_2v_100kvs_mv = 1.1141810000e-03
m_resetn_at_1v_1mvs_mv = 3.1299420000e-02
m_resetn_at_2v_1mvs_mv = 1.1142930000e-02
m_t_release_1vs_ms = 2.5964070000e+03
m_t_release_10vs_ms = 2.6521710000e+02
m_t_release_100kvs_ms = 6.9091780000e+00
m_t_release_1mvs_ms = 1.0159470000e+01
m_vref_at_rel_1mvs_v = 1.1990850000e+00
m_biasok_at_rel_1mvs_v = 2.9699540000e+00
Note: Simulation executed from .control section 

Warning: m=xx on .subckt line will override multiplier m hierarchy!

