
Note: Compatibility modes selected: hs a


Circuit: * por-ramp-rate @ ff_125c_3.63v -- generated by sim/harness, do not edit

Doing analysis at TEMP = 125.000000 and TNOM = 27.000000

Using SPARSE 1.3 as Direct Linear Solver

Initial Transient Solution
--------------------------

Node                                   Voltage
----                                   -------
vddr1                                        0
ptatr1                             1.15442e-23
ctatr1                             5.36453e-20
resetnr1                           3.85791e-18
xr1.xbias.na                       1.92827e-20
xr1.xbias.pg                      -2.26097e-19
xr1.xbias.nbtop                    1.65686e-18
xr1.vref                          -1.71663e-22
xr1.xbias.nbg                      2.94951e-19
xr1.xbias.xrt.11                   1.65686e-18
xr1.xbias.xrt.21                   1.65686e-18
xr1.xbias.nb                       1.65686e-18
xr1.xbias.xr1.11                   1.65686e-18
xr1.xbias.xr1.21                   1.65697e-18
xr1.xbias.ec                       1.65697e-18
xr1.xbias.xr2.11                  -1.71663e-22
xr1.xbias.xr2.21                  -1.71796e-22
xr1.xbias.er                      -1.71796e-22
xr1.xbias.pb                       9.37583e-19
xr1.ibias                          1.98092e-18
xr1.xbias.nt                      -8.94061e-19
xr1.xbias.n1                       5.01329e-19
xr1.xbias.n2                       -2.1624e-18
xr1.xbias.nz                       -2.1624e-18
xr1.xbias.xrz.11                   -2.1624e-18
xr1.xbias.xrz.21                   -2.1624e-18
xr1.xbias.ks1                     -3.96134e-20
xr1.xbias.ks2                      -7.9496e-20
xr1.xbias.ks3                     -1.19919e-19
xr1.xbias.ks4                     -1.61156e-19
xr1.xbias.nkg                     -2.03489e-19
xr1.xbias.nkm                     -3.57254e-19
xr1.xbias.tok                      7.62863e-19
xr1.xbias.noko                     7.13175e-20
xr1.xbias.nokl                     1.44311e-18
xr1.xbias.nokx                      2.5084e-18
xr1.bias_ok                         1.4175e-18
xr1.xtemp.nbg                     -2.87809e-18
xr1.xtemp.enb                       3.4092e-18
xr1.xtemp.pb                       1.90874e-18
xr1.xtemp.pcas                    -2.46563e-18
xr1.xtemp.nt                       1.49346e-18
xr1.xtemp.n1                       4.03575e-18
xr1.xtemp.na                       5.36462e-20
xr1.xtemp.n2                        1.9191e-18
xr1.xtemp.nb                       8.43399e-19
xr1.xtemp.pg                      -1.18255e-19
xr1.xtemp.nz                        1.9191e-18
xr1.xtemp.xrz.11                    1.9191e-18
xr1.xtemp.xrz.21                    1.9191e-18
xr1.xtemp.m1d                     -3.48882e-19
xr1.xtemp.m2d                      6.82562e-19
xr1.xtemp.m3d                      -1.5086e-19
xr1.xtemp.nd                      -1.88855e-18
xr1.xtemp.nr                       2.20589e-18
xr1.xtemp.nc                       8.43401e-19
xr1.xtemp.xr1.11                   8.43399e-19
xr1.xtemp.xr1.21                   8.43401e-19
xr1.xtemp.xr2f.11                  1.15435e-23
xr1.xtemp.xr2f.21                  1.68504e-24
xr1.xtemp.t5                       1.68436e-24
xr1.xtemp.xr2t5.11                 1.68367e-24
xr1.xtemp.xr2t5.21                 8.29645e-25
xr1.xtemp.t4                       8.28958e-25
xr1.xtemp.xr2t4.11                  8.2827e-25
xr1.xtemp.xr2t4.21                 4.01946e-25
xr1.xtemp.t3                       4.01259e-25
xr1.xtemp.xr2t3.11                 4.00572e-25
xr1.xtemp.xr2t3.21                 1.88042e-25
xr1.xtemp.t2                       1.87354e-25
xr1.xtemp.xr2t2.11                 1.86667e-25
xr1.xtemp.xr2t2.21                 8.10386e-26
xr1.xtemp.t1                       8.03514e-26
xr1.xtemp.xr2t1.11                 7.96641e-26
xr1.xtemp.xr2t1.21                 2.75201e-26
xr1.xtemp.t0                       2.68329e-26
xr1.xtemp.xr2t0.11                 2.61456e-26
xr1.xtemp.xr2t0.21                 6.87242e-28
xr1.xtemp.xriso.11                 5.36462e-20
xr1.xtemp.xriso.21                 5.36453e-20
xr1.xcmp.bias_okb                 -3.21709e-18
xr1.xcmp.nbg                       3.33897e-18
xr1.xcmp.sns                                 0
xr1.xcmp.xrtop.11                            0
xr1.xcmp.xrtop.21                            0
xr1.xcmp.snsb                                0
xr1.xcmp.xrbot.11                            0
xr1.xcmp.xrbot.21                            0
xr1.xcmp.xrhys.11                            0
xr1.xcmp.xrhys.21                            0
xr1.xcmp.n1                       -1.32906e-18
xr1.xcmp.tn                        5.31775e-22
xr1.xcmp.na                        8.42885e-22
xr1.xcmp.cmpo                      2.56059e-22
xr1.xcmp.vdda                      7.00469e-20
xr1.por_raw                        1.73614e-18
xr1.xpor.pdn                       9.26859e-20
xr1.xpor.ndl                      -1.10998e-18
xr1.xpor.ndgp                     -1.68672e-18
xr1.xpor.ndg                      -1.54687e-18
xr1.xpor.ndgn                      2.47304e-21
xr1.xpor.pgdg                     -3.41899e-18
xr1.xpor.pgdgb                     -1.8569e-18
xr1.xpor.nts                       2.45468e-18
xr1.xpor.tim                      -3.98889e-21
xr1.xpor.nd1                        4.7162e-20
xr1.xpor.trip                      4.25624e-28
xr1.xpor.rstb                       3.0228e-18
xr1.xpor.nnand                     4.37844e-18
vddr2                                        0
ptatr2                              -1.708e-23
ctatr2                            -6.77954e-20
resetnr2                          -1.00971e-18
xr2.xbias.na                       1.82855e-20
xr2.xbias.pg                       2.00472e-19
xr2.xbias.nbtop                    4.69214e-19
xr2.vref                           2.97787e-20
xr2.xbias.nbg                      4.19808e-19
xr2.xbias.xrt.11                   4.69214e-19
xr2.xbias.xrt.21                   4.69215e-19
xr2.xbias.nb                       4.69215e-19
xr2.xbias.xr1.11                   4.69215e-19
xr2.xbias.xr1.21                   4.69244e-19
xr2.xbias.ec                       4.69244e-19
xr2.xbias.xr2.11                   2.97787e-20
xr2.xbias.xr2.21                   2.98018e-20
xr2.xbias.er                       2.98018e-20
xr2.xbias.pb                       1.20083e-18
xr2.ibias                         -2.47139e-19
xr2.xbias.nt                       8.06028e-20
xr2.xbias.n1                       1.73794e-20
xr2.xbias.n2                      -1.05282e-18
xr2.xbias.nz                      -1.05282e-18
xr2.xbias.xrz.11                  -1.05282e-18
xr2.xbias.xrz.21                  -1.05282e-18
xr2.xbias.ks1                      3.03069e-19
xr2.xbias.ks2                      6.08198e-19
xr2.xbias.ks3                      9.17459e-19
xr2.xbias.ks4                      1.23295e-18
xr2.xbias.nkg                      1.55683e-18
xr2.xbias.nkm                      2.66464e-18
xr2.xbias.tok                      8.83805e-19
xr2.xbias.noko                     8.29278e-20
xr2.xbias.nokl                     1.67153e-18
xr2.xbias.nokx                     3.10366e-18
xr2.bias_ok                        3.86353e-19
xr2.xtemp.nbg                      6.35553e-18
xr2.xtemp.enb                       1.5708e-18
xr2.xtemp.pb                      -2.03465e-19
xr2.xtemp.pcas                    -2.88114e-18
xr2.xtemp.nt                       4.25986e-18
xr2.xtemp.n1                      -2.88508e-19
xr2.xtemp.na                      -6.77966e-20
xr2.xtemp.n2                       4.32381e-18
xr2.xtemp.nb                      -6.15839e-19
xr2.xtemp.pg                      -4.16764e-19
xr2.xtemp.nz                       4.32381e-18
xr2.xtemp.xrz.11                   4.32381e-18
xr2.xtemp.xrz.21                   4.32381e-18
xr2.xtemp.m1d                       3.9069e-19
xr2.xtemp.m2d                     -5.53212e-19
xr2.xtemp.m3d                      2.23202e-19
xr2.xtemp.nd                       8.08649e-19
xr2.xtemp.nr                       2.65589e-18
xr2.xtemp.nc                      -6.15841e-19
xr2.xtemp.xr1.11                  -6.15839e-19
xr2.xtemp.xr1.21                  -6.15841e-19
xr2.xtemp.xr2f.11                  -1.7079e-23
xr2.xtemp.xr2f.21                 -2.49308e-24
xr2.xtemp.t5                      -2.49206e-24
xr2.xtemp.xr2t5.11                -2.49105e-24
xr2.xtemp.xr2t5.21                -1.22749e-24
xr2.xtemp.t4                      -1.22647e-24
xr2.xtemp.xr2t4.11                -1.22545e-24
xr2.xtemp.xr2t4.21                -5.94693e-25
xr2.xtemp.t3                      -5.93676e-25
xr2.xtemp.xr2t3.11                -5.92659e-25
xr2.xtemp.xr2t3.21                -2.78214e-25
xr2.xtemp.t2                      -2.77197e-25
xr2.xtemp.xr2t2.11                 -2.7618e-25
xr2.xtemp.xr2t2.21                -1.19899e-25
xr2.xtemp.t1                      -1.18883e-25
xr2.xtemp.xr2t1.11                -1.17866e-25
xr2.xtemp.xr2t1.21                 -4.0717e-26
xr2.xtemp.t0                      -3.97002e-26
xr2.xtemp.xr2t0.11                -3.86834e-26
xr2.xtemp.xr2t0.21                 -1.0168e-27
xr2.xtemp.xriso.11                -6.77966e-20
xr2.xtemp.xriso.21                -6.77954e-20
xr2.xcmp.bias_okb                 -3.08106e-18
xr2.xcmp.nbg                      -7.98314e-19
xr2.xcmp.sns                                 0
xr2.xcmp.xrtop.11                            0
xr2.xcmp.xrtop.21                            0
xr2.xcmp.snsb                                0
xr2.xcmp.xrbot.11                            0
xr2.xcmp.xrbot.21                            0
xr2.xcmp.xrhys.11                -5.92879e-323
xr2.xcmp.xrhys.21                 5.92879e-323
xr2.xcmp.n1                        2.36003e-18
xr2.xcmp.tn                        2.72748e-22
xr2.xcmp.na                        3.34077e-22
xr2.xcmp.cmpo                      2.40392e-22
xr2.xcmp.vdda                     -5.49183e-19
xr2.por_raw                        2.30079e-18
xr2.xpor.pdn                       5.36166e-19
xr2.xpor.ndl                      -1.15225e-18
xr2.xpor.ndgp                      2.50764e-18
xr2.xpor.ndg                         3.868e-18
xr2.xpor.ndgn                     -1.99513e-20
xr2.xpor.pgdg                      8.93721e-19
xr2.xpor.pgdgb                    -5.18997e-19
xr2.xpor.nts                       2.45823e-18
xr2.xpor.tim                      -4.43576e-21
xr2.xpor.nd1                       6.10867e-20
xr2.xpor.trip                     -4.06178e-27
xr2.xpor.rstb                      1.86561e-18
xr2.xpor.nnand                    -2.14454e-18
vddr3                                        0
ptatr3                            -4.96044e-23
ctatr3                            -9.06785e-20
resetnr3                          -8.04323e-19
xr3.xbias.na                       4.39173e-21
xr3.xbias.pg                       3.14999e-19
xr3.xbias.nbtop                   -4.39881e-19
xr3.vref                           7.52463e-21
xr3.xbias.nbg                      -5.9321e-19
xr3.xbias.xrt.11                  -4.39881e-19
xr3.xbias.xrt.21                  -4.39882e-19
xr3.xbias.nb                      -4.39882e-19
xr3.xbias.xr1.11                  -4.39882e-19
xr3.xbias.xr1.21                  -4.39909e-19
xr3.xbias.ec                      -4.39909e-19
xr3.xbias.xr2.11                   7.52463e-21
xr3.xbias.xr2.21                   7.53047e-21
xr3.xbias.er                       7.53047e-21
xr3.xbias.pb                      -4.87527e-19
xr3.ibias                          5.51034e-20
xr3.xbias.nt                      -1.58168e-18
xr3.xbias.n1                      -8.31899e-19
xr3.xbias.n2                      -1.50144e-18
xr3.xbias.nz                      -1.50144e-18
xr3.xbias.xrz.11                  -1.50144e-18
xr3.xbias.xrz.21                  -1.50144e-18
xr3.xbias.ks1                      4.07833e-20
xr3.xbias.ks2                      8.18437e-20
xr3.xbias.ks3                       1.2346e-19
xr3.xbias.ks4                      1.65916e-19
xr3.xbias.nkg                      2.09499e-19
xr3.xbias.nkm                      1.09201e-18
xr3.xbias.tok                     -5.22597e-19
xr3.xbias.noko                    -5.03183e-20
xr3.xbias.nokl                    -9.86569e-19
xr3.xbias.nokx                    -8.04109e-19
xr3.bias_ok                        4.58591e-18
xr3.xtemp.nbg                      4.01451e-18
xr3.xtemp.enb                     -3.29034e-18
xr3.xtemp.pb                      -2.49059e-18
xr3.xtemp.pcas                    -1.66532e-18
xr3.xtemp.nt                         4.536e-18
xr3.xtemp.n1                       5.64793e-20
xr3.xtemp.na                      -9.06801e-20
xr3.xtemp.n2                       6.89074e-18
xr3.xtemp.nb                      -1.47369e-19
xr3.xtemp.pg                       -6.0412e-19
xr3.xtemp.nz                       6.89074e-18
xr3.xtemp.xrz.11                   6.89074e-18
xr3.xtemp.xrz.21                   6.89074e-18
xr3.xtemp.m1d                      5.38269e-19
xr3.xtemp.m2d                      7.36509e-19
xr3.xtemp.m3d                      6.48232e-19
xr3.xtemp.nd                      -1.56977e-18
xr3.xtemp.nr                      -4.60365e-19
xr3.xtemp.nc                      -1.47367e-19
xr3.xtemp.xr1.11                  -1.47369e-19
xr3.xtemp.xr1.21                  -1.47367e-19
xr3.xtemp.xr2f.11                 -4.96015e-23
xr3.xtemp.xr2f.21                 -7.24051e-24
xr3.xtemp.t5                      -7.23755e-24
xr3.xtemp.xr2t5.11                 -7.2346e-24
xr3.xtemp.xr2t5.21                -3.56492e-24
xr3.xtemp.t4                      -3.56197e-24
xr3.xtemp.xr2t4.11                -3.55901e-24
xr3.xtemp.xr2t4.21                -1.72713e-24
xr3.xtemp.t3                      -1.72418e-24
xr3.xtemp.xr2t3.11                -1.72123e-24
xr3.xtemp.xr2t3.21                   -8.08e-25
xr3.xtemp.t2                      -8.05047e-25
xr3.xtemp.xr2t2.11                -8.02094e-25
xr3.xtemp.xr2t2.21                -3.48217e-25
xr3.xtemp.t1                      -3.45264e-25
xr3.xtemp.xr2t1.11                 -3.4231e-25
xr3.xtemp.xr2t1.21                -1.18252e-25
xr3.xtemp.t0                      -1.15299e-25
xr3.xtemp.xr2t0.11                -1.12346e-25
xr3.xtemp.xr2t0.21                -2.95303e-27
xr3.xtemp.xriso.11                -9.06801e-20
xr3.xtemp.xriso.21                -9.06785e-20
xr3.xcmp.bias_okb                 -1.60145e-18
xr3.xcmp.nbg                      -1.51907e-18
xr3.xcmp.sns                                 0
xr3.xcmp.xrtop.11                            0
xr3.xcmp.xrtop.21                            0
xr3.xcmp.snsb                                0
xr3.xcmp.xrbot.11                            0
xr3.xcmp.xrbot.21                            0
xr3.xcmp.xrhys.11                            0
xr3.xcmp.xrhys.21                            0
xr3.xcmp.n1                          2.981e-18
xr3.xcmp.tn                        3.11488e-22
xr3.xcmp.na                        4.49104e-22
xr3.xcmp.cmpo                      1.73766e-22
xr3.xcmp.vdda                     -1.19607e-19
xr3.por_raw                        1.70833e-19
xr3.xpor.pdn                      -5.17594e-19
xr3.xpor.ndl                      -1.36987e-18
xr3.xpor.ndgp                     -1.64791e-18
xr3.xpor.ndg                      -2.42359e-18
xr3.xpor.ndgn                      8.35274e-21
xr3.xpor.pgdg                      1.28341e-18
xr3.xpor.pgdgb                     5.22458e-19
xr3.xpor.nts                       7.57872e-21
xr3.xpor.tim                       -2.1303e-22
xr3.xpor.nd1                      -7.68428e-20
xr3.xpor.trip                      2.00149e-27
xr3.xpor.rstb                     -2.82283e-18
xr3.xpor.nnand                    -2.31492e-18
vddr4                                        0
ptatr4                             5.57302e-23
ctatr4                            -1.20472e-19
resetnr4                          -3.55887e-18
xr4.xbias.na                      -4.48451e-22
xr4.xbias.pg                      -2.21718e-19
xr4.xbias.nbtop                    1.62046e-18
xr4.vref                           1.19142e-20
xr4.xbias.nbg                     -3.51523e-19
xr4.xbias.xrt.11                   1.62046e-18
xr4.xbias.xrt.21                   1.62047e-18
xr4.xbias.nb                       1.62047e-18
xr4.xbias.xr1.11                   1.62047e-18
xr4.xbias.xr1.21                   1.62057e-18
xr4.xbias.ec                       1.62057e-18
xr4.xbias.xr2.11                   1.19142e-20
xr4.xbias.xr2.21                   1.19234e-20
xr4.xbias.er                       1.19234e-20
xr4.xbias.pb                       2.36639e-18
xr4.ibias                         -2.00224e-19
xr4.xbias.nt                        8.4884e-19
xr4.xbias.n1                      -3.58517e-19
xr4.xbias.n2                      -7.10146e-19
xr4.xbias.nz                      -7.10146e-19
xr4.xbias.xrz.11                  -7.10146e-19
xr4.xbias.xrz.21                  -7.10146e-19
xr4.xbias.ks1                     -2.23066e-19
xr4.xbias.ks2                     -4.47647e-19
xr4.xbias.ks3                     -6.75271e-19
xr4.xbias.ks4                     -9.07483e-19
xr4.xbias.nkg                     -1.14586e-18
xr4.xbias.nkm                      1.13513e-18
xr4.xbias.tok                     -2.41316e-19
xr4.xbias.noko                    -2.24476e-20
xr4.xbias.nokl                    -4.56653e-19
xr4.xbias.nokx                    -3.51209e-19
xr4.bias_ok                        5.12993e-18
xr4.xtemp.nbg                     -3.15309e-18
xr4.xtemp.enb                       3.0076e-18
xr4.xtemp.pb                       9.25262e-19
xr4.xtemp.pcas                    -1.66532e-18
xr4.xtemp.nt                       3.10326e-18
xr4.xtemp.n1                       3.77263e-18
xr4.xtemp.na                      -1.20474e-19
xr4.xtemp.n2                       2.77077e-18
xr4.xtemp.nb                        9.6787e-19
xr4.xtemp.pg                      -5.15142e-19
xr4.xtemp.nz                       2.77077e-18
xr4.xtemp.xrz.11                   2.77077e-18
xr4.xtemp.xrz.21                   2.77077e-18
xr4.xtemp.m1d                      7.25955e-19
xr4.xtemp.m2d                      1.55324e-19
xr4.xtemp.m3d                     -7.28285e-19
xr4.xtemp.nd                      -2.44105e-18
xr4.xtemp.nr                       4.66625e-19
xr4.xtemp.nc                        9.6787e-19
xr4.xtemp.xr1.11                    9.6787e-19
xr4.xtemp.xr1.21                    9.6787e-19
xr4.xtemp.xr2f.11                  5.57269e-23
xr4.xtemp.xr2f.21                  8.13466e-24
xr4.xtemp.t5                       8.13134e-24
xr4.xtemp.xr2t5.11                 8.12802e-24
xr4.xtemp.xr2t5.21                 4.00516e-24
xr4.xtemp.t4                       4.00185e-24
xr4.xtemp.xr2t4.11                 3.99853e-24
xr4.xtemp.xr2t4.21                 1.94042e-24
xr4.xtemp.t3                        1.9371e-24
xr4.xtemp.xr2t3.11                 1.93378e-24
xr4.xtemp.xr2t3.21                 9.07783e-25
xr4.xtemp.t2                       9.04465e-25
xr4.xtemp.xr2t2.11                 9.01147e-25
xr4.xtemp.xr2t2.21                 3.91219e-25
xr4.xtemp.t1                       3.87901e-25
xr4.xtemp.xr2t1.11                 3.84584e-25
xr4.xtemp.xr2t1.21                 1.32855e-25
xr4.xtemp.t0                       1.29537e-25
xr4.xtemp.xr2t0.11                  1.2622e-25
xr4.xtemp.xr2t0.21                  3.3177e-27
xr4.xtemp.xriso.11                -1.20474e-19
xr4.xtemp.xriso.21                -1.20472e-19
xr4.xcmp.bias_okb                  1.31691e-18
xr4.xcmp.nbg                      -2.30523e-18
xr4.xcmp.sns                                 0
xr4.xcmp.xrtop.11                            0
xr4.xcmp.xrtop.21                            0
xr4.xcmp.snsb                                0
xr4.xcmp.xrbot.11                            0
xr4.xcmp.xrbot.21                            0
xr4.xcmp.xrhys.11                            0
xr4.xcmp.xrhys.21                            0
xr4.xcmp.n1                        4.57515e-19
xr4.xcmp.tn                       -3.43787e-22
xr4.xcmp.na                       -4.26911e-22
xr4.xcmp.cmpo                     -3.11679e-22
xr4.xcmp.vdda                      7.19259e-19
xr4.por_raw                       -3.20592e-18
xr4.xpor.pdn                      -2.85877e-19
xr4.xpor.ndl                      -1.75285e-18
xr4.xpor.ndgp                     -1.47076e-18
xr4.xpor.ndg                      -3.70451e-18
xr4.xpor.ndgn                      9.45439e-21
xr4.xpor.pgdg                     -5.85437e-18
xr4.xpor.pgdgb                    -1.90237e-18
xr4.xpor.nts                       2.08404e-18
xr4.xpor.tim                      -3.62523e-21
xr4.xpor.nd1                      -6.40943e-20
xr4.xpor.trip                     -7.18692e-27
xr4.xpor.rstb                      1.63232e-18
xr4.xpor.nnand                     1.98091e-18
vr4#branch                         2.37891e-27
vr3#branch                        -1.36855e-27
vr2#branch                         1.79462e-27
vr1#branch                        -7.23609e-28

 Reference value :  0.00000e+00
 Reference value :  4.46415e-07
 Reference value :  6.13158e-07
 Reference value :  1.06921e-06
 Reference value :  1.68258e-06
 Reference value :  1.84414e-06
 Reference value :  1.85952e-06
 Reference value :  1.86427e-06
 Reference value :  2.00884e-06
 Reference value :  2.36527e-06
 Reference value :  3.35939e-06
 Reference value :  3.41630e-06
 Reference value :  3.44363e-06
 Reference value :  3.69392e-06
 Reference value :  4.94489e-06
 Reference value :  8.50982e-06
 Reference value :  8.66932e-06
 Reference value :  8.67921e-06
 Reference value :  8.81373e-06
 Reference value :  1.07475e-05
 Reference value :  1.17000e-05
 Reference value :  1.19053e-05
 Reference value :  1.19175e-05
 Reference value :  1.19573e-05
 Reference value :  1.27326e-05
 Reference value :  1.80431e-05
 Reference value :  1.88093e-05
 Reference value :  1.88398e-05
 Reference value :  1.91375e-05
 Reference value :  1.97507e-05
 Reference value :  1.97816e-05
 Reference value :  1.97840e-05
 Reference value :  1.97845e-05
 Reference value :  1.97968e-05
 Reference value :  1.98082e-05
 Reference value :  2.02568e-05
 Reference value :  2.32257e-05
 Reference value :  3.21243e-05
 Reference value :  3.72377e-05
 Reference value :  3.82084e-05
 Reference value :  3.83039e-05
 Reference value :  3.83086e-05
 Reference value :  3.83134e-05
 Reference value :  3.83148e-05
 Reference value :  3.83665e-05
 Reference value :  3.91193e-05
 Reference value :  3.91935e-05
 Reference value :  3.91984e-05
 Reference value :  3.93012e-05
 Reference value :  4.00970e-05
 Reference value :  4.68511e-05
 Reference value :  4.71228e-05
 Reference value :  4.71735e-05
 Reference value :  4.94017e-05
 Reference value :  4.99226e-05
 Reference value :  4.99767e-05
 Reference value :  5.23028e-05
 Reference value :  6.73176e-05
 Reference value :  3.88719e-03
 Reference value :  5.48104e-03
 Reference value :  5.50451e-03
 Reference value :  5.66762e-03
 Reference value :  5.67653e-03
 Reference value :  5.67760e-03
 Reference value :  5.67839e-03
 Reference value :  5.67858e-03
 Reference value :  5.67860e-03
 Reference value :  5.67886e-03
 Reference value :  5.67923e-03
 Reference value :  5.67931e-03
 Reference value :  5.67936e-03
 Reference value :  5.67977e-03
 Reference value :  5.67995e-03
 Reference value :  5.68031e-03
 Reference value :  5.68122e-03
 Reference value :  5.68138e-03
 Reference value :  5.68144e-03
 Reference value :  5.68159e-03
 Reference value :  5.68199e-03
 Reference value :  5.68214e-03
 Reference value :  5.68218e-03
 Reference value :  5.68242e-03
 Reference value :  5.68278e-03
 Reference value :  5.68289e-03
 Reference value :  5.68440e-03
 Reference value :  5.68818e-03
 Reference value :  5.68831e-03
 Reference value :  5.68835e-03
 Reference value :  5.68835e-03
 Reference value :  5.68836e-03
 Reference value :  5.68839e-03
 Reference value :  5.68866e-03
 Reference value :  5.69088e-03
 Reference value :  5.69113e-03
 Reference value :  5.69118e-03
 Reference value :  5.69119e-03
 Reference value :  5.69119e-03
 Reference value :  5.69122e-03
 Reference value :  5.69140e-03
 Reference value :  5.69402e-03
 Reference value :  5.70037e-03
 Reference value :  5.70149e-03
 Reference value :  5.70171e-03
 Reference value :  5.70187e-03
 Reference value :  5.70191e-03
 Reference value :  5.70229e-03
 Reference value :  5.70251e-03
 Reference value :  5.70255e-03
 Reference value :  5.70268e-03
 Reference value :  5.70313e-03
 Reference value :  5.70322e-03
 Reference value :  5.70429e-03
 Reference value :  5.70463e-03
 Reference value :  5.70480e-03
 Reference value :  5.70485e-03
 Reference value :  5.70528e-03
 Reference value :  5.70544e-03
 Reference value :  5.70549e-03
 Reference value :  5.70583e-03
 Reference value :  5.70609e-03
 Reference value :  5.70623e-03
 Reference value :  5.70797e-03
 Reference value :  5.71866e-03
 Reference value :  2.23760e-02
 Reference value :  5.83760e-02
 Reference value :  5.99100e-02
 Reference value :  5.99450e-02
 Reference value :  6.00328e-02
 Reference value :  6.00672e-02
 Reference value :  6.00735e-02
 Reference value :  6.00742e-02
 Reference value :  6.00744e-02
 Reference value :  6.00755e-02
 Reference value :  6.00797e-02
 Reference value :  6.00827e-02
 Reference value :  6.00837e-02
 Reference value :  6.01017e-02
 Reference value :  6.11057e-02
 Reference value :  6.12554e-02
 Reference value :  6.12778e-02
 Reference value :  6.12908e-02
 Reference value :  6.12923e-02
 Reference value :  6.12924e-02
 Reference value :  6.13046e-02
 Reference value :  6.21176e-02
 Reference value :  6.46147e-02
 Reference value :  6.46852e-02
 Reference value :  6.47148e-02
 Reference value :  6.47161e-02
 Reference value :  6.47165e-02
 Reference value :  6.47167e-02
 Reference value :  6.47173e-02
 Reference value :  6.47178e-02
 Reference value :  6.47179e-02
 Reference value :  6.47230e-02
 Reference value :  6.47279e-02
 Reference value :  6.94602e-02
 Reference value :  1.41460e-01
 Reference value :  2.07460e-01
 Reference value :  2.57966e-01
 Reference value :  2.58204e-01
 Reference value :  2.58696e-01
 Reference value :  2.58776e-01
 Reference value :  2.58782e-01
 Reference value :  2.58786e-01
 Reference value :  2.58790e-01
 Reference value :  2.58790e-01
 Reference value :  2.58792e-01
 Reference value :  2.58796e-01
 Reference value :  2.58799e-01
 Reference value :  2.58828e-01
 Reference value :  2.60135e-01
 Reference value :  2.62360e-01
 Reference value :  2.62853e-01
 Reference value :  2.62877e-01
 Reference value :  2.62884e-01
 Reference value :  2.62933e-01
 Reference value :  2.62939e-01
 Reference value :  2.62939e-01
 Reference value :  2.62939e-01
 Reference value :  2.62939e-01
 Reference value :  2.62940e-01
 Reference value :  2.62940e-01
 Reference value :  2.62940e-01
 Reference value :  2.62940e-01
 Reference value :  2.62941e-01
 Reference value :  2.62941e-01
 Reference value :  2.62942e-01
 Reference value :  2.62946e-01
 Reference value :  2.62947e-01
 Reference value :  2.62947e-01
 Reference value :  2.62947e-01
 Reference value :  2.62947e-01
 Reference value :  2.62947e-01
 Reference value :  2.62948e-01
 Reference value :  2.62952e-01
 Reference value :  2.62958e-01
 Reference value :  2.62959e-01
 Reference value :  2.62959e-01
 Reference value :  2.62959e-01
 Reference value :  2.62960e-01
 Reference value :  2.62960e-01
 Reference value :  2.62960e-01
 Reference value :  2.62960e-01
 Reference value :  2.62961e-01
 Reference value :  2.62961e-01
 Reference value :  2.62961e-01
 Reference value :  2.62966e-01
 Reference value :  2.62989e-01
 Reference value :  2.75150e-01
 Reference value :  3.29150e-01
 Reference value :  3.98000e-01
 Reference value :  4.74000e-01
 Reference value :  5.50000e-01
 Reference value :  6.18000e-01
 Reference value :  6.47127e-01
 Reference value :  6.47158e-01
 Reference value :  6.47332e-01
 Reference value :  6.47363e-01
 Reference value :  6.47407e-01
 Reference value :  6.47415e-01
 Reference value :  6.47419e-01
 Reference value :  6.47420e-01
 Reference value :  6.47421e-01
 Reference value :  6.47422e-01
 Reference value :  6.47422e-01
 Reference value :  6.47423e-01
 Reference value :  6.47423e-01
 Reference value :  6.47427e-01
 Reference value :  6.47427e-01
 Reference value :  6.47430e-01
 Reference value :  6.47922e-01
 Reference value :  7.07979e-01
 Reference value :  7.83979e-01
 Reference value :  8.57979e-01
 Reference value :  9.27979e-01
 Reference value :  1.00198e+00
 Reference value :  1.07598e+00
 Reference value :  1.14798e+00
 Reference value :  1.22198e+00
 Reference value :  1.29598e+00
 Reference value :  1.37198e+00
 Reference value :  1.44798e+00
 Reference value :  1.49223e+00
 Reference value :  1.54973e+00
 Reference value :  1.62373e+00
 Reference value :  1.69773e+00
 Reference value :  1.74398e+00
 Reference value :  1.74773e+00
 Reference value :  1.81523e+00
 Reference value :  1.88723e+00
 Reference value :  1.94523e+00
 Reference value :  2.01923e+00
 Reference value :  2.08723e+00
 Reference value :  2.14923e+00
 Reference value :  2.21523e+00
 Reference value :  2.23148e+00
 Reference value :  2.23323e+00
 Reference value :  2.29273e+00
 Reference value :  2.36073e+00
 Reference value :  2.42673e+00
 Reference value :  2.46673e+00
 Reference value :  2.53473e+00
 Reference value :  2.58723e+00
 Reference value :  2.58724e+00
 Reference value :  2.58729e+00
 Reference value :  2.58731e+00
 Reference value :  2.58732e+00
 Reference value :  2.58733e+00
 Reference value :  2.58733e+00
 Reference value :  2.58733e+00
 Reference value :  2.58733e+00
 Reference value :  2.58735e+00
 Reference value :  2.58736e+00
 Reference value :  2.58736e+00
 Reference value :  2.58939e+00
 Reference value :  2.59096e+00
 Reference value :  2.59102e+00
 Reference value :  2.59136e+00
 Reference value :  2.59140e+00
 Reference value :  2.59141e+00
 Reference value :  2.59141e+00
 Reference value :  2.59141e+00
 Reference value :  2.59141e+00
 Reference value :  2.59141e+00
 Reference value :  2.59142e+00
 Reference value :  2.59142e+00
 Reference value :  2.59142e+00
 Reference value :  2.59142e+00
 Reference value :  2.59142e+00
 Reference value :  2.59142e+00
 Reference value :  2.59142e+00
 Reference value :  2.59142e+00
 Reference value :  2.59142e+00
 Reference value :  2.59142e+00
 Reference value :  2.59142e+00
 Reference value :  2.59142e+00
 Reference value :  2.59142e+00
 Reference value :  2.59143e+00
 Reference value :  2.59143e+00
 Reference value :  2.59143e+00
 Reference value :  2.59143e+00
 Reference value :  2.59143e+00
 Reference value :  2.59143e+00
 Reference value :  2.59144e+00
 Reference value :  2.59144e+00
 Reference value :  2.59144e+00
 Reference value :  2.59144e+00
 Reference value :  2.59144e+00
 Reference value :  2.59144e+00
 Reference value :  2.59145e+00
 Reference value :  2.59374e+00
 Reference value :  2.66946e+00
 Reference value :  2.74546e+00
 Reference value :  2.82346e+00
 Reference value :  2.90146e+00
 Reference value :  2.97946e+00
 Reference value :  3.05946e+00
 Reference value :  3.13746e+00
 Reference value :  3.21546e+00
 Reference value :  3.29346e+00
 Reference value :  3.37346e+00
 Reference value :  3.44946e+00
 Reference value :  3.52546e+00
 Reference value :  3.60346e+00
 Reference value :  3.67700e+00
No. of Data Rows : 6125
trel1               =  2.59141e+00
trel1_last          =  2.59143e+00
vddrel1             =  2.59141e+00
rst1_at1v           =  3.56572e-09
rst1_at2v           =  1.88828e-09
trel2               =  2.62939e-01
trel2_last          =  2.62959e-01
vddrel2             =  2.62939e+00
rst2_at1v           =  3.98102e-09
rst2_at2v           =  2.06298e-09
trel3               =  5.67849e-03
trel3_last          =  5.70178e-03
vddrel3             =  3.63000e+00
rst3_at1v           =  4.61144e-06
rst3_at2v           =  1.94278e-06
trel4               =  5.68134e-03
trel4_last          =  5.70471e-03
vddrel4             =  3.63000e+00
rst4_at1v           =  4.65571e-05
rst4_at2v           =  1.94177e-05
vref_rel4           =  1.19757e+00
biasok_rel4         =  3.62996e+00
m_vddrel_1vs_v = 2.5914150000e+00
m_vddrel_10vs_v = 2.6293940000e+00
m_vddrel_100kvs_v = 3.6300000000e+00
m_vddrel_1mvs_v = 3.6300000000e+00
m_chatter_1vs_us = 1.9000000000e+01
m_chatter_10vs_us = 1.9800000000e+01
m_chatter_100kvs_us = 2.3292000000e+01
m_chatter_1mvs_us = 2.3372000000e+01
m_resetn_at_1v_1vs_mv = 3.5657160000e-06
m_resetn_at_2v_1vs_mv = 1.8882790000e-06
m_resetn_at_1v_10vs_mv = 3.9810170000e-06
m_resetn_at_2v_10vs_mv = 2.0629790000e-06
m_resetn_at_1v_100kvs_mv = 4.6114370000e-03
m_resetn_at_2v_100kvs_mv = 1.9427830000e-03
m_resetn_at_1v_1mvs_mv = 4.6557080000e-02
m_resetn_at_2v_1mvs_mv = 1.9417680000e-02
m_t_release_1vs_ms = 2.5914150000e+03
m_t_release_10vs_ms = 2.6293940000e+02
m_t_release_100kvs_ms = 5.6784930000e+00
m_t_release_1mvs_ms = 5.6813380000e+00
m_vref_at_rel_1mvs_v = 1.1975690000e+00
m_biasok_at_rel_1mvs_v = 3.6299590000e+00
Note: Simulation executed from .control section 

Warning: m=xx on .subckt line will override multiplier m hierarchy!

