
Note: Compatibility modes selected: hs a


Circuit: * por-ramp-rate @ res_ff_125c_2.97v -- generated by sim/harness, do not edit

Doing analysis at TEMP = 125.000000 and TNOM = 27.000000

Using SPARSE 1.3 as Direct Linear Solver

Initial Transient Solution
--------------------------

Node                                   Voltage
----                                   -------
vddr1                                        0
ptatr1                             5.87762e-26
ctatr1                             8.53574e-19
resetnr1                          -1.14971e-18
xr1.xbias.na                      -7.28367e-19
xr1.xbias.pg                       4.90333e-19
xr1.xbias.nbtop                    1.83259e-18
xr1.vref                          -4.08244e-19
xr1.xbias.nbg                      3.65979e-19
xr1.xbias.xrt.11                   1.83259e-18
xr1.xbias.xrt.21                   1.83259e-18
xr1.xbias.nb                       1.83259e-18
xr1.xbias.xr1.11                   1.83259e-18
xr1.xbias.xr1.21                   1.83259e-18
xr1.xbias.ec                       1.83259e-18
xr1.xbias.xr2.11                  -4.08244e-19
xr1.xbias.xr2.21                  -4.08245e-19
xr1.xbias.er                      -4.08245e-19
xr1.xbias.pb                        1.3773e-19
xr1.ibias                         -7.41053e-19
xr1.xbias.nt                      -1.11661e-19
xr1.xbias.n1                       5.52081e-19
xr1.xbias.n2                       9.50102e-19
xr1.xbias.nz                       9.50102e-19
xr1.xbias.xrz.11                   9.50102e-19
xr1.xbias.xrz.21                   9.50102e-19
xr1.xbias.ks1                      3.65153e-20
xr1.xbias.ks2                      -3.3836e-20
xr1.xbias.ks3                      2.84117e-20
xr1.xbias.ks4                     -3.83056e-20
xr1.xbias.nkg                      1.68813e-19
xr1.xbias.nkm                       3.0402e-19
xr1.xbias.tok                       1.4894e-20
xr1.xbias.noko                    -9.45278e-19
xr1.xbias.nokl                    -2.80124e-19
xr1.xbias.nokx                    -2.30766e-19
xr1.bias_ok                        1.02209e-18
xr1.xtemp.nbg                     -4.13197e-19
xr1.xtemp.enb                     -5.64111e-19
xr1.xtemp.pb                       1.41637e-19
xr1.xtemp.pcas                     2.64612e-19
xr1.xtemp.nt                       2.43564e-18
xr1.xtemp.n1                       -4.2207e-19
xr1.xtemp.na                       8.53574e-19
xr1.xtemp.n2                       3.01515e-18
xr1.xtemp.nb                      -1.66851e-18
xr1.xtemp.pg                        8.9399e-19
xr1.xtemp.nz                       3.01515e-18
xr1.xtemp.xrz.11                   3.01515e-18
xr1.xtemp.xrz.21                   3.01515e-18
xr1.xtemp.m1d                     -2.77863e-19
xr1.xtemp.m2d                     -3.65348e-19
xr1.xtemp.m3d                     -1.37939e-19
xr1.xtemp.nd                       1.30277e-18
xr1.xtemp.nr                      -2.50734e-19
xr1.xtemp.nc                      -1.66851e-18
xr1.xtemp.xr1.11                  -1.66851e-18
xr1.xtemp.xr1.21                  -1.66851e-18
xr1.xtemp.xr2f.11                  5.87727e-26
xr1.xtemp.xr2f.21                  8.57751e-27
xr1.xtemp.t5                       8.57401e-27
xr1.xtemp.xr2t5.11                 8.57051e-27
xr1.xtemp.xr2t5.21                  4.2237e-27
xr1.xtemp.t4                        4.2202e-27
xr1.xtemp.xr2t4.11                  4.2167e-27
xr1.xtemp.xr2t4.21                 2.04641e-27
xr1.xtemp.t3                       2.04291e-27
xr1.xtemp.xr2t3.11                 2.03942e-27
xr1.xtemp.xr2t3.21                 9.57397e-28
xr1.xtemp.t2                       9.53898e-28
xr1.xtemp.xr2t2.11                 9.50399e-28
xr1.xtemp.xr2t2.21                 4.12607e-28
xr1.xtemp.t1                       4.09108e-28
xr1.xtemp.xr2t1.11                 4.05609e-28
xr1.xtemp.xr2t1.21                 1.40119e-28
xr1.xtemp.t0                        1.3662e-28
xr1.xtemp.xr2t0.11                 1.33121e-28
xr1.xtemp.xr2t0.21                 3.49911e-30
xr1.xtemp.xriso.11                 8.53574e-19
xr1.xtemp.xriso.21                 8.53574e-19
xr1.xcmp.bias_okb                   1.0676e-19
xr1.xcmp.nbg                      -2.38673e-18
xr1.xcmp.sns                                 0
xr1.xcmp.xrtop.11                            0
xr1.xcmp.xrtop.21                            0
xr1.xcmp.snsb                                0
xr1.xcmp.xrbot.11                            0
xr1.xcmp.xrbot.21                            0
xr1.xcmp.xrhys.11                            0
xr1.xcmp.xrhys.21                            0
xr1.xcmp.n1                        8.00783e-20
xr1.xcmp.tn                         2.5517e-20
xr1.xcmp.na                        4.22235e-19
xr1.xcmp.cmpo                     -8.20468e-19
xr1.xcmp.vdda                     -3.63835e-19
xr1.por_raw                                  0
xr1.xpor.pdn                       4.43446e-22
xr1.xpor.ndl                     -6.39659e-106
xr1.xpor.ndgp                     -1.22383e-19
xr1.xpor.ndg                       8.41002e-19
xr1.xpor.ndgn                      8.81502e-19
xr1.xpor.pgdg                     -1.21092e-18
xr1.xpor.pgdgb                               0
xr1.xpor.nts                       4.77767e-20
xr1.xpor.tim                      -3.74481e-19
xr1.xpor.nd1                       -3.2007e-32
xr1.xpor.trip                      6.74148e-19
xr1.xpor.rstb                     -3.33085e-19
xr1.xpor.nnand                     5.72517e-19
vddr2                                        0
ptatr2                            -4.35326e-25
ctatr2                            -3.07575e-19
resetnr2                           1.16081e-18
xr2.xbias.na                      -2.84533e-19
xr2.xbias.pg                      -5.62181e-19
xr2.xbias.nbtop                   -5.52131e-19
xr2.vref                          -4.31245e-19
xr2.xbias.nbg                     -3.71612e-19
xr2.xbias.xrt.11                  -5.52131e-19
xr2.xbias.xrt.21                  -5.52131e-19
xr2.xbias.nb                      -5.52131e-19
xr2.xbias.xr1.11                  -5.52131e-19
xr2.xbias.xr1.21                  -5.52132e-19
xr2.xbias.ec                      -5.52132e-19
xr2.xbias.xr2.11                  -4.31245e-19
xr2.xbias.xr2.21                  -4.31246e-19
xr2.xbias.er                      -4.31246e-19
xr2.xbias.pb                       1.33645e-19
xr2.ibias                         -1.16644e-19
xr2.xbias.nt                       1.49746e-19
xr2.xbias.n1                       3.12372e-19
xr2.xbias.n2                      -5.14391e-19
xr2.xbias.nz                      -5.14391e-19
xr2.xbias.xrz.11                  -5.14391e-19
xr2.xbias.xrz.21                  -5.14391e-19
xr2.xbias.ks1                      8.86291e-20
xr2.xbias.ks2                      7.41565e-20
xr2.xbias.ks3                      -9.5072e-20
xr2.xbias.ks4                      -4.5975e-20
xr2.xbias.nkg                     -4.60796e-20
xr2.xbias.nkm                     -4.04256e-19
xr2.xbias.tok                      1.47357e-19
xr2.xbias.noko                    -8.84056e-19
xr2.xbias.nokl                    -6.89355e-19
xr2.xbias.nokx                    -3.00016e-19
xr2.bias_ok                        4.53496e-20
xr2.xtemp.nbg                      7.70482e-19
xr2.xtemp.enb                      1.29827e-18
xr2.xtemp.pb                        1.0198e-18
xr2.xtemp.pcas                    -1.08461e-18
xr2.xtemp.nt                      -3.70505e-19
xr2.xtemp.n1                      -4.08211e-19
xr2.xtemp.na                      -3.07575e-19
xr2.xtemp.n2                      -3.23807e-19
xr2.xtemp.nb                      -1.43159e-18
xr2.xtemp.pg                      -3.34616e-25
xr2.xtemp.nz                      -3.23807e-19
xr2.xtemp.xrz.11                  -3.23807e-19
xr2.xtemp.xrz.21                  -3.23807e-19
xr2.xtemp.m1d                     -1.75016e-19
xr2.xtemp.m2d                     -5.11044e-19
xr2.xtemp.m3d                      1.02165e-18
xr2.xtemp.nd                       1.35309e-18
xr2.xtemp.nr                       4.59617e-19
xr2.xtemp.nc                      -1.43159e-18
xr2.xtemp.xr1.11                  -1.43159e-18
xr2.xtemp.xr1.21                  -1.43159e-18
xr2.xtemp.xr2f.11                   -4.353e-25
xr2.xtemp.xr2f.21                 -6.35294e-26
xr2.xtemp.t5                      -6.35034e-26
xr2.xtemp.xr2t5.11                -6.34775e-26
xr2.xtemp.xr2t5.21                -3.12828e-26
xr2.xtemp.t4                      -3.12569e-26
xr2.xtemp.xr2t4.11                 -3.1231e-26
xr2.xtemp.xr2t4.21                -1.51568e-26
xr2.xtemp.t3                      -1.51309e-26
xr2.xtemp.xr2t3.11                -1.51049e-26
xr2.xtemp.xr2t3.21                -7.09096e-27
xr2.xtemp.t2                      -7.06505e-27
xr2.xtemp.xr2t2.11                -7.03913e-27
xr2.xtemp.xr2t2.21                -3.05597e-27
xr2.xtemp.t1                      -3.03006e-27
xr2.xtemp.xr2t1.11                -3.00414e-27
xr2.xtemp.xr2t1.21                -1.03779e-27
xr2.xtemp.t0                      -1.01188e-27
xr2.xtemp.xr2t0.11                -9.85962e-28
xr2.xtemp.xr2t0.21                -2.59162e-29
xr2.xtemp.xriso.11                -3.07575e-19
xr2.xtemp.xriso.21                -3.07575e-19
xr2.xcmp.bias_okb                 -7.92241e-19
xr2.xcmp.nbg                       1.74974e-18
xr2.xcmp.sns                                 0
xr2.xcmp.xrtop.11                            0
xr2.xcmp.xrtop.21                            0
xr2.xcmp.snsb                                0
xr2.xcmp.xrbot.11                            0
xr2.xcmp.xrbot.21                            0
xr2.xcmp.xrhys.11                            0
xr2.xcmp.xrhys.21                            0
xr2.xcmp.n1                        2.17188e-19
xr2.xcmp.tn                        9.53372e-20
xr2.xcmp.na                       -1.15419e-18
xr2.xcmp.cmpo                     -3.46613e-19
xr2.xcmp.vdda                     -2.07482e-19
xr2.por_raw                                  0
xr2.xpor.pdn                       1.88649e-22
xr2.xpor.ndl                      2.88111e-103
xr2.xpor.ndgp                      3.90582e-20
xr2.xpor.ndg                      -1.19635e-19
xr2.xpor.ndgn                      9.36749e-20
xr2.xpor.pgdg                      1.72101e-18
xr2.xpor.pgdgb                               0
xr2.xpor.nts                       4.31451e-20
xr2.xpor.tim                      -3.13638e-19
xr2.xpor.nd1                      -3.61073e-32
xr2.xpor.trip                     -8.18331e-19
xr2.xpor.rstb                     -8.14845e-19
xr2.xpor.nnand                    -2.05996e-18
vddr3                                        0
ptatr3                             1.52156e-25
ctatr3                             9.43022e-19
resetnr3                           -9.9292e-19
xr3.xbias.na                       1.60175e-19
xr3.xbias.pg                      -1.00093e-18
xr3.xbias.nbtop                    1.19047e-19
xr3.vref                          -7.45719e-19
xr3.xbias.nbg                      3.29199e-19
xr3.xbias.xrt.11                   1.19047e-19
xr3.xbias.xrt.21                   1.19047e-19
xr3.xbias.nb                       1.19047e-19
xr3.xbias.xr1.11                   1.19047e-19
xr3.xbias.xr1.21                   1.19047e-19
xr3.xbias.ec                       1.19047e-19
xr3.xbias.xr2.11                  -7.45719e-19
xr3.xbias.xr2.21                   -7.4572e-19
xr3.xbias.er                       -7.4572e-19
xr3.xbias.pb                      -9.97187e-20
xr3.ibias                         -1.19817e-18
xr3.xbias.nt                       5.16204e-19
xr3.xbias.n1                       6.44398e-19
xr3.xbias.n2                       6.57971e-19
xr3.xbias.nz                       6.57971e-19
xr3.xbias.xrz.11                   6.57971e-19
xr3.xbias.xrz.21                   6.57971e-19
xr3.xbias.ks1                      3.64279e-20
xr3.xbias.ks2                      1.54855e-20
xr3.xbias.ks3                     -1.47525e-19
xr3.xbias.ks4                      7.53037e-20
xr3.xbias.nkg                      1.23598e-18
xr3.xbias.nkm                      4.35708e-19
xr3.xbias.tok                      -1.1298e-19
xr3.xbias.noko                     9.13062e-19
xr3.xbias.nokl                     3.05532e-20
xr3.xbias.nokx                     3.28341e-20
xr3.bias_ok                        1.37728e-18
xr3.xtemp.nbg                     -2.54646e-18
xr3.xtemp.enb                      -5.2375e-19
xr3.xtemp.pb                       1.48888e-18
xr3.xtemp.pcas                    -3.14178e-19
xr3.xtemp.nt                       1.86679e-18
xr3.xtemp.n1                       1.77732e-18
xr3.xtemp.na                       9.43022e-19
xr3.xtemp.n2                       1.83435e-18
xr3.xtemp.nb                       5.25248e-19
xr3.xtemp.pg                      -5.94046e-22
xr3.xtemp.nz                       1.83435e-18
xr3.xtemp.xrz.11                   1.83435e-18
xr3.xtemp.xrz.21                   1.83435e-18
xr3.xtemp.m1d                     -1.07952e-19
xr3.xtemp.m2d                       5.0901e-19
xr3.xtemp.m3d                     -3.57089e-19
xr3.xtemp.nd                      -9.92564e-19
xr3.xtemp.nr                      -3.19972e-19
xr3.xtemp.nc                       5.25248e-19
xr3.xtemp.xr1.11                   5.25248e-19
xr3.xtemp.xr1.21                   5.25248e-19
xr3.xtemp.xr2f.11                  1.52147e-25
xr3.xtemp.xr2f.21                  2.22049e-26
xr3.xtemp.t5                       2.21959e-26
xr3.xtemp.xr2t5.11                 2.21868e-26
xr3.xtemp.xr2t5.21                  1.0934e-26
xr3.xtemp.t4                        1.0925e-26
xr3.xtemp.xr2t4.11                 1.09159e-26
xr3.xtemp.xr2t4.21                 5.29763e-27
xr3.xtemp.t3                       5.28857e-27
xr3.xtemp.xr2t3.11                 5.27951e-27
xr3.xtemp.xr2t3.21                 2.47845e-27
xr3.xtemp.t2                       2.46939e-27
xr3.xtemp.xr2t2.11                 2.46033e-27
xr3.xtemp.xr2t2.21                 1.06813e-27
xr3.xtemp.t1                       1.05907e-27
xr3.xtemp.xr2t1.11                 1.05001e-27
xr3.xtemp.xr2t1.21                 3.62732e-28
xr3.xtemp.t0                       3.53674e-28
xr3.xtemp.xr2t0.11                 3.44616e-28
xr3.xtemp.xr2t0.21                 9.05828e-30
xr3.xtemp.xriso.11                 9.43022e-19
xr3.xtemp.xriso.21                 9.43022e-19
xr3.xcmp.bias_okb                  6.49307e-19
xr3.xcmp.nbg                       2.59692e-19
xr3.xcmp.sns                                 0
xr3.xcmp.xrtop.11                            0
xr3.xcmp.xrtop.21                            0
xr3.xcmp.snsb                                0
xr3.xcmp.xrbot.11                            0
xr3.xcmp.xrbot.21                            0
xr3.xcmp.xrhys.11                            0
xr3.xcmp.xrhys.21                            0
xr3.xcmp.n1                       -7.52075e-19
xr3.xcmp.tn                       -8.75291e-20
xr3.xcmp.na                        6.00025e-19
xr3.xcmp.cmpo                      1.02001e-18
xr3.xcmp.vdda                     -3.10229e-20
xr3.por_raw                                  0
xr3.xpor.pdn                       6.68154e-22
xr3.xpor.ndl                     -1.58221e-103
xr3.xpor.ndgp                      1.43502e-19
xr3.xpor.ndg                      -3.89835e-19
xr3.xpor.ndgn                     -6.56448e-19
xr3.xpor.pgdg                       1.3917e-18
xr3.xpor.pgdgb                               0
xr3.xpor.nts                       -2.7732e-20
xr3.xpor.tim                       2.21986e-19
xr3.xpor.nd1                      -2.02458e-32
xr3.xpor.trip                     -1.21249e-19
xr3.xpor.rstb                     -3.99757e-19
xr3.xpor.nnand                    -2.86229e-18
vddr4                                        0
ptatr4                             1.26888e-25
ctatr4                            -4.84135e-19
resetnr4                           2.01335e-18
xr4.xbias.na                       1.06121e-18
xr4.xbias.pg                      -2.87557e-19
xr4.xbias.nbtop                     7.7756e-19
xr4.vref                          -7.41644e-19
xr4.xbias.nbg                      3.35276e-19
xr4.xbias.xrt.11                    7.7756e-19
xr4.xbias.xrt.21                    7.7756e-19
xr4.xbias.nb                        7.7756e-19
xr4.xbias.xr1.11                    7.7756e-19
xr4.xbias.xr1.21                    7.7756e-19
xr4.xbias.ec                        7.7756e-19
xr4.xbias.xr2.11                  -7.41644e-19
xr4.xbias.xr2.21                  -7.41646e-19
xr4.xbias.er                      -7.41646e-19
xr4.xbias.pb                       1.35537e-19
xr4.ibias                         -4.22759e-19
xr4.xbias.nt                       2.55868e-19
xr4.xbias.n1                      -7.09693e-19
xr4.xbias.n2                       8.44827e-19
xr4.xbias.nz                       8.44827e-19
xr4.xbias.xrz.11                   8.44827e-19
xr4.xbias.xrz.21                   8.44827e-19
xr4.xbias.ks1                      -1.4778e-19
xr4.xbias.ks2                      9.93047e-20
xr4.xbias.ks3                      3.91663e-20
xr4.xbias.ks4                     -1.65288e-19
xr4.xbias.nkg                      1.19068e-18
xr4.xbias.nkm                      4.60287e-19
xr4.xbias.tok                      1.25581e-19
xr4.xbias.noko                    -9.01534e-19
xr4.xbias.nokl                    -4.16347e-19
xr4.xbias.nokx                     1.06608e-19
xr4.bias_ok                        1.12875e-18
xr4.xtemp.nbg                      1.67823e-18
xr4.xtemp.enb                     -1.22407e-18
xr4.xtemp.pb                       2.69529e-19
xr4.xtemp.pcas                      9.6168e-19
xr4.xtemp.nt                      -2.36092e-19
xr4.xtemp.n1                      -2.30949e-19
xr4.xtemp.na                      -4.84135e-19
xr4.xtemp.n2                      -2.45207e-19
xr4.xtemp.nb                      -8.76412e-19
xr4.xtemp.pg                      -1.91593e-25
xr4.xtemp.nz                      -2.45207e-19
xr4.xtemp.xrz.11                  -2.45207e-19
xr4.xtemp.xrz.21                  -2.45207e-19
xr4.xtemp.m1d                      -4.7979e-19
xr4.xtemp.m2d                      6.34905e-19
xr4.xtemp.m3d                     -2.97788e-19
xr4.xtemp.nd                       2.69352e-19
xr4.xtemp.nr                       6.22057e-35
xr4.xtemp.nc                      -8.76412e-19
xr4.xtemp.xr1.11                  -8.76412e-19
xr4.xtemp.xr1.21                  -8.76412e-19
xr4.xtemp.xr2f.11                  1.26881e-25
xr4.xtemp.xr2f.21                  1.85174e-26
xr4.xtemp.t5                       1.85099e-26
xr4.xtemp.xr2t5.11                 1.85023e-26
xr4.xtemp.xr2t5.21                 9.11827e-27
xr4.xtemp.t4                       9.11071e-27
xr4.xtemp.xr2t4.11                 9.10316e-27
xr4.xtemp.xr2t4.21                 4.41787e-27
xr4.xtemp.t3                       4.41032e-27
xr4.xtemp.xr2t3.11                 4.40276e-27
xr4.xtemp.xr2t3.21                 2.06686e-27
xr4.xtemp.t2                       2.05931e-27
xr4.xtemp.xr2t2.11                 2.05176e-27
xr4.xtemp.xr2t2.21                 8.90751e-28
xr4.xtemp.t1                       8.83197e-28
xr4.xtemp.xr2t1.11                 8.75643e-28
xr4.xtemp.xr2t1.21                 3.02495e-28
xr4.xtemp.t0                       2.94941e-28
xr4.xtemp.xr2t0.11                 2.87387e-28
xr4.xtemp.xr2t0.21                   7.554e-30
xr4.xtemp.xriso.11                -4.84135e-19
xr4.xtemp.xriso.21                -4.84135e-19
xr4.xcmp.bias_okb                   3.4846e-19
xr4.xcmp.nbg                      -1.20008e-18
xr4.xcmp.sns                                 0
xr4.xcmp.xrtop.11                            0
xr4.xcmp.xrtop.21                            0
xr4.xcmp.snsb                                0
xr4.xcmp.xrbot.11                            0
xr4.xcmp.xrbot.21                            0
xr4.xcmp.xrhys.11                            0
xr4.xcmp.xrhys.21                            0
xr4.xcmp.n1                       -4.89506e-19
xr4.xcmp.tn                       -8.38249e-20
xr4.xcmp.na                        1.53873e-18
xr4.xcmp.cmpo                     -7.14821e-20
xr4.xcmp.vdda                     -2.78395e-19
xr4.por_raw                                  0
xr4.xpor.pdn                       8.48885e-22
xr4.xpor.ndl                      4.12451e-105
xr4.xpor.ndgp                     -1.69148e-20
xr4.xpor.ndg                       9.88906e-19
xr4.xpor.ndgn                        3.399e-19
xr4.xpor.pgdg                     -8.40743e-19
xr4.xpor.pgdgb                               0
xr4.xpor.nts                       1.16409e-20
xr4.xpor.tim                      -1.91459e-19
xr4.xpor.nd1                      -1.41982e-32
xr4.xpor.trip                      5.22505e-19
xr4.xpor.rstb                      1.07428e-18
xr4.xpor.nnand                    -3.33555e-18
vr4#branch                         7.85255e-30
vr3#branch                         3.31102e-30
vr2#branch                        -1.41636e-30
vr1#branch                          3.1678e-28

 Reference value :  0.00000e+00
 Reference value :  5.88424e-07
 Reference value :  7.74113e-07
 Reference value :  1.73737e-06
 Reference value :  2.07528e-06
 Reference value :  2.14828e-06
 Reference value :  2.15306e-06
 Reference value :  2.36021e-06
 Reference value :  3.00233e-06
 Reference value :  4.01444e-06
 Reference value :  4.05484e-06
 Reference value :  4.16777e-06
 Reference value :  4.97669e-06
 Reference value :  6.27880e-06
 Reference value :  8.68764e-06
 Reference value :  8.76778e-06
 Reference value :  8.77204e-06
 Reference value :  9.22204e-06
 Reference value :  1.35438e-05
 Reference value :  1.45010e-05
 Reference value :  1.46517e-05
 Reference value :  1.46619e-05
 Reference value :  1.55274e-05
 Reference value :  2.28757e-05
 Reference value :  2.29797e-05
 Reference value :  2.45896e-05
 Reference value :  3.05696e-05
 Reference value :  3.27284e-05
 Reference value :  3.28110e-05
 Reference value :  3.61066e-05
 Reference value :  3.62728e-05
 Reference value :  3.62786e-05
 Reference value :  3.67702e-05
 Reference value :  3.68982e-05
 Reference value :  3.69086e-05
 Reference value :  3.69097e-05
 Reference value :  3.69107e-05
 Reference value :  3.70481e-05
 Reference value :  3.78932e-05
 Reference value :  3.85349e-05
 Reference value :  3.88489e-05
 Reference value :  4.41147e-05
 Reference value :  4.42499e-05
 Reference value :  4.47089e-05
 Reference value :  4.79102e-05
 Reference value :  5.73294e-05
 Reference value :  7.08603e-05
 Reference value :  7.10424e-05
 Reference value :  7.10517e-05
 Reference value :  7.10552e-05
 Reference value :  7.10573e-05
 Reference value :  7.16405e-05
 Reference value :  8.06127e-05
 Reference value :  8.09362e-05
 Reference value :  8.10431e-05
 Reference value :  8.58190e-05
 Reference value :  2.52767e-03
 Reference value :  4.77767e-03
 Reference value :  4.99642e-03
 Reference value :  5.07455e-03
 Reference value :  5.17981e-03
 Reference value :  5.19576e-03
 Reference value :  5.19668e-03
 Reference value :  5.19683e-03
 Reference value :  5.19695e-03
 Reference value :  5.19726e-03
 Reference value :  5.19771e-03
 Reference value :  5.19777e-03
 Reference value :  5.19809e-03
 Reference value :  5.19849e-03
 Reference value :  5.19857e-03
 Reference value :  5.20016e-03
 Reference value :  5.20529e-03
 Reference value :  5.20558e-03
 Reference value :  5.20560e-03
 Reference value :  5.20560e-03
 Reference value :  5.20562e-03
 Reference value :  5.20579e-03
 Reference value :  5.21079e-03
 Reference value :  5.21824e-03
 Reference value :  5.21883e-03
 Reference value :  5.21895e-03
 Reference value :  5.21908e-03
 Reference value :  5.21962e-03
 Reference value :  5.21973e-03
 Reference value :  5.21977e-03
 Reference value :  5.22037e-03
 Reference value :  5.22050e-03
 Reference value :  5.22095e-03
 Reference value :  5.22378e-03
 Reference value :  5.23257e-03
 Reference value :  5.23357e-03
 Reference value :  5.23371e-03
 Reference value :  5.23374e-03
 Reference value :  5.23409e-03
 Reference value :  5.23455e-03
 Reference value :  5.23464e-03
 Reference value :  5.23469e-03
 Reference value :  5.23530e-03
 Reference value :  5.23542e-03
 Reference value :  5.23585e-03
 Reference value :  5.24124e-03
 Reference value :  5.24247e-03
 Reference value :  5.24250e-03
 Reference value :  5.24251e-03
 Reference value :  5.24251e-03
 Reference value :  5.24255e-03
 Reference value :  5.24324e-03
 Reference value :  5.25412e-03
 Reference value :  5.25561e-03
 Reference value :  5.25587e-03
 Reference value :  5.25603e-03
 Reference value :  5.25662e-03
 Reference value :  5.25670e-03
 Reference value :  5.25735e-03
 Reference value :  5.25748e-03
 Reference value :  5.25860e-03
 Reference value :  5.26979e-03
 Reference value :  5.29276e-03
 Reference value :  1.54963e-02
 Reference value :  4.34562e-02
 Reference value :  7.15831e-02
 Reference value :  7.18466e-02
 Reference value :  7.19377e-02
 Reference value :  7.19399e-02
 Reference value :  7.19402e-02
 Reference value :  7.19463e-02
 Reference value :  7.19518e-02
 Reference value :  7.19526e-02
 Reference value :  7.19630e-02
 Reference value :  7.50287e-02
 Reference value :  1.41741e-01
 Reference value :  1.83741e-01
 Reference value :  2.25741e-01
 Reference value :  2.59741e-01
 Reference value :  2.60750e-01
 Reference value :  2.60768e-01
 Reference value :  2.60770e-01
 Reference value :  2.60777e-01
 Reference value :  2.60778e-01
 Reference value :  2.60778e-01
 Reference value :  2.60779e-01
 Reference value :  2.60782e-01
 Reference value :  2.63613e-01
 Reference value :  2.63863e-01
 Reference value :  2.64488e-01
 Reference value :  2.65253e-01
 Reference value :  2.65300e-01
 Reference value :  2.65323e-01
 Reference value :  2.65338e-01
 Reference value :  2.65339e-01
 Reference value :  2.65339e-01
 Reference value :  2.65339e-01
 Reference value :  2.65340e-01
 Reference value :  2.65340e-01
 Reference value :  2.65340e-01
 Reference value :  2.65340e-01
 Reference value :  2.65341e-01
 Reference value :  2.65341e-01
 Reference value :  2.65344e-01
 Reference value :  2.65347e-01
 Reference value :  2.65347e-01
 Reference value :  2.65347e-01
 Reference value :  2.65347e-01
 Reference value :  2.65347e-01
 Reference value :  2.65353e-01
 Reference value :  2.65359e-01
 Reference value :  2.65360e-01
 Reference value :  2.65360e-01
 Reference value :  2.65360e-01
 Reference value :  2.65361e-01
 Reference value :  2.65361e-01
 Reference value :  2.65361e-01
 Reference value :  2.65362e-01
 Reference value :  2.65362e-01
 Reference value :  2.65362e-01
 Reference value :  2.65368e-01
 Reference value :  2.65376e-01
 Reference value :  2.65376e-01
 Reference value :  2.65376e-01
 Reference value :  2.65376e-01
 Reference value :  2.65376e-01
 Reference value :  2.65376e-01
 Reference value :  2.65383e-01
 Reference value :  2.65386e-01
 Reference value :  2.65386e-01
 Reference value :  2.65386e-01
 Reference value :  2.65387e-01
 Reference value :  2.65387e-01
 Reference value :  2.65387e-01
 Reference value :  2.65387e-01
 Reference value :  2.65388e-01
 Reference value :  2.65388e-01
 Reference value :  2.65390e-01
 Reference value :  2.65430e-01
 Reference value :  3.00000e-01
 Reference value :  3.54000e-01
 Reference value :  4.52000e-01
 Reference value :  5.48000e-01
 Reference value :  6.43522e-01
 Reference value :  7.05772e-01
 Reference value :  7.16301e-01
 Reference value :  7.16385e-01
 Reference value :  7.16494e-01
 Reference value :  7.16504e-01
 Reference value :  7.16505e-01
 Reference value :  7.16506e-01
 Reference value :  7.16506e-01
 Reference value :  7.16516e-01
 Reference value :  7.16528e-01
 Reference value :  7.33631e-01
 Reference value :  7.95631e-01
 Reference value :  8.63631e-01
 Reference value :  9.33881e-01
 Reference value :  9.35631e-01
 Reference value :  1.00113e+00
 Reference value :  1.07113e+00
 Reference value :  1.10738e+00
 Reference value :  1.11113e+00
 Reference value :  1.14088e+00
 Reference value :  1.20838e+00
 Reference value :  1.24663e+00
 Reference value :  1.30238e+00
 Reference value :  1.30301e+00
 Reference value :  1.30413e+00
 Reference value :  1.30476e+00
 Reference value :  1.30563e+00
 Reference value :  1.30651e+00
 Reference value :  1.38026e+00
 Reference value :  1.42251e+00
 Reference value :  1.48201e+00
 Reference value :  1.54026e+00
 Reference value :  1.54201e+00
 Reference value :  1.59976e+00
 Reference value :  1.60151e+00
 Reference value :  1.60213e+00
 Reference value :  1.60301e+00
 Reference value :  1.60388e+00
 Reference value :  1.60476e+00
 Reference value :  1.60563e+00
 Reference value :  1.66363e+00
 Reference value :  1.73116e+00
 Reference value :  1.73222e+00
 Reference value :  1.75397e+00
 Reference value :  1.79997e+00
 Reference value :  1.80072e+00
 Reference value :  1.85772e+00
 Reference value :  1.91772e+00
 Reference value :  1.93197e+00
 Reference value :  1.93572e+00
 Reference value :  1.93747e+00
 Reference value :  1.93922e+00
 Reference value :  1.98472e+00
 Reference value :  2.02072e+00
 Reference value :  2.03872e+00
 Reference value :  2.09272e+00
 Reference value :  2.14272e+00
 Reference value :  2.14497e+00
 Reference value :  2.14672e+00
 Reference value :  2.14760e+00
 Reference value :  2.14822e+00
 Reference value :  2.18197e+00
 Reference value :  2.23397e+00
 Reference value :  2.29997e+00
 Reference value :  2.32197e+00
 Reference value :  2.37622e+00
 Reference value :  2.37797e+00
 Reference value :  2.37972e+00
 Reference value :  2.42722e+00
 Reference value :  2.48522e+00
 Reference value :  2.52722e+00
 Reference value :  2.53347e+00
 Reference value :  2.58697e+00
 Reference value :  2.60522e+00
 Reference value :  2.60713e+00
 Reference value :  2.60816e+00
 Reference value :  2.61055e+00
 Reference value :  2.61127e+00
 Reference value :  2.61152e+00
 Reference value :  2.61156e+00
 Reference value :  2.61156e+00
 Reference value :  2.61156e+00
 Reference value :  2.61156e+00
 Reference value :  2.61157e+00
 Reference value :  2.61157e+00
 Reference value :  2.61157e+00
 Reference value :  2.61157e+00
 Reference value :  2.61157e+00
 Reference value :  2.61157e+00
 Reference value :  2.61157e+00
 Reference value :  2.61157e+00
 Reference value :  2.61157e+00
 Reference value :  2.61157e+00
 Reference value :  2.61158e+00
 Reference value :  2.61159e+00
 Reference value :  2.61159e+00
 Reference value :  2.61159e+00
 Reference value :  2.61159e+00
 Reference value :  2.61159e+00
 Reference value :  2.61159e+00
 Reference value :  2.61159e+00
 Reference value :  2.61160e+00
 Reference value :  2.61160e+00
 Reference value :  2.61160e+00
 Reference value :  2.61160e+00
 Reference value :  2.61161e+00
 Reference value :  2.61161e+00
 Reference value :  2.61161e+00
 Reference value :  2.61161e+00
 Reference value :  2.61161e+00
 Reference value :  2.61161e+00
 Reference value :  2.61161e+00
 Reference value :  2.61162e+00
 Reference value :  2.61408e+00
 Reference value :  2.72828e+00
 Reference value :  2.84028e+00
 Reference value :  2.96814e+00
 Reference value :  3.09300e+00
 Reference value :  3.21500e+00
 Reference value :  3.34300e+00
 Reference value :  3.46300e+00
 Reference value :  3.58100e+00
No. of Data Rows : 6811
trel1               =  2.61156e+00
trel1_last          =  2.61161e+00
vddrel1             =  2.61156e+00
rst1_at1v           =  1.82508e-09
rst1_at2v           =  1.07891e-09
trel2               =  2.65339e-01
trel2_last          =  2.65386e-01
vddrel2             =  2.65339e+00
rst2_at1v           =  2.36710e-09
rst2_at2v           =  1.27225e-09
trel3               =  5.19676e-03
trel3_last          =  5.21889e-03
vddrel3             =  2.97000e+00
rst3_at1v           =  6.03215e-06
rst3_at2v           =  2.14955e-06
trel4               =  5.23366e-03
trel4_last          =  5.25582e-03
vddrel4             =  2.97000e+00
rst4_at1v           =  6.13928e-05
rst4_at2v           =  2.16009e-05
vref_rel4           =  1.20772e+00
biasok_rel4         =  2.96993e+00
m_vddrel_1vs_v = 2.6115650000e+00
m_vddrel_10vs_v = 2.6533900000e+00
m_vddrel_100kvs_v = 2.9700000000e+00
m_vddrel_1mvs_v = 2.9700000000e+00
m_chatter_1vs_us = 4.8000000000e+01
m_chatter_10vs_us = 4.7200000000e+01
m_chatter_100kvs_us = 2.2126000000e+01
m_chatter_1mvs_us = 2.2162000000e+01
m_resetn_at_1v_1vs_mv = 1.8250780000e-06
m_resetn_at_2v_1vs_mv = 1.0789150000e-06
m_resetn_at_1v_10vs_mv = 2.3671040000e-06
m_resetn_at_2v_10vs_mv = 1.2722520000e-06
m_resetn_at_1v_100kvs_mv = 6.0321460000e-03
m_resetn_at_2v_100kvs_mv = 2.1495450000e-03
m_resetn_at_1v_1mvs_mv = 6.1392760000e-02
m_resetn_at_2v_1mvs_mv = 2.1600900000e-02
m_t_release_1vs_ms = 2.6115650000e+03
m_t_release_10vs_ms = 2.6533900000e+02
m_t_release_100kvs_ms = 5.1967600000e+00
m_t_release_1mvs_ms = 5.2336560000e+00
m_vref_at_rel_1mvs_v = 1.2077200000e+00
m_biasok_at_rel_1mvs_v = 2.9699280000e+00
Note: Simulation executed from .control section 

Warning: m=xx on .subckt line will override multiplier m hierarchy!

