
Note: Compatibility modes selected: hs a


Circuit: * por-ramp-rate @ res_ff_-40c_3.63v -- generated by sim/harness, do not edit

Doing analysis at TEMP = -40.000000 and TNOM = 27.000000

Using SPARSE 1.3 as Direct Linear Solver

Initial Transient Solution
--------------------------

Node                                   Voltage
----                                   -------
vddr1                                        0
ptatr1                            -1.29956e-29
ctatr1                             7.21518e-24
resetnr1                          2.96385e-138
xr1.xbias.na                                 0
xr1.xbias.pg                       -7.8831e-22
xr1.xbias.nbtop                              0
xr1.vref                                     0
xr1.xbias.nbg                      3.40905e-22
xr1.xbias.xrt.11                             0
xr1.xbias.xrt.21                             0
xr1.xbias.nb                                 0
xr1.xbias.xr1.11                             0
xr1.xbias.xr1.21                             0
xr1.xbias.ec                                 0
xr1.xbias.xr2.11                             0
xr1.xbias.xr2.21                             0
xr1.xbias.er                                 0
xr1.xbias.pb                      -3.40905e-22
xr1.ibias                         -2.23611e-22
xr1.xbias.nt                       1.58434e-47
xr1.xbias.n1                       3.36482e-69
xr1.xbias.n2                      -3.00197e-25
xr1.xbias.nz                      -3.00198e-25
xr1.xbias.xrz.11                  -3.00198e-25
xr1.xbias.xrz.21                  -3.00197e-25
xr1.xbias.ks1                      1.81244e-72
xr1.xbias.ks2                      8.18234e-52
xr1.xbias.ks3                      3.43659e-47
xr1.xbias.ks4                      1.16941e-41
xr1.xbias.nkg                      1.58249e-21
xr1.xbias.nkm                     -3.40914e-22
xr1.xbias.tok                     -6.14774e-28
xr1.xbias.noko                    -2.27294e-22
xr1.xbias.nokl                    -3.40936e-22
xr1.xbias.nokx                               0
xr1.bias_ok                       8.24906e-249
xr1.xtemp.nbg                      3.46589e-42
xr1.xtemp.enb                                0
xr1.xtemp.pb                      4.43503e-173
xr1.xtemp.pcas                   -3.41985e-210
xr1.xtemp.nt                      -1.08062e-22
xr1.xtemp.n1                      -1.08039e-21
xr1.xtemp.na                       7.21518e-24
xr1.xtemp.n2                       6.46872e-22
xr1.xtemp.nb                       3.20655e-24
xr1.xtemp.pg                      -5.14094e-22
xr1.xtemp.nz                       6.46872e-22
xr1.xtemp.xrz.11                   6.46872e-22
xr1.xtemp.xrz.21                   6.46872e-22
xr1.xtemp.m1d                     -1.44325e-23
xr1.xtemp.m2d                     -1.44325e-23
xr1.xtemp.m3d                      1.44325e-23
xr1.xtemp.nd                      6.97204e-161
xr1.xtemp.nr                       7.6021e-171
xr1.xtemp.nc                       3.20655e-24
xr1.xtemp.xr1.11                   3.20655e-24
xr1.xtemp.xr1.21                   3.20655e-24
xr1.xtemp.xr2f.11                 -1.29947e-29
xr1.xtemp.xr2f.21                 -1.89874e-30
xr1.xtemp.t5                      -1.89776e-30
xr1.xtemp.xr2t5.11                -1.89679e-30
xr1.xtemp.xr2t5.21                -9.35902e-31
xr1.xtemp.t4                      -9.34926e-31
xr1.xtemp.xr2t4.11                -9.33949e-31
xr1.xtemp.xr2t4.21                -4.54197e-31
xr1.xtemp.t3                      -4.53221e-31
xr1.xtemp.xr2t3.11                -4.52244e-31
xr1.xtemp.xr2t3.21                -2.13059e-31
xr1.xtemp.t2                      -2.12082e-31
xr1.xtemp.xr2t2.11                -2.11106e-31
xr1.xtemp.xr2t2.21                 -9.2224e-32
xr1.xtemp.t1                      -9.12474e-32
xr1.xtemp.xr2t1.11                -9.02709e-32
xr1.xtemp.xr2t1.21                -3.15832e-32
xr1.xtemp.t0                      -3.06066e-32
xr1.xtemp.xr2t0.11                -2.96301e-32
xr1.xtemp.xr2t0.21                -9.76516e-34
xr1.xtemp.xriso.11                 7.21518e-24
xr1.xtemp.xriso.21                 7.21518e-24
xr1.xcmp.bias_okb                            0
xr1.xcmp.nbg                       3.46589e-42
xr1.xcmp.sns                                 0
xr1.xcmp.xrtop.11                            0
xr1.xcmp.xrtop.21                            0
xr1.xcmp.snsb                                0
xr1.xcmp.xrbot.11                            0
xr1.xcmp.xrbot.21                            0
xr1.xcmp.xrhys.11                            0
xr1.xcmp.xrhys.21                            0
xr1.xcmp.n1                                  0
xr1.xcmp.tn                      -7.03041e-202
xr1.xcmp.na                       7.94034e-202
xr1.xcmp.cmpo                      5.8356e-202
xr1.xcmp.vdda                    -1.57695e-203
xr1.por_raw                       3.10785e-262
xr1.xpor.pdn                     -2.04661e-304
xr1.xpor.ndl                       1.90359e-22
xr1.xpor.ndgp                     1.24424e-183
xr1.xpor.ndg                     -7.02844e-186
xr1.xpor.ndgn                    -3.98826e-187
xr1.xpor.pgdg                    -5.51847e-196
xr1.xpor.pgdgb                    -2.8237e-202
xr1.xpor.nts                      1.21688e-195
xr1.xpor.tim                     -6.88151e-197
xr1.xpor.nd1                     -9.08768e-160
xr1.xpor.trip                     6.22641e-186
xr1.xpor.rstb                     2.23421e-161
xr1.xpor.nnand                   -5.18013e-161
vddr2                                        0
ptatr2                            -1.29956e-29
ctatr2                           -9.44541e-189
resetnr2                           1.33334e-73
xr2.xbias.na                                 0
xr2.xbias.pg                       -7.8831e-22
xr2.xbias.nbtop                              0
xr2.vref                                     0
xr2.xbias.nbg                      3.40905e-22
xr2.xbias.xrt.11                             0
xr2.xbias.xrt.21                             0
xr2.xbias.nb                                 0
xr2.xbias.xr1.11                             0
xr2.xbias.xr1.21                             0
xr2.xbias.ec                                 0
xr2.xbias.xr2.11                             0
xr2.xbias.xr2.21                             0
xr2.xbias.er                                 0
xr2.xbias.pb                      -3.40905e-22
xr2.ibias                          2.23611e-22
xr2.xbias.nt                       1.58434e-47
xr2.xbias.n1                       3.36482e-69
xr2.xbias.n2                      -3.00197e-25
xr2.xbias.nz                      -3.00198e-25
xr2.xbias.xrz.11                  -3.00198e-25
xr2.xbias.xrz.21                  -3.00197e-25
xr2.xbias.ks1                     -1.81244e-72
xr2.xbias.ks2                     -8.18234e-52
xr2.xbias.ks3                     -3.43659e-47
xr2.xbias.ks4                     -1.16941e-41
xr2.xbias.nkg                     -1.58249e-21
xr2.xbias.nkm                     -3.40914e-22
xr2.xbias.tok                      6.14829e-28
xr2.xbias.noko                     2.27294e-22
xr2.xbias.nokl                     3.40936e-22
xr2.xbias.nokx                               0
xr2.bias_ok                       2.26702e-249
xr2.xtemp.nbg                     -3.46589e-42
xr2.xtemp.enb                                0
xr2.xtemp.pb                      2.79621e-104
xr2.xtemp.pcas                    4.44168e-124
xr2.xtemp.nt                      -1.08062e-22
xr2.xtemp.n1                      -1.08039e-21
xr2.xtemp.na                     -9.44541e-189
xr2.xtemp.n2                       6.46872e-22
xr2.xtemp.nb                     -1.10435e-191
xr2.xtemp.pg                      -5.13866e-22
xr2.xtemp.nz                       6.46872e-22
xr2.xtemp.xrz.11                   6.46872e-22
xr2.xtemp.xrz.21                   6.46872e-22
xr2.xtemp.m1d                    -1.93081e-188
xr2.xtemp.m2d                    -4.88915e-191
xr2.xtemp.m3d                      1.44325e-23
xr2.xtemp.nd                       6.15464e-92
xr2.xtemp.nr                     -6.24184e-138
xr2.xtemp.nc                     -1.10435e-191
xr2.xtemp.xr1.11                 -1.10435e-191
xr2.xtemp.xr1.21                 -1.10435e-191
xr2.xtemp.xr2f.11                 -1.29947e-29
xr2.xtemp.xr2f.21                 -1.89874e-30
xr2.xtemp.t5                      -1.89776e-30
xr2.xtemp.xr2t5.11                -1.89679e-30
xr2.xtemp.xr2t5.21                -9.35902e-31
xr2.xtemp.t4                      -9.34926e-31
xr2.xtemp.xr2t4.11                -9.33949e-31
xr2.xtemp.xr2t4.21                -4.54197e-31
xr2.xtemp.t3                      -4.53221e-31
xr2.xtemp.xr2t3.11                -4.52244e-31
xr2.xtemp.xr2t3.21                -2.13059e-31
xr2.xtemp.t2                      -2.12082e-31
xr2.xtemp.xr2t2.11                -2.11106e-31
xr2.xtemp.xr2t2.21                 -9.2224e-32
xr2.xtemp.t1                      -9.12474e-32
xr2.xtemp.xr2t1.11                -9.02709e-32
xr2.xtemp.xr2t1.21                -3.15832e-32
xr2.xtemp.t0                      -3.06066e-32
xr2.xtemp.xr2t0.11                -2.96301e-32
xr2.xtemp.xr2t0.21                -9.76516e-34
xr2.xtemp.xriso.11               -9.44541e-189
xr2.xtemp.xriso.21               -9.44541e-189
xr2.xcmp.bias_okb                            0
xr2.xcmp.nbg                      -3.46589e-42
xr2.xcmp.sns                                 0
xr2.xcmp.xrtop.11                            0
xr2.xcmp.xrtop.21                            0
xr2.xcmp.snsb                                0
xr2.xcmp.xrbot.11                            0
xr2.xcmp.xrbot.21                            0
xr2.xcmp.xrhys.11                            0
xr2.xcmp.xrhys.21                            0
xr2.xcmp.n1                                  0
xr2.xcmp.tn                      -5.75857e-147
xr2.xcmp.na                       6.50524e-147
xr2.xcmp.cmpo                       4.781e-147
xr2.xcmp.vdda                    -1.29216e-148
xr2.por_raw                      -1.13344e-262
xr2.xpor.pdn                      5.04832e-192
xr2.xpor.ndl                      -1.90359e-22
xr2.xpor.ndgp                    -1.66258e-137
xr2.xpor.ndg                      9.39156e-140
xr2.xpor.ndgn                      5.3292e-141
xr2.xpor.pgdg                                0
xr2.xpor.pgdgb                   -3.31251e-215
xr2.xpor.nts                     -1.20912e-165
xr2.xpor.tim                      6.83762e-167
xr2.xpor.nd1                                 0
xr2.xpor.trip                    -1.17463e-185
xr2.xpor.rstb                      1.45254e-97
xr2.xpor.nnand                    -3.36779e-97
vddr3                                        0
ptatr3                            -1.29956e-29
ctatr3                            -7.21518e-24
resetnr3                          1.39346e-144
xr3.xbias.na                                 0
xr3.xbias.pg                       -7.8831e-22
xr3.xbias.nbtop                              0
xr3.vref                                     0
xr3.xbias.nbg                      3.40905e-22
xr3.xbias.xrt.11                             0
xr3.xbias.xrt.21                             0
xr3.xbias.nb                                 0
xr3.xbias.xr1.11                             0
xr3.xbias.xr1.21                             0
xr3.xbias.ec                                 0
xr3.xbias.xr2.11                             0
xr3.xbias.xr2.21                             0
xr3.xbias.er                                 0
xr3.xbias.pb                      -3.40905e-22
xr3.ibias                         -2.23611e-22
xr3.xbias.nt                      -2.84747e-47
xr3.xbias.n1                       6.68959e-69
xr3.xbias.n2                      -3.00197e-25
xr3.xbias.nz                      -3.00198e-25
xr3.xbias.xrz.11                  -3.00198e-25
xr3.xbias.xrz.21                  -3.00197e-25
xr3.xbias.ks1                      1.81244e-72
xr3.xbias.ks2                      8.18234e-52
xr3.xbias.ks3                      3.43659e-47
xr3.xbias.ks4                      1.16941e-41
xr3.xbias.nkg                      1.58249e-21
xr3.xbias.nkm                     -3.40914e-22
xr3.xbias.tok                     -1.22961e-28
xr3.xbias.noko                     2.27294e-22
xr3.xbias.nokl                    -3.40936e-22
xr3.xbias.nokx                               0
xr3.bias_ok                      -6.46192e-249
xr3.xtemp.nbg                      3.46589e-42
xr3.xtemp.enb                    -1.66355e-280
xr3.xtemp.pb                      6.14842e-212
xr3.xtemp.pcas                   -8.99426e-272
xr3.xtemp.nt                      -5.37363e-22
xr3.xtemp.n1                       -1.2946e-21
xr3.xtemp.na                      -7.21518e-24
xr3.xtemp.n2                      -8.61185e-22
xr3.xtemp.nb                      -3.20655e-24
xr3.xtemp.pg                      -5.13969e-22
xr3.xtemp.nz                      -8.61185e-22
xr3.xtemp.xrz.11                  -8.61185e-22
xr3.xtemp.xrz.21                  -8.61185e-22
xr3.xtemp.m1d                      1.44325e-23
xr3.xtemp.m2d                      1.44325e-23
xr3.xtemp.m3d                      1.44325e-23
xr3.xtemp.nd                     -2.80704e-217
xr3.xtemp.nr                      1.53511e-135
xr3.xtemp.nc                      -3.20655e-24
xr3.xtemp.xr1.11                  -3.20655e-24
xr3.xtemp.xr1.21                  -3.20655e-24
xr3.xtemp.xr2f.11                 -1.29947e-29
xr3.xtemp.xr2f.21                 -1.89874e-30
xr3.xtemp.t5                      -1.89776e-30
xr3.xtemp.xr2t5.11                -1.89679e-30
xr3.xtemp.xr2t5.21                -9.35902e-31
xr3.xtemp.t4                      -9.34926e-31
xr3.xtemp.xr2t4.11                -9.33949e-31
xr3.xtemp.xr2t4.21                -4.54197e-31
xr3.xtemp.t3                      -4.53221e-31
xr3.xtemp.xr2t3.11                -4.52244e-31
xr3.xtemp.xr2t3.21                -2.13059e-31
xr3.xtemp.t2                      -2.12082e-31
xr3.xtemp.xr2t2.11                -2.11106e-31
xr3.xtemp.xr2t2.21                 -9.2224e-32
xr3.xtemp.t1                      -9.12474e-32
xr3.xtemp.xr2t1.11                -9.02709e-32
xr3.xtemp.xr2t1.21                -3.15832e-32
xr3.xtemp.t0                      -3.06066e-32
xr3.xtemp.xr2t0.11                -2.96301e-32
xr3.xtemp.xr2t0.21                -9.76516e-34
xr3.xtemp.xriso.11                -7.21518e-24
xr3.xtemp.xriso.21                -7.21518e-24
xr3.xcmp.bias_okb                            0
xr3.xcmp.nbg                       3.46589e-42
xr3.xcmp.sns                                 0
xr3.xcmp.xrtop.11                            0
xr3.xcmp.xrtop.21                            0
xr3.xcmp.snsb                                0
xr3.xcmp.xrbot.11                            0
xr3.xcmp.xrbot.21                            0
xr3.xcmp.xrhys.11                            0
xr3.xcmp.xrhys.21                            0
xr3.xcmp.n1                                  0
xr3.xcmp.tn                      -8.15565e-208
xr3.xcmp.na                       9.21312e-208
xr3.xcmp.cmpo                     6.77115e-208
xr3.xcmp.vdda                    -1.83004e-209
xr3.por_raw                      -9.09574e-263
xr3.xpor.pdn                     -6.74969e-201
xr3.xpor.ndl                       1.90359e-22
xr3.xpor.ndgp                      3.4362e-171
xr3.xpor.ndg                     -1.94103e-173
xr3.xpor.ndgn                    -1.10143e-174
xr3.xpor.pgdg                                0
xr3.xpor.pgdgb                               0
xr3.xpor.nts                      3.94206e-177
xr3.xpor.tim                     -2.22928e-178
xr3.xpor.nd1                      -2.4596e-168
xr3.xpor.trip                    -7.54754e-194
xr3.xpor.rstb                     -5.6843e-177
xr3.xpor.nnand                    1.31793e-176
vddr4                                        0
ptatr4                            -1.29956e-29
ctatr4                            -7.21518e-24
resetnr4                           6.46452e-96
xr4.xbias.na                                 0
xr4.xbias.pg                       -7.8831e-22
xr4.xbias.nbtop                              0
xr4.vref                                     0
xr4.xbias.nbg                      3.40905e-22
xr4.xbias.xrt.11                             0
xr4.xbias.xrt.21                             0
xr4.xbias.nb                                 0
xr4.xbias.xr1.11                             0
xr4.xbias.xr1.21                             0
xr4.xbias.ec                                 0
xr4.xbias.xr2.11                             0
xr4.xbias.xr2.21                             0
xr4.xbias.er                                 0
xr4.xbias.pb                      -3.40905e-22
xr4.ibias                         -2.23611e-22
xr4.xbias.nt                       6.60148e-47
xr4.xbias.n1                       1.23156e-69
xr4.xbias.n2                      -3.00197e-25
xr4.xbias.nz                      -3.00198e-25
xr4.xbias.xrz.11                  -3.00198e-25
xr4.xbias.xrz.21                  -3.00197e-25
xr4.xbias.ks1                     -1.81244e-72
xr4.xbias.ks2                     -8.18234e-52
xr4.xbias.ks3                     -3.43659e-47
xr4.xbias.ks4                     -1.16941e-41
xr4.xbias.nkg                     -1.58249e-21
xr4.xbias.nkm                      3.40914e-22
xr4.xbias.tok                      6.14829e-28
xr4.xbias.noko                     2.27294e-22
xr4.xbias.nokl                     3.40936e-22
xr4.xbias.nokx                               0
xr4.bias_ok                       3.91837e-249
xr4.xtemp.nbg                      3.46589e-42
xr4.xtemp.enb                     6.18708e-179
xr4.xtemp.pb                     -4.66478e-176
xr4.xtemp.pcas                    4.37366e-135
xr4.xtemp.nt                      -3.22069e-21
xr4.xtemp.n1                       1.08384e-20
xr4.xtemp.na                      -7.21518e-24
xr4.xtemp.n2                      -1.42202e-20
xr4.xtemp.nb                       3.20641e-24
xr4.xtemp.pg                      -1.35919e-21
xr4.xtemp.nz                      -1.42202e-20
xr4.xtemp.xrz.11                  -1.42202e-20
xr4.xtemp.xrz.21                  -1.42202e-20
xr4.xtemp.m1d                      1.44325e-23
xr4.xtemp.m2d                     -1.44325e-23
xr4.xtemp.m3d                      1.44325e-23
xr4.xtemp.nd                      -8.47954e-73
xr4.xtemp.nr                     -8.20849e-138
xr4.xtemp.nc                       3.20641e-24
xr4.xtemp.xr1.11                   3.20641e-24
xr4.xtemp.xr1.21                   3.20641e-24
xr4.xtemp.xr2f.11                 -1.29947e-29
xr4.xtemp.xr2f.21                 -1.89874e-30
xr4.xtemp.t5                      -1.89776e-30
xr4.xtemp.xr2t5.11                -1.89679e-30
xr4.xtemp.xr2t5.21                -9.35902e-31
xr4.xtemp.t4                      -9.34926e-31
xr4.xtemp.xr2t4.11                -9.33949e-31
xr4.xtemp.xr2t4.21                -4.54197e-31
xr4.xtemp.t3                      -4.53221e-31
xr4.xtemp.xr2t3.11                -4.52244e-31
xr4.xtemp.xr2t3.21                -2.13059e-31
xr4.xtemp.t2                      -2.12082e-31
xr4.xtemp.xr2t2.11                -2.11106e-31
xr4.xtemp.xr2t2.21                 -9.2224e-32
xr4.xtemp.t1                      -9.12474e-32
xr4.xtemp.xr2t1.11                -9.02709e-32
xr4.xtemp.xr2t1.21                -3.15832e-32
xr4.xtemp.t0                      -3.06066e-32
xr4.xtemp.xr2t0.11                -2.96301e-32
xr4.xtemp.xr2t0.21                -9.76516e-34
xr4.xtemp.xriso.11                -7.21518e-24
xr4.xtemp.xriso.21                -7.21518e-24
xr4.xcmp.bias_okb                            0
xr4.xcmp.nbg                       3.46589e-42
xr4.xcmp.sns                                 0
xr4.xcmp.xrtop.11                            0
xr4.xcmp.xrtop.21                            0
xr4.xcmp.snsb                                0
xr4.xcmp.xrbot.11                            0
xr4.xcmp.xrbot.21                            0
xr4.xcmp.xrhys.11                            0
xr4.xcmp.xrhys.21                            0
xr4.xcmp.n1                                  0
xr4.xcmp.tn                      -8.72483e-132
xr4.xcmp.na                       9.85567e-132
xr4.xcmp.cmpo                     7.24416e-132
xr4.xcmp.vdda                    -1.95825e-133
xr4.por_raw                      -8.72015e-133
xr4.xpor.pdn                     -7.12343e-111
xr4.xpor.ndl                       1.90359e-22
xr4.xpor.ndgp                     -1.7829e-146
xr4.xpor.ndg                      2.18462e-147
xr4.xpor.ndgn                     1.40267e-147
xr4.xpor.pgdg                    -6.55416e-127
xr4.xpor.pgdgb                    5.97327e-139
xr4.xpor.nts                     -1.89484e-133
xr4.xpor.tim                      2.67244e-134
xr4.xpor.nd1                      7.05824e-115
xr4.xpor.trip                                0
xr4.xpor.rstb                    -1.18547e-111
xr4.xpor.nnand                     2.6499e-111
vr4#branch                         2.56006e-32
vr3#branch                        -2.70927e-33
vr2#branch                        -1.69125e-33
vr1#branch                        -2.82942e-33

 Reference value :  0.00000e+00
 Reference value :  8.24753e-07
 Reference value :  8.67113e-07
 Reference value :  9.14343e-07
 Reference value :  1.18005e-06
 Reference value :  2.07867e-06
 Reference value :  2.37758e-06
 Reference value :  2.43181e-06
 Reference value :  2.43417e-06
 Reference value :  2.47238e-06
 Reference value :  2.90637e-06
 Reference value :  3.90674e-06
 Reference value :  4.73134e-06
 Reference value :  4.74178e-06
 Reference value :  4.95113e-06
 Reference value :  6.33378e-06
 Reference value :  7.65318e-06
 Reference value :  7.91704e-06
 Reference value :  8.22007e-06
 Reference value :  1.08751e-05
 Reference value :  1.27855e-05
 Reference value :  1.27978e-05
 Reference value :  1.50937e-05
 Reference value :  1.80459e-05
 Reference value :  1.87823e-05
 Reference value :  1.88947e-05
 Reference value :  1.89019e-05
 Reference value :  1.91561e-05
 Reference value :  2.34657e-05
 Reference value :  3.15693e-05
 Reference value :  3.17824e-05
 Reference value :  3.18372e-05
 Reference value :  3.49792e-05
 Reference value :  3.95595e-05
 Reference value :  4.02934e-05
 Reference value :  4.03032e-05
 Reference value :  4.08631e-05
 Reference value :  5.19953e-05
 Reference value :  5.80438e-05
 Reference value :  5.80977e-05
 Reference value :  6.42438e-05
 Reference value :  1.77902e-04
 Reference value :  5.62094e-04
 Reference value :  5.79793e-04
 Reference value :  7.52495e-04
 Reference value :  5.59878e-03
 Reference value :  8.10573e-03
 Reference value :  8.73073e-03
 Reference value :  9.04323e-03
 Reference value :  9.19948e-03
 Reference value :  9.34175e-03
 Reference value :  9.38473e-03
 Reference value :  9.41396e-03
 Reference value :  9.41517e-03
 Reference value :  9.41531e-03
 Reference value :  9.41537e-03
 Reference value :  9.41557e-03
 Reference value :  9.41641e-03
 Reference value :  9.41717e-03
 Reference value :  9.41723e-03
 Reference value :  9.41740e-03
 Reference value :  9.41827e-03
 Reference value :  9.41841e-03
 Reference value :  9.41938e-03
 Reference value :  9.41959e-03
 Reference value :  9.42049e-03
 Reference value :  9.42068e-03
 Reference value :  9.42109e-03
 Reference value :  9.42192e-03
 Reference value :  9.43737e-03
 Reference value :  9.86294e-03
 Reference value :  9.90050e-03
 Reference value :  9.90367e-03
 Reference value :  9.90448e-03
 Reference value :  9.90450e-03
 Reference value :  9.90451e-03
 Reference value :  9.90451e-03
 Reference value :  9.90451e-03
 Reference value :  9.90455e-03
 Reference value :  9.91106e-03
 Reference value :  9.92606e-03
 Reference value :  1.05912e-02
 Reference value :  1.07991e-02
 Reference value :  1.08836e-02
 Reference value :  1.09157e-02
 Reference value :  1.09166e-02
 Reference value :  1.09167e-02
 Reference value :  1.09167e-02
 Reference value :  1.09167e-02
 Reference value :  1.09168e-02
 Reference value :  1.09179e-02
 Reference value :  1.09255e-02
 Reference value :  1.09366e-02
 Reference value :  1.58006e-02
 Reference value :  1.91535e-02
 Reference value :  2.00285e-02
 Reference value :  2.01066e-02
 Reference value :  2.02159e-02
 Reference value :  2.02214e-02
 Reference value :  2.02217e-02
 Reference value :  2.02218e-02
 Reference value :  2.02218e-02
 Reference value :  2.02226e-02
 Reference value :  2.02235e-02
 Reference value :  2.02236e-02
 Reference value :  2.02238e-02
 Reference value :  2.02246e-02
 Reference value :  2.02247e-02
 Reference value :  2.02257e-02
 Reference value :  2.02259e-02
 Reference value :  2.02269e-02
 Reference value :  2.02270e-02
 Reference value :  2.02278e-02
 Reference value :  2.02296e-02
 Reference value :  2.50541e-02
 Reference value :  4.70900e-02
 Reference value :  4.75275e-02
 Reference value :  5.78437e-02
 Reference value :  6.77659e-02
 Reference value :  1.03516e-01
 Reference value :  1.05636e-01
 Reference value :  1.29515e-01
 Reference value :  1.30002e-01
 Reference value :  1.30014e-01
 Reference value :  1.30089e-01
 Reference value :  1.30098e-01
 Reference value :  1.30098e-01
 Reference value :  1.30098e-01
 Reference value :  1.30099e-01
 Reference value :  1.30111e-01
 Reference value :  1.30115e-01
 Reference value :  1.30116e-01
 Reference value :  1.30118e-01
 Reference value :  1.30126e-01
 Reference value :  1.33599e-01
 Reference value :  1.53349e-01
 Reference value :  1.91099e-01
 Reference value :  2.04849e-01
 Reference value :  2.18599e-01
 Reference value :  2.32349e-01
 Reference value :  2.60147e-01
 Reference value :  2.60184e-01
 Reference value :  2.60208e-01
 Reference value :  2.60209e-01
 Reference value :  2.60210e-01
 Reference value :  2.60211e-01
 Reference value :  2.60216e-01
 Reference value :  2.60217e-01
 Reference value :  2.60222e-01
 Reference value :  2.60223e-01
 Reference value :  2.60223e-01
 Reference value :  2.60226e-01
 Reference value :  2.60233e-01
 Reference value :  2.64143e-01
 Reference value :  2.65893e-01
 Reference value :  2.66518e-01
 Reference value :  2.66830e-01
 Reference value :  2.66846e-01
 Reference value :  2.66955e-01
 Reference value :  2.66976e-01
 Reference value :  2.66977e-01
 Reference value :  2.66977e-01
 Reference value :  2.66977e-01
 Reference value :  2.66978e-01
 Reference value :  2.66978e-01
 Reference value :  2.66979e-01
 Reference value :  2.66979e-01
 Reference value :  2.66979e-01
 Reference value :  2.66979e-01
 Reference value :  2.66980e-01
 Reference value :  2.66980e-01
 Reference value :  2.66981e-01
 Reference value :  2.66982e-01
 Reference value :  2.66982e-01
 Reference value :  2.66982e-01
 Reference value :  2.66983e-01
 Reference value :  2.66983e-01
 Reference value :  2.66984e-01
 Reference value :  2.66985e-01
 Reference value :  2.66996e-01
 Reference value :  2.74402e-01
 Reference value :  2.89558e-01
 Reference value :  2.92433e-01
 Reference value :  3.02433e-01
 Reference value :  3.14183e-01
 Reference value :  3.14246e-01
 Reference value :  3.26371e-01
 Reference value :  3.48121e-01
 Reference value :  3.72250e-01
 Reference value :  3.76000e-01
 Reference value :  3.83750e-01
 Reference value :  3.85500e-01
 Reference value :  4.25000e-01
 Reference value :  4.47250e-01
 Reference value :  4.51000e-01
 Reference value :  4.51625e-01
 Reference value :  4.55625e-01
 Reference value :  4.57375e-01
 Reference value :  4.59125e-01
 Reference value :  4.60875e-01
 Reference value :  4.62625e-01
 Reference value :  4.68375e-01
 Reference value :  4.72125e-01
 Reference value :  4.75344e-01
 Reference value :  4.75844e-01
 Reference value :  4.77969e-01
 Reference value :  4.78484e-01
 Reference value :  4.80703e-01
 Reference value :  4.84453e-01
 Reference value :  4.94203e-01
 Reference value :  4.97953e-01
 Reference value :  5.03703e-01
 Reference value :  5.09453e-01
 Reference value :  5.17203e-01
 Reference value :  5.44734e-01
 Reference value :  5.48922e-01
 Reference value :  5.52453e-01
 Reference value :  5.53515e-01
 Reference value :  5.59515e-01
 Reference value :  5.69015e-01
 Reference value :  5.69265e-01
 Reference value :  5.71015e-01
 Reference value :  5.71078e-01
 Reference value :  5.85203e-01
 Reference value :  5.92953e-01
 Reference value :  6.16453e-01
 Reference value :  6.38703e-01
 Reference value :  6.39328e-01
 Reference value :  6.41328e-01
 Reference value :  6.41390e-01
 Reference value :  6.53193e-01
 Reference value :  6.63225e-01
 Reference value :  6.69412e-01
 Reference value :  6.69475e-01
 Reference value :  6.81600e-01
 Reference value :  6.81662e-01
 Reference value :  7.05537e-01
 Reference value :  7.09787e-01
 Reference value :  7.21537e-01
 Reference value :  7.23287e-01
 Reference value :  7.51037e-01
 Reference value :  7.70537e-01
 Reference value :  7.72787e-01
 Reference value :  7.74537e-01
 Reference value :  7.78287e-01
 Reference value :  7.88037e-01
 Reference value :  7.93787e-01
 Reference value :  7.95537e-01
 Reference value :  8.01287e-01
 Reference value :  8.13037e-01
 Reference value :  8.13662e-01
 Reference value :  8.14537e-01
 Reference value :  8.22537e-01
 Reference value :  8.26287e-01
 Reference value :  8.36037e-01
 Reference value :  8.57787e-01
 Reference value :  8.69537e-01
 Reference value :  8.71287e-01
 Reference value :  8.75037e-01
 Reference value :  9.18787e-01
 Reference value :  9.44287e-01
 Reference value :  9.50537e-01
 Reference value :  9.82068e-01
 Reference value :  9.82287e-01
 Reference value :  1.02422e+00
 Reference value :  1.06422e+00
 Reference value :  1.10822e+00
 Reference value :  1.15022e+00
 Reference value :  1.20422e+00
 Reference value :  1.28222e+00
 Reference value :  1.28447e+00
 Reference value :  1.28605e+00
 Reference value :  1.28710e+00
 Reference value :  1.28716e+00
 Reference value :  1.28720e+00
 Reference value :  1.28721e+00
 Reference value :  1.28723e+00
 Reference value :  1.28724e+00
 Reference value :  1.28725e+00
 Reference value :  1.28727e+00
 Reference value :  1.28727e+00
 Reference value :  1.28727e+00
 Reference value :  1.28727e+00
 Reference value :  1.28729e+00
 Reference value :  1.28742e+00
 Reference value :  1.28837e+00
 Reference value :  1.30368e+00
 Reference value :  1.35568e+00
 Reference value :  1.43568e+00
 Reference value :  1.50768e+00
 Reference value :  1.57768e+00
 Reference value :  1.64768e+00
 Reference value :  1.72168e+00
 Reference value :  1.79168e+00
 Reference value :  1.86368e+00
 Reference value :  1.93168e+00
 Reference value :  2.00368e+00
 Reference value :  2.03768e+00
 Reference value :  2.10968e+00
 Reference value :  2.17768e+00
 Reference value :  2.24968e+00
 Reference value :  2.32368e+00
 Reference value :  2.39568e+00
 Reference value :  2.46968e+00
 Reference value :  2.54568e+00
 Reference value :  2.60027e+00
 Reference value :  2.60131e+00
 Reference value :  2.60132e+00
 Reference value :  2.60135e+00
 Reference value :  2.60135e+00
 Reference value :  2.60135e+00
 Reference value :  2.60136e+00
 Reference value :  2.60136e+00
 Reference value :  2.60136e+00
 Reference value :  2.60136e+00
 Reference value :  2.60137e+00
 Reference value :  2.60137e+00
 Reference value :  2.60137e+00
 Reference value :  2.60139e+00
 Reference value :  2.60750e+00
 Reference value :  2.60775e+00
 Reference value :  2.60781e+00
 Reference value :  2.60783e+00
 Reference value :  2.60786e+00
 Reference value :  2.60790e+00
 Reference value :  2.60792e+00
 Reference value :  2.60793e+00
 Reference value :  2.60793e+00
 Reference value :  2.60793e+00
 Reference value :  2.60793e+00
 Reference value :  2.60793e+00
 Reference value :  2.60793e+00
 Reference value :  2.60793e+00
 Reference value :  2.60793e+00
 Reference value :  2.60793e+00
 Reference value :  2.60793e+00
 Reference value :  2.60793e+00
 Reference value :  2.60793e+00
 Reference value :  2.60793e+00
 Reference value :  2.60793e+00
 Reference value :  2.60793e+00
 Reference value :  2.60793e+00
 Reference value :  2.60799e+00
 Reference value :  2.64899e+00
 Reference value :  2.72499e+00
 Reference value :  2.81699e+00
 Reference value :  2.89899e+00
 Reference value :  2.97299e+00
 Reference value :  3.05899e+00
 Reference value :  3.14699e+00
 Reference value :  3.22299e+00
 Reference value :  3.30699e+00
 Reference value :  3.39299e+00
 Reference value :  3.47299e+00
 Reference value :  3.57499e+00
 Reference value :  3.64700e+00
No. of Data Rows : 5636
trel1               =  2.60793e+00
trel1_last          =  2.60793e+00
vddrel1             =  2.60793e+00
rst1_at1v           =  1.06586e-09
rst1_at2v           =  5.20959e-10
trel2               =  2.66977e-01
trel2_last          =  2.66977e-01
vddrel2             =  2.66977e+00
rst2_at1v           =  1.48337e-09
rst2_at2v           =  6.30725e-10
trel3               =  9.41531e-03
trel3_last          =  9.41531e-03
vddrel3             =  3.63000e+00
rst3_at1v           =  4.65631e-06
rst3_at2v           =  1.21958e-06
trel4               =  2.02218e-02
trel4_last          =  2.02218e-02
vddrel4             =  3.63000e+00
rst4_at1v           =  5.23067e-05
rst4_at2v           =  1.22052e-05
vref_rel4           =  1.20352e+00
biasok_rel4         =  3.63009e+00
m_vddrel_1vs_v = 2.6079260000e+00
m_vddrel_10vs_v = 2.6697750000e+00
m_vddrel_100kvs_v = 3.6300000000e+00
m_vddrel_1mvs_v = 3.6300000000e+00
m_chatter_1vs_us = 0.0000000000e+00
m_chatter_10vs_us = 0.0000000000e+00
m_chatter_100kvs_us = 0.0000000000e+00
m_chatter_1mvs_us = 0.0000000000e+00
m_resetn_at_1v_1vs_mv = 1.0658550000e-06
m_resetn_at_2v_1vs_mv = 5.2095910000e-07
m_resetn_at_1v_10vs_mv = 1.4833720000e-06
m_resetn_at_2v_10vs_mv = 6.3072540000e-07
m_resetn_at_1v_100kvs_mv = 4.6563140000e-03
m_resetn_at_2v_100kvs_mv = 1.2195770000e-03
m_resetn_at_1v_1mvs_mv = 5.2306750000e-02
m_resetn_at_2v_1mvs_mv = 1.2205200000e-02
m_t_release_1vs_ms = 2.6079260000e+03
m_t_release_10vs_ms = 2.6697750000e+02
m_t_release_100kvs_ms = 9.4153100000e+00
m_t_release_1mvs_ms = 2.0221750000e+01
m_vref_at_rel_1mvs_v = 1.2035150000e+00
m_biasok_at_rel_1mvs_v = 3.6300900000e+00
Note: Simulation executed from .control section 

Warning: m=xx on .subckt line will override multiplier m hierarchy!

