
Note: Compatibility modes selected: hs a


Circuit: * por-ramp-rate @ res_ss_27c_3.30v -- generated by sim/harness, do not edit

Doing analysis at TEMP = 27.000000 and TNOM = 27.000000

Using SPARSE 1.3 as Direct Linear Solver

Initial Transient Solution
--------------------------

Node                                   Voltage
----                                   -------
vddr1                                        0
ptatr1                            -2.38254e-52
ctatr1                            -4.97972e-39
resetnr1                          -7.03264e-42
xr1.xbias.na                       4.57806e-98
xr1.xbias.pg                      -1.44865e-48
xr1.xbias.nbtop                   -3.15484e-91
xr1.vref                          -8.31187e-95
xr1.xbias.nbg                     -3.57745e-61
xr1.xbias.xrt.11                  -3.15484e-91
xr1.xbias.xrt.21                  -3.15484e-91
xr1.xbias.nb                      -3.15484e-91
xr1.xbias.xr1.11                  -3.15484e-91
xr1.xbias.xr1.21                  -3.15484e-91
xr1.xbias.ec                      -3.15484e-91
xr1.xbias.xr2.11                  -8.31187e-95
xr1.xbias.xr2.21                  -8.31194e-95
xr1.xbias.er                      -8.31194e-95
xr1.xbias.pb                      -5.84972e-62
xr1.ibias                         -1.60666e-31
xr1.xbias.nt                       5.28211e-53
xr1.xbias.n1                      -7.13465e-54
xr1.xbias.n2                      -1.64975e-51
xr1.xbias.nz                      -1.64975e-51
xr1.xbias.xrz.11                  -1.64975e-51
xr1.xbias.xrz.21                  -1.64975e-51
xr1.xbias.ks1                      7.12498e-43
xr1.xbias.ks2                     -8.87727e-42
xr1.xbias.ks3                      1.09891e-40
xr1.xbias.ks4                     -1.36033e-39
xr1.xbias.nkg                      1.68389e-38
xr1.xbias.nkm                     -8.44775e-65
xr1.xbias.tok                      4.30026e-54
xr1.xbias.noko                    -2.45511e-55
xr1.xbias.nokl                    -1.38518e-52
xr1.xbias.nokx                     6.53856e-47
xr1.bias_ok                        6.72048e-34
xr1.xtemp.nbg                      2.33338e-31
xr1.xtemp.enb                      2.23894e-89
xr1.xtemp.pb                       7.84685e-33
xr1.xtemp.pcas                    -2.76163e-35
xr1.xtemp.nt                       1.47219e-25
xr1.xtemp.n1                       8.57155e-25
xr1.xtemp.na                      -4.97972e-39
xr1.xtemp.n2                      -1.80316e-25
xr1.xtemp.nb                      -9.22224e-43
xr1.xtemp.pg                      -9.74756e-24
xr1.xtemp.nz                      -1.80316e-25
xr1.xtemp.xrz.11                  -1.80316e-25
xr1.xtemp.xrz.21                  -1.80316e-25
xr1.xtemp.m1d                      2.30666e-39
xr1.xtemp.m2d                      2.67314e-42
xr1.xtemp.m3d                      1.79675e-46
xr1.xtemp.nd                      -2.56902e-32
xr1.xtemp.nr                       1.15878e-41
xr1.xtemp.nc                      -9.22224e-43
xr1.xtemp.xr1.11                  -9.22224e-43
xr1.xtemp.xr1.21                  -9.22224e-43
xr1.xtemp.xr2f.11                 -2.38243e-52
xr1.xtemp.xr2f.21                 -3.47343e-53
xr1.xtemp.t5                      -3.47233e-53
xr1.xtemp.xr2t5.11                -3.47124e-53
xr1.xtemp.xr2t5.21                -1.70886e-53
xr1.xtemp.t4                      -1.70777e-53
xr1.xtemp.xr2t4.11                -1.70667e-53
xr1.xtemp.xr2t4.21                -8.26759e-54
xr1.xtemp.t3                      -8.25666e-54
xr1.xtemp.xr2t3.11                -8.24573e-54
xr1.xtemp.xr2t3.21                -3.85883e-54
xr1.xtemp.t2                       -3.8479e-54
xr1.xtemp.xr2t2.11                -3.83697e-54
xr1.xtemp.xr2t2.21                -1.65657e-54
xr1.xtemp.t1                      -1.64564e-54
xr1.xtemp.xr2t1.11                -1.63471e-54
xr1.xtemp.xr2t1.21                -5.58322e-55
xr1.xtemp.t0                      -5.47393e-55
xr1.xtemp.xr2t0.11                -5.36463e-55
xr1.xtemp.xr2t0.21                -1.09298e-56
xr1.xtemp.xriso.11                -4.97972e-39
xr1.xtemp.xriso.21                -4.97972e-39
xr1.xcmp.bias_okb                -4.28714e-269
xr1.xcmp.nbg                       2.28351e-31
xr1.xcmp.sns                                 0
xr1.xcmp.xrtop.11                            0
xr1.xcmp.xrtop.21                            0
xr1.xcmp.snsb                                0
xr1.xcmp.xrbot.11                            0
xr1.xcmp.xrbot.21                            0
xr1.xcmp.xrhys.11                            0
xr1.xcmp.xrhys.21                            0
xr1.xcmp.n1                       -1.12556e-65
xr1.xcmp.tn                       -3.75646e-59
xr1.xcmp.na                        2.41425e-59
xr1.xcmp.cmpo                      2.32269e-59
xr1.xcmp.vdda                      6.48877e-60
xr1.por_raw                       -1.04871e-66
xr1.xpor.pdn                     -2.52899e-153
xr1.xpor.ndl                      -1.21404e-67
xr1.xpor.ndgp                     -8.47515e-59
xr1.xpor.ndg                      -7.14041e-58
xr1.xpor.ndgn                      1.29682e-57
xr1.xpor.pgdg                      1.34366e-39
xr1.xpor.pgdgb                    -6.98181e-54
xr1.xpor.nts                       7.63587e-52
xr1.xpor.tim                       3.58682e-50
xr1.xpor.nd1                      -4.49246e-66
xr1.xpor.trip                     6.63288e-134
xr1.xpor.rstb                      4.14799e-34
xr1.xpor.nnand                    -1.52416e-33
vddr2                                        0
ptatr2                            -7.10968e-52
ctatr2                            -6.30488e-39
resetnr2                           2.53072e-41
xr2.xbias.na                       8.02989e-98
xr2.xbias.pg                      -1.36601e-48
xr2.xbias.nbtop                    2.56267e-92
xr2.vref                           5.99731e-96
xr2.xbias.nbg                     -1.22857e-61
xr2.xbias.xrt.11                   2.56267e-92
xr2.xbias.xrt.21                   2.56267e-92
xr2.xbias.nb                       2.56267e-92
xr2.xbias.xr1.11                   2.56267e-92
xr2.xbias.xr1.21                   2.56268e-92
xr2.xbias.ec                       2.56268e-92
xr2.xbias.xr2.11                   5.99731e-96
xr2.xbias.xr2.21                   5.99736e-96
xr2.xbias.er                       5.99736e-96
xr2.xbias.pb                       2.00919e-62
xr2.ibias                          6.96095e-32
xr2.xbias.nt                       4.97806e-53
xr2.xbias.n1                      -6.67976e-54
xr2.xbias.n2                      -1.55513e-51
xr2.xbias.nz                      -1.55513e-51
xr2.xbias.xrz.11                  -1.55513e-51
xr2.xbias.xrz.21                  -1.55513e-51
xr2.xbias.ks1                     -6.92922e-43
xr2.xbias.ks2                      8.63337e-42
xr2.xbias.ks3                     -1.06872e-40
xr2.xbias.ks4                      1.32295e-39
xr2.xbias.nkg                     -1.63763e-38
xr2.xbias.nkm                     -7.16884e-65
xr2.xbias.tok                      7.56062e-55
xr2.xbias.noko                    -4.72178e-56
xr2.xbias.nokl                    -2.43531e-53
xr2.xbias.nokx                     -7.7751e-47
xr2.bias_ok                        3.37807e-34
xr2.xtemp.nbg                      -9.8075e-32
xr2.xtemp.enb                     -1.46904e-73
xr2.xtemp.pb                       6.15081e-32
xr2.xtemp.pcas                      5.1838e-34
xr2.xtemp.nt                       6.94717e-24
xr2.xtemp.n1                       2.86559e-23
xr2.xtemp.na                      -6.30488e-39
xr2.xtemp.n2                       4.45116e-24
xr2.xtemp.nb                       -7.9244e-19
xr2.xtemp.pg                       2.42083e-24
xr2.xtemp.nz                       4.45116e-24
xr2.xtemp.xrz.11                   4.45116e-24
xr2.xtemp.xrz.21                   4.45116e-24
xr2.xtemp.m1d                      2.90156e-39
xr2.xtemp.m2d                      4.93166e-18
xr2.xtemp.m3d                      5.36165e-46
xr2.xtemp.nd                       1.00387e-32
xr2.xtemp.nr                      -3.31619e-41
xr2.xtemp.nc                       -7.9244e-19
xr2.xtemp.xr1.11                   -7.9244e-19
xr2.xtemp.xr1.21                   -7.9244e-19
xr2.xtemp.xr2f.11                 -7.10936e-52
xr2.xtemp.xr2f.21                  -1.0365e-52
xr2.xtemp.t5                      -1.03617e-52
xr2.xtemp.xr2t5.11                -1.03584e-52
xr2.xtemp.xr2t5.21                -5.09937e-53
xr2.xtemp.t4                      -5.09611e-53
xr2.xtemp.xr2t4.11                -5.09284e-53
xr2.xtemp.xr2t4.21                -2.46711e-53
xr2.xtemp.t3                      -2.46385e-53
xr2.xtemp.xr2t3.11                -2.46059e-53
xr2.xtemp.xr2t3.21                 -1.1515e-53
xr2.xtemp.t2                      -1.14824e-53
xr2.xtemp.xr2t2.11                -1.14498e-53
xr2.xtemp.xr2t2.21                -4.94333e-54
xr2.xtemp.t1                      -4.91071e-54
xr2.xtemp.xr2t1.11                 -4.8781e-54
xr2.xtemp.xr2t1.21                -1.66608e-54
xr2.xtemp.t0                      -1.63346e-54
xr2.xtemp.xr2t0.11                -1.60085e-54
xr2.xtemp.xr2t0.21                -3.26154e-56
xr2.xtemp.xriso.11                -6.30488e-39
xr2.xtemp.xriso.21                -6.30488e-39
xr2.xcmp.bias_okb                 1.81151e-254
xr2.xcmp.nbg                      -1.01954e-31
xr2.xcmp.sns                                 0
xr2.xcmp.xrtop.11                            0
xr2.xcmp.xrtop.21                            0
xr2.xcmp.snsb                                0
xr2.xcmp.xrbot.11                            0
xr2.xcmp.xrbot.21                            0
xr2.xcmp.xrhys.11                            0
xr2.xcmp.xrhys.21                            0
xr2.xcmp.n1                       -1.69622e-66
xr2.xcmp.tn                       -1.98004e-59
xr2.xcmp.na                        1.27251e-59
xr2.xcmp.cmpo                      1.22423e-59
xr2.xcmp.vdda                      3.42004e-60
xr2.por_raw                         -4.773e-66
xr2.xpor.pdn                     -2.99265e-153
xr2.xpor.ndl                      -1.22727e-67
xr2.xpor.ndgp                     -2.66775e-59
xr2.xpor.ndg                      -2.24761e-58
xr2.xpor.ndgn                      4.08206e-58
xr2.xpor.pgdg                      1.87013e-41
xr2.xpor.pgdgb                    -4.76123e-54
xr2.xpor.nts                       4.14599e-52
xr2.xpor.tim                        1.9475e-50
xr2.xpor.nd1                      -4.77369e-66
xr2.xpor.trip                     6.63278e-134
xr2.xpor.rstb                      2.42367e-34
xr2.xpor.nnand                    -8.90567e-34
vddr3                                        0
ptatr3                             9.28563e-34
ctatr3                            -7.93997e-25
resetnr3                           1.74488e-41
xr3.xbias.na                      -1.63784e-97
xr3.xbias.pg                       -2.0109e-48
xr3.xbias.nbtop                   -4.92794e-91
xr3.vref                          -1.23738e-94
xr3.xbias.nbg                      -7.5168e-61
xr3.xbias.xrt.11                  -4.92794e-91
xr3.xbias.xrt.21                  -4.92794e-91
xr3.xbias.nb                      -4.92794e-91
xr3.xbias.xr1.11                  -4.92794e-91
xr3.xbias.xr1.21                  -4.92794e-91
xr3.xbias.ec                      -4.92794e-91
xr3.xbias.xr2.11                  -1.23738e-94
xr3.xbias.xr2.21                  -1.23739e-94
xr3.xbias.er                      -1.23739e-94
xr3.xbias.pb                      -2.27426e-62
xr3.ibias                         -2.32102e-31
xr3.xbias.nt                       7.32987e-53
xr3.xbias.n1                       -9.8483e-54
xr3.xbias.n2                      -2.28963e-51
xr3.xbias.nz                      -2.28964e-51
xr3.xbias.xrz.11                  -2.28964e-51
xr3.xbias.xrz.21                  -2.28963e-51
xr3.xbias.ks1                     -3.89989e-42
xr3.xbias.ks2                      4.85902e-41
xr3.xbias.ks3                     -6.01495e-40
xr3.xbias.ks4                      7.44583e-39
xr3.xbias.nkg                     -9.21687e-38
xr3.xbias.nkm                     -1.05123e-64
xr3.xbias.tok                      3.10797e-54
xr3.xbias.noko                     -1.9418e-55
xr3.xbias.nokl                    -1.00109e-52
xr3.xbias.nokx                     6.75171e-47
xr3.bias_ok                       -5.16976e-34
xr3.xtemp.nbg                      3.36558e-31
xr3.xtemp.enb                     -1.46913e-73
xr3.xtemp.pb                       1.32407e-32
xr3.xtemp.pcas                    -2.31466e-34
xr3.xtemp.nt                       6.21753e-22
xr3.xtemp.n1                       6.97508e-22
xr3.xtemp.na                      -7.93997e-25
xr3.xtemp.n2                       2.44695e-21
xr3.xtemp.nb                      -8.39281e-29
xr3.xtemp.pg                      -2.73328e-21
xr3.xtemp.nz                       2.44695e-21
xr3.xtemp.xrz.11                   2.44695e-21
xr3.xtemp.xrz.21                   2.44695e-21
xr3.xtemp.m1d                     -3.37929e-25
xr3.xtemp.m2d                      3.31051e-28
xr3.xtemp.m3d                     -9.41579e-28
xr3.xtemp.nd                      -1.43284e-21
xr3.xtemp.nr                      -2.38297e-23
xr3.xtemp.nc                      -8.39281e-29
xr3.xtemp.xr1.11                  -8.39281e-29
xr3.xtemp.xr1.21                  -8.39281e-29
xr3.xtemp.xr2f.11                   9.2852e-34
xr3.xtemp.xr2f.21                  1.35372e-34
xr3.xtemp.t5                       1.35329e-34
xr3.xtemp.xr2t5.11                 1.35287e-34
xr3.xtemp.xr2t5.21                 6.66004e-35
xr3.xtemp.t4                       6.65578e-35
xr3.xtemp.xr2t4.11                 6.65152e-35
xr3.xtemp.xr2t4.21                 3.22218e-35
xr3.xtemp.t3                       3.21792e-35
xr3.xtemp.xr2t3.11                 3.21366e-35
xr3.xtemp.xr2t3.21                 1.50393e-35
xr3.xtemp.t2                       1.49967e-35
xr3.xtemp.xr2t2.11                 1.49541e-35
xr3.xtemp.xr2t2.21                 6.45625e-36
xr3.xtemp.t1                       6.41366e-36
xr3.xtemp.xr2t1.11                 6.37106e-36
xr3.xtemp.xr2t1.21                 2.17599e-36
xr3.xtemp.t0                       2.13339e-36
xr3.xtemp.xr2t0.11                 2.09079e-36
xr3.xtemp.xr2t0.21                 4.25975e-38
xr3.xtemp.xriso.11                -7.93997e-25
xr3.xtemp.xriso.21                -7.93997e-25
xr3.xcmp.bias_okb                -5.35889e-269
xr3.xcmp.nbg                        3.3041e-31
xr3.xcmp.sns                                 0
xr3.xcmp.xrtop.11                            0
xr3.xcmp.xrtop.21                            0
xr3.xcmp.snsb                                0
xr3.xcmp.xrbot.11                            0
xr3.xcmp.xrbot.21                            0
xr3.xcmp.xrhys.11                            0
xr3.xcmp.xrhys.21                            0
xr3.xcmp.n1                       -4.21121e-66
xr3.xcmp.tn                       -2.70255e-59
xr3.xcmp.na                        1.73691e-59
xr3.xcmp.cmpo                      1.67086e-59
xr3.xcmp.vdda                      4.66777e-60
xr3.por_raw                       -3.34569e-66
xr3.xpor.pdn                     -2.76529e-153
xr3.xpor.ndl                      -1.22499e-67
xr3.xpor.ndgp                     -3.99231e-59
xr3.xpor.ndg                      -3.36357e-58
xr3.xpor.ndgn                      6.10884e-58
xr3.xpor.pgdg                     -4.64267e-40
xr3.xpor.pgdgb                    -5.51044e-54
xr3.xpor.nts                       8.52053e-52
xr3.xpor.tim                       4.00237e-50
xr3.xpor.nd1                       9.08579e-66
xr3.xpor.trip                     6.63274e-134
xr3.xpor.rstb                         6.68e-35
xr3.xpor.nnand                    -2.45454e-34
vddr4                                        0
ptatr4                             7.80795e-54
ctatr4                            -4.56993e-40
resetnr4                           -9.4828e-41
xr4.xbias.na                       8.02818e-99
xr4.xbias.pg                      -1.55185e-48
xr4.xbias.nbtop                   -2.20228e-91
xr4.vref                          -1.29229e-95
xr4.xbias.nbg                     -9.04937e-61
xr4.xbias.xrt.11                  -2.20228e-91
xr4.xbias.xrt.21                  -2.20228e-91
xr4.xbias.nb                      -2.20228e-91
xr4.xbias.xr1.11                  -2.20228e-91
xr4.xbias.xr1.21                  -2.20228e-91
xr4.xbias.ec                      -2.20228e-91
xr4.xbias.xr2.11                  -1.29229e-95
xr4.xbias.xr2.21                   -1.2923e-95
xr4.xbias.er                       -1.2923e-95
xr4.xbias.pb                       2.58346e-62
xr4.ibias                         -2.23808e-31
xr4.xbias.nt                       5.65632e-53
xr4.xbias.n1                      -7.60247e-54
xr4.xbias.n2                      -1.76689e-51
xr4.xbias.nz                      -1.76689e-51
xr4.xbias.xrz.11                  -1.76689e-51
xr4.xbias.xrz.21                  -1.76689e-51
xr4.xbias.ks1                     -1.00039e-42
xr4.xbias.ks2                      1.24643e-41
xr4.xbias.ks3                     -1.54294e-40
xr4.xbias.ks4                      1.90999e-39
xr4.xbias.nkg                      -2.3643e-38
xr4.xbias.nkm                     -4.28222e-65
xr4.xbias.tok                      6.62764e-54
xr4.xbias.noko                    -3.67026e-55
xr4.xbias.nokl                    -2.13553e-52
xr4.xbias.nokx                      7.6465e-47
xr4.bias_ok                        -1.5249e-34
xr4.xtemp.nbg                      3.26194e-31
xr4.xtemp.enb                       3.5735e-88
xr4.xtemp.pb                         1.384e-33
xr4.xtemp.pcas                    -2.35493e-34
xr4.xtemp.nt                       6.00953e-22
xr4.xtemp.n1                       2.44815e-21
xr4.xtemp.na                      -4.56992e-40
xr4.xtemp.n2                       4.12953e-22
xr4.xtemp.nb                       2.81197e-44
xr4.xtemp.pg                      -1.41861e-20
xr4.xtemp.nz                       4.12953e-22
xr4.xtemp.xrz.11                   4.12953e-22
xr4.xtemp.xrz.21                   4.12953e-22
xr4.xtemp.m1d                      1.82735e-40
xr4.xtemp.m2d                     -7.94707e-44
xr4.xtemp.m3d                     -5.88824e-48
xr4.xtemp.nd                      -8.10982e-33
xr4.xtemp.nr                      -2.47385e-41
xr4.xtemp.nc                       2.81197e-44
xr4.xtemp.xr1.11                   2.81197e-44
xr4.xtemp.xr1.21                   2.81197e-44
xr4.xtemp.xr2f.11                  7.80759e-54
xr4.xtemp.xr2f.21                   1.1383e-54
xr4.xtemp.t5                       1.13794e-54
xr4.xtemp.xr2t5.11                 1.13758e-54
xr4.xtemp.xr2t5.21                  5.6002e-55
xr4.xtemp.t4                       5.59662e-55
xr4.xtemp.xr2t4.11                 5.59303e-55
xr4.xtemp.xr2t4.21                 2.70941e-55
xr4.xtemp.t3                       2.70583e-55
xr4.xtemp.xr2t3.11                 2.70225e-55
xr4.xtemp.xr2t3.21                  1.2646e-55
xr4.xtemp.t2                       1.26102e-55
xr4.xtemp.xr2t2.11                 1.25743e-55
xr4.xtemp.xr2t2.21                 5.42883e-56
xr4.xtemp.t1                       5.39301e-56
xr4.xtemp.xr2t1.11                 5.35719e-56
xr4.xtemp.xr2t1.21                 1.82971e-56
xr4.xtemp.t0                       1.79389e-56
xr4.xtemp.xr2t0.11                 1.75807e-56
xr4.xtemp.xr2t0.21                 3.58187e-58
xr4.xtemp.xriso.11                -4.56992e-40
xr4.xtemp.xriso.21                -4.56993e-40
xr4.xcmp.bias_okb                 9.15773e-255
xr4.xcmp.nbg                        3.1694e-31
xr4.xcmp.sns                                 0
xr4.xcmp.xrtop.11                            0
xr4.xcmp.xrtop.21                            0
xr4.xcmp.snsb                                0
xr4.xcmp.xrbot.11                            0
xr4.xcmp.xrbot.21                            0
xr4.xcmp.xrhys.11                            0
xr4.xcmp.xrhys.21                            0
xr4.xcmp.n1                       -1.17113e-66
xr4.xcmp.tn                       -3.46832e-59
xr4.xcmp.na                        2.22897e-59
xr4.xcmp.cmpo                      2.14443e-59
xr4.xcmp.vdda                      5.99031e-60
xr4.por_raw                       -6.63106e-66
xr4.xpor.pdn                     -2.54911e-153
xr4.xpor.ndl                      -1.22564e-67
xr4.xpor.ndgp                      4.19709e-59
xr4.xpor.ndg                        3.5361e-58
xr4.xpor.ndgn                     -6.42218e-58
xr4.xpor.pgdg                      5.40822e-40
xr4.xpor.pgdgb                    -3.83711e-54
xr4.xpor.nts                       2.79167e-51
xr4.xpor.tim                       1.31134e-49
xr4.xpor.nd1                       3.16565e-66
xr4.xpor.trip                     6.63289e-134
xr4.xpor.rstb                     -8.17256e-35
xr4.xpor.nnand                     3.00297e-34
vr4#branch                        -2.80823e-32
vr3#branch                        -6.43222e-33
vr2#branch                         6.60134e-30
vr1#branch                        -1.95353e-35

 Reference value :  0.00000e+00
 Reference value :  7.31796e-07
 Reference value :  8.00985e-07
 Reference value :  1.01085e-06
 Reference value :  1.99837e-06
 Reference value :  2.28124e-06
 Reference value :  2.35409e-06
 Reference value :  2.35922e-06
 Reference value :  2.40900e-06
 Reference value :  2.81112e-06
 Reference value :  3.77193e-06
 Reference value :  5.07154e-06
 Reference value :  5.10809e-06
 Reference value :  5.41866e-06
 Reference value :  6.44675e-06
 Reference value :  6.84009e-06
 Reference value :  7.61948e-06
 Reference value :  9.32122e-06
 Reference value :  1.56414e-05
 Reference value :  1.63042e-05
 Reference value :  1.64449e-05
 Reference value :  1.71358e-05
 Reference value :  1.72155e-05
 Reference value :  1.72387e-05
 Reference value :  1.80851e-05
 Reference value :  2.45736e-05
 Reference value :  2.86485e-05
 Reference value :  2.86855e-05
 Reference value :  2.92234e-05
 Reference value :  3.34212e-05
 Reference value :  3.99176e-05
 Reference value :  4.02123e-05
 Reference value :  4.02260e-05
 Reference value :  4.17942e-05
 Reference value :  6.24796e-05
 Reference value :  7.20008e-05
 Reference value :  7.20384e-05
 Reference value :  7.20623e-05
 Reference value :  7.20762e-05
 Reference value :  7.20772e-05
 Reference value :  7.20783e-05
 Reference value :  7.22038e-05
 Reference value :  7.52545e-05
 Reference value :  9.10850e-05
 Reference value :  9.15816e-05
 Reference value :  9.16013e-05
 Reference value :  9.16116e-05
 Reference value :  9.16342e-05
 Reference value :  9.16779e-05
 Reference value :  9.34664e-05
 Reference value :  1.05888e-04
 Reference value :  1.06781e-04
 Reference value :  1.06846e-04
 Reference value :  1.15084e-04
 Reference value :  2.60302e-04
 Reference value :  2.90673e-04
 Reference value :  2.95239e-04
 Reference value :  3.16223e-04
 Reference value :  4.62685e-04
 Reference value :  4.67892e-04
 Reference value :  4.67994e-04
 Reference value :  4.68018e-04
 Reference value :  4.68035e-04
 Reference value :  4.68037e-04
 Reference value :  4.68037e-04
 Reference value :  4.68116e-04
 Reference value :  4.69889e-04
 Reference value :  5.32047e-04
 Reference value :  5.65283e-04
 Reference value :  5.78146e-04
 Reference value :  5.78853e-04
 Reference value :  5.78868e-04
 Reference value :  5.78878e-04
 Reference value :  5.78882e-04
 Reference value :  5.79097e-04
 Reference value :  5.84403e-04
 Reference value :  6.00848e-04
 Reference value :  8.31201e-04
 Reference value :  4.47174e-03
 Reference value :  1.02217e-02
 Reference value :  1.11592e-02
 Reference value :  1.12262e-02
 Reference value :  1.12860e-02
 Reference value :  1.13143e-02
 Reference value :  1.13158e-02
 Reference value :  1.13159e-02
 Reference value :  1.13160e-02
 Reference value :  1.13167e-02
 Reference value :  1.13179e-02
 Reference value :  1.13181e-02
 Reference value :  1.13183e-02
 Reference value :  1.13194e-02
 Reference value :  1.13196e-02
 Reference value :  1.13208e-02
 Reference value :  1.13210e-02
 Reference value :  1.13223e-02
 Reference value :  1.13388e-02
 Reference value :  1.13470e-02
 Reference value :  1.13471e-02
 Reference value :  1.13471e-02
 Reference value :  1.13471e-02
 Reference value :  1.13471e-02
 Reference value :  1.13520e-02
 Reference value :  1.13647e-02
 Reference value :  1.13660e-02
 Reference value :  1.13661e-02
 Reference value :  1.13662e-02
 Reference value :  1.13669e-02
 Reference value :  1.13677e-02
 Reference value :  1.13678e-02
 Reference value :  1.13689e-02
 Reference value :  1.13692e-02
 Reference value :  1.13699e-02
 Reference value :  1.13706e-02
 Reference value :  1.13712e-02
 Reference value :  1.13720e-02
 Reference value :  1.13814e-02
 Reference value :  1.17010e-02
 Reference value :  1.17821e-02
 Reference value :  1.17844e-02
 Reference value :  1.17846e-02
 Reference value :  1.17847e-02
 Reference value :  1.17852e-02
 Reference value :  1.17865e-02
 Reference value :  1.17867e-02
 Reference value :  1.17868e-02
 Reference value :  1.17879e-02
 Reference value :  1.17882e-02
 Reference value :  1.17887e-02
 Reference value :  1.17895e-02
 Reference value :  1.17901e-02
 Reference value :  1.17925e-02
 Reference value :  1.18126e-02
 Reference value :  1.18148e-02
 Reference value :  1.18149e-02
 Reference value :  1.18149e-02
 Reference value :  1.18149e-02
 Reference value :  1.18151e-02
 Reference value :  1.18270e-02
 Reference value :  1.18345e-02
 Reference value :  1.18348e-02
 Reference value :  1.18349e-02
 Reference value :  1.18351e-02
 Reference value :  1.18363e-02
 Reference value :  1.18365e-02
 Reference value :  1.18366e-02
 Reference value :  1.18377e-02
 Reference value :  1.18379e-02
 Reference value :  1.18390e-02
 Reference value :  1.18393e-02
 Reference value :  1.18398e-02
 Reference value :  1.18407e-02
 Reference value :  1.18458e-02
 Reference value :  1.51518e-02
 Reference value :  2.51891e-02
 Reference value :  5.49391e-02
 Reference value :  8.44391e-02
 Reference value :  8.81891e-02
 Reference value :  9.93709e-02
 Reference value :  9.94022e-02
 Reference value :  9.95531e-02
 Reference value :  9.95602e-02
 Reference value :  9.95608e-02
 Reference value :  9.95624e-02
 Reference value :  9.95775e-02
 Reference value :  9.95791e-02
 Reference value :  9.95811e-02
 Reference value :  9.95958e-02
 Reference value :  1.41706e-01
 Reference value :  1.43956e-01
 Reference value :  1.51706e-01
 Reference value :  1.53456e-01
 Reference value :  1.57206e-01
 Reference value :  1.76956e-01
 Reference value :  1.78706e-01
 Reference value :  1.84456e-01
 Reference value :  1.90206e-01
 Reference value :  1.95956e-01
 Reference value :  1.97706e-01
 Reference value :  2.07456e-01
 Reference value :  2.17206e-01
 Reference value :  2.46956e-01
 Reference value :  2.57903e-01
 Reference value :  2.57934e-01
 Reference value :  2.57937e-01
 Reference value :  2.57945e-01
 Reference value :  2.57950e-01
 Reference value :  2.57952e-01
 Reference value :  2.57952e-01
 Reference value :  2.57959e-01
 Reference value :  2.62129e-01
 Reference value :  2.66379e-01
 Reference value :  2.66817e-01
 Reference value :  2.66840e-01
 Reference value :  2.66877e-01
 Reference value :  2.66907e-01
 Reference value :  2.66909e-01
 Reference value :  2.66909e-01
 Reference value :  2.66909e-01
 Reference value :  2.66910e-01
 Reference value :  2.66911e-01
 Reference value :  2.66911e-01
 Reference value :  2.66911e-01
 Reference value :  2.66912e-01
 Reference value :  2.66912e-01
 Reference value :  2.66914e-01
 Reference value :  2.66914e-01
 Reference value :  2.66915e-01
 Reference value :  2.66930e-01
 Reference value :  2.66931e-01
 Reference value :  2.66931e-01
 Reference value :  2.66931e-01
 Reference value :  2.66931e-01
 Reference value :  2.66933e-01
 Reference value :  2.66951e-01
 Reference value :  2.66952e-01
 Reference value :  2.66953e-01
 Reference value :  2.66953e-01
 Reference value :  2.66953e-01
 Reference value :  2.66954e-01
 Reference value :  2.66954e-01
 Reference value :  2.66956e-01
 Reference value :  2.66956e-01
 Reference value :  2.66956e-01
 Reference value :  2.66957e-01
 Reference value :  2.66958e-01
 Reference value :  2.66959e-01
 Reference value :  2.66964e-01
 Reference value :  2.71497e-01
 Reference value :  2.78716e-01
 Reference value :  3.02466e-01
 Reference value :  3.04216e-01
 Reference value :  3.15966e-01
 Reference value :  3.30025e-01
 Reference value :  3.51425e-01
 Reference value :  3.71175e-01
 Reference value :  3.77425e-01
 Reference value :  3.92675e-01
 Reference value :  4.04425e-01
 Reference value :  4.53925e-01
 Reference value :  4.93925e-01
 Reference value :  5.29925e-01
 Reference value :  5.95925e-01
 Reference value :  6.73925e-01
 Reference value :  7.45925e-01
 Reference value :  8.13925e-01
 Reference value :  8.77925e-01
 Reference value :  9.61925e-01
 Reference value :  9.86078e-01
 Reference value :  9.87071e-01
 Reference value :  9.87131e-01
 Reference value :  9.87140e-01
 Reference value :  9.87142e-01
 Reference value :  9.87145e-01
 Reference value :  9.87146e-01
 Reference value :  9.87157e-01
 Reference value :  9.87176e-01
 Reference value :  9.87348e-01
 Reference value :  1.01131e+00
 Reference value :  1.03156e+00
 Reference value :  1.07506e+00
 Reference value :  1.15706e+00
 Reference value :  1.21706e+00
 Reference value :  1.29506e+00
 Reference value :  1.38906e+00
 Reference value :  1.48106e+00
 Reference value :  1.56906e+00
 Reference value :  1.66306e+00
 Reference value :  1.76706e+00
 Reference value :  1.86306e+00
 Reference value :  1.95906e+00
 Reference value :  2.05706e+00
 Reference value :  2.15506e+00
 Reference value :  2.24906e+00
 Reference value :  2.34706e+00
 Reference value :  2.44506e+00
 Reference value :  2.53306e+00
 Reference value :  2.57780e+00
 Reference value :  2.57830e+00
 Reference value :  2.57837e+00
 Reference value :  2.57837e+00
 Reference value :  2.57838e+00
 Reference value :  2.57839e+00
 Reference value :  2.57839e+00
 Reference value :  2.57840e+00
 Reference value :  2.57840e+00
 Reference value :  2.57840e+00
 Reference value :  2.58349e+00
 Reference value :  2.58677e+00
 Reference value :  2.58694e+00
 Reference value :  2.58698e+00
 Reference value :  2.58702e+00
 Reference value :  2.58702e+00
 Reference value :  2.58702e+00
 Reference value :  2.58702e+00
 Reference value :  2.58702e+00
 Reference value :  2.58702e+00
 Reference value :  2.58702e+00
 Reference value :  2.58702e+00
 Reference value :  2.58702e+00
 Reference value :  2.58702e+00
 Reference value :  2.58702e+00
 Reference value :  2.58702e+00
 Reference value :  2.58702e+00
 Reference value :  2.58704e+00
 Reference value :  2.58704e+00
 Reference value :  2.58704e+00
 Reference value :  2.58704e+00
 Reference value :  2.58704e+00
 Reference value :  2.58704e+00
 Reference value :  2.58704e+00
 Reference value :  2.58706e+00
 Reference value :  2.58706e+00
 Reference value :  2.58706e+00
 Reference value :  2.58706e+00
 Reference value :  2.58706e+00
 Reference value :  2.58706e+00
 Reference value :  2.58706e+00
 Reference value :  2.58706e+00
 Reference value :  2.58706e+00
 Reference value :  2.58706e+00
 Reference value :  2.58707e+00
 Reference value :  2.58707e+00
 Reference value :  2.58707e+00
 Reference value :  2.58995e+00
 Reference value :  2.66722e+00
 Reference value :  2.76922e+00
 Reference value :  2.86722e+00
 Reference value :  2.96722e+00
 Reference value :  3.06522e+00
 Reference value :  3.15922e+00
 Reference value :  3.25522e+00
 Reference value :  3.34500e+00
 Reference value :  3.44300e+00
 Reference value :  3.53900e+00
 Reference value :  3.63700e+00
No. of Data Rows : 7148
trel1               =  2.58702e+00
trel1_last          =  2.58706e+00
vddrel1             =  2.58702e+00
rst1_at1v           =  1.19215e-09
rst1_at2v           =  6.78709e-10
trel2               =  2.66909e-01
trel2_last          =  2.66953e-01
vddrel2             =  2.66909e+00
rst2_at1v           =  1.65534e-09
rst2_at2v           =  8.21257e-10
trel3               =  1.13159e-02
trel3_last          =  1.13661e-02
vddrel3             =  3.30000e+00
rst3_at1v           =  5.20057e-06
rst3_at2v           =  1.58425e-06
trel4               =  1.17846e-02
trel4_last          =  1.18349e-02
vddrel4             =  3.30000e+00
rst4_at1v           =  5.34468e-05
rst4_at2v           =  1.58536e-05
vref_rel4           =  1.19360e+00
biasok_rel4         =  3.29999e+00
m_vddrel_1vs_v = 2.5870170000e+00
m_vddrel_10vs_v = 2.6690880000e+00
m_vddrel_100kvs_v = 3.3000000000e+00
m_vddrel_1mvs_v = 3.3000000000e+00
m_chatter_1vs_us = 4.3000000000e+01
m_chatter_10vs_us = 4.3800000000e+01
m_chatter_100kvs_us = 5.0180000000e+01
m_chatter_1mvs_us = 5.0270000000e+01
m_resetn_at_1v_1vs_mv = 1.1921530000e-06
m_resetn_at_2v_1vs_mv = 6.7870900000e-07
m_resetn_at_1v_10vs_mv = 1.6553390000e-06
m_resetn_at_2v_10vs_mv = 8.2125670000e-07
m_resetn_at_1v_100kvs_mv = 5.2005660000e-03
m_resetn_at_2v_100kvs_mv = 1.5842480000e-03
m_resetn_at_1v_1mvs_mv = 5.3446790000e-02
m_resetn_at_2v_1mvs_mv = 1.5853560000e-02
m_t_release_1vs_ms = 2.5870170000e+03
m_t_release_10vs_ms = 2.6690880000e+02
m_t_release_100kvs_ms = 1.1315940000e+01
m_t_release_1mvs_ms = 1.1784590000e+01
m_vref_at_rel_1mvs_v = 1.1935950000e+00
m_biasok_at_rel_1mvs_v = 3.2999910000e+00
Note: Simulation executed from .control section 

Warning: m=xx on .subckt line will override multiplier m hierarchy!

