
Note: Compatibility modes selected: hs a


Circuit: * por-ramp-rate @ sf_125c_2.97v -- generated by sim/harness, do not edit

Doing analysis at TEMP = 125.000000 and TNOM = 27.000000

Using SPARSE 1.3 as Direct Linear Solver

Initial Transient Solution
--------------------------

Node                                   Voltage
----                                   -------
vddr1                                        0
ptatr1                             -1.0249e-77
ctatr1                            -1.81976e-52
resetnr1                          -8.57614e-77
xr1.xbias.na                        4.3749e-55
xr1.xbias.pg                       6.82142e-87
xr1.xbias.nbtop                    1.70861e-47
xr1.vref                           4.52733e-57
xr1.xbias.nbg                     -1.10259e-90
xr1.xbias.xrt.11                   1.70861e-47
xr1.xbias.xrt.21                   1.70861e-47
xr1.xbias.nb                       1.70861e-47
xr1.xbias.xr1.11                   1.70861e-47
xr1.xbias.xr1.21                   1.70861e-47
xr1.xbias.ec                       1.70861e-47
xr1.xbias.xr2.11                   4.52733e-57
xr1.xbias.xr2.21                   4.52733e-57
xr1.xbias.er                       4.52733e-57
xr1.xbias.pb                       7.18549e-91
xr1.ibias                          1.08682e-77
xr1.xbias.nt                        2.6157e-82
xr1.xbias.n1                       2.61883e-82
xr1.xbias.n2                       2.61149e-82
xr1.xbias.nz                       2.61149e-82
xr1.xbias.xrz.11                   2.61149e-82
xr1.xbias.xrz.21                   2.61149e-82
xr1.xbias.ks1                     -1.35572e-89
xr1.xbias.ks2                      1.79317e-88
xr1.xbias.ks3                     -2.35318e-87
xr1.xbias.ks4                      3.08842e-86
xr1.xbias.nkg                     -4.05365e-85
xr1.xbias.nkm                      2.72742e-92
xr1.xbias.tok                     -1.28644e-86
xr1.xbias.noko                    -1.33404e-86
xr1.xbias.nokl                    -1.26587e-86
xr1.xbias.nokx                    -4.34021e-91
xr1.bias_ok                       -7.46567e-83
xr1.xtemp.nbg                     -2.63878e-78
xr1.xtemp.enb                     -9.89989e-80
xr1.xtemp.pb                       -2.1972e-82
xr1.xtemp.pcas                    -6.67407e-87
xr1.xtemp.nt                      -1.02312e-82
xr1.xtemp.n1                      -1.00653e-82
xr1.xtemp.na                      -1.81976e-52
xr1.xtemp.n2                      -1.68706e-82
xr1.xtemp.nb                      -5.53576e-46
xr1.xtemp.pg                      -9.49399e-77
xr1.xtemp.nz                       -1.6871e-82
xr1.xtemp.xrz.11                   -1.6871e-82
xr1.xtemp.xrz.21                  -1.68706e-82
xr1.xtemp.m1d                        4.671e-52
xr1.xtemp.m2d                      1.55027e-45
xr1.xtemp.m3d                      1.31986e-71
xr1.xtemp.nd                      -1.58935e-86
xr1.xtemp.nr                       9.25248e-92
xr1.xtemp.nc                      -5.53576e-46
xr1.xtemp.xr1.11                  -5.53576e-46
xr1.xtemp.xr1.21                  -5.53576e-46
xr1.xtemp.xr2f.11                 -1.02485e-77
xr1.xtemp.xr2f.21                  -1.4944e-78
xr1.xtemp.t5                      -1.49391e-78
xr1.xtemp.xr2t5.11                -1.49342e-78
xr1.xtemp.xr2t5.21                -7.35297e-79
xr1.xtemp.t4                      -7.34809e-79
xr1.xtemp.xr2t4.11                -7.34321e-79
xr1.xtemp.xr2t4.21                -3.55808e-79
xr1.xtemp.t3                      -3.55319e-79
xr1.xtemp.xr2t3.11                -3.54831e-79
xr1.xtemp.xr2t3.21                -1.66121e-79
xr1.xtemp.t2                      -1.65633e-79
xr1.xtemp.xr2t2.11                -1.65144e-79
xr1.xtemp.xr2t2.21                -7.13505e-80
xr1.xtemp.t1                      -7.08623e-80
xr1.xtemp.xr2t1.11                -7.03741e-80
xr1.xtemp.xr2t1.21                -2.40714e-80
xr1.xtemp.t0                      -2.35831e-80
xr1.xtemp.xr2t0.11                -2.30949e-80
xr1.xtemp.xr2t0.21                 -4.8821e-82
xr1.xtemp.xriso.11                -1.81976e-52
xr1.xtemp.xriso.21                -1.81976e-52
xr1.xcmp.bias_okb                 -3.20839e-80
xr1.xcmp.nbg                      -2.63875e-78
xr1.xcmp.sns                      9.61796e-110
xr1.xcmp.xrtop.11                 9.61795e-110
xr1.xcmp.xrtop.21                 1.11613e-115
xr1.xcmp.snsb                     1.78618e-109
xr1.xcmp.xrbot.11                 1.78618e-109
xr1.xcmp.xrbot.21                 9.61798e-110
xr1.xcmp.xrhys.11                  2.1118e-114
xr1.xcmp.xrhys.21                 1.78616e-109
xr1.xcmp.n1                       -2.47371e-81
xr1.xcmp.tn                        1.04606e-79
xr1.xcmp.na                        1.50186e-79
xr1.xcmp.cmpo                      1.37335e-79
xr1.xcmp.vdda                      1.47438e-79
xr1.por_raw                        4.98314e-82
xr1.xpor.pdn                      -2.39542e-99
xr1.xpor.ndl                       4.78604e-98
xr1.xpor.ndgp                     -4.17221e-80
xr1.xpor.ndg                       3.56037e-80
xr1.xpor.ndgn                     -5.91809e-81
xr1.xpor.pgdg                      5.00209e-88
xr1.xpor.pgdgb                     3.79207e-81
xr1.xpor.nts                      -4.37099e-94
xr1.xpor.tim                      -4.41394e-94
xr1.xpor.nd1                      3.01131e-102
xr1.xpor.trip                     -1.33677e-92
xr1.xpor.rstb                     -4.69504e-77
xr1.xpor.nnand                     6.94016e-78
vddr2                                        0
ptatr2                             -1.0249e-77
ctatr2                            -1.81976e-52
resetnr2                          -8.57614e-77
xr2.xbias.na                        4.3749e-55
xr2.xbias.pg                       6.82142e-87
xr2.xbias.nbtop                    1.70861e-47
xr2.vref                           4.52733e-57
xr2.xbias.nbg                     -1.10259e-90
xr2.xbias.xrt.11                   1.70861e-47
xr2.xbias.xrt.21                   1.70861e-47
xr2.xbias.nb                       1.70861e-47
xr2.xbias.xr1.11                   1.70861e-47
xr2.xbias.xr1.21                   1.70861e-47
xr2.xbias.ec                       1.70861e-47
xr2.xbias.xr2.11                   4.52733e-57
xr2.xbias.xr2.21                   4.52733e-57
xr2.xbias.er                       4.52733e-57
xr2.xbias.pb                       7.18549e-91
xr2.ibias                          1.08682e-77
xr2.xbias.nt                        2.6157e-82
xr2.xbias.n1                       2.61883e-82
xr2.xbias.n2                       2.61149e-82
xr2.xbias.nz                       2.61149e-82
xr2.xbias.xrz.11                   2.61149e-82
xr2.xbias.xrz.21                   2.61149e-82
xr2.xbias.ks1                     -1.35572e-89
xr2.xbias.ks2                      1.79317e-88
xr2.xbias.ks3                     -2.35318e-87
xr2.xbias.ks4                      3.08842e-86
xr2.xbias.nkg                     -4.05365e-85
xr2.xbias.nkm                      2.72742e-92
xr2.xbias.tok                     -1.28639e-86
xr2.xbias.noko                    -1.33399e-86
xr2.xbias.nokl                    -1.26582e-86
xr2.xbias.nokx                    -4.34021e-91
xr2.bias_ok                       -7.46567e-83
xr2.xtemp.nbg                     -2.63878e-78
xr2.xtemp.enb                     -9.89989e-80
xr2.xtemp.pb                       -2.1972e-82
xr2.xtemp.pcas                    -6.67407e-87
xr2.xtemp.nt                      -1.02313e-82
xr2.xtemp.n1                      -1.00653e-82
xr2.xtemp.na                      -1.81976e-52
xr2.xtemp.n2                      -1.68707e-82
xr2.xtemp.nb                      -5.53576e-46
xr2.xtemp.pg                      -9.49403e-77
xr2.xtemp.nz                      -1.68711e-82
xr2.xtemp.xrz.11                  -1.68711e-82
xr2.xtemp.xrz.21                  -1.68707e-82
xr2.xtemp.m1d                        4.671e-52
xr2.xtemp.m2d                      1.55027e-45
xr2.xtemp.m3d                      1.31986e-71
xr2.xtemp.nd                      -1.58935e-86
xr2.xtemp.nr                       9.25248e-92
xr2.xtemp.nc                      -5.53576e-46
xr2.xtemp.xr1.11                  -5.53576e-46
xr2.xtemp.xr1.21                  -5.53576e-46
xr2.xtemp.xr2f.11                 -1.02485e-77
xr2.xtemp.xr2f.21                  -1.4944e-78
xr2.xtemp.t5                      -1.49391e-78
xr2.xtemp.xr2t5.11                -1.49342e-78
xr2.xtemp.xr2t5.21                -7.35297e-79
xr2.xtemp.t4                      -7.34809e-79
xr2.xtemp.xr2t4.11                -7.34321e-79
xr2.xtemp.xr2t4.21                -3.55808e-79
xr2.xtemp.t3                      -3.55319e-79
xr2.xtemp.xr2t3.11                -3.54831e-79
xr2.xtemp.xr2t3.21                -1.66121e-79
xr2.xtemp.t2                      -1.65633e-79
xr2.xtemp.xr2t2.11                -1.65144e-79
xr2.xtemp.xr2t2.21                -7.13505e-80
xr2.xtemp.t1                      -7.08623e-80
xr2.xtemp.xr2t1.11                -7.03741e-80
xr2.xtemp.xr2t1.21                -2.40714e-80
xr2.xtemp.t0                      -2.35831e-80
xr2.xtemp.xr2t0.11                -2.30949e-80
xr2.xtemp.xr2t0.21                 -4.8821e-82
xr2.xtemp.xriso.11                -1.81976e-52
xr2.xtemp.xriso.21                -1.81976e-52
xr2.xcmp.bias_okb                 -3.20839e-80
xr2.xcmp.nbg                      -2.63875e-78
xr2.xcmp.sns                      9.61848e-110
xr2.xcmp.xrtop.11                 9.61847e-110
xr2.xcmp.xrtop.21                 1.11626e-115
xr2.xcmp.snsb                     1.78627e-109
xr2.xcmp.xrbot.11                 1.78626e-109
xr2.xcmp.xrbot.21                 9.61849e-110
xr2.xcmp.xrhys.11                 2.11178e-114
xr2.xcmp.xrhys.21                 1.78624e-109
xr2.xcmp.n1                       -2.47371e-81
xr2.xcmp.tn                        1.04606e-79
xr2.xcmp.na                        1.50186e-79
xr2.xcmp.cmpo                      1.37335e-79
xr2.xcmp.vdda                      1.47438e-79
xr2.por_raw                        4.98314e-82
xr2.xpor.pdn                      -2.39542e-99
xr2.xpor.ndl                       4.78604e-98
xr2.xpor.ndgp                     -4.17221e-80
xr2.xpor.ndg                       3.56037e-80
xr2.xpor.ndgn                     -5.91809e-81
xr2.xpor.pgdg                      5.00209e-88
xr2.xpor.pgdgb                     3.79207e-81
xr2.xpor.nts                      -4.37099e-94
xr2.xpor.tim                      -4.41394e-94
xr2.xpor.nd1                      3.01131e-102
xr2.xpor.trip                     -1.33677e-92
xr2.xpor.rstb                     -4.69504e-77
xr2.xpor.nnand                     6.94016e-78
vddr3                                        0
ptatr3                             -1.0249e-77
ctatr3                            -1.81976e-52
resetnr3                          -8.57614e-77
xr3.xbias.na                        4.3749e-55
xr3.xbias.pg                       6.82137e-87
xr3.xbias.nbtop                    1.70861e-47
xr3.vref                           4.52733e-57
xr3.xbias.nbg                     -1.10259e-90
xr3.xbias.xrt.11                   1.70861e-47
xr3.xbias.xrt.21                   1.70861e-47
xr3.xbias.nb                       1.70861e-47
xr3.xbias.xr1.11                   1.70861e-47
xr3.xbias.xr1.21                   1.70861e-47
xr3.xbias.ec                       1.70861e-47
xr3.xbias.xr2.11                   4.52733e-57
xr3.xbias.xr2.21                   4.52733e-57
xr3.xbias.er                       4.52733e-57
xr3.xbias.pb                       7.18549e-91
xr3.ibias                          1.08682e-77
xr3.xbias.nt                       2.61569e-82
xr3.xbias.n1                       2.61881e-82
xr3.xbias.n2                       2.61147e-82
xr3.xbias.nz                       2.61147e-82
xr3.xbias.xrz.11                   2.61147e-82
xr3.xbias.xrz.21                   2.61147e-82
xr3.xbias.ks1                     -1.35572e-89
xr3.xbias.ks2                      1.79317e-88
xr3.xbias.ks3                     -2.35318e-87
xr3.xbias.ks4                      3.08842e-86
xr3.xbias.nkg                     -4.05365e-85
xr3.xbias.nkm                      2.72742e-92
xr3.xbias.tok                     -1.28639e-86
xr3.xbias.noko                      -1.334e-86
xr3.xbias.nokl                    -1.26582e-86
xr3.xbias.nokx                    -4.34021e-91
xr3.bias_ok                       -7.46567e-83
xr3.xtemp.nbg                     -2.63878e-78
xr3.xtemp.enb                     -9.89989e-80
xr3.xtemp.pb                       -2.1972e-82
xr3.xtemp.pcas                    -6.67407e-87
xr3.xtemp.nt                      -1.02313e-82
xr3.xtemp.n1                      -1.00653e-82
xr3.xtemp.na                      -1.81976e-52
xr3.xtemp.n2                      -1.68706e-82
xr3.xtemp.nb                      -5.53573e-46
xr3.xtemp.pg                      -9.49399e-77
xr3.xtemp.nz                      -1.68711e-82
xr3.xtemp.xrz.11                  -1.68711e-82
xr3.xtemp.xrz.21                  -1.68706e-82
xr3.xtemp.m1d                        4.671e-52
xr3.xtemp.m2d                      1.55026e-45
xr3.xtemp.m3d                      1.31986e-71
xr3.xtemp.nd                      -1.58934e-86
xr3.xtemp.nr                       9.25248e-92
xr3.xtemp.nc                      -5.53573e-46
xr3.xtemp.xr1.11                  -5.53573e-46
xr3.xtemp.xr1.21                  -5.53573e-46
xr3.xtemp.xr2f.11                 -1.02485e-77
xr3.xtemp.xr2f.21                  -1.4944e-78
xr3.xtemp.t5                      -1.49391e-78
xr3.xtemp.xr2t5.11                -1.49342e-78
xr3.xtemp.xr2t5.21                -7.35297e-79
xr3.xtemp.t4                      -7.34809e-79
xr3.xtemp.xr2t4.11                -7.34321e-79
xr3.xtemp.xr2t4.21                -3.55808e-79
xr3.xtemp.t3                      -3.55319e-79
xr3.xtemp.xr2t3.11                -3.54831e-79
xr3.xtemp.xr2t3.21                -1.66121e-79
xr3.xtemp.t2                      -1.65633e-79
xr3.xtemp.xr2t2.11                -1.65144e-79
xr3.xtemp.xr2t2.21                -7.13505e-80
xr3.xtemp.t1                      -7.08623e-80
xr3.xtemp.xr2t1.11                -7.03741e-80
xr3.xtemp.xr2t1.21                -2.40714e-80
xr3.xtemp.t0                      -2.35831e-80
xr3.xtemp.xr2t0.11                -2.30949e-80
xr3.xtemp.xr2t0.21                 -4.8821e-82
xr3.xtemp.xriso.11                -1.81976e-52
xr3.xtemp.xriso.21                -1.81976e-52
xr3.xcmp.bias_okb                 -3.20839e-80
xr3.xcmp.nbg                      -2.63875e-78
xr3.xcmp.sns                      9.61848e-110
xr3.xcmp.xrtop.11                 9.61847e-110
xr3.xcmp.xrtop.21                 1.11626e-115
xr3.xcmp.snsb                     1.78627e-109
xr3.xcmp.xrbot.11                 1.78626e-109
xr3.xcmp.xrbot.21                 9.61849e-110
xr3.xcmp.xrhys.11                 2.11178e-114
xr3.xcmp.xrhys.21                 1.78624e-109
xr3.xcmp.n1                       -2.47371e-81
xr3.xcmp.tn                        1.04606e-79
xr3.xcmp.na                        1.50186e-79
xr3.xcmp.cmpo                      1.37335e-79
xr3.xcmp.vdda                      1.47438e-79
xr3.por_raw                        4.98314e-82
xr3.xpor.pdn                      -2.39542e-99
xr3.xpor.ndl                       4.78604e-98
xr3.xpor.ndgp                     -4.17221e-80
xr3.xpor.ndg                       3.56037e-80
xr3.xpor.ndgn                     -5.91809e-81
xr3.xpor.pgdg                      5.00209e-88
xr3.xpor.pgdgb                     3.79207e-81
xr3.xpor.nts                        -4.371e-94
xr3.xpor.tim                      -4.41396e-94
xr3.xpor.nd1                      3.01131e-102
xr3.xpor.trip                     -1.33677e-92
xr3.xpor.rstb                     -4.69504e-77
xr3.xpor.nnand                     6.94016e-78
vddr4                                        0
ptatr4                             -1.0249e-77
ctatr4                            -1.81977e-52
resetnr4                          -8.57614e-77
xr4.xbias.na                        4.3749e-55
xr4.xbias.pg                        6.8214e-87
xr4.xbias.nbtop                    1.70861e-47
xr4.vref                           4.52737e-57
xr4.xbias.nbg                     -1.10259e-90
xr4.xbias.xrt.11                   1.70861e-47
xr4.xbias.xrt.21                   1.70861e-47
xr4.xbias.nb                       1.70861e-47
xr4.xbias.xr1.11                   1.70861e-47
xr4.xbias.xr1.21                   1.70861e-47
xr4.xbias.ec                       1.70861e-47
xr4.xbias.xr2.11                   4.52737e-57
xr4.xbias.xr2.21                   4.52737e-57
xr4.xbias.er                       4.52737e-57
xr4.xbias.pb                       7.18549e-91
xr4.ibias                          1.08682e-77
xr4.xbias.nt                       2.61569e-82
xr4.xbias.n1                       2.61882e-82
xr4.xbias.n2                       2.61148e-82
xr4.xbias.nz                       2.61148e-82
xr4.xbias.xrz.11                   2.61148e-82
xr4.xbias.xrz.21                   2.61148e-82
xr4.xbias.ks1                     -1.35572e-89
xr4.xbias.ks2                      1.79317e-88
xr4.xbias.ks3                     -2.35318e-87
xr4.xbias.ks4                      3.08842e-86
xr4.xbias.nkg                     -4.05365e-85
xr4.xbias.nkm                      2.72742e-92
xr4.xbias.tok                     -1.28639e-86
xr4.xbias.noko                      -1.334e-86
xr4.xbias.nokl                    -1.26582e-86
xr4.xbias.nokx                    -4.34021e-91
xr4.bias_ok                       -7.46567e-83
xr4.xtemp.nbg                     -2.63878e-78
xr4.xtemp.enb                     -9.89989e-80
xr4.xtemp.pb                       -2.1972e-82
xr4.xtemp.pcas                    -6.67413e-87
xr4.xtemp.nt                      -1.02315e-82
xr4.xtemp.n1                      -1.00655e-82
xr4.xtemp.na                      -1.81977e-52
xr4.xtemp.n2                      -1.68711e-82
xr4.xtemp.nb                      -5.53572e-46
xr4.xtemp.pg                      -9.49399e-77
xr4.xtemp.nz                      -1.68715e-82
xr4.xtemp.xrz.11                  -1.68715e-82
xr4.xtemp.xrz.21                  -1.68711e-82
xr4.xtemp.m1d                      4.67101e-52
xr4.xtemp.m2d                      1.55026e-45
xr4.xtemp.m3d                      1.31986e-71
xr4.xtemp.nd                      -1.58934e-86
xr4.xtemp.nr                       9.25251e-92
xr4.xtemp.nc                      -5.53572e-46
xr4.xtemp.xr1.11                  -5.53572e-46
xr4.xtemp.xr1.21                  -5.53572e-46
xr4.xtemp.xr2f.11                 -1.02485e-77
xr4.xtemp.xr2f.21                  -1.4944e-78
xr4.xtemp.t5                      -1.49391e-78
xr4.xtemp.xr2t5.11                -1.49342e-78
xr4.xtemp.xr2t5.21                -7.35297e-79
xr4.xtemp.t4                      -7.34808e-79
xr4.xtemp.xr2t4.11                 -7.3432e-79
xr4.xtemp.xr2t4.21                -3.55808e-79
xr4.xtemp.t3                      -3.55319e-79
xr4.xtemp.xr2t3.11                -3.54831e-79
xr4.xtemp.xr2t3.21                -1.66121e-79
xr4.xtemp.t2                      -1.65632e-79
xr4.xtemp.xr2t2.11                -1.65144e-79
xr4.xtemp.xr2t2.21                -7.13505e-80
xr4.xtemp.t1                      -7.08623e-80
xr4.xtemp.xr2t1.11                 -7.0374e-80
xr4.xtemp.xr2t1.21                -2.40713e-80
xr4.xtemp.t0                      -2.35831e-80
xr4.xtemp.xr2t0.11                -2.30949e-80
xr4.xtemp.xr2t0.21                -4.88209e-82
xr4.xtemp.xriso.11                -1.81977e-52
xr4.xtemp.xriso.21                -1.81977e-52
xr4.xcmp.bias_okb                 -3.20839e-80
xr4.xcmp.nbg                      -2.63875e-78
xr4.xcmp.sns                      9.61796e-110
xr4.xcmp.xrtop.11                 9.61795e-110
xr4.xcmp.xrtop.21                 1.11613e-115
xr4.xcmp.snsb                     1.78618e-109
xr4.xcmp.xrbot.11                 1.78618e-109
xr4.xcmp.xrbot.21                 9.61798e-110
xr4.xcmp.xrhys.11                  2.1118e-114
xr4.xcmp.xrhys.21                 1.78616e-109
xr4.xcmp.n1                       -2.47371e-81
xr4.xcmp.tn                        1.04606e-79
xr4.xcmp.na                        1.50185e-79
xr4.xcmp.cmpo                      1.37335e-79
xr4.xcmp.vdda                      1.47437e-79
xr4.por_raw                        4.98314e-82
xr4.xpor.pdn                      -2.39542e-99
xr4.xpor.ndl                       4.78604e-98
xr4.xpor.ndgp                     -4.17221e-80
xr4.xpor.ndg                       3.56037e-80
xr4.xpor.ndgn                     -5.91809e-81
xr4.xpor.pgdg                      5.00209e-88
xr4.xpor.pgdgb                     3.79207e-81
xr4.xpor.nts                        -4.371e-94
xr4.xpor.tim                      -4.41396e-94
xr4.xpor.nd1                      3.01131e-102
xr4.xpor.trip                     -1.33677e-92
xr4.xpor.rstb                     -4.69504e-77
xr4.xpor.nnand                     6.94016e-78
vr4#branch                         1.86397e-57
vr3#branch                         1.86399e-57
vr2#branch                         1.86401e-57
vr1#branch                         1.86401e-57

 Reference value :  0.00000e+00
 Reference value :  5.48628e-07
 Reference value :  6.24928e-07
 Reference value :  8.74355e-07
 Reference value :  1.84527e-06
 Reference value :  2.09648e-06
 Reference value :  2.14718e-06
 Reference value :  2.15389e-06
 Reference value :  2.42415e-06
 Reference value :  2.98616e-06
 Reference value :  3.99741e-06
 Reference value :  4.05595e-06
 Reference value :  4.09306e-06
 Reference value :  4.92334e-06
 Reference value :  6.15625e-06
 Reference value :  1.08898e-05
 Reference value :  1.11443e-05
 Reference value :  1.11517e-05
 Reference value :  1.25733e-05
 Reference value :  1.41506e-05
 Reference value :  1.43199e-05
 Reference value :  1.43716e-05
 Reference value :  1.83167e-05
 Reference value :  2.29284e-05
 Reference value :  2.30187e-05
 Reference value :  2.32727e-05
 Reference value :  2.77750e-05
 Reference value :  3.74008e-05
 Reference value :  3.84463e-05
 Reference value :  3.84570e-05
 Reference value :  3.93803e-05
 Reference value :  4.82316e-05
 Reference value :  4.85862e-05
 Reference value :  4.86966e-05
 Reference value :  5.18625e-05
 Reference value :  5.20397e-05
 Reference value :  5.56357e-05
 Reference value :  8.72248e-05
 Reference value :  8.90931e-05
 Reference value :  8.91892e-05
 Reference value :  8.92021e-05
 Reference value :  8.92048e-05
 Reference value :  8.92060e-05
 Reference value :  8.95038e-05
 Reference value :  9.90027e-05
 Reference value :  1.25703e-04
 Reference value :  1.30555e-04
 Reference value :  1.34347e-04
 Reference value :  1.51036e-04
 Reference value :  1.52802e-04
 Reference value :  1.52896e-04
 Reference value :  1.52900e-04
 Reference value :  1.52906e-04
 Reference value :  1.53007e-04
 Reference value :  1.57504e-04
 Reference value :  1.59934e-04
 Reference value :  1.68080e-04
 Reference value :  2.12497e-04
 Reference value :  4.43929e-03
 Reference value :  6.75179e-03
 Reference value :  6.94441e-03
 Reference value :  6.97748e-03
 Reference value :  6.99181e-03
 Reference value :  6.99237e-03
 Reference value :  6.99249e-03
 Reference value :  6.99292e-03
 Reference value :  6.99363e-03
 Reference value :  6.99375e-03
 Reference value :  6.99409e-03
 Reference value :  6.99476e-03
 Reference value :  6.99533e-03
 Reference value :  7.00300e-03
 Reference value :  7.00420e-03
 Reference value :  7.00422e-03
 Reference value :  7.00422e-03
 Reference value :  7.00426e-03
 Reference value :  7.00535e-03
 Reference value :  7.02075e-03
 Reference value :  7.02163e-03
 Reference value :  7.02176e-03
 Reference value :  7.02201e-03
 Reference value :  7.02273e-03
 Reference value :  7.02284e-03
 Reference value :  7.02339e-03
 Reference value :  7.02383e-03
 Reference value :  7.02432e-03
 Reference value :  7.02893e-03
 Reference value :  7.09536e-03
 Reference value :  7.10494e-03
 Reference value :  7.10545e-03
 Reference value :  7.10557e-03
 Reference value :  7.10603e-03
 Reference value :  7.10672e-03
 Reference value :  7.10683e-03
 Reference value :  7.10736e-03
 Reference value :  7.10786e-03
 Reference value :  7.10845e-03
 Reference value :  7.11602e-03
 Reference value :  7.11737e-03
 Reference value :  7.11738e-03
 Reference value :  7.11739e-03
 Reference value :  7.11744e-03
 Reference value :  7.11852e-03
 Reference value :  7.13352e-03
 Reference value :  7.13461e-03
 Reference value :  7.13484e-03
 Reference value :  7.13498e-03
 Reference value :  7.13578e-03
 Reference value :  7.13591e-03
 Reference value :  7.13611e-03
 Reference value :  7.13687e-03
 Reference value :  7.13698e-03
 Reference value :  7.13877e-03
 Reference value :  7.18984e-03
 Reference value :  3.69764e-02
 Reference value :  6.01589e-02
 Reference value :  6.24817e-02
 Reference value :  6.24975e-02
 Reference value :  1.01776e-01
 Reference value :  1.43776e-01
 Reference value :  1.87776e-01
 Reference value :  2.11526e-01
 Reference value :  2.25276e-01
 Reference value :  2.31526e-01
 Reference value :  2.36776e-01
 Reference value :  2.58433e-01
 Reference value :  2.58605e-01
 Reference value :  2.58615e-01
 Reference value :  2.58618e-01
 Reference value :  2.58625e-01
 Reference value :  2.58628e-01
 Reference value :  2.58628e-01
 Reference value :  2.58632e-01
 Reference value :  2.62030e-01
 Reference value :  2.64280e-01
 Reference value :  2.64721e-01
 Reference value :  2.64792e-01
 Reference value :  2.64806e-01
 Reference value :  2.64807e-01
 Reference value :  2.64807e-01
 Reference value :  2.64808e-01
 Reference value :  2.64808e-01
 Reference value :  2.64809e-01
 Reference value :  2.64809e-01
 Reference value :  2.64810e-01
 Reference value :  2.64811e-01
 Reference value :  2.64818e-01
 Reference value :  2.64818e-01
 Reference value :  2.64818e-01
 Reference value :  2.64818e-01
 Reference value :  2.64818e-01
 Reference value :  2.64819e-01
 Reference value :  2.64833e-01
 Reference value :  2.64835e-01
 Reference value :  2.64835e-01
 Reference value :  2.64835e-01
 Reference value :  2.64836e-01
 Reference value :  2.64836e-01
 Reference value :  2.64836e-01
 Reference value :  2.64837e-01
 Reference value :  2.64837e-01
 Reference value :  2.64837e-01
 Reference value :  2.64840e-01
 Reference value :  2.64856e-01
 Reference value :  2.64857e-01
 Reference value :  2.64857e-01
 Reference value :  2.64857e-01
 Reference value :  2.64857e-01
 Reference value :  2.64857e-01
 Reference value :  2.64867e-01
 Reference value :  2.64870e-01
 Reference value :  2.64870e-01
 Reference value :  2.64870e-01
 Reference value :  2.64871e-01
 Reference value :  2.64871e-01
 Reference value :  2.64871e-01
 Reference value :  2.64872e-01
 Reference value :  2.64872e-01
 Reference value :  2.64873e-01
 Reference value :  2.64878e-01
 Reference value :  2.88931e-01
 Reference value :  3.86000e-01
 Reference value :  4.88000e-01
 Reference value :  5.76000e-01
 Reference value :  6.18250e-01
 Reference value :  6.21916e-01
 Reference value :  6.88238e-01
 Reference value :  7.74238e-01
 Reference value :  8.62238e-01
 Reference value :  8.67988e-01
 Reference value :  9.21988e-01
 Reference value :  9.66238e-01
 Reference value :  9.73988e-01
 Reference value :  1.04549e+00
 Reference value :  1.12149e+00
 Reference value :  1.13749e+00
 Reference value :  1.17949e+00
 Reference value :  1.20374e+00
 Reference value :  1.22349e+00
 Reference value :  1.24724e+00
 Reference value :  1.28874e+00
 Reference value :  1.29761e+00
 Reference value :  1.33361e+00
 Reference value :  1.37111e+00
 Reference value :  1.40911e+00
 Reference value :  1.43536e+00
 Reference value :  1.47686e+00
 Reference value :  1.48711e+00
 Reference value :  1.53261e+00
 Reference value :  1.58861e+00
 Reference value :  1.60486e+00
 Reference value :  1.61861e+00
 Reference value :  1.66411e+00
 Reference value :  1.69811e+00
 Reference value :  1.70299e+00
 Reference value :  1.72899e+00
 Reference value :  1.75049e+00
 Reference value :  1.78049e+00
 Reference value :  1.80249e+00
 Reference value :  1.81274e+00
 Reference value :  1.85449e+00
 Reference value :  1.86799e+00
 Reference value :  1.90799e+00
 Reference value :  1.95999e+00
 Reference value :  1.97599e+00
 Reference value :  2.00799e+00
 Reference value :  2.01574e+00
 Reference value :  2.03774e+00
 Reference value :  2.05399e+00
 Reference value :  2.08774e+00
 Reference value :  2.08949e+00
 Reference value :  2.11299e+00
 Reference value :  2.13724e+00
 Reference value :  2.17474e+00
 Reference value :  2.18499e+00
 Reference value :  2.19024e+00
 Reference value :  2.21449e+00
 Reference value :  2.24824e+00
 Reference value :  2.27799e+00
 Reference value :  2.30574e+00
 Reference value :  2.32724e+00
 Reference value :  2.33149e+00
 Reference value :  2.35124e+00
 Reference value :  2.38274e+00
 Reference value :  2.39899e+00
 Reference value :  2.43449e+00
 Reference value :  2.48674e+00
 Reference value :  2.48849e+00
 Reference value :  2.49824e+00
 Reference value :  2.51599e+00
 Reference value :  2.53174e+00
 Reference value :  2.54124e+00
 Reference value :  2.57324e+00
 Reference value :  2.58149e+00
 Reference value :  2.58534e+00
 Reference value :  2.58539e+00
 Reference value :  2.58544e+00
 Reference value :  2.58545e+00
 Reference value :  2.58546e+00
 Reference value :  2.58547e+00
 Reference value :  2.58547e+00
 Reference value :  2.58547e+00
 Reference value :  2.58548e+00
 Reference value :  2.58549e+00
 Reference value :  2.58549e+00
 Reference value :  2.58954e+00
 Reference value :  2.59132e+00
 Reference value :  2.59145e+00
 Reference value :  2.59149e+00
 Reference value :  2.59151e+00
 Reference value :  2.59151e+00
 Reference value :  2.59151e+00
 Reference value :  2.59151e+00
 Reference value :  2.59151e+00
 Reference value :  2.59151e+00
 Reference value :  2.59151e+00
 Reference value :  2.59151e+00
 Reference value :  2.59151e+00
 Reference value :  2.59152e+00
 Reference value :  2.59152e+00
 Reference value :  2.59152e+00
 Reference value :  2.59152e+00
 Reference value :  2.59152e+00
 Reference value :  2.59154e+00
 Reference value :  2.59154e+00
 Reference value :  2.59154e+00
 Reference value :  2.59154e+00
 Reference value :  2.59154e+00
 Reference value :  2.59154e+00
 Reference value :  2.59154e+00
 Reference value :  2.59154e+00
 Reference value :  2.59154e+00
 Reference value :  2.59156e+00
 Reference value :  2.59156e+00
 Reference value :  2.59156e+00
 Reference value :  2.59156e+00
 Reference value :  2.59156e+00
 Reference value :  2.59157e+00
 Reference value :  2.59157e+00
 Reference value :  2.59157e+00
 Reference value :  2.59157e+00
 Reference value :  2.59157e+00
 Reference value :  2.59157e+00
 Reference value :  2.59157e+00
 Reference value :  2.59157e+00
 Reference value :  2.59158e+00
 Reference value :  2.59565e+00
 Reference value :  2.70314e+00
 Reference value :  2.82114e+00
 Reference value :  2.93514e+00
 Reference value :  3.04100e+00
 Reference value :  3.15300e+00
 Reference value :  3.26500e+00
 Reference value :  3.37700e+00
 Reference value :  3.48100e+00
 Reference value :  3.58900e+00
 Reference value :  3.69850e+00
No. of Data Rows : 6853
trel1               =  2.59151e+00
trel1_last          =  2.59157e+00
vddrel1             =  2.59151e+00
rst1_at1v           =  4.34092e-09
rst1_at2v           =  1.76083e-09
trel2               =  2.64807e-01
trel2_last          =  2.64870e-01
vddrel2             =  2.64807e+00
rst2_at1v           =  5.06531e-09
rst2_at2v           =  1.97689e-09
trel3               =  6.99240e-03
trel3_last          =  7.02168e-03
vddrel3             =  2.97000e+00
rst3_at1v           =  8.07423e-06
rst3_at2v           =  2.40265e-06
trel4               =  7.10548e-03
trel4_last          =  7.13477e-03
vddrel4             =  2.97000e+00
rst4_at1v           =  8.30429e-05
rst4_at2v           =  2.41371e-05
vref_rel4           =  1.19777e+00
biasok_rel4         =  2.97000e+00
m_vddrel_1vs_v = 2.5915100000e+00
m_vddrel_10vs_v = 2.6480710000e+00
m_vddrel_100kvs_v = 2.9700000000e+00
m_vddrel_1mvs_v = 2.9700000000e+00
m_chatter_1vs_us = 6.2000000000e+01
m_chatter_10vs_us = 6.2900000000e+01
m_chatter_100kvs_us = 2.9280000000e+01
m_chatter_1mvs_us = 2.9287000000e+01
m_resetn_at_1v_1vs_mv = 4.3409180000e-06
m_resetn_at_2v_1vs_mv = 1.7608270000e-06
m_resetn_at_1v_10vs_mv = 5.0653100000e-06
m_resetn_at_2v_10vs_mv = 1.9768880000e-06
m_resetn_at_1v_100kvs_mv = 8.0742330000e-03
m_resetn_at_2v_100kvs_mv = 2.4026480000e-03
m_resetn_at_1v_1mvs_mv = 8.3042850000e-02
m_resetn_at_2v_1mvs_mv = 2.4137060000e-02
m_t_release_1vs_ms = 2.5915100000e+03
m_t_release_10vs_ms = 2.6480710000e+02
m_t_release_100kvs_ms = 6.9924040000e+00
m_t_release_1mvs_ms = 7.1054840000e+00
m_vref_at_rel_1mvs_v = 1.1977680000e+00
m_biasok_at_rel_1mvs_v = 2.9699950000e+00
Note: Simulation executed from .control section 

Warning: m=xx on .subckt line will override multiplier m hierarchy!

Note: Starting dynamic gmin stepping
Note: Dynamic gmin stepping completed
