
Note: No compatibility mode selected!


Circuit: * por-brownout-slew @ ff_27c_2.97v -- generated by sim/harness, do not edit

Doing analysis at TEMP = 27.000000 and TNOM = 27.000000

Using SPARSE 1.3 as Direct Linear Solver

Initial Transient Solution
--------------------------

Node                                   Voltage
----                                   -------
vdd                                          0
ptat                               1.37648e-24
ctat                              -1.09596e-18
resetn                            -1.11287e-18
xdut.xtemp__pg                     1.72177e-18
xdut.xtemp__nz                     4.78243e-18
xdut.xbias__nbg                   -1.29437e-23
xdut.xbias__pb                    -7.48338e-24
xdut.xbias__n1                     5.25454e-22
xdut.xbias__n2                     5.19645e-22
xdut.xbias__pg                     3.01225e-26
xdut.xbias__ks1                   -9.35746e-24
xdut.xbias__ks2                    3.27655e-23
xdut.xbias__ks3                   -2.36638e-22
xdut.xbias__ks4                    2.70689e-21
xdut.xbias__nkg                   -3.31286e-20
xdut.xbias__nkm                    9.90355e-24
xdut.xbias__nokl                   1.61487e-21
xdut.xbias__noko                   1.05892e-20
xdut.xbias__nokx                  -7.77464e-22
xdut.bias_ok                       2.14762e-19
xdut.xcmp__na                      -1.3281e-19
xdut.xcmp__sns                               0
xdut.xcmp__tn                      1.98736e-19
xdut.xcmp__cmpo                   -4.14108e-19
xdut.vref                         -9.75857e-41
xdut.xcmp__nbg                     1.22313e-18
xdut.ibias                         -1.1688e-18
xdut.xcmp__bias_okb                3.35341e-21
xdut.xcmp__snsb                              0
xdut.xcmp__n1                      3.76236e-20
xdut.por_raw                      -4.53924e-20
xdut.xpor__pdn                    -4.79073e-50
xdut.xpor__ndl                     9.86262e-23
xdut.xpor__ndgn                   -6.38795e-20
xdut.xpor__ndg                     1.74843e-20
xdut.xpor__pgdg                   -4.51331e-20
xdut.xpor__pgdgb                   8.75505e-22
xdut.xpor__tim                     1.18822e-19
xdut.xpor__nd1                    -1.39777e-19
xdut.xpor__trip                    9.21657e-19
xdut.xpor__rstb                   -2.15506e-18
xdut.xpor__nnand                  -3.45489e-19
xdut.xtemp__n1                    -7.24733e-20
xdut.xtemp__n2                     4.78243e-18
xdut.xtemp__nbg                    4.20705e-19
xdut.xtemp__enb                   -9.34563e-19
xdut.xtemp__pb                     2.03277e-19
xdut.xtemp__pcas                   1.04534e-18
xdut.xtemp__nd                    -8.38993e-19
xdut.xtemp__nr                    -3.51927e-19
xdut.xtemp__nt                     9.02118e-19
xdut.xtemp__t5                     2.01322e-25
xdut.xtemp__t4                     9.95079e-26
xdut.xtemp__t3                     4.85064e-26
xdut.xtemp__t2                     2.28898e-26
xdut.xtemp__t1                     9.96936e-27
xdut.xtemp__t0                     3.40027e-27
xdut.xbias__na                     1.56857e-40
xdut.xbias__nbtop                  2.85647e-57
xdut.xbias__nt                    -6.59952e-23
xdut.xbias__nb                     2.85647e-57
xdut.xbias__tok                   -3.29093e-22
xdut.xcmp__vdda                    2.44447e-20
xdut.xpor__ndgp                   -2.10832e-22
xdut.xpor__nts                    -8.36393e-21
xdut.xtemp__na                    -1.09596e-18
xdut.xtemp__nb                      2.9674e-19
xdut.xtemp__m1d                    -1.4872e-19
xdut.xtemp__m2d                   -5.55434e-19
xdut.xtemp__m3d                   -8.42945e-19
xdut.xbias__ec                     2.85647e-57
xdut.xbias__er                    -9.75853e-41
xdut.xtemp__nc                      2.9674e-19
xdut.xbias__nz                     5.19645e-22
xdut.x162.11                        2.9674e-19
xdut.x162.21                        2.9674e-19
xdut.xtemp__xr1__1                  2.9674e-19
xdut.x163.11                        2.9674e-19
xdut.x163.21                        2.9674e-19
xdut.x164.11                      -1.09596e-18
xdut.x164.21                      -1.09596e-18
xdut.xtemp__xriso__1              -1.09596e-18
xdut.x165.11                      -1.09596e-18
xdut.x165.21                      -1.09596e-18
xdut.x166.11                       4.78243e-18
xdut.x166.21                       4.78243e-18
xdut.xtemp__xrz__1                 4.78243e-18
xdut.xtemp__xrz__2                 4.78243e-18
xdut.x167.11                       4.78243e-18
xdut.x167.21                       4.78243e-18
xdut.x168.11                       4.78243e-18
xdut.x168.21                       4.78243e-18
xdut.xtemp__xrz__3                 4.78243e-18
xdut.xtemp__xrz__4                 4.78243e-18
xdut.x169.11                       4.78243e-18
xdut.x169.21                       4.78243e-18
xdut.x170.11                       4.78243e-18
xdut.x170.21                       4.78243e-18
xdut.xtemp__xrz__5                 4.78243e-18
xdut.xtemp__xrz__6                 4.78243e-18
xdut.x171.11                       4.78243e-18
xdut.x171.21                       4.78243e-18
xdut.x172.11                       4.78243e-18
xdut.x172.21                       4.78243e-18
xdut.xtemp__xrz__7                 4.78243e-18
xdut.xtemp__xrz__8                 4.78243e-18
xdut.x173.11                       4.78243e-18
xdut.x173.21                       4.78243e-18
xdut.x174.11                       4.78243e-18
xdut.x174.21                       4.78243e-18
xdut.xtemp__xrz__9                 4.78243e-18
xdut.x175.11                       4.78243e-18
xdut.x175.21                       4.78243e-18
xdut.x176.11                       1.37639e-24
xdut.x176.21                       1.32761e-24
xdut.xtemp__xr2f__1                1.32752e-24
xdut.xtemp__xr2f__2                1.27855e-24
xdut.x177.11                       1.27865e-24
xdut.x177.21                       1.32742e-24
xdut.x178.11                       1.27846e-24
xdut.x178.21                       1.22968e-24
xdut.xtemp__xr2f__3                1.22959e-24
xdut.xtemp__xr2f__4                1.18062e-24
xdut.x179.11                       1.18072e-24
xdut.x179.21                       1.22949e-24
xdut.x180.11                       1.18053e-24
xdut.x180.21                       1.13175e-24
xdut.xtemp__xr2f__5                1.13166e-24
xdut.xtemp__xr2f__6                1.08269e-24
xdut.x181.11                       1.08279e-24
xdut.x181.21                       1.13156e-24
xdut.x182.11                        1.0826e-24
xdut.x182.21                       1.03382e-24
xdut.xtemp__xr2f__7                1.03373e-24
xdut.xtemp__xr2f__8                9.84763e-25
xdut.x183.11                       9.84857e-25
xdut.x183.21                       1.03363e-24
xdut.x184.11                       9.84669e-25
xdut.x184.21                       9.35892e-25
xdut.xtemp__xr2f__9                9.35798e-25
xdut.xtemp__xr2f__10               8.86833e-25
xdut.x185.11                       8.86927e-25
xdut.x185.21                       9.35703e-25
xdut.x186.11                       8.86738e-25
xdut.x186.21                       8.37962e-25
xdut.xtemp__xr2f__11               8.37868e-25
xdut.xtemp__xr2f__12               7.88903e-25
xdut.x187.11                       7.88997e-25
xdut.x187.21                       8.37773e-25
xdut.x188.11                       7.88808e-25
xdut.x188.21                       7.40032e-25
xdut.xtemp__xr2f__13               7.39938e-25
xdut.xtemp__xr2f__14               6.90972e-25
xdut.x189.11                       6.91067e-25
xdut.x189.21                       7.39843e-25
xdut.x190.11                       6.90878e-25
xdut.x190.21                       6.42102e-25
xdut.xtemp__xr2f__15               6.42007e-25
xdut.xtemp__xr2f__16               5.93042e-25
xdut.x191.11                       5.93137e-25
xdut.x191.21                       6.41913e-25
xdut.x192.11                       5.92948e-25
xdut.x192.21                       5.44172e-25
xdut.xtemp__xr2f__17               5.44077e-25
xdut.xtemp__xr2f__18               4.95112e-25
xdut.x193.11                       4.95207e-25
xdut.x193.21                       5.43983e-25
xdut.x194.11                       4.95018e-25
xdut.x194.21                       4.46242e-25
xdut.xtemp__xr2f__19               4.46147e-25
xdut.xtemp__xr2f__20               3.97182e-25
xdut.x195.11                       3.97276e-25
xdut.x195.21                       4.46053e-25
xdut.x196.11                       3.97088e-25
xdut.x196.21                       3.48311e-25
xdut.xtemp__xr2f__21               3.48217e-25
xdut.xtemp__xr2f__22               2.99252e-25
xdut.x197.11                       2.99346e-25
xdut.x197.21                       3.48123e-25
xdut.x198.11                       2.99158e-25
xdut.x198.21                       2.50381e-25
xdut.xtemp__xr2f__23               2.50287e-25
xdut.x199.11                       2.01416e-25
xdut.x199.21                       2.50193e-25
xdut.x200.11                       2.01228e-25
xdut.x200.21                       1.50509e-25
xdut.xtemp__xr2t5__1               1.50415e-25
xdut.x201.11                       9.96022e-26
xdut.x201.21                       1.50321e-25
xdut.x202.11                       9.94135e-26
xdut.x202.21                       7.41015e-26
xdut.xtemp__xr2t4__1               7.40071e-26
xdut.x203.11                       4.86007e-26
xdut.x203.21                       7.39128e-26
xdut.x204.11                       4.84121e-26
xdut.x204.21                       3.57924e-26
xdut.xtemp__xr2t3__1               3.56981e-26
xdut.x205.11                       2.29841e-26
xdut.x205.21                       3.56038e-26
xdut.x206.11                       2.27955e-26
xdut.x206.21                       1.65239e-26
xdut.xtemp__xr2t2__1               1.64296e-26
xdut.x207.11                       1.00637e-26
xdut.x207.21                       1.63353e-26
xdut.x208.11                       9.87505e-27
xdut.x208.21                       6.77912e-27
xdut.xtemp__xr2t1__1               6.68481e-27
xdut.x209.11                       3.49458e-27
xdut.x209.21                        6.5905e-27
xdut.x210.11                       3.30596e-27
xdut.x210.21                       1.79444e-27
xdut.xtemp__xr2t0__1               1.70013e-27
xdut.x211.11                       9.43084e-29
xdut.x211.21                       1.60582e-27
xdut.x212.11                                 0
xdut.x212.21                                 0
xdut.x213.11                                 0
xdut.x213.21                                 0
xdut.x214.11                                 0
xdut.x214.21                                 0
xdut.x215.11                      -9.75857e-41
xdut.x215.21                      -9.75857e-41
xdut.xbias__xr2__1                -9.75857e-41
xdut.xbias__xr2__2                -9.75857e-41
xdut.x216.11                      -9.75857e-41
xdut.x216.21                      -9.75857e-41
xdut.x217.11                      -9.75857e-41
xdut.x217.21                      -9.75856e-41
xdut.xbias__xr2__3                -9.75856e-41
xdut.xbias__xr2__4                -9.75856e-41
xdut.x218.11                      -9.75856e-41
xdut.x218.21                      -9.75856e-41
xdut.x219.11                      -9.75856e-41
xdut.x219.21                      -9.75856e-41
xdut.xbias__xr2__5                -9.75856e-41
xdut.xbias__xr2__6                -9.75856e-41
xdut.x220.11                      -9.75856e-41
xdut.x220.21                      -9.75856e-41
xdut.x221.11                      -9.75856e-41
xdut.x221.21                      -9.75855e-41
xdut.xbias__xr2__7                -9.75855e-41
xdut.xbias__xr2__8                -9.75855e-41
xdut.x222.11                      -9.75855e-41
xdut.x222.21                      -9.75855e-41
xdut.x223.11                      -9.75855e-41
xdut.x223.21                      -9.75855e-41
xdut.xbias__xr2__9                -9.75855e-41
xdut.xbias__xr2__10               -9.75855e-41
xdut.x224.11                      -9.75855e-41
xdut.x224.21                      -9.75855e-41
xdut.x225.11                      -9.75855e-41
xdut.x225.21                      -9.75854e-41
xdut.xbias__xr2__11               -9.75854e-41
xdut.xbias__xr2__12               -9.75854e-41
xdut.x226.11                      -9.75854e-41
xdut.x226.21                      -9.75854e-41
xdut.x227.11                      -9.75854e-41
xdut.x227.21                      -9.75854e-41
xdut.xbias__xr2__13               -9.75854e-41
xdut.xbias__xr2__14               -9.75853e-41
xdut.x228.11                      -9.75853e-41
xdut.x228.21                      -9.75854e-41
xdut.x229.11                      -9.75853e-41
xdut.x229.21                      -9.75853e-41
xdut.xbias__xr2__15               -9.75853e-41
xdut.x230.11                      -9.75853e-41
xdut.x230.21                      -9.75853e-41
xdut.x231.11                       5.19645e-22
xdut.x231.21                       5.19645e-22
xdut.xbias__xrz__1                 5.19645e-22
xdut.xbias__xrz__2                 5.19645e-22
xdut.x232.11                       5.19645e-22
xdut.x232.21                       5.19645e-22
xdut.x233.11                       5.19645e-22
xdut.x233.21                       5.19645e-22
xdut.xbias__xrz__3                 5.19645e-22
xdut.x234.11                       5.19645e-22
xdut.x234.21                       5.19645e-22
xdut.x235.11                       2.85647e-57
xdut.x235.21                       2.85647e-57
xdut.xbias__xr1__1                 2.85647e-57
xdut.x236.11                       2.85647e-57
xdut.x236.21                       2.85647e-57
xdut.x237.11                       2.85647e-57
xdut.x237.21                       2.85647e-57
xdut.xbias__xrt__1                 2.85647e-57
xdut.x238.11                       2.85647e-57
xdut.x238.21                       2.85647e-57
xdut.xbias__nt__par               -6.59952e-23
xdut.xtemp__xrz__2__par            4.78243e-18
xdut.xtemp__xrz__4__par            4.78243e-18
xdut.xtemp__xrz__6__par            4.78243e-18
xdut.xtemp__xrz__8__par            4.78243e-18
xdut.xbias__n1__par                5.25454e-22
xdut.xtemp__xr2f__2__par           1.27855e-24
xdut.xtemp__xr2f__4__par           1.18062e-24
xdut.xtemp__xr2f__6__par           1.08269e-24
xdut.xtemp__xr2f__8__par           9.84763e-25
xdut.xtemp__xr2f__10__par          8.86833e-25
xdut.xtemp__xr2f__12__par          7.88903e-25
xdut.xtemp__xr2f__14__par          6.90972e-25
xdut.xtemp__xr2f__16__par          5.93042e-25
xdut.xtemp__xr2f__18__par          4.95112e-25
xdut.xtemp__xr2f__20__par          3.97182e-25
xdut.xbias__n2__par                5.19645e-22
xdut.xtemp__xr2f__22__par          2.99252e-25
xdut.xtemp__xr2t0__1__par          1.70013e-27
xdut.xtemp__xr2t1__1__par          6.68481e-27
xdut.xbias__tok__par              -3.29093e-22
xdut.xtemp__xr2t2__1__par          1.64296e-26
xdut.xtemp__xr2t3__1__par          3.56981e-26
xdut.xbias__noko__par              1.05892e-20
xdut.xtemp__xriso__1__par         -1.09596e-18
xdut.xtemp__xr2t4__1__par          7.40071e-26
xdut.xtemp__xr1__1__par             2.9674e-19
xdut.xtemp__xrz__1__par            4.78243e-18
xdut.xtemp__xrz__3__par            4.78243e-18
xdut.xtemp__xrz__5__par            4.78243e-18
xdut.xbias__nokl__par              1.61487e-21
xdut.xtemp__xrz__7__par            4.78243e-18
xdut.xtemp__xrz__9__par            4.78243e-18
xdut.xtemp__xr2f__1__par           1.32752e-24
xdut.xtemp__xr2f__3__par           1.22959e-24
xdut.xtemp__xr2f__5__par           1.13166e-24
xdut.xtemp__xr2f__7__par           1.03373e-24
xdut.xtemp__xr2f__9__par           9.35798e-25
xdut.xtemp__xr2f__11__par          8.37868e-25
xdut.xtemp__xr2f__13__par          7.39938e-25
xdut.xtemp__xr2f__15__par          6.42007e-25
xdut.xbias__nkg__par              -3.31286e-20
xdut.xtemp__xr2f__17__par          5.44077e-25
xdut.xtemp__xr2f__19__par          4.46147e-25
xdut.xtemp__xr2f__21__par          3.48217e-25
xdut.xtemp__xr2f__23__par          2.50287e-25
xdut.xtemp__xr2t5__1__par          1.50415e-25
xdut.xbias__nb__par                2.85647e-57
xdut.xcmp__vdda__par               2.44447e-20
xdut.xcmp__na__par                 -1.3281e-19
xdut.xcmp__cmpo__par              -4.14108e-19
xdut.xcmp__n1__par                 3.76236e-20
xdut.xcmp__tn__par                 1.98736e-19
xdut.xcmp__sns__par                          0
xdut.xcmp__nbg__par                1.22313e-18
xdut.xcmp__snsb__par                         0
xdut.xpor__pdn__par               -4.79073e-50
xdut.xpor__ndl__par                9.86262e-23
xdut.xpor__ndgn__par              -6.38795e-20
xdut.xpor__pgdg__par              -4.51331e-20
xdut.xpor__pgdgb__par              8.75505e-22
xdut.xpor__nd1__par               -1.39777e-19
xdut.xpor__nnand__par             -3.45489e-19
xdut.xpor__ndgp__par              -2.10832e-22
xdut.xpor__nts__par               -8.36393e-21
xdut.xpor__rstb__par              -2.15506e-18
xdut.xbias__nkm__par               9.90355e-24
xdut.xbias__nokx__par             -7.77464e-22
xdut.xbias__ks1__par              -9.35746e-24
xdut.xbias__ks2__par               3.27655e-23
xdut.xbias__ks3__par              -2.36638e-22
xdut.xbias__ks4__par               2.70689e-21
xdut.xbias__ec__par                2.85647e-57
xdut.xbias__nz__par                5.19645e-22
xdut.xpor__ndg__par                1.74843e-20
xdut.xpor__tim__par                1.18822e-19
xdut.xpor__trip__par               9.21657e-19
xdut.xbias__xr2__2__par           -9.75857e-41
xdut.xbias__xr2__4__par           -9.75856e-41
xdut.xbias__xr2__6__par           -9.75856e-41
xdut.xbias__xr2__8__par           -9.75855e-41
xdut.xbias__xr2__10__par          -9.75855e-41
xdut.xbias__xr2__12__par          -9.75854e-41
xdut.xbias__pg__par                3.01225e-26
xdut.xbias__xr2__14__par          -9.75853e-41
xdut.xbias__xrz__2__par            5.19645e-22
xdut.xbias__xrt__1__par            2.85647e-57
xdut.xbias__na__par                1.56857e-40
xdut.xbias__er__par               -9.75853e-41
xdut.xbias__nbtop__par             2.85647e-57
xdut.xbias__nbg__par              -1.29437e-23
xdut.xbias__xrz__1__par            5.19645e-22
xdut.xbias__xrz__3__par            5.19645e-22
xdut.xbias__xr1__1__par            2.85647e-57
xdut.xbias__xr2__13__par          -9.75854e-41
xdut.xbias__xr2__11__par          -9.75854e-41
xdut.xbias__xr2__1__par           -9.75857e-41
xdut.xbias__xr2__3__par           -9.75856e-41
xdut.xbias__xr2__5__par           -9.75856e-41
xdut.xbias__xr2__7__par           -9.75855e-41
xdut.xbias__xr2__9__par           -9.75855e-41
xdut.xbias__pb__par               -7.48338e-24
xdut.xbias__xr2__15__par          -9.75853e-41
xdut.bias_ok__par                  2.14762e-19
xdut.xcmp__bias_okb__par           3.35341e-21
xdut.ctat__par                    -1.09596e-18
xdut.resetn__par                  -1.11287e-18
xdut.xtemp__enb__par              -9.34563e-19
xdut.ibias__par                    -1.1688e-18
xdut.xtemp__m1d__par               -1.4872e-19
xdut.xtemp__m2d__par              -5.55434e-19
xdut.xtemp__m3d__par              -8.42945e-19
xdut.xtemp__n1__par               -7.24733e-20
xdut.xtemp__n2__par                4.78243e-18
xdut.xtemp__na__par               -1.09596e-18
xdut.xtemp__nb__par                 2.9674e-19
xdut.xtemp__nbg__par               4.20705e-19
xdut.xtemp__nc__par                 2.9674e-19
xdut.xtemp__nd__par               -8.38993e-19
xdut.xtemp__nr__par               -3.51927e-19
xdut.xtemp__nt__par                9.02118e-19
xdut.xtemp__nz__par                4.78243e-18
xdut.xtemp__pb__par                2.03277e-19
xdut.xtemp__pcas__par              1.04534e-18
xdut.xtemp__pg__par                1.72177e-18
xdut.por_raw__par                 -4.53924e-20
xdut.ptat__par                     1.37648e-24
xdut.xtemp__t0__par                3.40027e-27
xdut.xtemp__t1__par                9.96936e-27
xdut.xtemp__t2__par                2.28898e-26
xdut.xtemp__t3__par                4.85064e-26
xdut.xtemp__t4__par                9.95079e-26
xdut.xtemp__t5__par                2.01322e-25
xdut.vdd__par                                0
xdut.vref__par                    -9.75857e-41
xdut.vss__par                                0
vsup#branch                       -1.29977e-29

 Reference value :  1.48099e-04
 Reference value :  3.26046e-04
 Reference value :  4.04823e-04
 Reference value :  4.23669e-04
 Reference value :  9.23994e-04
 Reference value :  9.33950e-04
 Reference value :  1.99791e-03
 Reference value :  5.73791e-03
 Reference value :  6.85441e-03
 Reference value :  6.85600e-03
 Reference value :  6.85863e-03
 Reference value :  8.64789e-03
 Reference value :  1.24079e-02
 Reference value :  1.61679e-02
 Reference value :  1.99079e-02
 Reference value :  2.01922e-02
 Reference value :  2.01998e-02
 Reference value :  2.02000e-02
 Reference value :  2.08586e-02
 Reference value :  2.09037e-02
 Reference value :  2.15563e-02
 Reference value :  2.15663e-02
No. of Data Rows : 2604
vrst_pre            =  2.97000e+00
rst_r_min_overall   =  -6.18979e-07 at=  2.02000e-02
vdd_settled         =  2.97000e+00
bok_r_min           =  -5.10580e-08 at=  2.08041e-02
rst_r_min           =  -6.18979e-07 at=  2.02000e-02
praw_r_min          =  -1.54110e-04 at=  2.01922e-02
vrst_floor          =  7.87108e-10
vdd_dip             =  1.00000e+00
m_resetn_pre_dip_v = 2.9700000000e+00
m_vdd_dip_v = 1.0000000000e+00
m_bias_ok_ratio_min_in_dip = -5.105803000e-08
m_resetn_ratio_min_in_dip = -6.189793000e-07
m_por_raw_ratio_min_in_dip = -1.541098000e-04
m_resetn_ratio_min_overall = -6.189793000e-07
m_resetn_floor_in_dip_mv = 7.8710770000e-07
Note: Simulation executed from .control section 

