
Note: No compatibility mode selected!


Circuit: * por-output-chain-deglitch @ ss_-40c_2.97v -- generated by sim/harness, do not edit

Doing analysis at TEMP = -40.000000 and TNOM = 27.000000

Using SPARSE 1.3 as Direct Linear Solver

Initial Transient Solution
--------------------------

Node                                   Voltage
----                                   -------
vdd                                          0
por_raw                                      0
nib1                               4.19442e-84
ibias1                             4.19442e-84
nib2                               4.19442e-84
ibias2                             4.19442e-84
vdd1                                         0
vdd2                                         0
resetn1                           -3.09897e-21
resetn2                            -2.6207e-21
xdut1.pdn                          6.07902e-25
xdut1.pgdgb                       -2.17441e-52
xdut1.pgdg                                   0
xdut1.nd1                          4.06025e-35
xdut1.ndl                          -2.6773e-78
xdut1.ndg                          1.02162e-23
xdut1.ndgn                        -4.21681e-23
xdut1.tim                          -1.5512e-56
xdut1.trip                         3.79456e-36
xdut1.rstb                        -2.01466e-21
xdut1.nnand                        1.21784e-23
xdut1.nts                          1.58975e-56
xdut1.ndgp                                   0
xdut1.ndgn__par                   -4.21681e-23
xdut1.ndg__par                     1.02162e-23
xdut1.pgdg__par                              0
xdut1.tim__par                     -1.5512e-56
xdut1.trip__par                    3.79456e-36
xdut1.nnand__par                   1.21784e-23
xdut1.ndgp__par                              0
xdut1.rstb__par                   -2.01466e-21
xdut1.pdn__par                     6.07902e-25
xdut1.ndl__par                     -2.6773e-78
xdut1.pgdgb__par                  -2.17441e-52
xdut1.nd1__par                     4.06025e-35
xdut1.nts__par                     1.58975e-56
xdut1.ibias__par                   4.19442e-84
xdut1.por_raw__par                           0
xdut1.resetn__par                 -3.09897e-21
xdut1.vdd__par                               0
xdut1.vss__par                               0
xdut2.pdn                          6.07902e-25
xdut2.pgdgb                       -2.17441e-52
xdut2.pgdg                                   0
xdut2.nd1                          4.05108e-35
xdut2.ndl                          -2.6773e-78
xdut2.ndg                          1.02162e-23
xdut2.ndgn                        -4.21681e-23
xdut2.tim                         -1.56632e-56
xdut2.trip                         3.79305e-36
xdut2.rstb                         -2.0147e-21
xdut2.nnand                         1.2179e-23
xdut2.nts                          1.58878e-56
xdut2.ndgp                                   0
xdut2.ndgn__par                   -4.21681e-23
xdut2.ndg__par                     1.02162e-23
xdut2.pgdg__par                              0
xdut2.tim__par                    -1.56632e-56
xdut2.trip__par                    3.79305e-36
xdut2.nnand__par                    1.2179e-23
xdut2.ndgp__par                              0
xdut2.rstb__par                    -2.0147e-21
xdut2.pdn__par                     6.07902e-25
xdut2.ndl__par                     -2.6773e-78
xdut2.pgdgb__par                  -2.17441e-52
xdut2.nd1__par                     4.05108e-35
xdut2.nts__par                     1.58878e-56
xdut2.ibias__par                   4.19442e-84
xdut2.por_raw__par                           0
xdut2.resetn__par                  -2.6207e-21
xdut2.vdd__par                               0
xdut2.vss__par                               0
vd2#branch                          2.7811e-33
vd1#branch                         1.82228e-33
vib2#branch                                  0
vib1#branch                                  0
vpr#branch                                   0
vsup#branch                       -4.60338e-33

 Reference value :  0.00000e+00
 Reference value :  2.91557e-05
 Reference value :  3.42477e-05
 Reference value :  7.65058e-05
 Reference value :  8.29753e-05
 Reference value :  9.81985e-05
 Reference value :  3.00194e-04
 Reference value :  3.19487e-04
 Reference value :  5.47377e-04
 Reference value :  5.85377e-04
 Reference value :  7.17377e-04
 Reference value :  9.99937e-04
 Reference value :  1.09993e-03
 Reference value :  1.19994e-03
 Reference value :  1.39450e-03
 Reference value :  2.20450e-03
 Reference value :  2.36250e-03
 Reference value :  2.37050e-03
 Reference value :  2.61650e-03
 Reference value :  3.33250e-03
 Reference value :  4.19650e-03
 Reference value :  5.02250e-03
 Reference value :  5.37920e-03
 Reference value :  5.38187e-03
 Reference value :  6.03224e-03
 Reference value :  6.87224e-03
 Reference value :  7.37624e-03
 Reference value :  7.85024e-03
 Reference value :  8.32624e-03
 Reference value :  9.21824e-03
 Reference value :  9.47424e-03
 Reference value :  9.61824e-03
 Reference value :  9.75533e-03
 Reference value :  1.00946e-02
 Reference value :  1.09566e-02
 Reference value :  1.10885e-02
 Reference value :  1.11044e-02
 Reference value :  1.12000e-02
 Reference value :  1.15005e-02
 Reference value :  1.20036e-02
 Reference value :  1.20042e-02
 Reference value :  1.20080e-02
 Reference value :  1.20082e-02
 Reference value :  1.20136e-02
 Reference value :  1.20231e-02
No. of Data Rows : 10496
tpgr1               =  3.10331e-04
trel1               =  5.38126e-03
pgdgmin1            =  2.96946e+00 at=  1.10104e-03
vmax_chat1          =  7.47043e-10 at=  1.19994e-03
vmin_hold1          =  2.97000e+00 at=  1.10011e-02
tpgf1               =  1.20042e-02
tpgf2               =  1.20080e-02
tasrt1              =  1.20042e-02
tvalid1             =  1.20042e-02
vmin_dip1           =  -1.41480e-05 at=  1.20042e-02
vmax_after1         =  6.22274e-10 at=  1.20502e-02
iasrt1              =  2.49629e-08 from=  1.50000e-04 to=  2.90625e-04
m_dwell_pgdg_1x_us = 4.1700000000e+00
m_dwell_pgdg_halfib_us = 8.0300000000e+00
m_dwell_resetn_1x_us = 4.1600000000e+00
m_reassert_validlow_us = 4.1600000000e+00
m_dwell_rise_1x_us = 1.0231300000e+01
m_tpulse_after_chatter_ms = 5.0811630000e+00
m_pgdg_min_during_chatter = 2.9694590000e+00
m_resetn_max_during_chatter = 7.4704320000e-10
m_resetn_min_after_release = 2.9700000000e+00
m_resetn_min_during_dip = -1.414796000e-05
m_resetn_max_after_dip = 6.2227360000e-10
m_iq_asserted_1x_na = 2.4962890000e+01
Note: Simulation executed from .control section 

