
Note: Compatibility modes selected: hs a


Circuit: * bias-core-designer-check @ fs_-40c_3.30v -- generated by sim/harness, do not edit

Doing analysis at TEMP = -40.000000 and TNOM = 27.000000

Using SPARSE 1.3 as Direct Linear Solver

Initial Transient Solution
--------------------------

Node                                   Voltage
----                                   -------
vddst                                      3.3
nibst                                 0.680686
ibiasst                               0.680686
xst.ks1                                2.27856
xst.ks2                                1.45582
xst.ks3                               0.816572
xst.ks4                               0.340195
xst.nkg                            1.10427e-06
xst.pg                                 2.37378
xst.nbg                                0.56753
xst.pb                                 2.36972
xst.nkm                               0.546726
xst.nokl                              0.522234
xst.noko                               1.57813
xst.nokx                           8.92009e-05
xst.n1                                0.537104
xst.n2                                0.533055
bias_okst                                  3.3
xst.tok                                  2.037
xst.nt                                 2.03575
xst.na                                0.708923
xst.nbtop                             0.711071
vrefst                                 1.19787
xst.nb                                 0.70893
xst.ec                                0.667062
xst.er                                0.708852
xst.nz                                0.533055
xst.x47.11                             1.19787
xst.x47.21                             1.16731
xst.xr2__1                             1.16731
xst.xr2__2                             1.13675
xst.x48.11                             1.13675
xst.x48.21                             1.16731
xst.x49.11                             1.13675
xst.x49.21                             1.10618
xst.xr2__3                             1.10618
xst.xr2__4                             1.07562
xst.x50.11                             1.07562
xst.x50.21                             1.10618
xst.x51.11                             1.07562
xst.x51.21                             1.04506
xst.xr2__5                             1.04506
xst.xr2__6                             1.01449
xst.x52.11                             1.01449
xst.x52.21                             1.04505
xst.x53.11                             1.01449
xst.x53.21                            0.983929
xst.xr2__7                            0.983927
xst.xr2__8                            0.953363
xst.x54.11                            0.953365
xst.x54.21                            0.983926
xst.x55.11                            0.953362
xst.x55.21                            0.922801
xst.xr2__9                              0.9228
xst.xr2__10                           0.892236
xst.x56.11                            0.892237
xst.x56.21                            0.922798
xst.x57.11                            0.892234
xst.x57.21                            0.861673
xst.xr2__11                           0.861672
xst.xr2__12                           0.831108
xst.x58.11                            0.831109
xst.x58.21                             0.86167
xst.x59.11                            0.831106
xst.x59.21                            0.800545
xst.xr2__13                           0.800544
xst.xr2__14                            0.76998
xst.x60.11                            0.769982
xst.x60.21                            0.800542
xst.x61.11                            0.769979
xst.x61.21                            0.739418
xst.xr2__15                           0.739416
xst.x62.11                            0.708854
xst.x62.21                            0.739415
xst.x63.11                            0.533055
xst.x63.21                            0.533055
xst.xrz__1                            0.533055
xst.xrz__2                            0.533055
xst.x64.11                            0.533055
xst.x64.21                            0.533055
xst.x65.11                            0.533055
xst.x65.21                            0.533055
xst.xrz__3                            0.533055
xst.x66.11                            0.533055
xst.x66.21                            0.533055
xst.x67.11                            0.708928
xst.x67.21                            0.687997
xst.xr1__1                            0.687996
xst.x68.11                            0.667063
xst.x68.21                            0.687994
xst.x69.11                             0.71107
xst.x69.21                            0.710002
xst.xrt__1                            0.710001
xst.x70.11                            0.708931
xst.x70.21                            0.709999
xst.n1__par                           0.537104
xst.n2__par                           0.533055
xst.nkm__par                          0.546726
xst.tok__par                             2.037
xst.noko__par                          1.57813
xst.nokl__par                         0.522234
xst.nokx__par                      8.92009e-05
xst.ks1__par                           2.27856
xst.ks2__par                           1.45582
xst.ks3__par                          0.816572
xst.ks4__par                          0.340195
xst.nkg__par                       1.10427e-06
xst.nb__par                            0.70893
xst.ec__par                           0.667062
xst.nz__par                           0.533055
xst.xrz__2__par                       0.533055
xst.xr2__14__par                       0.76998
xst.xr2__12__par                      0.831108
xst.pg__par                            2.37378
xst.xr2__10__par                      0.892236
xst.xr2__8__par                       0.953363
xst.xr2__6__par                        1.01449
xst.xr2__4__par                        1.07562
xst.xr2__2__par                        1.13675
xst.na__par                           0.708923
xst.er__par                           0.708852
xst.xrt__1__par                       0.710001
xst.nbtop__par                        0.711071
xst.xr1__1__par                       0.687996
xst.xrz__3__par                       0.533055
xst.xrz__1__par                       0.533055
xst.xr2__13__par                      0.800544
xst.xr2__11__par                      0.861672
xst.xr2__1__par                        1.16731
xst.xr2__3__par                        1.10618
xst.xr2__5__par                        1.04506
xst.xr2__7__par                       0.983927
xst.xr2__9__par                         0.9228
xst.xr2__15__par                      0.739416
xst.nbg__par                           0.56753
xst.pb__par                            2.36972
xst.nt__par                            2.03575
xst.bias_ok__par                           3.3
xst.ibias__par                        0.680686
xst.vdd__par                               3.3
xst.vref__par                          1.19787
xst.vss__par                                 0
vdds                                         0
nibs                                         0
ibiass                                       0
xs.ks1                                       0
xs.ks2                                       0
xs.ks3                                       0
xs.ks4                                       0
xs.nkg                                       0
xs.pg                                        0
xs.nbg                                       0
xs.pb                                        0
xs.nkm                                       0
xs.nokl                                      0
xs.noko                                      0
xs.nokx                                      0
xs.n1                                        0
xs.n2                                        0
bias_oks                                     0
xs.tok                                       0
xs.nt                                        0
xs.na                             -3.17316e-25
xs.nbtop                           7.05175e-26
vrefs                             -3.17343e-25
xs.nb                              7.05175e-26
xs.ec                              7.05171e-26
xs.er                             -3.17341e-25
xs.nz                                        0
xs.x47.11                         -3.17343e-25
xs.x47.21                         -3.17343e-25
xs.xr2__1                         -3.17343e-25
xs.xr2__2                         -3.17343e-25
xs.x48.11                         -3.17343e-25
xs.x48.21                         -3.17343e-25
xs.x49.11                         -3.17343e-25
xs.x49.21                         -3.17343e-25
xs.xr2__3                         -3.17343e-25
xs.xr2__4                         -3.17343e-25
xs.x50.11                         -3.17343e-25
xs.x50.21                         -3.17343e-25
xs.x51.11                         -3.17343e-25
xs.x51.21                         -3.17342e-25
xs.xr2__5                         -3.17342e-25
xs.xr2__6                         -3.17342e-25
xs.x52.11                         -3.17342e-25
xs.x52.21                         -3.17342e-25
xs.x53.11                         -3.17342e-25
xs.x53.21                         -3.17342e-25
xs.xr2__7                         -3.17342e-25
xs.xr2__8                         -3.17342e-25
xs.x54.11                         -3.17342e-25
xs.x54.21                         -3.17342e-25
xs.x55.11                         -3.17342e-25
xs.x55.21                         -3.17342e-25
xs.xr2__9                         -3.17342e-25
xs.xr2__10                        -3.17342e-25
xs.x56.11                         -3.17342e-25
xs.x56.21                         -3.17342e-25
xs.x57.11                         -3.17342e-25
xs.x57.21                         -3.17342e-25
xs.xr2__11                        -3.17342e-25
xs.xr2__12                        -3.17341e-25
xs.x58.11                         -3.17341e-25
xs.x58.21                         -3.17342e-25
xs.x59.11                         -3.17341e-25
xs.x59.21                         -3.17341e-25
xs.xr2__13                        -3.17341e-25
xs.xr2__14                        -3.17341e-25
xs.x60.11                         -3.17341e-25
xs.x60.21                         -3.17341e-25
xs.x61.11                         -3.17341e-25
xs.x61.21                         -3.17341e-25
xs.xr2__15                        -3.17341e-25
xs.x62.11                         -3.17341e-25
xs.x62.21                         -3.17341e-25
xs.x63.11                                    0
xs.x63.21                                    0
xs.xrz__1                                    0
xs.xrz__2                                    0
xs.x64.11                                    0
xs.x64.21                                    0
xs.x65.11                                    0
xs.x65.21                                    0
xs.xrz__3                                    0
xs.x66.11                                    0
xs.x66.21                                    0
xs.x67.11                          7.05175e-26
xs.x67.21                          7.05173e-26
xs.xr1__1                          7.05173e-26
xs.x68.11                          7.05171e-26
xs.x68.21                          7.05173e-26
xs.x69.11                          7.05175e-26
xs.x69.21                          7.05175e-26
xs.xrt__1                          7.05175e-26
xs.x70.11                          7.05175e-26
xs.x70.21                          7.05175e-26
xs.n1__par                                   0
xs.n2__par                                   0
xs.nkm__par                                  0
xs.tok__par                                  0
xs.noko__par                                 0
xs.nokl__par                                 0
xs.nokx__par                                 0
xs.ks1__par                                  0
xs.ks2__par                                  0
xs.ks3__par                                  0
xs.ks4__par                                  0
xs.nkg__par                                  0
xs.nb__par                         7.05175e-26
xs.ec__par                         7.05171e-26
xs.nz__par                                   0
xs.xrz__2__par                               0
xs.xr2__14__par                   -3.17341e-25
xs.xr2__12__par                   -3.17341e-25
xs.pg__par                                   0
xs.xr2__10__par                   -3.17342e-25
xs.xr2__8__par                    -3.17342e-25
xs.xr2__6__par                    -3.17342e-25
xs.xr2__4__par                    -3.17343e-25
xs.xr2__2__par                    -3.17343e-25
xs.na__par                        -3.17316e-25
xs.er__par                        -3.17341e-25
xs.xrt__1__par                     7.05175e-26
xs.nbtop__par                      7.05175e-26
xs.xr1__1__par                     7.05173e-26
xs.xrz__3__par                               0
xs.xrz__1__par                               0
xs.xr2__13__par                   -3.17341e-25
xs.xr2__11__par                   -3.17342e-25
xs.xr2__1__par                    -3.17343e-25
xs.xr2__3__par                    -3.17343e-25
xs.xr2__5__par                    -3.17342e-25
xs.xr2__7__par                    -3.17342e-25
xs.xr2__9__par                    -3.17342e-25
xs.xr2__15__par                   -3.17341e-25
xs.nbg__par                                  0
xs.pb__par                                   0
xs.nt__par                                   0
xs.bias_ok__par                              0
xs.ibias__par                                0
xs.vdd__par                                  0
xs.vref__par                      -3.17343e-25
xs.vss__par                                  0
es                                     1.19787
rels                                        -1
rr9s                                  -1.07809
fos                                          0
vddf                                         0
nibf                                         0
ibiasf                                       0
xf.ks1                                       0
xf.ks2                                       0
xf.ks3                                       0
xf.ks4                                       0
xf.nkg                                       0
xf.pg                                        0
xf.nbg                                       0
xf.pb                                        0
xf.nkm                                       0
xf.nokl                                      0
xf.noko                                      0
xf.nokx                                      0
xf.n1                                        0
xf.n2                                        0
bias_okf                                     0
xf.tok                                       0
xf.nt                                        0
xf.na                             -3.17316e-25
xf.nbtop                          -7.05175e-26
vreff                             -3.17343e-25
xf.nb                             -7.05174e-26
xf.ec                             -7.05171e-26
xf.er                             -3.17341e-25
xf.nz                                        0
xf.x47.11                         -3.17343e-25
xf.x47.21                         -3.17343e-25
xf.xr2__1                         -3.17343e-25
xf.xr2__2                         -3.17343e-25
xf.x48.11                         -3.17343e-25
xf.x48.21                         -3.17343e-25
xf.x49.11                         -3.17343e-25
xf.x49.21                         -3.17343e-25
xf.xr2__3                         -3.17343e-25
xf.xr2__4                         -3.17343e-25
xf.x50.11                         -3.17343e-25
xf.x50.21                         -3.17343e-25
xf.x51.11                         -3.17343e-25
xf.x51.21                         -3.17342e-25
xf.xr2__5                         -3.17342e-25
xf.xr2__6                         -3.17342e-25
xf.x52.11                         -3.17342e-25
xf.x52.21                         -3.17342e-25
xf.x53.11                         -3.17342e-25
xf.x53.21                         -3.17342e-25
xf.xr2__7                         -3.17342e-25
xf.xr2__8                         -3.17342e-25
xf.x54.11                         -3.17342e-25
xf.x54.21                         -3.17342e-25
xf.x55.11                         -3.17342e-25
xf.x55.21                         -3.17342e-25
xf.xr2__9                         -3.17342e-25
xf.xr2__10                        -3.17342e-25
xf.x56.11                         -3.17342e-25
xf.x56.21                         -3.17342e-25
xf.x57.11                         -3.17342e-25
xf.x57.21                         -3.17342e-25
xf.xr2__11                        -3.17342e-25
xf.xr2__12                        -3.17341e-25
xf.x58.11                         -3.17341e-25
xf.x58.21                         -3.17342e-25
xf.x59.11                         -3.17341e-25
xf.x59.21                         -3.17341e-25
xf.xr2__13                        -3.17341e-25
xf.xr2__14                        -3.17341e-25
xf.x60.11                         -3.17341e-25
xf.x60.21                         -3.17341e-25
xf.x61.11                         -3.17341e-25
xf.x61.21                         -3.17341e-25
xf.xr2__15                        -3.17341e-25
xf.x62.11                         -3.17341e-25
xf.x62.21                         -3.17341e-25
xf.x63.11                                    0
xf.x63.21                                    0
xf.xrz__1                                    0
xf.xrz__2                                    0
xf.x64.11                                    0
xf.x64.21                                    0
xf.x65.11                                    0
xf.x65.21                                    0
xf.xrz__3                                    0
xf.x66.11                                    0
xf.x66.21                                    0
xf.x67.11                         -7.05174e-26
xf.x67.21                         -7.05173e-26
xf.xr1__1                         -7.05173e-26
xf.x68.11                         -7.05171e-26
xf.x68.21                         -7.05173e-26
xf.x69.11                         -7.05175e-26
xf.x69.21                         -7.05174e-26
xf.xrt__1                         -7.05174e-26
xf.x70.11                         -7.05174e-26
xf.x70.21                         -7.05174e-26
xf.n1__par                                   0
xf.n2__par                                   0
xf.nkm__par                                  0
xf.tok__par                                  0
xf.noko__par                                 0
xf.nokl__par                                 0
xf.nokx__par                                 0
xf.ks1__par                                  0
xf.ks2__par                                  0
xf.ks3__par                                  0
xf.ks4__par                                  0
xf.nkg__par                                  0
xf.nb__par                        -7.05174e-26
xf.ec__par                        -7.05171e-26
xf.nz__par                                   0
xf.xrz__2__par                               0
xf.xr2__14__par                   -3.17341e-25
xf.xr2__12__par                   -3.17341e-25
xf.pg__par                                   0
xf.xr2__10__par                   -3.17342e-25
xf.xr2__8__par                    -3.17342e-25
xf.xr2__6__par                    -3.17342e-25
xf.xr2__4__par                    -3.17343e-25
xf.xr2__2__par                    -3.17343e-25
xf.na__par                        -3.17316e-25
xf.er__par                        -3.17341e-25
xf.xrt__1__par                    -7.05174e-26
xf.nbtop__par                     -7.05175e-26
xf.xr1__1__par                    -7.05173e-26
xf.xrz__3__par                               0
xf.xrz__1__par                               0
xf.xr2__13__par                   -3.17341e-25
xf.xr2__11__par                   -3.17342e-25
xf.xr2__1__par                    -3.17343e-25
xf.xr2__3__par                    -3.17343e-25
xf.xr2__5__par                    -3.17342e-25
xf.xr2__7__par                    -3.17342e-25
xf.xr2__9__par                    -3.17342e-25
xf.xr2__15__par                   -3.17341e-25
xf.nbg__par                                  0
xf.pb__par                                   0
xf.nt__par                                   0
xf.bias_ok__par                              0
xf.ibias__par                                0
xf.vdd__par                                  0
xf.vref__par                      -3.17343e-25
xf.vss__par                                  0
ef                                     1.19787
relf                                        -1
fof                                          0
vddb                                         0
nibb                                         0
ibiasb                                       0
xb.ks1                                       0
xb.ks2                                       0
xb.ks3                                       0
xb.ks4                                       0
xb.nkg                                       0
xb.pg                                        0
xb.nbg                                       0
xb.pb                                        0
xb.nkm                                       0
xb.nokl                                      0
xb.noko                                      0
xb.nokx                                      0
xb.n1                                        0
xb.n2                                        0
bias_okb                                     0
xb.tok                                       0
xb.nt                                        0
xb.na                             -3.17316e-25
xb.nbtop                           7.05175e-26
vrefb                             -3.17344e-25
xb.nb                              7.05174e-26
xb.ec                              7.05171e-26
xb.er                             -3.17342e-25
xb.nz                                        0
xb.x47.11                         -3.17344e-25
xb.x47.21                         -3.17344e-25
xb.xr2__1                         -3.17344e-25
xb.xr2__2                         -3.17344e-25
xb.x48.11                         -3.17344e-25
xb.x48.21                         -3.17344e-25
xb.x49.11                         -3.17344e-25
xb.x49.21                         -3.17344e-25
xb.xr2__3                         -3.17344e-25
xb.xr2__4                         -3.17344e-25
xb.x50.11                         -3.17344e-25
xb.x50.21                         -3.17344e-25
xb.x51.11                         -3.17344e-25
xb.x51.21                         -3.17344e-25
xb.xr2__5                         -3.17344e-25
xb.xr2__6                         -3.17343e-25
xb.x52.11                         -3.17343e-25
xb.x52.21                         -3.17344e-25
xb.x53.11                         -3.17343e-25
xb.x53.21                         -3.17343e-25
xb.xr2__7                         -3.17343e-25
xb.xr2__8                         -3.17343e-25
xb.x54.11                         -3.17343e-25
xb.x54.21                         -3.17343e-25
xb.x55.11                         -3.17343e-25
xb.x55.21                         -3.17343e-25
xb.xr2__9                         -3.17343e-25
xb.xr2__10                        -3.17343e-25
xb.x56.11                         -3.17343e-25
xb.x56.21                         -3.17343e-25
xb.x57.11                         -3.17343e-25
xb.x57.21                         -3.17343e-25
xb.xr2__11                        -3.17343e-25
xb.xr2__12                        -3.17343e-25
xb.x58.11                         -3.17343e-25
xb.x58.21                         -3.17343e-25
xb.x59.11                         -3.17343e-25
xb.x59.21                         -3.17342e-25
xb.xr2__13                        -3.17342e-25
xb.xr2__14                        -3.17342e-25
xb.x60.11                         -3.17342e-25
xb.x60.21                         -3.17342e-25
xb.x61.11                         -3.17342e-25
xb.x61.21                         -3.17342e-25
xb.xr2__15                        -3.17342e-25
xb.x62.11                         -3.17342e-25
xb.x62.21                         -3.17342e-25
xb.x63.11                                    0
xb.x63.21                                    0
xb.xrz__1                                    0
xb.xrz__2                                    0
xb.x64.11                                    0
xb.x64.21                                    0
xb.x65.11                                    0
xb.x65.21                                    0
xb.xrz__3                                    0
xb.x66.11                                    0
xb.x66.21                                    0
xb.x67.11                          7.05174e-26
xb.x67.21                          7.05173e-26
xb.xr1__1                          7.05173e-26
xb.x68.11                          7.05171e-26
xb.x68.21                          7.05173e-26
xb.x69.11                          7.05175e-26
xb.x69.21                          7.05174e-26
xb.xrt__1                          7.05174e-26
xb.x70.11                          7.05174e-26
xb.x70.21                          7.05174e-26
xb.n1__par                                   0
xb.n2__par                                   0
xb.nkm__par                                  0
xb.tok__par                                  0
xb.noko__par                                 0
xb.nokl__par                                 0
xb.nokx__par                                 0
xb.ks1__par                                  0
xb.ks2__par                                  0
xb.ks3__par                                  0
xb.ks4__par                                  0
xb.nkg__par                                  0
xb.nb__par                         7.05174e-26
xb.ec__par                         7.05171e-26
xb.nz__par                                   0
xb.xrz__2__par                               0
xb.xr2__14__par                   -3.17342e-25
xb.xr2__12__par                   -3.17343e-25
xb.pg__par                                   0
xb.xr2__10__par                   -3.17343e-25
xb.xr2__8__par                    -3.17343e-25
xb.xr2__6__par                    -3.17343e-25
xb.xr2__4__par                    -3.17344e-25
xb.xr2__2__par                    -3.17344e-25
xb.na__par                        -3.17316e-25
xb.er__par                        -3.17342e-25
xb.xrt__1__par                     7.05174e-26
xb.nbtop__par                      7.05175e-26
xb.xr1__1__par                     7.05173e-26
xb.xrz__3__par                               0
xb.xrz__1__par                               0
xb.xr2__13__par                   -3.17342e-25
xb.xr2__11__par                   -3.17343e-25
xb.xr2__1__par                    -3.17344e-25
xb.xr2__3__par                    -3.17344e-25
xb.xr2__5__par                    -3.17344e-25
xb.xr2__7__par                    -3.17343e-25
xb.xr2__9__par                    -3.17343e-25
xb.xr2__15__par                   -3.17342e-25
xb.nbg__par                                  0
xb.pb__par                                   0
xb.nt__par                                   0
xb.bias_ok__par                              0
xb.ibias__par                                0
xb.vdd__par                                  0
xb.vref__par                      -3.17344e-25
xb.vss__par                                  0
fob                                          0
bfob#branch                                  0
bfof#branch                                  0
brelf#branch                                 0
bef#branch                                   0
bfos#branch                                  0
brr9s#branch                                 0
brels#branch                                 0
bes#branch                                   0
vibb#branch                                  0
vsupb#branch                       7.05302e-38
vibf#branch                                  0
vsupf#branch                       1.19884e-36
vibs#branch                                  0
vsups#branch                       7.05313e-38
vibst#branch                        3.8199e-07
vsupst#branch                     -6.88493e-07

 Reference value :  0.00000e+00
 Reference value :  2.95278e-06
 Reference value :  1.87375e-05
 Reference value :  5.59431e-05
 Reference value :  1.84438e-04
 Reference value :  2.54260e-04
 Reference value :  4.17884e-04
 Reference value :  5.58363e-04
 Reference value :  8.06533e-04
 Reference value :  1.08606e-03
 Reference value :  1.10840e-03
 Reference value :  1.28805e-03
 Reference value :  1.84005e-03
No. of Data Rows : 1057
vref_op             =  1.19787e+00
vref_st             =  1.19787e+00
ok_st               =  3.30000e+00
vdd_st              =  3.30000e+00
iq_st               =  -6.88493e-07
ib_st               =  3.81990e-07
t_set               =  5.21743e-04
vdd_drop            =  1.48937e+00
t_oks               =  2.54284e-04
err_at_ok           =  2.73486e-01
relv_slow           =  2.96057e+00
err_at_relv         =  1.68538e-01
relv_fast           =  3.30000e+00
okf_at_1v           =  5.25476e-03
errf_end            =  6.16404e-01
bo_pre              =  1.19787e+00
bo_mid              =  1.19788e+00
bo_post             =  1.19788e+00
ok_bo_dip           =  4.32795e-01
t_bo_rec            =  1.10425e-03
t_false_s           =  0.00000e+00 from=  0.00000e+00 to=  2.00000e-03
t_false_f           =  1.98520e-03 from=  0.00000e+00 to=  2.00000e-03
t_false_b           =  5.83373e-04 from=  0.00000e+00 to=  2.00000e-03
ok_bo_end           =  3.30000e+00
vdd_bo              =  3.30000e+00
m_vref_op_v = 1.1978750000e+00
m_vref_v = 1.1978750000e+00
m_ok_droop_mv = 0.0000000000e+00
m_iq_por_ua = 6.8849270000e-01
m_ibias_na = 3.8199030000e+02
m_iq_own_ua = 3.0650240000e-01
m_t_settle_us = 2.1742600000e+01
m_err_at_relv_mv = 1.6853810000e+02
m_vdd_ref90_v = 1.4893670000e+00
m_t_bo_recover_us = -5.745000000e+00
m_t_false_ok_slow_us = 0.0000000000e+00
m_t_false_ok_fast_us = 1.9852040000e+03
m_t_false_ok_brownout_us = 5.8337310000e+02
m_err_at_ok_mv = 2.7348600000e+02
m_t_ok_us = 2.5428410000e+02
m_relv_slow_v = 2.9605660000e+00
m_relv_fast_v = 3.3000000000e+00
m_okf_at_1v_mv = 5.2547610000e+00
m_err_fast_end_mv = 6.1640430000e+02
m_bo_shallow_ppm = 4.1740686818e+00
m_bo_deep_ppm = 3.3392549453e+00
m_ok_bo_dip_mv = 4.3279460000e+02
m_ok_bo_end_droop_mv = 0.0000000000e+00
Note: Simulation executed from .control section 

Warning: m=xx on .subckt line will override multiplier m hierarchy!

Note: Starting dynamic gmin stepping
Warning: Dynamic gmin stepping failed
Note: Starting true gmin stepping
Note: True gmin stepping completed
