
Note: Compatibility modes selected: hs a


Circuit: * bias-core-designer-check @ res_ff_125c_2.97v -- generated by sim/harness, do not edit

Doing analysis at TEMP = 125.000000 and TNOM = 27.000000

Using SPARSE 1.3 as Direct Linear Solver

Initial Transient Solution
--------------------------

Node                                   Voltage
----                                   -------
vddst                                     2.97
nibst                                  0.68236
ibiasst                                0.68236
xst.ks1                                2.04546
xst.ks2                                1.30688
xst.ks3                                0.73482
xst.ks4                               0.307269
xst.nkg                            0.000131679
xst.pg                                 2.25674
xst.nbg                               0.502553
xst.pb                                 2.25266
xst.nkm                               0.464651
xst.nokl                              0.424774
xst.noko                               1.37737
xst.nokx                           0.000711461
xst.n1                                 0.46169
xst.n2                                0.459864
bias_okst                                 2.97
xst.tok                                1.47782
xst.nt                                 1.47591
xst.na                                0.372985
xst.nbtop                             0.376645
vrefst                                  1.2078
xst.nb                                0.372988
xst.ec                                0.301486
xst.er                                0.372855
xst.nz                                0.459864
xst.x47.11                              1.2078
xst.x47.21                             1.15562
xst.xr2__1                             1.15562
xst.xr2__2                             1.10343
xst.x48.11                             1.10344
xst.x48.21                             1.15561
xst.x49.11                             1.10343
xst.x49.21                             1.05125
xst.xr2__3                             1.05125
xst.xr2__4                            0.999065
xst.x50.11                            0.999067
xst.x50.21                             1.05125
xst.x51.11                            0.999062
xst.x51.21                            0.946883
xst.xr2__5                            0.946881
xst.xr2__6                            0.894696
xst.x52.11                            0.894699
xst.x52.21                            0.946878
xst.x53.11                            0.894694
xst.x53.21                            0.842515
xst.xr2__7                            0.842512
xst.xr2__8                            0.790328
xst.x54.11                            0.790331
xst.x54.21                             0.84251
xst.x55.11                            0.790326
xst.x55.21                            0.738146
xst.xr2__9                            0.738144
xst.xr2__10                            0.68596
xst.x56.11                            0.685962
xst.x56.21                            0.738142
xst.x57.11                            0.685957
xst.x57.21                            0.633778
xst.xr2__11                           0.633776
xst.xr2__12                           0.581592
xst.x58.11                            0.581594
xst.x58.21                            0.633773
xst.x59.11                            0.581589
xst.x59.21                             0.52941
xst.xr2__13                           0.529407
xst.xr2__14                           0.477223
xst.x60.11                            0.477226
xst.x60.21                            0.529405
xst.x61.11                            0.477221
xst.x61.21                            0.425042
xst.xr2__15                           0.425039
xst.x62.11                            0.372858
xst.x62.21                            0.425037
xst.x63.11                            0.459864
xst.x63.21                            0.459864
xst.xrz__1                            0.459864
xst.xrz__2                            0.459864
xst.x64.11                            0.459864
xst.x64.21                            0.459864
xst.x65.11                            0.459864
xst.x65.21                            0.459864
xst.xrz__3                            0.459864
xst.x66.11                            0.459864
xst.x66.21                            0.459864
xst.x67.11                            0.372985
xst.x67.21                             0.33724
xst.xr1__1                            0.337237
xst.x68.11                            0.301489
xst.x68.21                            0.337235
xst.x69.11                            0.376642
xst.x69.21                            0.374819
xst.xrt__1                            0.374816
xst.x70.11                             0.37299
xst.x70.21                            0.374814
xst.n1__par                            0.46169
xst.n2__par                           0.459864
xst.nkm__par                          0.464651
xst.tok__par                           1.47782
xst.noko__par                          1.37737
xst.nokl__par                         0.424774
xst.nokx__par                      0.000711461
xst.ks1__par                           2.04546
xst.ks2__par                           1.30688
xst.ks3__par                           0.73482
xst.ks4__par                          0.307269
xst.nkg__par                       0.000131679
xst.nb__par                           0.372988
xst.ec__par                           0.301486
xst.nz__par                           0.459864
xst.xrz__2__par                       0.459864
xst.xr2__14__par                      0.477223
xst.xr2__12__par                      0.581592
xst.pg__par                            2.25674
xst.xr2__10__par                       0.68596
xst.xr2__8__par                       0.790328
xst.xr2__6__par                       0.894696
xst.xr2__4__par                       0.999065
xst.xr2__2__par                        1.10343
xst.na__par                           0.372985
xst.er__par                           0.372855
xst.xrt__1__par                       0.374816
xst.nbtop__par                        0.376645
xst.xr1__1__par                       0.337237
xst.xrz__3__par                       0.459864
xst.xrz__1__par                       0.459864
xst.xr2__13__par                      0.529407
xst.xr2__11__par                      0.633776
xst.xr2__1__par                        1.15562
xst.xr2__3__par                        1.05125
xst.xr2__5__par                       0.946881
xst.xr2__7__par                       0.842512
xst.xr2__9__par                       0.738144
xst.xr2__15__par                      0.425039
xst.nbg__par                          0.502553
xst.pb__par                            2.25266
xst.nt__par                            1.47591
xst.bias_ok__par                          2.97
xst.ibias__par                         0.68236
xst.vdd__par                              2.97
xst.vref__par                           1.2078
xst.vss__par                                 0
vdds                                         0
nibs                              5.37677e-214
ibiass                            5.37677e-214
xs.ks1                           -8.33543e-215
xs.ks2                            9.66845e-214
xs.ks3                           -1.11313e-212
xs.ks4                            1.28147e-211
xs.nkg                           -1.47528e-210
xs.pg                             3.93242e-231
xs.nbg                           -8.02773e-250
xs.pb                            -5.27073e-247
xs.nkm                           -3.47311e-248
xs.nokl                          -6.35707e-230
xs.noko                          -8.15791e-231
xs.nokx                                      0
xs.n1                             1.05053e-235
xs.n2                             1.60779e-235
bias_oks                         -3.41665e-206
xs.tok                           -4.14694e-230
xs.nt                              1.1901e-235
xs.na                             9.24624e-207
xs.nbtop                         -8.40429e-194
vrefs                            -2.63505e-199
xs.nb                            -8.40429e-194
xs.ec                            -8.40429e-194
xs.er                            -2.63505e-199
xs.nz                             1.60782e-235
xs.x47.11                        -2.63505e-199
xs.x47.21                        -2.63505e-199
xs.xr2__1                        -2.63505e-199
xs.xr2__2                        -2.63505e-199
xs.x48.11                        -2.63505e-199
xs.x48.21                        -2.63505e-199
xs.x49.11                        -2.63505e-199
xs.x49.21                        -2.63505e-199
xs.xr2__3                        -2.63505e-199
xs.xr2__4                        -2.63505e-199
xs.x50.11                        -2.63505e-199
xs.x50.21                        -2.63505e-199
xs.x51.11                        -2.63505e-199
xs.x51.21                        -2.63505e-199
xs.xr2__5                        -2.63505e-199
xs.xr2__6                        -2.63505e-199
xs.x52.11                        -2.63505e-199
xs.x52.21                        -2.63505e-199
xs.x53.11                        -2.63505e-199
xs.x53.21                        -2.63505e-199
xs.xr2__7                        -2.63505e-199
xs.xr2__8                        -2.63505e-199
xs.x54.11                        -2.63505e-199
xs.x54.21                        -2.63505e-199
xs.x55.11                        -2.63505e-199
xs.x55.21                        -2.63505e-199
xs.xr2__9                        -2.63505e-199
xs.xr2__10                       -2.63505e-199
xs.x56.11                        -2.63505e-199
xs.x56.21                        -2.63505e-199
xs.x57.11                        -2.63505e-199
xs.x57.21                        -2.63505e-199
xs.xr2__11                       -2.63505e-199
xs.xr2__12                       -2.63505e-199
xs.x58.11                        -2.63505e-199
xs.x58.21                        -2.63505e-199
xs.x59.11                        -2.63505e-199
xs.x59.21                        -2.63505e-199
xs.xr2__13                       -2.63505e-199
xs.xr2__14                       -2.63505e-199
xs.x60.11                        -2.63505e-199
xs.x60.21                        -2.63505e-199
xs.x61.11                        -2.63505e-199
xs.x61.21                        -2.63505e-199
xs.xr2__15                       -2.63505e-199
xs.x62.11                        -2.63505e-199
xs.x62.21                        -2.63505e-199
xs.x63.11                         1.60782e-235
xs.x63.21                         1.60782e-235
xs.xrz__1                         1.60782e-235
xs.xrz__2                         1.60781e-235
xs.x64.11                         1.60781e-235
xs.x64.21                         1.60782e-235
xs.x65.11                         1.60781e-235
xs.x65.21                          1.6078e-235
xs.xrz__3                          1.6078e-235
xs.x66.11                         1.60779e-235
xs.x66.21                          1.6078e-235
xs.x67.11                        -8.40429e-194
xs.x67.21                        -8.40429e-194
xs.xr1__1                        -8.40429e-194
xs.x68.11                        -8.40429e-194
xs.x68.21                        -8.40429e-194
xs.x69.11                        -8.40429e-194
xs.x69.21                        -8.40429e-194
xs.xrt__1                        -8.40429e-194
xs.x70.11                        -8.40429e-194
xs.x70.21                        -8.40429e-194
xs.n1__par                        1.05053e-235
xs.n2__par                        1.60779e-235
xs.nkm__par                      -3.47311e-248
xs.tok__par                      -4.14694e-230
xs.noko__par                     -8.15791e-231
xs.nokl__par                     -6.35707e-230
xs.nokx__par                                 0
xs.ks1__par                      -8.33543e-215
xs.ks2__par                       9.66845e-214
xs.ks3__par                      -1.11313e-212
xs.ks4__par                       1.28147e-211
xs.nkg__par                      -1.47528e-210
xs.nb__par                       -8.40429e-194
xs.ec__par                       -8.40429e-194
xs.nz__par                        1.60782e-235
xs.xrz__2__par                    1.60781e-235
xs.xr2__14__par                  -2.63505e-199
xs.xr2__12__par                  -2.63505e-199
xs.pg__par                        3.93242e-231
xs.xr2__10__par                  -2.63505e-199
xs.xr2__8__par                   -2.63505e-199
xs.xr2__6__par                   -2.63505e-199
xs.xr2__4__par                   -2.63505e-199
xs.xr2__2__par                   -2.63505e-199
xs.na__par                        9.24624e-207
xs.er__par                       -2.63505e-199
xs.xrt__1__par                   -8.40429e-194
xs.nbtop__par                    -8.40429e-194
xs.xr1__1__par                   -8.40429e-194
xs.xrz__3__par                     1.6078e-235
xs.xrz__1__par                    1.60782e-235
xs.xr2__13__par                  -2.63505e-199
xs.xr2__11__par                  -2.63505e-199
xs.xr2__1__par                   -2.63505e-199
xs.xr2__3__par                   -2.63505e-199
xs.xr2__5__par                   -2.63505e-199
xs.xr2__7__par                   -2.63505e-199
xs.xr2__9__par                   -2.63505e-199
xs.xr2__15__par                  -2.63505e-199
xs.nbg__par                      -8.02773e-250
xs.pb__par                       -5.27073e-247
xs.nt__par                         1.1901e-235
xs.bias_ok__par                  -3.41665e-206
xs.ibias__par                     5.37677e-214
xs.vdd__par                                  0
xs.vref__par                     -2.63505e-199
xs.vss__par                                  0
es                                      1.2078
rels                                        -1
rr9s                                  -1.08702
fos                                          0
vddf                                         0
nibf                              5.37677e-214
ibiasf                            5.37677e-214
xf.ks1                           -8.33543e-215
xf.ks2                            9.66845e-214
xf.ks3                           -1.11313e-212
xf.ks4                            1.28147e-211
xf.nkg                           -1.47528e-210
xf.pg                             3.93242e-231
xf.nbg                           -8.02773e-250
xf.pb                            -5.27073e-247
xf.nkm                           -3.47311e-248
xf.nokl                          -6.35707e-230
xf.noko                          -8.15791e-231
xf.nokx                                      0
xf.n1                             1.05053e-235
xf.n2                             1.60779e-235
bias_okf                         -3.41665e-206
xf.tok                           -4.14694e-230
xf.nt                              1.1901e-235
xf.na                             9.24624e-207
xf.nbtop                          -8.7705e-194
vreff                            -2.63505e-199
xf.nb                             -8.7705e-194
xf.ec                             -8.7705e-194
xf.er                            -2.63505e-199
xf.nz                             1.60782e-235
xf.x47.11                        -2.63505e-199
xf.x47.21                        -2.63505e-199
xf.xr2__1                        -2.63505e-199
xf.xr2__2                        -2.63505e-199
xf.x48.11                        -2.63505e-199
xf.x48.21                        -2.63505e-199
xf.x49.11                        -2.63505e-199
xf.x49.21                        -2.63505e-199
xf.xr2__3                        -2.63505e-199
xf.xr2__4                        -2.63505e-199
xf.x50.11                        -2.63505e-199
xf.x50.21                        -2.63505e-199
xf.x51.11                        -2.63505e-199
xf.x51.21                        -2.63505e-199
xf.xr2__5                        -2.63505e-199
xf.xr2__6                        -2.63505e-199
xf.x52.11                        -2.63505e-199
xf.x52.21                        -2.63505e-199
xf.x53.11                        -2.63505e-199
xf.x53.21                        -2.63505e-199
xf.xr2__7                        -2.63505e-199
xf.xr2__8                        -2.63505e-199
xf.x54.11                        -2.63505e-199
xf.x54.21                        -2.63505e-199
xf.x55.11                        -2.63505e-199
xf.x55.21                        -2.63505e-199
xf.xr2__9                        -2.63505e-199
xf.xr2__10                       -2.63505e-199
xf.x56.11                        -2.63505e-199
xf.x56.21                        -2.63505e-199
xf.x57.11                        -2.63505e-199
xf.x57.21                        -2.63505e-199
xf.xr2__11                       -2.63505e-199
xf.xr2__12                       -2.63505e-199
xf.x58.11                        -2.63505e-199
xf.x58.21                        -2.63505e-199
xf.x59.11                        -2.63505e-199
xf.x59.21                        -2.63505e-199
xf.xr2__13                       -2.63505e-199
xf.xr2__14                       -2.63505e-199
xf.x60.11                        -2.63505e-199
xf.x60.21                        -2.63505e-199
xf.x61.11                        -2.63505e-199
xf.x61.21                        -2.63505e-199
xf.xr2__15                       -2.63505e-199
xf.x62.11                        -2.63505e-199
xf.x62.21                        -2.63505e-199
xf.x63.11                         1.60782e-235
xf.x63.21                         1.60782e-235
xf.xrz__1                         1.60782e-235
xf.xrz__2                         1.60781e-235
xf.x64.11                         1.60781e-235
xf.x64.21                         1.60782e-235
xf.x65.11                         1.60781e-235
xf.x65.21                          1.6078e-235
xf.xrz__3                          1.6078e-235
xf.x66.11                         1.60779e-235
xf.x66.21                          1.6078e-235
xf.x67.11                         -8.7705e-194
xf.x67.21                         -8.7705e-194
xf.xr1__1                         -8.7705e-194
xf.x68.11                         -8.7705e-194
xf.x68.21                         -8.7705e-194
xf.x69.11                         -8.7705e-194
xf.x69.21                         -8.7705e-194
xf.xrt__1                         -8.7705e-194
xf.x70.11                         -8.7705e-194
xf.x70.21                         -8.7705e-194
xf.n1__par                        1.05053e-235
xf.n2__par                        1.60779e-235
xf.nkm__par                      -3.47311e-248
xf.tok__par                      -4.14694e-230
xf.noko__par                     -8.15791e-231
xf.nokl__par                     -6.35707e-230
xf.nokx__par                                 0
xf.ks1__par                      -8.33543e-215
xf.ks2__par                       9.66845e-214
xf.ks3__par                      -1.11313e-212
xf.ks4__par                       1.28147e-211
xf.nkg__par                      -1.47528e-210
xf.nb__par                        -8.7705e-194
xf.ec__par                        -8.7705e-194
xf.nz__par                        1.60782e-235
xf.xrz__2__par                    1.60781e-235
xf.xr2__14__par                  -2.63505e-199
xf.xr2__12__par                  -2.63505e-199
xf.pg__par                        3.93242e-231
xf.xr2__10__par                  -2.63505e-199
xf.xr2__8__par                   -2.63505e-199
xf.xr2__6__par                   -2.63505e-199
xf.xr2__4__par                   -2.63505e-199
xf.xr2__2__par                   -2.63505e-199
xf.na__par                        9.24624e-207
xf.er__par                       -2.63505e-199
xf.xrt__1__par                    -8.7705e-194
xf.nbtop__par                     -8.7705e-194
xf.xr1__1__par                    -8.7705e-194
xf.xrz__3__par                     1.6078e-235
xf.xrz__1__par                    1.60782e-235
xf.xr2__13__par                  -2.63505e-199
xf.xr2__11__par                  -2.63505e-199
xf.xr2__1__par                   -2.63505e-199
xf.xr2__3__par                   -2.63505e-199
xf.xr2__5__par                   -2.63505e-199
xf.xr2__7__par                   -2.63505e-199
xf.xr2__9__par                   -2.63505e-199
xf.xr2__15__par                  -2.63505e-199
xf.nbg__par                      -8.02773e-250
xf.pb__par                       -5.27073e-247
xf.nt__par                         1.1901e-235
xf.bias_ok__par                  -3.41665e-206
xf.ibias__par                     5.37677e-214
xf.vdd__par                                  0
xf.vref__par                     -2.63505e-199
xf.vss__par                                  0
ef                                      1.2078
relf                                        -1
fof                                          0
vddb                                         0
nibb                              5.37677e-214
ibiasb                            5.37677e-214
xb.ks1                           -8.33543e-215
xb.ks2                            9.66845e-214
xb.ks3                           -1.11313e-212
xb.ks4                            1.28147e-211
xb.nkg                           -1.47528e-210
xb.pg                             3.93086e-231
xb.nbg                           -8.02773e-250
xb.pb                            -5.10486e-247
xb.nkm                           -3.47311e-248
xb.nokl                          -6.35707e-230
xb.noko                          -8.15791e-231
xb.nokx                                      0
xb.n1                             1.05012e-235
xb.n2                             1.60715e-235
bias_okb                         -3.41665e-206
xb.tok                           -4.14694e-230
xb.nt                             1.18963e-235
xb.na                             9.24624e-207
xb.nbtop                         -8.54263e-194
vrefb                            -2.65318e-199
xb.nb                            -8.54263e-194
xb.ec                            -8.54263e-194
xb.er                            -2.65318e-199
xb.nz                             1.60718e-235
xb.x47.11                        -2.65318e-199
xb.x47.21                        -2.65318e-199
xb.xr2__1                        -2.65318e-199
xb.xr2__2                        -2.65318e-199
xb.x48.11                        -2.65318e-199
xb.x48.21                        -2.65318e-199
xb.x49.11                        -2.65318e-199
xb.x49.21                        -2.65318e-199
xb.xr2__3                        -2.65318e-199
xb.xr2__4                        -2.65318e-199
xb.x50.11                        -2.65318e-199
xb.x50.21                        -2.65318e-199
xb.x51.11                        -2.65318e-199
xb.x51.21                        -2.65318e-199
xb.xr2__5                        -2.65318e-199
xb.xr2__6                        -2.65318e-199
xb.x52.11                        -2.65318e-199
xb.x52.21                        -2.65318e-199
xb.x53.11                        -2.65318e-199
xb.x53.21                        -2.65318e-199
xb.xr2__7                        -2.65318e-199
xb.xr2__8                        -2.65318e-199
xb.x54.11                        -2.65318e-199
xb.x54.21                        -2.65318e-199
xb.x55.11                        -2.65318e-199
xb.x55.21                        -2.65318e-199
xb.xr2__9                        -2.65318e-199
xb.xr2__10                       -2.65318e-199
xb.x56.11                        -2.65318e-199
xb.x56.21                        -2.65318e-199
xb.x57.11                        -2.65318e-199
xb.x57.21                        -2.65318e-199
xb.xr2__11                       -2.65318e-199
xb.xr2__12                       -2.65318e-199
xb.x58.11                        -2.65318e-199
xb.x58.21                        -2.65318e-199
xb.x59.11                        -2.65318e-199
xb.x59.21                        -2.65318e-199
xb.xr2__13                       -2.65318e-199
xb.xr2__14                       -2.65318e-199
xb.x60.11                        -2.65318e-199
xb.x60.21                        -2.65318e-199
xb.x61.11                        -2.65318e-199
xb.x61.21                        -2.65318e-199
xb.xr2__15                       -2.65318e-199
xb.x62.11                        -2.65318e-199
xb.x62.21                        -2.65318e-199
xb.x63.11                         1.60718e-235
xb.x63.21                         1.60718e-235
xb.xrz__1                         1.60718e-235
xb.xrz__2                         1.60717e-235
xb.x64.11                         1.60717e-235
xb.x64.21                         1.60718e-235
xb.x65.11                         1.60717e-235
xb.x65.21                         1.60716e-235
xb.xrz__3                         1.60716e-235
xb.x66.11                         1.60715e-235
xb.x66.21                         1.60716e-235
xb.x67.11                        -8.54263e-194
xb.x67.21                        -8.54263e-194
xb.xr1__1                        -8.54263e-194
xb.x68.11                        -8.54263e-194
xb.x68.21                        -8.54263e-194
xb.x69.11                        -8.54263e-194
xb.x69.21                        -8.54263e-194
xb.xrt__1                        -8.54263e-194
xb.x70.11                        -8.54263e-194
xb.x70.21                        -8.54263e-194
xb.n1__par                        1.05012e-235
xb.n2__par                        1.60715e-235
xb.nkm__par                      -3.47311e-248
xb.tok__par                      -4.14694e-230
xb.noko__par                     -8.15791e-231
xb.nokl__par                     -6.35707e-230
xb.nokx__par                                 0
xb.ks1__par                      -8.33543e-215
xb.ks2__par                       9.66845e-214
xb.ks3__par                      -1.11313e-212
xb.ks4__par                       1.28147e-211
xb.nkg__par                      -1.47528e-210
xb.nb__par                       -8.54263e-194
xb.ec__par                       -8.54263e-194
xb.nz__par                        1.60718e-235
xb.xrz__2__par                    1.60717e-235
xb.xr2__14__par                  -2.65318e-199
xb.xr2__12__par                  -2.65318e-199
xb.pg__par                        3.93086e-231
xb.xr2__10__par                  -2.65318e-199
xb.xr2__8__par                   -2.65318e-199
xb.xr2__6__par                   -2.65318e-199
xb.xr2__4__par                   -2.65318e-199
xb.xr2__2__par                   -2.65318e-199
xb.na__par                        9.24624e-207
xb.er__par                       -2.65318e-199
xb.xrt__1__par                   -8.54263e-194
xb.nbtop__par                    -8.54263e-194
xb.xr1__1__par                   -8.54263e-194
xb.xrz__3__par                    1.60716e-235
xb.xrz__1__par                    1.60718e-235
xb.xr2__13__par                  -2.65318e-199
xb.xr2__11__par                  -2.65318e-199
xb.xr2__1__par                   -2.65318e-199
xb.xr2__3__par                   -2.65318e-199
xb.xr2__5__par                   -2.65318e-199
xb.xr2__7__par                   -2.65318e-199
xb.xr2__9__par                   -2.65318e-199
xb.xr2__15__par                  -2.65318e-199
xb.nbg__par                      -8.02773e-250
xb.pb__par                       -5.10486e-247
xb.nt__par                        1.18963e-235
xb.bias_ok__par                  -3.41665e-206
xb.ibias__par                     5.37677e-214
xb.vdd__par                                  0
xb.vref__par                     -2.65318e-199
xb.vss__par                                  0
fob                                          0
bfob#branch                                  0
bfof#branch                                  0
brelf#branch                                 0
bef#branch                                   0
bfos#branch                                  0
brr9s#branch                                 0
brels#branch                                 0
bes#branch                                   0
vibb#branch                       7.88017e-227
vsupb#branch                      -5.4778e-206
vibf#branch                       7.88017e-227
vsupf#branch                     -5.62396e-206
vibs#branch                       7.88017e-227
vsups#branch                     -5.38913e-206
vibst#branch                       1.07012e-06
vsupst#branch                     -1.97056e-06

 Reference value :  0.00000e+00
 Reference value :  2.89209e-06
 Reference value :  4.39315e-05
 Reference value :  8.08071e-05
 Reference value :  1.38340e-04
 Reference value :  2.07805e-04
 Reference value :  4.10514e-04
 Reference value :  5.57370e-04
 Reference value :  8.69530e-04
 Reference value :  1.10240e-03
 Reference value :  1.11028e-03
 Reference value :  1.16424e-03
 Reference value :  1.29726e-03
 Reference value :  1.89326e-03
No. of Data Rows : 1173
vref_op             =  1.20780e+00
vref_st             =  1.20780e+00
ok_st               =  2.97000e+00
vdd_st              =  2.97000e+00
iq_st               =  -1.97056e-06
ib_st               =  1.07012e-06
t_set               =  5.12204e-04
vdd_drop            =  1.15715e+00
t_oks               =  2.35703e-04
err_at_ok           =  6.97255e-02
relv_slow           =  2.84482e+00
err_at_relv         =  1.05192e-01
relv_fast           =  2.97000e+00
okf_at_1v           =  1.14217e-04
errf_end            =  9.20657e-10
bo_pre              =  1.20780e+00
bo_mid              =  1.20780e+00
bo_post             =  1.20780e+00
ok_bo_dip           =  1.42949e-01
t_bo_rec            =  1.18580e-03
t_false_s           =  0.00000e+00 from=  0.00000e+00 to=  2.00000e-03
t_false_f           =  7.24106e-05 from=  0.00000e+00 to=  2.00000e-03
t_false_b           =  3.59129e-04 from=  0.00000e+00 to=  2.00000e-03
ok_bo_end           =  2.97004e+00
vdd_bo              =  2.97000e+00
m_vref_op_v = 1.2078010000e+00
m_vref_v = 1.2078010000e+00
m_ok_droop_mv = 1.9999999998e-03
m_iq_por_ua = 1.9705590000e+00
m_ibias_na = 1.0701230000e+03
m_iq_own_ua = 9.0043600000e-01
m_t_settle_us = 1.2203600000e+01
m_err_at_relv_mv = 1.0519240000e+02
m_vdd_ref90_v = 1.1571470000e+00
m_t_bo_recover_us = 7.5795000000e+01
m_t_false_ok_slow_us = 0.0000000000e+00
m_t_false_ok_fast_us = 7.2410600000e+01
m_t_false_ok_brownout_us = 3.5912880000e+02
m_err_at_ok_mv = 6.9725460000e+01
m_t_ok_us = 2.3570350000e+02
m_relv_slow_v = 2.8448240000e+00
m_relv_fast_v = 2.9700000000e+00
m_okf_at_1v_mv = 1.1421650000e-01
m_err_fast_end_mv = 9.2065670000e-07
m_bo_shallow_ppm = 0.0000000000e+00
m_bo_deep_ppm = 0.0000000000e+00
m_ok_bo_dip_mv = 1.4294950000e+02
m_ok_bo_end_droop_mv = -4.300000000e-02
Note: Simulation executed from .control section 

Warning: m=xx on .subckt line will override multiplier m hierarchy!

Note: Starting dynamic gmin stepping
Warning: Dynamic gmin stepping failed
Note: Starting true gmin stepping
Note: True gmin stepping completed
