
Note: Compatibility modes selected: hs a


Circuit: * bias-core-designer-check @ ss_125c_3.30v -- generated by sim/harness, do not edit

Doing analysis at TEMP = 125.000000 and TNOM = 27.000000

Using SPARSE 1.3 as Direct Linear Solver

Initial Transient Solution
--------------------------

Node                                   Voltage
----                                   -------
vddst                                      3.3
nibst                                 0.751098
ibiasst                               0.751098
xst.na                                0.367777
xst.pg                                 2.49769
xst.nbtop                             0.371396
vrefst                                 1.20243
xst.nbg                               0.583078
xst.xrt.11                            0.371395
xst.xrt.21                            0.367782
xst.nb                                0.367781
xst.xr1.11                            0.367779
xst.xr1.21                            0.296246
xst.ec                                0.296245
xst.xr2.11                             1.20243
xst.xr2.21                            0.367631
xst.er                                0.367629
xst.pb                                 2.49314
xst.nt                                 1.64583
xst.n1                                 0.54339
xst.n2                                 0.54118
xst.nz                                 0.54118
xst.xrz.11                             0.54118
xst.xrz.21                             0.54118
xst.ks1                                 2.2576
xst.ks2                                1.43054
xst.ks3                               0.796293
xst.ks4                               0.329019
xst.nkg                            3.70754e-05
xst.nkm                                0.54653
xst.tok                                1.64773
xst.noko                               1.54468
xst.nokl                              0.506899
xst.nokx                           0.000434862
bias_okst                                  3.3
vdds                                         0
nibs                              1.12977e-262
ibiass                            1.12977e-262
xs.na                             8.60756e-254
xs.pg                            -5.28066e-306
xs.nbtop                         -9.46766e-235
vrefs                            -5.06283e-272
xs.nbg                                       0
xs.xrt.11                        -9.46766e-235
xs.xrt.21                        -9.46766e-235
xs.nb                            -9.46766e-235
xs.xr1.11                        -9.46766e-235
xs.xr1.21                        -9.46767e-235
xs.ec                            -9.46767e-235
xs.xr2.11                        -5.06283e-272
xs.xr2.21                        -5.06285e-272
xs.er                            -5.06285e-272
xs.pb                                        0
xs.nt                            -5.45525e-302
xs.n1                            -5.52984e-302
xs.n2                            -5.47746e-302
xs.nz                            -5.47746e-302
xs.xrz.11                        -5.47746e-302
xs.xrz.21                        -5.47746e-302
xs.ks1                           -1.71483e-304
xs.ks2                            2.56494e-303
xs.ks3                           -3.80466e-302
xs.ks4                            5.64883e-301
xs.nkg                           -8.38544e-300
xs.nkm                                       0
xs.tok                                       0
xs.noko                                      0
xs.nokl                                      0
xs.nokx                                      0
bias_oks                         -1.37334e-300
es                                     1.20243
rels                                        -1
rr9s                                  -1.08219
fos                                          0
vddf                                         0
nibf                              1.12977e-262
ibiasf                            1.12977e-262
xf.na                             8.60756e-254
xf.pg                            -5.28066e-306
xf.nbtop                         -9.46777e-235
vreff                            -5.06202e-272
xf.nbg                                       0
xf.xrt.11                        -9.46777e-235
xf.xrt.21                        -9.46777e-235
xf.nb                            -9.46777e-235
xf.xr1.11                        -9.46777e-235
xf.xr1.21                        -9.46777e-235
xf.ec                            -9.46777e-235
xf.xr2.11                        -5.06202e-272
xf.xr2.21                        -5.06204e-272
xf.er                            -5.06204e-272
xf.pb                                        0
xf.nt                            -5.45525e-302
xf.n1                            -5.52984e-302
xf.n2                            -5.47746e-302
xf.nz                            -5.47746e-302
xf.xrz.11                        -5.47746e-302
xf.xrz.21                        -5.47746e-302
xf.ks1                           -1.71483e-304
xf.ks2                            2.56494e-303
xf.ks3                           -3.80466e-302
xf.ks4                            5.64883e-301
xf.nkg                           -8.38544e-300
xf.nkm                                       0
xf.tok                                       0
xf.noko                                      0
xf.nokl                                      0
xf.nokx                                      0
bias_okf                         -1.37334e-300
ef                                     1.20243
relf                                        -1
fof                                          0
vddb                                         0
nibb                              1.12977e-262
ibiasb                            1.12977e-262
xb.na                             8.60756e-254
xb.pg                            -5.28017e-306
xb.nbtop                         -9.46782e-235
vrefb                            -5.06202e-272
xb.nbg                                       0
xb.xrt.11                        -9.46782e-235
xb.xrt.21                        -9.46782e-235
xb.nb                            -9.46782e-235
xb.xr1.11                        -9.46782e-235
xb.xr1.21                        -9.46782e-235
xb.ec                            -9.46782e-235
xb.xr2.11                        -5.06202e-272
xb.xr2.21                        -5.06204e-272
xb.er                            -5.06204e-272
xb.pb                                        0
xb.nt                            -5.45467e-302
xb.n1                            -5.52938e-302
xb.n2                            -5.47701e-302
xb.nz                            -5.47701e-302
xb.xrz.11                        -5.47701e-302
xb.xrz.21                        -5.47701e-302
xb.ks1                           -1.71483e-304
xb.ks2                            2.56494e-303
xb.ks3                           -3.80466e-302
xb.ks4                            5.64883e-301
xb.nkg                           -8.38544e-300
xb.nkm                                       0
xb.tok                                       0
xb.noko                                      0
xb.nokl                                      0
xb.nokx                                      0
bias_okb                         -1.37331e-300
fob                                          0
bfob#branch                                  0
bfof#branch                                  0
brelf#branch                                 0
bef#branch                                   0
bfos#branch                                  0
brr9s#branch                                 0
brels#branch                                 0
bes#branch                                   0
vibb#branch                       7.79756e-275
vsupb#branch                     -7.19848e-247
vibf#branch                       7.79756e-275
vsupf#branch                     -7.19847e-247
vibs#branch                       7.79756e-275
vsups#branch                     -7.19848e-247
vibst#branch                       6.49325e-07
vsupst#branch                     -1.19173e-06

 Reference value :  0.00000e+00
 Reference value :  2.85649e-06
 Reference value :  4.61229e-05
 Reference value :  1.65339e-04
 Reference value :  2.14981e-04
 Reference value :  4.02705e-04
 Reference value :  5.53865e-04
 Reference value :  5.86330e-04
 Reference value :  6.18399e-04
 Reference value :  9.41317e-04
 Reference value :  1.09076e-03
 Reference value :  1.10747e-03
 Reference value :  1.14663e-03
 Reference value :  1.19474e-03
 Reference value :  1.43400e-03
 Reference value :  1.78200e-03
No. of Data Rows : 1160
vref_op             =  1.20243e+00
vref_st             =  1.20243e+00
ok_st               =  3.30000e+00
vdd_st              =  3.30000e+00
iq_st               =  -1.19173e-06
ib_st               =  6.49325e-07
t_set               =  5.25711e-04
vdd_drop            =  1.37625e+00
t_oks               =  2.15704e-04
err_at_ok           =  1.11262e-01
relv_slow           =  3.02681e+00
err_at_relv         =  1.94554e-01
relv_fast           =  3.30000e+00
okf_at_1v           =  2.21416e-05
errf_end            =  6.11604e-08
bo_pre              =  1.20243e+00
bo_mid              =  1.20243e+00
bo_post             =  1.20243e+00
ok_bo_dip           =  5.54640e-02
t_bo_rec            =  1.19469e-03
t_false_s           =  0.00000e+00 from=  0.00000e+00 to=  2.00000e-03
t_false_f           =  1.11909e-04 from=  0.00000e+00 to=  2.00000e-03
t_false_b           =  3.58608e-04 from=  0.00000e+00 to=  2.00000e-03
ok_bo_end           =  3.30168e+00
vdd_bo              =  3.30000e+00
m_vref_op_v = 1.2024320000e+00
m_vref_v = 1.2024320000e+00
m_ok_droop_mv = 9.9999999970e-04
m_iq_por_ua = 1.1917270000e+00
m_ibias_na = 6.4932460000e+02
m_iq_own_ua = 5.4240240000e-01
m_t_settle_us = 2.5711200000e+01
m_err_at_relv_mv = 1.9455450000e+02
m_vdd_ref90_v = 1.3762490000e+00
m_t_bo_recover_us = 8.4686000000e+01
m_t_false_ok_slow_us = 0.0000000000e+00
m_t_false_ok_fast_us = 1.1190930000e+02
m_t_false_ok_brownout_us = 3.5860800000e+02
m_err_at_ok_mv = 1.1126240000e+02
m_t_ok_us = 2.1570380000e+02
m_relv_slow_v = 3.0268090000e+00
m_relv_fast_v = 3.3000000000e+00
m_okf_at_1v_mv = 2.2141570000e-02
m_err_fast_end_mv = 6.1160410000e-05
m_bo_shallow_ppm = 0.0000000000e+00
m_bo_deep_ppm = 0.0000000000e+00
m_ok_bo_dip_mv = 5.5463960000e+01
m_ok_bo_end_droop_mv = -1.675000000e+00
Note: Simulation executed from .control section 

Warning: m=xx on .subckt line will override multiplier m hierarchy!

Note: Starting dynamic gmin stepping
Note: Dynamic gmin stepping completed
