
Note: Compatibility modes selected: hs a


Circuit: * bias-core-designer-check @ tt_125c_3.63v -- generated by sim/harness, do not edit

Doing analysis at TEMP = 125.000000 and TNOM = 27.000000

Using SPARSE 1.3 as Direct Linear Solver

Initial Transient Solution
--------------------------

Node                                   Voltage
----                                   -------
vddst                                     3.63
nibst                                 0.658819
ibiasst                               0.658819
xst.na                                0.363123
xst.pg                                 2.93867
xst.nbtop                             0.366744
vrefst                                 1.19633
xst.nbg                               0.485667
xst.xrt.11                            0.366742
xst.xrt.21                             0.36313
xst.nb                                0.363128
xst.xr1.11                            0.363127
xst.xr1.21                            0.291618
xst.ec                                0.291617
xst.xr2.11                             1.19633
xst.xr2.21                            0.362931
xst.er                                0.362929
xst.pb                                 2.93213
xst.nt                                 1.60315
xst.n1                                0.447493
xst.n2                                0.444288
xst.nz                                0.444288
xst.xrz.11                            0.444288
xst.xrz.21                            0.444288
xst.ks1                                2.52538
xst.ks2                                1.62916
xst.ks3                               0.923922
xst.ks4                               0.389091
xst.nkg                            0.000765857
xst.nkm                               0.450716
xst.tok                                1.60515
xst.noko                               1.49743
xst.nokl                              0.411126
xst.nokx                           0.000494855
bias_okst                                 3.63
vdds                                         0
nibs                              8.64864e-170
ibiass                            8.64864e-170
xs.na                             2.01897e-168
xs.pg                             7.31359e-188
xs.nbtop                          8.86495e-154
vrefs                             3.77086e-179
xs.nbg                            1.90337e-206
xs.xrt.11                         8.86495e-154
xs.xrt.21                         8.86495e-154
xs.nb                             8.86495e-154
xs.xr1.11                         8.86495e-154
xs.xr1.21                         8.86495e-154
xs.ec                             8.86495e-154
xs.xr2.11                         3.77086e-179
xs.xr2.21                         3.77087e-179
xs.er                             3.77087e-179
xs.pb                            -8.00858e-207
xs.nt                             6.50044e-193
xs.n1                             4.44015e-193
xs.n2                             1.23124e-192
xs.nz                             1.23132e-192
xs.xrz.11                         1.23132e-192
xs.xrz.21                         1.23124e-192
xs.ks1                           -9.18665e-179
xs.ks2                            1.05083e-177
xs.ks3                           -1.18012e-176
xs.ks4                            1.32788e-175
xs.nkg                            -1.4936e-174
xs.nkm                           -2.04367e-206
xs.tok                           -6.76092e-187
xs.noko                          -1.16807e-186
xs.nokl                          -4.76623e-187
xs.nokx                           5.99561e-202
bias_oks                          -2.6116e-170
es                                     1.19633
rels                                        -1
rr9s                                  -1.07669
fos                                          0
vddf                                         0
nibf                              8.64864e-170
ibiasf                            8.64864e-170
xf.na                             2.01897e-168
xf.pg                             7.31359e-188
xf.nbtop                          8.86508e-154
vreff                             3.77091e-179
xf.nbg                            1.90337e-206
xf.xrt.11                         8.86508e-154
xf.xrt.21                         8.86508e-154
xf.nb                             8.86508e-154
xf.xr1.11                         8.86508e-154
xf.xr1.21                         8.86508e-154
xf.ec                             8.86508e-154
xf.xr2.11                         3.77091e-179
xf.xr2.21                         3.77092e-179
xf.er                             3.77092e-179
xf.pb                            -8.00858e-207
xf.nt                             6.50044e-193
xf.n1                             4.44015e-193
xf.n2                             1.23124e-192
xf.nz                             1.23132e-192
xf.xrz.11                         1.23132e-192
xf.xrz.21                         1.23124e-192
xf.ks1                           -9.18665e-179
xf.ks2                            1.05083e-177
xf.ks3                           -1.18012e-176
xf.ks4                            1.32788e-175
xf.nkg                            -1.4936e-174
xf.nkm                           -2.04367e-206
xf.tok                           -6.76086e-187
xf.noko                          -1.16807e-186
xf.nokl                          -4.76622e-187
xf.nokx                           5.99561e-202
bias_okf                          -2.6116e-170
ef                                     1.19633
relf                                        -1
fof                                          0
vddb                                         0
nibb                              8.64864e-170
ibiasb                            8.64864e-170
xb.na                             2.01897e-168
xb.pg                             7.31356e-188
xb.nbtop                          8.86506e-154
vrefb                             3.77091e-179
xb.nbg                            1.90337e-206
xb.xrt.11                         8.86506e-154
xb.xrt.21                         8.86506e-154
xb.nb                             8.86506e-154
xb.xr1.11                         8.86506e-154
xb.xr1.21                         8.86506e-154
xb.ec                             8.86506e-154
xb.xr2.11                         3.77091e-179
xb.xr2.21                         3.77092e-179
xb.er                             3.77092e-179
xb.pb                            -8.00714e-207
xb.nt                             6.50043e-193
xb.n1                             4.44016e-193
xb.n2                             1.23124e-192
xb.nz                             1.23131e-192
xb.xrz.11                         1.23131e-192
xb.xrz.21                         1.23124e-192
xb.ks1                           -9.18665e-179
xb.ks2                            1.05083e-177
xb.ks3                           -1.18012e-176
xb.ks4                            1.32788e-175
xb.nkg                            -1.4936e-174
xb.nkm                           -2.04367e-206
xb.tok                           -6.76092e-187
xb.noko                          -1.16807e-186
xb.nokl                          -4.76623e-187
xb.nokx                           5.99562e-202
bias_okb                         -2.61162e-170
fob                                          0
bfob#branch                                  0
bfof#branch                                  0
brelf#branch                                 0
bef#branch                                   0
bfos#branch                                  0
brr9s#branch                                 0
brels#branch                                 0
bes#branch                                   0
vibb#branch                       2.59022e-183
vsupb#branch                      6.41841e-166
vibf#branch                       2.59022e-183
vsupf#branch                      6.41845e-166
vibs#branch                       2.59022e-183
vsups#branch                      6.41811e-166
vibst#branch                         8.315e-07
vsupst#branch                     -1.51563e-06

 Reference value :  0.00000e+00
 Reference value :  2.18409e-06
 Reference value :  3.30279e-05
 Reference value :  4.72626e-05
 Reference value :  8.48643e-05
 Reference value :  1.46390e-04
 Reference value :  1.97543e-04
 Reference value :  4.20279e-04
 Reference value :  5.52684e-04
 Reference value :  5.75754e-04
 Reference value :  6.11254e-04
 Reference value :  8.28840e-04
 Reference value :  9.71232e-04
 Reference value :  1.10287e-03
 Reference value :  1.12734e-03
 Reference value :  1.16779e-03
 Reference value :  1.30989e-03
 Reference value :  1.69389e-03
No. of Data Rows : 1191
vref_op             =  1.19633e+00
vref_st             =  1.19633e+00
ok_st               =  3.63000e+00
vdd_st              =  3.63000e+00
iq_st               =  -1.51563e-06
ib_st               =  8.31500e-07
t_set               =  5.18298e-04
vdd_drop            =  1.14458e+00
t_oks               =  1.92839e-04
err_at_ok           =  1.01573e-01
relv_slow           =  2.93965e+00
err_at_relv         =  1.60431e-01
relv_fast           =  3.63000e+00
okf_at_1v           =  2.98966e-05
errf_end            =  3.39511e-08
bo_pre              =  1.19633e+00
bo_mid              =  1.19633e+00
bo_post             =  1.19633e+00
ok_bo_dip           =  1.62515e-02
t_bo_rec            =  1.17565e-03
t_false_s           =  0.00000e+00 from=  0.00000e+00 to=  2.00000e-03
t_false_f           =  3.63720e-05 from=  0.00000e+00 to=  2.00000e-03
t_false_b           =  3.51594e-04 from=  0.00000e+00 to=  2.00000e-03
ok_bo_end           =  3.62611e+00
vdd_bo              =  3.63000e+00
m_vref_op_v = 1.1963280000e+00
m_vref_v = 1.1963280000e+00
m_ok_droop_mv = 1.9999999998e-03
m_iq_por_ua = 1.5156260000e+00
m_ibias_na = 8.3149970000e+02
m_iq_own_ua = 6.8412630000e-01
m_t_settle_us = 1.8297600000e+01
m_err_at_relv_mv = 1.6043070000e+02
m_vdd_ref90_v = 1.1445810000e+00
m_t_bo_recover_us = 6.5648000000e+01
m_t_false_ok_slow_us = 0.0000000000e+00
m_t_false_ok_fast_us = 3.6372040000e+01
m_t_false_ok_brownout_us = 3.5159430000e+02
m_err_at_ok_mv = 1.0157260000e+02
m_t_ok_us = 1.9283880000e+02
m_relv_slow_v = 2.9396480000e+00
m_relv_fast_v = 3.6300000000e+00
m_okf_at_1v_mv = 2.9896590000e-02
m_err_fast_end_mv = 3.3951100000e-05
m_bo_shallow_ppm = 0.0000000000e+00
m_bo_deep_ppm = 0.0000000000e+00
m_ok_bo_dip_mv = 1.6251530000e+01
m_ok_bo_end_droop_mv = 3.8890000000e+00
Note: Simulation executed from .control section 

Warning: m=xx on .subckt line will override multiplier m hierarchy!

Note: Starting dynamic gmin stepping
Note: Dynamic gmin stepping completed
