
Note: Compatibility modes selected: hs a


Circuit: * bias-core-designer-check @ tt_27c_3.63v -- generated by sim/harness, do not edit

Doing analysis at TEMP = 27.000000 and TNOM = 27.000000

Using SPARSE 1.3 as Direct Linear Solver

Initial Transient Solution
--------------------------

Node                                   Voltage
----                                   -------
vddst                                     3.63
nibst                                 0.716549
ibiasst                               0.716549
xst.na                                0.570071
xst.pg                                 2.85393
xst.nbtop                             0.572804
vrefst                                 1.19898
xst.nbg                               0.579298
xst.xrt.11                            0.572802
xst.xrt.21                             0.57008
xst.nb                                0.570078
xst.xr1.11                            0.570076
xst.xr1.21                            0.516174
xst.ec                                0.516172
xst.xr2.11                             1.19898
xst.xr2.21                            0.569961
xst.er                                0.569959
xst.pb                                 2.84833
xst.nt                                 1.85939
xst.n1                                0.546185
xst.n2                                0.542107
xst.nz                                0.542107
xst.xrz.11                            0.542107
xst.xrz.21                            0.542107
xst.ks1                                2.52416
xst.ks2                                1.62606
xst.ks3                               0.919662
xst.ks4                               0.385435
xst.nkg                            2.32023e-05
xst.nkm                               0.553283
xst.tok                                1.86094
xst.noko                                1.7104
xst.nokl                              0.522544
xst.nokx                           0.000186741
bias_okst                                 3.63
vdds                                         0
nibs                              -2.93225e-58
ibiass                            -2.93225e-58
xs.na                            -2.76726e-140
xs.pg                              1.60164e-61
xs.nbtop                         -8.80504e-130
vrefs                              8.7483e-139
xs.nbg                             7.53668e-79
xs.xrt.11                        -8.80504e-130
xs.xrt.21                        -8.80504e-130
xs.nb                            -8.80504e-130
xs.xr1.11                        -8.80504e-130
xs.xr1.21                        -8.80504e-130
xs.ec                            -8.80504e-130
xs.xr2.11                          8.7483e-139
xs.xr2.21                         8.74835e-139
xs.er                             8.74835e-139
xs.pb                             -2.51583e-80
xs.nt                             -5.87822e-66
xs.n1                              7.89865e-67
xs.n2                              1.83188e-64
xs.nz                              1.83188e-64
xs.xrz.11                          1.83188e-64
xs.xrz.21                          1.83188e-64
xs.ks1                            -6.27981e-51
xs.ks2                             7.82277e-50
xs.ks3                            -9.68192e-49
xs.ks4                             1.19829e-47
xs.nkg                            -1.48303e-46
xs.nkm                             3.16141e-82
xs.tok                            -9.45478e-72
xs.noko                            6.26276e-73
xs.nokl                             3.0448e-70
xs.nokx                           -2.82008e-65
bias_oks                           2.19392e-45
es                                     1.19898
rels                             -1.89547e-138
rr9s                                  -1.07908
fos                                          1
vddf                                         0
nibf                              -2.43764e-58
ibiasf                            -2.43764e-58
xf.na                               1.969e-141
xf.pg                             -1.34386e-61
xf.nbtop                         -1.04958e-129
vreff                            -4.69141e-138
xf.nbg                            -3.64888e-79
xf.xrt.11                        -1.04958e-129
xf.xrt.21                        -1.04958e-129
xf.nb                            -1.04958e-129
xf.xr1.11                        -1.04958e-129
xf.xr1.21                        -1.04958e-129
xf.ec                            -1.04958e-129
xf.xr2.11                        -4.69141e-138
xf.xr2.21                        -4.69144e-138
xf.er                            -4.69144e-138
xf.pb                               1.0296e-80
xf.nt                               4.9445e-66
xf.n1                              -6.6433e-67
xf.n2                             -1.53964e-64
xf.nz                             -1.53965e-64
xf.xrz.11                         -1.53965e-64
xf.xrz.21                         -1.53964e-64
xf.ks1                             8.53557e-51
xf.ks2                            -1.06328e-49
xf.ks3                             1.31598e-48
xf.ks4                            -1.62872e-47
xf.nkg                             2.01574e-46
xf.nkm                             3.84365e-82
xf.tok                            -2.94485e-72
xf.noko                            1.95067e-73
xf.nokl                            9.48354e-71
xf.nokx                           -3.04912e-65
bias_okf                           3.36033e-45
ef                                     1.19898
relf                              1.01647e-137
fof                                          1
vddb                                         0
nibb                              -3.62004e-58
ibiasb                            -3.62004e-58
xb.na                             -2.9923e-140
xb.pg                             -8.46378e-62
xb.nbtop                         -3.38523e-129
vrefb                            -1.70352e-137
xb.nbg                              2.5058e-80
xb.xrt.11                        -3.38523e-129
xb.xrt.21                        -3.38523e-129
xb.nb                            -3.38523e-129
xb.xr1.11                        -3.38523e-129
xb.xr1.21                        -3.38523e-129
xb.ec                            -3.38523e-129
xb.xr2.11                        -1.70352e-137
xb.xr2.21                        -1.70353e-137
xb.er                            -1.70353e-137
xb.pb                              -3.6574e-80
xb.nt                              3.07379e-66
xb.n1                             -4.12395e-67
xb.n2                             -9.61344e-65
xb.nz                             -9.61345e-65
xb.xrz.11                         -9.61345e-65
xb.xrz.21                         -9.61344e-65
xb.ks1                             1.24005e-51
xb.ks2                            -1.54474e-50
xb.ks3                             1.91186e-49
xb.ks4                            -2.36621e-48
xb.nkg                             2.92848e-47
xb.nkm                             3.04737e-82
xb.tok                            -1.04289e-71
xb.noko                            6.90792e-73
xb.nokl                             3.3585e-70
xb.nokx                           -2.65596e-65
bias_okb                           4.30909e-45
fob                                          1
bfob#branch                                  0
bfof#branch                                  0
brelf#branch                                 0
bef#branch                                   0
bfos#branch                                  0
brr9s#branch                                 0
brels#branch                                 0
bes#branch                                   0
vibb#branch                        3.10498e-70
vsupb#branch                       4.29231e-57
vibf#branch                          2.084e-70
vsupf#branch                       3.34725e-57
vibs#branch                        2.50715e-70
vsups#branch                       2.18537e-57
vibst#branch                       5.56773e-07
vsupst#branch                     -1.00585e-06

 Reference value :  0.00000e+00
 Reference value :  2.34668e-06
 Reference value :  2.98690e-05
 Reference value :  4.39039e-05
 Reference value :  1.88946e-04
 Reference value :  2.80973e-04
 Reference value :  5.02800e-04
 Reference value :  5.57256e-04
 Reference value :  6.00284e-04
 Reference value :  6.35430e-04
 Reference value :  6.92834e-04
 Reference value :  7.74921e-04
 Reference value :  8.29786e-04
 Reference value :  9.11357e-04
 Reference value :  9.58611e-04
 Reference value :  1.01595e-03
 Reference value :  1.07195e-03
 Reference value :  1.10516e-03
 Reference value :  1.11154e-03
 Reference value :  1.14559e-03
 Reference value :  1.18092e-03
 Reference value :  1.21124e-03
 Reference value :  1.24985e-03
 Reference value :  1.29335e-03
 Reference value :  1.35735e-03
 Reference value :  1.44535e-03
 Reference value :  1.54535e-03
 Reference value :  1.62935e-03
 Reference value :  1.73685e-03
 Reference value :  1.79235e-03
 Reference value :  1.83485e-03
 Reference value :  1.90085e-03
 Reference value :  1.96835e-03
No. of Data Rows : 1245
vref_op             =  1.19898e+00
vref_st             =  1.19898e+00
ok_st               =  3.63000e+00
vdd_st              =  3.63000e+00
iq_st               =  -1.00585e-06
ib_st               =  5.56773e-07
t_set               =  5.20829e-04
vdd_drop            =  1.33585e+00
t_oks               =  1.99167e-04
err_at_ok           =  1.11633e-01
relv_slow           =  2.97128e+00
err_at_relv         =  1.72378e-01
relv_fast           =  3.63000e+00
okf_at_1v           =  7.22027e-06
errf_end            =  1.80812e-08
bo_pre              =  1.19898e+00
bo_mid              =  1.19898e+00
bo_post             =  1.19898e+00
ok_bo_dip           =  6.71238e-02
t_bo_rec            =  1.21459e-03
t_false_s           =  1.81500e-08 from=  0.00000e+00 to=  2.00000e-03
t_false_f           =  6.89883e-04 from=  0.00000e+00 to=  2.00000e-03
t_false_b           =  3.97130e-04 from=  0.00000e+00 to=  2.00000e-03
ok_bo_end           =  3.63000e+00
vdd_bo              =  3.63000e+00
m_vref_op_v = 1.1989790000e+00
m_vref_v = 1.1989790000e+00
m_ok_droop_mv = 0.0000000000e+00
m_iq_por_ua = 1.0058540000e+00
m_ibias_na = 5.5677320000e+02
m_iq_own_ua = 4.4908080000e-01
m_t_settle_us = 2.0829200000e+01
m_err_at_relv_mv = 1.7237810000e+02
m_vdd_ref90_v = 1.3358540000e+00
m_t_bo_recover_us = 1.0458700000e+02
m_t_false_ok_slow_us = 1.8150000000e-02
m_t_false_ok_fast_us = 6.8988310000e+02
m_t_false_ok_brownout_us = 3.9712950000e+02
m_err_at_ok_mv = 1.1163330000e+02
m_t_ok_us = 1.9916680000e+02
m_relv_slow_v = 2.9712780000e+00
m_relv_fast_v = 3.6300000000e+00
m_okf_at_1v_mv = 7.2202670000e-03
m_err_fast_end_mv = 1.8081170000e-05
m_bo_shallow_ppm = 8.3404296482e-01
m_bo_deep_ppm = 0.0000000000e+00
m_ok_bo_dip_mv = 6.7123800000e+01
m_ok_bo_end_droop_mv = 0.0000000000e+00
Note: Simulation executed from .control section 

Warning: m=xx on .subckt line will override multiplier m hierarchy!

