
Note: Compatibility modes selected: hs a


Circuit: * por-output-chain-ibias-sharing @ bjt_ss_27c_2.97v -- generated by sim/harness, do not edit

Doing analysis at TEMP = 27.000000 and TNOM = 27.000000

Using SPARSE 1.3 as Direct Linear Solver

Initial Transient Solution
--------------------------

Node                                   Voltage
----                                   -------
vdda                                         0
ena                                          0
nbcorea                            1.10318e-24
sharea                             1.10318e-24
nibtmpa                            1.10318e-24
nibcmpa                            1.10318e-24
nibpora                            1.10318e-24
xbiasa.na                          6.24453e-54
xbiasa.pg                          2.71947e-34
xbiasa.nbtop                      -3.47584e-52
vrefa                              -4.6868e-51
xbiasa.nbg                         4.22225e-42
xbiasa.xrt.11                     -3.47584e-52
xbiasa.xrt.21                     -3.47584e-52
xbiasa.nb                         -3.47584e-52
xbiasa.xr1.11                     -3.47584e-52
xbiasa.xr1.21                     -3.47584e-52
xbiasa.ec                         -3.47584e-52
xbiasa.xr2.11                      -4.6868e-51
xbiasa.xr2.21                     -4.68679e-51
xbiasa.er                         -4.68679e-51
xbiasa.pb                         -1.87085e-43
xbiasa.nt                         -1.10943e-38
xbiasa.n1                          1.36051e-39
xbiasa.n2                           3.3385e-37
xbiasa.nz                           3.3385e-37
xbiasa.xrz.11                       3.3385e-37
xbiasa.xrz.21                       3.3385e-37
xbiasa.ks1                        -5.08172e-33
xbiasa.ks2                          6.3315e-32
xbiasa.ks3                        -7.83772e-31
xbiasa.ks4                         9.70222e-30
xbiasa.nkg                          -1.201e-28
xbiasa.nkm                         2.19885e-45
xbiasa.tok                         3.18878e-35
xbiasa.noko                       -1.62887e-36
xbiasa.nokl                        -1.0274e-33
xbiasa.nokx                       -3.37901e-29
oka                                2.25744e-24
xtempa.nbg                        -1.25376e-24
xtempa.enb                        -2.97506e-73
xtempa.pb                          1.29391e-81
xtempa.pcas                        1.09451e-24
xtempa.nt                          1.59238e-25
xtempa.n1                           6.8411e-25
xtempa.na                         -6.19029e-40
xtempa.n2                          7.18123e-26
xtempa.nb                          2.16881e-52
xtempa.pg                         -1.10697e-24
xtempa.nz                          7.18123e-26
xtempa.xrz.11                      7.18123e-26
xtempa.xrz.21                      7.18123e-26
xtempa.m1d                         2.88424e-40
xtempa.m2d                         3.37008e-54
xtempa.m3d                        5.22916e-104
ptata                             6.04104e-110
xtempa.nd                          5.00206e-32
xtempa.nr                         -6.11608e-36
ctata                             -6.19029e-40
xtempa.nc                          2.16881e-52
xtempa.xr1.11                      2.16881e-52
xtempa.xr1.21                      2.16881e-52
xtempa.xr2f.11                    6.04071e-110
xtempa.xr2f.21                    8.81899e-111
xtempa.t5                         8.81566e-111
xtempa.xr2t5.11                   8.81233e-111
xtempa.xr2t5.21                   4.33966e-111
xtempa.t4                         4.33633e-111
xtempa.xr2t4.11                   4.33301e-111
xtempa.xr2t4.21                   2.10119e-111
xtempa.t3                         2.09787e-111
xtempa.xr2t3.11                   2.09454e-111
xtempa.xr2t3.21                   9.82172e-112
xtempa.t2                         9.78846e-112
xtempa.xr2t2.11                   9.75521e-112
xtempa.xr2t2.21                   4.22725e-112
xtempa.t1                           4.194e-112
xtempa.xr2t1.11                   4.16075e-112
xtempa.xr2t1.21                   1.43199e-112
xtempa.t0                         1.39874e-112
xtempa.xr2t0.11                   1.36549e-112
xtempa.xr2t0.21                   3.32488e-114
xtempa.xriso.11                   -6.19029e-40
xtempa.xriso.21                   -6.19029e-40
xcmpa.bias_okb                   -2.57579e-231
xcmpa.nbg                          -1.8887e-24
xcmpa.sns                                    0
xcmpa.xrtop.11                               0
xcmpa.xrtop.21                               0
xcmpa.snsb                                   0
xcmpa.xrbot.11                               0
xcmpa.xrbot.21                               0
xcmpa.xrhys.11                               0
xcmpa.xrhys.21                               0
xcmpa.n1                           -9.5161e-38
xcmpa.tn                           7.08082e-34
xcmpa.na                          -7.23067e-34
xcmpa.cmpo                        -8.63355e-34
xcmpa.vdda                        -2.59097e-34
por_rawa                           -1.6612e-40
xpora.pdn                          1.41846e-62
xpora.ndl                         -1.62473e-70
xpora.ndgp                         1.68593e-28
xpora.ndg                          1.41993e-27
xpora.ndgn                        -2.57891e-27
xpora.pgdg                         6.87891e-24
xpora.pgdgb                        9.29708e-28
xpora.nts                          3.09483e-25
xpora.tim                          1.45374e-23
xpora.nd1                           6.8826e-22
xpora.trip                        -1.37337e-19
resetna                           -1.37016e-20
xpora.rstb                        -1.20349e-19
xpora.nnand                       -1.70874e-19
vddb                                         0
enb                                          0
nbcoreb                            4.72396e-24
shareb                             4.72396e-24
nibtmpb                            4.72396e-24
nibcmpb                            4.72396e-24
nibporb                            4.72396e-24
xbiasb.na                          4.75138e-54
xbiasb.pg                          2.70967e-34
xbiasb.nbtop                      -2.44762e-51
vrefb                             -1.44569e-50
xbiasb.nbg                          -1.868e-42
xbiasb.xrt.11                     -2.44762e-51
xbiasb.xrt.21                     -2.44762e-51
xbiasb.nb                         -2.44762e-51
xbiasb.xr1.11                     -2.44762e-51
xbiasb.xr1.21                     -2.44762e-51
xbiasb.ec                         -2.44762e-51
xbiasb.xr2.11                     -1.44569e-50
xbiasb.xr2.21                     -1.44569e-50
xbiasb.er                         -1.44569e-50
xbiasb.pb                         -2.57377e-43
xbiasb.nt                         -1.03344e-38
xbiasb.n1                          7.61286e-40
xbiasb.n2                          3.18645e-37
xbiasb.nz                          3.18646e-37
xbiasb.xrz.11                      3.18646e-37
xbiasb.xrz.21                      3.18645e-37
xbiasb.ks1                          3.3904e-33
xbiasb.ks2                        -4.22423e-32
xbiasb.ks3                         5.22914e-31
xbiasb.ks4                        -6.47294e-30
xbiasb.nkg                         8.01206e-29
xbiasb.nkm                         3.12149e-45
xbiasb.tok                        -5.37356e-36
xbiasb.noko                        2.82522e-37
xbiasb.nokl                        1.73115e-34
xbiasb.nokx                       -4.17444e-29
okb                                2.20333e-25
xtempb.nbg                        -5.99942e-24
xtempb.enb                        -2.97506e-73
xtempb.pb                         -3.14592e-79
xtempb.pcas                       -1.35846e-24
xtempb.nt                          2.90422e-26
xtempb.n1                          1.30206e-25
xtempb.na                         -3.15657e-40
xtempb.n2                          7.04988e-27
xtempb.nb                          3.91068e-52
xtempb.pg                          1.24931e-24
xtempb.nz                          7.04988e-27
xtempb.xrz.11                      7.04988e-27
xtempb.xrz.21                      7.04988e-27
xtempb.m1d                          1.4414e-40
xtempb.m2d                         6.07673e-54
xtempb.m3d                        5.83358e-104
ptatb                              6.7393e-110
xtempb.nd                          2.56369e-33
xtempb.nr                          6.10436e-36
ctatb                             -3.15657e-40
xtempb.nc                          3.91068e-52
xtempb.xr1.11                      3.91068e-52
xtempb.xr1.21                      3.91068e-52
xtempb.xr2f.11                    6.73893e-110
xtempb.xr2f.21                    9.83834e-111
xtempb.t5                         9.83463e-111
xtempb.xr2t5.11                   9.83092e-111
xtempb.xr2t5.21                   4.84127e-111
xtempb.t4                         4.83755e-111
xtempb.xr2t4.11                   4.83384e-111
xtempb.xr2t4.21                   2.34406e-111
xtempb.t3                         2.34035e-111
xtempb.xr2t3.11                   2.33664e-111
xtempb.xr2t3.21                    1.0957e-111
xtempb.t2                         1.09199e-111
xtempb.xr2t2.11                   1.08828e-111
xtempb.xr2t2.21                   4.71587e-112
xtempb.t1                         4.67877e-112
xtempb.xr2t1.11                   4.64168e-112
xtempb.xr2t1.21                    1.5975e-112
xtempb.t0                         1.56041e-112
xtempb.xr2t0.11                   1.52332e-112
xtempb.xr2t0.21                    3.7092e-114
xtempb.xriso.11                   -3.15657e-40
xtempb.xriso.21                   -3.15657e-40
xcmpb.bias_okb                   -1.83933e-231
xcmpb.nbg                          -7.4915e-24
xcmpb.sns                                    0
xcmpb.xrtop.11                               0
xcmpb.xrtop.21                               0
xcmpb.snsb                                   0
xcmpb.xrbot.11                               0
xcmpb.xrbot.21                               0
xcmpb.xrhys.11                               0
xcmpb.xrhys.21                               0
xcmpb.n1                          -2.17121e-36
xcmpb.tn                           -2.4949e-34
xcmpb.na                           2.62296e-34
xcmpb.cmpo                         3.11396e-34
xcmpb.vdda                         8.73709e-35
por_rawb                           7.24187e-40
xporb.pdn                          3.14793e-62
xporb.ndl                         -1.52735e-70
xporb.ndgp                         2.18813e-28
xporb.ndg                          1.84247e-27
xporb.ndgn                        -3.34638e-27
xporb.pgdg                         7.06555e-24
xporb.pgdgb                         -6.661e-28
xporb.nts                           1.5781e-25
xporb.tim                          7.41287e-24
xporb.nd1                         -6.11405e-22
xporb.trip                         1.33158e-19
resetnb                           -3.15054e-20
xporb.rstb                        -4.94177e-20
xporb.nnand                        5.05019e-19
vibporb#branch                     5.52571e-38
vibcmpb#branch                     1.94792e-37
vibtmpb#branch                    -4.43923e-36
vibcoreb#branch                   -4.18102e-36
venb#branch                                  0
vsupb#branch                      -2.76108e-31
vibpora#branch                     1.06396e-38
vibcmpa#branch                    -9.63912e-38
vibtmpa#branch                    -8.92128e-37
vibcorea#branch                   -9.82018e-37
vena#branch                                  0
vsupa#branch                      -3.77082e-31

 Reference value :  0.00000e+00
 Reference value :  2.06955e-05
 Reference value :  3.45954e-05
 Reference value :  5.07860e-05
 Reference value :  5.16918e-05
 Reference value :  5.25002e-05
 Reference value :  5.30406e-05
 Reference value :  5.46427e-05
 Reference value :  5.53855e-05
 Reference value :  6.68399e-05
 Reference value :  7.31032e-05
 Reference value :  8.83685e-05
 Reference value :  9.01221e-05
 Reference value :  1.07373e-04
 Reference value :  1.07480e-04
 Reference value :  1.07919e-04
 Reference value :  1.20639e-04
 Reference value :  1.22069e-04
 Reference value :  1.32807e-04
 Reference value :  1.52912e-04
No. of Data Rows : 1494
vib_a               =  6.67075e-01
vib_b               =  6.32572e-01
icore_a             =  5.37621e-07
icore_b             =  5.37727e-07
itmp_a              =  1.34758e-12
itmp_b              =  2.57414e-07
icmp_a              =  2.43340e-07
icmp_b              =  1.24778e-07
ipor_a              =  2.94280e-07
ipor_b              =  1.55535e-07
por_a               =  2.97000e+00
por_b               =  2.97000e+00
resetn_a            =  7.50298e-09
resetn_b            =  -1.38615e-08
vdda                =  2.97000e+00
vddb                =  2.97000e+00
m_vibias_asserted_v = 6.6707460000e-01
m_vibias_released_v = 6.3257180000e-01
m_ibias_core_asserted_na = 5.3762080000e+02
m_ibias_core_released_na = 5.3772730000e+02
m_ibias_temp_asserted_na = 1.3475800000e-03
m_ibias_temp_released_na = 2.5741440000e+02
m_ibias_cmp_asserted_na = 2.4333960000e+02
m_ibias_cmp_released_na = 1.2477750000e+02
m_ibias_por_asserted_na = 2.9427990000e+02
m_ibias_por_released_na = 1.5553540000e+02
m_ibias_por_asserted_frac_nom = 5.8855980000e-01
m_ibias_por_released_frac_nom = 3.1107080000e-01
m_por_raw_asserted_droop_mv = 0.0000000000e+00
m_por_raw_released_droop_mv = 0.0000000000e+00
m_resetn_asserted_v = 7.5029820000e-09
m_resetn_released_v = -1.386145000e-08
Note: Simulation executed from .control section 

Warning: m=xx on .subckt line will override multiplier m hierarchy!

