
Note: Compatibility modes selected: hs a


Circuit: * por-output-chain-ibias-sharing @ bjt_ss_-40c_3.63v -- generated by sim/harness, do not edit

Doing analysis at TEMP = -40.000000 and TNOM = 27.000000

Using SPARSE 1.3 as Direct Linear Solver

Initial Transient Solution
--------------------------

Node                                   Voltage
----                                   -------
vdda                                         0
ena                                          0
nbcorea                            2.23668e-22
sharea                             2.23668e-22
nibtmpa                            2.23668e-22
nibcmpa                            2.23668e-22
nibpora                            2.23668e-22
xbiasa.na                         6.20059e-243
xbiasa.pg                          -7.8831e-22
xbiasa.nbtop                      1.23338e-232
vrefa                             4.20389e-237
xbiasa.nbg                         3.40905e-22
xbiasa.xrt.11                     1.23338e-232
xbiasa.xrt.21                     1.23338e-232
xbiasa.nb                         1.23338e-232
xbiasa.xr1.11                     1.23338e-232
xbiasa.xr1.21                     1.23338e-232
xbiasa.ec                         1.23338e-232
xbiasa.xr2.11                     4.20389e-237
xbiasa.xr2.21                     4.20392e-237
xbiasa.er                         4.20392e-237
xbiasa.pb                         -3.40905e-22
xbiasa.nt                          -1.6458e-47
xbiasa.n1                          7.13916e-69
xbiasa.n2                         -3.00197e-25
xbiasa.nz                         -3.00198e-25
xbiasa.xrz.11                     -3.00198e-25
xbiasa.xrz.21                     -3.00197e-25
xbiasa.ks1                        -1.81244e-72
xbiasa.ks2                        -8.18234e-52
xbiasa.ks3                        -3.43659e-47
xbiasa.ks4                        -1.16941e-41
xbiasa.nkg                        -1.58249e-21
xbiasa.nkm                         3.40914e-22
xbiasa.tok                        -6.14829e-28
xbiasa.noko                       -2.27294e-22
xbiasa.nokl                       -3.40936e-22
xbiasa.nokx                                  0
oka                               9.94798e-190
xtempa.nbg                        -1.13118e-42
xtempa.enb                       -9.85141e-271
xtempa.pb                        -7.55283e-208
xtempa.pcas                      -3.20676e-305
xtempa.nt                         -5.38004e-22
xtempa.n1                         -1.29492e-21
xtempa.na                          7.21358e-24
xtempa.n2                         -8.63434e-22
xtempa.nb                          3.20705e-24
xtempa.pg                         -5.13969e-22
xtempa.nz                         -8.63434e-22
xtempa.xrz.11                     -8.63434e-22
xtempa.xrz.21                     -8.63434e-22
xtempa.m1d                        -1.44325e-23
xtempa.m2d                        -1.44325e-23
xtempa.m3d                        -1.44325e-23
ptata                              1.62411e-29
xtempa.nd                        -4.39756e-186
xtempa.nr                          1.6272e-189
ctata                              7.21358e-24
xtempa.nc                          3.20705e-24
xtempa.xr1.11                      3.20705e-24
xtempa.xr1.21                      3.20705e-24
xtempa.xr2f.11                     1.62401e-29
xtempa.xr2f.21                     2.37025e-30
xtempa.t5                          2.36927e-30
xtempa.xr2t5.11                     2.3683e-30
xtempa.xr2t5.21                    1.16719e-30
xtempa.t4                          1.16622e-30
xtempa.xr2t4.11                    1.16524e-30
xtempa.xr2t4.21                    5.65549e-31
xtempa.t3                          5.64573e-31
xtempa.xr2t3.11                    5.63596e-31
xtempa.xr2t3.21                    2.64614e-31
xtempa.t2                          2.63638e-31
xtempa.xr2t2.11                    2.62661e-31
xtempa.xr2t2.21                    1.14059e-31
xtempa.t1                          1.13083e-31
xtempa.xr2t1.11                    1.12106e-31
xtempa.xr2t1.21                    3.87465e-32
xtempa.t0                            3.777e-32
xtempa.xr2t0.11                    3.67935e-32
xtempa.xr2t0.21                    9.76516e-34
xtempa.xriso.11                    7.21358e-24
xtempa.xriso.21                    7.21358e-24
xcmpa.bias_okb                               0
xcmpa.nbg                         -1.13118e-42
xcmpa.sns                                    0
xcmpa.xrtop.11                               0
xcmpa.xrtop.21                               0
xcmpa.snsb                                   0
xcmpa.xrbot.11                               0
xcmpa.xrbot.21                               0
xcmpa.xrhys.11                               0
xcmpa.xrhys.21                               0
xcmpa.n1                          1.84389e-187
xcmpa.tn                         -8.93247e-106
xcmpa.na                          1.00915e-105
xcmpa.cmpo                        7.41125e-106
xcmpa.vdda                       -2.00267e-107
por_rawa                         -3.75394e-123
xpora.pdn                        -3.91945e-192
xpora.ndl                         -1.90359e-22
xpora.ndgp                       -6.56084e-115
xpora.ndg                         3.70564e-117
xpora.ndgn                        2.10275e-118
xpora.pgdg                        7.11551e-107
xpora.pgdgb                      -4.69197e-112
xpora.nts                        -1.46703e-150
xpora.tim                        -1.11399e-150
xpora.nd1                          1.99715e-81
xpora.trip                        -3.95677e-91
resetna                            3.70218e-21
xpora.rstb                          7.7791e-47
xpora.nnand                       -1.79964e-46
vddb                                         0
enb                                          0
nbcoreb                            2.23668e-22
shareb                             2.23668e-22
nibtmpb                            2.23668e-22
nibcmpb                            2.23668e-22
nibporb                            2.23668e-22
xbiasb.na                         6.21385e-243
xbiasb.pg                         -7.88272e-22
xbiasb.nbtop                      1.03842e-232
vrefb                            -1.12135e-236
xbiasb.nbg                         3.40905e-22
xbiasb.xrt.11                     1.03842e-232
xbiasb.xrt.21                     1.03842e-232
xbiasb.nb                         1.03842e-232
xbiasb.xr1.11                     1.03842e-232
xbiasb.xr1.21                     1.03842e-232
xbiasb.ec                         1.03842e-232
xbiasb.xr2.11                    -1.12135e-236
xbiasb.xr2.21                    -1.12136e-236
xbiasb.er                        -1.12136e-236
xbiasb.pb                         -3.40905e-22
xbiasb.nt                          2.50401e-47
xbiasb.n1                         -1.77241e-69
xbiasb.n2                         -2.99916e-25
xbiasb.nz                         -2.99917e-25
xbiasb.xrz.11                     -2.99917e-25
xbiasb.xrz.21                     -2.99916e-25
xbiasb.ks1                         5.70758e-88
xbiasb.ks2                         -2.2538e-67
xbiasb.ks3                        -1.83356e-62
xbiasb.ks4                        -6.02365e-42
xbiasb.nkg                        -1.58224e-21
xbiasb.nkm                         3.40914e-22
xbiasb.tok                         1.22961e-28
xbiasb.noko                       -2.27294e-22
xbiasb.nokl                        3.40936e-22
xbiasb.nokx                                  0
okb                               8.65475e-190
xtempb.nbg                         1.47821e-42
xtempb.enb                       -9.85141e-271
xtempb.pb                        -7.54906e-208
xtempb.pcas                      -3.20058e-305
xtempb.nt                         -5.37974e-22
xtempb.n1                         -1.29491e-21
xtempb.na                          7.21518e-24
xtempb.n2                          -8.6333e-22
xtempb.nb                          3.20705e-24
xtempb.pg                          5.13875e-22
xtempb.nz                          -8.6333e-22
xtempb.xrz.11                      -8.6333e-22
xtempb.xrz.21                      -8.6333e-22
xtempb.m1d                        -1.44325e-23
xtempb.m2d                        -1.44325e-23
xtempb.m3d                         1.44325e-23
ptatb                             -1.62411e-29
xtempb.nd                         1.85877e-184
xtempb.nr                         1.60932e-189
ctatb                              7.21518e-24
xtempb.nc                          3.20705e-24
xtempb.xr1.11                      3.20705e-24
xtempb.xr1.21                      3.20705e-24
xtempb.xr2f.11                    -1.62401e-29
xtempb.xr2f.21                    -2.37025e-30
xtempb.t5                         -2.36927e-30
xtempb.xr2t5.11                    -2.3683e-30
xtempb.xr2t5.21                   -1.16719e-30
xtempb.t4                         -1.16622e-30
xtempb.xr2t4.11                   -1.16524e-30
xtempb.xr2t4.21                   -5.65549e-31
xtempb.t3                         -5.64573e-31
xtempb.xr2t3.11                   -5.63596e-31
xtempb.xr2t3.21                   -2.64614e-31
xtempb.t2                         -2.63638e-31
xtempb.xr2t2.11                   -2.62661e-31
xtempb.xr2t2.21                   -1.14059e-31
xtempb.t1                         -1.13083e-31
xtempb.xr2t1.11                   -1.12106e-31
xtempb.xr2t1.21                   -3.87465e-32
xtempb.t0                           -3.777e-32
xtempb.xr2t0.11                   -3.67935e-32
xtempb.xr2t0.21                   -9.76516e-34
xtempb.xriso.11                    7.21518e-24
xtempb.xriso.21                    7.21518e-24
xcmpb.bias_okb                               0
xcmpb.nbg                          1.47821e-42
xcmpb.sns                                    0
xcmpb.xrtop.11                               0
xcmpb.xrtop.21                               0
xcmpb.snsb                                   0
xcmpb.xrbot.11                               0
xcmpb.xrbot.21                               0
xcmpb.xrhys.11                               0
xcmpb.xrhys.21                               0
xcmpb.n1                          3.68779e-187
xcmpb.tn                         -2.11187e-105
xcmpb.na                          2.38582e-105
xcmpb.cmpo                        1.75323e-105
xcmpb.vdda                        -4.7423e-107
por_rawb                         -3.76686e-123
xporb.pdn                        -3.90095e-192
xporb.ndl                          1.90359e-22
xporb.ndgp                       -6.44289e-115
xporb.ndg                         3.63944e-117
xporb.ndgn                        2.06519e-118
xporb.pgdg                        4.12066e-111
xporb.pgdgb                      -5.00853e-116
xporb.nts                        -1.45848e-150
xporb.tim                         -1.1075e-150
xporb.nd1                         3.77559e-114
xporb.trip                                   0
resetnb                           -3.71647e-55
xporb.rstb                        -4.58889e-78
xporb.nnand                        1.06396e-77
vibporb#branch                    -1.28359e-33
vibcmpb#branch                      6.7102e-34
vibtmpb#branch                     4.47223e-34
vibcoreb#branch                    -1.6657e-34
venb#branch                                  0
vsupb#branch                       4.95067e-34
vibpora#branch                    -1.28359e-33
vibcmpa#branch                      6.7102e-34
vibtmpa#branch                     4.47411e-34
vibcorea#branch                    -1.6657e-34
vena#branch                                  0
vsupa#branch                        1.3747e-33

 Reference value :  0.00000e+00
 Reference value :  2.04262e-05
 Reference value :  2.20603e-05
 Reference value :  4.51381e-05
 Reference value :  4.82286e-05
 Reference value :  4.83525e-05
 Reference value :  4.90594e-05
 Reference value :  4.93808e-05
 Reference value :  5.04752e-05
 Reference value :  5.10305e-05
 Reference value :  5.17976e-05
 Reference value :  5.32717e-05
 Reference value :  7.40158e-05
 Reference value :  7.43633e-05
 Reference value :  9.32960e-05
 Reference value :  9.48339e-05
 Reference value :  1.03493e-04
 Reference value :  1.03591e-04
 Reference value :  1.04024e-04
 Reference value :  1.22484e-04
 Reference value :  1.23599e-04
 Reference value :  1.24199e-04
 Reference value :  2.06013e-04
No. of Data Rows : 1669
vib_a               =  7.21501e-01
vib_b               =  6.93191e-01
icore_a             =  3.91412e-07
icore_b             =  3.91513e-07
itmp_a              =  1.44662e-12
itmp_b              =  1.88150e-07
icmp_a              =  1.65656e-07
icmp_b              =  8.40036e-08
ipor_a              =  2.25755e-07
ipor_b              =  1.19359e-07
por_a               =  3.63000e+00
por_b               =  3.63000e+00
resetn_a            =  -4.04015e-09
resetn_b            =  -9.78628e-09
vdda                =  3.63000e+00
vddb                =  3.63000e+00
m_vibias_asserted_v = 7.2150060000e-01
m_vibias_released_v = 6.9319100000e-01
m_ibias_core_asserted_na = 3.9141220000e+02
m_ibias_core_released_na = 3.9151300000e+02
m_ibias_temp_asserted_na = 1.4466150000e-03
m_ibias_temp_released_na = 1.8815050000e+02
m_ibias_cmp_asserted_na = 1.6565580000e+02
m_ibias_cmp_released_na = 8.4003650000e+01
m_ibias_por_asserted_na = 2.2575490000e+02
m_ibias_por_released_na = 1.1935890000e+02
m_ibias_por_asserted_frac_nom = 4.5150980000e-01
m_ibias_por_released_frac_nom = 2.3871780000e-01
m_por_raw_asserted_droop_mv = 0.0000000000e+00
m_por_raw_released_droop_mv = 0.0000000000e+00
m_resetn_asserted_v = -4.040148000e-09
m_resetn_released_v = -9.786277000e-09
Note: Simulation executed from .control section 

Warning: m=xx on .subckt line will override multiplier m hierarchy!

