
Note: Compatibility modes selected: hs a


Circuit: * por-output-chain-ibias-sharing @ fs_27c_2.97v -- generated by sim/harness, do not edit

Doing analysis at TEMP = 27.000000 and TNOM = 27.000000

Using SPARSE 1.3 as Direct Linear Solver

Initial Transient Solution
--------------------------

Node                                   Voltage
----                                   -------
vdda                                         0
ena                                          0
nbcorea                           -2.51493e-18
sharea                            -2.51493e-18
nibtmpa                           -2.51493e-18
nibcmpa                           -2.51493e-18
nibpora                           -2.51493e-18
xbiasa.na                          2.81204e-48
xbiasa.pg                         -6.07275e-22
xbiasa.nbtop                      -2.17362e-43
vrefa                              5.92502e-47
xbiasa.nbg                          3.5853e-26
xbiasa.xrt.11                     -2.17362e-43
xbiasa.xrt.21                     -2.17362e-43
xbiasa.nb                         -2.17362e-43
xbiasa.xr1.11                     -2.17362e-43
xbiasa.xr1.21                     -2.17362e-43
xbiasa.ec                         -2.17362e-43
xbiasa.xr2.11                      5.92502e-47
xbiasa.xr2.21                      5.92505e-47
xbiasa.er                          5.92505e-47
xbiasa.pb                          1.60469e-25
xbiasa.nt                         -3.97735e-26
xbiasa.n1                         -2.86886e-26
xbiasa.n2                          6.54414e-23
xbiasa.nz                          6.54414e-23
xbiasa.xrz.11                      6.54414e-23
xbiasa.xrz.21                      6.54414e-23
xbiasa.ks1                        -2.67451e-24
xbiasa.ks2                        -1.72682e-23
xbiasa.ks3                         3.02597e-22
xbiasa.ks4                        -3.83334e-21
xbiasa.nkg                         4.74064e-20
xbiasa.nkm                        -3.71573e-25
xbiasa.tok                        -1.33468e-25
xbiasa.noko                        5.65203e-22
xbiasa.nokl                       -5.51976e-24
xbiasa.nokx                       -6.34707e-24
oka                                7.62602e-21
xtempa.nbg                        -2.81403e-19
xtempa.enb                         -2.6018e-45
xtempa.pb                          1.38944e-69
xtempa.pcas                       -1.05215e-20
xtempa.nt                          2.15304e-21
xtempa.n1                           4.6095e-22
xtempa.na                          4.02981e-26
xtempa.n2                          6.52618e-21
xtempa.nb                         -7.38371e-44
xtempa.pg                          3.07891e-20
xtempa.nz                          6.52618e-21
xtempa.xrz.11                      6.52618e-21
xtempa.xrz.21                      6.52618e-21
xtempa.m1d                         1.36012e-28
xtempa.m2d                         -1.2434e-46
xtempa.m3d                        1.79761e-101
ptata                             2.01542e-107
xtempa.nd                          3.84265e-18
xtempa.nr                         -2.42908e-19
ctata                              4.02981e-26
xtempa.nc                         -7.38371e-44
xtempa.xr1.11                     -7.38371e-44
xtempa.xr1.21                     -7.38371e-44
xtempa.xr2f.11                    2.01531e-107
xtempa.xr2f.21                     2.9567e-108
xtempa.t5                         2.95559e-108
xtempa.xr2t5.11                   2.95447e-108
xtempa.xr2t5.21                   1.45082e-108
xtempa.t4                          1.4497e-108
xtempa.xr2t4.11                   1.44858e-108
xtempa.xr2t4.21                   7.01468e-109
xtempa.t3                         7.00354e-109
xtempa.xr2t3.11                   6.99243e-109
xtempa.xr2t3.21                   3.27659e-109
xtempa.t2                         3.26549e-109
xtempa.xr2t2.11                   3.25439e-109
xtempa.xr2t2.21                   1.40974e-109
xtempa.t1                         1.39865e-109
xtempa.xr2t1.11                   1.38756e-109
xtempa.xr2t1.21                   4.77469e-110
xtempa.t0                         4.66379e-110
xtempa.xr2t0.11                   4.55293e-110
xtempa.xr2t0.21                   1.10861e-111
xtempa.xriso.11                    4.02981e-26
xtempa.xriso.21                    4.02981e-26
xcmpa.bias_okb                    -1.58267e-54
xcmpa.nbg                         -1.85052e-19
xcmpa.sns                                    0
xcmpa.xrtop.11                               0
xcmpa.xrtop.21                               0
xcmpa.snsb                                   0
xcmpa.xrbot.11                               0
xcmpa.xrbot.21                               0
xcmpa.xrhys.11                               0
xcmpa.xrhys.21                               0
xcmpa.n1                           9.14602e-29
xcmpa.tn                           2.99003e-20
xcmpa.na                           -2.2576e-20
xcmpa.cmpo                        -3.10256e-20
xcmpa.vdda                         1.14761e-23
por_rawa                          -7.27817e-32
xpora.pdn                          1.06407e-30
xpora.ndl                         -4.03656e-28
xpora.ndgp                         5.20498e-28
xpora.ndg                         -8.53762e-25
xpora.ndgn                         5.29543e-25
xpora.pgdg                         1.06948e-18
xpora.pgdgb                        2.54642e-18
xpora.nts                         -6.67773e-26
xpora.tim                          9.08647e-23
xpora.nd1                          1.01526e-19
xpora.trip                         3.10085e-21
resetna                           -9.28328e-19
xpora.rstb                        -1.89828e-19
xpora.nnand                         1.7614e-18
vddb                                         0
enb                                          0
nbcoreb                            2.60372e-18
shareb                             2.60372e-18
nibtmpb                            2.60372e-18
nibcmpb                            2.60372e-18
nibporb                            2.60372e-18
xbiasb.na                          1.32238e-48
xbiasb.pg                           2.3523e-22
xbiasb.nbtop                       7.91714e-44
vrefb                              6.91357e-47
xbiasb.nbg                        -1.67444e-25
xbiasb.xrt.11                      7.91714e-44
xbiasb.xrt.21                      7.91714e-44
xbiasb.nb                          7.91714e-44
xbiasb.xr1.11                      7.91714e-44
xbiasb.xr1.21                      7.91715e-44
xbiasb.ec                          7.91715e-44
xbiasb.xr2.11                      6.91357e-47
xbiasb.xr2.21                      6.91361e-47
xbiasb.er                          6.91361e-47
xbiasb.pb                          1.11411e-24
xbiasb.nt                         -2.00174e-26
xbiasb.n1                          -5.2312e-25
xbiasb.n2                          3.36503e-23
xbiasb.nz                          3.36503e-23
xbiasb.xrz.11                      3.36503e-23
xbiasb.xrz.21                      3.36503e-23
xbiasb.ks1                         5.66885e-25
xbiasb.ks2                        -2.47985e-23
xbiasb.ks3                         3.39308e-22
xbiasb.ks4                        -4.22811e-21
xbiasb.nkg                         5.22449e-20
xbiasb.nkm                         6.42971e-26
xbiasb.tok                         1.17375e-25
xbiasb.noko                       -4.80519e-22
xbiasb.nokl                       -5.52546e-24
xbiasb.nokx                       -5.55496e-24
okb                               -3.12205e-21
xtempb.nbg                         7.21819e-20
xtempb.enb                         -2.6018e-45
xtempb.pb                          1.38846e-69
xtempb.pcas                        1.07945e-85
xtempb.nt                          2.76861e-20
xtempb.n1                          3.07303e-20
xtempb.na                          4.04652e-26
xtempb.n2                          5.82761e-20
xtempb.nb                         -7.49671e-45
xtempb.pg                          2.91702e-20
xtempb.nz                          5.82761e-20
xtempb.xrz.11                      5.82761e-20
xtempb.xrz.21                      5.82761e-20
xtempb.m1d                         1.36576e-28
xtempb.m2d                         -4.2717e-46
xtempb.m3d                        1.76845e-101
ptatb                             1.98272e-107
xtempb.nd                          3.84265e-18
xtempb.nr                         -2.42908e-19
ctatb                              4.04652e-26
xtempb.nc                         -7.49671e-45
xtempb.xr1.11                     -7.49671e-45
xtempb.xr1.21                     -7.49671e-45
xtempb.xr2f.11                    1.98261e-107
xtempb.xr2f.21                    2.90872e-108
xtempb.t5                         2.90763e-108
xtempb.xr2t5.11                   2.90653e-108
xtempb.xr2t5.21                   1.42728e-108
xtempb.t4                         1.42618e-108
xtempb.xr2t4.11                   1.42508e-108
xtempb.xr2t4.21                   6.90087e-109
xtempb.t3                         6.88991e-109
xtempb.xr2t3.11                   6.87898e-109
xtempb.xr2t3.21                   3.22343e-109
xtempb.t2                          3.2125e-109
xtempb.xr2t2.11                   3.20159e-109
xtempb.xr2t2.21                   1.38687e-109
xtempb.t1                         1.37595e-109
xtempb.xr2t1.11                   1.36505e-109
xtempb.xr2t1.21                   4.69722e-110
xtempb.t0                         4.58812e-110
xtempb.xr2t0.11                   4.47906e-110
xtempb.xr2t0.21                   1.09063e-111
xtempb.xriso.11                    4.04652e-26
xtempb.xriso.21                    4.04652e-26
xcmpb.bias_okb                    -7.91356e-55
xcmpb.nbg                           6.0554e-21
xcmpb.sns                                    0
xcmpb.xrtop.11                               0
xcmpb.xrtop.21                               0
xcmpb.snsb                                   0
xcmpb.xrbot.11                               0
xcmpb.xrbot.21                               0
xcmpb.xrhys.11                               0
xcmpb.xrhys.21                               0
xcmpb.n1                           6.52585e-29
xcmpb.tn                            2.3146e-20
xcmpb.na                          -1.78024e-20
xcmpb.cmpo                        -2.35631e-20
xcmpb.vdda                         8.85817e-24
por_rawb                          -3.19553e-32
xporb.pdn                          8.53524e-31
xporb.ndl                         -4.17154e-28
xporb.ndgp                        -1.17593e-29
xporb.ndg                          1.93066e-26
xporb.ndgn                        -1.19821e-26
xporb.pgdg                        -6.75725e-19
xporb.pgdgb                        2.27892e-18
xporb.nts                         -8.76881e-24
xporb.tim                          1.19318e-20
xporb.nd1                         -2.56814e-20
xporb.trip                        -6.54052e-22
resetnb                            1.76601e-18
xporb.rstb                        -2.45852e-19
xporb.nnand                        1.63086e-19
vibporb#branch                     2.68435e-30
vibcmpb#branch                    -1.07054e-29
vibtmpb#branch                     5.41718e-30
vibcoreb#branch                   -2.58795e-30
venb#branch                                  0
vsupb#branch                       8.85658e-30
vibpora#branch                    -2.65328e-30
vibcmpa#branch                     1.07134e-29
vibtmpa#branch                    -5.54316e-30
vibcorea#branch                    2.51161e-30
vena#branch                                  0
vsupa#branch                       3.33505e-30

 Reference value :  0.00000e+00
 Reference value :  2.31753e-05
 Reference value :  3.71038e-05
 Reference value :  5.04584e-05
 Reference value :  5.17550e-05
 Reference value :  5.24001e-05
 Reference value :  5.29130e-05
 Reference value :  5.45242e-05
 Reference value :  7.43840e-05
 Reference value :  7.80215e-05
 Reference value :  9.11704e-05
 Reference value :  1.04504e-04
 Reference value :  1.07156e-04
 Reference value :  1.07544e-04
 Reference value :  1.19546e-04
 Reference value :  1.21599e-04
 Reference value :  1.28806e-04
 Reference value :  2.38862e-04
No. of Data Rows : 1348
vib_a               =  5.86532e-01
vib_b               =  5.52439e-01
icore_a             =  5.37751e-07
icore_b             =  5.37855e-07
itmp_a              =  1.27201e-12
itmp_b              =  2.57185e-07
icmp_a              =  2.43045e-07
icmp_b              =  1.24732e-07
ipor_a              =  2.94704e-07
ipor_b              =  1.55937e-07
por_a               =  2.97000e+00
por_b               =  2.97000e+00
resetn_a            =  1.12902e-08
resetn_b            =  1.30298e-09
vdda                =  2.97000e+00
vddb                =  2.97000e+00
m_vibias_asserted_v = 5.8653180000e-01
m_vibias_released_v = 5.5243930000e-01
m_ibias_core_asserted_na = 5.3775120000e+02
m_ibias_core_released_na = 5.3785510000e+02
m_ibias_temp_asserted_na = 1.2720100000e-03
m_ibias_temp_released_na = 2.5718550000e+02
m_ibias_cmp_asserted_na = 2.4304540000e+02
m_ibias_cmp_released_na = 1.2473210000e+02
m_ibias_por_asserted_na = 2.9470440000e+02
m_ibias_por_released_na = 1.5593740000e+02
m_ibias_por_asserted_frac_nom = 5.8940880000e-01
m_ibias_por_released_frac_nom = 3.1187480000e-01
m_por_raw_asserted_droop_mv = 0.0000000000e+00
m_por_raw_released_droop_mv = 0.0000000000e+00
m_resetn_asserted_v = 1.1290160000e-08
m_resetn_released_v = 1.3029850000e-09
Note: Simulation executed from .control section 

Warning: m=xx on .subckt line will override multiplier m hierarchy!

