
Note: Compatibility modes selected: hs a


Circuit: * por-output-chain-ibias-sharing @ res_ss_27c_3.30v -- generated by sim/harness, do not edit

Doing analysis at TEMP = 27.000000 and TNOM = 27.000000

Using SPARSE 1.3 as Direct Linear Solver

Initial Transient Solution
--------------------------

Node                                   Voltage
----                                   -------
vdda                                         0
ena                                          0
nbcorea                            2.36218e-27
sharea                             2.36218e-27
nibtmpa                            2.36218e-27
nibcmpa                            2.36218e-27
nibpora                            2.36218e-27
xbiasa.na                          1.21909e-83
xbiasa.pg                         -6.53951e-44
xbiasa.nbtop                       9.18364e-79
vrefa                             -4.17581e-81
xbiasa.nbg                          6.2003e-55
xbiasa.xrt.11                      9.18364e-79
xbiasa.xrt.21                      9.18364e-79
xbiasa.nb                          9.18364e-79
xbiasa.xr1.11                      9.18364e-79
xbiasa.xr1.21                      9.18364e-79
xbiasa.ec                          9.18364e-79
xbiasa.xr2.11                     -4.17581e-81
xbiasa.xr2.21                     -4.17585e-81
xbiasa.er                         -4.17585e-81
xbiasa.pb                         -5.20617e-57
xbiasa.nt                          2.38724e-48
xbiasa.n1                         -3.30905e-49
xbiasa.n2                         -7.45177e-47
xbiasa.nz                         -7.45178e-47
xbiasa.xrz.11                     -7.45178e-47
xbiasa.xrz.21                     -7.45177e-47
xbiasa.ks1                        -1.17161e-39
xbiasa.ks2                         1.45975e-38
xbiasa.ks3                        -1.80702e-37
xbiasa.ks4                         2.23688e-36
xbiasa.nkg                        -2.76894e-35
xbiasa.nkm                        -9.40616e-59
xbiasa.tok                        -6.99359e-48
xbiasa.noko                        3.58972e-49
xbiasa.nokl                        2.25325e-46
xbiasa.nokx                       -6.70649e-41
oka                                1.24446e-30
xtempa.nbg                        -3.33346e-27
xtempa.enb                           6.439e-96
xtempa.pb                        -3.08608e-109
xtempa.pcas                       2.78939e-156
xtempa.nt                          8.91333e-40
xtempa.n1                          3.77015e-39
xtempa.na                          5.09669e-53
xtempa.n2                          4.65075e-40
xtempa.nb                         -9.78933e-60
xtempa.pg                          3.75719e-40
xtempa.nz                          4.65075e-40
xtempa.xrz.11                      4.65075e-40
xtempa.xrz.21                      4.65075e-40
xtempa.m1d                        -2.34733e-53
xtempa.m2d                         2.87233e-59
xtempa.m3d                        -1.22786e-68
ptata                              1.62818e-74
xtempa.nd                          7.30019e-40
xtempa.nr                         -2.31859e-46
ctata                              5.09669e-53
xtempa.nc                         -9.78932e-60
xtempa.xr1.11                     -9.78933e-60
xtempa.xr1.21                     -9.78932e-60
xtempa.xr2f.11                      1.6281e-74
xtempa.xr2f.21                     2.37366e-75
xtempa.t5                          2.37292e-75
xtempa.xr2t5.11                    2.37217e-75
xtempa.xr2t5.21                     1.1678e-75
xtempa.t4                          1.16705e-75
xtempa.xr2t4.11                     1.1663e-75
xtempa.xr2t4.21                    5.64989e-76
xtempa.t3                          5.64242e-76
xtempa.xr2t3.11                    5.63495e-76
xtempa.xr2t3.21                    2.63704e-76
xtempa.t2                          2.62957e-76
xtempa.xr2t2.11                     2.6221e-76
xtempa.xr2t2.21                    1.13206e-76
xtempa.t1                          1.12459e-76
xtempa.xr2t1.11                    1.11712e-76
xtempa.xr2t1.21                    3.81545e-77
xtempa.t0                          3.74076e-77
xtempa.xr2t0.11                    3.66607e-77
xtempa.xr2t0.21                    7.46921e-79
xtempa.xriso.11                    5.09669e-53
xtempa.xriso.21                    5.09669e-53
xcmpa.bias_okb                    1.16303e-157
xcmpa.nbg                         -3.45317e-27
xcmpa.sns                                    0
xcmpa.xrtop.11                               0
xcmpa.xrtop.21                               0
xcmpa.snsb                                   0
xcmpa.xrbot.11                               0
xcmpa.xrbot.21                               0
xcmpa.xrhys.11                               0
xcmpa.xrhys.21                               0
xcmpa.n1                          -4.43391e-60
xcmpa.tn                           2.01235e-50
xcmpa.na                          -1.29206e-50
xcmpa.cmpo                        -1.24623e-50
xcmpa.vdda                        -3.47994e-51
por_rawa                           3.51471e-63
xpora.pdn                          -9.0442e-82
xpora.ndl                         -1.58564e-58
xpora.ndgp                        -4.30936e-34
xpora.ndg                         -3.63068e-33
xpora.ndgn                         6.59396e-33
xpora.pgdg                          3.6874e-29
xpora.pgdgb                        1.18803e-37
xpora.nts                          8.89987e-35
xpora.tim                          4.18056e-33
xpora.nd1                         -5.41687e-21
xpora.trip                         1.59059e-90
resetna                            3.39456e-18
xpora.rstb                        -6.59859e-24
xpora.nnand                        2.42464e-23
vddb                                         0
enb                                          0
nbcoreb                            6.23377e-27
shareb                             6.23377e-27
nibtmpb                            6.23377e-27
nibcmpb                            6.23377e-27
nibporb                            6.23377e-27
xbiasb.na                         -6.98363e-84
xbiasb.pg                         -4.41551e-44
xbiasb.nbtop                      -1.76695e-78
vrefb                             -7.79565e-81
xbiasb.nbg                          9.8593e-56
xbiasb.xrt.11                     -1.76695e-78
xbiasb.xrt.21                     -1.76695e-78
xbiasb.nb                         -1.76695e-78
xbiasb.xr1.11                     -1.76695e-78
xbiasb.xr1.21                     -1.76695e-78
xbiasb.ec                         -1.76695e-78
xbiasb.xr2.11                     -7.79565e-81
xbiasb.xr2.21                     -7.79572e-81
xbiasb.er                         -7.79572e-81
xbiasb.pb                         -3.86401e-56
xbiasb.nt                          1.60572e-48
xbiasb.n1                         -2.15567e-49
xbiasb.n2                         -5.01978e-47
xbiasb.nz                         -5.01979e-47
xbiasb.xrz.11                     -5.01979e-47
xbiasb.xrz.21                     -5.01978e-47
xbiasb.ks1                         1.79857e-39
xbiasb.ks2                         -2.2409e-38
xbiasb.ks3                           2.774e-37
xbiasb.ks4                        -3.43382e-36
xbiasb.nkg                          4.2503e-35
xbiasb.nkm                        -8.81572e-59
xbiasb.tok                         5.59516e-48
xbiasb.noko                       -2.87138e-49
xbiasb.nokl                       -1.80269e-46
xbiasb.nokx                        6.84958e-41
okb                               -1.35669e-31
xtempb.nbg                        -8.24881e-27
xtempb.enb                           6.439e-96
xtempb.pb                          -7.718e-107
xtempb.pcas                        1.5849e-156
xtempb.nt                          5.17271e-33
xtempb.n1                          2.18798e-32
xtempb.na                          9.78205e-48
xtempb.n2                          2.69868e-33
xtempb.nb                         -1.58009e-61
xtempb.pg                          5.13064e-34
xtempb.nz                          2.69868e-33
xtempb.xrz.11                      2.69868e-33
xtempb.xrz.21                      2.69868e-33
xtempb.m1d                        -4.50335e-48
xtempb.m2d                         4.46445e-61
xtempb.m3d                         1.12379e-85
ptatb                             -1.49018e-91
xtempb.nd                          1.08525e-39
xtempb.nr                          -4.9859e-54
ctatb                              9.78205e-48
xtempb.nc                         -1.58009e-61
xtempb.xr1.11                     -1.58009e-61
xtempb.xr1.21                     -1.58009e-61
xtempb.xr2f.11                    -1.49011e-91
xtempb.xr2f.21                    -2.17248e-92
xtempb.t5                          -2.1718e-92
xtempb.xr2t5.11                   -2.17111e-92
xtempb.xr2t5.21                   -1.06882e-92
xtempb.t4                         -1.06814e-92
xtempb.xr2t4.11                   -1.06745e-92
xtempb.xr2t4.21                   -5.17102e-93
xtempb.t3                         -5.16419e-93
xtempb.xr2t3.11                   -5.15735e-93
xtempb.xr2t3.21                   -2.41353e-93
xtempb.t2                          -2.4067e-93
xtempb.xr2t2.11                   -2.39986e-93
xtempb.xr2t2.21                   -1.03611e-93
xtempb.t1                         -1.02928e-93
xtempb.xr2t1.11                   -1.02244e-93
xtempb.xr2t1.21                   -3.49207e-94
xtempb.t0                         -3.42371e-94
xtempb.xr2t0.11                   -3.35535e-94
xtempb.xr2t0.21                   -6.83615e-96
xtempb.xriso.11                    9.78205e-48
xtempb.xriso.21                    9.78205e-48
xcmpb.bias_okb                    8.83222e-158
xcmpb.nbg                         -9.64666e-27
xcmpb.sns                                    0
xcmpb.xrtop.11                               0
xcmpb.xrtop.21                               0
xcmpb.snsb                                   0
xcmpb.xrbot.11                               0
xcmpb.xrbot.21                               0
xcmpb.xrhys.11                               0
xcmpb.xrhys.21                               0
xcmpb.n1                          -6.67622e-61
xcmpb.tn                           4.05052e-50
xcmpb.na                          -2.60008e-50
xcmpb.cmpo                        -2.50899e-50
xcmpb.vdda                         -7.0071e-51
por_rawb                           1.20822e-62
xporb.pdn                           5.9343e-80
xporb.ndl                         -1.18918e-58
xporb.ndgp                        -2.12786e-34
xporb.ndg                         -1.79276e-33
xporb.ndgn                         3.25596e-33
xporb.pgdg                        -5.22101e-29
xporb.pgdgb                        5.40162e-38
xporb.nts                         -3.42427e-36
xporb.tim                         -1.60849e-34
xporb.nd1                         -5.22494e-21
xporb.trip                         1.80026e-90
resetnb                            1.59981e-18
xporb.rstb                        -1.06513e-23
xporb.nnand                        3.91398e-23
vibporb#branch                     9.41312e-41
vibcmpb#branch                     5.29851e-40
vibtmpb#branch                    -6.14785e-39
vibcoreb#branch                   -5.52904e-39
venb#branch                                  0
vsupb#branch                       1.58493e-30
vibpora#branch                     3.68448e-41
vibcmpa#branch                     4.03697e-40
vibtmpa#branch                    -2.53512e-39
vibcorea#branch                      -2.09e-39
vena#branch                                  0
vsupa#branch                        3.4069e-30

 Reference value :  0.00000e+00
 Reference value :  1.89073e-05
 Reference value :  3.46602e-05
 Reference value :  4.66186e-05
 Reference value :  4.69524e-05
 Reference value :  4.78282e-05
 Reference value :  4.82644e-05
 Reference value :  4.98667e-05
 Reference value :  5.07597e-05
 Reference value :  6.29682e-05
 Reference value :  6.98444e-05
 Reference value :  8.52166e-05
 Reference value :  8.72180e-05
 Reference value :  1.06087e-04
 Reference value :  1.06207e-04
 Reference value :  1.06613e-04
 Reference value :  1.23943e-04
 Reference value :  1.29541e-04
 Reference value :  1.34362e-04
 Reference value :  3.95393e-04
No. of Data Rows : 1482
vib_a               =  6.55823e-01
vib_b               =  6.22554e-01
icore_a             =  4.38191e-07
icore_b             =  4.38283e-07
itmp_a              =  1.33338e-12
itmp_b              =  2.09229e-07
icmp_a              =  1.97250e-07
icmp_b              =  1.01490e-07
ipor_a              =  2.40940e-07
ipor_b              =  1.27564e-07
por_a               =  3.30000e+00
por_b               =  3.30000e+00
resetn_a            =  -7.20148e-09
resetn_b            =  7.10854e-10
vdda                =  3.30000e+00
vddb                =  3.30000e+00
m_vibias_asserted_v = 6.5582290000e-01
m_vibias_released_v = 6.2255430000e-01
m_ibias_core_asserted_na = 4.3819090000e+02
m_ibias_core_released_na = 4.3828310000e+02
m_ibias_temp_asserted_na = 1.3333770000e-03
m_ibias_temp_released_na = 2.0922950000e+02
m_ibias_cmp_asserted_na = 1.9724960000e+02
m_ibias_cmp_released_na = 1.0148950000e+02
m_ibias_por_asserted_na = 2.4094000000e+02
m_ibias_por_released_na = 1.2756410000e+02
m_ibias_por_asserted_frac_nom = 4.8188000000e-01
m_ibias_por_released_frac_nom = 2.5512820000e-01
m_por_raw_asserted_droop_mv = 0.0000000000e+00
m_por_raw_released_droop_mv = 0.0000000000e+00
m_resetn_asserted_v = -7.201482000e-09
m_resetn_released_v = 7.1085350000e-10
Note: Simulation executed from .control section 

Warning: m=xx on .subckt line will override multiplier m hierarchy!

