
Note: Compatibility modes selected: hs a


Circuit: * por-output-chain-ibias-sharing @ sf_-40c_3.63v -- generated by sim/harness, do not edit

Doing analysis at TEMP = -40.000000 and TNOM = 27.000000

Using SPARSE 1.3 as Direct Linear Solver

Initial Transient Solution
--------------------------

Node                                   Voltage
----                                   -------
vdda                                         0
ena                                          0
nbcorea                          -3.24606e-221
sharea                           -3.24606e-221
nibtmpa                          -3.24606e-221
nibcmpa                          -3.24606e-221
nibpora                          -3.24606e-221
xbiasa.na                                    0
xbiasa.pg                        -2.34279e-175
xbiasa.nbtop                                 0
vrefa                                        0
xbiasa.nbg                        -2.35629e-23
xbiasa.xrt.11                                0
xbiasa.xrt.21                                0
xbiasa.nb                                    0
xbiasa.xr1.11                                0
xbiasa.xr1.21                                0
xbiasa.ec                                    0
xbiasa.xr2.11                                0
xbiasa.xr2.21                                0
xbiasa.er                                    0
xbiasa.pb                         -2.35629e-23
xbiasa.nt                         2.26422e-171
xbiasa.n1                        -8.90685e-172
xbiasa.n2                        -8.90686e-172
xbiasa.nz                        -8.90686e-172
xbiasa.xrz.11                    -8.90686e-172
xbiasa.xrz.21                    -8.90686e-172
xbiasa.ks1                       -2.85144e-302
xbiasa.ks2                        4.79771e-302
xbiasa.ks3                       -5.22001e-302
xbiasa.ks4                        3.98525e-302
xbiasa.nkg                       -1.48538e-302
xbiasa.nkm                         3.70389e-23
xbiasa.tok                         8.98401e-24
xbiasa.noko                        1.57086e-23
xbiasa.nokl                        2.35634e-23
xbiasa.nokx                        3.70377e-23
oka                               -1.34725e-23
xtempa.nbg                        1.47943e-220
xtempa.enb                                   0
xtempa.pb                        -6.99897e-238
xtempa.pcas                      -7.39116e-302
xtempa.nt                         -3.06622e-22
xtempa.n1                          2.63336e-22
xtempa.na                         3.12635e-213
xtempa.n2                          1.75579e-22
xtempa.nb                        -2.06571e-181
xtempa.pg                          1.20326e-26
xtempa.nz                          1.75579e-22
xtempa.xrz.11                      1.75579e-22
xtempa.xrz.21                      1.75579e-22
xtempa.m1d                       -1.15746e-212
xtempa.m2d                        2.38342e-180
xtempa.m3d                       -1.10987e-195
ptata                             3.86587e-202
xtempa.nd                        -3.26446e-256
xtempa.nr                          1.34743e-23
ctata                             3.12635e-213
xtempa.nc                        -2.06571e-181
xtempa.xr1.11                    -2.06571e-181
xtempa.xr1.21                    -2.06571e-181
xtempa.xr2f.11                    3.86564e-202
xtempa.xr2f.21                     5.6419e-203
xtempa.t5                         5.63958e-203
xtempa.xr2t5.11                   5.63725e-203
xtempa.xr2t5.21                   2.77826e-203
xtempa.t4                         2.77594e-203
xtempa.xr2t4.11                   2.77362e-203
xtempa.xr2t4.21                   1.34618e-203
xtempa.t3                         1.34385e-203
xtempa.xr2t3.11                   1.34153e-203
xtempa.xr2t3.21                   6.29861e-204
xtempa.t2                         6.27536e-204
xtempa.xr2t2.11                   6.25212e-204
xtempa.xr2t2.21                   2.71495e-204
xtempa.t1                         2.69171e-204
xtempa.xr2t1.11                   2.66846e-204
xtempa.xr2t1.21                   9.22283e-205
xtempa.t0                         8.99039e-205
xtempa.xr2t0.11                   8.75795e-205
xtempa.xr2t0.21                    2.3244e-206
xtempa.xriso.11                   3.12635e-213
xtempa.xriso.21                   3.12635e-213
xcmpa.bias_okb                               0
xcmpa.nbg                        -3.53349e-226
xcmpa.sns                                    0
xcmpa.xrtop.11                               0
xcmpa.xrtop.21                               0
xcmpa.snsb                                   0
xcmpa.xrbot.11                               0
xcmpa.xrbot.21                               0
xcmpa.xrhys.11                               0
xcmpa.xrhys.21                               0
xcmpa.n1                                     0
xcmpa.tn                          5.63376e-208
xcmpa.na                         -1.84429e-206
xcmpa.cmpo                       -9.71313e-207
xcmpa.vdda                        6.70693e-206
por_rawa                                     0
xpora.pdn                        -1.80026e-244
xpora.ndl                         4.13364e-251
xpora.ndgp                        -3.53724e-66
xpora.ndg                          1.81425e-44
xpora.ndgn                        -7.55635e-23
xpora.pgdg                                   0
xpora.pgdgb                       7.22823e-221
xpora.nts                         -3.9306e-182
xpora.tim                          3.0856e-182
xpora.nd1                         2.54362e-195
xpora.trip                                   0
resetna                          -5.93663e-215
xpora.rstb                         5.4101e-210
xpora.nnand                      -2.89592e-211
vddb                                         0
enb                                          0
nbcoreb                          -1.53459e-172
shareb                           -1.53459e-172
nibtmpb                          -1.53459e-172
nibcmpb                          -1.53459e-172
nibporb                          -1.53459e-172
xbiasb.na                                    0
xbiasb.pg                        -2.34051e-175
xbiasb.nbtop                                 0
vrefb                                        0
xbiasb.nbg                        -2.35629e-23
xbiasb.xrt.11                                0
xbiasb.xrt.21                                0
xbiasb.nb                                    0
xbiasb.xr1.11                                0
xbiasb.xr1.21                                0
xbiasb.ec                                    0
xbiasb.xr2.11                                0
xbiasb.xr2.21                                0
xbiasb.er                                    0
xbiasb.pb                         -2.35629e-23
xbiasb.nt                         2.26426e-171
xbiasb.n1                        -8.92804e-172
xbiasb.n2                        -8.89874e-172
xbiasb.nz                        -8.89874e-172
xbiasb.xrz.11                    -8.89874e-172
xbiasb.xrz.21                    -8.89874e-172
xbiasb.ks1                       -2.92796e-302
xbiasb.ks2                        4.92655e-302
xbiasb.ks3                       -5.36039e-302
xbiasb.ks4                        4.09276e-302
xbiasb.nkg                       -1.52519e-302
xbiasb.nkm                         3.70389e-23
xbiasb.tok                         8.98401e-24
xbiasb.noko                        1.57086e-23
xbiasb.nokl                        2.35634e-23
xbiasb.nokx                        3.70398e-23
okb                               -1.34725e-23
xtempb.nbg                        6.99404e-172
xtempb.enb                                   0
xtempb.pb                         -6.58325e-78
xtempb.pcas                       -6.39772e-95
xtempb.nt                         -4.36272e-23
xtempb.n1                         -4.38071e-22
xtempb.na                         7.72096e-181
xtempb.n2                           2.6306e-22
xtempb.nb                        -4.74012e-185
xtempb.pg                           1.8027e-26
xtempb.nz                           2.6306e-22
xtempb.xrz.11                       2.6306e-22
xtempb.xrz.21                       2.6306e-22
xtempb.m1d                        1.52012e-180
xtempb.m2d                       -2.09846e-184
xtempb.m3d                       -7.39453e-215
ptatb                            -8.32375e-221
xtempb.nd                         3.67907e-292
xtempb.nr                         -1.34743e-23
ctatb                             7.72096e-181
xtempb.nc                        -4.74012e-185
xtempb.xr1.11                    -4.74012e-185
xtempb.xr1.21                    -4.74012e-185
xtempb.xr2f.11                   -8.32325e-221
xtempb.xr2f.21                   -1.21478e-221
xtempb.t5                        -1.21428e-221
xtempb.xr2t5.11                  -1.21378e-221
xtempb.xr2t5.21                  -5.98198e-222
xtempb.t4                        -5.97698e-222
xtempb.xr2t4.11                  -5.97198e-222
xtempb.xr2t4.21                   -2.8985e-222
xtempb.t3                         -2.8935e-222
xtempb.xr2t3.11                  -2.88849e-222
xtempb.xr2t3.21                  -1.35618e-222
xtempb.t2                        -1.35117e-222
xtempb.xr2t2.11                  -1.34617e-222
xtempb.xr2t2.21                  -5.84566e-223
xtempb.t1                        -5.79561e-223
xtempb.xr2t1.11                  -5.74557e-223
xtempb.xr2t1.21                   -1.9858e-223
xtempb.t0                        -1.93575e-223
xtempb.xr2t0.11                  -1.88571e-223
xtempb.xr2t0.21                  -5.00475e-225
xtempb.xriso.11                   7.72096e-181
xtempb.xriso.21                   7.72096e-181
xcmpb.bias_okb                               0
xcmpb.nbg                        -1.67045e-177
xcmpb.sns                                    0
xcmpb.xrtop.11                               0
xcmpb.xrtop.21                               0
xcmpb.snsb                                   0
xcmpb.xrbot.11                               0
xcmpb.xrbot.21                               0
xcmpb.xrhys.11                               0
xcmpb.xrhys.21                               0
xcmpb.n1                          2.72145e-121
xcmpb.tn                           2.56624e-39
xcmpb.na                          -9.51876e-38
xcmpb.cmpo                         7.96979e-38
xcmpb.vdda                        -2.46375e-37
por_rawb                           1.15252e-47
xporb.pdn                         5.97289e-155
xporb.ndl                         1.36284e-130
xporb.ndgp                         3.03869e-45
xporb.ndg                          4.27539e-44
xporb.ndgn                        -7.55635e-23
xporb.pgdg                        -2.24853e-55
xporb.pgdgb                       -1.81304e-30
xporb.nts                         -8.47948e-31
xporb.tim                          6.69899e-31
xporb.nd1                          -9.5635e-27
xporb.trip                         3.75401e-78
resetnb                              8.159e-22
xporb.rstb                         3.89913e-23
xporb.nnand                        -1.8123e-24
vibporb#branch                    1.56984e-184
vibcmpb#branch                   -4.18462e-184
vibtmpb#branch                     4.1374e-184
vibcoreb#branch                     1.535e-184
venb#branch                                  0
vsupb#branch                      -1.13495e-33
vibpora#branch                    3.31969e-233
vibcmpa#branch                   -8.85095e-233
vibtmpa#branch                    8.75209e-233
vibcorea#branch                   3.24939e-233
vena#branch                                  0
vsupa#branch                      -2.94262e-34

 Reference value :  0.00000e+00
 Reference value :  1.94928e-05
 Reference value :  3.25841e-05
 Reference value :  4.64019e-05
 Reference value :  4.67092e-05
 Reference value :  4.76664e-05
 Reference value :  4.83912e-05
 Reference value :  4.95160e-05
 Reference value :  5.03959e-05
 Reference value :  5.13004e-05
 Reference value :  5.20488e-05
 Reference value :  5.56131e-05
 Reference value :  7.16591e-05
 Reference value :  7.88238e-05
 Reference value :  9.07718e-05
 Reference value :  1.00021e-04
 Reference value :  1.03517e-04
 Reference value :  1.04019e-04
 Reference value :  1.04536e-04
 Reference value :  1.22725e-04
 Reference value :  1.26525e-04
 Reference value :  1.27839e-04
 Reference value :  2.34957e-04
No. of Data Rows : 1633
vib_a               =  8.01726e-01
vib_b               =  7.73092e-01
icore_a             =  3.92099e-07
icore_b             =  3.92193e-07
itmp_a              =  1.57990e-12
itmp_b              =  1.88699e-07
icmp_a              =  1.66326e-07
icmp_b              =  8.42749e-08
ipor_a              =  2.25771e-07
ipor_b              =  1.19219e-07
por_a               =  3.63000e+00
por_b               =  3.63000e+00
resetn_a            =  9.31098e-09
resetn_b            =  -1.14229e-09
vdda                =  3.63000e+00
vddb                =  3.63000e+00
m_vibias_asserted_v = 8.0172630000e-01
m_vibias_released_v = 7.7309190000e-01
m_ibias_core_asserted_na = 3.9209870000e+02
m_ibias_core_released_na = 3.9219300000e+02
m_ibias_temp_asserted_na = 1.5799000000e-03
m_ibias_temp_released_na = 1.8869890000e+02
m_ibias_cmp_asserted_na = 1.6632590000e+02
m_ibias_cmp_released_na = 8.4274900000e+01
m_ibias_por_asserted_na = 2.2577120000e+02
m_ibias_por_released_na = 1.1921920000e+02
m_ibias_por_asserted_frac_nom = 4.5154240000e-01
m_ibias_por_released_frac_nom = 2.3843840000e-01
m_por_raw_asserted_droop_mv = 0.0000000000e+00
m_por_raw_released_droop_mv = 0.0000000000e+00
m_resetn_asserted_v = 9.3109780000e-09
m_resetn_released_v = -1.142292000e-09
Note: Simulation executed from .control section 

Warning: m=xx on .subckt line will override multiplier m hierarchy!

