
Note: Compatibility modes selected: hs a


Circuit: * por-output-chain-ibias-sharing @ sf_125c_3.30v -- generated by sim/harness, do not edit

Doing analysis at TEMP = 125.000000 and TNOM = 27.000000

Using SPARSE 1.3 as Direct Linear Solver

Initial Transient Solution
--------------------------

Node                                   Voltage
----                                   -------
vdda                                         0
ena                                          0
nbcorea                           -6.78047e-19
sharea                            -6.78047e-19
nibtmpa                           -6.78047e-19
nibcmpa                           -6.78047e-19
nibpora                           -6.78047e-19
xbiasa.na                         -5.97538e-19
xbiasa.pg                         -8.29516e-19
xbiasa.nbtop                       1.47224e-18
vrefa                                1.158e-19
xbiasa.nbg                         4.75177e-19
xbiasa.xrt.11                      1.47224e-18
xbiasa.xrt.21                      1.47224e-18
xbiasa.nb                          1.47224e-18
xbiasa.xr1.11                      1.47224e-18
xbiasa.xr1.21                      1.47224e-18
xbiasa.ec                          1.47224e-18
xbiasa.xr2.11                        1.158e-19
xbiasa.xr2.21                        1.158e-19
xbiasa.er                            1.158e-19
xbiasa.pb                          2.21523e-19
xbiasa.nt                          8.36955e-20
xbiasa.n1                          8.37067e-20
xbiasa.n2                          8.37039e-20
xbiasa.nz                          8.37039e-20
xbiasa.xrz.11                      8.37039e-20
xbiasa.xrz.21                      8.37039e-20
xbiasa.ks1                         -3.2461e-20
xbiasa.ks2                         5.36023e-20
xbiasa.ks3                        -5.66093e-20
xbiasa.ks4                         1.61067e-21
xbiasa.nkg                         5.16136e-19
xbiasa.nkm                        -1.08722e-20
xbiasa.tok                        -5.68056e-19
xbiasa.noko                        1.24892e-18
xbiasa.nokl                       -7.23082e-19
xbiasa.nokx                       -1.64044e-19
oka                               -1.39696e-18
xtempa.nbg                        -6.93412e-19
xtempa.enb                        -2.87156e-19
xtempa.pb                          1.08915e-18
xtempa.pcas                        1.75161e-19
xtempa.nt                         -5.76997e-21
xtempa.n1                          1.91845e-19
xtempa.na                          1.09026e-19
xtempa.n2                          8.69015e-19
xtempa.nb                         -8.65519e-19
xtempa.pg                          1.42461e-18
xtempa.nz                          8.69015e-19
xtempa.xrz.11                      8.69015e-19
xtempa.xrz.21                      8.69015e-19
xtempa.m1d                         1.28355e-19
xtempa.m2d                         1.12808e-18
xtempa.m3d                        -1.06595e-18
ptata                              8.27642e-25
xtempa.nd                         -3.96218e-19
xtempa.nr                         -1.58956e-19
ctata                              1.09026e-19
xtempa.nc                         -8.65519e-19
xtempa.xr1.11                     -8.65519e-19
xtempa.xr1.21                     -8.65519e-19
xtempa.xr2f.11                     8.27603e-25
xtempa.xr2f.21                     1.20674e-25
xtempa.t5                          1.20634e-25
xtempa.xr2t5.11                    1.20595e-25
xtempa.xr2t5.21                    5.93763e-26
xtempa.t4                          5.93369e-26
xtempa.xr2t4.11                    5.92975e-26
xtempa.xr2t4.21                    2.87321e-26
xtempa.t3                          2.86927e-26
xtempa.xr2t3.11                    2.86533e-26
xtempa.xr2t3.21                    1.34146e-26
xtempa.t2                          1.33752e-26
xtempa.xr2t2.11                    1.33357e-26
xtempa.xr2t2.21                     5.7617e-27
xtempa.t1                          5.72228e-27
xtempa.xr2t1.11                    5.68286e-27
xtempa.xr2t1.21                    1.94381e-27
xtempa.t0                          1.90439e-27
xtempa.xr2t0.11                    1.86497e-27
xtempa.xr2t0.21                     3.9424e-29
xtempa.xriso.11                    1.09026e-19
xtempa.xriso.21                    1.09026e-19
xcmpa.bias_okb                    -1.32005e-18
xcmpa.nbg                         -4.38412e-19
xcmpa.sns                                    0
xcmpa.xrtop.11                               0
xcmpa.xrtop.21                               0
xcmpa.snsb                                   0
xcmpa.xrbot.11                               0
xcmpa.xrbot.21                               0
xcmpa.xrhys.11                               0
xcmpa.xrhys.21                               0
xcmpa.n1                          -1.55529e-18
xcmpa.tn                           2.71008e-19
xcmpa.na                          -1.03079e-18
xcmpa.cmpo                        -1.02922e-18
xcmpa.vdda                        -1.03899e-18
por_rawa                           9.92108e-19
xpora.pdn                         -1.71602e-22
xpora.ndl                         -5.22651e-30
xpora.ndgp                         -7.6029e-19
xpora.ndg                          5.24499e-19
xpora.ndgn                          1.2161e-19
xpora.pgdg                        -9.91601e-19
xpora.pgdgb                        1.72417e-18
xpora.nts                          1.17086e-19
xpora.tim                          1.18466e-19
xpora.nd1                           6.9567e-38
xpora.trip                         6.27641e-30
resetna                            1.57017e-18
xpora.rstb                         3.20493e-19
xpora.nnand                        1.13612e-18
vddb                                         0
enb                                          0
nbcoreb                            3.56657e-19
shareb                             3.56657e-19
nibtmpb                            3.56657e-19
nibcmpb                            3.56657e-19
nibporb                            3.56657e-19
xbiasb.na                          7.15052e-19
xbiasb.pg                         -7.70455e-19
xbiasb.nbtop                      -3.25244e-19
vrefb                              2.00534e-19
xbiasb.nbg                         1.37925e-19
xbiasb.xrt.11                     -3.25244e-19
xbiasb.xrt.21                     -3.25244e-19
xbiasb.nb                         -3.25244e-19
xbiasb.xr1.11                     -3.25244e-19
xbiasb.xr1.21                     -3.25244e-19
xbiasb.ec                         -3.25244e-19
xbiasb.xr2.11                      2.00534e-19
xbiasb.xr2.21                      2.00534e-19
xbiasb.er                          2.00534e-19
xbiasb.pb                         -3.92888e-19
xbiasb.nt                          4.02468e-20
xbiasb.n1                          4.02526e-20
xbiasb.n2                          4.02497e-20
xbiasb.nz                          4.02497e-20
xbiasb.xrz.11                      4.02497e-20
xbiasb.xrz.21                      4.02497e-20
xbiasb.ks1                        -1.88017e-20
xbiasb.ks2                         2.15379e-20
xbiasb.ks3                        -1.91456e-20
xbiasb.ks4                         3.41602e-20
xbiasb.nkg                        -2.91005e-19
xbiasb.nkm                         7.01805e-20
xbiasb.tok                         3.91211e-19
xbiasb.noko                       -8.79914e-19
xbiasb.nokl                       -9.06937e-19
xbiasb.nokx                        -5.4465e-19
okb                                1.29444e-18
xtempb.nbg                         -6.7941e-19
xtempb.enb                        -2.87156e-19
xtempb.pb                         -1.36983e-26
xtempb.pcas                       -3.13481e-56
xtempb.nt                         -4.56915e-21
xtempb.n1                          1.57974e-18
xtempb.na                         -5.12113e-20
xtempb.n2                         -6.99359e-20
xtempb.nb                         -8.47192e-19
xtempb.pg                          1.37855e-18
xtempb.nz                         -6.99359e-20
xtempb.xrz.11                     -6.99359e-20
xtempb.xrz.21                     -6.99359e-20
xtempb.m1d                        -1.79502e-19
xtempb.m2d                         4.39057e-19
xtempb.m3d                        -1.31715e-18
ptatb                              1.02268e-24
xtempb.nd                         -5.29748e-19
xtempb.nr                          6.84127e-20
ctatb                             -5.12113e-20
xtempb.nc                         -8.47192e-19
xtempb.xr1.11                     -8.47192e-19
xtempb.xr1.21                     -8.47192e-19
xtempb.xr2f.11                     1.02263e-24
xtempb.xr2f.21                     1.49111e-25
xtempb.t5                          1.49063e-25
xtempb.xr2t5.11                    1.49014e-25
xtempb.xr2t5.21                    7.33687e-26
xtempb.t4                            7.332e-26
xtempb.xr2t4.11                    7.32713e-26
xtempb.xr2t4.21                     3.5503e-26
xtempb.t3                          3.54543e-26
xtempb.xr2t3.11                    3.54056e-26
xtempb.xr2t3.21                    1.65758e-26
xtempb.t2                          1.65271e-26
xtempb.xr2t2.11                    1.64784e-26
xtempb.xr2t2.21                    7.11948e-27
xtempb.t1                          7.07077e-27
xtempb.xr2t1.11                    7.02205e-27
xtempb.xr2t1.21                    2.40189e-27
xtempb.t0                          2.35317e-27
xtempb.xr2t0.11                    2.30446e-27
xtempb.xr2t0.21                    4.87145e-29
xtempb.xriso.11                   -5.12113e-20
xtempb.xriso.21                   -5.12113e-20
xcmpb.bias_okb                     6.24641e-20
xcmpb.nbg                          3.78707e-19
xcmpb.sns                                    0
xcmpb.xrtop.11                               0
xcmpb.xrtop.21                               0
xcmpb.snsb                                   0
xcmpb.xrbot.11                               0
xcmpb.xrbot.21                               0
xcmpb.xrhys.11                               0
xcmpb.xrhys.21                               0
xcmpb.n1                           9.73592e-20
xcmpb.tn                           8.84849e-19
xcmpb.na                           1.50784e-18
xcmpb.cmpo                         1.49312e-18
xcmpb.vdda                         1.52395e-18
por_rawb                           1.87392e-18
xporb.pdn                          -1.2972e-20
xporb.ndl                           1.4166e-73
xporb.ndgp                         3.47821e-18
xporb.ndg                          2.72017e-18
xporb.ndgn                         4.53998e-19
xporb.pgdg                         2.50561e-18
xporb.pgdgb                        2.32382e-18
xporb.nts                          -7.5114e-19
xporb.tim                         -7.26943e-19
xporb.nd1                         -4.06424e-22
xporb.trip                        -6.34634e-20
resetnb                            1.90256e-18
xporb.rstb                        -2.37495e-18
xporb.nnand                        -2.5564e-18
vibporb#branch                     2.10532e-31
vibcmpb#branch                     1.13205e-30
vibtmpb#branch                    -1.92475e-31
vibcoreb#branch                    1.14887e-30
venb#branch                                  0
vsupb#branch                       3.36902e-28
vibpora#branch                     -2.9898e-31
vibcmpa#branch                    -1.70315e-30
vibtmpa#branch                    -1.22718e-30
vibcorea#branch                     -3.227e-30
vena#branch                                  0
vsupa#branch                      -2.08631e-30

 Reference value :  0.00000e+00
 Reference value :  1.67591e-05
 Reference value :  3.69795e-05
 Reference value :  3.80728e-05
 Reference value :  3.93109e-05
 Reference value :  3.99104e-05
 Reference value :  4.35960e-05
 Reference value :  5.13066e-05
 Reference value :  5.96414e-05
 Reference value :  6.02640e-05
 Reference value :  1.02895e-04
 Reference value :  1.03890e-04
 Reference value :  1.04198e-04
 Reference value :  1.05203e-04
 Reference value :  1.14390e-04
 Reference value :  1.19649e-04
 Reference value :  1.23657e-04
 Reference value :  3.03555e-04
No. of Data Rows : 1224
vib_a               =  6.80254e-01
vib_b               =  6.34571e-01
icore_a             =  8.17387e-07
icore_b             =  8.17571e-07
itmp_a              =  5.54992e-12
itmp_b              =  3.90863e-07
icmp_a              =  3.94372e-07
icmp_b              =  2.03982e-07
ipor_a              =  4.23010e-07
ipor_b              =  2.22726e-07
por_a               =  3.30000e+00
por_b               =  3.30000e+00
resetn_a            =  1.37653e-09
resetn_b            =  6.19774e-10
vdda                =  3.30000e+00
vddb                =  3.30000e+00
m_vibias_asserted_v = 6.8025350000e-01
m_vibias_released_v = 6.3457060000e-01
m_ibias_core_asserted_na = 8.1738680000e+02
m_ibias_core_released_na = 8.1757120000e+02
m_ibias_temp_asserted_na = 5.5499180000e-03
m_ibias_temp_released_na = 3.9086260000e+02
m_ibias_cmp_asserted_na = 3.9437160000e+02
m_ibias_cmp_released_na = 2.0398240000e+02
m_ibias_por_asserted_na = 4.2300960000e+02
m_ibias_por_released_na = 2.2272610000e+02
m_ibias_por_asserted_frac_nom = 8.4601920000e-01
m_ibias_por_released_frac_nom = 4.4545220000e-01
m_por_raw_asserted_droop_mv = 0.0000000000e+00
m_por_raw_released_droop_mv = 0.0000000000e+00
m_resetn_asserted_v = 1.3765260000e-09
m_resetn_released_v = 6.1977390000e-10
Note: Simulation executed from .control section 

Warning: m=xx on .subckt line will override multiplier m hierarchy!

