
Note: Compatibility modes selected: hs a


Circuit: * por-brownout @ fs_27c_2.97v -- generated by sim/harness, do not edit

Doing analysis at TEMP = 27.000000 and TNOM = 27.000000

Using SPARSE 1.3 as Direct Linear Solver

Initial Transient Solution
--------------------------

Node                                   Voltage
----                                   -------
vdd                                          0
ptat                              1.10135e-187
ctat                               3.54131e-36
resetn                            -2.39731e-19
xdut.xtemp__pg                     5.03067e-22
xdut.xtemp__nz                     9.50886e-22
xdut.xbias__nbg                    6.98528e-30
xdut.xbias__pb                     3.22251e-27
xdut.xbias__n1                     4.95748e-28
xdut.xbias__n2                     4.86199e-26
xdut.xbias__pg                     3.56855e-23
xdut.xbias__ks1                    6.44464e-26
xdut.xbias__ks2                   -7.59067e-25
xdut.xbias__ks3                    9.30319e-24
xdut.xbias__ks4                   -1.14825e-22
xdut.xbias__nkg                    1.41812e-21
xdut.xbias__nkm                    -4.5546e-28
xdut.xbias__nokl                  -3.33191e-27
xdut.xbias__noko                  -2.97089e-24
xdut.xbias__nokx                   2.66883e-27
xdut.bias_ok                       1.70806e-21
xdut.xcmp__na                      2.75293e-18
xdut.xcmp__sns                               0
xdut.xcmp__tn                      8.89682e-19
xdut.xcmp__cmpo                    2.47455e-18
xdut.vref                           4.3732e-68
xdut.xcmp__nbg                    -4.39157e-21
xdut.ibias                         -2.6587e-18
xdut.xcmp__bias_okb                          0
xdut.xcmp__snsb                              0
xdut.xcmp__n1                     -8.04381e-19
xdut.por_raw                                 0
xdut.xpor__pdn                    -2.04957e-77
xdut.xpor__ndl                     3.08615e-33
xdut.xpor__ndgn                    8.76765e-32
xdut.xpor__ndg                    -1.41413e-31
xdut.xpor__pgdg                    1.05692e-24
xdut.xpor__pgdgb                  -3.11498e-18
xdut.xpor__tim                    -3.58042e-24
xdut.xpor__nd1                     3.07284e-24
xdut.xpor__trip                    3.85832e-23
xdut.xpor__rstb                    3.81539e-20
xdut.xpor__nnand                   -1.3581e-19
xdut.xtemp__n1                      7.8253e-22
xdut.xtemp__n2                     9.50886e-22
xdut.xtemp__nbg                   -5.06743e-21
xdut.xtemp__enb                              0
xdut.xtemp__pb                    -7.61201e-21
xdut.xtemp__pcas                  -2.25635e-20
xdut.xtemp__nd                     3.84258e-18
xdut.xtemp__nr                     2.42895e-19
xdut.xtemp__nt                     7.24286e-22
xdut.xtemp__t5                    1.62206e-188
xdut.xtemp__t4                    7.96729e-189
xdut.xtemp__t3                    3.86489e-189
xdut.xtemp__t2                    1.81499e-189
xdut.xtemp__t1                     7.8585e-190
xdut.xtemp__t0                    2.66034e-190
xdut.xbias__na                     1.34022e-69
xdut.xbias__nbtop                 -1.31869e-62
xdut.xbias__nt                    -2.15393e-29
xdut.xbias__nb                    -1.31869e-62
xdut.xbias__tok                    7.13555e-28
xdut.xcmp__vdda                   -3.99446e-22
xdut.xpor__ndgp                    8.62888e-35
xdut.xpor__nts                     2.63164e-27
xdut.xtemp__na                     3.54131e-36
xdut.xtemp__nb                     -6.9907e-62
xdut.xtemp__m1d                    -1.2946e-38
xdut.xtemp__m2d                   -6.23447e-65
xdut.xtemp__m3d                    4.8766e-182
xdut.xbias__ec                    -1.31869e-62
xdut.xbias__er                     4.37323e-68
xdut.xtemp__nc                     -6.9907e-62
xdut.xbias__nz                       4.862e-26
xdut.x162.11                       -6.9907e-62
xdut.x162.21                       -6.9907e-62
xdut.xtemp__xr1__1                 -6.9907e-62
xdut.x163.11                       -6.9907e-62
xdut.x163.21                       -6.9907e-62
xdut.x164.11                       3.54131e-36
xdut.x164.21                       3.54131e-36
xdut.xtemp__xriso__1               3.54131e-36
xdut.x165.11                       3.54131e-36
xdut.x165.21                       3.54131e-36
xdut.x166.11                       9.50886e-22
xdut.x166.21                       9.50886e-22
xdut.xtemp__xrz__1                 9.50886e-22
xdut.xtemp__xrz__2                 9.50886e-22
xdut.x167.11                       9.50886e-22
xdut.x167.21                       9.50886e-22
xdut.x168.11                       9.50886e-22
xdut.x168.21                       9.50886e-22
xdut.xtemp__xrz__3                 9.50886e-22
xdut.xtemp__xrz__4                 9.50886e-22
xdut.x169.11                       9.50886e-22
xdut.x169.21                       9.50886e-22
xdut.x170.11                       9.50886e-22
xdut.x170.21                       9.50886e-22
xdut.xtemp__xrz__5                 9.50886e-22
xdut.xtemp__xrz__6                 9.50886e-22
xdut.x171.11                       9.50886e-22
xdut.x171.21                       9.50886e-22
xdut.x172.11                       9.50886e-22
xdut.x172.21                       9.50886e-22
xdut.xtemp__xrz__7                 9.50886e-22
xdut.xtemp__xrz__8                 9.50886e-22
xdut.x173.11                       9.50886e-22
xdut.x173.21                       9.50886e-22
xdut.x174.11                       9.50886e-22
xdut.x174.21                       9.50886e-22
xdut.xtemp__xrz__9                 9.50886e-22
xdut.x175.11                       9.50886e-22
xdut.x175.21                       9.50886e-22
xdut.x176.11                      1.10129e-187
xdut.x176.21                      1.06228e-187
xdut.xtemp__xr2f__1               1.06221e-187
xdut.xtemp__xr2f__2               1.02308e-187
xdut.x177.11                      1.02314e-187
xdut.x177.21                      1.06215e-187
xdut.x178.11                      1.02302e-187
xdut.x178.21                      9.84014e-188
xdut.xtemp__xr2f__3               9.83953e-188
xdut.xtemp__xr2f__4               9.44823e-188
xdut.x179.11                      9.44883e-188
xdut.x179.21                      9.83893e-188
xdut.x180.11                      9.44762e-188
xdut.x180.21                      9.05752e-188
xdut.xtemp__xr2f__5               9.05692e-188
xdut.xtemp__xr2f__6               8.66561e-188
xdut.x181.11                      8.66621e-188
xdut.x181.21                      9.05631e-188
xdut.x182.11                      8.66501e-188
xdut.x182.21                       8.2749e-188
xdut.xtemp__xr2f__7                8.2743e-188
xdut.xtemp__xr2f__8               7.88299e-188
xdut.x183.11                       7.8836e-188
xdut.x183.21                       8.2737e-188
xdut.x184.11                      7.88239e-188
xdut.x184.21                      7.49229e-188
xdut.xtemp__xr2f__9               7.49168e-188
xdut.xtemp__xr2f__10              7.10038e-188
xdut.x185.11                      7.10098e-188
xdut.x185.21                      7.49108e-188
xdut.x186.11                      7.09977e-188
xdut.x186.21                      6.70967e-188
xdut.xtemp__xr2f__11              6.70907e-188
xdut.xtemp__xr2f__12              6.31776e-188
xdut.x187.11                      6.31836e-188
xdut.x187.21                      6.70846e-188
xdut.x188.11                      6.31716e-188
xdut.x188.21                      5.92705e-188
xdut.xtemp__xr2f__13              5.92645e-188
xdut.xtemp__xr2f__14              5.53514e-188
xdut.x189.11                      5.53575e-188
xdut.x189.21                      5.92585e-188
xdut.x190.11                      5.53454e-188
xdut.x190.21                      5.14444e-188
xdut.xtemp__xr2f__15              5.14384e-188
xdut.xtemp__xr2f__16              4.75253e-188
xdut.x191.11                      4.75313e-188
xdut.x191.21                      5.14323e-188
xdut.x192.11                      4.75192e-188
xdut.x192.21                      4.36182e-188
xdut.xtemp__xr2f__17              4.36122e-188
xdut.xtemp__xr2f__18              3.96991e-188
xdut.x193.11                      3.97051e-188
xdut.x193.21                      4.36062e-188
xdut.x194.11                      3.96931e-188
xdut.x194.21                      3.57921e-188
xdut.xtemp__xr2f__19               3.5786e-188
xdut.xtemp__xr2f__20              3.18729e-188
xdut.x195.11                       3.1879e-188
xdut.x195.21                        3.578e-188
xdut.x196.11                      3.18669e-188
xdut.x196.21                      2.79659e-188
xdut.xtemp__xr2f__21              2.79599e-188
xdut.xtemp__xr2f__22              2.40468e-188
xdut.x197.11                      2.40528e-188
xdut.x197.21                      2.79538e-188
xdut.x198.11                      2.40407e-188
xdut.x198.21                      2.01397e-188
xdut.xtemp__xr2f__23              2.01337e-188
xdut.x199.11                      1.62266e-188
xdut.x199.21                      2.01277e-188
xdut.x200.11                      1.62145e-188
xdut.x200.21                      1.21001e-188
xdut.xtemp__xr2t5__1               1.2094e-188
xdut.x201.11                      7.97341e-189
xdut.x201.21                      1.20878e-188
xdut.x202.11                      7.96121e-189
xdut.x202.21                      5.92217e-189
xdut.xtemp__xr2t4__1              5.91609e-189
xdut.x203.11                      3.87097e-189
xdut.x203.21                      5.91001e-189
xdut.x204.11                      3.85883e-189
xdut.x204.21                        2.846e-189
xdut.xtemp__xr2t3__1              2.83994e-189
xdut.x205.11                      1.82105e-189
xdut.x205.21                      2.83388e-189
xdut.x206.11                      1.80895e-189
xdut.x206.21                      1.30647e-189
xdut.xtemp__xr2t2__1              1.30042e-189
xdut.x207.11                      7.91895e-190
xdut.x207.21                      1.29437e-189
xdut.x208.11                       7.7981e-190
xdut.x208.21                      5.31981e-190
xdut.xtemp__xr2t1__1              5.25942e-190
xdut.x209.11                      2.72074e-190
xdut.x209.21                      5.19902e-190
xdut.x210.11                      2.59997e-190
xdut.x210.21                      1.39054e-190
xdut.xtemp__xr2t0__1              1.33017e-190
xdut.x211.11                      6.03684e-192
xdut.x211.21                       1.2698e-190
xdut.x212.11                                 0
xdut.x212.21                                 0
xdut.x213.11                                 0
xdut.x213.21                                 0
xdut.x214.11                                 0
xdut.x214.21                                 0
xdut.x215.11                        4.3732e-68
xdut.x215.21                        4.3732e-68
xdut.xbias__xr2__1                  4.3732e-68
xdut.xbias__xr2__2                  4.3732e-68
xdut.x216.11                        4.3732e-68
xdut.x216.21                        4.3732e-68
xdut.x217.11                        4.3732e-68
xdut.x217.21                       4.37321e-68
xdut.xbias__xr2__3                 4.37321e-68
xdut.xbias__xr2__4                 4.37321e-68
xdut.x218.11                       4.37321e-68
xdut.x218.21                       4.37321e-68
xdut.x219.11                       4.37321e-68
xdut.x219.21                       4.37321e-68
xdut.xbias__xr2__5                 4.37321e-68
xdut.xbias__xr2__6                 4.37321e-68
xdut.x220.11                       4.37321e-68
xdut.x220.21                       4.37321e-68
xdut.x221.11                       4.37321e-68
xdut.x221.21                       4.37321e-68
xdut.xbias__xr2__7                 4.37321e-68
xdut.xbias__xr2__8                 4.37321e-68
xdut.x222.11                       4.37321e-68
xdut.x222.21                       4.37321e-68
xdut.x223.11                       4.37321e-68
xdut.x223.21                       4.37322e-68
xdut.xbias__xr2__9                 4.37322e-68
xdut.xbias__xr2__10                4.37322e-68
xdut.x224.11                       4.37322e-68
xdut.x224.21                       4.37322e-68
xdut.x225.11                       4.37322e-68
xdut.x225.21                       4.37322e-68
xdut.xbias__xr2__11                4.37322e-68
xdut.xbias__xr2__12                4.37322e-68
xdut.x226.11                       4.37322e-68
xdut.x226.21                       4.37322e-68
xdut.x227.11                       4.37322e-68
xdut.x227.21                       4.37322e-68
xdut.xbias__xr2__13                4.37322e-68
xdut.xbias__xr2__14                4.37322e-68
xdut.x228.11                       4.37322e-68
xdut.x228.21                       4.37322e-68
xdut.x229.11                       4.37322e-68
xdut.x229.21                       4.37323e-68
xdut.xbias__xr2__15                4.37323e-68
xdut.x230.11                       4.37323e-68
xdut.x230.21                       4.37323e-68
xdut.x231.11                         4.862e-26
xdut.x231.21                         4.862e-26
xdut.xbias__xrz__1                   4.862e-26
xdut.xbias__xrz__2                   4.862e-26
xdut.x232.11                         4.862e-26
xdut.x232.21                         4.862e-26
xdut.x233.11                         4.862e-26
xdut.x233.21                       4.86199e-26
xdut.xbias__xrz__3                 4.86199e-26
xdut.x234.11                       4.86199e-26
xdut.x234.21                       4.86199e-26
xdut.x235.11                      -1.31869e-62
xdut.x235.21                      -1.31869e-62
xdut.xbias__xr1__1                -1.31869e-62
xdut.x236.11                      -1.31869e-62
xdut.x236.21                      -1.31869e-62
xdut.x237.11                      -1.31869e-62
xdut.x237.21                      -1.31869e-62
xdut.xbias__xrt__1                -1.31869e-62
xdut.x238.11                      -1.31869e-62
xdut.x238.21                      -1.31869e-62
xdut.xbias__nt__par               -2.15393e-29
xdut.xtemp__xrz__2__par            9.50886e-22
xdut.xtemp__xrz__4__par            9.50886e-22
xdut.xtemp__xrz__6__par            9.50886e-22
xdut.xtemp__xrz__8__par            9.50886e-22
xdut.xbias__n1__par                4.95748e-28
xdut.xtemp__xr2f__2__par          1.02308e-187
xdut.xtemp__xr2f__4__par          9.44823e-188
xdut.xtemp__xr2f__6__par          8.66561e-188
xdut.xtemp__xr2f__8__par          7.88299e-188
xdut.xtemp__xr2f__10__par         7.10038e-188
xdut.xtemp__xr2f__12__par         6.31776e-188
xdut.xtemp__xr2f__14__par         5.53514e-188
xdut.xtemp__xr2f__16__par         4.75253e-188
xdut.xtemp__xr2f__18__par         3.96991e-188
xdut.xtemp__xr2f__20__par         3.18729e-188
xdut.xbias__n2__par                4.86199e-26
xdut.xtemp__xr2f__22__par         2.40468e-188
xdut.xtemp__xr2t0__1__par         1.33017e-190
xdut.xtemp__xr2t1__1__par         5.25942e-190
xdut.xbias__tok__par               7.13555e-28
xdut.xtemp__xr2t2__1__par         1.30042e-189
xdut.xtemp__xr2t3__1__par         2.83994e-189
xdut.xbias__noko__par             -2.97089e-24
xdut.xtemp__xriso__1__par          3.54131e-36
xdut.xtemp__xr2t4__1__par         5.91609e-189
xdut.xtemp__xr1__1__par            -6.9907e-62
xdut.xtemp__xrz__1__par            9.50886e-22
xdut.xtemp__xrz__3__par            9.50886e-22
xdut.xtemp__xrz__5__par            9.50886e-22
xdut.xbias__nokl__par             -3.33191e-27
xdut.xtemp__xrz__7__par            9.50886e-22
xdut.xtemp__xrz__9__par            9.50886e-22
xdut.xtemp__xr2f__1__par          1.06221e-187
xdut.xtemp__xr2f__3__par          9.83953e-188
xdut.xtemp__xr2f__5__par          9.05692e-188
xdut.xtemp__xr2f__7__par           8.2743e-188
xdut.xtemp__xr2f__9__par          7.49168e-188
xdut.xtemp__xr2f__11__par         6.70907e-188
xdut.xtemp__xr2f__13__par         5.92645e-188
xdut.xtemp__xr2f__15__par         5.14384e-188
xdut.xbias__nkg__par               1.41812e-21
xdut.xtemp__xr2f__17__par         4.36122e-188
xdut.xtemp__xr2f__19__par          3.5786e-188
xdut.xtemp__xr2f__21__par         2.79599e-188
xdut.xtemp__xr2f__23__par         2.01337e-188
xdut.xtemp__xr2t5__1__par          1.2094e-188
xdut.xbias__nb__par               -1.31869e-62
xdut.xcmp__vdda__par              -3.99446e-22
xdut.xcmp__na__par                 2.75293e-18
xdut.xcmp__cmpo__par               2.47455e-18
xdut.xcmp__n1__par                -8.04381e-19
xdut.xcmp__tn__par                 8.89682e-19
xdut.xcmp__sns__par                          0
xdut.xcmp__nbg__par               -4.39157e-21
xdut.xcmp__snsb__par                         0
xdut.xpor__pdn__par               -2.04957e-77
xdut.xpor__ndl__par                3.08615e-33
xdut.xpor__ndgn__par               8.76765e-32
xdut.xpor__pgdg__par               1.05692e-24
xdut.xpor__pgdgb__par             -3.11498e-18
xdut.xpor__nd1__par                3.07284e-24
xdut.xpor__nnand__par              -1.3581e-19
xdut.xpor__ndgp__par               8.62888e-35
xdut.xpor__nts__par                2.63164e-27
xdut.xpor__rstb__par               3.81539e-20
xdut.xbias__nkm__par               -4.5546e-28
xdut.xbias__nokx__par              2.66883e-27
xdut.xbias__ks1__par               6.44464e-26
xdut.xbias__ks2__par              -7.59067e-25
xdut.xbias__ks3__par               9.30319e-24
xdut.xbias__ks4__par              -1.14825e-22
xdut.xbias__ec__par               -1.31869e-62
xdut.xbias__nz__par                  4.862e-26
xdut.xpor__ndg__par               -1.41413e-31
xdut.xpor__tim__par               -3.58042e-24
xdut.xpor__trip__par               3.85832e-23
xdut.xbias__xr2__2__par             4.3732e-68
xdut.xbias__xr2__4__par            4.37321e-68
xdut.xbias__xr2__6__par            4.37321e-68
xdut.xbias__xr2__8__par            4.37321e-68
xdut.xbias__xr2__10__par           4.37322e-68
xdut.xbias__xr2__12__par           4.37322e-68
xdut.xbias__pg__par                3.56855e-23
xdut.xbias__xr2__14__par           4.37322e-68
xdut.xbias__xrz__2__par              4.862e-26
xdut.xbias__xrt__1__par           -1.31869e-62
xdut.xbias__na__par                1.34022e-69
xdut.xbias__er__par                4.37323e-68
xdut.xbias__nbtop__par            -1.31869e-62
xdut.xbias__nbg__par               6.98528e-30
xdut.xbias__xrz__1__par              4.862e-26
xdut.xbias__xrz__3__par            4.86199e-26
xdut.xbias__xr1__1__par           -1.31869e-62
xdut.xbias__xr2__13__par           4.37322e-68
xdut.xbias__xr2__11__par           4.37322e-68
xdut.xbias__xr2__1__par             4.3732e-68
xdut.xbias__xr2__3__par            4.37321e-68
xdut.xbias__xr2__5__par            4.37321e-68
xdut.xbias__xr2__7__par            4.37321e-68
xdut.xbias__xr2__9__par            4.37322e-68
xdut.xbias__pb__par                3.22251e-27
xdut.xbias__xr2__15__par           4.37323e-68
xdut.bias_ok__par                  1.70806e-21
xdut.xcmp__bias_okb__par                     0
xdut.ctat__par                     3.54131e-36
xdut.resetn__par                  -2.39731e-19
xdut.xtemp__enb__par                         0
xdut.ibias__par                    -2.6587e-18
xdut.xtemp__m1d__par               -1.2946e-38
xdut.xtemp__m2d__par              -6.23447e-65
xdut.xtemp__m3d__par               4.8766e-182
xdut.xtemp__n1__par                 7.8253e-22
xdut.xtemp__n2__par                9.50886e-22
xdut.xtemp__na__par                3.54131e-36
xdut.xtemp__nb__par                -6.9907e-62
xdut.xtemp__nbg__par              -5.06743e-21
xdut.xtemp__nc__par                -6.9907e-62
xdut.xtemp__nd__par                3.84258e-18
xdut.xtemp__nr__par                2.42895e-19
xdut.xtemp__nt__par                7.24286e-22
xdut.xtemp__nz__par                9.50886e-22
xdut.xtemp__pb__par               -7.61201e-21
xdut.xtemp__pcas__par             -2.25635e-20
xdut.xtemp__pg__par                5.03067e-22
xdut.por_raw__par                            0
xdut.ptat__par                    1.10135e-187
xdut.xtemp__t0__par               2.66034e-190
xdut.xtemp__t1__par                7.8585e-190
xdut.xtemp__t2__par               1.81499e-189
xdut.xtemp__t3__par               3.86489e-189
xdut.xtemp__t4__par               7.96729e-189
xdut.xtemp__t5__par               1.62206e-188
xdut.vdd__par                                0
xdut.vref__par                      4.3732e-68
xdut.vss__par                                0
vsup#branch                        2.56586e-30

 Reference value :  0.00000e+00
 Reference value :  2.27520e-04
 Reference value :  4.02379e-04
 Reference value :  4.81425e-04
 Reference value :  5.06510e-04
 Reference value :  5.39178e-04
 Reference value :  9.44005e-04
 Reference value :  9.58209e-04
 Reference value :  2.36313e-03
 Reference value :  5.86313e-03
 Reference value :  9.00341e-03
 Reference value :  9.04477e-03
 Reference value :  9.04836e-03
 Reference value :  9.05081e-03
 Reference value :  1.13383e-02
 Reference value :  1.47583e-02
 Reference value :  1.81783e-02
 Reference value :  2.00041e-02
 Reference value :  2.00525e-02
 Reference value :  2.00554e-02
 Reference value :  2.00568e-02
 Reference value :  2.00649e-02
 Reference value :  2.00712e-02
 Reference value :  2.03840e-02
 Reference value :  2.39040e-02
 Reference value :  2.74440e-02
 Reference value :  2.81829e-02
 Reference value :  2.81842e-02
 Reference value :  2.81871e-02
 Reference value :  2.88338e-02
 Reference value :  3.23738e-02
 Reference value :  3.58338e-02
 Reference value :  3.93138e-02
 Reference value :  4.27338e-02
 Reference value :  4.62938e-02
 Reference value :  4.97338e-02
 Reference value :  5.31338e-02
No. of Data Rows : 4490
vrst_pre            =  2.97000e+00
vdd_dip             =  1.00000e+00
vrst_dip            =  1.00000e+00
treassert           =  2.00568e-02
trel2               =  2.81830e-02
trel2_last          =  2.81830e-02
vrst_final          =  2.97000e+00
m_resetn_pre_dip_v = 2.9700000000e+00
m_vdd_dip_v = 1.0000000000e+00
m_resetn_floor_in_dip_mv = 9.9999970000e+02
m_t_reassert_us = 5.6820000000e+01
m_t_pulse_regen_ms = 8.1261500000e+00
m_release_chatter_us = 0.0000000000e+00
m_resetn_final_v = 2.9700000000e+00
Note: Simulation executed from .control section 

Warning: m=xx on .subckt line will override multiplier m hierarchy!

