
Note: Compatibility modes selected: hs a


Circuit: * por-output-chain-deglitch @ ss_125c_2.97v -- generated by sim/harness, do not edit

Doing analysis at TEMP = 125.000000 and TNOM = 27.000000

Using SPARSE 1.3 as Direct Linear Solver

Initial Transient Solution
--------------------------

Node                                   Voltage
----                                   -------
vdd                                          0
por_raw                                      0
nib1                               3.71824e-28
ibias1                             3.71824e-28
nib2                               3.71824e-28
ibias2                             3.71824e-28
vdd1                                         0
vdd2                                         0
resetn1                           -3.76499e-18
resetn2                            4.22646e-18
xdut1.pdn                         -2.47056e-20
xdut1.pgdgb                        1.76263e-19
xdut1.pgdg                         1.22095e-18
xdut1.nd1                          -1.3051e-18
xdut1.ndl                          2.86375e-21
xdut1.ndg                         -1.25418e-18
xdut1.ndgn                        -6.35064e-20
xdut1.tim                          9.58346e-19
xdut1.trip                        -5.58757e-19
xdut1.rstb                        -3.35899e-19
xdut1.nnand                        1.26235e-18
xdut1.nts                         -5.55623e-19
xdut1.ndgp                        -4.16866e-19
xdut1.ndgn__par                   -6.35064e-20
xdut1.ndg__par                    -1.25418e-18
xdut1.pgdg__par                    1.22095e-18
xdut1.tim__par                     9.58346e-19
xdut1.trip__par                   -5.58757e-19
xdut1.nnand__par                   1.26235e-18
xdut1.ndgp__par                   -4.16866e-19
xdut1.rstb__par                   -3.35899e-19
xdut1.pdn__par                    -2.47056e-20
xdut1.ndl__par                     2.86375e-21
xdut1.pgdgb__par                   1.76263e-19
xdut1.nd1__par                     -1.3051e-18
xdut1.nts__par                    -5.55623e-19
xdut1.ibias__par                   3.71824e-28
xdut1.por_raw__par                           0
xdut1.resetn__par                 -3.76499e-18
xdut1.vdd__par                               0
xdut1.vss__par                               0
xdut2.pdn                         -2.47056e-20
xdut2.pgdgb                        1.76263e-19
xdut2.pgdg                         1.22095e-18
xdut2.nd1                          1.26499e-18
xdut2.ndl                          2.86375e-21
xdut2.ndg                         -1.25418e-18
xdut2.ndgn                        -6.35064e-20
xdut2.tim                         -3.02097e-19
xdut2.trip                         -6.1086e-19
xdut2.rstb                         1.03788e-18
xdut2.nnand                       -8.84697e-19
xdut2.nts                         -7.39785e-19
xdut2.ndgp                        -4.16866e-19
xdut2.ndgn__par                   -6.35064e-20
xdut2.ndg__par                    -1.25418e-18
xdut2.pgdg__par                    1.22095e-18
xdut2.tim__par                    -3.02097e-19
xdut2.trip__par                    -6.1086e-19
xdut2.nnand__par                  -8.84697e-19
xdut2.ndgp__par                   -4.16866e-19
xdut2.rstb__par                    1.03788e-18
xdut2.pdn__par                    -2.47056e-20
xdut2.ndl__par                     2.86375e-21
xdut2.pgdgb__par                   1.76263e-19
xdut2.nd1__par                     1.26499e-18
xdut2.nts__par                    -7.39785e-19
xdut2.ibias__par                   3.71824e-28
xdut2.por_raw__par                           0
xdut2.resetn__par                  4.22646e-18
xdut2.vdd__par                               0
xdut2.vss__par                               0
vd2#branch                        -3.44203e-29
vd1#branch                         3.37183e-29
vib2#branch                                  0
vib1#branch                                  0
vpr#branch                                   0
vsup#branch                        7.02075e-31

 Reference value :  5.29654e-05
 Reference value :  3.11258e-04
 Reference value :  1.00309e-03
 Reference value :  1.76272e-03
 Reference value :  4.24072e-03
 Reference value :  6.55653e-03
 Reference value :  8.61075e-03
 Reference value :  1.09999e-02
 Reference value :  1.12038e-02
 Reference value :  1.20030e-02
 Reference value :  1.20226e-02
 Reference value :  1.31011e-02
No. of Data Rows : 11255
tpgr1               =  3.11281e-04
trel1               =  6.55810e-03
pgdgmin1            =  2.96786e+00 at=  1.20103e-03
vmax_chat1          =  1.46938e-09 at=  1.19994e-03
timpre1             =  2.79107e-01
timlo1              =  2.79461e-01 at=  9.99900e-04
pgdgminw            =  2.96749e+00 at=  1.30011e-02
timpre3             =  3.95108e-01
timlo3              =  3.95463e-01 at=  1.29999e-02
vmin_hold1          =  2.97000e+00 at=  1.10011e-02
tpgf1               =  1.20029e-02
tpgf2               =  1.20054e-02
tasrt1              =  1.20028e-02
tvalid1             =  1.20028e-02
vmin_dip1           =  -2.17356e-06 at=  1.20029e-02
vmax_after1         =  1.14283e-09 at=  1.20502e-02
iasrt1              =  2.92493e-08 from=  1.50000e-04 to=  2.90463e-04
m_dwell_pgdg_1x_us = 2.8500000000e+00
m_dwell_pgdg_halfib_us = 5.4100000000e+00
m_dwell_resetn_1x_us = 2.8400000000e+00
m_reassert_validlow_us = 2.8400000000e+00
m_dwell_rise_1x_us = 1.1180700000e+01
m_tpulse_after_chatter_ms = 6.2579960000e+00
m_pgdg_min_during_chatter = 2.9678600000e+00
m_resetn_max_during_chatter = 1.4693790000e-09
m_resetn_min_after_release = 2.9700000000e+00
m_resetn_min_during_dip = -2.173562000e-06
m_resetn_max_after_dip = 1.1428280000e-09
m_pgdg_min_during_wide_chatter = 2.9674940000e+00
m_tim_min_during_wide_chatter_v = 3.9546300000e-01
m_tim_loss_wide_pct = -8.979818693e-02
m_tim_loss_1us_pct = -1.267615575e-01
m_iq_asserted_1x_na = 2.9249350000e+01
Note: Simulation executed from .control section 

Warning: m=xx on .subckt line will override multiplier m hierarchy!

