
Note: Compatibility modes selected: hs a


Circuit: * por-output-chain-pulse @ fs_-40c_3.63v -- generated by sim/harness, do not edit

Doing analysis at TEMP = -40.000000 and TNOM = 27.000000

Using SPARSE 1.3 as Direct Linear Solver

Initial Transient Solution
--------------------------

Node                                   Voltage
----                                   -------
vdd                                          0
por_raw                                      0
nib1                             -3.22841e-116
ibias1                           -3.22841e-116
nib2                             -3.22841e-116
ibias2                           -3.22841e-116
vdd1                                         0
vdd2                                         0
resetn1                            8.94714e-33
resetn2                            7.68205e-33
xdut1.pdn                        -4.39718e-146
xdut1.pgdgb                        1.34458e-22
xdut1.pgdg                        -1.02453e-44
xdut1.nd1                         1.40575e-112
xdut1.ndl                        -1.76661e-114
xdut1.ndg                          1.59546e-56
xdut1.ndgn                         4.20957e-55
xdut1.tim                          1.00523e-24
xdut1.trip                         6.17909e-70
xdut1.rstb                        -7.38654e-43
xdut1.nnand                        2.54869e-42
xdut1.nts                         -8.74054e-29
xdut1.ndgp                         -2.2077e-61
xdut1.ndgn__par                    4.20957e-55
xdut1.ndg__par                     1.59546e-56
xdut1.pgdg__par                   -1.02453e-44
xdut1.tim__par                     1.00523e-24
xdut1.trip__par                    6.17909e-70
xdut1.nnand__par                   2.54869e-42
xdut1.ndgp__par                    -2.2077e-61
xdut1.rstb__par                   -7.38654e-43
xdut1.pdn__par                   -4.39718e-146
xdut1.ndl__par                   -1.76661e-114
xdut1.pgdgb__par                   1.34458e-22
xdut1.nd1__par                    1.40575e-112
xdut1.nts__par                    -8.74054e-29
xdut1.ibias__par                 -3.22841e-116
xdut1.por_raw__par                           0
xdut1.resetn__par                  8.94714e-33
xdut1.vdd__par                               0
xdut1.vss__par                               0
xdut2.pdn                        -4.39718e-146
xdut2.pgdgb                        1.34458e-22
xdut2.pgdg                        -1.02453e-44
xdut2.nd1                         1.40543e-112
xdut2.ndl                        -1.76661e-114
xdut2.ndg                          1.59546e-56
xdut2.ndgn                         4.20957e-55
xdut2.tim                          1.00523e-24
xdut2.trip                        -6.73426e-70
xdut2.rstb                        -7.34114e-43
xdut2.nnand                        2.53303e-42
xdut2.nts                          -8.7406e-29
xdut2.ndgp                         -2.2077e-61
xdut2.ndgn__par                    4.20957e-55
xdut2.ndg__par                     1.59546e-56
xdut2.pgdg__par                   -1.02453e-44
xdut2.tim__par                     1.00523e-24
xdut2.trip__par                   -6.73426e-70
xdut2.nnand__par                   2.53303e-42
xdut2.ndgp__par                    -2.2077e-61
xdut2.rstb__par                   -7.34114e-43
xdut2.pdn__par                   -4.39718e-146
xdut2.ndl__par                   -1.76661e-114
xdut2.pgdgb__par                   1.34458e-22
xdut2.nd1__par                    1.40543e-112
xdut2.nts__par                     -8.7406e-29
xdut2.ibias__par                 -3.22841e-116
xdut2.por_raw__par                           0
xdut2.resetn__par                  7.68205e-33
xdut2.vdd__par                               0
xdut2.vss__par                               0
vd2#branch                        -5.89546e-34
vd1#branch                        -5.89546e-34
vib2#branch                                  0
vib1#branch                                  0
vpr#branch                                   0
vsup#branch                        1.17909e-33

 Reference value :  3.91939e-05
 Reference value :  1.00030e-03
 Reference value :  3.18285e-03
 Reference value :  7.98258e-03
No. of Data Rows : 3673
iasrt1              =  2.62422e-08 from=  5.00000e-04 to=  9.55226e-04
iasrt2              =  7.22816e-08 from=  5.00000e-04 to=  9.55226e-04
vasrt1              =  6.45635e-10
trel1               =  6.83322e-03
trel2               =  3.19467e-03
irel1               =  2.02838e-08 from=  1.80000e-02 to=  1.98026e-02
vrel1               =  3.63000e+00
vrel2               =  3.63000e+00
m_tpulse_1x_ms = 5.8322160000e+00
m_tpulse_3x_ms = 2.1936700000e+00
m_iq_asserted_1x_na = 2.6242230000e+01
m_iq_asserted_3x_na = 7.2281560000e+01
m_iq_released_1x_na = 2.0283830000e+01
m_v_asserted_1x_mv = 6.4563520000e-07
m_v_released_1x = 3.6300000000e+00
m_v_released_3x = 3.6300000000e+00
Note: Simulation executed from .control section 

Warning: m=xx on .subckt line will override multiplier m hierarchy!

