
Note: Compatibility modes selected: hs a


Circuit: * por-output-chain-pulse @ fs_125c_3.30v -- generated by sim/harness, do not edit

Doing analysis at TEMP = 125.000000 and TNOM = 27.000000

Using SPARSE 1.3 as Direct Linear Solver

Initial Transient Solution
--------------------------

Node                                   Voltage
----                                   -------
vdd                                          0
por_raw                                      0
nib1                               1.46775e-18
ibias1                             1.46775e-18
nib2                               1.46775e-18
ibias2                             1.46775e-18
vdd1                                         0
vdd2                                         0
resetn1                           -3.72243e-19
resetn2                            3.19426e-18
xdut1.pdn                          1.16966e-18
xdut1.pgdgb                       -2.20895e-19
xdut1.pgdg                         1.13006e-18
xdut1.nd1                         -1.42132e-18
xdut1.ndl                         -7.72773e-19
xdut1.ndg                          -1.3718e-18
xdut1.ndgn                         1.70292e-18
xdut1.tim                         -1.25056e-18
xdut1.trip                        -6.64073e-19
xdut1.rstb                         7.04372e-18
xdut1.nnand                        4.97489e-18
xdut1.nts                         -1.73118e-18
xdut1.ndgp                        -4.30145e-19
xdut1.ndgn__par                    1.70292e-18
xdut1.ndg__par                     -1.3718e-18
xdut1.pgdg__par                    1.13006e-18
xdut1.tim__par                    -1.25056e-18
xdut1.trip__par                   -6.64073e-19
xdut1.nnand__par                   4.97489e-18
xdut1.ndgp__par                   -4.30145e-19
xdut1.rstb__par                    7.04372e-18
xdut1.pdn__par                     1.16966e-18
xdut1.ndl__par                    -7.72773e-19
xdut1.pgdgb__par                  -2.20895e-19
xdut1.nd1__par                    -1.42132e-18
xdut1.nts__par                    -1.73118e-18
xdut1.ibias__par                   1.46775e-18
xdut1.por_raw__par                           0
xdut1.resetn__par                 -3.72243e-19
xdut1.vdd__par                               0
xdut1.vss__par                               0
xdut2.pdn                          1.16966e-18
xdut2.pgdgb                       -2.20895e-19
xdut2.pgdg                         1.13006e-18
xdut2.nd1                          -7.4934e-19
xdut2.ndl                         -7.72773e-19
xdut2.ndg                          -1.3718e-18
xdut2.ndgn                         1.70292e-18
xdut2.tim                          5.33675e-18
xdut2.trip                          4.6595e-19
xdut2.rstb                        -3.65127e-18
xdut2.nnand                        1.98763e-18
xdut2.nts                          9.50681e-19
xdut2.ndgp                        -4.30145e-19
xdut2.ndgn__par                    1.70292e-18
xdut2.ndg__par                     -1.3718e-18
xdut2.pgdg__par                    1.13006e-18
xdut2.tim__par                     5.33675e-18
xdut2.trip__par                     4.6595e-19
xdut2.nnand__par                   1.98763e-18
xdut2.ndgp__par                   -4.30145e-19
xdut2.rstb__par                   -3.65127e-18
xdut2.pdn__par                     1.16966e-18
xdut2.ndl__par                    -7.72773e-19
xdut2.pgdgb__par                  -2.20895e-19
xdut2.nd1__par                     -7.4934e-19
xdut2.nts__par                     9.50681e-19
xdut2.ibias__par                   1.46775e-18
xdut2.por_raw__par                           0
xdut2.resetn__par                  3.19426e-18
xdut2.vdd__par                               0
xdut2.vss__par                               0
vd2#branch                         1.27488e-28
vd1#branch                        -3.57767e-28
vib2#branch                                  0
vib1#branch                                  0
vpr#branch                                   0
vsup#branch                        2.30279e-28

 Reference value :  4.55779e-05
 Reference value :  1.00330e-03
 Reference value :  3.28417e-03
 Reference value :  9.69705e-03
No. of Data Rows : 3496
iasrt1              =  3.06864e-08 from=  5.00000e-04 to=  9.53775e-04
iasrt2              =  8.23626e-08 from=  5.00000e-04 to=  9.53775e-04
vasrt1              =  1.02778e-09
trel1               =  7.30121e-03
trel2               =  3.28459e-03
irel1               =  2.44358e-08 from=  1.80000e-02 to=  1.98071e-02
vrel1               =  3.29999e+00
vrel2               =  3.29999e+00
m_tpulse_1x_ms = 6.3002110000e+00
m_tpulse_3x_ms = 2.2835950000e+00
m_iq_asserted_1x_na = 3.0686430000e+01
m_iq_asserted_3x_na = 8.2362580000e+01
m_iq_released_1x_na = 2.4435840000e+01
m_v_asserted_1x_mv = 1.0277780000e-06
m_v_released_1x = 3.2999940000e+00
m_v_released_3x = 3.2999940000e+00
Note: Simulation executed from .control section 

Warning: m=xx on .subckt line will override multiplier m hierarchy!

