
Note: Compatibility modes selected: hs a


Circuit: * por-output-chain-pulse @ fs_27c_2.97v -- generated by sim/harness, do not edit

Doing analysis at TEMP = 27.000000 and TNOM = 27.000000

Using SPARSE 1.3 as Direct Linear Solver

Initial Transient Solution
--------------------------

Node                                   Voltage
----                                   -------
vdd                                          0
por_raw                                      0
nib1                               2.56508e-20
ibias1                             2.56508e-20
nib2                               2.56508e-20
ibias2                             2.56508e-20
vdd1                                         0
vdd2                                         0
resetn1                           -7.61728e-19
resetn2                            5.00917e-19
xdut1.pdn                           4.8327e-32
xdut1.pgdgb                        2.88421e-18
xdut1.pgdg                        -2.69319e-19
xdut1.nd1                         -5.85095e-20
xdut1.ndl                          1.00387e-23
xdut1.ndg                          2.83063e-18
xdut1.ndgn                        -4.42392e-18
xdut1.tim                         -1.86326e-19
xdut1.trip                         2.38989e-19
xdut1.rstb                         5.22414e-20
xdut1.nnand                       -1.58262e-19
xdut1.nts                          1.35096e-22
xdut1.ndgp                        -1.94914e-21
xdut1.ndgn__par                   -4.42392e-18
xdut1.ndg__par                     2.83063e-18
xdut1.pgdg__par                   -2.69319e-19
xdut1.tim__par                    -1.86326e-19
xdut1.trip__par                    2.38989e-19
xdut1.nnand__par                  -1.58262e-19
xdut1.ndgp__par                   -1.94914e-21
xdut1.rstb__par                    5.22414e-20
xdut1.pdn__par                      4.8327e-32
xdut1.ndl__par                     1.00387e-23
xdut1.pgdgb__par                   2.88421e-18
xdut1.nd1__par                    -5.85095e-20
xdut1.nts__par                     1.35096e-22
xdut1.ibias__par                   2.56508e-20
xdut1.por_raw__par                           0
xdut1.resetn__par                 -7.61728e-19
xdut1.vdd__par                               0
xdut1.vss__par                               0
xdut2.pdn                           4.8327e-32
xdut2.pgdgb                        2.88421e-18
xdut2.pgdg                        -2.69319e-19
xdut2.nd1                         -1.69396e-19
xdut2.ndl                          1.00387e-23
xdut2.ndg                          2.83063e-18
xdut2.ndgn                        -4.42392e-18
xdut2.tim                         -2.11448e-19
xdut2.trip                         2.54711e-19
xdut2.rstb                         1.19749e-19
xdut2.nnand                       -4.64557e-19
xdut2.nts                          1.53561e-22
xdut2.ndgp                        -1.94914e-21
xdut2.ndgn__par                   -4.42392e-18
xdut2.ndg__par                     2.83063e-18
xdut2.pgdg__par                   -2.69319e-19
xdut2.tim__par                    -2.11448e-19
xdut2.trip__par                    2.54711e-19
xdut2.nnand__par                  -4.64557e-19
xdut2.ndgp__par                   -1.94914e-21
xdut2.rstb__par                    1.19749e-19
xdut2.pdn__par                      4.8327e-32
xdut2.ndl__par                     1.00387e-23
xdut2.pgdgb__par                   2.88421e-18
xdut2.nd1__par                    -1.69396e-19
xdut2.nts__par                     1.53561e-22
xdut2.ibias__par                   2.56508e-20
xdut2.por_raw__par                           0
xdut2.resetn__par                  5.00917e-19
xdut2.vdd__par                               0
xdut2.vss__par                               0
vd2#branch                         -6.1754e-30
vd1#branch                        -4.83023e-30
vib2#branch                                  0
vib1#branch                                  0
vpr#branch                                   0
vsup#branch                        1.10056e-29

 Reference value :  5.07426e-05
 Reference value :  1.00128e-03
 Reference value :  2.83661e-03
 Reference value :  9.50293e-03
No. of Data Rows : 3559
iasrt1              =  2.78096e-08 from=  5.00000e-04 to=  9.56996e-04
iasrt2              =  7.59494e-08 from=  5.00000e-04 to=  9.56996e-04
vasrt1              =  6.87792e-10
trel1               =  6.00286e-03
trel2               =  2.83685e-03
irel1               =  2.17773e-08 from=  1.80000e-02 to=  1.98029e-02
vrel1               =  2.97000e+00
vrel2               =  2.97000e+00
m_tpulse_1x_ms = 5.0018570000e+00
m_tpulse_3x_ms = 1.8358530000e+00
m_iq_asserted_1x_na = 2.7809620000e+01
m_iq_asserted_3x_na = 7.5949420000e+01
m_iq_released_1x_na = 2.1777290000e+01
m_v_asserted_1x_mv = 6.8779180000e-07
m_v_released_1x = 2.9700000000e+00
m_v_released_3x = 2.9700000000e+00
Note: Simulation executed from .control section 

Warning: m=xx on .subckt line will override multiplier m hierarchy!

