
Note: Compatibility modes selected: hs a


Circuit: * por-output-chain-pulse @ ss_-40c_3.63v -- generated by sim/harness, do not edit

Doing analysis at TEMP = -40.000000 and TNOM = 27.000000

Using SPARSE 1.3 as Direct Linear Solver

Initial Transient Solution
--------------------------

Node                                   Voltage
----                                   -------
vdd                                          0
por_raw                                      0
nib1                               4.19234e-84
ibias1                             4.19234e-84
nib2                               4.19234e-84
ibias2                             4.19234e-84
vdd1                                         0
vdd2                                         0
resetn1                           -3.77144e-21
resetn2                           -3.71109e-21
xdut1.pdn                          2.81917e-74
xdut1.pgdgb                       -2.19129e-52
xdut1.pgdg                         -9.2199e-51
xdut1.nd1                           4.0569e-35
xdut1.ndl                         -2.20512e-69
xdut1.ndg                           8.5893e-46
xdut1.ndgn                        -3.19507e-23
xdut1.tim                         -2.30634e-56
xdut1.trip                          3.7936e-36
xdut1.rstb                        -2.01461e-21
xdut1.nnand                        1.21766e-23
xdut1.nts                          4.90245e-56
xdut1.ndgp                        -8.30612e-47
xdut1.ndgn__par                   -3.19507e-23
xdut1.ndg__par                      8.5893e-46
xdut1.pgdg__par                    -9.2199e-51
xdut1.tim__par                    -2.30634e-56
xdut1.trip__par                     3.7936e-36
xdut1.nnand__par                   1.21766e-23
xdut1.ndgp__par                   -8.30612e-47
xdut1.rstb__par                   -2.01461e-21
xdut1.pdn__par                     2.81917e-74
xdut1.ndl__par                    -2.20512e-69
xdut1.pgdgb__par                  -2.19129e-52
xdut1.nd1__par                      4.0569e-35
xdut1.nts__par                     4.90245e-56
xdut1.ibias__par                   4.19234e-84
xdut1.por_raw__par                           0
xdut1.resetn__par                 -3.77144e-21
xdut1.vdd__par                               0
xdut1.vss__par                               0
xdut2.pdn                          2.81917e-74
xdut2.pgdgb                       -2.19129e-52
xdut2.pgdg                         -9.2199e-51
xdut2.nd1                          4.06051e-35
xdut2.ndl                         -2.20512e-69
xdut2.ndg                           8.5893e-46
xdut2.ndgn                        -3.19507e-23
xdut2.tim                         -3.31145e-56
xdut2.trip                          3.7944e-36
xdut2.rstb                         -2.0144e-21
xdut2.nnand                        1.21704e-23
xdut2.nts                          4.78516e-56
xdut2.ndgp                        -8.30612e-47
xdut2.ndgn__par                   -3.19507e-23
xdut2.ndg__par                      8.5893e-46
xdut2.pgdg__par                    -9.2199e-51
xdut2.tim__par                    -3.31145e-56
xdut2.trip__par                     3.7944e-36
xdut2.nnand__par                   1.21704e-23
xdut2.ndgp__par                   -8.30612e-47
xdut2.rstb__par                    -2.0144e-21
xdut2.pdn__par                     2.81917e-74
xdut2.ndl__par                    -2.20512e-69
xdut2.pgdgb__par                  -2.19129e-52
xdut2.nd1__par                     4.06051e-35
xdut2.nts__par                     4.78516e-56
xdut2.ibias__par                   4.19234e-84
xdut2.por_raw__par                           0
xdut2.resetn__par                 -3.71109e-21
xdut2.vdd__par                               0
xdut2.vss__par                               0
vd2#branch                         2.15551e-34
vd1#branch                         3.42407e-34
vib2#branch                                  0
vib1#branch                                  0
vpr#branch                                   0
vsup#branch                       -5.57958e-34

 Reference value :  4.32974e-05
 Reference value :  1.00200e-03
 Reference value :  3.46016e-03
 Reference value :  8.86281e-03
No. of Data Rows : 3674
iasrt1              =  2.54029e-08 from=  5.00000e-04 to=  9.58384e-04
iasrt2              =  7.01443e-08 from=  5.00000e-04 to=  9.58384e-04
vasrt1              =  7.13052e-10
trel1               =  7.56604e-03
trel2               =  3.46381e-03
irel1               =  1.97119e-08 from=  1.80000e-02 to=  1.98028e-02
vrel1               =  3.63000e+00
vrel2               =  3.63000e+00
m_tpulse_1x_ms = 6.5650400000e+00
m_tpulse_3x_ms = 2.4628070000e+00
m_iq_asserted_1x_na = 2.5402860000e+01
m_iq_asserted_3x_na = 7.0144320000e+01
m_iq_released_1x_na = 1.9711910000e+01
m_v_asserted_1x_mv = 7.1305180000e-07
m_v_released_1x = 3.6300000000e+00
m_v_released_3x = 3.6300000000e+00
Note: Simulation executed from .control section 

Warning: m=xx on .subckt line will override multiplier m hierarchy!

