
Note: Compatibility modes selected: hs a


Circuit: * por-output-chain-pulse @ tt_125c_3.63v -- generated by sim/harness, do not edit

Doing analysis at TEMP = 125.000000 and TNOM = 27.000000

Using SPARSE 1.3 as Direct Linear Solver

Initial Transient Solution
--------------------------

Node                                   Voltage
----                                   -------
vdd                                          0
por_raw                                      0
nib1                               1.59294e-18
ibias1                             1.59294e-18
nib2                               1.59294e-18
ibias2                             1.59294e-18
vdd1                                         0
vdd2                                         0
resetn1                            3.62985e-18
resetn2                            3.12342e-18
xdut1.pdn                          5.68895e-19
xdut1.pgdgb                        7.02741e-19
xdut1.pgdg                        -3.24602e-18
xdut1.nd1                         -1.59465e-18
xdut1.ndl                         -1.35767e-25
xdut1.ndg                         -1.26755e-18
xdut1.ndgn                         1.85225e-18
xdut1.tim                          1.71856e-18
xdut1.trip                        -1.94769e-18
xdut1.rstb                         3.80707e-18
xdut1.nnand                        8.03145e-18
xdut1.nts                          2.24203e-18
xdut1.ndgp                         7.36124e-19
xdut1.ndgn__par                    1.85225e-18
xdut1.ndg__par                    -1.26755e-18
xdut1.pgdg__par                   -3.24602e-18
xdut1.tim__par                     1.71856e-18
xdut1.trip__par                   -1.94769e-18
xdut1.nnand__par                   8.03145e-18
xdut1.ndgp__par                    7.36124e-19
xdut1.rstb__par                    3.80707e-18
xdut1.pdn__par                     5.68895e-19
xdut1.ndl__par                    -1.35767e-25
xdut1.pgdgb__par                   7.02741e-19
xdut1.nd1__par                    -1.59465e-18
xdut1.nts__par                     2.24203e-18
xdut1.ibias__par                   1.59294e-18
xdut1.por_raw__par                           0
xdut1.resetn__par                  3.62985e-18
xdut1.vdd__par                               0
xdut1.vss__par                               0
xdut2.pdn                          5.68895e-19
xdut2.pgdgb                        7.02741e-19
xdut2.pgdg                        -1.51315e-18
xdut2.nd1                         -4.73767e-19
xdut2.ndl                         -1.35767e-25
xdut2.ndg                         -1.26755e-18
xdut2.ndgn                         1.85225e-18
xdut2.tim                         -1.72692e-18
xdut2.trip                         1.14037e-18
xdut2.rstb                         4.19562e-18
xdut2.nnand                        1.00831e-18
xdut2.nts                         -6.02543e-19
xdut2.ndgp                         7.36124e-19
xdut2.ndgn__par                    1.85225e-18
xdut2.ndg__par                    -1.26755e-18
xdut2.pgdg__par                   -1.51315e-18
xdut2.tim__par                    -1.72692e-18
xdut2.trip__par                    1.14037e-18
xdut2.nnand__par                   1.00831e-18
xdut2.ndgp__par                    7.36124e-19
xdut2.rstb__par                    4.19562e-18
xdut2.pdn__par                     5.68895e-19
xdut2.ndl__par                    -1.35767e-25
xdut2.pgdgb__par                   7.02741e-19
xdut2.nd1__par                    -4.73767e-19
xdut2.nts__par                    -6.02543e-19
xdut2.ibias__par                   1.59294e-18
xdut2.por_raw__par                           0
xdut2.resetn__par                  3.12342e-18
xdut2.vdd__par                               0
xdut2.vss__par                               0
vd2#branch                        -7.59338e-28
vd1#branch                         -7.6755e-28
vib2#branch                                  0
vib1#branch                                  0
vpr#branch                                   0
vsup#branch                        1.52689e-27

 Reference value :  4.13762e-05
 Reference value :  1.00387e-03
 Reference value :  3.63500e-03
 Reference value :  9.40860e-03
No. of Data Rows : 3516
iasrt1              =  3.05403e-08 from=  5.00000e-04 to=  9.59527e-04
iasrt2              =  8.19767e-08 from=  5.00000e-04 to=  9.59527e-04
vasrt1              =  1.22618e-09
trel1               =  8.21893e-03
trel2               =  3.63600e-03
irel1               =  2.39949e-08 from=  1.80000e-02 to=  1.98086e-02
vrel1               =  3.63000e+00
vrel2               =  3.63000e+00
m_tpulse_1x_ms = 7.2179280000e+00
m_tpulse_3x_ms = 2.6350040000e+00
m_iq_asserted_1x_na = 3.0540350000e+01
m_iq_asserted_3x_na = 8.1976700000e+01
m_iq_released_1x_na = 2.3994940000e+01
m_v_asserted_1x_mv = 1.2261850000e-06
m_v_released_1x = 3.6299990000e+00
m_v_released_3x = 3.6299990000e+00
Note: Simulation executed from .control section 

Warning: m=xx on .subckt line will override multiplier m hierarchy!

