
Note: No compatibility mode selected!


Circuit: * por-output-chain-deglitch cdg tradeoff -- xcdg 12u x 12u @ ff / 125 c / 2.97 v, 1 us dip -- generated by run_cdg_tradeoff.py, do not edit

Doing analysis at TEMP = 125.000000 and TNOM = 27.000000

Using SPARSE 1.3 as Direct Linear Solver

Initial Transient Solution
--------------------------

Node                                   Voltage
----                                   -------
vdd                                          0
por_raw                                      0
nib1                               4.13404e-19
ibias1                             4.13404e-19
nib2                               4.13404e-19
ibias2                             4.13404e-19
vdd1                                         0
vdd2                                         0
resetn1                           -3.77979e-18
resetn2                           -1.90285e-18
xdut1.pdn                          1.05265e-18
xdut1.pgdgb                        1.22134e-18
xdut1.pgdg                        -1.16252e-18
xdut1.nd1                         -8.17981e-20
xdut1.ndl                          1.64025e-18
xdut1.ndg                         -5.90565e-18
xdut1.ndgn                        -7.19524e-19
xdut1.tim                          1.97138e-18
xdut1.trip                         1.46664e-21
xdut1.rstb                          2.4072e-18
xdut1.nnand                       -1.30515e-18
xdut1.nts                         -3.99986e-19
xdut1.ndgp                        -4.50016e-18
xdut1.ndgn__par                   -7.19524e-19
xdut1.ndg__par                    -5.90565e-18
xdut1.pgdg__par                   -1.16252e-18
xdut1.tim__par                     1.97138e-18
xdut1.trip__par                    1.46664e-21
xdut1.nnand__par                  -1.30515e-18
xdut1.ndgp__par                   -4.50016e-18
xdut1.rstb__par                     2.4072e-18
xdut1.pdn__par                     1.05265e-18
xdut1.ndl__par                     1.64025e-18
xdut1.pgdgb__par                   1.22134e-18
xdut1.nd1__par                    -8.17981e-20
xdut1.nts__par                    -3.99986e-19
xdut1.ibias__par                   4.13404e-19
xdut1.por_raw__par                           0
xdut1.resetn__par                 -3.77979e-18
xdut1.vdd__par                               0
xdut1.vss__par                               0
xdut2.pdn                          1.05265e-18
xdut2.pgdgb                        1.22134e-18
xdut2.pgdg                        -1.16252e-18
xdut2.nd1                         -7.26361e-20
xdut2.ndl                          1.64025e-18
xdut2.ndg                         -5.90565e-18
xdut2.ndgn                        -7.19524e-19
xdut2.tim                         -7.30231e-21
xdut2.trip                         1.30788e-22
xdut2.rstb                         3.07485e-19
xdut2.nnand                       -3.96555e-18
xdut2.nts                         -2.11804e-19
xdut2.ndgp                        -4.50016e-18
xdut2.ndgn__par                   -7.19524e-19
xdut2.ndg__par                    -5.90565e-18
xdut2.pgdg__par                   -1.16252e-18
xdut2.tim__par                    -7.30231e-21
xdut2.trip__par                    1.30788e-22
xdut2.nnand__par                  -3.96555e-18
xdut2.ndgp__par                   -4.50016e-18
xdut2.rstb__par                    3.07485e-19
xdut2.pdn__par                     1.05265e-18
xdut2.ndl__par                     1.64025e-18
xdut2.pgdgb__par                   1.22134e-18
xdut2.nd1__par                    -7.26361e-20
xdut2.nts__par                    -2.11804e-19
xdut2.ibias__par                   4.13404e-19
xdut2.por_raw__par                           0
xdut2.resetn__par                 -1.90285e-18
xdut2.vdd__par                               0
xdut2.vss__par                               0
vd2#branch                         7.67718e-29
vd1#branch                         4.75705e-28
vib2#branch                                  0
vib1#branch                                  0
vpr#branch                                   0
vsup#branch                       -5.52477e-28

 Reference value :  0.00000e+00
 Reference value :  8.62560e-06
 Reference value :  1.68256e-05
 Reference value :  2.54120e-05
 Reference value :  3.32520e-05
 Reference value :  4.13120e-05
 Reference value :  5.00920e-05
 Reference value :  5.81120e-05
 Reference value :  6.65139e-05
 Reference value :  7.09411e-05
 Reference value :  7.11365e-05
 Reference value :  7.28728e-05
 Reference value :  7.48928e-05
 Reference value :  7.95328e-05
 Reference value :  8.49728e-05
 Reference value :  8.95328e-05
 Reference value :  9.44528e-05
 Reference value :  1.02645e-04
 Reference value :  1.11505e-04
 Reference value :  1.20025e-04
 Reference value :  1.28885e-04
 Reference value :  1.37105e-04
 Reference value :  1.45465e-04
 Reference value :  1.53765e-04
 Reference value :  1.62465e-04
 Reference value :  1.71545e-04
 Reference value :  1.80065e-04
 Reference value :  1.89225e-04
 Reference value :  1.97285e-04
 Reference value :  2.06365e-04
 Reference value :  2.14085e-04
 Reference value :  2.22945e-04
 Reference value :  2.32085e-04
 Reference value :  2.39765e-04
 Reference value :  2.48805e-04
 Reference value :  2.56345e-04
 Reference value :  2.64545e-04
 Reference value :  2.73405e-04
 Reference value :  2.81985e-04
 Reference value :  2.90105e-04
 Reference value :  2.98285e-04
 Reference value :  3.04494e-04
 Reference value :  3.11698e-04
 Reference value :  3.18865e-04
 Reference value :  3.25454e-04
 Reference value :  3.33674e-04
 Reference value :  3.42354e-04
 Reference value :  3.50274e-04
 Reference value :  3.58574e-04
 Reference value :  3.67014e-04
 Reference value :  3.75934e-04
 Reference value :  3.83894e-04
 Reference value :  3.92534e-04
 Reference value :  4.01094e-04
 Reference value :  4.09034e-04
 Reference value :  4.17554e-04
 Reference value :  4.25734e-04
 Reference value :  4.34614e-04
 Reference value :  4.43294e-04
 Reference value :  4.51694e-04
 Reference value :  4.57954e-04
 Reference value :  4.62054e-04
 Reference value :  4.67294e-04
 Reference value :  4.70534e-04
 Reference value :  4.71014e-04
 Reference value :  4.72594e-04
 Reference value :  4.72674e-04
 Reference value :  4.73274e-04
 Reference value :  4.73354e-04
 Reference value :  4.74714e-04
 Reference value :  4.75394e-04
 Reference value :  4.75474e-04
 Reference value :  4.75574e-04
 Reference value :  4.79654e-04
 Reference value :  4.87654e-04
 Reference value :  4.96674e-04
 Reference value :  5.01634e-04
 Reference value :  5.04154e-04
 Reference value :  5.09894e-04
 Reference value :  5.18814e-04
 Reference value :  5.28074e-04
 Reference value :  5.35434e-04
 Reference value :  5.40174e-04
 Reference value :  5.43874e-04
 Reference value :  5.52974e-04
 Reference value :  5.60194e-04
 Reference value :  5.64174e-04
 Reference value :  5.73254e-04
 Reference value :  5.78314e-04
 Reference value :  5.81674e-04
 Reference value :  5.88234e-04
 Reference value :  5.96914e-04
 Reference value :  6.05114e-04
 Reference value :  6.11734e-04
 Reference value :  6.11814e-04
 Reference value :  6.11894e-04
 Reference value :  6.11974e-04
 Reference value :  6.12054e-04
 Reference value :  6.16974e-04
 Reference value :  6.25994e-04
 Reference value :  6.34694e-04
 Reference value :  6.42674e-04
 Reference value :  6.50334e-04
 Reference value :  6.58614e-04
 Reference value :  6.67454e-04
 Reference value :  6.75834e-04
 Reference value :  6.84574e-04
 Reference value :  6.92994e-04
 Reference value :  7.00914e-04
 Reference value :  7.10054e-04
 Reference value :  7.16394e-04
 Reference value :  7.21114e-04
 Reference value :  7.23354e-04
 Reference value :  7.32274e-04
 Reference value :  7.39494e-04
 Reference value :  7.47654e-04
 Reference value :  7.49574e-04
 Reference value :  7.56554e-04
 Reference value :  7.64814e-04
 Reference value :  7.72094e-04
 Reference value :  7.77634e-04
 Reference value :  7.81854e-04
 Reference value :  7.86994e-04
 Reference value :  7.92454e-04
 Reference value :  7.97294e-04
 Reference value :  8.01954e-04
 Reference value :  8.06194e-04
 Reference value :  8.10854e-04
 Reference value :  8.14294e-04
 Reference value :  8.14354e-04
 Reference value :  8.14414e-04
 Reference value :  8.17054e-04
 Reference value :  8.17114e-04
 Reference value :  8.17194e-04
 Reference value :  8.17274e-04
 Reference value :  8.17334e-04
 Reference value :  8.17414e-04
 Reference value :  8.17494e-04
 Reference value :  8.17574e-04
 Reference value :  8.17634e-04
 Reference value :  8.18014e-04
 Reference value :  8.18094e-04
 Reference value :  8.18434e-04
 Reference value :  8.18514e-04
 Reference value :  8.18574e-04
 Reference value :  8.19494e-04
 Reference value :  8.20934e-04
 Reference value :  8.25634e-04
 Reference value :  8.31094e-04
 Reference value :  8.37114e-04
 Reference value :  8.45214e-04
 Reference value :  8.53194e-04
 Reference value :  8.56694e-04
 Reference value :  8.65294e-04
 Reference value :  8.73594e-04
 Reference value :  8.82914e-04
 Reference value :  8.92114e-04
 Reference value :  9.00594e-04
 Reference value :  9.09514e-04
 Reference value :  9.18054e-04
 Reference value :  9.27334e-04
 Reference value :  9.35914e-04
 Reference value :  9.45094e-04
 Reference value :  9.53734e-04
 Reference value :  9.61754e-04
 Reference value :  9.70674e-04
 Reference value :  9.79014e-04
 Reference value :  9.87854e-04
 Reference value :  9.95974e-04
 Reference value :  9.98434e-04
 Reference value :  1.00000e-03
 Reference value :  1.00104e-03
 Reference value :  1.00375e-03
 Reference value :  1.00715e-03
 Reference value :  1.00831e-03
 Reference value :  1.01285e-03
 Reference value :  1.01529e-03
 Reference value :  1.01717e-03
 Reference value :  1.02407e-03
 Reference value :  1.03321e-03
 Reference value :  1.04183e-03
 Reference value :  1.05049e-03
 Reference value :  1.05937e-03
 Reference value :  1.06823e-03
 Reference value :  1.07623e-03
 Reference value :  1.08021e-03
 Reference value :  1.08189e-03
 Reference value :  1.08677e-03
 Reference value :  1.09475e-03
No. of Data Rows : 55498

  Measurements for Transient Analysis

timbefore           =  3.62800e-01
pgdgmin             =  2.81644e+00 at=  1.00101e-03
timafter            =  3.63259e-01 at=  9.99900e-04


Total analysis time (seconds) = 8.279

Total elapsed time (seconds) = 8.324 

Total DRAM available = 15700.234 MB.
DRAM currently available = 10299.816 MB.
Maximum ngspice program size =   79.559 MB.
Current ngspice program size =   17.672 MB.

Shared ngspice pages =    8.949 MB.
Text (code) pages =    6.355 MB.
Stack = 0 bytes.
Library pages =   64.875 MB.



Error: measure  tpgf1  when(WHEN) : out of interval
 .meas tran tpgf1 when v(xdut1.pgdg)=1.0 fall=1 td=0.0009999 failed!


Error: measure  tpgf2  when(WHEN) : out of interval
 .meas tran tpgf2 when v(xdut2.pgdg)=1.0 fall=1 td=0.0009999 failed!

