
Note: No compatibility mode selected!


Circuit: * por-output-chain-deglitch cdg tradeoff -- xcdg 11u x 11u @ ff / 125 c / 2.97 v, 1 us dip -- generated by run_cdg_tradeoff.py, do not edit

Doing analysis at TEMP = 125.000000 and TNOM = 27.000000

Using SPARSE 1.3 as Direct Linear Solver

Initial Transient Solution
--------------------------

Node                                   Voltage
----                                   -------
vdd                                          0
por_raw                                      0
nib1                               4.13404e-19
ibias1                             4.13404e-19
nib2                               4.13404e-19
ibias2                             4.13404e-19
vdd1                                         0
vdd2                                         0
resetn1                           -4.99895e-18
resetn2                           -4.84824e-18
xdut1.pdn                          1.05265e-18
xdut1.pgdgb                       -1.94435e-19
xdut1.pgdg                         3.66179e-18
xdut1.nd1                         -7.35499e-20
xdut1.ndl                          1.64025e-18
xdut1.ndg                          1.29535e-18
xdut1.ndgn                         1.12459e-19
xdut1.tim                         -8.76921e-19
xdut1.trip                         6.70267e-23
xdut1.rstb                        -1.51784e-18
xdut1.nnand                       -1.54923e-18
xdut1.nts                         -8.17797e-19
xdut1.ndgp                         2.27302e-18
xdut1.ndgn__par                    1.12459e-19
xdut1.ndg__par                     1.29535e-18
xdut1.pgdg__par                    3.66179e-18
xdut1.tim__par                    -8.76921e-19
xdut1.trip__par                    6.70267e-23
xdut1.nnand__par                  -1.54923e-18
xdut1.ndgp__par                    2.27302e-18
xdut1.rstb__par                   -1.51784e-18
xdut1.pdn__par                     1.05265e-18
xdut1.ndl__par                     1.64025e-18
xdut1.pgdgb__par                  -1.94435e-19
xdut1.nd1__par                    -7.35499e-20
xdut1.nts__par                    -8.17797e-19
xdut1.ibias__par                   4.13404e-19
xdut1.por_raw__par                           0
xdut1.resetn__par                 -4.99895e-18
xdut1.vdd__par                               0
xdut1.vss__par                               0
xdut2.pdn                          1.05265e-18
xdut2.pgdgb                       -1.94435e-19
xdut2.pgdg                         3.66179e-18
xdut2.nd1                         -7.54214e-20
xdut2.ndl                          1.64025e-18
xdut2.ndg                          1.29535e-18
xdut2.ndgn                         1.12459e-19
xdut2.tim                          3.81026e-18
xdut2.trip                         7.40485e-23
xdut2.rstb                        -1.92947e-18
xdut2.nnand                       -3.58995e-18
xdut2.nts                          9.79615e-19
xdut2.ndgp                         2.27302e-18
xdut2.ndgn__par                    1.12459e-19
xdut2.ndg__par                     1.29535e-18
xdut2.pgdg__par                    3.66179e-18
xdut2.tim__par                     3.81026e-18
xdut2.trip__par                    7.40485e-23
xdut2.nnand__par                  -3.58995e-18
xdut2.ndgp__par                    2.27302e-18
xdut2.rstb__par                   -1.92947e-18
xdut2.pdn__par                     1.05265e-18
xdut2.ndl__par                     1.64025e-18
xdut2.pgdgb__par                  -1.94435e-19
xdut2.nd1__par                    -7.54214e-20
xdut2.nts__par                     9.79615e-19
xdut2.ibias__par                   4.13404e-19
xdut2.por_raw__par                           0
xdut2.resetn__par                 -4.84824e-18
xdut2.vdd__par                               0
xdut2.vss__par                               0
vd2#branch                         1.17617e-28
vd1#branch                         2.32507e-28
vib2#branch                                  0
vib1#branch                                  0
vpr#branch                                   0
vsup#branch                       -3.50124e-28

 Reference value :  7.00560e-06
 Reference value :  1.54256e-05
 Reference value :  2.39717e-05
 Reference value :  3.19917e-05
 Reference value :  4.08117e-05
 Reference value :  4.86517e-05
 Reference value :  5.75917e-05
 Reference value :  6.60168e-05
 Reference value :  7.01996e-05
 Reference value :  7.73617e-05
 Reference value :  8.54617e-05
 Reference value :  9.42817e-05
 Reference value :  1.02525e-04
 Reference value :  1.11545e-04
 Reference value :  1.20565e-04
 Reference value :  1.28805e-04
 Reference value :  1.37725e-04
 Reference value :  1.45805e-04
 Reference value :  1.54625e-04
 Reference value :  1.61445e-04
 Reference value :  1.68785e-04
 Reference value :  1.77845e-04
 Reference value :  1.86245e-04
 Reference value :  1.94365e-04
 Reference value :  2.02385e-04
 Reference value :  2.10185e-04
 Reference value :  2.19125e-04
 Reference value :  2.27665e-04
 Reference value :  2.36425e-04
 Reference value :  2.44305e-04
 Reference value :  2.53365e-04
 Reference value :  2.62025e-04
 Reference value :  2.71025e-04
 Reference value :  2.80265e-04
 Reference value :  2.88345e-04
 Reference value :  2.96545e-04
 Reference value :  3.02134e-04
 Reference value :  3.09909e-04
 Reference value :  3.15446e-04
 Reference value :  3.21917e-04
 Reference value :  3.30957e-04
 Reference value :  3.38697e-04
 Reference value :  3.47457e-04
 Reference value :  3.55797e-04
 Reference value :  3.64377e-04
 Reference value :  3.71597e-04
 Reference value :  3.77537e-04
 Reference value :  3.84657e-04
 Reference value :  3.88377e-04
 Reference value :  3.90897e-04
 Reference value :  3.92537e-04
 Reference value :  3.93137e-04
 Reference value :  3.94777e-04
 Reference value :  3.95557e-04
 Reference value :  3.96797e-04
 Reference value :  3.97397e-04
 Reference value :  3.98137e-04
 Reference value :  3.99397e-04
 Reference value :  3.99477e-04
 Reference value :  4.07377e-04
 Reference value :  4.16237e-04
 Reference value :  4.23077e-04
 Reference value :  4.25477e-04
 Reference value :  4.33717e-04
 Reference value :  4.42557e-04
 Reference value :  4.50937e-04
 Reference value :  4.58617e-04
 Reference value :  4.62157e-04
 Reference value :  4.70397e-04
 Reference value :  4.78597e-04
 Reference value :  4.87557e-04
 Reference value :  4.94637e-04
 Reference value :  5.03677e-04
 Reference value :  5.12317e-04
 Reference value :  5.21237e-04
 Reference value :  5.30077e-04
 Reference value :  5.39097e-04
 Reference value :  5.48277e-04
 Reference value :  5.57057e-04
 Reference value :  5.65997e-04
 Reference value :  5.74597e-04
 Reference value :  5.81977e-04
 Reference value :  5.90217e-04
 Reference value :  5.99457e-04
 Reference value :  6.08157e-04
 Reference value :  6.16337e-04
 Reference value :  6.24957e-04
 Reference value :  6.31237e-04
 Reference value :  6.33477e-04
 Reference value :  6.35957e-04
 Reference value :  6.40497e-04
 Reference value :  6.44437e-04
 Reference value :  6.45537e-04
 Reference value :  6.47917e-04
 Reference value :  6.49437e-04
 Reference value :  6.50497e-04
 Reference value :  6.55117e-04
 Reference value :  6.57517e-04
 Reference value :  6.66417e-04
 Reference value :  6.68257e-04
 Reference value :  6.71717e-04
 Reference value :  6.78477e-04
 Reference value :  6.87537e-04
 Reference value :  6.95757e-04
 Reference value :  7.04777e-04
 Reference value :  7.10957e-04
 Reference value :  7.17577e-04
 Reference value :  7.22897e-04
 Reference value :  7.28617e-04
 Reference value :  7.33397e-04
 Reference value :  7.38157e-04
 Reference value :  7.43857e-04
 Reference value :  7.46677e-04
 Reference value :  7.47477e-04
 Reference value :  7.54377e-04
 Reference value :  7.55417e-04
 Reference value :  7.56717e-04
 Reference value :  7.58797e-04
 Reference value :  7.58857e-04
 Reference value :  7.58937e-04
 Reference value :  7.58997e-04
 Reference value :  7.59077e-04
 Reference value :  7.59157e-04
 Reference value :  7.59237e-04
 Reference value :  7.59317e-04
 Reference value :  7.59397e-04
 Reference value :  7.59477e-04
 Reference value :  7.59557e-04
 Reference value :  7.59637e-04
 Reference value :  7.59717e-04
 Reference value :  7.60597e-04
 Reference value :  7.60657e-04
 Reference value :  7.62077e-04
 Reference value :  7.62617e-04
 Reference value :  7.62697e-04
 Reference value :  7.63437e-04
 Reference value :  7.67457e-04
 Reference value :  7.71917e-04
 Reference value :  7.73657e-04
 Reference value :  7.75617e-04
 Reference value :  7.84397e-04
 Reference value :  7.92377e-04
 Reference value :  7.99717e-04
 Reference value :  8.08497e-04
 Reference value :  8.16517e-04
 Reference value :  8.25477e-04
 Reference value :  8.33577e-04
 Reference value :  8.42277e-04
 Reference value :  8.50377e-04
 Reference value :  8.58977e-04
 Reference value :  8.68137e-04
 Reference value :  8.76337e-04
 Reference value :  8.85037e-04
 Reference value :  8.92977e-04
 Reference value :  9.01737e-04
 Reference value :  9.10537e-04
 Reference value :  9.19357e-04
 Reference value :  9.28417e-04
 Reference value :  9.37017e-04
 Reference value :  9.45677e-04
 Reference value :  9.50277e-04
 Reference value :  9.52897e-04
 Reference value :  9.60137e-04
 Reference value :  9.68337e-04
 Reference value :  9.77557e-04
 Reference value :  9.82977e-04
 Reference value :  9.87297e-04
 Reference value :  9.91857e-04
 Reference value :  9.93237e-04
 Reference value :  9.98397e-04
 Reference value :  1.00101e-03
 Reference value :  1.00406e-03
 Reference value :  1.00736e-03
 Reference value :  1.01286e-03
 Reference value :  1.01514e-03
 Reference value :  1.01676e-03
 Reference value :  1.02440e-03
 Reference value :  1.02596e-03
 Reference value :  1.02606e-03
 Reference value :  1.02614e-03
 Reference value :  1.02622e-03
 Reference value :  1.02630e-03
 Reference value :  1.02638e-03
 Reference value :  1.02646e-03
 Reference value :  1.02654e-03
 Reference value :  1.02662e-03
 Reference value :  1.02670e-03
 Reference value :  1.02676e-03
 Reference value :  1.02684e-03
 Reference value :  1.02776e-03
 Reference value :  1.02784e-03
 Reference value :  1.02888e-03
 Reference value :  1.02896e-03
 Reference value :  1.02904e-03
 Reference value :  1.02912e-03
 Reference value :  1.03008e-03
 Reference value :  1.03234e-03
 Reference value :  1.03948e-03
 Reference value :  1.04730e-03
 Reference value :  1.05542e-03
 Reference value :  1.06356e-03
 Reference value :  1.07072e-03
 Reference value :  1.07758e-03
 Reference value :  1.08678e-03
 Reference value :  1.09466e-03
No. of Data Rows : 55507

  Measurements for Transient Analysis

timbefore           =  3.63658e-01
pgdgmin             =  2.53632e+00 at=  1.00101e-03
timafter            =  3.64117e-01 at=  9.99900e-04


Total analysis time (seconds) = 9.07837

Total elapsed time (seconds) = 9.123 

Total DRAM available = 15700.234 MB.
DRAM currently available = 10307.602 MB.
Maximum ngspice program size =   79.555 MB.
Current ngspice program size =   17.547 MB.

Shared ngspice pages =    8.828 MB.
Text (code) pages =    6.355 MB.
Stack = 0 bytes.
Library pages =   64.871 MB.



Error: measure  tpgf1  when(WHEN) : out of interval
 .meas tran tpgf1 when v(xdut1.pgdg)=1.0 fall=1 td=0.0009999 failed!


Error: measure  tpgf2  when(WHEN) : out of interval
 .meas tran tpgf2 when v(xdut2.pgdg)=1.0 fall=1 td=0.0009999 failed!

