
Note: Compatibility modes selected: hs a


Circuit: * por-output-chain-deglitch dwell sweep -- postlayout @ bjt_ff / -40 c / 3.3 v, ibias 91.0251 na, 600 us dip -- generated by run_dwell_sweep.py, do not edit

Doing analysis at TEMP = -40.000000 and TNOM = 27.000000

Using SPARSE 1.3 as Direct Linear Solver

Initial Transient Solution
--------------------------

Node                                   Voltage
----                                   -------
vdd                                          0
por_raw                                      0
nib                               -1.50725e-21
ibias                             -1.50725e-21
vddd                                         0
resetn                                       0
xdut.pdn                           2.58422e-83
xdut.pgdgb                        -3.39458e-59
xdut.pgdg                          3.59353e-58
xdut.nd1                           1.71965e-62
xdut.ndl                           1.90359e-22
xdut.ndg                           3.15412e-62
xdut.ndgn                          1.67377e-63
xdut.tim                          -7.80802e-61
xdut.trip                         -4.27676e-22
xdut.rstb                         -7.84162e-23
xdut.nnand                         1.57403e-22
xdut.nts                           5.15728e-59
xdut.ndgp                         -6.11565e-60
xdut.ndgn__par                     1.67377e-63
xdut.ndg__par                      3.15412e-62
xdut.pgdg__par                     3.59353e-58
xdut.tim__par                     -7.80802e-61
xdut.trip__par                    -4.27676e-22
xdut.nnand__par                    1.57403e-22
xdut.ndgp__par                    -6.11565e-60
xdut.rstb__par                    -7.84162e-23
xdut.pdn__par                      2.58422e-83
xdut.ndl__par                      1.90359e-22
xdut.pgdgb__par                   -3.39458e-59
xdut.nd1__par                      1.71965e-62
xdut.nts__par                      5.15728e-59
xdut.ibias__par                   -1.50725e-21
xdut.por_raw__par                            0
xdut.resetn__par                             0
xdut.vdd__par                                0
xdut.vss__par                                0
vd#branch                         -5.02934e-34
vib#branch                                   0
vpr#branch                                   0
vsup#branch                        5.02934e-34

 Reference value :  1.09242e-04
 Reference value :  2.60010e-03
No. of Data Rows : 2343

  Measurements for Transient Analysis

pgdg_pre            =  3.30000e+00
ndg_pre             =  4.80976e-06
t_trip              =   2.01523e-03
pgdg_min            =  3.12418e-09 at=  2.09686e-03
ndg_max             =  3.30000e+00 at=  2.12617e-03
pgdg_end            =  3.13964e-09


Total analysis time (seconds) = 0.972253

Total elapsed time (seconds) = 1.445 

Total DRAM available = 49152.000 MB.
DRAM currently available = 16295.344 MB.
Maximum ngspice program size =   18.297 MB.
Current ngspice program size =   18.297 MB.


Warning: m=xx on .subckt line will override multiplier m hierarchy!

