
Note: Compatibility modes selected: hs a


Circuit: * por-output-chain-deglitch dwell sweep -- postlayout @ fs / 125 c / 3.63 v, ibias 91.0251 na, 600 us dip -- generated by run_dwell_sweep.py, do not edit

Doing analysis at TEMP = 125.000000 and TNOM = 27.000000

Using SPARSE 1.3 as Direct Linear Solver

Initial Transient Solution
--------------------------

Node                                   Voltage
----                                   -------
vdd                                          0
por_raw                                      0
nib                                1.46775e-18
ibias                              1.46775e-18
vddd                                         0
resetn                            -1.41526e-18
xdut.pdn                           1.16966e-18
xdut.pgdgb                        -2.20895e-19
xdut.pgdg                          1.13006e-18
xdut.nd1                           4.45989e-19
xdut.ndl                          -7.72773e-19
xdut.ndg                           -1.3718e-18
xdut.ndgn                          1.70292e-18
xdut.tim                           2.00414e-18
xdut.trip                          -6.3874e-19
xdut.rstb                          2.20172e-18
xdut.nnand                        -1.44157e-18
xdut.nts                           8.10271e-19
xdut.ndgp                         -4.30145e-19
xdut.ndgn__par                     1.70292e-18
xdut.ndg__par                      -1.3718e-18
xdut.pgdg__par                     1.13006e-18
xdut.tim__par                      2.00414e-18
xdut.trip__par                     -6.3874e-19
xdut.nnand__par                   -1.44157e-18
xdut.ndgp__par                    -4.30145e-19
xdut.rstb__par                     2.20172e-18
xdut.pdn__par                      1.16966e-18
xdut.ndl__par                     -7.72773e-19
xdut.pgdgb__par                   -2.20895e-19
xdut.nd1__par                      4.45989e-19
xdut.nts__par                      8.10271e-19
xdut.ibias__par                    1.46775e-18
xdut.por_raw__par                            0
xdut.resetn__par                  -1.41526e-18
xdut.vdd__par                                0
xdut.vss__par                                0
vd#branch                         -4.00737e-29
vib#branch                                   0
vpr#branch                                   0
vsup#branch                        4.00737e-29

 Reference value :  1.01508e-04
 Reference value :  2.60003e-03
No. of Data Rows : 2301

  Measurements for Transient Analysis

pgdg_pre            =  3.62999e+00
ndg_pre             =  9.21275e-06
t_trip              =   2.00781e-03
pgdg_min            =  5.35899e-09 at=  2.16094e-03
ndg_max             =  3.62989e+00 at=  2.15694e-03
pgdg_end            =  5.35968e-09


Total analysis time (seconds) = 1.07058

Total elapsed time (seconds) = 1.517 

Total DRAM available = 49152.000 MB.
DRAM currently available = 16317.422 MB.
Maximum ngspice program size =   18.391 MB.
Current ngspice program size =   18.391 MB.


Warning: m=xx on .subckt line will override multiplier m hierarchy!

