
Note: Compatibility modes selected: hs a


Circuit: * por-output-chain-deglitch dwell sweep -- postlayout @ fs / -40 c / 3.3 v, ibias 91.0251 na, 600 us dip -- generated by run_dwell_sweep.py, do not edit

Doing analysis at TEMP = -40.000000 and TNOM = 27.000000

Using SPARSE 1.3 as Direct Linear Solver

Initial Transient Solution
--------------------------

Node                                   Voltage
----                                   -------
vdd                                          0
por_raw                                      0
nib                              -3.22841e-116
ibias                            -3.22841e-116
vddd                                         0
resetn                             7.13638e-33
xdut.pdn                         -4.39718e-146
xdut.pgdgb                         1.34458e-22
xdut.pgdg                         -1.02453e-44
xdut.nd1                          1.40577e-112
xdut.ndl                         -1.76661e-114
xdut.ndg                           1.59546e-56
xdut.ndgn                          4.20957e-55
xdut.tim                           1.00523e-24
xdut.trip                          1.67222e-69
xdut.rstb                         -7.34114e-43
xdut.nnand                         2.53303e-42
xdut.nts                          -8.74049e-29
xdut.ndgp                          -2.2077e-61
xdut.ndgn__par                     4.20957e-55
xdut.ndg__par                      1.59546e-56
xdut.pgdg__par                    -1.02453e-44
xdut.tim__par                      1.00523e-24
xdut.trip__par                     1.67222e-69
xdut.nnand__par                    2.53303e-42
xdut.ndgp__par                     -2.2077e-61
xdut.rstb__par                    -7.34114e-43
xdut.pdn__par                    -4.39718e-146
xdut.ndl__par                    -1.76661e-114
xdut.pgdgb__par                    1.34458e-22
xdut.nd1__par                     1.40577e-112
xdut.nts__par                     -8.74049e-29
xdut.ibias__par                  -3.22841e-116
xdut.por_raw__par                            0
xdut.resetn__par                   7.13638e-33
xdut.vdd__par                                0
xdut.vss__par                                0
vd#branch                         -5.89546e-34
vib#branch                                   0
vpr#branch                                   0
vsup#branch                        5.89546e-34

 Reference value :  1.19781e-04
 Reference value :  2.59771e-03
No. of Data Rows : 2344

  Measurements for Transient Analysis

pgdg_pre            =  3.30000e+00
ndg_pre             =  4.76988e-06
t_trip              =   2.01315e-03
pgdg_min            =  2.96070e-09 at=  2.09636e-03
ndg_max             =  3.30000e+00 at=  2.11972e-03
pgdg_end            =  2.97586e-09


Total analysis time (seconds) = 1.03211

Total elapsed time (seconds) = 1.400 

Total DRAM available = 49152.000 MB.
DRAM currently available = 16331.094 MB.
Maximum ngspice program size =   18.359 MB.
Current ngspice program size =   18.359 MB.


Warning: m=xx on .subckt line will override multiplier m hierarchy!

