
Note: Compatibility modes selected: hs a


Circuit: * por-output-chain-deglitch dwell sweep -- schematic @ ff / -40 c / 3.3 v, ibias 500 na, 600 us dip -- generated by run_dwell_sweep.py, do not edit

Doing analysis at TEMP = -40.000000 and TNOM = 27.000000

Using SPARSE 1.3 as Direct Linear Solver

Initial Transient Solution
--------------------------

Node                                   Voltage
----                                   -------
vdd                                          0
por_raw                                      0
nib                                9.78756e-70
ibias                              9.78756e-70
vddd                                         0
resetn                            -4.48104e-18
xdut.pdn                          9.42226e-135
xdut.ndl                          -7.14963e-21
xdut.ndgp                          3.56834e-38
xdut.ndg                          -9.80936e-36
xdut.ndgn                          6.95203e-35
xdut.pgdg                          5.54332e-23
xdut.pgdgb                         1.08537e-38
xdut.nts                          -5.62991e-31
xdut.tim                           1.71607e-29
xdut.nd1                           3.61107e-26
xdut.trip                          2.95723e-71
xdut.rstb                         -2.19214e-20
xdut.nnand                         3.45722e-20
vd#branch                          4.55466e-30
vib#branch                                   0
vpr#branch                                   0
vsup#branch                       -4.55466e-30

 Reference value :  8.40348e-05
 Reference value :  2.38712e-03
No. of Data Rows : 2399

  Measurements for Transient Analysis

pgdg_pre            =  3.30000e+00
ndg_pre             =  1.17560e-06
t_trip              =   2.00275e-03
pgdg_min            =  2.94311e-09 at=  2.59856e-03
ndg_max             =  3.30000e+00 at=  2.02712e-03
pgdg_end            =  2.94312e-09


Total analysis time (seconds) = 1.04501

Total elapsed time (seconds) = 1.410 

Total DRAM available = 49152.000 MB.
DRAM currently available = 16458.484 MB.
Maximum ngspice program size =   18.375 MB.
Current ngspice program size =   18.375 MB.


Warning: m=xx on .subckt line will override multiplier m hierarchy!

