
Note: Compatibility modes selected: hs a


Circuit: * por-output-chain-deglitch dwell sweep -- schematic @ sf / 27 c / 3.63 v, ibias 91.0251 na, 600 us dip -- generated by run_dwell_sweep.py, do not edit

Doing analysis at TEMP = 27.000000 and TNOM = 27.000000

Using SPARSE 1.3 as Direct Linear Solver

Initial Transient Solution
--------------------------

Node                                   Voltage
----                                   -------
vdd                                          0
por_raw                                      0
nib                                1.04847e-33
ibias                              1.04847e-33
vddd                                         0
resetn                             5.73674e-19
xdut.pdn                           4.96982e-46
xdut.ndl                           1.05634e-41
xdut.ndgp                          8.92211e-25
xdut.ndg                          -7.68123e-25
xdut.ndgn                          7.05723e-26
xdut.pgdg                         -7.82565e-26
xdut.pgdgb                        -1.94865e-22
xdut.nts                           1.45218e-22
xdut.tim                          -1.38716e-22
xdut.nd1                           1.61355e-23
xdut.trip                         -4.45111e-49
xdut.rstb                          1.76512e-20
xdut.nnand                        -2.63667e-21
vd#branch                         -6.47517e-31
vib#branch                                   0
vpr#branch                                   0
vsup#branch                        6.47517e-31

 Reference value :  2.47668e-04
 Reference value :  2.60087e-03
No. of Data Rows : 2081

  Measurements for Transient Analysis

pgdg_pre            =  3.63000e+00
ndg_pre             =  6.84989e-06
t_trip              =   2.01821e-03
pgdg_min            =  4.47242e-09 at=  2.08828e-03
ndg_max             =  3.62999e+00 at=  2.51391e-03
pgdg_end            =  4.48239e-09


Total analysis time (seconds) = 0.999488

Total elapsed time (seconds) = 1.391 

Total DRAM available = 49152.000 MB.
DRAM currently available = 16033.250 MB.
Maximum ngspice program size =   18.375 MB.
Current ngspice program size =   18.375 MB.


Warning: m=xx on .subckt line will override multiplier m hierarchy!

