
Note: Compatibility modes selected: hs a


Circuit: * por-output-chain-deglitch dwell sweep -- schematic @ ss / -40 c / 3.63 v, ibias 91.0251 na, 35 us dip -- generated by run_dwell_sweep.py, do not edit

Doing analysis at TEMP = -40.000000 and TNOM = 27.000000

Using SPARSE 1.3 as Direct Linear Solver

Initial Transient Solution
--------------------------

Node                                   Voltage
----                                   -------
vdd                                          0
por_raw                                      0
nib                                4.17718e-84
ibias                              4.17718e-84
vddd                                         0
resetn                             -1.4255e-22
xdut.pdn                           2.19574e-76
xdut.ndl                            9.0626e-71
xdut.ndgp                          1.16135e-47
xdut.ndg                           3.45923e-45
xdut.ndgn                          -3.1945e-23
xdut.pgdg                         -1.68905e-52
xdut.pgdgb                        -3.11316e-53
xdut.nts                          -3.28505e-57
xdut.tim                           3.49713e-57
xdut.nd1                           4.16402e-35
xdut.trip                         -4.83231e-37
xdut.rstb                          6.64545e-26
xdut.nnand                        -2.33065e-27
vd#branch                          4.23159e-34
vib#branch                                   0
vpr#branch                                   0
vsup#branch                       -4.23159e-34

 Reference value :  2.16890e-04
No. of Data Rows : 1945

  Measurements for Transient Analysis

pgdg_pre            =  3.63000e+00
ndg_pre             =  5.38341e-06
t_trip              =   2.02311e-03
pgdg_min            =  1.36575e-02 at=  2.03500e-03
ndg_max             =  1.47233e+00 at=  2.03500e-03
pgdg_end            =  1.36575e-02


Total analysis time (seconds) = 0.703915

Total elapsed time (seconds) = 1.007 

Total DRAM available = 49152.000 MB.
DRAM currently available = 18326.328 MB.
Maximum ngspice program size =   18.297 MB.
Current ngspice program size =   18.297 MB.


Warning: m=xx on .subckt line will override multiplier m hierarchy!

