
Note: Compatibility modes selected: hs a


Circuit: * por-output-chain-deglitch dwell sweep -- schematic @ fs / -40 c / 3.63 v, ibias 500 na, 600 us dip -- generated by run_dwell_sweep.py, do not edit

Doing analysis at TEMP = -40.000000 and TNOM = 27.000000

Using SPARSE 1.3 as Direct Linear Solver

Initial Transient Solution
--------------------------

Node                                   Voltage
----                                   -------
vdd                                          0
por_raw                                      0
nib                               -3.76969e-78
ibias                             -3.76969e-78
vddd                                         0
resetn                            -4.68051e-25
xdut.pdn                          -1.60023e-95
xdut.ndl                           1.09121e-77
xdut.ndgp                         -5.95717e-46
xdut.ndg                           4.32766e-41
xdut.ndgn                          1.14388e-39
xdut.pgdg                          3.35102e-35
xdut.pgdgb                         3.77573e-39
xdut.nts                          -2.31972e-28
xdut.tim                           2.52039e-24
xdut.nd1                          -2.61968e-21
xdut.trip                         -1.46687e-72
xdut.rstb                          5.10462e-29
xdut.nnand                        -1.76932e-28
vd#branch                          2.17449e-34
vib#branch                                   0
vpr#branch                                   0
vsup#branch                       -2.17449e-34

 Reference value :  7.62099e-05
 Reference value :  2.01738e-03
No. of Data Rows : 2437

  Measurements for Transient Analysis

pgdg_pre            =  3.63000e+00
ndg_pre             =  1.30783e-06
t_trip              =   2.00320e-03
pgdg_min            =  3.21458e-09 at=  2.59890e-03
ndg_max             =  3.63000e+00 at=  2.02980e-03
pgdg_end            =  3.21458e-09


Total analysis time (seconds) = 1.50502

Total elapsed time (seconds) = 2.000 

Total DRAM available = 49152.000 MB.
DRAM currently available = 16381.688 MB.
Maximum ngspice program size =   18.344 MB.
Current ngspice program size =   18.344 MB.


Warning: m=xx on .subckt line will override multiplier m hierarchy!

