
Note: No compatibility mode selected!


Circuit: * por-output-chain-deglitch asymmetry probe -- postlayout @ ff / 125 c / 3.63 v -- generated by run_deglitch_asym_probe.py, do not edit

Doing analysis at TEMP = 125.000000 and TNOM = 27.000000

Using SPARSE 1.3 as Direct Linear Solver

Initial Transient Solution
--------------------------

Node                                   Voltage
----                                   -------
vdd                                          0
por_raw                                      0
nib1                               4.13404e-19
ibias1                             4.13404e-19
vdd1                                         0
resetn1                            1.10682e-18
xdut1.pdn                          1.05265e-18
xdut1.pgdgb                       -1.94435e-19
xdut1.pgdg                         3.66179e-18
xdut1.nd1                          3.13003e-20
xdut1.ndl                          1.64025e-18
xdut1.ndg                          1.29535e-18
xdut1.ndgn                         1.12459e-19
xdut1.tim                          1.57801e-18
xdut1.trip                         2.93902e-21
xdut1.rstb                         -1.7305e-18
xdut1.nnand                        1.94871e-18
xdut1.nts                         -1.87092e-18
xdut1.ndgp                         2.27302e-18
xdut1.ndgn__par                    1.12459e-19
xdut1.ndg__par                     1.29535e-18
xdut1.pgdg__par                    3.66179e-18
xdut1.tim__par                     1.57801e-18
xdut1.trip__par                    2.93902e-21
xdut1.nnand__par                   1.94871e-18
xdut1.ndgp__par                    2.27302e-18
xdut1.rstb__par                    -1.7305e-18
xdut1.pdn__par                     1.05265e-18
xdut1.ndl__par                     1.64025e-18
xdut1.pgdgb__par                  -1.94435e-19
xdut1.nd1__par                     3.13003e-20
xdut1.nts__par                    -1.87092e-18
xdut1.ibias__par                   4.13404e-19
xdut1.por_raw__par                           0
xdut1.resetn__par                  1.10682e-18
xdut1.vdd__par                               0
xdut1.vss__par                               0
vd1#branch                         7.00337e-29
vib1#branch                                  0
vpr#branch                                   0
vsup#branch                       -7.00337e-29

 Reference value :  9.25600e-07
 Reference value :  5.06560e-06
 Reference value :  7.96560e-06
 Reference value :  1.49389e-05
 Reference value :  2.87726e-05
 Reference value :  4.26726e-05
 Reference value :  5.05126e-05
 Reference value :  5.15726e-05
 Reference value :  5.39726e-05
 Reference value :  6.39030e-05
 Reference value :  7.74630e-05
 Reference value :  8.80430e-05
 Reference value :  8.88630e-05
 Reference value :  1.02605e-04
 Reference value :  1.12205e-04
 Reference value :  1.21405e-04
 Reference value :  1.35345e-04
 Reference value :  1.43965e-04
 Reference value :  1.48185e-04
 Reference value :  1.61225e-04
 Reference value :  1.74185e-04
 Reference value :  1.88505e-04
 Reference value :  2.02145e-04
 Reference value :  2.08125e-04
 Reference value :  2.15665e-04
 Reference value :  2.27985e-04
 Reference value :  2.40585e-04
 Reference value :  2.54965e-04
 Reference value :  2.69005e-04
 Reference value :  2.82085e-04
 Reference value :  2.87725e-04
 Reference value :  2.92025e-04
 Reference value :  3.03575e-04
 Reference value :  3.13550e-04
 Reference value :  3.27550e-04
 Reference value :  3.41710e-04
 Reference value :  3.53530e-04
 Reference value :  3.67590e-04
 Reference value :  3.78510e-04
 Reference value :  3.82550e-04
 Reference value :  3.95130e-04
 Reference value :  4.07950e-04
 Reference value :  4.20930e-04
 Reference value :  4.30810e-04
 Reference value :  4.32910e-04
 Reference value :  4.39170e-04
 Reference value :  4.43130e-04
 Reference value :  4.48150e-04
 Reference value :  4.56430e-04
 Reference value :  4.63270e-04
 Reference value :  4.71310e-04
 Reference value :  4.75830e-04
 Reference value :  4.78730e-04
 Reference value :  4.78810e-04
 Reference value :  4.78890e-04
 Reference value :  4.78950e-04
 Reference value :  4.83530e-04
 Reference value :  4.91150e-04
 Reference value :  4.98090e-04
 Reference value :  5.01490e-04
 Reference value :  5.14430e-04
 Reference value :  5.19190e-04
 Reference value :  5.26150e-04
 Reference value :  5.36630e-04
 Reference value :  5.38710e-04
 Reference value :  5.41870e-04
 Reference value :  5.44070e-04
 Reference value :  5.46430e-04
 Reference value :  5.58150e-04
 Reference value :  5.71530e-04
 Reference value :  5.84750e-04
 Reference value :  5.99190e-04
 Reference value :  6.05290e-04
 Reference value :  6.15830e-04
 Reference value :  6.29370e-04
 Reference value :  6.43270e-04
 Reference value :  6.57770e-04
 Reference value :  6.67690e-04
 Reference value :  6.74750e-04
 Reference value :  6.86850e-04
 Reference value :  7.01130e-04
 Reference value :  7.14390e-04
 Reference value :  7.25690e-04
 Reference value :  7.30110e-04
 Reference value :  7.34730e-04
 Reference value :  7.47130e-04
 Reference value :  7.59750e-04
 Reference value :  7.73130e-04
 Reference value :  7.86830e-04
 Reference value :  7.94170e-04
 Reference value :  8.01310e-04
 Reference value :  8.14170e-04
 Reference value :  8.28430e-04
 Reference value :  8.41570e-04
 Reference value :  8.55730e-04
 Reference value :  8.63350e-04
 Reference value :  8.70030e-04
 Reference value :  8.84170e-04
 Reference value :  8.96910e-04
 Reference value :  9.10930e-04
 Reference value :  9.23570e-04
 Reference value :  9.28930e-04
 Reference value :  9.34290e-04
 Reference value :  9.48310e-04
 Reference value :  9.62890e-04
 Reference value :  9.76170e-04
 Reference value :  9.89790e-04
 Reference value :  1.00006e-03
 Reference value :  1.00974e-03
No. of Data Rows : 51392
Note: Simulation executed from .control section 

