
Note: No compatibility mode selected!


Circuit: * por-output-chain-deglitch asymmetry probe -- postlayout @ tt / 27 c / 3.3 v -- generated by run_deglitch_asym_probe.py, do not edit

Doing analysis at TEMP = 27.000000 and TNOM = 27.000000

Using SPARSE 1.3 as Direct Linear Solver

Initial Transient Solution
--------------------------

Node                                   Voltage
----                                   -------
vdd                                          0
por_raw                                      0
nib1                              -7.63351e-26
ibias1                            -7.63351e-26
vdd1                                         0
resetn1                           -7.23021e-19
xdut1.pdn                          1.62816e-66
xdut1.pgdgb                       -3.60352e-26
xdut1.pgdg                        -1.95956e-28
xdut1.nd1                         -3.74253e-22
xdut1.ndl                          -2.6651e-34
xdut1.ndg                         -4.48249e-25
xdut1.ndgn                         2.91577e-25
xdut1.tim                         -6.83806e-25
xdut1.trip                        -2.01815e-22
xdut1.rstb                         1.69621e-18
xdut1.nnand                       -7.05489e-18
xdut1.nts                          3.93008e-26
xdut1.ndgp                         1.61916e-26
xdut1.ndgn__par                    2.91577e-25
xdut1.ndg__par                    -4.48249e-25
xdut1.pgdg__par                   -1.95956e-28
xdut1.tim__par                    -6.83806e-25
xdut1.trip__par                   -2.01815e-22
xdut1.nnand__par                  -7.05489e-18
xdut1.ndgp__par                    1.61916e-26
xdut1.rstb__par                    1.69621e-18
xdut1.pdn__par                     1.62816e-66
xdut1.ndl__par                     -2.6651e-34
xdut1.pgdgb__par                  -3.60352e-26
xdut1.nd1__par                    -3.74253e-22
xdut1.nts__par                     3.93008e-26
xdut1.ibias__par                  -7.63351e-26
xdut1.por_raw__par                           0
xdut1.resetn__par                 -7.23021e-19
xdut1.vdd__par                               0
xdut1.vss__par                               0
vd1#branch                        -4.81769e-30
vib1#branch                                  0
vpr#branch                                   0
vsup#branch                        4.81769e-30

 Reference value :  0.00000e+00
 Reference value :  1.36456e-05
 Reference value :  2.49970e-05
 Reference value :  3.16770e-05
 Reference value :  3.60370e-05
 Reference value :  4.87770e-05
 Reference value :  6.31170e-05
 Reference value :  7.02698e-05
 Reference value :  7.87498e-05
 Reference value :  8.77498e-05
 Reference value :  9.56298e-05
 Reference value :  1.04006e-04
 Reference value :  1.13306e-04
 Reference value :  1.14566e-04
 Reference value :  1.17446e-04
 Reference value :  1.24186e-04
 Reference value :  1.24306e-04
 Reference value :  1.26066e-04
 Reference value :  1.26146e-04
 Reference value :  1.27186e-04
 Reference value :  1.28566e-04
 Reference value :  1.28646e-04
 Reference value :  1.28706e-04
 Reference value :  1.28786e-04
 Reference value :  1.28866e-04
 Reference value :  1.28946e-04
 Reference value :  1.29026e-04
 Reference value :  1.29106e-04
 Reference value :  1.29186e-04
 Reference value :  1.29266e-04
 Reference value :  1.29346e-04
 Reference value :  1.29426e-04
 Reference value :  1.29506e-04
 Reference value :  1.29586e-04
 Reference value :  1.29666e-04
 Reference value :  1.31406e-04
 Reference value :  1.31486e-04
 Reference value :  1.39786e-04
 Reference value :  1.46066e-04
 Reference value :  1.54966e-04
 Reference value :  1.68346e-04
 Reference value :  1.79666e-04
 Reference value :  1.92326e-04
 Reference value :  2.07066e-04
 Reference value :  2.16946e-04
 Reference value :  2.31326e-04
 Reference value :  2.45066e-04
 Reference value :  2.59126e-04
 Reference value :  2.73506e-04
 Reference value :  2.86406e-04
 Reference value :  3.00024e-04
 Reference value :  3.10904e-04
 Reference value :  3.21829e-04
 Reference value :  3.36349e-04
 Reference value :  3.49649e-04
 Reference value :  3.63649e-04
 Reference value :  3.77449e-04
 Reference value :  3.89049e-04
 Reference value :  4.02089e-04
 Reference value :  4.16369e-04
 Reference value :  4.27849e-04
 Reference value :  4.40529e-04
 Reference value :  4.53769e-04
 Reference value :  4.67009e-04
 Reference value :  4.81529e-04
 Reference value :  4.93829e-04
 Reference value :  5.01589e-04
 Reference value :  5.08089e-04
 Reference value :  5.15329e-04
 Reference value :  5.27869e-04
 Reference value :  5.40669e-04
 Reference value :  5.54489e-04
 Reference value :  5.56969e-04
 Reference value :  5.65049e-04
 Reference value :  5.66389e-04
 Reference value :  5.79149e-04
 Reference value :  5.92929e-04
 Reference value :  5.97569e-04
 Reference value :  6.11969e-04
 Reference value :  6.24729e-04
 Reference value :  6.35129e-04
 Reference value :  6.42809e-04
 Reference value :  6.49749e-04
 Reference value :  6.58189e-04
 Reference value :  6.64229e-04
 Reference value :  6.70529e-04
 Reference value :  6.76969e-04
 Reference value :  6.83209e-04
 Reference value :  6.90449e-04
 Reference value :  6.91829e-04
 Reference value :  6.91889e-04
 Reference value :  6.91969e-04
 Reference value :  6.92049e-04
 Reference value :  6.92109e-04
 Reference value :  6.92169e-04
 Reference value :  6.92249e-04
 Reference value :  6.92309e-04
 Reference value :  6.92389e-04
 Reference value :  6.92449e-04
 Reference value :  6.92509e-04
 Reference value :  6.93129e-04
 Reference value :  6.94069e-04
 Reference value :  6.94369e-04
 Reference value :  6.94929e-04
 Reference value :  6.94989e-04
 Reference value :  6.95049e-04
 Reference value :  6.97309e-04
 Reference value :  6.98609e-04
 Reference value :  7.04989e-04
 Reference value :  7.15009e-04
 Reference value :  7.24209e-04
 Reference value :  7.25509e-04
 Reference value :  7.31689e-04
 Reference value :  7.39169e-04
 Reference value :  7.49509e-04
 Reference value :  7.54689e-04
 Reference value :  7.60989e-04
 Reference value :  7.64089e-04
 Reference value :  7.67409e-04
 Reference value :  7.68309e-04
 Reference value :  7.70509e-04
 Reference value :  7.74649e-04
 Reference value :  7.79669e-04
 Reference value :  7.87209e-04
 Reference value :  7.95489e-04
 Reference value :  7.99449e-04
 Reference value :  8.08109e-04
 Reference value :  8.09889e-04
 Reference value :  8.23469e-04
 Reference value :  8.36849e-04
 Reference value :  8.50029e-04
 Reference value :  8.61829e-04
 Reference value :  8.76049e-04
 Reference value :  8.88049e-04
 Reference value :  9.02589e-04
 Reference value :  9.17329e-04
 Reference value :  9.30189e-04
 Reference value :  9.44209e-04
 Reference value :  9.57629e-04
 Reference value :  9.72409e-04
 Reference value :  9.86269e-04
 Reference value :  9.99930e-04
 Reference value :  1.00911e-03
No. of Data Rows : 51441
Note: Simulation executed from .control section 

