
Note: No compatibility mode selected!


Circuit: * por-output-chain-deglitch glitch-width sweep -- postlayout @ ff / 125 c / 3.63 v, 0.5 us glitch -- generated by run_glitch_width_sweep.py, do not edit

Doing analysis at TEMP = 125.000000 and TNOM = 27.000000

Using SPARSE 1.3 as Direct Linear Solver

Initial Transient Solution
--------------------------

Node                                   Voltage
----                                   -------
vdd                                          0
por_raw                                      0
nib1                               4.13404e-19
ibias1                             4.13404e-19
vdd1                                         0
resetn1                            1.10682e-18
xdut1.pdn                          1.05265e-18
xdut1.pgdgb                       -1.94435e-19
xdut1.pgdg                         3.66179e-18
xdut1.nd1                          3.13003e-20
xdut1.ndl                          1.64025e-18
xdut1.ndg                          1.29535e-18
xdut1.ndgn                         1.12459e-19
xdut1.tim                          1.57801e-18
xdut1.trip                         2.93902e-21
xdut1.rstb                         -1.7305e-18
xdut1.nnand                        1.94871e-18
xdut1.nts                         -1.87092e-18
xdut1.ndgp                         2.27302e-18
xdut1.ndgn__par                    1.12459e-19
xdut1.ndg__par                     1.29535e-18
xdut1.pgdg__par                    3.66179e-18
xdut1.tim__par                     1.57801e-18
xdut1.trip__par                    2.93902e-21
xdut1.nnand__par                   1.94871e-18
xdut1.ndgp__par                    2.27302e-18
xdut1.rstb__par                    -1.7305e-18
xdut1.pdn__par                     1.05265e-18
xdut1.ndl__par                     1.64025e-18
xdut1.pgdgb__par                  -1.94435e-19
xdut1.nd1__par                     3.13003e-20
xdut1.nts__par                    -1.87092e-18
xdut1.ibias__par                   4.13404e-19
xdut1.por_raw__par                           0
xdut1.resetn__par                  1.10682e-18
xdut1.vdd__par                               0
xdut1.vss__par                               0
vd1#branch                         7.00337e-29
vib1#branch                                  0
vpr#branch                                   0
vsup#branch                       -7.00337e-29

 Reference value :  0.00000e+00
 Reference value :  1.60560e-06
 Reference value :  3.94560e-06
 Reference value :  5.02560e-06
 Reference value :  9.84560e-06
 Reference value :  2.39726e-05
 Reference value :  3.71726e-05
 Reference value :  4.99126e-05
 Reference value :  5.95030e-05
 Reference value :  6.73030e-05
 Reference value :  7.01430e-05
 Reference value :  7.55630e-05
 Reference value :  9.03230e-05
 Reference value :  1.03725e-04
 Reference value :  1.16985e-04
 Reference value :  1.31365e-04
 Reference value :  1.44625e-04
 Reference value :  1.50445e-04
 Reference value :  1.63705e-04
 Reference value :  1.78405e-04
 Reference value :  1.92125e-04
 Reference value :  2.05685e-04
 Reference value :  2.20265e-04
 Reference value :  2.32505e-04
 Reference value :  2.46005e-04
 Reference value :  2.59305e-04
 Reference value :  2.73185e-04
 Reference value :  2.82825e-04
 Reference value :  2.87505e-04
 Reference value :  3.00013e-04
 Reference value :  3.10955e-04
 Reference value :  3.21170e-04
 Reference value :  3.35010e-04
 Reference value :  3.46930e-04
 Reference value :  3.58910e-04
 Reference value :  3.70850e-04
 Reference value :  3.77650e-04
 Reference value :  3.81510e-04
 Reference value :  3.89630e-04
 Reference value :  3.96650e-04
 Reference value :  4.02750e-04
 Reference value :  4.08430e-04
 Reference value :  4.08490e-04
 Reference value :  4.08590e-04
 Reference value :  4.09270e-04
 Reference value :  4.14550e-04
 Reference value :  4.17590e-04
 Reference value :  4.30190e-04
 Reference value :  4.34750e-04
 Reference value :  4.36510e-04
 Reference value :  4.37690e-04
 Reference value :  4.38770e-04
 Reference value :  4.38850e-04
 Reference value :  4.38910e-04
 Reference value :  4.39030e-04
 Reference value :  4.39130e-04
 Reference value :  4.39210e-04
 Reference value :  4.39290e-04
 Reference value :  4.39390e-04
 Reference value :  4.39490e-04
 Reference value :  4.39570e-04
 Reference value :  4.39650e-04
 Reference value :  4.39730e-04
 Reference value :  4.39810e-04
 Reference value :  4.39890e-04
 Reference value :  4.39970e-04
 Reference value :  4.40050e-04
 Reference value :  4.44970e-04
 Reference value :  4.47690e-04
 Reference value :  4.52850e-04
 Reference value :  4.58430e-04
 Reference value :  4.70930e-04
 Reference value :  4.84070e-04
 Reference value :  4.96210e-04
 Reference value :  5.09330e-04
 Reference value :  5.23150e-04
 Reference value :  5.36210e-04
 Reference value :  5.50430e-04
 Reference value :  5.63970e-04
 Reference value :  5.70410e-04
 Reference value :  5.75250e-04
 Reference value :  5.82670e-04
 Reference value :  5.92270e-04
 Reference value :  6.00530e-04
 Reference value :  6.08470e-04
 Reference value :  6.13950e-04
 Reference value :  6.28250e-04
 Reference value :  6.42910e-04
 Reference value :  6.56170e-04
 Reference value :  6.70910e-04
 Reference value :  6.84490e-04
 Reference value :  6.99230e-04
 Reference value :  7.12690e-04
 Reference value :  7.27210e-04
 Reference value :  7.41810e-04
 Reference value :  7.54510e-04
 Reference value :  7.67150e-04
 Reference value :  7.80470e-04
 Reference value :  7.95150e-04
 Reference value :  8.08470e-04
 Reference value :  8.22810e-04
 Reference value :  8.37550e-04
 Reference value :  8.50870e-04
 Reference value :  8.65150e-04
 Reference value :  8.78850e-04
 Reference value :  8.92810e-04
 Reference value :  9.05990e-04
 Reference value :  9.20030e-04
 Reference value :  9.34550e-04
 Reference value :  9.45410e-04
 Reference value :  9.51010e-04
 Reference value :  9.63770e-04
 Reference value :  9.78430e-04
 Reference value :  9.90890e-04
 Reference value :  1.00077e-03
 Reference value :  1.01217e-03
 Reference value :  1.02609e-03
 Reference value :  1.03973e-03
 Reference value :  1.05105e-03
 Reference value :  1.06351e-03
 Reference value :  1.07679e-03
No. of Data Rows : 54369

  Measurements for Transient Analysis

timbefore           =  3.67136e-01
pgdgmin             =  3.46448e+00 at=  1.00051e-03
pgdgbmax            =  3.81926e-04 at=  1.00052e-03
timafter            =  3.67600e-01 at=  9.99900e-04


Total analysis time (seconds) = 5.34426

Total elapsed time (seconds) = 5.381 

Total DRAM available = 15700.234 MB.
DRAM currently available = 8201.691 MB.
Maximum ngspice program size =   79.957 MB.
Current ngspice program size =   17.938 MB.

Shared ngspice pages =    8.820 MB.
Text (code) pages =    6.355 MB.
Stack = 0 bytes.
Library pages =   65.273 MB.


