
Note: No compatibility mode selected!


Circuit: * por-output-chain-deglitch glitch-width sweep -- postlayout @ ff / 125 c / 3.63 v, 2 us glitch -- generated by run_glitch_width_sweep.py, do not edit

Doing analysis at TEMP = 125.000000 and TNOM = 27.000000

Using SPARSE 1.3 as Direct Linear Solver

Initial Transient Solution
--------------------------

Node                                   Voltage
----                                   -------
vdd                                          0
por_raw                                      0
nib1                               4.13404e-19
ibias1                             4.13404e-19
vdd1                                         0
resetn1                            1.10682e-18
xdut1.pdn                          1.05265e-18
xdut1.pgdgb                       -1.94435e-19
xdut1.pgdg                         3.66179e-18
xdut1.nd1                          3.13003e-20
xdut1.ndl                          1.64025e-18
xdut1.ndg                          1.29535e-18
xdut1.ndgn                         1.12459e-19
xdut1.tim                          1.57801e-18
xdut1.trip                         2.93902e-21
xdut1.rstb                         -1.7305e-18
xdut1.nnand                        1.94871e-18
xdut1.nts                         -1.87092e-18
xdut1.ndgp                         2.27302e-18
xdut1.ndgn__par                    1.12459e-19
xdut1.ndg__par                     1.29535e-18
xdut1.pgdg__par                    3.66179e-18
xdut1.tim__par                     1.57801e-18
xdut1.trip__par                    2.93902e-21
xdut1.nnand__par                   1.94871e-18
xdut1.ndgp__par                    2.27302e-18
xdut1.rstb__par                    -1.7305e-18
xdut1.pdn__par                     1.05265e-18
xdut1.ndl__par                     1.64025e-18
xdut1.pgdgb__par                  -1.94435e-19
xdut1.nd1__par                     3.13003e-20
xdut1.nts__par                    -1.87092e-18
xdut1.ibias__par                   4.13404e-19
xdut1.por_raw__par                           0
xdut1.resetn__par                  1.10682e-18
xdut1.vdd__par                               0
xdut1.vss__par                               0
vd1#branch                         7.00337e-29
vib1#branch                                  0
vpr#branch                                   0
vsup#branch                       -7.00337e-29

 Reference value :  0.00000e+00
 Reference value :  2.70560e-06
 Reference value :  1.17856e-05
 Reference value :  2.10326e-05
 Reference value :  3.17526e-05
 Reference value :  3.86126e-05
 Reference value :  5.14326e-05
 Reference value :  6.27430e-05
 Reference value :  7.63430e-05
 Reference value :  9.08430e-05
 Reference value :  1.05005e-04
 Reference value :  1.18605e-04
 Reference value :  1.32665e-04
 Reference value :  1.46725e-04
 Reference value :  1.61445e-04
 Reference value :  1.75025e-04
 Reference value :  1.89625e-04
 Reference value :  2.04185e-04
 Reference value :  2.10385e-04
 Reference value :  2.17365e-04
 Reference value :  2.26505e-04
 Reference value :  2.36205e-04
 Reference value :  2.48905e-04
 Reference value :  2.63885e-04
 Reference value :  2.78545e-04
 Reference value :  2.89765e-04
 Reference value :  3.01635e-04
 Reference value :  3.12620e-04
 Reference value :  3.25510e-04
 Reference value :  3.39150e-04
 Reference value :  3.53630e-04
 Reference value :  3.68010e-04
 Reference value :  3.81050e-04
 Reference value :  3.95790e-04
 Reference value :  4.08810e-04
 Reference value :  4.13310e-04
 Reference value :  4.17810e-04
 Reference value :  4.25450e-04
 Reference value :  4.33150e-04
 Reference value :  4.40390e-04
 Reference value :  4.45690e-04
 Reference value :  4.51630e-04
 Reference value :  4.55510e-04
 Reference value :  4.67930e-04
 Reference value :  4.81770e-04
 Reference value :  4.96350e-04
 Reference value :  5.07990e-04
 Reference value :  5.22410e-04
 Reference value :  5.33810e-04
 Reference value :  5.47590e-04
 Reference value :  5.60490e-04
 Reference value :  5.71650e-04
 Reference value :  5.85010e-04
 Reference value :  5.97930e-04
 Reference value :  6.11870e-04
 Reference value :  6.24190e-04
 Reference value :  6.38330e-04
 Reference value :  6.51430e-04
 Reference value :  6.65070e-04
 Reference value :  6.78490e-04
 Reference value :  6.91230e-04
 Reference value :  7.03930e-04
 Reference value :  7.15910e-04
 Reference value :  7.29490e-04
 Reference value :  7.43610e-04
 Reference value :  7.57090e-04
 Reference value :  7.71510e-04
 Reference value :  7.84610e-04
 Reference value :  7.98970e-04
 Reference value :  8.12330e-04
 Reference value :  8.26230e-04
 Reference value :  8.32870e-04
 Reference value :  8.37230e-04
 Reference value :  8.51410e-04
 Reference value :  8.58150e-04
 Reference value :  8.61270e-04
 Reference value :  8.63150e-04
 Reference value :  8.66770e-04
 Reference value :  8.71390e-04
 Reference value :  8.79430e-04
 Reference value :  8.87550e-04
 Reference value :  8.95630e-04
 Reference value :  9.01270e-04
 Reference value :  9.05130e-04
 Reference value :  9.10830e-04
 Reference value :  9.19130e-04
 Reference value :  9.27010e-04
 Reference value :  9.30190e-04
 Reference value :  9.35170e-04
 Reference value :  9.35690e-04
 Reference value :  9.35770e-04
 Reference value :  9.38450e-04
 Reference value :  9.38530e-04
 Reference value :  9.38610e-04
 Reference value :  9.38690e-04
 Reference value :  9.38770e-04
 Reference value :  9.38850e-04
 Reference value :  9.38930e-04
 Reference value :  9.39030e-04
 Reference value :  9.39110e-04
 Reference value :  9.39190e-04
 Reference value :  9.39270e-04
 Reference value :  9.39350e-04
 Reference value :  9.39430e-04
 Reference value :  9.39510e-04
 Reference value :  9.39590e-04
 Reference value :  9.39670e-04
 Reference value :  9.39750e-04
 Reference value :  9.39830e-04
 Reference value :  9.39910e-04
 Reference value :  9.39990e-04
 Reference value :  9.40070e-04
 Reference value :  9.40150e-04
 Reference value :  9.40210e-04
 Reference value :  9.40290e-04
 Reference value :  9.40550e-04
 Reference value :  9.43450e-04
 Reference value :  9.47130e-04
 Reference value :  9.49210e-04
 Reference value :  9.49290e-04
 Reference value :  9.49370e-04
 Reference value :  9.49430e-04
 Reference value :  9.49490e-04
 Reference value :  9.49550e-04
 Reference value :  9.49630e-04
 Reference value :  9.49710e-04
 Reference value :  9.49790e-04
 Reference value :  9.49870e-04
 Reference value :  9.49950e-04
 Reference value :  9.50010e-04
 Reference value :  9.50070e-04
 Reference value :  9.50130e-04
 Reference value :  9.51510e-04
 Reference value :  9.51590e-04
 Reference value :  9.51670e-04
 Reference value :  9.51750e-04
 Reference value :  9.51830e-04
 Reference value :  9.51910e-04
 Reference value :  9.51990e-04
 Reference value :  9.52070e-04
 Reference value :  9.52130e-04
 Reference value :  9.52210e-04
 Reference value :  9.52290e-04
 Reference value :  9.52370e-04
 Reference value :  9.52450e-04
 Reference value :  9.52530e-04
 Reference value :  9.52610e-04
 Reference value :  9.52690e-04
 Reference value :  9.52770e-04
 Reference value :  9.52850e-04
 Reference value :  9.52930e-04
 Reference value :  9.53010e-04
 Reference value :  9.53090e-04
 Reference value :  9.53170e-04
 Reference value :  9.53270e-04
 Reference value :  9.53350e-04
 Reference value :  9.53430e-04
 Reference value :  9.53510e-04
 Reference value :  9.53590e-04
 Reference value :  9.53690e-04
 Reference value :  9.53770e-04
 Reference value :  9.53850e-04
 Reference value :  9.53930e-04
 Reference value :  9.54010e-04
 Reference value :  9.54090e-04
 Reference value :  9.54170e-04
 Reference value :  9.54250e-04
 Reference value :  9.54330e-04
 Reference value :  9.54410e-04
 Reference value :  9.54490e-04
 Reference value :  9.54570e-04
 Reference value :  9.54630e-04
 Reference value :  9.54710e-04
 Reference value :  9.54770e-04
 Reference value :  9.54850e-04
 Reference value :  9.54930e-04
 Reference value :  9.56510e-04
 Reference value :  9.61490e-04
 Reference value :  9.61570e-04
 Reference value :  9.61650e-04
 Reference value :  9.61730e-04
 Reference value :  9.61810e-04
 Reference value :  9.61890e-04
 Reference value :  9.61970e-04
 Reference value :  9.62050e-04
 Reference value :  9.63490e-04
 Reference value :  9.76710e-04
 Reference value :  9.87530e-04
 Reference value :  9.99923e-04
 Reference value :  1.00461e-03
 Reference value :  1.01779e-03
 Reference value :  1.02957e-03
 Reference value :  1.04293e-03
 Reference value :  1.05739e-03
 Reference value :  1.07073e-03
No. of Data Rows : 54534

  Measurements for Transient Analysis

timbefore           =  3.67136e-01
pgdgmin             =  7.61787e-02 at=  1.00201e-03
pgdgbmax            =  3.63006e+00 at=  1.00204e-03
timafter            =  -1.02468e-03 at=  1.00243e-03


Total analysis time (seconds) = 9.17013

Total elapsed time (seconds) = 9.211 

Total DRAM available = 15700.234 MB.
DRAM currently available = 8348.715 MB.
Maximum ngspice program size =   79.953 MB.
Current ngspice program size =   18.113 MB.

Shared ngspice pages =    9.000 MB.
Text (code) pages =    6.355 MB.
Stack = 0 bytes.
Library pages =   65.270 MB.


