
Note: No compatibility mode selected!


Circuit: * por-output-chain-deglitch glitch-width sweep -- postlayout @ ff / 125 c / 3.63 v, 1.25 us glitch -- generated by run_glitch_width_sweep.py, do not edit

Doing analysis at TEMP = 125.000000 and TNOM = 27.000000

Using SPARSE 1.3 as Direct Linear Solver

Initial Transient Solution
--------------------------

Node                                   Voltage
----                                   -------
vdd                                          0
por_raw                                      0
nib1                               4.13404e-19
ibias1                             4.13404e-19
vdd1                                         0
resetn1                            1.10682e-18
xdut1.pdn                          1.05265e-18
xdut1.pgdgb                       -1.94435e-19
xdut1.pgdg                         3.66179e-18
xdut1.nd1                          3.13003e-20
xdut1.ndl                          1.64025e-18
xdut1.ndg                          1.29535e-18
xdut1.ndgn                         1.12459e-19
xdut1.tim                          1.57801e-18
xdut1.trip                         2.93902e-21
xdut1.rstb                         -1.7305e-18
xdut1.nnand                        1.94871e-18
xdut1.nts                         -1.87092e-18
xdut1.ndgp                         2.27302e-18
xdut1.ndgn__par                    1.12459e-19
xdut1.ndg__par                     1.29535e-18
xdut1.pgdg__par                    3.66179e-18
xdut1.tim__par                     1.57801e-18
xdut1.trip__par                    2.93902e-21
xdut1.nnand__par                   1.94871e-18
xdut1.ndgp__par                    2.27302e-18
xdut1.rstb__par                    -1.7305e-18
xdut1.pdn__par                     1.05265e-18
xdut1.ndl__par                     1.64025e-18
xdut1.pgdgb__par                  -1.94435e-19
xdut1.nd1__par                     3.13003e-20
xdut1.nts__par                    -1.87092e-18
xdut1.ibias__par                   4.13404e-19
xdut1.por_raw__par                           0
xdut1.resetn__par                  1.10682e-18
xdut1.vdd__par                               0
xdut1.vss__par                               0
vd1#branch                         7.00337e-29
vib1#branch                                  0
vpr#branch                                   0
vsup#branch                       -7.00337e-29

 Reference value :  0.00000e+00
 Reference value :  1.29656e-05
 Reference value :  2.55526e-05
 Reference value :  3.98326e-05
 Reference value :  5.32126e-05
 Reference value :  6.34630e-05
 Reference value :  7.76230e-05
 Reference value :  9.04430e-05
 Reference value :  1.04845e-04
 Reference value :  1.18645e-04
 Reference value :  1.32725e-04
 Reference value :  1.46065e-04
 Reference value :  1.57125e-04
 Reference value :  1.71685e-04
 Reference value :  1.84885e-04
 Reference value :  1.99505e-04
 Reference value :  2.11185e-04
 Reference value :  2.14425e-04
 Reference value :  2.16985e-04
 Reference value :  2.22545e-04
 Reference value :  2.26865e-04
 Reference value :  2.31645e-04
 Reference value :  2.36105e-04
 Reference value :  2.38485e-04
 Reference value :  2.45785e-04
 Reference value :  2.55405e-04
 Reference value :  2.69545e-04
 Reference value :  2.83845e-04
 Reference value :  2.97425e-04
 Reference value :  3.09455e-04
 Reference value :  3.19590e-04
 Reference value :  3.33290e-04
 Reference value :  3.45470e-04
 Reference value :  3.60030e-04
 Reference value :  3.73670e-04
 Reference value :  3.85490e-04
 Reference value :  3.99590e-04
 Reference value :  4.12850e-04
 Reference value :  4.27230e-04
 Reference value :  4.40770e-04
 Reference value :  4.53810e-04
 Reference value :  4.68410e-04
 Reference value :  4.81990e-04
 Reference value :  4.96250e-04
 Reference value :  5.09590e-04
 Reference value :  5.23930e-04
 Reference value :  5.38130e-04
 Reference value :  5.48390e-04
 Reference value :  5.51810e-04
 Reference value :  5.55590e-04
 Reference value :  5.57750e-04
 Reference value :  5.62550e-04
 Reference value :  5.70890e-04
 Reference value :  5.78630e-04
 Reference value :  5.86470e-04
 Reference value :  5.92430e-04
 Reference value :  6.01410e-04
 Reference value :  6.15150e-04
 Reference value :  6.24290e-04
 Reference value :  6.31430e-04
 Reference value :  6.33410e-04
 Reference value :  6.40050e-04
 Reference value :  6.46570e-04
 Reference value :  6.54270e-04
 Reference value :  6.62230e-04
 Reference value :  6.65850e-04
 Reference value :  6.69790e-04
 Reference value :  6.71490e-04
 Reference value :  6.85250e-04
 Reference value :  6.99330e-04
 Reference value :  7.12170e-04
 Reference value :  7.24270e-04
 Reference value :  7.30190e-04
 Reference value :  7.30710e-04
 Reference value :  7.33030e-04
 Reference value :  7.47030e-04
 Reference value :  7.60190e-04
 Reference value :  7.73770e-04
 Reference value :  7.87890e-04
 Reference value :  7.93850e-04
 Reference value :  7.96890e-04
 Reference value :  8.09310e-04
 Reference value :  8.22130e-04
 Reference value :  8.36070e-04
 Reference value :  8.48950e-04
 Reference value :  8.56710e-04
 Reference value :  8.62330e-04
 Reference value :  8.76170e-04
 Reference value :  8.89130e-04
 Reference value :  9.03450e-04
 Reference value :  9.17730e-04
 Reference value :  9.20430e-04
 Reference value :  9.26770e-04
 Reference value :  9.38730e-04
 Reference value :  9.52070e-04
 Reference value :  9.65310e-04
 Reference value :  9.73130e-04
 Reference value :  9.79490e-04
 Reference value :  9.93510e-04
 Reference value :  1.00129e-03
 Reference value :  1.01188e-03
 Reference value :  1.02592e-03
 Reference value :  1.03792e-03
 Reference value :  1.04642e-03
 Reference value :  1.05518e-03
 Reference value :  1.06100e-03
 Reference value :  1.06310e-03
 Reference value :  1.06430e-03
 Reference value :  1.06782e-03
 Reference value :  1.07050e-03
 Reference value :  1.07214e-03
 Reference value :  1.07866e-03
No. of Data Rows : 54471

  Measurements for Transient Analysis

timbefore           =  3.67136e-01
pgdgmin             =  1.27341e+00 at=  1.00127e-03
pgdgbmax            =  3.58892e+00 at=  1.00127e-03
timafter            =  2.47885e-03 at=  1.00130e-03


Total analysis time (seconds) = 4.81528

Total elapsed time (seconds) = 4.853 

Total DRAM available = 15700.234 MB.
DRAM currently available = 8165.125 MB.
Maximum ngspice program size =   79.953 MB.
Current ngspice program size =   17.922 MB.

Shared ngspice pages =    8.805 MB.
Text (code) pages =    6.355 MB.
Stack = 0 bytes.
Library pages =   65.270 MB.


