
Note: No compatibility mode selected!


Circuit: * por-output-chain-deglitch glitch-width sweep -- schematic @ ff / 125 c / 2.97 v, 0.5 us glitch -- generated by run_glitch_width_sweep.py, do not edit

Doing analysis at TEMP = 125.000000 and TNOM = 27.000000

Using SPARSE 1.3 as Direct Linear Solver

Initial Transient Solution
--------------------------

Node                                   Voltage
----                                   -------
vdd                                          0
por_raw                                      0
nib1                               3.79297e-19
ibias1                             3.79297e-19
vdd1                                         0
resetn1                           -4.73214e-18
xdut1.pdn                          7.63308e-20
xdut1.ndl                         -1.82436e-18
xdut1.ndgp                         9.57607e-19
xdut1.ndg                           1.8509e-18
xdut1.ndgn                         5.52662e-19
xdut1.pgdg                        -4.78185e-20
xdut1.pgdgb                         6.6462e-21
xdut1.nts                         -4.00598e-18
xdut1.tim                          4.57506e-19
xdut1.nd1                          3.16966e-20
xdut1.trip                         1.89373e-21
xdut1.rstb                         1.59608e-18
xdut1.nnand                       -2.68631e-18
vd1#branch                         6.77468e-28
vib1#branch                                  0
vpr#branch                                   0
vsup#branch                       -6.77468e-28

 Reference value :  0.00000e+00
 Reference value :  8.00000e-10
 Reference value :  2.56000e-08
 Reference value :  1.05600e-07
 Reference value :  1.85600e-07
 Reference value :  2.65600e-07
 Reference value :  3.25600e-07
 Reference value :  3.85600e-07
 Reference value :  4.65600e-07
 Reference value :  5.45600e-07
 Reference value :  6.25600e-07
 Reference value :  7.05600e-07
 Reference value :  7.85600e-07
 Reference value :  8.65600e-07
 Reference value :  9.45600e-07
 Reference value :  1.02560e-06
 Reference value :  1.10560e-06
 Reference value :  1.18560e-06
 Reference value :  1.26560e-06
 Reference value :  1.34560e-06
 Reference value :  1.42560e-06
 Reference value :  1.50560e-06
 Reference value :  1.58560e-06
 Reference value :  1.66560e-06
 Reference value :  1.74560e-06
 Reference value :  1.82560e-06
 Reference value :  1.90560e-06
 Reference value :  1.98560e-06
 Reference value :  2.06560e-06
 Reference value :  2.14560e-06
 Reference value :  2.22560e-06
 Reference value :  2.30560e-06
 Reference value :  2.36560e-06
 Reference value :  2.44560e-06
 Reference value :  2.50560e-06
 Reference value :  2.58560e-06
 Reference value :  2.66560e-06
 Reference value :  2.72560e-06
 Reference value :  2.78560e-06
 Reference value :  2.84560e-06
 Reference value :  2.90560e-06
 Reference value :  2.98560e-06
 Reference value :  3.06560e-06
 Reference value :  3.14560e-06
 Reference value :  3.20560e-06
 Reference value :  3.28560e-06
 Reference value :  3.34560e-06
 Reference value :  3.42560e-06
 Reference value :  3.50560e-06
 Reference value :  3.58560e-06
 Reference value :  3.66560e-06
 Reference value :  3.74560e-06
 Reference value :  3.82560e-06
 Reference value :  3.90560e-06
 Reference value :  3.98560e-06
 Reference value :  4.06560e-06
 Reference value :  4.12560e-06
 Reference value :  4.20560e-06
 Reference value :  4.30560e-06
 Reference value :  5.26560e-06
 Reference value :  5.34560e-06
 Reference value :  5.42560e-06
 Reference value :  5.50560e-06
 Reference value :  5.58560e-06
 Reference value :  5.68560e-06
 Reference value :  5.76560e-06
 Reference value :  5.86560e-06
 Reference value :  5.94560e-06
 Reference value :  6.02560e-06
 Reference value :  6.10560e-06
 Reference value :  6.18560e-06
 Reference value :  6.26560e-06
 Reference value :  6.36560e-06
 Reference value :  6.44560e-06
 Reference value :  6.54560e-06
 Reference value :  6.62560e-06
 Reference value :  6.70560e-06
 Reference value :  6.78560e-06
 Reference value :  6.86560e-06
 Reference value :  6.94560e-06
 Reference value :  8.04560e-06
 Reference value :  8.12560e-06
 Reference value :  8.18560e-06
 Reference value :  8.26560e-06
 Reference value :  8.36560e-06
 Reference value :  8.44560e-06
 Reference value :  8.52560e-06
 Reference value :  8.60560e-06
 Reference value :  8.68560e-06
 Reference value :  8.76560e-06
 Reference value :  8.84560e-06
 Reference value :  8.94560e-06
 Reference value :  9.04560e-06
 Reference value :  9.12560e-06
 Reference value :  9.22560e-06
 Reference value :  9.30560e-06
 Reference value :  9.40560e-06
 Reference value :  9.50560e-06
 Reference value :  9.58560e-06
 Reference value :  9.66560e-06
 Reference value :  9.74560e-06
 Reference value :  9.80560e-06
 Reference value :  9.88560e-06
 Reference value :  9.94560e-06
 Reference value :  1.00056e-05
 Reference value :  1.00656e-05
 Reference value :  1.01456e-05
 Reference value :  1.02256e-05
 Reference value :  1.03056e-05
 Reference value :  1.03856e-05
 Reference value :  1.04656e-05
 Reference value :  1.05456e-05
 Reference value :  1.06256e-05
 Reference value :  1.08656e-05
 Reference value :  1.09456e-05
 Reference value :  1.10256e-05
 Reference value :  1.11056e-05
 Reference value :  1.11856e-05
 Reference value :  1.12656e-05
 Reference value :  1.13456e-05
 Reference value :  1.14256e-05
 Reference value :  1.15056e-05
 Reference value :  1.15856e-05
 Reference value :  1.16656e-05
 Reference value :  1.17456e-05
 Reference value :  1.18256e-05
 Reference value :  1.19056e-05
 Reference value :  1.19856e-05
 Reference value :  1.20856e-05
 Reference value :  1.21656e-05
 Reference value :  1.22456e-05
 Reference value :  1.23256e-05
 Reference value :  1.24056e-05
 Reference value :  1.24856e-05
 Reference value :  1.25656e-05
 Reference value :  1.26456e-05
 Reference value :  1.27256e-05
 Reference value :  1.28256e-05
 Reference value :  1.29056e-05
 Reference value :  1.29656e-05
 Reference value :  1.30256e-05
 Reference value :  1.30856e-05
 Reference value :  1.31456e-05
 Reference value :  1.32256e-05
 Reference value :  1.33056e-05
 Reference value :  1.33856e-05
 Reference value :  1.34656e-05
 Reference value :  1.35656e-05
 Reference value :  1.36456e-05
 Reference value :  1.37256e-05
 Reference value :  1.38056e-05
 Reference value :  1.38856e-05
 Reference value :  1.39656e-05
 Reference value :  1.40456e-05
 Reference value :  1.41256e-05
 Reference value :  1.42056e-05
 Reference value :  1.42856e-05
 Reference value :  1.43656e-05
 Reference value :  1.44456e-05
 Reference value :  1.45456e-05
 Reference value :  1.46456e-05
 Reference value :  1.47256e-05
 Reference value :  1.48256e-05
 Reference value :  1.49056e-05
 Reference value :  1.49856e-05
 Reference value :  1.50656e-05
 Reference value :  1.51656e-05
 Reference value :  1.52656e-05
 Reference value :  1.53656e-05
 Reference value :  1.54656e-05
 Reference value :  1.55656e-05
 Reference value :  1.56656e-05
 Reference value :  1.57456e-05
 Reference value :  1.58256e-05
 Reference value :  1.59056e-05
 Reference value :  1.60056e-05
 Reference value :  1.60856e-05
 Reference value :  1.61656e-05
 Reference value :  1.62456e-05
 Reference value :  1.63256e-05
 Reference value :  1.64256e-05
 Reference value :  1.65256e-05
 Reference value :  1.66056e-05
 Reference value :  1.66856e-05
 Reference value :  1.67456e-05
 Reference value :  1.68256e-05
 Reference value :  1.69056e-05
 Reference value :  1.69856e-05
 Reference value :  1.70656e-05
 Reference value :  1.71656e-05
 Reference value :  1.72656e-05
 Reference value :  1.73656e-05
 Reference value :  1.74656e-05
 Reference value :  1.75456e-05
 Reference value :  1.76256e-05
 Reference value :  1.77056e-05
 Reference value :  1.77856e-05
 Reference value :  1.78656e-05
 Reference value :  1.79456e-05
 Reference value :  1.80256e-05
 Reference value :  1.81056e-05
 Reference value :  1.81856e-05
 Reference value :  1.82656e-05
 Reference value :  1.83656e-05
 Reference value :  1.84456e-05
 Reference value :  1.85256e-05
 Reference value :  1.86056e-05
 Reference value :  1.86856e-05
 Reference value :  1.87856e-05
 Reference value :  1.88656e-05
 Reference value :  1.89456e-05
 Reference value :  1.90256e-05
 Reference value :  1.91056e-05
 Reference value :  1.91856e-05
 Reference value :  1.92656e-05
 Reference value :  1.93456e-05
 Reference value :  1.94256e-05
 Reference value :  1.95056e-05
 Reference value :  1.95856e-05
 Reference value :  1.96656e-05
 Reference value :  1.97456e-05
 Reference value :  1.98256e-05
 Reference value :  1.99056e-05
 Reference value :  1.99856e-05
 Reference value :  2.00656e-05
 Reference value :  2.01456e-05
 Reference value :  2.02256e-05
 Reference value :  2.03256e-05
 Reference value :  2.04056e-05
 Reference value :  2.04856e-05
 Reference value :  2.05656e-05
 Reference value :  2.06656e-05
 Reference value :  2.07656e-05
 Reference value :  2.08456e-05
 Reference value :  2.09256e-05
 Reference value :  2.10056e-05
 Reference value :  2.10856e-05
 Reference value :  2.11656e-05
 Reference value :  2.12656e-05
 Reference value :  2.13456e-05
 Reference value :  2.14256e-05
 Reference value :  2.15056e-05
 Reference value :  2.15856e-05
 Reference value :  2.16856e-05
 Reference value :  2.17856e-05
 Reference value :  2.18656e-05
 Reference value :  2.19456e-05
 Reference value :  2.20256e-05
 Reference value :  2.21056e-05
 Reference value :  2.22056e-05
 Reference value :  2.23056e-05
 Reference value :  2.23856e-05
 Reference value :  2.24656e-05
 Reference value :  2.25456e-05
 Reference value :  2.26256e-05
 Reference value :  2.27056e-05
 Reference value :  2.27856e-05
 Reference value :  2.28656e-05
 Reference value :  2.29456e-05
 Reference value :  2.30256e-05
 Reference value :  2.31256e-05
 Reference value :  2.32056e-05
 Reference value :  2.32856e-05
 Reference value :  2.33656e-05
 Reference value :  2.34456e-05
 Reference value :  2.35256e-05
 Reference value :  2.36056e-05
 Reference value :  2.36856e-05
 Reference value :  2.37656e-05
 Reference value :  2.38456e-05
 Reference value :  2.39256e-05
 Reference value :  2.40056e-05
 Reference value :  2.41056e-05
 Reference value :  2.41856e-05
 Reference value :  2.42656e-05
 Reference value :  2.43456e-05
 Reference value :  2.44256e-05
 Reference value :  2.45056e-05
 Reference value :  2.46056e-05
 Reference value :  2.46856e-05
 Reference value :  2.47656e-05
 Reference value :  2.48456e-05
 Reference value :  2.49256e-05
 Reference value :  2.50056e-05
 Reference value :  2.51056e-05
 Reference value :  2.51856e-05
 Reference value :  2.52856e-05
 Reference value :  2.53856e-05
 Reference value :  2.54656e-05
 Reference value :  2.55656e-05
 Reference value :  2.56456e-05
 Reference value :  2.57256e-05
 Reference value :  2.58256e-05
 Reference value :  2.59256e-05
 Reference value :  2.60256e-05
 Reference value :  2.61056e-05
 Reference value :  2.62056e-05
 Reference value :  2.63056e-05
 Reference value :  2.64056e-05
 Reference value :  2.64856e-05
 Reference value :  2.65656e-05
 Reference value :  2.66456e-05
 Reference value :  2.67256e-05
 Reference value :  2.68056e-05
 Reference value :  2.68856e-05
 Reference value :  2.69656e-05
 Reference value :  2.70456e-05
 Reference value :  2.71256e-05
 Reference value :  2.72056e-05
 Reference value :  2.72856e-05
 Reference value :  2.73656e-05
 Reference value :  2.74456e-05
 Reference value :  2.75256e-05
 Reference value :  2.76056e-05
 Reference value :  2.76856e-05
 Reference value :  2.77856e-05
 Reference value :  2.78656e-05
 Reference value :  2.79456e-05
 Reference value :  2.80256e-05
 Reference value :  2.81056e-05
 Reference value :  2.81856e-05
 Reference value :  2.82656e-05
 Reference value :  2.83456e-05
 Reference value :  2.84256e-05
 Reference value :  2.85056e-05
 Reference value :  2.85856e-05
 Reference value :  2.86656e-05
 Reference value :  2.87456e-05
 Reference value :  2.88256e-05
 Reference value :  2.89056e-05
 Reference value :  2.89856e-05
 Reference value :  2.90656e-05
 Reference value :  2.91456e-05
 Reference value :  2.92256e-05
 Reference value :  2.93056e-05
 Reference value :  2.93856e-05
 Reference value :  2.94656e-05
 Reference value :  2.95456e-05
 Reference value :  2.96256e-05
 Reference value :  2.97056e-05
 Reference value :  2.97856e-05
 Reference value :  2.98656e-05
 Reference value :  2.99456e-05
 Reference value :  3.00256e-05
 Reference value :  3.01056e-05
 Reference value :  3.01856e-05
 Reference value :  3.02656e-05
 Reference value :  3.03456e-05
 Reference value :  3.04256e-05
 Reference value :  3.04856e-05
 Reference value :  3.05656e-05
 Reference value :  3.06456e-05
 Reference value :  3.07256e-05
 Reference value :  3.08056e-05
 Reference value :  3.08856e-05
 Reference value :  3.09656e-05
 Reference value :  3.10456e-05
 Reference value :  3.11256e-05
 Reference value :  3.12056e-05
 Reference value :  3.12856e-05
 Reference value :  3.13656e-05
 Reference value :  3.14256e-05
 Reference value :  3.15056e-05
 Reference value :  3.15856e-05
 Reference value :  3.16656e-05
 Reference value :  3.17456e-05
 Reference value :  3.18256e-05
 Reference value :  3.19056e-05
 Reference value :  3.19856e-05
 Reference value :  3.20656e-05
 Reference value :  3.21456e-05
 Reference value :  3.22256e-05
 Reference value :  3.23056e-05
 Reference value :  3.23856e-05
 Reference value :  3.24856e-05
 Reference value :  3.25856e-05
 Reference value :  3.26656e-05
 Reference value :  3.27456e-05
 Reference value :  3.28456e-05
 Reference value :  3.29256e-05
 Reference value :  3.30056e-05
 Reference value :  3.30856e-05
 Reference value :  3.31656e-05
 Reference value :  3.32656e-05
 Reference value :  3.33656e-05
 Reference value :  3.34656e-05
 Reference value :  3.35456e-05
 Reference value :  3.36256e-05
 Reference value :  3.37256e-05
 Reference value :  3.38056e-05
 Reference value :  3.38856e-05
 Reference value :  3.39656e-05
 Reference value :  3.40456e-05
 Reference value :  3.41256e-05
 Reference value :  3.42056e-05
 Reference value :  3.42856e-05
 Reference value :  3.43656e-05
 Reference value :  3.44456e-05
 Reference value :  3.45256e-05
 Reference value :  3.46256e-05
 Reference value :  3.47056e-05
 Reference value :  3.47856e-05
 Reference value :  3.48656e-05
 Reference value :  3.49456e-05
 Reference value :  3.50256e-05
 Reference value :  3.51056e-05
 Reference value :  3.51656e-05
 Reference value :  3.52456e-05
 Reference value :  3.53256e-05
 Reference value :  3.54056e-05
 Reference value :  3.54856e-05
 Reference value :  3.55456e-05
 Reference value :  3.56256e-05
 Reference value :  3.57056e-05
 Reference value :  3.57656e-05
 Reference value :  3.58456e-05
 Reference value :  3.59256e-05
 Reference value :  3.60056e-05
 Reference value :  3.60856e-05
 Reference value :  3.61856e-05
 Reference value :  3.62656e-05
 Reference value :  3.63456e-05
 Reference value :  3.64256e-05
 Reference value :  3.65056e-05
 Reference value :  3.65856e-05
 Reference value :  3.66656e-05
 Reference value :  3.67456e-05
 Reference value :  3.68256e-05
 Reference value :  3.69056e-05
 Reference value :  3.69856e-05
 Reference value :  3.70656e-05
 Reference value :  3.71456e-05
 Reference value :  3.72256e-05
 Reference value :  3.73056e-05
 Reference value :  3.73856e-05
 Reference value :  3.74656e-05
 Reference value :  3.75456e-05
 Reference value :  3.76256e-05
 Reference value :  3.77056e-05
 Reference value :  3.78056e-05
 Reference value :  3.78856e-05
 Reference value :  3.79656e-05
 Reference value :  3.80456e-05
 Reference value :  3.81256e-05
 Reference value :  3.82056e-05
 Reference value :  3.82856e-05
 Reference value :  3.83656e-05
 Reference value :  3.84456e-05
 Reference value :  3.85256e-05
 Reference value :  3.86056e-05
 Reference value :  3.86856e-05
 Reference value :  3.87856e-05
 Reference value :  3.88856e-05
 Reference value :  3.89656e-05
 Reference value :  3.90456e-05
 Reference value :  3.91256e-05
 Reference value :  3.92056e-05
 Reference value :  3.92856e-05
 Reference value :  3.93656e-05
 Reference value :  3.94456e-05
 Reference value :  3.95256e-05
 Reference value :  3.96056e-05
 Reference value :  3.97056e-05
 Reference value :  3.97656e-05
 Reference value :  3.98656e-05
 Reference value :  3.99656e-05
 Reference value :  4.00456e-05
 Reference value :  4.01456e-05
 Reference value :  4.02256e-05
 Reference value :  4.03056e-05
 Reference value :  4.03856e-05
 Reference value :  4.04856e-05
 Reference value :  4.05656e-05
 Reference value :  4.06456e-05
 Reference value :  4.07056e-05
 Reference value :  4.07856e-05
 Reference value :  4.08656e-05
 Reference value :  4.09456e-05
 Reference value :  4.10256e-05
 Reference value :  4.11056e-05
 Reference value :  4.11856e-05
 Reference value :  4.12656e-05
 Reference value :  4.13456e-05
 Reference value :  4.14256e-05
 Reference value :  4.14856e-05
 Reference value :  4.15456e-05
 Reference value :  4.16256e-05
 Reference value :  4.17056e-05
 Reference value :  4.17656e-05
 Reference value :  4.18256e-05
 Reference value :  4.19056e-05
 Reference value :  4.19656e-05
 Reference value :  4.20256e-05
 Reference value :  4.21056e-05
 Reference value :  4.21856e-05
 Reference value :  4.22656e-05
 Reference value :  4.23456e-05
 Reference value :  4.24256e-05
 Reference value :  4.25056e-05
 Reference value :  4.25856e-05
 Reference value :  4.26656e-05
 Reference value :  4.27456e-05
 Reference value :  4.28056e-05
 Reference value :  4.28856e-05
 Reference value :  4.29656e-05
 Reference value :  4.30456e-05
 Reference value :  4.36256e-05
 Reference value :  4.36856e-05
 Reference value :  4.37656e-05
 Reference value :  4.38256e-05
 Reference value :  4.39056e-05
 Reference value :  4.42056e-05
 Reference value :  4.42856e-05
 Reference value :  5.71856e-05
 Reference value :  7.02456e-05
 Reference value :  7.86860e-05
 Reference value :  8.75460e-05
 Reference value :  8.76060e-05
 Reference value :  8.76660e-05
 Reference value :  8.77260e-05
 Reference value :  8.77860e-05
 Reference value :  8.78660e-05
 Reference value :  8.79460e-05
 Reference value :  8.80260e-05
 Reference value :  8.81060e-05
 Reference value :  8.81860e-05
 Reference value :  8.82660e-05
 Reference value :  8.83460e-05
 Reference value :  8.84260e-05
 Reference value :  8.85060e-05
 Reference value :  8.85860e-05
 Reference value :  8.86660e-05
 Reference value :  8.87460e-05
 Reference value :  8.88260e-05
 Reference value :  8.89060e-05
 Reference value :  8.89860e-05
 Reference value :  8.90660e-05
 Reference value :  8.91260e-05
 Reference value :  8.92060e-05
 Reference value :  8.92860e-05
 Reference value :  8.93460e-05
 Reference value :  8.94060e-05
 Reference value :  8.94660e-05
 Reference value :  8.95460e-05
 Reference value :  8.96260e-05
 Reference value :  8.97060e-05
 Reference value :  8.97660e-05
 Reference value :  8.98460e-05
 Reference value :  8.99260e-05
 Reference value :  8.99860e-05
 Reference value :  9.00660e-05
 Reference value :  9.01460e-05
 Reference value :  9.02260e-05
 Reference value :  9.02860e-05
 Reference value :  9.03460e-05
 Reference value :  9.04060e-05
 Reference value :  9.04860e-05
 Reference value :  9.05460e-05
 Reference value :  9.06060e-05
 Reference value :  9.06660e-05
 Reference value :  9.07460e-05
 Reference value :  9.08260e-05
 Reference value :  9.08860e-05
 Reference value :  9.09460e-05
 Reference value :  9.10260e-05
 Reference value :  9.11060e-05
 Reference value :  9.11860e-05
 Reference value :  9.12660e-05
 Reference value :  9.13460e-05
 Reference value :  9.14060e-05
 Reference value :  9.14860e-05
 Reference value :  9.15460e-05
 Reference value :  9.16260e-05
 Reference value :  9.17060e-05
 Reference value :  9.17860e-05
 Reference value :  9.18460e-05
 Reference value :  9.19260e-05
 Reference value :  9.20060e-05
 Reference value :  9.20860e-05
 Reference value :  9.21460e-05
 Reference value :  9.22260e-05
 Reference value :  9.23460e-05
 Reference value :  9.35660e-05
 Reference value :  9.36460e-05
 Reference value :  9.37260e-05
 Reference value :  9.37860e-05
 Reference value :  9.38460e-05
 Reference value :  9.39260e-05
 Reference value :  9.39860e-05
 Reference value :  9.40660e-05
 Reference value :  9.41260e-05
 Reference value :  9.41860e-05
 Reference value :  9.42460e-05
 Reference value :  9.43260e-05
 Reference value :  9.44060e-05
 Reference value :  9.44860e-05
 Reference value :  9.45660e-05
 Reference value :  9.46460e-05
 Reference value :  9.47260e-05
 Reference value :  9.48060e-05
 Reference value :  9.48860e-05
 Reference value :  9.49660e-05
 Reference value :  9.50460e-05
 Reference value :  9.51260e-05
 Reference value :  9.52060e-05
 Reference value :  9.52860e-05
 Reference value :  9.53460e-05
 Reference value :  9.54060e-05
 Reference value :  9.54660e-05
 Reference value :  9.55460e-05
 Reference value :  9.56260e-05
 Reference value :  9.57060e-05
 Reference value :  9.57860e-05
 Reference value :  9.58660e-05
 Reference value :  9.59460e-05
 Reference value :  9.60260e-05
 Reference value :  9.61060e-05
 Reference value :  9.61860e-05
 Reference value :  9.62460e-05
 Reference value :  9.63260e-05
 Reference value :  9.64060e-05
 Reference value :  9.64860e-05
 Reference value :  9.65660e-05
 Reference value :  9.66460e-05
 Reference value :  9.67260e-05
 Reference value :  9.67860e-05
 Reference value :  9.68660e-05
 Reference value :  9.69460e-05
 Reference value :  9.70260e-05
 Reference value :  9.70860e-05
 Reference value :  9.71660e-05
 Reference value :  9.72460e-05
 Reference value :  9.73460e-05
 Reference value :  9.74460e-05
 Reference value :  9.75460e-05
 Reference value :  9.76260e-05
 Reference value :  9.77060e-05
 Reference value :  9.77860e-05
 Reference value :  9.78860e-05
 Reference value :  9.79660e-05
 Reference value :  9.80460e-05
 Reference value :  9.81260e-05
 Reference value :  9.82060e-05
 Reference value :  9.82860e-05
 Reference value :  9.83660e-05
 Reference value :  9.84460e-05
 Reference value :  9.85260e-05
 Reference value :  9.86060e-05
 Reference value :  9.86860e-05
 Reference value :  9.87660e-05
 Reference value :  9.88460e-05
 Reference value :  9.89260e-05
 Reference value :  9.90060e-05
 Reference value :  9.90860e-05
 Reference value :  9.91660e-05
 Reference value :  9.92460e-05
 Reference value :  9.93460e-05
 Reference value :  9.94460e-05
 Reference value :  9.95260e-05
 Reference value :  9.96060e-05
 Reference value :  9.96860e-05
 Reference value :  9.97860e-05
 Reference value :  9.98660e-05
 Reference value :  9.99660e-05
 Reference value :  1.00006e-04
 Reference value :  1.00064e-04
 Reference value :  1.00144e-04
 Reference value :  1.00224e-04
 Reference value :  1.00304e-04
 Reference value :  1.00384e-04
 Reference value :  1.00464e-04
 Reference value :  1.00524e-04
 Reference value :  1.00624e-04
 Reference value :  1.00704e-04
 Reference value :  1.00784e-04
 Reference value :  1.00864e-04
 Reference value :  1.00944e-04
 Reference value :  1.01024e-04
 Reference value :  1.01104e-04
 Reference value :  1.01184e-04
 Reference value :  1.01264e-04
 Reference value :  1.01344e-04
 Reference value :  1.01424e-04
 Reference value :  1.01504e-04
 Reference value :  1.01584e-04
 Reference value :  1.01664e-04
 Reference value :  1.01744e-04
 Reference value :  1.01824e-04
 Reference value :  1.01904e-04
 Reference value :  1.02004e-04
 Reference value :  1.02104e-04
 Reference value :  1.02184e-04
 Reference value :  1.02264e-04
 Reference value :  1.02344e-04
 Reference value :  1.02444e-04
 Reference value :  1.02524e-04
 Reference value :  1.02604e-04
 Reference value :  1.02684e-04
 Reference value :  1.02764e-04
 Reference value :  1.02844e-04
 Reference value :  1.02944e-04
 Reference value :  1.03024e-04
 Reference value :  1.03124e-04
 Reference value :  1.03204e-04
 Reference value :  1.03284e-04
 Reference value :  1.03364e-04
 Reference value :  1.03444e-04
 Reference value :  1.03544e-04
 Reference value :  1.03644e-04
 Reference value :  1.03724e-04
 Reference value :  1.03804e-04
 Reference value :  1.03884e-04
 Reference value :  1.03944e-04
 Reference value :  1.04024e-04
 Reference value :  1.04104e-04
 Reference value :  1.04184e-04
 Reference value :  1.04264e-04
 Reference value :  1.04344e-04
 Reference value :  1.04424e-04
 Reference value :  1.04524e-04
 Reference value :  1.04604e-04
 Reference value :  1.04704e-04
 Reference value :  1.04784e-04
 Reference value :  1.04864e-04
 Reference value :  1.04944e-04
 Reference value :  1.05024e-04
 Reference value :  1.05104e-04
 Reference value :  1.05184e-04
 Reference value :  1.05264e-04
 Reference value :  1.05344e-04
 Reference value :  1.05424e-04
 Reference value :  1.05524e-04
 Reference value :  1.05604e-04
 Reference value :  1.05684e-04
 Reference value :  1.05784e-04
 Reference value :  1.05884e-04
 Reference value :  1.05964e-04
 Reference value :  1.06044e-04
 Reference value :  1.06124e-04
 Reference value :  1.06204e-04
 Reference value :  1.06284e-04
 Reference value :  1.06364e-04
 Reference value :  1.06464e-04
 Reference value :  1.06544e-04
 Reference value :  1.06624e-04
 Reference value :  1.06704e-04
 Reference value :  1.06804e-04
 Reference value :  1.06884e-04
 Reference value :  1.06964e-04
 Reference value :  1.07064e-04
 Reference value :  1.07144e-04
 Reference value :  1.07224e-04
 Reference value :  1.07304e-04
 Reference value :  1.07384e-04
 Reference value :  1.07464e-04
 Reference value :  1.07544e-04
 Reference value :  1.07624e-04
 Reference value :  1.07704e-04
 Reference value :  1.07784e-04
 Reference value :  1.07864e-04
 Reference value :  1.07924e-04
 Reference value :  1.08004e-04
 Reference value :  1.08084e-04
 Reference value :  1.08164e-04
 Reference value :  1.08224e-04
 Reference value :  1.08304e-04
 Reference value :  1.08384e-04
 Reference value :  1.08464e-04
 Reference value :  1.08544e-04
 Reference value :  1.08624e-04
 Reference value :  1.08704e-04
 Reference value :  1.08784e-04
 Reference value :  1.08864e-04
 Reference value :  1.08944e-04
 Reference value :  1.09024e-04
 Reference value :  1.09104e-04
 Reference value :  1.09184e-04
 Reference value :  1.09264e-04
 Reference value :  1.09344e-04
 Reference value :  1.09424e-04
 Reference value :  1.09504e-04
 Reference value :  1.09584e-04
 Reference value :  1.09644e-04
 Reference value :  1.09724e-04
 Reference value :  1.09804e-04
 Reference value :  1.09884e-04
 Reference value :  1.09964e-04
 Reference value :  1.10044e-04
 Reference value :  1.10124e-04
 Reference value :  1.10204e-04
 Reference value :  1.10284e-04
 Reference value :  1.10364e-04
 Reference value :  1.10444e-04
 Reference value :  1.10524e-04
 Reference value :  1.10604e-04
 Reference value :  1.10684e-04
 Reference value :  1.10764e-04
 Reference value :  1.10844e-04
 Reference value :  1.10924e-04
 Reference value :  1.11004e-04
 Reference value :  1.11084e-04
 Reference value :  1.11164e-04
 Reference value :  1.11244e-04
 Reference value :  1.11324e-04
 Reference value :  1.11404e-04
 Reference value :  1.11484e-04
 Reference value :  1.11564e-04
 Reference value :  1.11644e-04
 Reference value :  1.11704e-04
 Reference value :  1.11784e-04
 Reference value :  1.11864e-04
 Reference value :  1.11944e-04
 Reference value :  1.12024e-04
 Reference value :  1.12104e-04
 Reference value :  1.12184e-04
 Reference value :  1.12264e-04
 Reference value :  1.12344e-04
 Reference value :  1.12404e-04
 Reference value :  1.12484e-04
 Reference value :  1.12564e-04
 Reference value :  1.12644e-04
 Reference value :  1.12744e-04
 Reference value :  1.12824e-04
 Reference value :  1.12904e-04
 Reference value :  1.12984e-04
 Reference value :  1.13064e-04
 Reference value :  1.13144e-04
 Reference value :  1.13224e-04
 Reference value :  1.13304e-04
 Reference value :  1.13384e-04
 Reference value :  1.13464e-04
 Reference value :  1.13544e-04
 Reference value :  1.13644e-04
 Reference value :  1.13744e-04
 Reference value :  1.13844e-04
 Reference value :  1.13924e-04
 Reference value :  1.14004e-04
 Reference value :  1.14084e-04
 Reference value :  1.14164e-04
 Reference value :  1.14244e-04
 Reference value :  1.14324e-04
 Reference value :  1.14404e-04
 Reference value :  1.14484e-04
 Reference value :  1.14564e-04
 Reference value :  1.14644e-04
 Reference value :  1.14724e-04
 Reference value :  1.14804e-04
 Reference value :  1.14864e-04
 Reference value :  1.14924e-04
 Reference value :  1.15004e-04
 Reference value :  1.15084e-04
 Reference value :  1.15144e-04
 Reference value :  1.15224e-04
 Reference value :  1.15284e-04
 Reference value :  1.15364e-04
 Reference value :  1.15444e-04
 Reference value :  1.15504e-04
 Reference value :  1.15584e-04
 Reference value :  1.15644e-04
 Reference value :  1.15724e-04
 Reference value :  1.15804e-04
 Reference value :  1.15884e-04
 Reference value :  1.15964e-04
 Reference value :  1.16024e-04
 Reference value :  1.16104e-04
 Reference value :  1.16204e-04
 Reference value :  1.16304e-04
 Reference value :  1.16384e-04
 Reference value :  1.16464e-04
 Reference value :  1.16544e-04
 Reference value :  1.16624e-04
 Reference value :  1.16704e-04
 Reference value :  1.16804e-04
 Reference value :  1.16884e-04
 Reference value :  1.16964e-04
 Reference value :  1.17044e-04
 Reference value :  1.17124e-04
 Reference value :  1.17184e-04
 Reference value :  1.17264e-04
 Reference value :  1.17344e-04
 Reference value :  1.17404e-04
 Reference value :  1.17464e-04
 Reference value :  1.17544e-04
 Reference value :  1.17624e-04
 Reference value :  1.17704e-04
 Reference value :  1.17784e-04
 Reference value :  1.17864e-04
 Reference value :  1.17944e-04
 Reference value :  1.18024e-04
 Reference value :  1.18104e-04
 Reference value :  1.18164e-04
 Reference value :  1.18244e-04
 Reference value :  1.18324e-04
 Reference value :  1.18404e-04
 Reference value :  1.18484e-04
 Reference value :  1.18564e-04
 Reference value :  1.18644e-04
 Reference value :  1.18724e-04
 Reference value :  1.18804e-04
 Reference value :  1.18884e-04
 Reference value :  1.18964e-04
 Reference value :  1.19044e-04
 Reference value :  1.19124e-04
 Reference value :  1.19204e-04
 Reference value :  1.19284e-04
 Reference value :  1.19344e-04
 Reference value :  1.19404e-04
 Reference value :  1.19484e-04
 Reference value :  1.19564e-04
 Reference value :  1.19644e-04
 Reference value :  1.19724e-04
 Reference value :  1.19804e-04
 Reference value :  1.19884e-04
 Reference value :  1.19964e-04
 Reference value :  1.20044e-04
 Reference value :  1.20124e-04
 Reference value :  1.20204e-04
 Reference value :  1.20284e-04
 Reference value :  1.20364e-04
 Reference value :  1.20444e-04
 Reference value :  1.20524e-04
 Reference value :  1.20604e-04
 Reference value :  1.20684e-04
 Reference value :  1.20764e-04
 Reference value :  1.20824e-04
 Reference value :  1.20904e-04
 Reference value :  1.20984e-04
 Reference value :  1.21064e-04
 Reference value :  1.21144e-04
 Reference value :  1.21204e-04
 Reference value :  1.21304e-04
 Reference value :  1.21384e-04
 Reference value :  1.21464e-04
 Reference value :  1.21544e-04
 Reference value :  1.21644e-04
 Reference value :  1.21724e-04
 Reference value :  1.21804e-04
 Reference value :  1.21884e-04
 Reference value :  1.21964e-04
 Reference value :  1.22044e-04
 Reference value :  1.22124e-04
 Reference value :  1.22204e-04
 Reference value :  1.22284e-04
 Reference value :  1.22364e-04
 Reference value :  1.22444e-04
 Reference value :  1.22524e-04
 Reference value :  1.22604e-04
 Reference value :  1.22684e-04
 Reference value :  1.22764e-04
 Reference value :  1.22844e-04
 Reference value :  1.22924e-04
 Reference value :  1.23024e-04
 Reference value :  1.23124e-04
 Reference value :  1.23204e-04
 Reference value :  1.23304e-04
 Reference value :  1.23404e-04
 Reference value :  1.23504e-04
 Reference value :  1.23584e-04
 Reference value :  1.23684e-04
 Reference value :  1.23764e-04
 Reference value :  1.23864e-04
 Reference value :  1.23964e-04
 Reference value :  1.24064e-04
 Reference value :  1.24144e-04
 Reference value :  1.24244e-04
 Reference value :  1.24324e-04
 Reference value :  1.24404e-04
 Reference value :  1.24484e-04
 Reference value :  1.24584e-04
 Reference value :  1.24664e-04
 Reference value :  1.24744e-04
 Reference value :  1.24824e-04
 Reference value :  1.24904e-04
 Reference value :  1.24984e-04
 Reference value :  1.25064e-04
 Reference value :  1.25144e-04
 Reference value :  1.25224e-04
 Reference value :  1.25304e-04
 Reference value :  1.25384e-04
 Reference value :  1.25464e-04
 Reference value :  1.25544e-04
 Reference value :  1.25624e-04
 Reference value :  1.25704e-04
 Reference value :  1.25784e-04
 Reference value :  1.25864e-04
 Reference value :  1.25944e-04
 Reference value :  1.26004e-04
 Reference value :  1.26064e-04
 Reference value :  1.26124e-04
 Reference value :  1.26204e-04
 Reference value :  1.26264e-04
 Reference value :  1.26344e-04
 Reference value :  1.26424e-04
 Reference value :  1.26504e-04
 Reference value :  1.26584e-04
 Reference value :  1.26664e-04
 Reference value :  1.26724e-04
 Reference value :  1.26804e-04
 Reference value :  1.26864e-04
 Reference value :  1.26944e-04
 Reference value :  1.27024e-04
 Reference value :  1.27104e-04
 Reference value :  1.27184e-04
 Reference value :  1.27264e-04
 Reference value :  1.27344e-04
 Reference value :  1.27424e-04
 Reference value :  1.27524e-04
 Reference value :  1.27624e-04
 Reference value :  1.27704e-04
 Reference value :  1.27804e-04
 Reference value :  1.27884e-04
 Reference value :  1.27964e-04
 Reference value :  1.28044e-04
 Reference value :  1.28124e-04
 Reference value :  1.28204e-04
 Reference value :  1.28284e-04
 Reference value :  1.28364e-04
 Reference value :  1.28444e-04
 Reference value :  1.28524e-04
 Reference value :  1.28604e-04
 Reference value :  1.28704e-04
 Reference value :  1.28784e-04
 Reference value :  1.28864e-04
 Reference value :  1.28924e-04
 Reference value :  1.29004e-04
 Reference value :  1.29084e-04
 Reference value :  1.29164e-04
 Reference value :  1.29244e-04
 Reference value :  1.29324e-04
 Reference value :  1.29424e-04
 Reference value :  1.29524e-04
 Reference value :  1.29604e-04
 Reference value :  1.29684e-04
 Reference value :  1.29764e-04
 Reference value :  1.29844e-04
 Reference value :  1.29924e-04
 Reference value :  1.30004e-04
 Reference value :  1.30084e-04
 Reference value :  1.30144e-04
 Reference value :  1.30224e-04
 Reference value :  1.30304e-04
 Reference value :  1.30384e-04
 Reference value :  1.30464e-04
 Reference value :  1.30564e-04
 Reference value :  1.30644e-04
 Reference value :  1.30724e-04
 Reference value :  1.30804e-04
 Reference value :  1.30884e-04
 Reference value :  1.30964e-04
 Reference value :  1.31044e-04
 Reference value :  1.31124e-04
 Reference value :  1.31204e-04
 Reference value :  1.31284e-04
 Reference value :  1.31364e-04
 Reference value :  1.31444e-04
 Reference value :  1.31524e-04
 Reference value :  1.31604e-04
 Reference value :  1.31664e-04
 Reference value :  1.31724e-04
 Reference value :  1.31804e-04
 Reference value :  1.31884e-04
 Reference value :  1.31964e-04
 Reference value :  1.32024e-04
 Reference value :  1.32104e-04
 Reference value :  1.32184e-04
 Reference value :  1.32264e-04
 Reference value :  1.32344e-04
 Reference value :  1.32444e-04
 Reference value :  1.32524e-04
 Reference value :  1.32604e-04
 Reference value :  1.32684e-04
 Reference value :  1.32764e-04
 Reference value :  1.32844e-04
 Reference value :  1.32924e-04
 Reference value :  1.33024e-04
 Reference value :  1.33104e-04
 Reference value :  1.33184e-04
 Reference value :  1.33264e-04
 Reference value :  1.33344e-04
 Reference value :  1.33424e-04
 Reference value :  1.33504e-04
 Reference value :  1.33584e-04
 Reference value :  1.33664e-04
 Reference value :  1.33764e-04
 Reference value :  1.33844e-04
 Reference value :  1.33924e-04
 Reference value :  1.34004e-04
 Reference value :  1.34084e-04
 Reference value :  1.34164e-04
 Reference value :  1.34244e-04
 Reference value :  1.34324e-04
 Reference value :  1.34404e-04
 Reference value :  1.34484e-04
 Reference value :  1.34584e-04
 Reference value :  1.34664e-04
 Reference value :  1.34744e-04
 Reference value :  1.34824e-04
 Reference value :  1.34904e-04
 Reference value :  1.34984e-04
 Reference value :  1.35064e-04
 Reference value :  1.35144e-04
 Reference value :  1.35224e-04
 Reference value :  1.35304e-04
 Reference value :  1.35404e-04
 Reference value :  1.35484e-04
 Reference value :  1.35564e-04
 Reference value :  1.35644e-04
 Reference value :  1.35724e-04
 Reference value :  1.35804e-04
 Reference value :  1.35884e-04
 Reference value :  1.35964e-04
 Reference value :  1.36044e-04
 Reference value :  1.36124e-04
 Reference value :  1.36204e-04
 Reference value :  1.36284e-04
 Reference value :  1.36364e-04
 Reference value :  1.36444e-04
 Reference value :  1.36524e-04
 Reference value :  1.36604e-04
 Reference value :  1.36684e-04
 Reference value :  1.36764e-04
 Reference value :  1.36844e-04
 Reference value :  1.36924e-04
 Reference value :  1.37004e-04
 Reference value :  1.37084e-04
 Reference value :  1.37164e-04
 Reference value :  1.37244e-04
 Reference value :  1.37324e-04
 Reference value :  1.37404e-04
 Reference value :  1.37484e-04
 Reference value :  1.37584e-04
 Reference value :  1.37664e-04
 Reference value :  1.37744e-04
 Reference value :  1.37824e-04
 Reference value :  1.37924e-04
 Reference value :  1.38024e-04
 Reference value :  1.38104e-04
 Reference value :  1.38204e-04
 Reference value :  1.38304e-04
 Reference value :  1.38384e-04
 Reference value :  1.38464e-04
 Reference value :  1.38544e-04
 Reference value :  1.38624e-04
 Reference value :  1.38704e-04
 Reference value :  1.38804e-04
 Reference value :  1.38904e-04
 Reference value :  1.38984e-04
 Reference value :  1.39064e-04
 Reference value :  1.39144e-04
 Reference value :  1.39244e-04
 Reference value :  1.39344e-04
 Reference value :  1.39424e-04
 Reference value :  1.39524e-04
 Reference value :  1.39604e-04
 Reference value :  1.39684e-04
 Reference value :  1.39764e-04
 Reference value :  1.39844e-04
 Reference value :  1.39924e-04
 Reference value :  1.40024e-04
 Reference value :  1.40104e-04
 Reference value :  1.40204e-04
 Reference value :  1.40284e-04
 Reference value :  1.40364e-04
 Reference value :  1.40444e-04
 Reference value :  1.40544e-04
 Reference value :  1.40624e-04
 Reference value :  1.40724e-04
 Reference value :  1.40804e-04
 Reference value :  1.40864e-04
 Reference value :  1.40944e-04
 Reference value :  1.41024e-04
 Reference value :  1.41104e-04
 Reference value :  1.41184e-04
 Reference value :  1.41264e-04
 Reference value :  1.41344e-04
 Reference value :  1.41444e-04
 Reference value :  1.41524e-04
 Reference value :  1.41604e-04
 Reference value :  1.41684e-04
 Reference value :  1.41784e-04
 Reference value :  1.41864e-04
 Reference value :  1.41944e-04
 Reference value :  1.42024e-04
 Reference value :  1.42104e-04
 Reference value :  1.42184e-04
 Reference value :  1.42244e-04
 Reference value :  1.42324e-04
 Reference value :  1.42404e-04
 Reference value :  1.42484e-04
 Reference value :  1.42564e-04
 Reference value :  1.42644e-04
 Reference value :  1.42724e-04
 Reference value :  1.42804e-04
 Reference value :  1.42884e-04
 Reference value :  1.42964e-04
 Reference value :  1.43044e-04
 Reference value :  1.43124e-04
 Reference value :  1.43204e-04
 Reference value :  1.43284e-04
 Reference value :  1.43364e-04
 Reference value :  1.43444e-04
 Reference value :  1.43524e-04
 Reference value :  1.43604e-04
 Reference value :  1.43684e-04
 Reference value :  1.43764e-04
 Reference value :  1.43844e-04
 Reference value :  1.43924e-04
 Reference value :  1.44004e-04
 Reference value :  1.44064e-04
 Reference value :  1.44144e-04
 Reference value :  1.44224e-04
 Reference value :  1.44304e-04
 Reference value :  1.44384e-04
 Reference value :  1.44484e-04
 Reference value :  1.44564e-04
 Reference value :  1.44644e-04
 Reference value :  1.44744e-04
 Reference value :  1.44824e-04
 Reference value :  1.44904e-04
 Reference value :  1.44984e-04
 Reference value :  1.45064e-04
 Reference value :  1.45144e-04
 Reference value :  1.45224e-04
 Reference value :  1.45304e-04
 Reference value :  1.45384e-04
 Reference value :  1.45464e-04
 Reference value :  1.45544e-04
 Reference value :  1.45624e-04
 Reference value :  1.45704e-04
 Reference value :  1.45784e-04
 Reference value :  1.45864e-04
 Reference value :  1.45944e-04
 Reference value :  1.46024e-04
 Reference value :  1.46104e-04
 Reference value :  1.46184e-04
 Reference value :  1.46264e-04
 Reference value :  1.46364e-04
 Reference value :  1.46444e-04
 Reference value :  1.46544e-04
 Reference value :  1.46624e-04
 Reference value :  1.46704e-04
 Reference value :  1.46784e-04
 Reference value :  1.46864e-04
 Reference value :  1.46944e-04
 Reference value :  1.47044e-04
 Reference value :  1.47124e-04
 Reference value :  1.47204e-04
 Reference value :  1.47284e-04
 Reference value :  1.47384e-04
 Reference value :  1.47464e-04
 Reference value :  1.47564e-04
 Reference value :  1.47644e-04
 Reference value :  1.47724e-04
 Reference value :  1.47804e-04
 Reference value :  1.47884e-04
 Reference value :  1.47964e-04
 Reference value :  1.48044e-04
 Reference value :  1.48124e-04
 Reference value :  1.48204e-04
 Reference value :  1.48284e-04
 Reference value :  1.48364e-04
 Reference value :  1.48444e-04
 Reference value :  1.48524e-04
 Reference value :  1.48604e-04
 Reference value :  1.48704e-04
 Reference value :  1.48784e-04
 Reference value :  1.48864e-04
 Reference value :  1.48944e-04
 Reference value :  1.49024e-04
 Reference value :  1.49104e-04
 Reference value :  1.49184e-04
 Reference value :  1.49264e-04
 Reference value :  1.49344e-04
 Reference value :  1.49404e-04
 Reference value :  1.49484e-04
 Reference value :  1.49564e-04
 Reference value :  1.49644e-04
 Reference value :  1.49724e-04
 Reference value :  1.49804e-04
 Reference value :  1.49864e-04
 Reference value :  1.49944e-04
 Reference value :  1.50004e-04
 Reference value :  1.50084e-04
 Reference value :  1.50164e-04
 Reference value :  1.50244e-04
 Reference value :  1.50324e-04
 Reference value :  1.50404e-04
 Reference value :  1.50484e-04
 Reference value :  1.50564e-04
 Reference value :  1.50644e-04
 Reference value :  1.50744e-04
 Reference value :  1.50824e-04
 Reference value :  1.50924e-04
 Reference value :  1.51024e-04
 Reference value :  1.51124e-04
 Reference value :  1.51224e-04
 Reference value :  1.51304e-04
 Reference value :  1.51384e-04
 Reference value :  1.51484e-04
 Reference value :  1.51584e-04
 Reference value :  1.51664e-04
 Reference value :  1.51744e-04
 Reference value :  1.51844e-04
 Reference value :  1.51944e-04
 Reference value :  1.52024e-04
 Reference value :  1.52104e-04
 Reference value :  1.52184e-04
 Reference value :  1.52264e-04
 Reference value :  1.52344e-04
 Reference value :  1.52424e-04
 Reference value :  1.52504e-04
 Reference value :  1.52584e-04
 Reference value :  1.52664e-04
 Reference value :  1.52744e-04
 Reference value :  1.52804e-04
 Reference value :  1.52884e-04
 Reference value :  1.52964e-04
 Reference value :  1.53024e-04
 Reference value :  1.53084e-04
 Reference value :  1.53164e-04
 Reference value :  1.53244e-04
 Reference value :  1.53324e-04
 Reference value :  1.53404e-04
 Reference value :  1.53484e-04
 Reference value :  1.53564e-04
 Reference value :  1.53644e-04
 Reference value :  1.53724e-04
 Reference value :  1.53804e-04
 Reference value :  1.53884e-04
 Reference value :  1.53964e-04
 Reference value :  1.54024e-04
 Reference value :  1.54104e-04
 Reference value :  1.54184e-04
 Reference value :  1.54264e-04
 Reference value :  1.54344e-04
 Reference value :  1.54424e-04
 Reference value :  1.54504e-04
 Reference value :  1.54584e-04
 Reference value :  1.54664e-04
 Reference value :  1.54744e-04
 Reference value :  1.54824e-04
 Reference value :  1.54904e-04
 Reference value :  1.54984e-04
 Reference value :  1.55064e-04
 Reference value :  1.55144e-04
 Reference value :  1.55224e-04
 Reference value :  1.55304e-04
 Reference value :  1.55384e-04
 Reference value :  1.55464e-04
 Reference value :  1.55544e-04
 Reference value :  1.55624e-04
 Reference value :  1.55704e-04
 Reference value :  1.55784e-04
 Reference value :  1.55864e-04
 Reference value :  1.55944e-04
 Reference value :  1.56024e-04
 Reference value :  1.56104e-04
 Reference value :  1.56184e-04
 Reference value :  1.56264e-04
 Reference value :  1.56344e-04
 Reference value :  1.56424e-04
 Reference value :  1.56504e-04
 Reference value :  1.56584e-04
 Reference value :  1.56684e-04
 Reference value :  1.56764e-04
 Reference value :  1.56844e-04
 Reference value :  1.56924e-04
 Reference value :  1.57004e-04
 Reference value :  1.57084e-04
 Reference value :  1.57164e-04
 Reference value :  1.57244e-04
 Reference value :  1.57324e-04
 Reference value :  1.57404e-04
 Reference value :  1.57484e-04
 Reference value :  1.57564e-04
 Reference value :  1.57644e-04
 Reference value :  1.57724e-04
 Reference value :  1.57804e-04
 Reference value :  1.57884e-04
 Reference value :  1.57964e-04
 Reference value :  1.58024e-04
 Reference value :  1.58104e-04
 Reference value :  1.58164e-04
 Reference value :  1.58244e-04
 Reference value :  1.58304e-04
 Reference value :  1.58384e-04
 Reference value :  1.58464e-04
 Reference value :  1.58524e-04
 Reference value :  1.58604e-04
 Reference value :  1.58684e-04
 Reference value :  1.58764e-04
 Reference value :  1.58824e-04
 Reference value :  1.58884e-04
 Reference value :  1.58964e-04
 Reference value :  1.59024e-04
 Reference value :  1.59104e-04
 Reference value :  1.59184e-04
 Reference value :  1.59264e-04
 Reference value :  1.59324e-04
 Reference value :  1.59384e-04
 Reference value :  1.59464e-04
 Reference value :  1.59544e-04
 Reference value :  1.59624e-04
 Reference value :  1.59684e-04
 Reference value :  1.59764e-04
 Reference value :  1.59824e-04
 Reference value :  1.59884e-04
 Reference value :  1.59964e-04
 Reference value :  1.60024e-04
 Reference value :  1.60084e-04
 Reference value :  1.60164e-04
 Reference value :  1.60224e-04
 Reference value :  1.60284e-04
 Reference value :  1.60364e-04
 Reference value :  1.60444e-04
 Reference value :  1.60524e-04
 Reference value :  1.60584e-04
 Reference value :  1.60664e-04
 Reference value :  1.60744e-04
 Reference value :  1.60824e-04
 Reference value :  1.60884e-04
 Reference value :  1.60964e-04
 Reference value :  1.61044e-04
 Reference value :  1.61124e-04
 Reference value :  1.61204e-04
 Reference value :  1.61304e-04
 Reference value :  1.61404e-04
 Reference value :  1.61484e-04
 Reference value :  1.61564e-04
 Reference value :  1.61644e-04
 Reference value :  1.61724e-04
 Reference value :  1.61804e-04
 Reference value :  1.61884e-04
 Reference value :  1.61964e-04
 Reference value :  1.62044e-04
 Reference value :  1.62124e-04
 Reference value :  1.62204e-04
 Reference value :  1.62284e-04
 Reference value :  1.62364e-04
 Reference value :  1.62444e-04
 Reference value :  1.62524e-04
 Reference value :  1.62604e-04
 Reference value :  1.62704e-04
 Reference value :  1.62784e-04
 Reference value :  1.62884e-04
 Reference value :  1.62964e-04
 Reference value :  1.63044e-04
 Reference value :  1.63124e-04
 Reference value :  1.63204e-04
 Reference value :  1.63304e-04
 Reference value :  1.63384e-04
 Reference value :  1.63464e-04
 Reference value :  1.63544e-04
 Reference value :  1.63624e-04
 Reference value :  1.63724e-04
 Reference value :  1.63804e-04
 Reference value :  1.63884e-04
 Reference value :  1.63964e-04
 Reference value :  1.64044e-04
 Reference value :  1.64124e-04
 Reference value :  1.64204e-04
 Reference value :  1.64284e-04
 Reference value :  1.64384e-04
 Reference value :  1.64464e-04
 Reference value :  1.64544e-04
 Reference value :  1.64624e-04
 Reference value :  1.64704e-04
 Reference value :  1.64784e-04
 Reference value :  1.64864e-04
 Reference value :  1.64944e-04
 Reference value :  1.65024e-04
 Reference value :  1.65104e-04
 Reference value :  1.65184e-04
 Reference value :  1.65264e-04
 Reference value :  1.65384e-04
 Reference value :  1.65464e-04
 Reference value :  1.65524e-04
 Reference value :  1.65604e-04
 Reference value :  1.65684e-04
 Reference value :  1.65764e-04
 Reference value :  1.65864e-04
 Reference value :  1.65944e-04
 Reference value :  1.66024e-04
 Reference value :  1.66084e-04
 Reference value :  1.66164e-04
 Reference value :  1.66244e-04
 Reference value :  1.66324e-04
 Reference value :  1.66404e-04
 Reference value :  1.66484e-04
 Reference value :  1.66564e-04
 Reference value :  1.66644e-04
 Reference value :  1.66724e-04
 Reference value :  1.66804e-04
 Reference value :  1.66884e-04
 Reference value :  1.66964e-04
 Reference value :  1.67024e-04
 Reference value :  1.67104e-04
 Reference value :  1.67184e-04
 Reference value :  1.67264e-04
 Reference value :  1.67344e-04
 Reference value :  1.67424e-04
 Reference value :  1.67504e-04
 Reference value :  1.67584e-04
 Reference value :  1.67664e-04
 Reference value :  1.67744e-04
 Reference value :  1.67824e-04
 Reference value :  1.67904e-04
 Reference value :  1.67984e-04
 Reference value :  1.68064e-04
 Reference value :  1.68144e-04
 Reference value :  1.68224e-04
 Reference value :  1.68304e-04
 Reference value :  1.68384e-04
 Reference value :  1.68464e-04
 Reference value :  1.68544e-04
 Reference value :  1.68624e-04
 Reference value :  1.68704e-04
 Reference value :  1.68784e-04
 Reference value :  1.68864e-04
 Reference value :  1.68944e-04
 Reference value :  1.69024e-04
 Reference value :  1.69124e-04
 Reference value :  1.69204e-04
 Reference value :  1.69284e-04
 Reference value :  1.69364e-04
 Reference value :  1.69444e-04
 Reference value :  1.69524e-04
 Reference value :  1.69604e-04
 Reference value :  1.69684e-04
 Reference value :  1.69764e-04
 Reference value :  1.69844e-04
 Reference value :  1.69924e-04
 Reference value :  1.70004e-04
 Reference value :  1.70084e-04
 Reference value :  1.70164e-04
 Reference value :  1.70244e-04
 Reference value :  1.70324e-04
 Reference value :  1.70404e-04
 Reference value :  1.70484e-04
 Reference value :  1.70564e-04
 Reference value :  1.70644e-04
 Reference value :  1.70724e-04
 Reference value :  1.70804e-04
 Reference value :  1.70884e-04
 Reference value :  1.70964e-04
 Reference value :  1.71044e-04
 Reference value :  1.71124e-04
 Reference value :  1.71204e-04
 Reference value :  1.71284e-04
 Reference value :  1.71364e-04
 Reference value :  1.71444e-04
 Reference value :  1.71524e-04
 Reference value :  1.71604e-04
 Reference value :  1.71684e-04
 Reference value :  1.71764e-04
 Reference value :  1.71844e-04
 Reference value :  1.71924e-04
 Reference value :  1.71984e-04
 Reference value :  1.72084e-04
 Reference value :  1.72164e-04
 Reference value :  1.72244e-04
 Reference value :  1.72324e-04
 Reference value :  1.72404e-04
 Reference value :  1.72484e-04
 Reference value :  1.72564e-04
 Reference value :  1.72624e-04
 Reference value :  1.72704e-04
 Reference value :  1.72784e-04
 Reference value :  1.72864e-04
 Reference value :  1.72944e-04
 Reference value :  1.73024e-04
 Reference value :  1.73104e-04
 Reference value :  1.73184e-04
 Reference value :  1.73264e-04
 Reference value :  1.73344e-04
 Reference value :  1.73444e-04
 Reference value :  1.73544e-04
 Reference value :  1.73624e-04
 Reference value :  1.73704e-04
 Reference value :  1.73804e-04
 Reference value :  1.73884e-04
 Reference value :  1.73964e-04
 Reference value :  1.74064e-04
 Reference value :  1.74144e-04
 Reference value :  1.74224e-04
 Reference value :  1.74304e-04
 Reference value :  1.74384e-04
 Reference value :  1.74484e-04
 Reference value :  1.74564e-04
 Reference value :  1.74644e-04
 Reference value :  1.74724e-04
 Reference value :  1.74804e-04
 Reference value :  1.74884e-04
 Reference value :  1.74964e-04
 Reference value :  1.75044e-04
 Reference value :  1.75124e-04
 Reference value :  1.75204e-04
 Reference value :  1.75284e-04
 Reference value :  1.75384e-04
 Reference value :  1.75464e-04
 Reference value :  1.75544e-04
 Reference value :  1.75624e-04
 Reference value :  1.75704e-04
 Reference value :  1.75784e-04
 Reference value :  1.75864e-04
 Reference value :  1.75944e-04
 Reference value :  1.76024e-04
 Reference value :  1.76104e-04
 Reference value :  1.76184e-04
 Reference value :  1.76264e-04
 Reference value :  1.76344e-04
 Reference value :  1.76424e-04
 Reference value :  1.76504e-04
 Reference value :  1.76584e-04
 Reference value :  1.76664e-04
 Reference value :  1.76744e-04
 Reference value :  1.76824e-04
 Reference value :  1.76904e-04
 Reference value :  1.76984e-04
 Reference value :  1.77064e-04
 Reference value :  1.77144e-04
 Reference value :  1.77224e-04
 Reference value :  1.77304e-04
 Reference value :  1.77384e-04
 Reference value :  1.77464e-04
 Reference value :  1.77544e-04
 Reference value :  1.77624e-04
 Reference value :  1.77704e-04
 Reference value :  1.77784e-04
 Reference value :  1.77864e-04
 Reference value :  1.77944e-04
 Reference value :  1.78024e-04
 Reference value :  1.78104e-04
 Reference value :  1.78184e-04
 Reference value :  1.78264e-04
 Reference value :  1.78344e-04
 Reference value :  1.78444e-04
 Reference value :  1.78544e-04
 Reference value :  1.78644e-04
 Reference value :  1.78724e-04
 Reference value :  1.78824e-04
 Reference value :  1.78924e-04
 Reference value :  1.79024e-04
 Reference value :  1.79104e-04
 Reference value :  1.79204e-04
 Reference value :  1.79284e-04
 Reference value :  1.79364e-04
 Reference value :  1.79444e-04
 Reference value :  1.79524e-04
 Reference value :  1.79604e-04
 Reference value :  1.79684e-04
 Reference value :  1.79764e-04
 Reference value :  1.79844e-04
 Reference value :  1.79944e-04
 Reference value :  1.80044e-04
 Reference value :  1.80144e-04
 Reference value :  1.80224e-04
 Reference value :  1.80304e-04
 Reference value :  1.80404e-04
 Reference value :  1.80484e-04
 Reference value :  1.80564e-04
 Reference value :  1.80644e-04
 Reference value :  1.80724e-04
 Reference value :  1.80804e-04
 Reference value :  1.80884e-04
 Reference value :  1.80964e-04
 Reference value :  1.81044e-04
 Reference value :  1.81124e-04
 Reference value :  1.81204e-04
 Reference value :  1.81284e-04
 Reference value :  1.81364e-04
 Reference value :  1.81444e-04
 Reference value :  1.81524e-04
 Reference value :  1.81604e-04
 Reference value :  1.81684e-04
 Reference value :  1.81764e-04
 Reference value :  1.81844e-04
 Reference value :  1.81924e-04
 Reference value :  1.82004e-04
 Reference value :  1.82084e-04
 Reference value :  1.82164e-04
 Reference value :  1.82244e-04
 Reference value :  1.82324e-04
 Reference value :  1.82404e-04
 Reference value :  1.82484e-04
 Reference value :  1.82564e-04
 Reference value :  1.82644e-04
 Reference value :  1.82724e-04
 Reference value :  1.82804e-04
 Reference value :  1.82884e-04
 Reference value :  1.82964e-04
 Reference value :  1.83044e-04
 Reference value :  1.83124e-04
 Reference value :  1.83204e-04
 Reference value :  1.83284e-04
 Reference value :  1.83364e-04
 Reference value :  1.83444e-04
 Reference value :  1.83524e-04
 Reference value :  1.83604e-04
 Reference value :  1.83684e-04
 Reference value :  1.83764e-04
 Reference value :  1.83844e-04
 Reference value :  1.83924e-04
 Reference value :  1.84004e-04
 Reference value :  1.84084e-04
 Reference value :  1.84164e-04
 Reference value :  1.84244e-04
 Reference value :  1.84344e-04
 Reference value :  1.84424e-04
 Reference value :  1.84504e-04
 Reference value :  1.84584e-04
 Reference value :  1.84664e-04
 Reference value :  1.84744e-04
 Reference value :  1.84824e-04
 Reference value :  1.84904e-04
 Reference value :  1.84984e-04
 Reference value :  1.85064e-04
 Reference value :  1.85144e-04
 Reference value :  1.85224e-04
 Reference value :  1.85304e-04
 Reference value :  1.85384e-04
 Reference value :  1.85464e-04
 Reference value :  1.85544e-04
 Reference value :  1.85624e-04
 Reference value :  1.85704e-04
 Reference value :  1.85784e-04
 Reference value :  1.85864e-04
 Reference value :  1.85944e-04
 Reference value :  1.86024e-04
 Reference value :  1.86104e-04
 Reference value :  1.86184e-04
 Reference value :  1.86264e-04
 Reference value :  1.86344e-04
 Reference value :  1.86424e-04
 Reference value :  1.86504e-04
 Reference value :  1.86584e-04
 Reference value :  1.86664e-04
 Reference value :  1.86744e-04
 Reference value :  1.86824e-04
 Reference value :  1.86904e-04
 Reference value :  1.86984e-04
 Reference value :  1.87064e-04
 Reference value :  1.87144e-04
 Reference value :  1.87224e-04
 Reference value :  1.87304e-04
 Reference value :  1.87384e-04
 Reference value :  1.87464e-04
 Reference value :  1.87544e-04
 Reference value :  1.87624e-04
 Reference value :  1.87704e-04
 Reference value :  1.87784e-04
 Reference value :  1.87864e-04
 Reference value :  1.87944e-04
 Reference value :  1.88024e-04
 Reference value :  1.88104e-04
 Reference value :  1.88184e-04
 Reference value :  1.88264e-04
 Reference value :  1.88344e-04
 Reference value :  1.88424e-04
 Reference value :  1.88504e-04
 Reference value :  1.88564e-04
 Reference value :  1.88644e-04
 Reference value :  1.88724e-04
 Reference value :  1.88804e-04
 Reference value :  1.88884e-04
 Reference value :  1.88964e-04
 Reference value :  1.89044e-04
 Reference value :  1.89124e-04
 Reference value :  1.89204e-04
 Reference value :  1.89284e-04
 Reference value :  1.89364e-04
 Reference value :  1.89444e-04
 Reference value :  1.89544e-04
 Reference value :  1.89644e-04
 Reference value :  1.89744e-04
 Reference value :  1.89844e-04
 Reference value :  1.89944e-04
 Reference value :  1.90044e-04
 Reference value :  1.90144e-04
 Reference value :  1.90244e-04
 Reference value :  1.90344e-04
 Reference value :  1.90444e-04
 Reference value :  1.90524e-04
 Reference value :  1.90624e-04
 Reference value :  1.90724e-04
 Reference value :  1.90804e-04
 Reference value :  1.90884e-04
 Reference value :  1.90964e-04
 Reference value :  1.91064e-04
 Reference value :  1.91164e-04
 Reference value :  1.91244e-04
 Reference value :  1.91344e-04
 Reference value :  1.91424e-04
 Reference value :  1.91504e-04
 Reference value :  1.91584e-04
 Reference value :  1.91664e-04
 Reference value :  1.91744e-04
 Reference value :  1.95404e-04
 Reference value :  2.05164e-04
 Reference value :  2.12844e-04
 Reference value :  2.21764e-04
 Reference value :  2.22464e-04
 Reference value :  2.28584e-04
 Reference value :  2.39164e-04
 Reference value :  2.50124e-04
 Reference value :  2.60864e-04
 Reference value :  2.62344e-04
 Reference value :  2.62404e-04
 Reference value :  2.62484e-04
 Reference value :  2.66544e-04
 Reference value :  2.72444e-04
 Reference value :  2.75944e-04
 Reference value :  2.78004e-04
 Reference value :  2.78084e-04
 Reference value :  2.78144e-04
 Reference value :  2.78224e-04
 Reference value :  2.78304e-04
 Reference value :  2.78384e-04
 Reference value :  2.78464e-04
 Reference value :  2.78544e-04
 Reference value :  2.78624e-04
 Reference value :  2.78704e-04
 Reference value :  2.78784e-04
 Reference value :  2.78884e-04
 Reference value :  2.78984e-04
 Reference value :  2.79064e-04
 Reference value :  2.79164e-04
 Reference value :  2.79244e-04
 Reference value :  2.79324e-04
 Reference value :  2.79404e-04
 Reference value :  2.79484e-04
 Reference value :  2.80724e-04
 Reference value :  2.82604e-04
 Reference value :  2.87004e-04
 Reference value :  2.89344e-04
 Reference value :  2.91844e-04
 Reference value :  2.95164e-04
 Reference value :  3.03734e-04
 Reference value :  3.09624e-04
 Reference value :  3.11644e-04
 Reference value :  3.22704e-04
 Reference value :  3.34724e-04
 Reference value :  3.45964e-04
 Reference value :  3.57404e-04
 Reference value :  3.70924e-04
 Reference value :  3.75244e-04
 Reference value :  3.88104e-04
 Reference value :  4.00024e-04
 Reference value :  4.11044e-04
 Reference value :  4.24284e-04
 Reference value :  4.36804e-04
 Reference value :  4.50544e-04
 Reference value :  4.63044e-04
 Reference value :  4.74604e-04
 Reference value :  4.88124e-04
 Reference value :  5.00064e-04
 Reference value :  5.13244e-04
 Reference value :  5.24784e-04
 Reference value :  5.38304e-04
 Reference value :  5.51764e-04
 Reference value :  5.64124e-04
 Reference value :  5.74864e-04
 Reference value :  5.87744e-04
 Reference value :  5.99344e-04
 Reference value :  6.10264e-04
 Reference value :  6.18764e-04
 Reference value :  6.25744e-04
 Reference value :  6.28424e-04
 Reference value :  6.28484e-04
 Reference value :  6.28544e-04
 Reference value :  6.28624e-04
 Reference value :  6.29404e-04
 Reference value :  6.34464e-04
 Reference value :  6.34864e-04
 Reference value :  6.35064e-04
 Reference value :  6.37484e-04
 Reference value :  6.37564e-04
 Reference value :  6.37624e-04
 Reference value :  6.37704e-04
 Reference value :  6.37784e-04
 Reference value :  6.37844e-04
 Reference value :  6.37924e-04
 Reference value :  6.38884e-04
 Reference value :  6.42324e-04
 Reference value :  6.42424e-04
 Reference value :  6.46464e-04
 Reference value :  6.49044e-04
 Reference value :  6.49264e-04
 Reference value :  6.49624e-04
 Reference value :  6.49704e-04
 Reference value :  6.51224e-04
 Reference value :  6.51984e-04
 Reference value :  6.52064e-04
 Reference value :  6.52144e-04
 Reference value :  6.53124e-04
 Reference value :  6.53204e-04
 Reference value :  6.56764e-04
 Reference value :  6.57884e-04
 Reference value :  6.57964e-04
 Reference value :  6.58064e-04
 Reference value :  6.58144e-04
 Reference value :  6.60564e-04
 Reference value :  6.65064e-04
 Reference value :  6.68224e-04
 Reference value :  6.69084e-04
 Reference value :  6.76404e-04
 Reference value :  6.76464e-04
 Reference value :  6.76524e-04
 Reference value :  6.76604e-04
 Reference value :  6.76684e-04
 Reference value :  6.76764e-04
 Reference value :  6.76844e-04
 Reference value :  6.76924e-04
 Reference value :  6.77004e-04
 Reference value :  6.77704e-04
 Reference value :  6.78384e-04
 Reference value :  6.78464e-04
 Reference value :  6.78544e-04
 Reference value :  6.78624e-04
 Reference value :  6.78684e-04
 Reference value :  6.78764e-04
 Reference value :  6.78844e-04
 Reference value :  6.78924e-04
 Reference value :  6.79004e-04
 Reference value :  6.79084e-04
 Reference value :  6.79164e-04
 Reference value :  6.79464e-04
 Reference value :  6.79544e-04
 Reference value :  6.79624e-04
 Reference value :  6.85784e-04
 Reference value :  6.86324e-04
 Reference value :  6.86784e-04
 Reference value :  6.88504e-04
 Reference value :  6.89104e-04
 Reference value :  6.89184e-04
 Reference value :  6.89264e-04
 Reference value :  6.89344e-04
 Reference value :  6.89424e-04
 Reference value :  6.89504e-04
 Reference value :  6.89564e-04
 Reference value :  6.89644e-04
 Reference value :  6.89724e-04
 Reference value :  6.89804e-04
 Reference value :  6.89864e-04
 Reference value :  6.89924e-04
 Reference value :  6.89984e-04
 Reference value :  6.90044e-04
 Reference value :  6.90124e-04
 Reference value :  6.90204e-04
 Reference value :  6.90284e-04
 Reference value :  6.90364e-04
 Reference value :  6.90464e-04
 Reference value :  6.90544e-04
 Reference value :  6.90624e-04
 Reference value :  6.90704e-04
 Reference value :  6.90784e-04
 Reference value :  6.90864e-04
 Reference value :  6.90944e-04
 Reference value :  6.91024e-04
 Reference value :  6.91104e-04
 Reference value :  6.91184e-04
 Reference value :  6.91264e-04
 Reference value :  6.91324e-04
 Reference value :  6.91404e-04
 Reference value :  6.91484e-04
 Reference value :  6.91564e-04
 Reference value :  6.91644e-04
 Reference value :  6.91724e-04
 Reference value :  6.91784e-04
 Reference value :  6.91864e-04
 Reference value :  6.91924e-04
 Reference value :  6.92004e-04
 Reference value :  6.92084e-04
 Reference value :  6.98204e-04
 Reference value :  7.11284e-04
 Reference value :  7.24264e-04
 Reference value :  7.36464e-04
 Reference value :  7.49924e-04
 Reference value :  7.54984e-04
 Reference value :  7.58784e-04
 Reference value :  7.63624e-04
 Reference value :  7.70224e-04
 Reference value :  7.70324e-04
 Reference value :  7.74704e-04
 Reference value :  7.79724e-04
 Reference value :  7.81624e-04
 Reference value :  7.89464e-04
 Reference value :  7.95084e-04
 Reference value :  8.03344e-04
 Reference value :  8.08204e-04
 Reference value :  8.21164e-04
 Reference value :  8.33464e-04
 Reference value :  8.46044e-04
 Reference value :  8.57044e-04
 Reference value :  8.68064e-04
 Reference value :  8.81304e-04
 Reference value :  8.93404e-04
 Reference value :  9.06684e-04
 Reference value :  9.19904e-04
 Reference value :  9.32044e-04
 Reference value :  9.44644e-04
 Reference value :  9.54924e-04
 Reference value :  9.65364e-04
 Reference value :  9.67164e-04
 Reference value :  9.74664e-04
 Reference value :  9.80924e-04
 Reference value :  9.87104e-04
 Reference value :  9.93584e-04
 Reference value :  9.99864e-04
 Reference value :  1.00215e-03
 Reference value :  1.00551e-03
 Reference value :  1.01695e-03
 Reference value :  1.02655e-03
 Reference value :  1.03997e-03
 Reference value :  1.05313e-03
 Reference value :  1.06073e-03
 Reference value :  1.06747e-03
 Reference value :  1.07975e-03
No. of Data Rows : 54291

  Measurements for Transient Analysis

timbefore           =  3.54536e-01
pgdgmin             =  2.96832e+00 at=  1.00052e-03
pgdgbmax            =  1.27251e-05 at=  9.99937e-04
timafter            =  3.54998e-01 at=  9.99900e-04


Total analysis time (seconds) = 103.621

Total elapsed time (seconds) = 103.661 

Total DRAM available = 15700.234 MB.
DRAM currently available = 7909.832 MB.
Maximum ngspice program size =   79.957 MB.
Current ngspice program size =   18.113 MB.

Shared ngspice pages =    9.000 MB.
Text (code) pages =    6.355 MB.
Stack = 0 bytes.
Library pages =   65.273 MB.


