
Note: No compatibility mode selected!


Circuit: * por-output-chain-deglitch glitch-width sweep -- schematic @ ff / 125 c / 2.97 v, 1.75 us glitch -- generated by run_glitch_width_sweep.py, do not edit

Doing analysis at TEMP = 125.000000 and TNOM = 27.000000

Using SPARSE 1.3 as Direct Linear Solver

Initial Transient Solution
--------------------------

Node                                   Voltage
----                                   -------
vdd                                          0
por_raw                                      0
nib1                               3.79297e-19
ibias1                             3.79297e-19
vdd1                                         0
resetn1                           -4.73214e-18
xdut1.pdn                          7.63308e-20
xdut1.ndl                         -1.82436e-18
xdut1.ndgp                         9.57607e-19
xdut1.ndg                           1.8509e-18
xdut1.ndgn                         5.52662e-19
xdut1.pgdg                        -4.78185e-20
xdut1.pgdgb                         6.6462e-21
xdut1.nts                         -4.00598e-18
xdut1.tim                          4.57506e-19
xdut1.nd1                          3.16966e-20
xdut1.trip                         1.89373e-21
xdut1.rstb                         1.59608e-18
xdut1.nnand                       -2.68631e-18
vd1#branch                         6.77468e-28
vib1#branch                                  0
vpr#branch                                   0
vsup#branch                       -6.77468e-28

 Reference value :  0.00000e+00
 Reference value :  5.30560e-06
 Reference value :  7.60560e-06
 Reference value :  8.40560e-06
 Reference value :  1.17256e-05
 Reference value :  1.17856e-05
 Reference value :  1.18656e-05
 Reference value :  1.70256e-05
 Reference value :  1.86856e-05
 Reference value :  1.87656e-05
 Reference value :  1.88456e-05
 Reference value :  2.25456e-05
 Reference value :  2.43856e-05
 Reference value :  2.79856e-05
 Reference value :  3.83856e-05
 Reference value :  3.84656e-05
 Reference value :  3.85456e-05
 Reference value :  4.82056e-05
 Reference value :  4.82856e-05
 Reference value :  4.83656e-05
 Reference value :  4.84256e-05
 Reference value :  5.40256e-05
 Reference value :  6.01656e-05
 Reference value :  6.54856e-05
 Reference value :  6.55456e-05
 Reference value :  6.56256e-05
 Reference value :  6.56856e-05
 Reference value :  6.57456e-05
 Reference value :  6.58056e-05
 Reference value :  6.58856e-05
 Reference value :  6.59456e-05
 Reference value :  6.60256e-05
 Reference value :  6.60856e-05
 Reference value :  6.61456e-05
 Reference value :  6.62256e-05
 Reference value :  6.63056e-05
 Reference value :  6.63856e-05
 Reference value :  6.64656e-05
 Reference value :  6.65456e-05
 Reference value :  6.66256e-05
 Reference value :  6.67056e-05
 Reference value :  6.67856e-05
 Reference value :  6.68656e-05
 Reference value :  6.69456e-05
 Reference value :  6.70256e-05
 Reference value :  6.71056e-05
 Reference value :  6.71856e-05
 Reference value :  6.72656e-05
 Reference value :  6.73456e-05
 Reference value :  6.74256e-05
 Reference value :  6.75056e-05
 Reference value :  6.75856e-05
 Reference value :  6.76656e-05
 Reference value :  6.77456e-05
 Reference value :  6.78256e-05
 Reference value :  6.79056e-05
 Reference value :  6.79856e-05
 Reference value :  6.80656e-05
 Reference value :  6.81456e-05
 Reference value :  6.82256e-05
 Reference value :  6.83056e-05
 Reference value :  6.83856e-05
 Reference value :  6.84656e-05
 Reference value :  6.85456e-05
 Reference value :  6.86256e-05
 Reference value :  6.87056e-05
 Reference value :  6.87856e-05
 Reference value :  6.88656e-05
 Reference value :  7.14256e-05
 Reference value :  7.45060e-05
 Reference value :  7.58460e-05
 Reference value :  7.59060e-05
 Reference value :  7.59660e-05
 Reference value :  7.60460e-05
 Reference value :  7.61060e-05
 Reference value :  7.61660e-05
 Reference value :  7.62460e-05
 Reference value :  7.63260e-05
 Reference value :  7.64060e-05
 Reference value :  7.64660e-05
 Reference value :  7.65260e-05
 Reference value :  7.65860e-05
 Reference value :  7.66660e-05
 Reference value :  7.67460e-05
 Reference value :  7.68060e-05
 Reference value :  7.68660e-05
 Reference value :  7.69260e-05
 Reference value :  7.70060e-05
 Reference value :  7.70860e-05
 Reference value :  7.71660e-05
 Reference value :  7.75060e-05
 Reference value :  7.75860e-05
 Reference value :  7.76460e-05
 Reference value :  7.77260e-05
 Reference value :  7.77860e-05
 Reference value :  7.78660e-05
 Reference value :  7.79460e-05
 Reference value :  7.98060e-05
 Reference value :  7.98860e-05
 Reference value :  7.99660e-05
 Reference value :  8.00460e-05
 Reference value :  8.01260e-05
 Reference value :  8.02060e-05
 Reference value :  8.02660e-05
 Reference value :  8.03260e-05
 Reference value :  8.03860e-05
 Reference value :  8.04460e-05
 Reference value :  8.05060e-05
 Reference value :  8.05660e-05
 Reference value :  8.06460e-05
 Reference value :  8.07260e-05
 Reference value :  8.08260e-05
 Reference value :  8.09060e-05
 Reference value :  8.09860e-05
 Reference value :  8.10660e-05
 Reference value :  8.11460e-05
 Reference value :  8.12260e-05
 Reference value :  8.13060e-05
 Reference value :  8.13860e-05
 Reference value :  8.14660e-05
 Reference value :  8.15460e-05
 Reference value :  8.16260e-05
 Reference value :  8.17260e-05
 Reference value :  8.18260e-05
 Reference value :  8.19260e-05
 Reference value :  8.20260e-05
 Reference value :  8.21060e-05
 Reference value :  8.21860e-05
 Reference value :  8.22660e-05
 Reference value :  8.23260e-05
 Reference value :  8.24260e-05
 Reference value :  8.25060e-05
 Reference value :  8.26060e-05
 Reference value :  8.26860e-05
 Reference value :  8.27660e-05
 Reference value :  8.28460e-05
 Reference value :  8.29260e-05
 Reference value :  8.30060e-05
 Reference value :  8.30860e-05
 Reference value :  8.31660e-05
 Reference value :  8.32460e-05
 Reference value :  8.33260e-05
 Reference value :  8.33860e-05
 Reference value :  8.34660e-05
 Reference value :  8.35260e-05
 Reference value :  8.36060e-05
 Reference value :  8.47260e-05
 Reference value :  8.48060e-05
 Reference value :  8.48660e-05
 Reference value :  8.49260e-05
 Reference value :  8.50060e-05
 Reference value :  8.51060e-05
 Reference value :  8.64460e-05
 Reference value :  8.65260e-05
 Reference value :  8.66060e-05
 Reference value :  8.66860e-05
 Reference value :  8.67660e-05
 Reference value :  8.68460e-05
 Reference value :  8.69060e-05
 Reference value :  8.69860e-05
 Reference value :  8.70660e-05
 Reference value :  8.71460e-05
 Reference value :  8.72260e-05
 Reference value :  8.73060e-05
 Reference value :  8.73860e-05
 Reference value :  8.74660e-05
 Reference value :  8.75460e-05
 Reference value :  8.76060e-05
 Reference value :  8.76660e-05
 Reference value :  8.77260e-05
 Reference value :  8.77860e-05
 Reference value :  8.78460e-05
 Reference value :  8.79060e-05
 Reference value :  8.79860e-05
 Reference value :  8.80660e-05
 Reference value :  8.81460e-05
 Reference value :  8.82260e-05
 Reference value :  8.83060e-05
 Reference value :  8.83860e-05
 Reference value :  8.84660e-05
 Reference value :  8.85460e-05
 Reference value :  8.86260e-05
 Reference value :  8.86860e-05
 Reference value :  8.87460e-05
 Reference value :  8.88060e-05
 Reference value :  8.88860e-05
 Reference value :  8.89660e-05
 Reference value :  8.90460e-05
 Reference value :  8.91060e-05
 Reference value :  8.91660e-05
 Reference value :  8.92260e-05
 Reference value :  8.92860e-05
 Reference value :  8.93460e-05
 Reference value :  8.94260e-05
 Reference value :  8.95060e-05
 Reference value :  8.95860e-05
 Reference value :  8.96460e-05
 Reference value :  8.97060e-05
 Reference value :  8.97660e-05
 Reference value :  8.98260e-05
 Reference value :  8.98860e-05
 Reference value :  8.99660e-05
 Reference value :  9.00460e-05
 Reference value :  9.01060e-05
 Reference value :  9.01660e-05
 Reference value :  9.02460e-05
 Reference value :  9.03260e-05
 Reference value :  9.03860e-05
 Reference value :  9.04660e-05
 Reference value :  9.05460e-05
 Reference value :  9.06260e-05
 Reference value :  9.07060e-05
 Reference value :  9.07860e-05
 Reference value :  9.08660e-05
 Reference value :  9.09460e-05
 Reference value :  9.10260e-05
 Reference value :  9.11060e-05
 Reference value :  9.11860e-05
 Reference value :  9.12660e-05
 Reference value :  9.13460e-05
 Reference value :  9.14260e-05
 Reference value :  9.15060e-05
 Reference value :  9.15860e-05
 Reference value :  9.16660e-05
 Reference value :  9.17460e-05
 Reference value :  9.18260e-05
 Reference value :  9.19060e-05
 Reference value :  9.19860e-05
 Reference value :  9.20660e-05
 Reference value :  9.21460e-05
 Reference value :  9.22260e-05
 Reference value :  9.23060e-05
 Reference value :  9.23860e-05
 Reference value :  9.24660e-05
 Reference value :  9.25460e-05
 Reference value :  9.26260e-05
 Reference value :  9.27060e-05
 Reference value :  9.27860e-05
 Reference value :  9.28660e-05
 Reference value :  9.29460e-05
 Reference value :  9.30460e-05
 Reference value :  9.31260e-05
 Reference value :  9.32060e-05
 Reference value :  9.32860e-05
 Reference value :  9.33660e-05
 Reference value :  9.34460e-05
 Reference value :  9.35260e-05
 Reference value :  9.35860e-05
 Reference value :  9.36660e-05
 Reference value :  9.37460e-05
 Reference value :  9.38060e-05
 Reference value :  9.38660e-05
 Reference value :  9.39460e-05
 Reference value :  9.40260e-05
 Reference value :  9.41060e-05
 Reference value :  9.41860e-05
 Reference value :  9.42660e-05
 Reference value :  9.43460e-05
 Reference value :  9.44060e-05
 Reference value :  9.44860e-05
 Reference value :  9.45660e-05
 Reference value :  9.46460e-05
 Reference value :  9.47060e-05
 Reference value :  9.47860e-05
 Reference value :  9.48660e-05
 Reference value :  9.49460e-05
 Reference value :  9.50060e-05
 Reference value :  9.50660e-05
 Reference value :  9.51260e-05
 Reference value :  9.51860e-05
 Reference value :  9.52660e-05
 Reference value :  9.53460e-05
 Reference value :  9.54060e-05
 Reference value :  9.54660e-05
 Reference value :  9.55460e-05
 Reference value :  9.56060e-05
 Reference value :  9.56860e-05
 Reference value :  9.57460e-05
 Reference value :  9.58260e-05
 Reference value :  9.58860e-05
 Reference value :  9.59460e-05
 Reference value :  9.60260e-05
 Reference value :  9.61060e-05
 Reference value :  9.61660e-05
 Reference value :  9.62460e-05
 Reference value :  9.63060e-05
 Reference value :  9.63660e-05
 Reference value :  9.64460e-05
 Reference value :  9.65060e-05
 Reference value :  9.65660e-05
 Reference value :  9.66260e-05
 Reference value :  9.67060e-05
 Reference value :  9.67860e-05
 Reference value :  9.68660e-05
 Reference value :  9.69260e-05
 Reference value :  9.70060e-05
 Reference value :  9.70860e-05
 Reference value :  9.71660e-05
 Reference value :  9.72260e-05
 Reference value :  9.72860e-05
 Reference value :  9.73460e-05
 Reference value :  9.74060e-05
 Reference value :  9.74660e-05
 Reference value :  9.75460e-05
 Reference value :  9.76060e-05
 Reference value :  9.76660e-05
 Reference value :  9.77460e-05
 Reference value :  9.78260e-05
 Reference value :  9.78860e-05
 Reference value :  9.79660e-05
 Reference value :  9.80260e-05
 Reference value :  9.81060e-05
 Reference value :  9.81860e-05
 Reference value :  9.82660e-05
 Reference value :  9.83460e-05
 Reference value :  9.84060e-05
 Reference value :  9.84860e-05
 Reference value :  9.85460e-05
 Reference value :  9.86260e-05
 Reference value :  9.87060e-05
 Reference value :  9.87660e-05
 Reference value :  9.88260e-05
 Reference value :  9.89060e-05
 Reference value :  9.89660e-05
 Reference value :  9.90460e-05
 Reference value :  9.91260e-05
 Reference value :  9.91860e-05
 Reference value :  9.92460e-05
 Reference value :  9.93060e-05
 Reference value :  9.93660e-05
 Reference value :  9.94260e-05
 Reference value :  9.95060e-05
 Reference value :  9.95860e-05
 Reference value :  9.96460e-05
 Reference value :  9.97260e-05
 Reference value :  9.98060e-05
 Reference value :  9.98860e-05
 Reference value :  9.99660e-05
 Reference value :  1.00002e-04
 Reference value :  1.00044e-04
 Reference value :  1.00124e-04
 Reference value :  1.00204e-04
 Reference value :  1.00284e-04
 Reference value :  1.00364e-04
 Reference value :  1.00424e-04
 Reference value :  1.00504e-04
 Reference value :  1.00584e-04
 Reference value :  1.00664e-04
 Reference value :  1.00744e-04
 Reference value :  1.00804e-04
 Reference value :  1.00864e-04
 Reference value :  1.00924e-04
 Reference value :  1.00984e-04
 Reference value :  1.01064e-04
 Reference value :  1.01124e-04
 Reference value :  1.01184e-04
 Reference value :  1.01264e-04
 Reference value :  1.01344e-04
 Reference value :  1.01404e-04
 Reference value :  1.01464e-04
 Reference value :  1.01524e-04
 Reference value :  1.01604e-04
 Reference value :  1.01684e-04
 Reference value :  1.01784e-04
 Reference value :  1.01864e-04
 Reference value :  1.01944e-04
 Reference value :  1.02024e-04
 Reference value :  1.02104e-04
 Reference value :  1.02184e-04
 Reference value :  1.02264e-04
 Reference value :  1.02344e-04
 Reference value :  1.02444e-04
 Reference value :  1.02524e-04
 Reference value :  1.02604e-04
 Reference value :  1.02684e-04
 Reference value :  1.02764e-04
 Reference value :  1.02824e-04
 Reference value :  1.02904e-04
 Reference value :  1.02984e-04
 Reference value :  1.03064e-04
 Reference value :  1.03144e-04
 Reference value :  1.03224e-04
 Reference value :  1.03284e-04
 Reference value :  1.03364e-04
 Reference value :  1.03444e-04
 Reference value :  1.03524e-04
 Reference value :  1.03584e-04
 Reference value :  1.03644e-04
 Reference value :  1.03704e-04
 Reference value :  1.03764e-04
 Reference value :  1.03844e-04
 Reference value :  1.03904e-04
 Reference value :  1.03964e-04
 Reference value :  1.04044e-04
 Reference value :  1.04124e-04
 Reference value :  1.04204e-04
 Reference value :  1.04264e-04
 Reference value :  1.04324e-04
 Reference value :  1.04404e-04
 Reference value :  1.04484e-04
 Reference value :  1.04564e-04
 Reference value :  1.04624e-04
 Reference value :  1.04704e-04
 Reference value :  1.04764e-04
 Reference value :  1.04824e-04
 Reference value :  1.04904e-04
 Reference value :  1.04964e-04
 Reference value :  1.05044e-04
 Reference value :  1.05124e-04
 Reference value :  1.05184e-04
 Reference value :  1.05244e-04
 Reference value :  1.05304e-04
 Reference value :  1.05384e-04
 Reference value :  1.05444e-04
 Reference value :  1.05504e-04
 Reference value :  1.05564e-04
 Reference value :  1.05624e-04
 Reference value :  1.05684e-04
 Reference value :  1.05744e-04
 Reference value :  1.05804e-04
 Reference value :  1.05884e-04
 Reference value :  1.05944e-04
 Reference value :  1.06024e-04
 Reference value :  1.06104e-04
 Reference value :  1.06204e-04
 Reference value :  1.06284e-04
 Reference value :  1.06364e-04
 Reference value :  1.06444e-04
 Reference value :  1.06524e-04
 Reference value :  1.06604e-04
 Reference value :  1.06664e-04
 Reference value :  1.06764e-04
 Reference value :  1.06844e-04
 Reference value :  1.06944e-04
 Reference value :  1.07024e-04
 Reference value :  1.07104e-04
 Reference value :  1.07184e-04
 Reference value :  1.07264e-04
 Reference value :  1.07344e-04
 Reference value :  1.07424e-04
 Reference value :  1.07504e-04
 Reference value :  1.07564e-04
 Reference value :  1.07644e-04
 Reference value :  1.07704e-04
 Reference value :  1.07784e-04
 Reference value :  1.07844e-04
 Reference value :  1.07904e-04
 Reference value :  1.07984e-04
 Reference value :  1.08064e-04
 Reference value :  1.08124e-04
 Reference value :  1.08184e-04
 Reference value :  1.08244e-04
 Reference value :  1.08324e-04
 Reference value :  1.08384e-04
 Reference value :  1.08444e-04
 Reference value :  1.08504e-04
 Reference value :  1.08584e-04
 Reference value :  1.08664e-04
 Reference value :  1.08724e-04
 Reference value :  1.08804e-04
 Reference value :  1.08884e-04
 Reference value :  1.08944e-04
 Reference value :  1.09024e-04
 Reference value :  1.09084e-04
 Reference value :  1.09144e-04
 Reference value :  1.09204e-04
 Reference value :  1.09264e-04
 Reference value :  1.09344e-04
 Reference value :  1.09404e-04
 Reference value :  1.09464e-04
 Reference value :  1.09524e-04
 Reference value :  1.09604e-04
 Reference value :  1.09684e-04
 Reference value :  1.09744e-04
 Reference value :  1.09804e-04
 Reference value :  1.09884e-04
 Reference value :  1.09944e-04
 Reference value :  1.10004e-04
 Reference value :  1.10084e-04
 Reference value :  1.10144e-04
 Reference value :  1.10224e-04
 Reference value :  1.10284e-04
 Reference value :  1.10364e-04
 Reference value :  1.10444e-04
 Reference value :  1.10504e-04
 Reference value :  1.10564e-04
 Reference value :  1.10624e-04
 Reference value :  1.10684e-04
 Reference value :  1.10764e-04
 Reference value :  1.10824e-04
 Reference value :  1.10884e-04
 Reference value :  1.10944e-04
 Reference value :  1.11004e-04
 Reference value :  1.11084e-04
 Reference value :  1.11164e-04
 Reference value :  1.11224e-04
 Reference value :  1.11284e-04
 Reference value :  1.11344e-04
 Reference value :  1.11404e-04
 Reference value :  1.11464e-04
 Reference value :  1.11544e-04
 Reference value :  1.11644e-04
 Reference value :  1.11724e-04
 Reference value :  1.11824e-04
 Reference value :  1.11904e-04
 Reference value :  1.11984e-04
 Reference value :  1.12064e-04
 Reference value :  1.12144e-04
 Reference value :  1.12224e-04
 Reference value :  1.12304e-04
 Reference value :  1.12384e-04
 Reference value :  1.12464e-04
 Reference value :  1.12544e-04
 Reference value :  1.12664e-04
 Reference value :  1.12744e-04
 Reference value :  1.12824e-04
 Reference value :  1.12884e-04
 Reference value :  1.12944e-04
 Reference value :  1.13004e-04
 Reference value :  1.13064e-04
 Reference value :  1.13124e-04
 Reference value :  1.13184e-04
 Reference value :  1.13244e-04
 Reference value :  1.13324e-04
 Reference value :  1.13384e-04
 Reference value :  1.13464e-04
 Reference value :  1.13544e-04
 Reference value :  1.13624e-04
 Reference value :  1.13704e-04
 Reference value :  1.13784e-04
 Reference value :  1.13864e-04
 Reference value :  1.13944e-04
 Reference value :  1.14024e-04
 Reference value :  1.14104e-04
 Reference value :  1.14184e-04
 Reference value :  1.14264e-04
 Reference value :  1.14344e-04
 Reference value :  1.14404e-04
 Reference value :  1.14464e-04
 Reference value :  1.14544e-04
 Reference value :  1.14624e-04
 Reference value :  1.14704e-04
 Reference value :  1.14764e-04
 Reference value :  1.14824e-04
 Reference value :  1.14904e-04
 Reference value :  1.14984e-04
 Reference value :  1.15084e-04
 Reference value :  1.15164e-04
 Reference value :  1.15244e-04
 Reference value :  1.15304e-04
 Reference value :  1.15384e-04
 Reference value :  1.15464e-04
 Reference value :  1.15524e-04
 Reference value :  1.15584e-04
 Reference value :  1.15644e-04
 Reference value :  1.15724e-04
 Reference value :  1.15804e-04
 Reference value :  1.15884e-04
 Reference value :  1.15944e-04
 Reference value :  1.16024e-04
 Reference value :  1.16084e-04
 Reference value :  1.16144e-04
 Reference value :  1.16224e-04
 Reference value :  1.16304e-04
 Reference value :  1.16364e-04
 Reference value :  1.16424e-04
 Reference value :  1.16504e-04
 Reference value :  1.16564e-04
 Reference value :  1.16644e-04
 Reference value :  1.16704e-04
 Reference value :  1.16764e-04
 Reference value :  1.16844e-04
 Reference value :  1.16904e-04
 Reference value :  1.16964e-04
 Reference value :  1.17044e-04
 Reference value :  1.17124e-04
 Reference value :  1.17204e-04
 Reference value :  1.17284e-04
 Reference value :  1.17364e-04
 Reference value :  1.17444e-04
 Reference value :  1.17524e-04
 Reference value :  1.17604e-04
 Reference value :  1.17684e-04
 Reference value :  1.17764e-04
 Reference value :  1.17844e-04
 Reference value :  1.17904e-04
 Reference value :  1.17964e-04
 Reference value :  1.18044e-04
 Reference value :  1.18124e-04
 Reference value :  1.18204e-04
 Reference value :  1.18264e-04
 Reference value :  1.18344e-04
 Reference value :  1.18404e-04
 Reference value :  1.18484e-04
 Reference value :  1.18564e-04
 Reference value :  1.18644e-04
 Reference value :  1.18724e-04
 Reference value :  1.18804e-04
 Reference value :  1.18904e-04
 Reference value :  1.18984e-04
 Reference value :  1.19064e-04
 Reference value :  1.19144e-04
 Reference value :  1.19224e-04
 Reference value :  1.19304e-04
 Reference value :  1.19384e-04
 Reference value :  1.19464e-04
 Reference value :  1.19544e-04
 Reference value :  1.19624e-04
 Reference value :  1.19684e-04
 Reference value :  1.19744e-04
 Reference value :  1.19824e-04
 Reference value :  1.19884e-04
 Reference value :  1.19964e-04
 Reference value :  1.20044e-04
 Reference value :  1.20124e-04
 Reference value :  1.20184e-04
 Reference value :  1.20244e-04
 Reference value :  1.20304e-04
 Reference value :  1.20404e-04
 Reference value :  1.20504e-04
 Reference value :  1.20584e-04
 Reference value :  1.20664e-04
 Reference value :  1.20744e-04
 Reference value :  1.20824e-04
 Reference value :  1.20904e-04
 Reference value :  1.20984e-04
 Reference value :  1.21084e-04
 Reference value :  1.21164e-04
 Reference value :  1.21244e-04
 Reference value :  1.21324e-04
 Reference value :  1.21404e-04
 Reference value :  1.21464e-04
 Reference value :  1.21524e-04
 Reference value :  1.21604e-04
 Reference value :  1.21684e-04
 Reference value :  1.21744e-04
 Reference value :  1.21824e-04
 Reference value :  1.21904e-04
 Reference value :  1.21984e-04
 Reference value :  1.22064e-04
 Reference value :  1.22144e-04
 Reference value :  1.22204e-04
 Reference value :  1.22284e-04
 Reference value :  1.22364e-04
 Reference value :  1.22424e-04
 Reference value :  1.22504e-04
 Reference value :  1.22564e-04
 Reference value :  1.22644e-04
 Reference value :  1.22724e-04
 Reference value :  1.22784e-04
 Reference value :  1.22844e-04
 Reference value :  1.22924e-04
 Reference value :  1.22984e-04
 Reference value :  1.23064e-04
 Reference value :  1.23144e-04
 Reference value :  1.23224e-04
 Reference value :  1.23284e-04
 Reference value :  1.23364e-04
 Reference value :  1.23444e-04
 Reference value :  1.23504e-04
 Reference value :  1.23564e-04
 Reference value :  1.23624e-04
 Reference value :  1.23684e-04
 Reference value :  1.23764e-04
 Reference value :  1.23824e-04
 Reference value :  1.23904e-04
 Reference value :  1.23984e-04
 Reference value :  1.24044e-04
 Reference value :  1.24124e-04
 Reference value :  1.24184e-04
 Reference value :  1.24244e-04
 Reference value :  1.24304e-04
 Reference value :  1.24364e-04
 Reference value :  1.24424e-04
 Reference value :  1.24484e-04
 Reference value :  1.24544e-04
 Reference value :  1.24624e-04
 Reference value :  1.24704e-04
 Reference value :  1.24804e-04
 Reference value :  1.24884e-04
 Reference value :  1.24964e-04
 Reference value :  1.25044e-04
 Reference value :  1.25124e-04
 Reference value :  1.25204e-04
 Reference value :  1.25284e-04
 Reference value :  1.25364e-04
 Reference value :  1.25444e-04
 Reference value :  1.25524e-04
 Reference value :  1.25604e-04
 Reference value :  1.25684e-04
 Reference value :  1.25764e-04
 Reference value :  1.25844e-04
 Reference value :  1.25924e-04
 Reference value :  1.26004e-04
 Reference value :  1.26084e-04
 Reference value :  1.26164e-04
 Reference value :  1.26244e-04
 Reference value :  1.26324e-04
 Reference value :  1.26404e-04
 Reference value :  1.26484e-04
 Reference value :  1.26564e-04
 Reference value :  1.26644e-04
 Reference value :  1.26724e-04
 Reference value :  1.26804e-04
 Reference value :  1.26884e-04
 Reference value :  1.26964e-04
 Reference value :  1.27044e-04
 Reference value :  1.27124e-04
 Reference value :  1.27224e-04
 Reference value :  1.27324e-04
 Reference value :  1.27404e-04
 Reference value :  1.27484e-04
 Reference value :  1.27564e-04
 Reference value :  1.27644e-04
 Reference value :  1.27724e-04
 Reference value :  1.27804e-04
 Reference value :  1.27884e-04
 Reference value :  1.27964e-04
 Reference value :  1.28044e-04
 Reference value :  1.28124e-04
 Reference value :  1.28204e-04
 Reference value :  1.28284e-04
 Reference value :  1.28364e-04
 Reference value :  1.28444e-04
 Reference value :  1.28524e-04
 Reference value :  1.28604e-04
 Reference value :  1.28684e-04
 Reference value :  1.28764e-04
 Reference value :  1.28844e-04
 Reference value :  1.28924e-04
 Reference value :  1.29004e-04
 Reference value :  1.29084e-04
 Reference value :  1.29164e-04
 Reference value :  1.29244e-04
 Reference value :  1.29324e-04
 Reference value :  1.29404e-04
 Reference value :  1.29484e-04
 Reference value :  1.29564e-04
 Reference value :  1.29644e-04
 Reference value :  1.29724e-04
 Reference value :  1.29804e-04
 Reference value :  1.29884e-04
 Reference value :  1.29964e-04
 Reference value :  1.30064e-04
 Reference value :  1.30144e-04
 Reference value :  1.30224e-04
 Reference value :  1.30304e-04
 Reference value :  1.30384e-04
 Reference value :  1.30464e-04
 Reference value :  1.30544e-04
 Reference value :  1.30624e-04
 Reference value :  1.30704e-04
 Reference value :  1.30784e-04
 Reference value :  1.30864e-04
 Reference value :  1.30944e-04
 Reference value :  1.31044e-04
 Reference value :  1.31124e-04
 Reference value :  1.31204e-04
 Reference value :  1.31284e-04
 Reference value :  1.31364e-04
 Reference value :  1.31444e-04
 Reference value :  1.31524e-04
 Reference value :  1.31604e-04
 Reference value :  1.31684e-04
 Reference value :  1.31764e-04
 Reference value :  1.31844e-04
 Reference value :  1.31924e-04
 Reference value :  1.32004e-04
 Reference value :  1.32084e-04
 Reference value :  1.32164e-04
 Reference value :  1.32244e-04
 Reference value :  1.32324e-04
 Reference value :  1.32404e-04
 Reference value :  1.32484e-04
 Reference value :  1.32564e-04
 Reference value :  1.32644e-04
 Reference value :  1.32704e-04
 Reference value :  1.32784e-04
 Reference value :  1.32864e-04
 Reference value :  1.33404e-04
 Reference value :  1.33464e-04
 Reference value :  1.33644e-04
 Reference value :  1.33704e-04
 Reference value :  1.33784e-04
 Reference value :  1.33864e-04
 Reference value :  1.33924e-04
 Reference value :  1.33984e-04
 Reference value :  1.34064e-04
 Reference value :  1.34124e-04
 Reference value :  1.34204e-04
 Reference value :  1.34284e-04
 Reference value :  1.34364e-04
 Reference value :  1.34444e-04
 Reference value :  1.34504e-04
 Reference value :  1.34584e-04
 Reference value :  1.34664e-04
 Reference value :  1.34744e-04
 Reference value :  1.34824e-04
 Reference value :  1.34904e-04
 Reference value :  1.34984e-04
 Reference value :  1.35064e-04
 Reference value :  1.35144e-04
 Reference value :  1.35224e-04
 Reference value :  1.35304e-04
 Reference value :  1.35384e-04
 Reference value :  1.35444e-04
 Reference value :  1.35504e-04
 Reference value :  1.35584e-04
 Reference value :  1.35664e-04
 Reference value :  1.35744e-04
 Reference value :  1.35824e-04
 Reference value :  1.35904e-04
 Reference value :  1.35984e-04
 Reference value :  1.36064e-04
 Reference value :  1.36144e-04
 Reference value :  1.36224e-04
 Reference value :  1.36304e-04
 Reference value :  1.36384e-04
 Reference value :  1.36464e-04
 Reference value :  1.36544e-04
 Reference value :  1.36604e-04
 Reference value :  1.36664e-04
 Reference value :  1.36744e-04
 Reference value :  1.36824e-04
 Reference value :  1.36904e-04
 Reference value :  1.36984e-04
 Reference value :  1.37064e-04
 Reference value :  1.37144e-04
 Reference value :  1.37224e-04
 Reference value :  1.37304e-04
 Reference value :  1.37384e-04
 Reference value :  1.37464e-04
 Reference value :  1.37544e-04
 Reference value :  1.37624e-04
 Reference value :  1.37704e-04
 Reference value :  1.37764e-04
 Reference value :  1.37844e-04
 Reference value :  1.37924e-04
 Reference value :  1.38004e-04
 Reference value :  1.38064e-04
 Reference value :  1.38144e-04
 Reference value :  1.38204e-04
 Reference value :  1.38284e-04
 Reference value :  1.38344e-04
 Reference value :  1.38424e-04
 Reference value :  1.38484e-04
 Reference value :  1.38564e-04
 Reference value :  1.38644e-04
 Reference value :  1.38724e-04
 Reference value :  1.38804e-04
 Reference value :  1.38884e-04
 Reference value :  1.38964e-04
 Reference value :  1.39024e-04
 Reference value :  1.39104e-04
 Reference value :  1.39184e-04
 Reference value :  1.39264e-04
 Reference value :  1.39344e-04
 Reference value :  1.39424e-04
 Reference value :  1.39504e-04
 Reference value :  1.39584e-04
 Reference value :  1.39664e-04
 Reference value :  1.39744e-04
 Reference value :  1.39824e-04
 Reference value :  1.39904e-04
 Reference value :  1.39984e-04
 Reference value :  1.40084e-04
 Reference value :  1.40164e-04
 Reference value :  1.40244e-04
 Reference value :  1.40324e-04
 Reference value :  1.40404e-04
 Reference value :  1.40484e-04
 Reference value :  1.40564e-04
 Reference value :  1.40644e-04
 Reference value :  1.40724e-04
 Reference value :  1.40804e-04
 Reference value :  1.40884e-04
 Reference value :  1.40964e-04
 Reference value :  1.41044e-04
 Reference value :  1.41124e-04
 Reference value :  1.41204e-04
 Reference value :  1.41284e-04
 Reference value :  1.41364e-04
 Reference value :  1.41444e-04
 Reference value :  1.41524e-04
 Reference value :  1.41604e-04
 Reference value :  1.41684e-04
 Reference value :  1.41764e-04
 Reference value :  1.41844e-04
 Reference value :  1.41924e-04
 Reference value :  1.42004e-04
 Reference value :  1.42084e-04
 Reference value :  1.42164e-04
 Reference value :  1.42244e-04
 Reference value :  1.42324e-04
 Reference value :  1.42424e-04
 Reference value :  1.42504e-04
 Reference value :  1.42584e-04
 Reference value :  1.42664e-04
 Reference value :  1.42744e-04
 Reference value :  1.42824e-04
 Reference value :  1.42904e-04
 Reference value :  1.42984e-04
 Reference value :  1.43064e-04
 Reference value :  1.43144e-04
 Reference value :  1.43224e-04
 Reference value :  1.43324e-04
 Reference value :  1.43404e-04
 Reference value :  1.43484e-04
 Reference value :  1.43564e-04
 Reference value :  1.43644e-04
 Reference value :  1.43724e-04
 Reference value :  1.43804e-04
 Reference value :  1.43884e-04
 Reference value :  1.43964e-04
 Reference value :  1.44044e-04
 Reference value :  1.44124e-04
 Reference value :  1.44224e-04
 Reference value :  1.44304e-04
 Reference value :  1.44384e-04
 Reference value :  1.44464e-04
 Reference value :  1.44544e-04
 Reference value :  1.44624e-04
 Reference value :  1.44704e-04
 Reference value :  1.44784e-04
 Reference value :  1.44884e-04
 Reference value :  1.44964e-04
 Reference value :  1.45044e-04
 Reference value :  1.45124e-04
 Reference value :  1.45204e-04
 Reference value :  1.45284e-04
 Reference value :  1.45364e-04
 Reference value :  1.45444e-04
 Reference value :  1.45524e-04
 Reference value :  1.45604e-04
 Reference value :  1.45684e-04
 Reference value :  1.45764e-04
 Reference value :  1.45844e-04
 Reference value :  1.45924e-04
 Reference value :  1.46004e-04
 Reference value :  1.46084e-04
 Reference value :  1.46164e-04
 Reference value :  1.46244e-04
 Reference value :  1.46324e-04
 Reference value :  1.46404e-04
 Reference value :  1.46484e-04
 Reference value :  1.46544e-04
 Reference value :  1.46604e-04
 Reference value :  1.46684e-04
 Reference value :  1.46744e-04
 Reference value :  1.46804e-04
 Reference value :  1.46884e-04
 Reference value :  1.46944e-04
 Reference value :  1.47024e-04
 Reference value :  1.47104e-04
 Reference value :  1.47164e-04
 Reference value :  1.47224e-04
 Reference value :  1.47304e-04
 Reference value :  1.47364e-04
 Reference value :  1.47444e-04
 Reference value :  1.47504e-04
 Reference value :  1.47564e-04
 Reference value :  1.47624e-04
 Reference value :  1.47704e-04
 Reference value :  1.47764e-04
 Reference value :  1.47844e-04
 Reference value :  1.47904e-04
 Reference value :  1.47984e-04
 Reference value :  1.48044e-04
 Reference value :  1.48104e-04
 Reference value :  1.48164e-04
 Reference value :  1.48244e-04
 Reference value :  1.48324e-04
 Reference value :  1.48404e-04
 Reference value :  1.48464e-04
 Reference value :  1.48524e-04
 Reference value :  1.48584e-04
 Reference value :  1.48664e-04
 Reference value :  1.48744e-04
 Reference value :  1.48824e-04
 Reference value :  1.48904e-04
 Reference value :  1.48964e-04
 Reference value :  1.49044e-04
 Reference value :  1.49124e-04
 Reference value :  1.49204e-04
 Reference value :  1.49284e-04
 Reference value :  1.49364e-04
 Reference value :  1.49424e-04
 Reference value :  1.49484e-04
 Reference value :  1.49544e-04
 Reference value :  1.49604e-04
 Reference value :  1.49684e-04
 Reference value :  1.49744e-04
 Reference value :  1.49824e-04
 Reference value :  1.49904e-04
 Reference value :  1.49964e-04
 Reference value :  1.50044e-04
 Reference value :  1.50124e-04
 Reference value :  1.50204e-04
 Reference value :  1.50284e-04
 Reference value :  1.50364e-04
 Reference value :  1.50424e-04
 Reference value :  1.50484e-04
 Reference value :  1.50564e-04
 Reference value :  1.50644e-04
 Reference value :  1.50724e-04
 Reference value :  1.50784e-04
 Reference value :  1.50844e-04
 Reference value :  1.50904e-04
 Reference value :  1.50964e-04
 Reference value :  1.51024e-04
 Reference value :  1.51104e-04
 Reference value :  1.51184e-04
 Reference value :  1.51244e-04
 Reference value :  1.51304e-04
 Reference value :  1.51384e-04
 Reference value :  1.51444e-04
 Reference value :  1.51504e-04
 Reference value :  1.51564e-04
 Reference value :  1.51624e-04
 Reference value :  1.51684e-04
 Reference value :  1.51744e-04
 Reference value :  1.51804e-04
 Reference value :  1.51864e-04
 Reference value :  1.51924e-04
 Reference value :  1.52004e-04
 Reference value :  1.52084e-04
 Reference value :  1.52164e-04
 Reference value :  1.52244e-04
 Reference value :  1.52304e-04
 Reference value :  1.52384e-04
 Reference value :  1.52444e-04
 Reference value :  1.52524e-04
 Reference value :  1.52584e-04
 Reference value :  1.52664e-04
 Reference value :  1.52744e-04
 Reference value :  1.52824e-04
 Reference value :  1.52904e-04
 Reference value :  1.52984e-04
 Reference value :  1.53064e-04
 Reference value :  1.53144e-04
 Reference value :  1.53244e-04
 Reference value :  1.53324e-04
 Reference value :  1.53384e-04
 Reference value :  1.53464e-04
 Reference value :  1.53544e-04
 Reference value :  1.53624e-04
 Reference value :  1.53704e-04
 Reference value :  1.53764e-04
 Reference value :  1.53844e-04
 Reference value :  1.53904e-04
 Reference value :  1.53984e-04
 Reference value :  1.54044e-04
 Reference value :  1.54124e-04
 Reference value :  1.54184e-04
 Reference value :  1.54264e-04
 Reference value :  1.54324e-04
 Reference value :  1.54404e-04
 Reference value :  1.54464e-04
 Reference value :  1.54524e-04
 Reference value :  1.54604e-04
 Reference value :  1.54684e-04
 Reference value :  1.54744e-04
 Reference value :  1.54804e-04
 Reference value :  1.54884e-04
 Reference value :  1.54964e-04
 Reference value :  1.55044e-04
 Reference value :  1.55124e-04
 Reference value :  1.55204e-04
 Reference value :  1.55264e-04
 Reference value :  1.55344e-04
 Reference value :  1.55424e-04
 Reference value :  1.55484e-04
 Reference value :  1.55564e-04
 Reference value :  1.55644e-04
 Reference value :  1.55704e-04
 Reference value :  1.55764e-04
 Reference value :  1.55824e-04
 Reference value :  1.55884e-04
 Reference value :  1.55964e-04
 Reference value :  1.56024e-04
 Reference value :  1.56084e-04
 Reference value :  1.56144e-04
 Reference value :  1.56224e-04
 Reference value :  1.56304e-04
 Reference value :  1.56384e-04
 Reference value :  1.56444e-04
 Reference value :  1.56524e-04
 Reference value :  1.56584e-04
 Reference value :  1.56664e-04
 Reference value :  1.56724e-04
 Reference value :  1.56804e-04
 Reference value :  1.56864e-04
 Reference value :  1.56944e-04
 Reference value :  1.57004e-04
 Reference value :  1.57064e-04
 Reference value :  1.57144e-04
 Reference value :  1.57204e-04
 Reference value :  1.57284e-04
 Reference value :  1.57344e-04
 Reference value :  1.57424e-04
 Reference value :  1.57484e-04
 Reference value :  1.57544e-04
 Reference value :  1.57604e-04
 Reference value :  1.57664e-04
 Reference value :  1.57724e-04
 Reference value :  1.57804e-04
 Reference value :  1.57864e-04
 Reference value :  1.57944e-04
 Reference value :  1.58004e-04
 Reference value :  1.58064e-04
 Reference value :  1.58144e-04
 Reference value :  1.58204e-04
 Reference value :  1.58284e-04
 Reference value :  1.58364e-04
 Reference value :  1.58444e-04
 Reference value :  1.58524e-04
 Reference value :  1.58604e-04
 Reference value :  1.58684e-04
 Reference value :  1.58764e-04
 Reference value :  1.58844e-04
 Reference value :  1.58924e-04
 Reference value :  1.59004e-04
 Reference value :  1.59084e-04
 Reference value :  1.59164e-04
 Reference value :  1.59244e-04
 Reference value :  1.59324e-04
 Reference value :  1.59404e-04
 Reference value :  1.59504e-04
 Reference value :  1.59584e-04
 Reference value :  1.59664e-04
 Reference value :  1.59744e-04
 Reference value :  1.59824e-04
 Reference value :  1.59904e-04
 Reference value :  1.59984e-04
 Reference value :  1.60064e-04
 Reference value :  1.60144e-04
 Reference value :  1.60224e-04
 Reference value :  1.60304e-04
 Reference value :  1.60384e-04
 Reference value :  1.60464e-04
 Reference value :  1.60544e-04
 Reference value :  1.60624e-04
 Reference value :  1.60704e-04
 Reference value :  1.60784e-04
 Reference value :  1.60864e-04
 Reference value :  1.60944e-04
 Reference value :  1.61024e-04
 Reference value :  1.61104e-04
 Reference value :  1.61184e-04
 Reference value :  1.61264e-04
 Reference value :  1.61344e-04
 Reference value :  1.61424e-04
 Reference value :  1.61504e-04
 Reference value :  1.61584e-04
 Reference value :  1.61664e-04
 Reference value :  1.61744e-04
 Reference value :  1.61824e-04
 Reference value :  1.61904e-04
 Reference value :  1.61984e-04
 Reference value :  1.62064e-04
 Reference value :  1.62144e-04
 Reference value :  1.62224e-04
 Reference value :  1.62304e-04
 Reference value :  1.62384e-04
 Reference value :  1.62464e-04
 Reference value :  1.62544e-04
 Reference value :  1.62624e-04
 Reference value :  1.62704e-04
 Reference value :  1.62784e-04
 Reference value :  1.62864e-04
 Reference value :  1.62944e-04
 Reference value :  1.63024e-04
 Reference value :  1.63104e-04
 Reference value :  1.63184e-04
 Reference value :  1.63264e-04
 Reference value :  1.63344e-04
 Reference value :  1.63424e-04
 Reference value :  1.63484e-04
 Reference value :  1.63544e-04
 Reference value :  1.63624e-04
 Reference value :  1.63684e-04
 Reference value :  1.63744e-04
 Reference value :  1.63824e-04
 Reference value :  1.63904e-04
 Reference value :  1.63984e-04
 Reference value :  1.64064e-04
 Reference value :  1.64144e-04
 Reference value :  1.64224e-04
 Reference value :  1.64304e-04
 Reference value :  1.64384e-04
 Reference value :  1.64464e-04
 Reference value :  1.64544e-04
 Reference value :  1.64624e-04
 Reference value :  1.64704e-04
 Reference value :  1.64784e-04
 Reference value :  1.64864e-04
 Reference value :  1.64944e-04
 Reference value :  1.65024e-04
 Reference value :  1.65104e-04
 Reference value :  1.65204e-04
 Reference value :  1.65284e-04
 Reference value :  1.65364e-04
 Reference value :  1.65464e-04
 Reference value :  1.65544e-04
 Reference value :  1.65624e-04
 Reference value :  1.65704e-04
 Reference value :  1.65784e-04
 Reference value :  1.65864e-04
 Reference value :  1.65944e-04
 Reference value :  1.66024e-04
 Reference value :  1.66104e-04
 Reference value :  1.66184e-04
 Reference value :  1.66264e-04
 Reference value :  1.66344e-04
 Reference value :  1.66424e-04
 Reference value :  1.66524e-04
 Reference value :  1.66604e-04
 Reference value :  1.66684e-04
 Reference value :  1.66764e-04
 Reference value :  1.66844e-04
 Reference value :  1.66924e-04
 Reference value :  1.67004e-04
 Reference value :  1.67084e-04
 Reference value :  1.67164e-04
 Reference value :  1.67224e-04
 Reference value :  1.67284e-04
 Reference value :  1.67344e-04
 Reference value :  1.67404e-04
 Reference value :  1.67484e-04
 Reference value :  1.67544e-04
 Reference value :  1.67604e-04
 Reference value :  1.67664e-04
 Reference value :  1.67744e-04
 Reference value :  1.67804e-04
 Reference value :  1.67864e-04
 Reference value :  1.67944e-04
 Reference value :  1.68024e-04
 Reference value :  1.68084e-04
 Reference value :  1.68144e-04
 Reference value :  1.68224e-04
 Reference value :  1.68284e-04
 Reference value :  1.68364e-04
 Reference value :  1.68444e-04
 Reference value :  1.68524e-04
 Reference value :  1.68604e-04
 Reference value :  1.68664e-04
 Reference value :  1.68724e-04
 Reference value :  1.68804e-04
 Reference value :  1.68884e-04
 Reference value :  1.68964e-04
 Reference value :  1.69044e-04
 Reference value :  1.69124e-04
 Reference value :  1.69204e-04
 Reference value :  1.69284e-04
 Reference value :  1.69364e-04
 Reference value :  1.69444e-04
 Reference value :  1.69524e-04
 Reference value :  1.69604e-04
 Reference value :  1.69684e-04
 Reference value :  1.69764e-04
 Reference value :  1.69844e-04
 Reference value :  1.69924e-04
 Reference value :  1.70004e-04
 Reference value :  1.70084e-04
 Reference value :  1.70164e-04
 Reference value :  1.70244e-04
 Reference value :  1.70324e-04
 Reference value :  1.70404e-04
 Reference value :  1.70484e-04
 Reference value :  1.70564e-04
 Reference value :  1.70664e-04
 Reference value :  1.70744e-04
 Reference value :  1.70824e-04
 Reference value :  1.70904e-04
 Reference value :  1.70984e-04
 Reference value :  1.71064e-04
 Reference value :  1.71144e-04
 Reference value :  1.71224e-04
 Reference value :  1.71284e-04
 Reference value :  1.71364e-04
 Reference value :  1.71424e-04
 Reference value :  1.71504e-04
 Reference value :  1.71584e-04
 Reference value :  1.71664e-04
 Reference value :  1.71744e-04
 Reference value :  1.71824e-04
 Reference value :  1.71904e-04
 Reference value :  1.71984e-04
 Reference value :  1.72044e-04
 Reference value :  1.72104e-04
 Reference value :  1.72184e-04
 Reference value :  1.72264e-04
 Reference value :  1.72324e-04
 Reference value :  1.72404e-04
 Reference value :  1.72464e-04
 Reference value :  1.72524e-04
 Reference value :  1.72584e-04
 Reference value :  1.72644e-04
 Reference value :  1.72704e-04
 Reference value :  1.72764e-04
 Reference value :  1.72844e-04
 Reference value :  1.72904e-04
 Reference value :  1.72984e-04
 Reference value :  1.73044e-04
 Reference value :  1.73124e-04
 Reference value :  1.73204e-04
 Reference value :  1.73284e-04
 Reference value :  1.73364e-04
 Reference value :  1.73444e-04
 Reference value :  1.73504e-04
 Reference value :  1.73564e-04
 Reference value :  1.73644e-04
 Reference value :  1.73724e-04
 Reference value :  1.73784e-04
 Reference value :  1.73844e-04
 Reference value :  1.73924e-04
 Reference value :  1.73984e-04
 Reference value :  1.74044e-04
 Reference value :  1.74124e-04
 Reference value :  1.74204e-04
 Reference value :  1.74284e-04
 Reference value :  1.74364e-04
 Reference value :  1.74424e-04
 Reference value :  1.74504e-04
 Reference value :  1.74584e-04
 Reference value :  1.74664e-04
 Reference value :  1.74744e-04
 Reference value :  1.74804e-04
 Reference value :  1.74884e-04
 Reference value :  1.74964e-04
 Reference value :  1.75024e-04
 Reference value :  1.75084e-04
 Reference value :  1.75144e-04
 Reference value :  1.75204e-04
 Reference value :  1.75264e-04
 Reference value :  1.75344e-04
 Reference value :  1.75404e-04
 Reference value :  1.75484e-04
 Reference value :  1.75564e-04
 Reference value :  1.75644e-04
 Reference value :  1.75704e-04
 Reference value :  1.75764e-04
 Reference value :  1.75824e-04
 Reference value :  1.75884e-04
 Reference value :  1.75964e-04
 Reference value :  1.76044e-04
 Reference value :  1.76124e-04
 Reference value :  1.76204e-04
 Reference value :  1.76264e-04
 Reference value :  1.76324e-04
 Reference value :  1.76404e-04
 Reference value :  1.76464e-04
 Reference value :  1.76524e-04
 Reference value :  1.77844e-04
 Reference value :  1.77904e-04
 Reference value :  1.77964e-04
 Reference value :  1.78024e-04
 Reference value :  1.78084e-04
 Reference value :  1.78164e-04
 Reference value :  1.78224e-04
 Reference value :  1.78304e-04
 Reference value :  1.78384e-04
 Reference value :  1.78464e-04
 Reference value :  1.78544e-04
 Reference value :  1.78624e-04
 Reference value :  1.78704e-04
 Reference value :  1.78784e-04
 Reference value :  1.78844e-04
 Reference value :  1.78924e-04
 Reference value :  1.79004e-04
 Reference value :  1.79064e-04
 Reference value :  1.79124e-04
 Reference value :  1.79204e-04
 Reference value :  1.79284e-04
 Reference value :  1.79364e-04
 Reference value :  1.79424e-04
 Reference value :  1.79484e-04
 Reference value :  1.79564e-04
 Reference value :  1.79644e-04
 Reference value :  1.79724e-04
 Reference value :  1.79784e-04
 Reference value :  1.83584e-04
 Reference value :  1.90844e-04
 Reference value :  1.95624e-04
 Reference value :  1.99544e-04
 Reference value :  2.01504e-04
 Reference value :  2.01564e-04
 Reference value :  2.01624e-04
 Reference value :  2.02824e-04
 Reference value :  2.02884e-04
 Reference value :  2.02944e-04
 Reference value :  2.03004e-04
 Reference value :  2.03064e-04
 Reference value :  2.03144e-04
 Reference value :  2.03964e-04
 Reference value :  2.04044e-04
 Reference value :  2.04124e-04
 Reference value :  2.04184e-04
 Reference value :  2.04264e-04
 Reference value :  2.04324e-04
 Reference value :  2.04384e-04
 Reference value :  2.04444e-04
 Reference value :  2.04524e-04
 Reference value :  2.04604e-04
 Reference value :  2.04664e-04
 Reference value :  2.04724e-04
 Reference value :  2.04784e-04
 Reference value :  2.04844e-04
 Reference value :  2.04904e-04
 Reference value :  2.04984e-04
 Reference value :  2.05064e-04
 Reference value :  2.05144e-04
 Reference value :  2.05204e-04
 Reference value :  2.05284e-04
 Reference value :  2.06144e-04
 Reference value :  2.06204e-04
 Reference value :  2.06284e-04
 Reference value :  2.06344e-04
 Reference value :  2.06424e-04
 Reference value :  2.06484e-04
 Reference value :  2.06564e-04
 Reference value :  2.06644e-04
 Reference value :  2.06704e-04
 Reference value :  2.06764e-04
 Reference value :  2.06844e-04
 Reference value :  2.06904e-04
 Reference value :  2.06984e-04
 Reference value :  2.07044e-04
 Reference value :  2.07104e-04
 Reference value :  2.07184e-04
 Reference value :  2.07264e-04
 Reference value :  2.07344e-04
 Reference value :  2.07404e-04
 Reference value :  2.07464e-04
 Reference value :  2.07544e-04
 Reference value :  2.07604e-04
 Reference value :  2.07664e-04
 Reference value :  2.07724e-04
 Reference value :  2.07784e-04
 Reference value :  2.07864e-04
 Reference value :  2.07924e-04
 Reference value :  2.07984e-04
 Reference value :  2.08044e-04
 Reference value :  2.09124e-04
 Reference value :  2.10904e-04
 Reference value :  2.10964e-04
 Reference value :  2.11024e-04
 Reference value :  2.11084e-04
 Reference value :  2.11164e-04
 Reference value :  2.11244e-04
 Reference value :  2.13444e-04
 Reference value :  2.13504e-04
 Reference value :  2.13564e-04
 Reference value :  2.13644e-04
 Reference value :  2.13704e-04
 Reference value :  2.13764e-04
 Reference value :  2.13844e-04
 Reference value :  2.13904e-04
 Reference value :  2.13984e-04
 Reference value :  2.14044e-04
 Reference value :  2.14104e-04
 Reference value :  2.14164e-04
 Reference value :  2.14224e-04
 Reference value :  2.14284e-04
 Reference value :  2.14364e-04
 Reference value :  2.14444e-04
 Reference value :  2.14524e-04
 Reference value :  2.14604e-04
 Reference value :  2.14684e-04
 Reference value :  2.14784e-04
 Reference value :  2.14864e-04
 Reference value :  2.14944e-04
 Reference value :  2.15024e-04
 Reference value :  2.15204e-04
 Reference value :  2.15264e-04
 Reference value :  2.15344e-04
 Reference value :  2.18864e-04
 Reference value :  2.18924e-04
 Reference value :  2.19004e-04
 Reference value :  2.19064e-04
 Reference value :  2.19124e-04
 Reference value :  2.19184e-04
 Reference value :  2.19264e-04
 Reference value :  2.19344e-04
 Reference value :  2.19404e-04
 Reference value :  2.19484e-04
 Reference value :  2.19544e-04
 Reference value :  2.19604e-04
 Reference value :  2.19664e-04
 Reference value :  2.19724e-04
 Reference value :  2.19784e-04
 Reference value :  2.19844e-04
 Reference value :  2.19924e-04
 Reference value :  2.25064e-04
 Reference value :  2.37284e-04
 Reference value :  2.50964e-04
 Reference value :  2.64224e-04
 Reference value :  2.78244e-04
 Reference value :  2.92444e-04
 Reference value :  3.00020e-04
 Reference value :  3.10104e-04
 Reference value :  3.22324e-04
 Reference value :  3.36444e-04
 Reference value :  3.50284e-04
 Reference value :  3.64164e-04
 Reference value :  3.77644e-04
 Reference value :  3.90044e-04
 Reference value :  4.01604e-04
 Reference value :  4.13584e-04
 Reference value :  4.27604e-04
 Reference value :  4.41864e-04
 Reference value :  4.54604e-04
 Reference value :  4.68784e-04
 Reference value :  4.81884e-04
 Reference value :  4.95124e-04
 Reference value :  5.08084e-04
 Reference value :  5.22064e-04
 Reference value :  5.36204e-04
 Reference value :  5.49224e-04
 Reference value :  5.59444e-04
 Reference value :  5.59504e-04
 Reference value :  5.59564e-04
 Reference value :  5.59624e-04
 Reference value :  5.59684e-04
 Reference value :  5.59764e-04
 Reference value :  5.59844e-04
 Reference value :  5.59924e-04
 Reference value :  5.60444e-04
 Reference value :  5.60524e-04
 Reference value :  5.60604e-04
 Reference value :  5.60684e-04
 Reference value :  5.60764e-04
 Reference value :  5.60824e-04
 Reference value :  5.60884e-04
 Reference value :  5.60944e-04
 Reference value :  5.61004e-04
 Reference value :  5.61064e-04
 Reference value :  5.61144e-04
 Reference value :  5.61204e-04
 Reference value :  5.61284e-04
 Reference value :  5.61344e-04
 Reference value :  5.61424e-04
 Reference value :  5.61484e-04
 Reference value :  5.72104e-04
 Reference value :  5.86124e-04
 Reference value :  5.98904e-04
 Reference value :  6.10824e-04
 Reference value :  6.23764e-04
 Reference value :  6.36064e-04
 Reference value :  6.50184e-04
 Reference value :  6.63244e-04
 Reference value :  6.77504e-04
 Reference value :  6.90984e-04
 Reference value :  7.04204e-04
 Reference value :  7.18124e-04
 Reference value :  7.30844e-04
 Reference value :  7.44864e-04
 Reference value :  7.57964e-04
 Reference value :  7.72084e-04
 Reference value :  7.86364e-04
 Reference value :  7.99404e-04
 Reference value :  8.13584e-04
 Reference value :  8.27204e-04
 Reference value :  8.39164e-04
 Reference value :  8.52384e-04
 Reference value :  8.66484e-04
 Reference value :  8.80664e-04
 Reference value :  8.94204e-04
 Reference value :  9.07824e-04
 Reference value :  9.11444e-04
 Reference value :  9.11504e-04
 Reference value :  9.11584e-04
 Reference value :  9.11644e-04
 Reference value :  9.11724e-04
 Reference value :  9.11784e-04
 Reference value :  9.11864e-04
 Reference value :  9.11924e-04
 Reference value :  9.11984e-04
 Reference value :  9.12064e-04
 Reference value :  9.12124e-04
 Reference value :  9.16224e-04
 Reference value :  9.23004e-04
 Reference value :  9.29524e-04
 Reference value :  9.37384e-04
 Reference value :  9.43964e-04
 Reference value :  9.47324e-04
 Reference value :  9.52724e-04
 Reference value :  9.65844e-04
 Reference value :  9.79524e-04
 Reference value :  9.87364e-04
 Reference value :  9.89144e-04
 Reference value :  9.94284e-04
 Reference value :  9.97484e-04
 Reference value :  1.00446e-03
 Reference value :  1.00914e-03
 Reference value :  1.01486e-03
 Reference value :  1.02842e-03
 Reference value :  1.04040e-03
 Reference value :  1.05322e-03
 Reference value :  1.06168e-03
 Reference value :  1.06312e-03
 Reference value :  1.07604e-03
No. of Data Rows : 54303

  Measurements for Transient Analysis

timbefore           =  3.54536e-01
pgdgmin             =  2.07283e+00 at=  1.00176e-03
pgdgbmax            =  2.67654e-01 at=  1.00176e-03
timafter            =  3.54998e-01 at=  9.99900e-04


Total analysis time (seconds) = 77.3599

Total elapsed time (seconds) = 77.398 

Total DRAM available = 15700.234 MB.
DRAM currently available = 9004.660 MB.
Maximum ngspice program size =   79.117 MB.
Current ngspice program size =   16.992 MB.

Shared ngspice pages =    8.715 MB.
Text (code) pages =    6.355 MB.
Stack = 0 bytes.
Library pages =   64.434 MB.


