
Note: No compatibility mode selected!


Circuit: * por-output-chain-deglitch glitch-width sweep -- schematic @ ff / 125 c / 2.97 v, 1.25 us glitch -- generated by run_glitch_width_sweep.py, do not edit

Doing analysis at TEMP = 125.000000 and TNOM = 27.000000

Using SPARSE 1.3 as Direct Linear Solver

Initial Transient Solution
--------------------------

Node                                   Voltage
----                                   -------
vdd                                          0
por_raw                                      0
nib1                               3.79297e-19
ibias1                             3.79297e-19
vdd1                                         0
resetn1                           -4.73214e-18
xdut1.pdn                          7.63308e-20
xdut1.ndl                         -1.82436e-18
xdut1.ndgp                         9.57607e-19
xdut1.ndg                           1.8509e-18
xdut1.ndgn                         5.52662e-19
xdut1.pgdg                        -4.78185e-20
xdut1.pgdgb                         6.6462e-21
xdut1.nts                         -4.00598e-18
xdut1.tim                          4.57506e-19
xdut1.nd1                          3.16966e-20
xdut1.trip                         1.89373e-21
xdut1.rstb                         1.59608e-18
xdut1.nnand                       -2.68631e-18
vd1#branch                         6.77468e-28
vib1#branch                                  0
vpr#branch                                   0
vsup#branch                       -6.77468e-28

 Reference value :  1.02856e-05
 Reference value :  2.37856e-05
 Reference value :  3.51256e-05
 Reference value :  4.82256e-05
 Reference value :  6.02856e-05
 Reference value :  7.21357e-05
 Reference value :  8.35060e-05
 Reference value :  9.65860e-05
 Reference value :  1.08764e-04
 Reference value :  1.21764e-04
 Reference value :  1.33524e-04
 Reference value :  1.45344e-04
 Reference value :  1.58564e-04
 Reference value :  1.71344e-04
 Reference value :  1.84404e-04
 Reference value :  1.96864e-04
 Reference value :  2.09804e-04
 Reference value :  2.23144e-04
 Reference value :  2.33164e-04
 Reference value :  2.46484e-04
 Reference value :  2.58124e-04
 Reference value :  2.71164e-04
 Reference value :  2.83904e-04
 Reference value :  2.96024e-04
 Reference value :  3.01714e-04
 Reference value :  3.08721e-04
 Reference value :  3.10984e-04
 Reference value :  3.14524e-04
 Reference value :  3.16264e-04
 Reference value :  3.19144e-04
 Reference value :  3.23264e-04
 Reference value :  3.27764e-04
 Reference value :  3.32924e-04
 Reference value :  3.34704e-04
 Reference value :  3.37664e-04
 Reference value :  3.45144e-04
 Reference value :  3.45224e-04
 Reference value :  3.45304e-04
 Reference value :  3.45384e-04
 Reference value :  3.45444e-04
 Reference value :  3.45524e-04
 Reference value :  3.45604e-04
 Reference value :  3.45684e-04
 Reference value :  3.45764e-04
 Reference value :  3.45844e-04
 Reference value :  3.45924e-04
 Reference value :  3.46004e-04
 Reference value :  3.53504e-04
 Reference value :  3.60104e-04
 Reference value :  3.68344e-04
 Reference value :  3.74544e-04
 Reference value :  3.79444e-04
 Reference value :  3.83304e-04
 Reference value :  3.84464e-04
 Reference value :  3.84564e-04
 Reference value :  3.84644e-04
 Reference value :  3.84724e-04
 Reference value :  3.84804e-04
 Reference value :  3.84884e-04
 Reference value :  3.84964e-04
 Reference value :  3.85044e-04
 Reference value :  3.85124e-04
 Reference value :  3.85204e-04
 Reference value :  3.85284e-04
 Reference value :  3.85364e-04
 Reference value :  3.85444e-04
 Reference value :  3.85524e-04
 Reference value :  3.85604e-04
 Reference value :  3.85684e-04
 Reference value :  3.86344e-04
 Reference value :  3.87264e-04
 Reference value :  3.87344e-04
 Reference value :  3.87424e-04
 Reference value :  3.87504e-04
 Reference value :  3.88044e-04
 Reference value :  3.92904e-04
 Reference value :  3.93104e-04
 Reference value :  3.93184e-04
 Reference value :  3.93904e-04
 Reference value :  4.00224e-04
 Reference value :  4.10344e-04
 Reference value :  4.22544e-04
 Reference value :  4.33124e-04
 Reference value :  4.33184e-04
 Reference value :  4.34584e-04
 Reference value :  4.44764e-04
 Reference value :  4.57944e-04
 Reference value :  4.70064e-04
 Reference value :  4.74624e-04
 Reference value :  4.78824e-04
 Reference value :  4.87124e-04
 Reference value :  4.93224e-04
 Reference value :  5.00284e-04
 Reference value :  5.06864e-04
 Reference value :  5.09464e-04
 Reference value :  5.09544e-04
 Reference value :  5.09624e-04
 Reference value :  5.09724e-04
 Reference value :  5.09804e-04
 Reference value :  5.09884e-04
 Reference value :  5.09964e-04
 Reference value :  5.10044e-04
 Reference value :  5.10124e-04
 Reference value :  5.10204e-04
 Reference value :  5.10284e-04
 Reference value :  5.10344e-04
 Reference value :  5.10424e-04
 Reference value :  5.10504e-04
 Reference value :  5.10584e-04
 Reference value :  5.10644e-04
 Reference value :  5.10724e-04
 Reference value :  5.10804e-04
 Reference value :  5.10884e-04
 Reference value :  5.10964e-04
 Reference value :  5.11044e-04
 Reference value :  5.11104e-04
 Reference value :  5.11184e-04
 Reference value :  5.11244e-04
 Reference value :  5.11304e-04
 Reference value :  5.11364e-04
 Reference value :  5.11424e-04
 Reference value :  5.11504e-04
 Reference value :  5.11584e-04
 Reference value :  5.11664e-04
 Reference value :  5.11744e-04
 Reference value :  5.11824e-04
 Reference value :  5.11904e-04
 Reference value :  5.11984e-04
 Reference value :  5.12044e-04
 Reference value :  5.12104e-04
 Reference value :  5.12184e-04
 Reference value :  5.12244e-04
 Reference value :  5.12324e-04
 Reference value :  5.12384e-04
 Reference value :  5.12444e-04
 Reference value :  5.12524e-04
 Reference value :  5.12584e-04
 Reference value :  5.12664e-04
 Reference value :  5.12744e-04
 Reference value :  5.12844e-04
 Reference value :  5.12924e-04
 Reference value :  5.12984e-04
 Reference value :  5.13064e-04
 Reference value :  5.13144e-04
 Reference value :  5.13224e-04
 Reference value :  5.13304e-04
 Reference value :  5.13424e-04
 Reference value :  5.13484e-04
 Reference value :  5.13564e-04
 Reference value :  5.13624e-04
 Reference value :  5.13704e-04
 Reference value :  5.13764e-04
 Reference value :  5.13824e-04
 Reference value :  5.13884e-04
 Reference value :  5.13964e-04
 Reference value :  5.14024e-04
 Reference value :  5.14104e-04
 Reference value :  5.14184e-04
 Reference value :  5.14264e-04
 Reference value :  5.14324e-04
 Reference value :  5.14404e-04
 Reference value :  5.14484e-04
 Reference value :  5.14564e-04
 Reference value :  5.14644e-04
 Reference value :  5.14764e-04
 Reference value :  5.14844e-04
 Reference value :  5.14924e-04
 Reference value :  5.14984e-04
 Reference value :  5.15044e-04
 Reference value :  5.15104e-04
 Reference value :  5.15164e-04
 Reference value :  5.15244e-04
 Reference value :  5.15324e-04
 Reference value :  5.15984e-04
 Reference value :  5.16064e-04
 Reference value :  5.16144e-04
 Reference value :  5.16224e-04
 Reference value :  5.16304e-04
 Reference value :  5.16384e-04
 Reference value :  5.16464e-04
 Reference value :  5.16544e-04
 Reference value :  5.16624e-04
 Reference value :  5.16704e-04
 Reference value :  5.16784e-04
 Reference value :  5.16844e-04
 Reference value :  5.16904e-04
 Reference value :  5.16984e-04
 Reference value :  5.17064e-04
 Reference value :  5.17124e-04
 Reference value :  5.17204e-04
 Reference value :  5.17264e-04
 Reference value :  5.17344e-04
 Reference value :  5.17424e-04
 Reference value :  5.17524e-04
 Reference value :  5.17624e-04
 Reference value :  5.17744e-04
 Reference value :  5.17824e-04
 Reference value :  5.17904e-04
 Reference value :  5.17964e-04
 Reference value :  5.18024e-04
 Reference value :  5.18084e-04
 Reference value :  5.18144e-04
 Reference value :  5.18224e-04
 Reference value :  5.18284e-04
 Reference value :  5.18364e-04
 Reference value :  5.18444e-04
 Reference value :  5.18524e-04
 Reference value :  5.18604e-04
 Reference value :  5.18664e-04
 Reference value :  5.18744e-04
 Reference value :  5.18824e-04
 Reference value :  5.18904e-04
 Reference value :  5.18984e-04
 Reference value :  5.19064e-04
 Reference value :  5.19144e-04
 Reference value :  5.19204e-04
 Reference value :  5.19284e-04
 Reference value :  5.19364e-04
 Reference value :  5.19424e-04
 Reference value :  5.19484e-04
 Reference value :  5.19564e-04
 Reference value :  5.19624e-04
 Reference value :  5.19704e-04
 Reference value :  5.19764e-04
 Reference value :  5.19824e-04
 Reference value :  5.19884e-04
 Reference value :  5.19964e-04
 Reference value :  5.20024e-04
 Reference value :  5.20084e-04
 Reference value :  5.20164e-04
 Reference value :  5.20244e-04
 Reference value :  5.20304e-04
 Reference value :  5.20384e-04
 Reference value :  5.20444e-04
 Reference value :  5.21544e-04
 Reference value :  5.21624e-04
 Reference value :  5.21704e-04
 Reference value :  5.21784e-04
 Reference value :  5.21864e-04
 Reference value :  5.21944e-04
 Reference value :  5.22024e-04
 Reference value :  5.22104e-04
 Reference value :  5.22184e-04
 Reference value :  5.22264e-04
 Reference value :  5.22324e-04
 Reference value :  5.22404e-04
 Reference value :  5.22484e-04
 Reference value :  5.22564e-04
 Reference value :  5.22644e-04
 Reference value :  5.22724e-04
 Reference value :  5.22804e-04
 Reference value :  5.22884e-04
 Reference value :  5.22964e-04
 Reference value :  5.23044e-04
 Reference value :  5.23124e-04
 Reference value :  5.23204e-04
 Reference value :  5.23284e-04
 Reference value :  5.23504e-04
 Reference value :  5.23564e-04
 Reference value :  5.23624e-04
 Reference value :  5.23684e-04
 Reference value :  5.23764e-04
 Reference value :  5.23844e-04
 Reference value :  5.23904e-04
 Reference value :  5.23984e-04
 Reference value :  5.24044e-04
 Reference value :  5.24104e-04
 Reference value :  5.24164e-04
 Reference value :  5.24224e-04
 Reference value :  5.24304e-04
 Reference value :  5.24384e-04
 Reference value :  5.24444e-04
 Reference value :  5.24504e-04
 Reference value :  5.24564e-04
 Reference value :  5.24644e-04
 Reference value :  5.24724e-04
 Reference value :  5.24804e-04
 Reference value :  5.35984e-04
 Reference value :  5.46804e-04
 Reference value :  5.58504e-04
 Reference value :  5.69904e-04
 Reference value :  5.81904e-04
 Reference value :  5.94204e-04
 Reference value :  6.04804e-04
 Reference value :  6.18364e-04
 Reference value :  6.30384e-04
 Reference value :  6.43384e-04
 Reference value :  6.56324e-04
 Reference value :  6.69824e-04
 Reference value :  6.83624e-04
 Reference value :  6.94924e-04
 Reference value :  7.08624e-04
 Reference value :  7.20364e-04
 Reference value :  7.31944e-04
 Reference value :  7.45404e-04
 Reference value :  7.57684e-04
 Reference value :  7.71284e-04
 Reference value :  7.82304e-04
 Reference value :  7.93984e-04
 Reference value :  8.06484e-04
 Reference value :  8.18724e-04
 Reference value :  8.30564e-04
 Reference value :  8.42084e-04
 Reference value :  8.48404e-04
 Reference value :  8.48484e-04
 Reference value :  8.48544e-04
 Reference value :  8.48624e-04
 Reference value :  8.48684e-04
 Reference value :  8.48744e-04
 Reference value :  8.48824e-04
 Reference value :  8.48884e-04
 Reference value :  8.48944e-04
 Reference value :  8.49004e-04
 Reference value :  8.49084e-04
 Reference value :  8.49144e-04
 Reference value :  8.49204e-04
 Reference value :  8.49284e-04
 Reference value :  8.49364e-04
 Reference value :  8.49444e-04
 Reference value :  8.49524e-04
 Reference value :  8.49604e-04
 Reference value :  8.49684e-04
 Reference value :  8.49764e-04
 Reference value :  8.49844e-04
 Reference value :  8.49924e-04
 Reference value :  8.53804e-04
 Reference value :  8.67344e-04
 Reference value :  8.79524e-04
 Reference value :  8.92844e-04
 Reference value :  9.05604e-04
 Reference value :  9.18384e-04
 Reference value :  9.31984e-04
 Reference value :  9.44964e-04
 Reference value :  9.58464e-04
 Reference value :  9.71524e-04
 Reference value :  9.84464e-04
 Reference value :  9.96584e-04
 Reference value :  1.00522e-03
 Reference value :  1.01890e-03
 Reference value :  1.03070e-03
 Reference value :  1.04434e-03
 Reference value :  1.05648e-03
 Reference value :  1.06988e-03
No. of Data Rows : 54295

  Measurements for Transient Analysis

timbefore           =  3.54536e-01
pgdgmin             =  2.86454e+00 at=  1.00126e-03
pgdgbmax            =  2.55958e-04 at=  1.00127e-03
timafter            =  3.54998e-01 at=  9.99900e-04


Total analysis time (seconds) = 16.0192

Total elapsed time (seconds) = 16.057 

Total DRAM available = 15700.234 MB.
DRAM currently available = 8288.934 MB.
Maximum ngspice program size =   79.949 MB.
Current ngspice program size =   18.152 MB.

Shared ngspice pages =    9.043 MB.
Text (code) pages =    6.355 MB.
Stack = 0 bytes.
Library pages =   65.266 MB.


