
Note: No compatibility mode selected!


Circuit: * por-output-chain-deglitch glitch-width sweep -- schematic @ ff / 125 c / 2.97 v, 2.25 us glitch -- generated by run_glitch_width_sweep.py, do not edit

Doing analysis at TEMP = 125.000000 and TNOM = 27.000000

Using SPARSE 1.3 as Direct Linear Solver

Initial Transient Solution
--------------------------

Node                                   Voltage
----                                   -------
vdd                                          0
por_raw                                      0
nib1                               3.79297e-19
ibias1                             3.79297e-19
vdd1                                         0
resetn1                           -4.73214e-18
xdut1.pdn                          7.63308e-20
xdut1.ndl                         -1.82436e-18
xdut1.ndgp                         9.57607e-19
xdut1.ndg                           1.8509e-18
xdut1.ndgn                         5.52662e-19
xdut1.pgdg                        -4.78185e-20
xdut1.pgdgb                         6.6462e-21
xdut1.nts                         -4.00598e-18
xdut1.tim                          4.57506e-19
xdut1.nd1                          3.16966e-20
xdut1.trip                         1.89373e-21
xdut1.rstb                         1.59608e-18
xdut1.nnand                       -2.68631e-18
vd1#branch                         6.77468e-28
vib1#branch                                  0
vpr#branch                                   0
vsup#branch                       -6.77468e-28

 Reference value :  9.44560e-06
 Reference value :  1.69056e-05
 Reference value :  2.08256e-05
 Reference value :  3.30656e-05
 Reference value :  4.24456e-05
 Reference value :  5.19856e-05
 Reference value :  5.95656e-05
 Reference value :  6.07656e-05
 Reference value :  6.47056e-05
 Reference value :  7.18056e-05
 Reference value :  7.70660e-05
 Reference value :  8.37060e-05
 Reference value :  8.88660e-05
 Reference value :  9.05660e-05
 Reference value :  9.06460e-05
 Reference value :  9.11060e-05
 Reference value :  9.11860e-05
 Reference value :  9.12660e-05
 Reference value :  9.24860e-05
 Reference value :  9.26660e-05
 Reference value :  9.92460e-05
 Reference value :  9.93260e-05
 Reference value :  1.04044e-04
 Reference value :  1.09324e-04
 Reference value :  1.11104e-04
 Reference value :  1.11624e-04
 Reference value :  1.21524e-04
 Reference value :  1.25324e-04
 Reference value :  1.28044e-04
 Reference value :  1.28124e-04
 Reference value :  1.30644e-04
 Reference value :  1.31204e-04
 Reference value :  1.38364e-04
 Reference value :  1.40984e-04
 Reference value :  1.42164e-04
 Reference value :  1.50644e-04
 Reference value :  1.57244e-04
 Reference value :  1.59544e-04
 Reference value :  1.59604e-04
 Reference value :  1.60044e-04
 Reference value :  1.60124e-04
 Reference value :  1.60204e-04
 Reference value :  1.64524e-04
 Reference value :  1.65544e-04
 Reference value :  1.65604e-04
 Reference value :  1.65684e-04
 Reference value :  1.67044e-04
 Reference value :  1.67124e-04
 Reference value :  1.67204e-04
 Reference value :  1.68144e-04
 Reference value :  1.74264e-04
 Reference value :  1.77364e-04
 Reference value :  1.86224e-04
 Reference value :  1.88764e-04
 Reference value :  1.88844e-04
 Reference value :  1.88904e-04
 Reference value :  1.96444e-04
 Reference value :  2.00264e-04
 Reference value :  2.09224e-04
 Reference value :  2.09304e-04
 Reference value :  2.10704e-04
 Reference value :  2.18144e-04
 Reference value :  2.26804e-04
 Reference value :  2.28644e-04
 Reference value :  2.30824e-04
 Reference value :  2.33664e-04
 Reference value :  2.41564e-04
 Reference value :  2.45704e-04
 Reference value :  2.49324e-04
 Reference value :  2.51084e-04
 Reference value :  2.60304e-04
 Reference value :  2.63604e-04
 Reference value :  2.63664e-04
 Reference value :  2.63764e-04
 Reference value :  2.63844e-04
 Reference value :  2.63924e-04
 Reference value :  2.64004e-04
 Reference value :  2.64084e-04
 Reference value :  2.64164e-04
 Reference value :  2.68964e-04
 Reference value :  2.69044e-04
 Reference value :  2.69104e-04
 Reference value :  2.69184e-04
 Reference value :  2.69264e-04
 Reference value :  2.69344e-04
 Reference value :  2.69424e-04
 Reference value :  2.69504e-04
 Reference value :  2.69584e-04
 Reference value :  2.69664e-04
 Reference value :  2.69744e-04
 Reference value :  2.69824e-04
 Reference value :  2.69884e-04
 Reference value :  2.69964e-04
 Reference value :  2.70024e-04
 Reference value :  2.70104e-04
 Reference value :  2.70184e-04
 Reference value :  2.70264e-04
 Reference value :  2.70344e-04
 Reference value :  2.70424e-04
 Reference value :  2.70504e-04
 Reference value :  2.70584e-04
 Reference value :  2.70664e-04
 Reference value :  2.70744e-04
 Reference value :  2.70824e-04
 Reference value :  2.70904e-04
 Reference value :  2.70964e-04
 Reference value :  2.71044e-04
 Reference value :  2.71124e-04
 Reference value :  2.71204e-04
 Reference value :  2.71284e-04
 Reference value :  2.71364e-04
 Reference value :  2.71444e-04
 Reference value :  2.71544e-04
 Reference value :  2.71644e-04
 Reference value :  2.71764e-04
 Reference value :  2.71844e-04
 Reference value :  2.71924e-04
 Reference value :  2.72004e-04
 Reference value :  2.72084e-04
 Reference value :  2.72164e-04
 Reference value :  2.72224e-04
 Reference value :  2.72304e-04
 Reference value :  2.84704e-04
 Reference value :  2.97484e-04
 Reference value :  3.07174e-04
 Reference value :  3.18684e-04
 Reference value :  3.31964e-04
 Reference value :  3.40604e-04
 Reference value :  3.44084e-04
 Reference value :  3.47444e-04
 Reference value :  3.60664e-04
 Reference value :  3.72384e-04
 Reference value :  3.85444e-04
 Reference value :  3.98864e-04
 Reference value :  4.04304e-04
 Reference value :  4.10944e-04
 Reference value :  4.21664e-04
 Reference value :  4.35164e-04
 Reference value :  4.47504e-04
 Reference value :  4.51264e-04
 Reference value :  4.52484e-04
 Reference value :  4.65744e-04
 Reference value :  4.78484e-04
 Reference value :  4.81924e-04
 Reference value :  4.82004e-04
 Reference value :  4.83044e-04
 Reference value :  4.83124e-04
 Reference value :  4.88964e-04
 Reference value :  4.94264e-04
 Reference value :  4.96844e-04
 Reference value :  4.96924e-04
 Reference value :  5.00544e-04
 Reference value :  5.01364e-04
 Reference value :  5.01444e-04
 Reference value :  5.01504e-04
 Reference value :  5.07044e-04
 Reference value :  5.20564e-04
 Reference value :  5.34444e-04
 Reference value :  5.46524e-04
 Reference value :  5.59984e-04
 Reference value :  5.65144e-04
 Reference value :  5.67744e-04
 Reference value :  5.80604e-04
 Reference value :  5.93024e-04
 Reference value :  6.07004e-04
 Reference value :  6.18844e-04
 Reference value :  6.32444e-04
 Reference value :  6.37604e-04
 Reference value :  6.47664e-04
 Reference value :  6.59844e-04
 Reference value :  6.73384e-04
 Reference value :  6.84544e-04
 Reference value :  6.90664e-04
 Reference value :  7.03804e-04
 Reference value :  7.13944e-04
 Reference value :  7.27284e-04
 Reference value :  7.39904e-04
 Reference value :  7.48964e-04
 Reference value :  7.50944e-04
 Reference value :  7.65044e-04
 Reference value :  7.77204e-04
 Reference value :  7.85224e-04
 Reference value :  7.98284e-04
 Reference value :  8.10244e-04
 Reference value :  8.14524e-04
 Reference value :  8.14604e-04
 Reference value :  8.27784e-04
 Reference value :  8.40184e-04
 Reference value :  8.46224e-04
 Reference value :  8.48304e-04
 Reference value :  8.60684e-04
 Reference value :  8.73624e-04
 Reference value :  8.87024e-04
 Reference value :  9.01044e-04
 Reference value :  9.14484e-04
 Reference value :  9.20204e-04
 Reference value :  9.23124e-04
 Reference value :  9.34864e-04
 Reference value :  9.46824e-04
 Reference value :  9.59404e-04
 Reference value :  9.72904e-04
 Reference value :  9.86884e-04
 Reference value :  9.95044e-04
 Reference value :  1.00226e-03
 Reference value :  1.00931e-03
 Reference value :  1.02251e-03
 Reference value :  1.03543e-03
 Reference value :  1.04415e-03
 Reference value :  1.05707e-03
 Reference value :  1.05883e-03
 Reference value :  1.06871e-03
No. of Data Rows : 54433

  Measurements for Transient Analysis

timbefore           =  3.54536e-01
pgdgmin             =  7.00771e-02 at=  1.00226e-03
pgdgbmax            =  2.97008e+00 at=  1.00246e-03
timafter            =  -8.69121e-04 at=  1.00254e-03


Total analysis time (seconds) = 9.73654

Total elapsed time (seconds) = 9.774 

Total DRAM available = 15700.234 MB.
DRAM currently available = 8702.395 MB.
Maximum ngspice program size =   79.113 MB.
Current ngspice program size =   17.395 MB.

Shared ngspice pages =    9.121 MB.
Text (code) pages =    6.355 MB.
Stack = 0 bytes.
Library pages =   64.430 MB.


