
Note: Compatibility modes selected: hs a


Circuit: * temp-core-startup @ bjt_ss_125c_2.97v -- generated by sim/harness, do not edit

Doing analysis at TEMP = 125.000000 and TNOM = 27.000000

Using SPARSE 1.3 as Direct Linear Solver

Initial Transient Solution
--------------------------

Node                                   Voltage
----                                   -------
vdd                                          0
en                                           0
nib                               -2.78673e-18
ibias                             -2.78673e-18
ptat                               3.38253e-25
ctat                              -3.59468e-19
xdut.nbg                           7.53774e-19
xdut.enb                           2.00935e-18
xdut.pb                            5.91561e-19
xdut.pcas                          1.20601e-18
xdut.nt                           -1.67009e-18
xdut.n1                             -2.772e-18
xdut.na                           -3.59464e-19
xdut.n2                           -1.74928e-18
xdut.nb                             -6.328e-19
xdut.pg                            2.58662e-19
xdut.nz                           -1.74928e-18
xdut.xrz.11                       -1.74928e-18
xdut.xrz.21                       -1.74928e-18
xdut.m1d                          -3.88428e-18
xdut.m2d                           1.03291e-18
xdut.m3d                          -6.34946e-19
xdut.nd                           -5.56024e-19
xdut.nr                           -1.84652e-18
xdut.nc                             -6.328e-19
xdut.xr1.11                         -6.328e-19
xdut.xr1.21                         -6.328e-19
xdut.xr2f.11                       3.38237e-25
xdut.xr2f.21                       4.93188e-26
xdut.t5                            4.93027e-26
xdut.xr2t5.11                      4.92866e-26
xdut.xr2t5.21                      2.42668e-26
xdut.t4                            2.42507e-26
xdut.xr2t4.11                      2.42346e-26
xdut.xr2t4.21                      1.17427e-26
xdut.t3                            1.17266e-26
xdut.xr2t3.11                      1.17104e-26
xdut.xr2t3.21                      5.48247e-27
xdut.t2                            5.46636e-27
xdut.xr2t2.11                      5.45024e-27
xdut.xr2t2.21                      2.35478e-27
xdut.t1                            2.33866e-27
xdut.xr2t1.11                      2.32255e-27
xdut.xr2t1.21                      7.94426e-28
xdut.t0                            7.78314e-28
xdut.xr2t0.11                      7.62201e-28
xdut.xr2t0.21                      1.61124e-29
xdut.xriso.11                     -3.59464e-19
xdut.xriso.21                     -3.59468e-19
vib#branch                                   0
ven#branch                                   0
vsup#branch                       -2.58539e-28

 Reference value :  0.00000e+00
 Reference value :  1.02419e-03
 Reference value :  1.50150e-03
 Reference value :  2.18613e-03
 Reference value :  2.67408e-03
 Reference value :  3.91364e-03
 Reference value :  4.00267e-03
 Reference value :  4.97421e-03
No. of Data Rows : 3391
vpre                =  3.22027e-08
ipre                =  -5.00093e-07
ibpre               =  5.00000e-07
vrun1               =  1.71673e+00
irun1               =  -1.35391e-05
vcrun1              =  4.81399e-01
vrun2               =  1.71673e+00
vcrun2              =  4.81399e-01
tcross              =  1.50275e-03
m_vptat_run1 = 1.7167310000e+00
m_vctat_run1 = 4.8139870000e-01
m_vptat_pre_mv = 3.2202750000e-05
m_iq_pre_own_ua = 9.2700000000e-05
m_iq_pre_pin_ua = 5.0009270000e-01
m_iq_run_ua = 1.3539120000e+01
m_restart_err_ppm = 0.0000000000e+00
m_ctat_restart_err_ppm = 0.0000000000e+00
m_start_us = 2.7480000000e+00
Note: Simulation executed from .control section 

Warning: m=xx on .subckt line will override multiplier m hierarchy!

