
Note: Compatibility modes selected: hs a


Circuit: * temp-core-startup @ res_ff_27c_3.63v -- generated by sim/harness, do not edit

Doing analysis at TEMP = 27.000000 and TNOM = 27.000000

Using SPARSE 1.3 as Direct Linear Solver

Initial Transient Solution
--------------------------

Node                                   Voltage
----                                   -------
vdd                                          0
en                                           0
nib                                3.41173e-28
ibias                              3.41173e-28
ptat                              -7.28895e-41
ctat                               3.06037e-20
xdut.nbg                           -3.8133e-28
xdut.enb                          -1.35007e-55
xdut.pb                            3.45338e-28
xdut.pcas                         -7.99025e-26
xdut.nt                            1.96879e-20
xdut.n1                            8.28562e-20
xdut.na                            3.06037e-20
xdut.n2                            1.02482e-20
xdut.nb                            6.27992e-24
xdut.pg                            1.92832e-22
xdut.nz                            1.02482e-20
xdut.xrz.11                        1.02482e-20
xdut.xrz.21                        1.02482e-20
xdut.m1d                            9.3694e-21
xdut.m2d                          -2.69197e-23
xdut.m3d                           1.10812e-34
xdut.nd                           -2.37275e-25
xdut.nr                           -2.75944e-25
xdut.nc                            6.27991e-24
xdut.xr1.11                        6.27992e-24
xdut.xr1.21                        6.27991e-24
xdut.xr2f.11                      -7.28845e-41
xdut.xr2f.21                      -1.06446e-41
xdut.t5                           -1.06396e-41
xdut.xr2t5.11                     -1.06345e-41
xdut.xr2t5.21                     -5.24464e-42
xdut.t4                           -5.23963e-42
xdut.xr2t4.11                     -5.23461e-42
xdut.xr2t4.21                     -2.54355e-42
xdut.t3                           -2.53853e-42
xdut.xr2t3.11                     -2.53352e-42
xdut.xr2t3.21                     -1.19186e-42
xdut.t2                           -1.18684e-42
xdut.xr2t2.11                     -1.18183e-42
xdut.xr2t2.21                     -5.14992e-43
xdut.t1                           -5.09978e-43
xdut.xr2t1.11                     -5.04963e-43
xdut.xr2t1.21                     -1.75768e-43
xdut.t0                           -1.70754e-43
xdut.xr2t0.11                      -1.6574e-43
xdut.xr2t0.21                     -5.01407e-45
xdut.xriso.11                      3.06037e-20
xdut.xriso.21                      3.06037e-20
vib#branch                                   0
ven#branch                                   0
vsup#branch                        4.78912e-32

 Reference value :  0.00000e+00
 Reference value :  7.70396e-04
 Reference value :  1.50059e-03
 Reference value :  1.50407e-03
 Reference value :  2.42469e-03
 Reference value :  2.59483e-03
 Reference value :  3.30325e-03
 Reference value :  4.00120e-03
 Reference value :  4.00357e-03
 Reference value :  4.89965e-03
No. of Data Rows : 3619
vpre                =  1.89969e-08
ipre                =  -5.00046e-07
ibpre               =  5.00000e-07
vrun1               =  1.29274e+00
irun1               =  -1.30155e-05
vcrun1              =  6.59118e-01
vrun2               =  1.29274e+00
vcrun2              =  6.59118e-01
tcross              =  1.50322e-03
m_vptat_run1 = 1.2927420000e+00
m_vctat_run1 = 6.5911840000e-01
m_vptat_pre_mv = 1.8996920000e-05
m_iq_pre_own_ua = 4.5900000000e-05
m_iq_pre_pin_ua = 5.0004590000e-01
m_iq_run_ua = 1.3015490000e+01
m_restart_err_ppm = 0.0000000000e+00
m_ctat_restart_err_ppm = 0.0000000000e+00
m_start_us = 3.2190000000e+00
Note: Simulation executed from .control section 

Warning: m=xx on .subckt line will override multiplier m hierarchy!

