
Note: Compatibility modes selected: hs a


Circuit: * temp-accuracy-vt @ res_ff_25c_3.63v -- generated by sim/harness, do not edit

Doing analysis at TEMP = 25.000000 and TNOM = 27.000000

Using SPARSE 1.3 as Direct Linear Solver

Initial Transient Solution
--------------------------

Node                                   Voltage
----                                   -------
vdd                                          0
ptat                              -3.51231e-29
ctat                              -1.23047e-40
resetn                            -1.18129e-23
xdut.xtemp__pg                     2.59904e-19
xdut.xtemp__nz                     2.09586e-19
xdut.xbias__nbg                    2.19448e-72
xdut.xbias__pb                    -7.44898e-73
xdut.xbias__n1                    -1.35011e-62
xdut.xbias__n2                    -3.37288e-60
xdut.xbias__pg                    -2.96595e-57
xdut.xbias__ks1                    9.44876e-49
xdut.xbias__ks2                   -1.18154e-47
xdut.xbias__ks3                    1.46802e-46
xdut.xbias__ks4                    -1.8239e-45
xdut.xbias__nkg                    2.26604e-44
xdut.xbias__nkm                   -6.57185e-76
xdut.xbias__nokl                  -4.34485e-59
xdut.xbias__noko                   -2.9606e-56
xdut.xbias__nokx                  -1.03624e-57
xdut.bias_ok                      -1.99818e-40
xdut.xcmp__na                      7.99733e-40
xdut.xcmp__sns                               0
xdut.xcmp__tn                     -1.03963e-39
xdut.xcmp__cmpo                    7.05672e-40
xdut.vref                        -3.68842e-118
xdut.xcmp__nbg                    -1.98526e-23
xdut.ibias                         1.96127e-23
xdut.xcmp__bias_okb                2.31327e-55
xdut.xcmp__snsb                              0
xdut.xcmp__n1                      2.77601e-54
xdut.por_raw                      -2.12813e-49
xdut.xpor__pdn                   -1.10554e-180
xdut.xpor__ndl                     4.87124e-86
xdut.xpor__ndgn                    1.42589e-40
xdut.xpor__ndg                    -2.12244e-40
xdut.xpor__pgdg                    2.03888e-27
xdut.xpor__pgdgb                  -1.43139e-31
xdut.xpor__tim                     1.07077e-41
xdut.xpor__nd1                               0
xdut.xpor__trip                    2.50272e-83
xdut.xpor__rstb                    2.31346e-25
xdut.xpor__nnand                  -7.87673e-25
xdut.xtemp__n1                    -5.89592e-19
xdut.xtemp__n2                     2.09586e-19
xdut.xtemp__nbg                   -4.53253e-23
xdut.xtemp__enb                    1.98996e-29
xdut.xtemp__pb                    -7.59865e-32
xdut.xtemp__pcas                    5.5181e-75
xdut.xtemp__nd                    -1.27221e-26
xdut.xtemp__nr                    -4.18454e-43
xdut.xtemp__nt                     4.34665e-20
xdut.xtemp__t5                    -5.13519e-30
xdut.xtemp__t4                    -2.53888e-30
xdut.xtemp__t3                    -1.23771e-30
xdut.xtemp__t2                    -5.84139e-31
xdut.xtemp__t1                    -2.54441e-31
xdut.xtemp__t0                    -8.67923e-32
xdut.xbias__na                   -1.90642e-120
xdut.xbias__nbtop                 8.84491e-112
xdut.xbias__nt                     1.04521e-61
xdut.xbias__nb                    8.84491e-112
xdut.xbias__tok                    5.63429e-58
xdut.xcmp__vdda                    1.45649e-41
xdut.xpor__ndgp                    7.40297e-42
xdut.xpor__nts                     2.38225e-42
xdut.xtemp__na                    -1.23047e-40
xdut.xtemp__nb                    -1.23767e-61
xdut.xtemp__m1d                    8.20294e-41
xdut.xtemp__m2d                   -3.29503e-62
xdut.xtemp__m3d                    2.36184e-23
xdut.xbias__ec                    8.84491e-112
xdut.xbias__er                   -3.68844e-118
xdut.xtemp__nc                    -1.23767e-61
xdut.xbias__nz                    -3.37288e-60
xdut.x162.11                      -1.23767e-61
xdut.x162.21                      -1.23767e-61
xdut.xtemp__xr1__1                -1.23767e-61
xdut.x163.11                      -1.23767e-61
xdut.x163.21                      -1.23767e-61
xdut.x164.11                      -1.23047e-40
xdut.x164.21                      -1.23047e-40
xdut.xtemp__xriso__1              -1.23047e-40
xdut.x165.11                      -1.23047e-40
xdut.x165.21                      -1.23047e-40
xdut.x166.11                       2.09586e-19
xdut.x166.21                       2.09586e-19
xdut.xtemp__xrz__1                 2.09586e-19
xdut.xtemp__xrz__2                 2.09586e-19
xdut.x167.11                       2.09586e-19
xdut.x167.21                       2.09586e-19
xdut.x168.11                       2.09586e-19
xdut.x168.21                       2.09586e-19
xdut.xtemp__xrz__3                 2.09586e-19
xdut.xtemp__xrz__4                 2.09586e-19
xdut.x169.11                       2.09586e-19
xdut.x169.21                       2.09586e-19
xdut.x170.11                       2.09586e-19
xdut.x170.21                       2.09586e-19
xdut.xtemp__xrz__5                 2.09586e-19
xdut.xtemp__xrz__6                 2.09586e-19
xdut.x171.11                       2.09586e-19
xdut.x171.21                       2.09586e-19
xdut.x172.11                       2.09586e-19
xdut.x172.21                       2.09586e-19
xdut.xtemp__xrz__7                 2.09586e-19
xdut.xtemp__xrz__8                 2.09586e-19
xdut.x173.11                       2.09586e-19
xdut.x173.21                       2.09586e-19
xdut.x174.11                       2.09586e-19
xdut.x174.21                       2.09586e-19
xdut.xtemp__xrz__9                 2.09586e-19
xdut.x175.11                       2.09586e-19
xdut.x175.21                       2.09586e-19
xdut.x176.11                      -3.51207e-29
xdut.x176.21                       -3.3876e-29
xdut.xtemp__xr2f__1               -3.38736e-29
xdut.xtemp__xr2f__2               -3.26241e-29
xdut.x177.11                      -3.26265e-29
xdut.x177.21                      -3.38712e-29
xdut.x178.11                      -3.26217e-29
xdut.x178.21                       -3.1377e-29
xdut.xtemp__xr2f__3               -3.13746e-29
xdut.xtemp__xr2f__4               -3.01251e-29
xdut.x179.11                      -3.01275e-29
xdut.x179.21                      -3.13722e-29
xdut.x180.11                      -3.01227e-29
xdut.x180.21                       -2.8878e-29
xdut.xtemp__xr2f__5               -2.88756e-29
xdut.xtemp__xr2f__6               -2.76261e-29
xdut.x181.11                      -2.76285e-29
xdut.x181.21                      -2.88732e-29
xdut.x182.11                      -2.76237e-29
xdut.x182.21                       -2.6379e-29
xdut.xtemp__xr2f__7               -2.63766e-29
xdut.xtemp__xr2f__8               -2.51271e-29
xdut.x183.11                      -2.51295e-29
xdut.x183.21                      -2.63742e-29
xdut.x184.11                      -2.51247e-29
xdut.x184.21                        -2.388e-29
xdut.xtemp__xr2f__9               -2.38776e-29
xdut.xtemp__xr2f__10              -2.26281e-29
xdut.x185.11                      -2.26305e-29
xdut.x185.21                      -2.38752e-29
xdut.x186.11                      -2.26257e-29
xdut.x186.21                       -2.1381e-29
xdut.xtemp__xr2f__11              -2.13786e-29
xdut.xtemp__xr2f__12              -2.01291e-29
xdut.x187.11                      -2.01315e-29
xdut.x187.21                      -2.13762e-29
xdut.x188.11                      -2.01267e-29
xdut.x188.21                      -1.88821e-29
xdut.xtemp__xr2f__13              -1.88796e-29
xdut.xtemp__xr2f__14              -1.76301e-29
xdut.x189.11                      -1.76326e-29
xdut.x189.21                      -1.88772e-29
xdut.x190.11                      -1.76277e-29
xdut.x190.21                      -1.63831e-29
xdut.xtemp__xr2f__15              -1.63806e-29
xdut.xtemp__xr2f__16              -1.51312e-29
xdut.x191.11                      -1.51336e-29
xdut.x191.21                      -1.63782e-29
xdut.x192.11                      -1.51287e-29
xdut.x192.21                      -1.38841e-29
xdut.xtemp__xr2f__17              -1.38817e-29
xdut.xtemp__xr2f__18              -1.26322e-29
xdut.x193.11                      -1.26346e-29
xdut.x193.21                      -1.38792e-29
xdut.x194.11                      -1.26298e-29
xdut.x194.21                      -1.13851e-29
xdut.xtemp__xr2f__19              -1.13827e-29
xdut.xtemp__xr2f__20              -1.01332e-29
xdut.x195.11                      -1.01356e-29
xdut.x195.21                      -1.13803e-29
xdut.x196.11                      -1.01308e-29
xdut.x196.21                      -8.88609e-30
xdut.xtemp__xr2f__21              -8.88368e-30
xdut.xtemp__xr2f__22              -7.63418e-30
xdut.x197.11                       -7.6366e-30
xdut.x197.21                      -8.88127e-30
xdut.x198.11                      -7.63177e-30
xdut.x198.21                       -6.3871e-30
xdut.xtemp__xr2f__23              -6.38469e-30
xdut.x199.11                      -5.13761e-30
xdut.x199.21                      -6.38228e-30
xdut.x200.11                      -5.13278e-30
xdut.x200.21                      -3.83945e-30
xdut.xtemp__xr2t5__1              -3.83704e-30
xdut.x201.11                      -2.54129e-30
xdut.x201.21                      -3.83462e-30
xdut.x202.11                      -2.53647e-30
xdut.x202.21                      -1.89071e-30
xdut.xtemp__xr2t4__1              -1.88829e-30
xdut.x203.11                      -1.24012e-30
xdut.x203.21                      -1.88588e-30
xdut.x204.11                      -1.23529e-30
xdut.x204.21                      -9.13336e-31
xdut.xtemp__xr2t3__1              -9.10923e-31
xdut.x205.11                      -5.86552e-31
xdut.x205.21                       -9.0851e-31
xdut.x206.11                      -5.81726e-31
xdut.x206.21                      -4.21703e-31
xdut.xtemp__xr2t2__1               -4.1929e-31
xdut.x207.11                      -2.56854e-31
xdut.x207.21                      -4.16877e-31
xdut.x208.11                      -2.52028e-31
xdut.x208.21                       -1.7303e-31
xdut.xtemp__xr2t1__1              -1.70617e-31
xdut.x209.11                      -8.92054e-32
xdut.x209.21                      -1.68203e-31
xdut.x210.11                      -8.43791e-32
xdut.x210.21                      -4.58093e-32
xdut.xtemp__xr2t0__1              -4.33961e-32
xdut.x211.11                      -2.41316e-33
xdut.x211.21                       -4.0983e-32
xdut.x212.11                                 0
xdut.x212.21                                 0
xdut.x213.11                                 0
xdut.x213.21                                 0
xdut.x214.11                                 0
xdut.x214.21                                 0
xdut.x215.11                     -3.68842e-118
xdut.x215.21                     -3.68842e-118
xdut.xbias__xr2__1               -3.68842e-118
xdut.xbias__xr2__2               -3.68842e-118
xdut.x216.11                     -3.68842e-118
xdut.x216.21                     -3.68842e-118
xdut.x217.11                     -3.68842e-118
xdut.x217.21                     -3.68842e-118
xdut.xbias__xr2__3               -3.68842e-118
xdut.xbias__xr2__4               -3.68842e-118
xdut.x218.11                     -3.68842e-118
xdut.x218.21                     -3.68842e-118
xdut.x219.11                     -3.68842e-118
xdut.x219.21                     -3.68843e-118
xdut.xbias__xr2__5               -3.68843e-118
xdut.xbias__xr2__6               -3.68843e-118
xdut.x220.11                     -3.68843e-118
xdut.x220.21                     -3.68843e-118
xdut.x221.11                     -3.68843e-118
xdut.x221.21                     -3.68843e-118
xdut.xbias__xr2__7               -3.68843e-118
xdut.xbias__xr2__8               -3.68843e-118
xdut.x222.11                     -3.68843e-118
xdut.x222.21                     -3.68843e-118
xdut.x223.11                     -3.68843e-118
xdut.x223.21                     -3.68843e-118
xdut.xbias__xr2__9               -3.68843e-118
xdut.xbias__xr2__10              -3.68843e-118
xdut.x224.11                     -3.68843e-118
xdut.x224.21                     -3.68843e-118
xdut.x225.11                     -3.68843e-118
xdut.x225.21                     -3.68843e-118
xdut.xbias__xr2__11              -3.68843e-118
xdut.xbias__xr2__12              -3.68843e-118
xdut.x226.11                     -3.68843e-118
xdut.x226.21                     -3.68843e-118
xdut.x227.11                     -3.68843e-118
xdut.x227.21                     -3.68843e-118
xdut.xbias__xr2__13              -3.68843e-118
xdut.xbias__xr2__14              -3.68843e-118
xdut.x228.11                     -3.68843e-118
xdut.x228.21                     -3.68843e-118
xdut.x229.11                     -3.68843e-118
xdut.x229.21                     -3.68844e-118
xdut.xbias__xr2__15              -3.68844e-118
xdut.x230.11                     -3.68844e-118
xdut.x230.21                     -3.68844e-118
xdut.x231.11                      -3.37288e-60
xdut.x231.21                      -3.37288e-60
xdut.xbias__xrz__1                -3.37288e-60
xdut.xbias__xrz__2                -3.37288e-60
xdut.x232.11                      -3.37288e-60
xdut.x232.21                      -3.37288e-60
xdut.x233.11                      -3.37288e-60
xdut.x233.21                      -3.37288e-60
xdut.xbias__xrz__3                -3.37288e-60
xdut.x234.11                      -3.37288e-60
xdut.x234.21                      -3.37288e-60
xdut.x235.11                      8.84491e-112
xdut.x235.21                      8.84491e-112
xdut.xbias__xr1__1                8.84491e-112
xdut.x236.11                      8.84491e-112
xdut.x236.21                      8.84491e-112
xdut.x237.11                      8.84491e-112
xdut.x237.21                      8.84491e-112
xdut.xbias__xrt__1                8.84491e-112
xdut.x238.11                      8.84491e-112
xdut.x238.21                      8.84491e-112
xdut.xbias__nt__par                1.04521e-61
xdut.xtemp__xrz__2__par            2.09586e-19
xdut.xtemp__xrz__4__par            2.09586e-19
xdut.xtemp__xrz__6__par            2.09586e-19
xdut.xtemp__xrz__8__par            2.09586e-19
xdut.xbias__n1__par               -1.35011e-62
xdut.xtemp__xr2f__2__par          -3.26241e-29
xdut.xtemp__xr2f__4__par          -3.01251e-29
xdut.xtemp__xr2f__6__par          -2.76261e-29
xdut.xtemp__xr2f__8__par          -2.51271e-29
xdut.xtemp__xr2f__10__par         -2.26281e-29
xdut.xtemp__xr2f__12__par         -2.01291e-29
xdut.xtemp__xr2f__14__par         -1.76301e-29
xdut.xtemp__xr2f__16__par         -1.51312e-29
xdut.xtemp__xr2f__18__par         -1.26322e-29
xdut.xtemp__xr2f__20__par         -1.01332e-29
xdut.xbias__n2__par               -3.37288e-60
xdut.xtemp__xr2f__22__par         -7.63418e-30
xdut.xtemp__xr2t0__1__par         -4.33961e-32
xdut.xtemp__xr2t1__1__par         -1.70617e-31
xdut.xbias__tok__par               5.63429e-58
xdut.xtemp__xr2t2__1__par          -4.1929e-31
xdut.xtemp__xr2t3__1__par         -9.10923e-31
xdut.xbias__noko__par              -2.9606e-56
xdut.xtemp__xriso__1__par         -1.23047e-40
xdut.xtemp__xr2t4__1__par         -1.88829e-30
xdut.xtemp__xr1__1__par           -1.23767e-61
xdut.xtemp__xrz__1__par            2.09586e-19
xdut.xtemp__xrz__3__par            2.09586e-19
xdut.xtemp__xrz__5__par            2.09586e-19
xdut.xbias__nokl__par             -4.34485e-59
xdut.xtemp__xrz__7__par            2.09586e-19
xdut.xtemp__xrz__9__par            2.09586e-19
xdut.xtemp__xr2f__1__par          -3.38736e-29
xdut.xtemp__xr2f__3__par          -3.13746e-29
xdut.xtemp__xr2f__5__par          -2.88756e-29
xdut.xtemp__xr2f__7__par          -2.63766e-29
xdut.xtemp__xr2f__9__par          -2.38776e-29
xdut.xtemp__xr2f__11__par         -2.13786e-29
xdut.xtemp__xr2f__13__par         -1.88796e-29
xdut.xtemp__xr2f__15__par         -1.63806e-29
xdut.xbias__nkg__par               2.26604e-44
xdut.xtemp__xr2f__17__par         -1.38817e-29
xdut.xtemp__xr2f__19__par         -1.13827e-29
xdut.xtemp__xr2f__21__par         -8.88368e-30
xdut.xtemp__xr2f__23__par         -6.38469e-30
xdut.xtemp__xr2t5__1__par         -3.83704e-30
xdut.xbias__nb__par               8.84491e-112
xdut.xcmp__vdda__par               1.45649e-41
xdut.xcmp__na__par                 7.99733e-40
xdut.xcmp__cmpo__par               7.05672e-40
xdut.xcmp__n1__par                 2.77601e-54
xdut.xcmp__tn__par                -1.03963e-39
xdut.xcmp__sns__par                          0
xdut.xcmp__nbg__par               -1.98526e-23
xdut.xcmp__snsb__par                         0
xdut.xpor__pdn__par              -1.10554e-180
xdut.xpor__ndl__par                4.87124e-86
xdut.xpor__ndgn__par               1.42589e-40
xdut.xpor__pgdg__par               2.03888e-27
xdut.xpor__pgdgb__par             -1.43139e-31
xdut.xpor__nd1__par                          0
xdut.xpor__nnand__par             -7.87673e-25
xdut.xpor__ndgp__par               7.40297e-42
xdut.xpor__nts__par                2.38225e-42
xdut.xpor__rstb__par               2.31346e-25
xdut.xbias__nkm__par              -6.57185e-76
xdut.xbias__nokx__par             -1.03624e-57
xdut.xbias__ks1__par               9.44876e-49
xdut.xbias__ks2__par              -1.18154e-47
xdut.xbias__ks3__par               1.46802e-46
xdut.xbias__ks4__par               -1.8239e-45
xdut.xbias__ec__par               8.84491e-112
xdut.xbias__nz__par               -3.37288e-60
xdut.xpor__ndg__par               -2.12244e-40
xdut.xpor__tim__par                1.07077e-41
xdut.xpor__trip__par               2.50272e-83
xdut.xbias__xr2__2__par          -3.68842e-118
xdut.xbias__xr2__4__par          -3.68842e-118
xdut.xbias__xr2__6__par          -3.68843e-118
xdut.xbias__xr2__8__par          -3.68843e-118
xdut.xbias__xr2__10__par         -3.68843e-118
xdut.xbias__xr2__12__par         -3.68843e-118
xdut.xbias__pg__par               -2.96595e-57
xdut.xbias__xr2__14__par         -3.68843e-118
xdut.xbias__xrz__2__par           -3.37288e-60
xdut.xbias__xrt__1__par           8.84491e-112
xdut.xbias__na__par              -1.90642e-120
xdut.xbias__er__par              -3.68844e-118
xdut.xbias__nbtop__par            8.84491e-112
xdut.xbias__nbg__par               2.19448e-72
xdut.xbias__xrz__1__par           -3.37288e-60
xdut.xbias__xrz__3__par           -3.37288e-60
xdut.xbias__xr1__1__par           8.84491e-112
xdut.xbias__xr2__13__par         -3.68843e-118
xdut.xbias__xr2__11__par         -3.68843e-118
xdut.xbias__xr2__1__par          -3.68842e-118
xdut.xbias__xr2__3__par          -3.68842e-118
xdut.xbias__xr2__5__par          -3.68843e-118
xdut.xbias__xr2__7__par          -3.68843e-118
xdut.xbias__xr2__9__par          -3.68843e-118
xdut.xbias__pb__par               -7.44898e-73
xdut.xbias__xr2__15__par         -3.68844e-118
xdut.bias_ok__par                 -1.99818e-40
xdut.xcmp__bias_okb__par           2.31327e-55
xdut.ctat__par                    -1.23047e-40
xdut.resetn__par                  -1.18129e-23
xdut.xtemp__enb__par               1.98996e-29
xdut.ibias__par                    1.96127e-23
xdut.xtemp__m1d__par               8.20294e-41
xdut.xtemp__m2d__par              -3.29503e-62
xdut.xtemp__m3d__par               2.36184e-23
xdut.xtemp__n1__par               -5.89592e-19
xdut.xtemp__n2__par                2.09586e-19
xdut.xtemp__na__par               -1.23047e-40
xdut.xtemp__nb__par               -1.23767e-61
xdut.xtemp__nbg__par              -4.53253e-23
xdut.xtemp__nc__par               -1.23767e-61
xdut.xtemp__nd__par               -1.27221e-26
xdut.xtemp__nr__par               -4.18454e-43
xdut.xtemp__nt__par                4.34665e-20
xdut.xtemp__nz__par                2.09586e-19
xdut.xtemp__pb__par               -7.59865e-32
xdut.xtemp__pcas__par               5.5181e-75
xdut.xtemp__pg__par                2.59904e-19
xdut.por_raw__par                 -2.12813e-49
xdut.ptat__par                    -3.51231e-29
xdut.xtemp__t0__par               -8.67923e-32
xdut.xtemp__t1__par               -2.54441e-31
xdut.xtemp__t2__par               -5.84139e-31
xdut.xtemp__t3__par               -1.23771e-30
xdut.xtemp__t4__par               -2.53888e-30
xdut.xtemp__t5__par               -5.13519e-30
xdut.vdd__par                                0
xdut.vref__par                   -3.68842e-118
xdut.vss__par                                0
vddr                                         0
ptatr                             -1.47657e-53
ctatr                              7.62757e-34
resetnr                            9.78583e-21
xdutr.xtemp__pg                   -2.59964e-21
xdutr.xtemp__nz                    1.64366e-19
xdutr.xbias__nbg                  -4.52026e-72
xdutr.xbias__pb                   -7.41082e-73
xdutr.xbias__n1                   -1.31888e-62
xdutr.xbias__n2                    -3.2952e-60
xdutr.xbias__pg                   -2.89793e-57
xdutr.xbias__ks1                    2.3075e-49
xdutr.xbias__ks2                  -2.88545e-48
xdutr.xbias__ks3                   3.58508e-47
xdutr.xbias__ks4                  -4.45417e-46
xdutr.xbias__nkg                   5.53394e-45
xdutr.xbias__nkm                  -5.13373e-76
xdutr.xbias__nokl                 -4.83832e-59
xdutr.xbias__noko                 -3.29676e-56
xdutr.xbias__nokx                 -1.02977e-57
xdutr.bias_ok                     -1.33027e-40
xdutr.xcmp__na                     2.43834e-24
xdutr.xcmp__sns                              0
xdutr.xcmp__tn                    -8.97906e-24
xdutr.xcmp__cmpo                   1.14868e-23
xdutr.vref                       -9.34609e-119
xdutr.xcmp__nbg                     1.8304e-23
xdutr.ibias                       -1.11953e-23
xdutr.xcmp__bias_okb               3.40914e-55
xdutr.xcmp__snsb                             0
xdutr.xcmp__n1                     2.16439e-27
xdutr.por_raw                      2.89688e-30
xdutr.xpor__pdn                    3.00898e-56
xdutr.xpor__ndl                   -1.06948e-61
xdutr.xpor__ndgn                  -2.71826e-28
xdutr.xpor__ndg                    4.04613e-28
xdutr.xpor__pgdg                  -1.70601e-27
xdutr.xpor__pgdgb                            0
xdutr.xpor__tim                   -2.16388e-33
xdutr.xpor__nd1                     6.0147e-34
xdutr.xpor__trip                   7.90294e-69
xdutr.xpor__rstb                   2.82584e-24
xdutr.xpor__nnand                 -9.62126e-24
xdutr.xtemp__n1                    1.43695e-19
xdutr.xtemp__n2                    1.64366e-19
xdutr.xtemp__nbg                   1.95875e-23
xdutr.xtemp__enb                   2.85266e-27
xdutr.xtemp__pb                    7.23395e-25
xdutr.xtemp__pcas                   1.5987e-24
xdutr.xtemp__nd                    1.71841e-21
xdutr.xtemp__nr                   -6.11743e-26
xdutr.xtemp__nt                    1.44676e-19
xdutr.xtemp__t5                   -2.16057e-54
xdutr.xtemp__t4                   -1.06771e-54
xdutr.xtemp__t3                    -5.2039e-55
xdutr.xtemp__t2                   -2.45571e-55
xdutr.xtemp__t1                    -1.0696e-55
xdutr.xtemp__t0                   -3.64842e-56
xdutr.xbias__na                  -7.33506e-121
xdutr.xbias__nbtop                -1.0402e-111
xdutr.xbias__nt                    1.02113e-61
xdutr.xbias__nb                   -1.0402e-111
xdutr.xbias__tok                   6.27406e-58
xdutr.xcmp__vdda                   1.37603e-25
xdutr.xpor__ndgp                  -1.41127e-29
xdutr.xpor__nts                    -1.4723e-34
xdutr.xtemp__na                    7.62757e-34
xdutr.xtemp__nb                   -1.02841e-37
xdutr.xtemp__m1d                  -5.86427e-34
xdutr.xtemp__m2d                  -2.53404e-38
xdutr.xtemp__m3d                  -8.10896e-48
xdutr.xbias__ec                   -1.0402e-111
xdutr.xbias__er                  -9.34614e-119
xdutr.xtemp__nc                   -1.02841e-37
xdutr.xbias__nz                    -3.2952e-60
xdutr.x162.11                     -1.02841e-37
xdutr.x162.21                     -1.02841e-37
xdutr.xtemp__xr1__1               -1.02841e-37
xdutr.x163.11                     -1.02841e-37
xdutr.x163.21                     -1.02841e-37
xdutr.x164.11                      7.62757e-34
xdutr.x164.21                      7.62757e-34
xdutr.xtemp__xriso__1              7.62757e-34
xdutr.x165.11                      7.62757e-34
xdutr.x165.21                      7.62757e-34
xdutr.x166.11                      1.64366e-19
xdutr.x166.21                      1.64366e-19
xdutr.xtemp__xrz__1                1.64366e-19
xdutr.xtemp__xrz__2                1.64366e-19
xdutr.x167.11                      1.64366e-19
xdutr.x167.21                      1.64366e-19
xdutr.x168.11                      1.64366e-19
xdutr.x168.21                      1.64366e-19
xdutr.xtemp__xrz__3                1.64366e-19
xdutr.xtemp__xrz__4                1.64366e-19
xdutr.x169.11                      1.64366e-19
xdutr.x169.21                      1.64366e-19
xdutr.x170.11                      1.64366e-19
xdutr.x170.21                      1.64366e-19
xdutr.xtemp__xrz__5                1.64366e-19
xdutr.xtemp__xrz__6                1.64366e-19
xdutr.x171.11                      1.64366e-19
xdutr.x171.21                      1.64366e-19
xdutr.x172.11                      1.64366e-19
xdutr.x172.21                      1.64366e-19
xdutr.xtemp__xrz__7                1.64366e-19
xdutr.xtemp__xrz__8                1.64366e-19
xdutr.x173.11                      1.64366e-19
xdutr.x173.21                      1.64366e-19
xdutr.x174.11                      1.64366e-19
xdutr.x174.21                      1.64366e-19
xdutr.xtemp__xrz__9                1.64366e-19
xdutr.x175.11                      1.64366e-19
xdutr.x175.21                      1.64366e-19
xdutr.x176.11                     -1.47647e-53
xdutr.x176.21                     -1.42415e-53
xdutr.xtemp__xr2f__1              -1.42405e-53
xdutr.xtemp__xr2f__2              -1.37153e-53
xdutr.x177.11                     -1.37163e-53
xdutr.x177.21                     -1.42395e-53
xdutr.x178.11                     -1.37143e-53
xdutr.x178.21                     -1.31911e-53
xdutr.xtemp__xr2f__3              -1.31901e-53
xdutr.xtemp__xr2f__4              -1.26649e-53
xdutr.x179.11                     -1.26659e-53
xdutr.x179.21                     -1.31891e-53
xdutr.x180.11                     -1.26639e-53
xdutr.x180.21                     -1.21407e-53
xdutr.xtemp__xr2f__5              -1.21397e-53
xdutr.xtemp__xr2f__6              -1.16144e-53
xdutr.x181.11                     -1.16155e-53
xdutr.x181.21                     -1.21386e-53
xdutr.x182.11                     -1.16134e-53
xdutr.x182.21                     -1.10902e-53
xdutr.xtemp__xr2f__7              -1.10892e-53
xdutr.xtemp__xr2f__8               -1.0564e-53
xdutr.x183.11                      -1.0565e-53
xdutr.x183.21                     -1.10882e-53
xdutr.x184.11                      -1.0563e-53
xdutr.x184.21                     -1.00398e-53
xdutr.xtemp__xr2f__9              -1.00388e-53
xdutr.xtemp__xr2f__10             -9.51359e-54
xdutr.x185.11                      -9.5146e-54
xdutr.x185.21                     -1.00378e-53
xdutr.x186.11                     -9.51257e-54
xdutr.x186.21                     -8.98938e-54
xdutr.xtemp__xr2f__11             -8.98837e-54
xdutr.xtemp__xr2f__12             -8.46316e-54
xdutr.x187.11                     -8.46417e-54
xdutr.x187.21                     -8.98736e-54
xdutr.x188.11                     -8.46214e-54
xdutr.x188.21                     -7.93895e-54
xdutr.xtemp__xr2f__13             -7.93794e-54
xdutr.xtemp__xr2f__14             -7.41273e-54
xdutr.x189.11                     -7.41374e-54
xdutr.x189.21                     -7.93693e-54
xdutr.x190.11                     -7.41171e-54
xdutr.x190.21                     -6.88852e-54
xdutr.xtemp__xr2f__15             -6.88751e-54
xdutr.xtemp__xr2f__16              -6.3623e-54
xdutr.x191.11                     -6.36331e-54
xdutr.x191.21                      -6.8865e-54
xdutr.x192.11                     -6.36128e-54
xdutr.x192.21                     -5.83809e-54
xdutr.xtemp__xr2f__17             -5.83708e-54
xdutr.xtemp__xr2f__18             -5.31186e-54
xdutr.x193.11                     -5.31288e-54
xdutr.x193.21                     -5.83607e-54
xdutr.x194.11                     -5.31085e-54
xdutr.x194.21                     -4.78766e-54
xdutr.xtemp__xr2f__19             -4.78665e-54
xdutr.xtemp__xr2f__20             -4.26143e-54
xdutr.x195.11                     -4.26245e-54
xdutr.x195.21                     -4.78564e-54
xdutr.x196.11                     -4.26042e-54
xdutr.x196.21                     -3.73723e-54
xdutr.xtemp__xr2f__21             -3.73622e-54
xdutr.xtemp__xr2f__22               -3.211e-54
xdutr.x197.11                     -3.21202e-54
xdutr.x197.21                     -3.73521e-54
xdutr.x198.11                     -3.20999e-54
xdutr.x198.21                      -2.6868e-54
xdutr.xtemp__xr2f__23             -2.68579e-54
xdutr.x199.11                     -2.16159e-54
xdutr.x199.21                     -2.68478e-54
xdutr.x200.11                     -2.15956e-54
xdutr.x200.21                     -1.61516e-54
xdutr.xtemp__xr2t5__1             -1.61414e-54
xdutr.x201.11                     -1.06873e-54
xdutr.x201.21                     -1.61313e-54
xdutr.x202.11                      -1.0667e-54
xdutr.x202.21                     -7.95065e-55
xdutr.xtemp__xr2t4__1              -7.9405e-55
xdutr.x203.11                     -5.21405e-55
xdutr.x203.21                     -7.93035e-55
xdutr.x204.11                     -5.19375e-55
xdutr.x204.21                     -3.83995e-55
xdutr.xtemp__xr2t3__1              -3.8298e-55
xdutr.x205.11                     -2.46586e-55
xdutr.x205.21                     -3.81966e-55
xdutr.x206.11                     -2.44556e-55
xdutr.x206.21                      -1.7728e-55
xdutr.xtemp__xr2t2__1             -1.76266e-55
xdutr.x207.11                     -1.07975e-55
xdutr.x207.21                     -1.75251e-55
xdutr.x208.11                     -1.05946e-55
xdutr.x208.21                     -7.27367e-56
xdutr.xtemp__xr2t1__1             -7.17223e-56
xdutr.x209.11                     -3.74986e-56
xdutr.x209.21                     -7.07078e-56
xdutr.x210.11                     -3.54698e-56
xdutr.x210.21                     -1.92565e-56
xdutr.xtemp__xr2t0__1             -1.82421e-56
xdutr.x211.11                      -1.0144e-57
xdutr.x211.21                     -1.72277e-56
xdutr.x212.11                                0
xdutr.x212.21                                0
xdutr.x213.11                                0
xdutr.x213.21                                0
xdutr.x214.11                                0
xdutr.x214.21                                0
xdutr.x215.11                    -9.34609e-119
xdutr.x215.21                    -9.34609e-119
xdutr.xbias__xr2__1              -9.34609e-119
xdutr.xbias__xr2__2               -9.3461e-119
xdutr.x216.11                     -9.3461e-119
xdutr.x216.21                    -9.34609e-119
xdutr.x217.11                     -9.3461e-119
xdutr.x217.21                     -9.3461e-119
xdutr.xbias__xr2__3               -9.3461e-119
xdutr.xbias__xr2__4               -9.3461e-119
xdutr.x218.11                     -9.3461e-119
xdutr.x218.21                     -9.3461e-119
xdutr.x219.11                     -9.3461e-119
xdutr.x219.21                    -9.34611e-119
xdutr.xbias__xr2__5              -9.34611e-119
xdutr.xbias__xr2__6              -9.34611e-119
xdutr.x220.11                    -9.34611e-119
xdutr.x220.21                    -9.34611e-119
xdutr.x221.11                    -9.34611e-119
xdutr.x221.21                    -9.34611e-119
xdutr.xbias__xr2__7              -9.34611e-119
xdutr.xbias__xr2__8              -9.34611e-119
xdutr.x222.11                    -9.34611e-119
xdutr.x222.21                    -9.34611e-119
xdutr.x223.11                    -9.34611e-119
xdutr.x223.21                    -9.34612e-119
xdutr.xbias__xr2__9              -9.34612e-119
xdutr.xbias__xr2__10             -9.34612e-119
xdutr.x224.11                    -9.34612e-119
xdutr.x224.21                    -9.34612e-119
xdutr.x225.11                    -9.34612e-119
xdutr.x225.21                    -9.34612e-119
xdutr.xbias__xr2__11             -9.34612e-119
xdutr.xbias__xr2__12             -9.34613e-119
xdutr.x226.11                    -9.34613e-119
xdutr.x226.21                    -9.34612e-119
xdutr.x227.11                    -9.34613e-119
xdutr.x227.21                    -9.34613e-119
xdutr.xbias__xr2__13             -9.34613e-119
xdutr.xbias__xr2__14             -9.34613e-119
xdutr.x228.11                    -9.34613e-119
xdutr.x228.21                    -9.34613e-119
xdutr.x229.11                    -9.34613e-119
xdutr.x229.21                    -9.34613e-119
xdutr.xbias__xr2__15             -9.34613e-119
xdutr.x230.11                    -9.34614e-119
xdutr.x230.21                    -9.34613e-119
xdutr.x231.11                      -3.2952e-60
xdutr.x231.21                      -3.2952e-60
xdutr.xbias__xrz__1                -3.2952e-60
xdutr.xbias__xrz__2                -3.2952e-60
xdutr.x232.11                      -3.2952e-60
xdutr.x232.21                      -3.2952e-60
xdutr.x233.11                      -3.2952e-60
xdutr.x233.21                      -3.2952e-60
xdutr.xbias__xrz__3                -3.2952e-60
xdutr.x234.11                      -3.2952e-60
xdutr.x234.21                      -3.2952e-60
xdutr.x235.11                     -1.0402e-111
xdutr.x235.21                     -1.0402e-111
xdutr.xbias__xr1__1               -1.0402e-111
xdutr.x236.11                     -1.0402e-111
xdutr.x236.21                     -1.0402e-111
xdutr.x237.11                     -1.0402e-111
xdutr.x237.21                     -1.0402e-111
xdutr.xbias__xrt__1               -1.0402e-111
xdutr.x238.11                     -1.0402e-111
xdutr.x238.21                     -1.0402e-111
xdutr.xbias__nt__par               1.02113e-61
xdutr.xtemp__xrz__2__par           1.64366e-19
xdutr.xtemp__xrz__4__par           1.64366e-19
xdutr.xtemp__xrz__6__par           1.64366e-19
xdutr.xtemp__xrz__8__par           1.64366e-19
xdutr.xbias__n1__par              -1.31888e-62
xdutr.xtemp__xr2f__2__par         -1.37153e-53
xdutr.xtemp__xr2f__4__par         -1.26649e-53
xdutr.xtemp__xr2f__6__par         -1.16144e-53
xdutr.xtemp__xr2f__8__par          -1.0564e-53
xdutr.xtemp__xr2f__10__par        -9.51359e-54
xdutr.xtemp__xr2f__12__par        -8.46316e-54
xdutr.xtemp__xr2f__14__par        -7.41273e-54
xdutr.xtemp__xr2f__16__par         -6.3623e-54
xdutr.xtemp__xr2f__18__par        -5.31186e-54
xdutr.xtemp__xr2f__20__par        -4.26143e-54
xdutr.xbias__n2__par               -3.2952e-60
xdutr.xtemp__xr2f__22__par          -3.211e-54
xdutr.xtemp__xr2t0__1__par        -1.82421e-56
xdutr.xtemp__xr2t1__1__par        -7.17223e-56
xdutr.xbias__tok__par              6.27406e-58
xdutr.xtemp__xr2t2__1__par        -1.76266e-55
xdutr.xtemp__xr2t3__1__par         -3.8298e-55
xdutr.xbias__noko__par            -3.29676e-56
xdutr.xtemp__xriso__1__par         7.62757e-34
xdutr.xtemp__xr2t4__1__par         -7.9405e-55
xdutr.xtemp__xr1__1__par          -1.02841e-37
xdutr.xtemp__xrz__1__par           1.64366e-19
xdutr.xtemp__xrz__3__par           1.64366e-19
xdutr.xtemp__xrz__5__par           1.64366e-19
xdutr.xbias__nokl__par            -4.83832e-59
xdutr.xtemp__xrz__7__par           1.64366e-19
xdutr.xtemp__xrz__9__par           1.64366e-19
xdutr.xtemp__xr2f__1__par         -1.42405e-53
xdutr.xtemp__xr2f__3__par         -1.31901e-53
xdutr.xtemp__xr2f__5__par         -1.21397e-53
xdutr.xtemp__xr2f__7__par         -1.10892e-53
xdutr.xtemp__xr2f__9__par         -1.00388e-53
xdutr.xtemp__xr2f__11__par        -8.98837e-54
xdutr.xtemp__xr2f__13__par        -7.93794e-54
xdutr.xtemp__xr2f__15__par        -6.88751e-54
xdutr.xbias__nkg__par              5.53394e-45
xdutr.xtemp__xr2f__17__par        -5.83708e-54
xdutr.xtemp__xr2f__19__par        -4.78665e-54
xdutr.xtemp__xr2f__21__par        -3.73622e-54
xdutr.xtemp__xr2f__23__par        -2.68579e-54
xdutr.xtemp__xr2t5__1__par        -1.61414e-54
xdutr.xbias__nb__par              -1.0402e-111
xdutr.xcmp__vdda__par              1.37603e-25
xdutr.xcmp__na__par                2.43834e-24
xdutr.xcmp__cmpo__par              1.14868e-23
xdutr.xcmp__n1__par                2.16439e-27
xdutr.xcmp__tn__par               -8.97906e-24
xdutr.xcmp__sns__par                         0
xdutr.xcmp__nbg__par                1.8304e-23
xdutr.xcmp__snsb__par                        0
xdutr.xpor__pdn__par               3.00898e-56
xdutr.xpor__ndl__par              -1.06948e-61
xdutr.xpor__ndgn__par             -2.71826e-28
xdutr.xpor__pgdg__par             -1.70601e-27
xdutr.xpor__pgdgb__par                       0
xdutr.xpor__nd1__par                6.0147e-34
xdutr.xpor__nnand__par            -9.62126e-24
xdutr.xpor__ndgp__par             -1.41127e-29
xdutr.xpor__nts__par               -1.4723e-34
xdutr.xpor__rstb__par              2.82584e-24
xdutr.xbias__nkm__par             -5.13373e-76
xdutr.xbias__nokx__par            -1.02977e-57
xdutr.xbias__ks1__par               2.3075e-49
xdutr.xbias__ks2__par             -2.88545e-48
xdutr.xbias__ks3__par              3.58508e-47
xdutr.xbias__ks4__par             -4.45417e-46
xdutr.xbias__ec__par              -1.0402e-111
xdutr.xbias__nz__par               -3.2952e-60
xdutr.xpor__ndg__par               4.04613e-28
xdutr.xpor__tim__par              -2.16388e-33
xdutr.xpor__trip__par              7.90294e-69
xdutr.xbias__xr2__2__par          -9.3461e-119
xdutr.xbias__xr2__4__par          -9.3461e-119
xdutr.xbias__xr2__6__par         -9.34611e-119
xdutr.xbias__xr2__8__par         -9.34611e-119
xdutr.xbias__xr2__10__par        -9.34612e-119
xdutr.xbias__xr2__12__par        -9.34613e-119
xdutr.xbias__pg__par              -2.89793e-57
xdutr.xbias__xr2__14__par        -9.34613e-119
xdutr.xbias__xrz__2__par           -3.2952e-60
xdutr.xbias__xrt__1__par          -1.0402e-111
xdutr.xbias__na__par             -7.33506e-121
xdutr.xbias__er__par             -9.34614e-119
xdutr.xbias__nbtop__par           -1.0402e-111
xdutr.xbias__nbg__par             -4.52026e-72
xdutr.xbias__xrz__1__par           -3.2952e-60
xdutr.xbias__xrz__3__par           -3.2952e-60
xdutr.xbias__xr1__1__par          -1.0402e-111
xdutr.xbias__xr2__13__par        -9.34613e-119
xdutr.xbias__xr2__11__par        -9.34612e-119
xdutr.xbias__xr2__1__par         -9.34609e-119
xdutr.xbias__xr2__3__par          -9.3461e-119
xdutr.xbias__xr2__5__par         -9.34611e-119
xdutr.xbias__xr2__7__par         -9.34611e-119
xdutr.xbias__xr2__9__par         -9.34612e-119
xdutr.xbias__pb__par              -7.41082e-73
xdutr.xbias__xr2__15__par        -9.34613e-119
xdutr.bias_ok__par                -1.33027e-40
xdutr.xcmp__bias_okb__par          3.40914e-55
xdutr.ctat__par                    7.62757e-34
xdutr.resetn__par                  9.78583e-21
xdutr.xtemp__enb__par              2.85266e-27
xdutr.ibias__par                  -1.11953e-23
xdutr.xtemp__m1d__par             -5.86427e-34
xdutr.xtemp__m2d__par             -2.53404e-38
xdutr.xtemp__m3d__par             -8.10896e-48
xdutr.xtemp__n1__par               1.43695e-19
xdutr.xtemp__n2__par               1.64366e-19
xdutr.xtemp__na__par               7.62757e-34
xdutr.xtemp__nb__par              -1.02841e-37
xdutr.xtemp__nbg__par              1.95875e-23
xdutr.xtemp__nc__par              -1.02841e-37
xdutr.xtemp__nd__par               1.71841e-21
xdutr.xtemp__nr__par              -6.11743e-26
xdutr.xtemp__nt__par               1.44676e-19
xdutr.xtemp__nz__par               1.64366e-19
xdutr.xtemp__pb__par               7.23395e-25
xdutr.xtemp__pcas__par              1.5987e-24
xdutr.xtemp__pg__par              -2.59964e-21
xdutr.por_raw__par                 2.89688e-30
xdutr.ptat__par                   -1.47657e-53
xdutr.xtemp__t0__par              -3.64842e-56
xdutr.xtemp__t1__par               -1.0696e-55
xdutr.xtemp__t2__par              -2.45571e-55
xdutr.xtemp__t3__par               -5.2039e-55
xdutr.xtemp__t4__par              -1.06771e-54
xdutr.xtemp__t5__par              -2.16057e-54
xdutr.vdd__par                               0
xdutr.vref__par                  -9.34609e-119
xdutr.vss__par                               0
tk                                      298.15
btk#branch                         -2.9815e-07
vsupr#branch                       1.33333e-31
vsup#branch                        3.72573e-31

 Reference value :  0.00000e+00
 Reference value :  1.55806e-04
 Reference value :  1.63314e-04
 Reference value :  1.67689e-04
 Reference value :  1.76993e-04
 Reference value :  1.82907e-04
 Reference value :  1.91631e-04
 Reference value :  2.08854e-04
 Reference value :  2.85792e-04
 Reference value :  3.10359e-04
 Reference value :  3.38506e-04
 Reference value :  3.70812e-04
 Reference value :  3.96026e-04
 Reference value :  4.01788e-04
 Reference value :  4.02071e-04
 Reference value :  4.02309e-04
 Reference value :  4.04807e-04
 Reference value :  4.21847e-04
 Reference value :  4.24935e-04
 Reference value :  4.25081e-04
 Reference value :  4.32182e-04
 Reference value :  4.40070e-04
 Reference value :  4.40495e-04
 Reference value :  4.40533e-04
 Reference value :  4.41581e-04
 Reference value :  4.57446e-04
 Reference value :  4.63611e-04
 Reference value :  4.63767e-04
 Reference value :  4.70835e-04
 Reference value :  6.83913e-04
 Reference value :  7.73800e-04
 Reference value :  7.74133e-04
 Reference value :  7.74179e-04
 Reference value :  7.78087e-04
 Reference value :  7.84580e-04
 Reference value :  7.84806e-04
 Reference value :  7.84901e-04
 Reference value :  7.92027e-04
 Reference value :  8.46200e-04
 Reference value :  8.46631e-04
 Reference value :  8.46655e-04
 Reference value :  8.48355e-04
 Reference value :  8.56822e-04
 Reference value :  8.57335e-04
 Reference value :  8.57363e-04
 Reference value :  8.63342e-04
 Reference value :  1.09474e-03
 Reference value :  1.76474e-03
 Reference value :  2.49474e-03
 Reference value :  3.22474e-03
 Reference value :  3.94474e-03
 Reference value :  4.67474e-03
 Reference value :  5.40474e-03
 Reference value :  6.10474e-03
 Reference value :  6.80474e-03
 Reference value :  7.53474e-03
 Reference value :  8.16101e-03
 Reference value :  8.20068e-03
 Reference value :  8.20635e-03
 Reference value :  8.20665e-03
 Reference value :  8.20673e-03
 Reference value :  8.20687e-03
 Reference value :  8.20794e-03
 Reference value :  8.20888e-03
 Reference value :  8.20978e-03
 Reference value :  8.20989e-03
 Reference value :  8.21086e-03
 Reference value :  8.21167e-03
 Reference value :  8.21542e-03
 Reference value :  8.42373e-03
 Reference value :  8.79258e-03
 Reference value :  8.83153e-03
 Reference value :  8.83392e-03
 Reference value :  8.83412e-03
 Reference value :  8.83422e-03
 Reference value :  8.83458e-03
 Reference value :  8.83566e-03
 Reference value :  8.83680e-03
 Reference value :  8.83715e-03
 Reference value :  8.83726e-03
 Reference value :  8.83841e-03
 Reference value :  8.83904e-03
 Reference value :  8.85066e-03
 Reference value :  9.19156e-03
 Reference value :  9.85156e-03
 Reference value :  1.05616e-02
 Reference value :  1.12716e-02
 Reference value :  1.19816e-02
 Reference value :  1.26816e-02
 Reference value :  1.33916e-02
 Reference value :  1.41716e-02
 Reference value :  1.50316e-02
 Reference value :  1.57116e-02
 Reference value :  1.63616e-02
 Reference value :  1.70216e-02
 Reference value :  1.77316e-02
 Reference value :  1.84116e-02
 Reference value :  1.91016e-02
 Reference value :  1.98216e-02
 Reference value :  2.05316e-02
 Reference value :  2.12216e-02
 Reference value :  2.19016e-02
 Reference value :  2.26116e-02
 Reference value :  2.33016e-02
 Reference value :  2.40116e-02
 Reference value :  2.46916e-02
 Reference value :  2.53816e-02
 Reference value :  2.60316e-02
 Reference value :  2.66916e-02
 Reference value :  2.73816e-02
 Reference value :  2.80716e-02
 Reference value :  2.87716e-02
 Reference value :  2.94616e-02
 Reference value :  3.01716e-02
 Reference value :  3.08816e-02
 Reference value :  3.15716e-02
No. of Data Rows : 5687
iq_pre              =  -1.59070e-06 from=  1.50000e-03 to=  1.90474e-03
iq_post             =  -1.31851e-05 from=  2.80000e-02 to=  3.00016e-02
trel                =  8.83413e-03
vrst_post           =  3.63000e+00
vdd_post            =  3.63000e+00
vptat_post          =  1.28443e+00
vctat_post          =  6.62691e-01
vtk_post            =  2.98150e+02
vrstr_post          =  3.30000e+00
vptatr_post         =  1.28436e+00
vctatr_post         =  6.62690e-01
m_vptat_v = 1.2844320000e+00
m_vctat_v = 6.6269060000e-01
m_ptat_k_mvk = 4.3080060372e+00
m_terr_untrim_c = -5.784438139e-02
m_terr_supply_c = 1.6245664148e-02
m_vctat_supply_mv = 3.0000000006e-04
m_vout_margin_v = 4.6269060000e-01
m_resetn_released_v = 3.6300000000e+00
m_resetn_ref_released_v = 3.3000000000e+00
m_t_release_ms = 8.8341260000e+00
m_iq_por_ua = 1.5907020000e+00
m_iq_total_ua = 1.3185130000e+01
m_temp_iq_ua = 1.1594428000e+01
Note: Simulation executed from .control section 

Warning: m=xx on .subckt line will override multiplier m hierarchy!

