
Note: Compatibility modes selected: hs a


Circuit: * temp-accuracy-vt @ res_ss_27c_3.63v -- generated by sim/harness, do not edit

Doing analysis at TEMP = 27.000000 and TNOM = 27.000000

Using SPARSE 1.3 as Direct Linear Solver

Initial Transient Solution
--------------------------

Node                                   Voltage
----                                   -------
vdd                                          0
ptat                               8.50352e-87
ctat                              -2.26929e-79
resetn                            -3.03708e-33
xdut.xtemp__pg                     1.67247e-37
xdut.xtemp__nz                     1.19869e-41
xdut.xbias__nbg                   -1.26802e-88
xdut.xbias__pb                     6.92843e-89
xdut.xbias__n1                    -3.38164e-73
xdut.xbias__n2                    -6.00416e-71
xdut.xbias__pg                    -3.74601e-68
xdut.xbias__ks1                   -5.15131e-55
xdut.xbias__ks2                    6.41789e-54
xdut.xbias__ks3                   -7.94439e-53
xdut.xbias__ks4                    9.83355e-52
xdut.xbias__nkg                   -1.21719e-50
xdut.xbias__nkm                   -3.87022e-91
xdut.xbias__nokl                   2.23281e-89
xdut.xbias__noko                   4.59875e-92
xdut.xbias__nokx                  -5.03408e-81
xdut.bias_ok                       1.31185e-51
xdut.xcmp__na                      8.14174e-67
xdut.xcmp__sns                               0
xdut.xcmp__tn                     -1.26783e-66
xdut.xcmp__cmpo                    7.83341e-67
xdut.vref                        -2.99228e-161
xdut.xcmp__nbg                     1.17265e-26
xdut.ibias                        -9.35328e-27
xdut.xcmp__bias_okb                          0
xdut.xcmp__snsb                              0
xdut.xcmp__n1                                0
xdut.por_raw                      8.77034e-126
xdut.xpor__pdn                   -2.34184e-166
xdut.xpor__ndl                    -5.20796e-75
xdut.xpor__ndgn                   -1.01836e-77
xdut.xpor__ndg                     5.61019e-78
xdut.xpor__pgdg                    2.62764e-53
xdut.xpor__pgdgb                             0
xdut.xpor__tim                     7.00127e-67
xdut.xpor__nd1                     4.80204e-39
xdut.xpor__trip                   1.31225e-135
xdut.xpor__rstb                   -9.78766e-29
xdut.xpor__nnand                   3.59563e-28
xdut.xtemp__n1                    -1.03278e-41
xdut.xtemp__n2                     1.19869e-41
xdut.xtemp__nbg                    1.51178e-26
xdut.xtemp__enb                     3.8254e-45
xdut.xtemp__pb                    -4.64243e-92
xdut.xtemp__pcas                 -1.38919e-170
xdut.xtemp__nd                     1.41689e-39
xdut.xtemp__nr                    -1.83692e-59
xdut.xtemp__nt                     6.70948e-43
xdut.xtemp__t5                      1.2407e-87
xdut.xtemp__t4                     6.11794e-88
xdut.xtemp__t3                     2.97019e-88
xdut.xtemp__t2                     1.39305e-88
xdut.xtemp__t1                     6.01346e-89
xdut.xtemp__t0                     2.02631e-89
xdut.xbias__na                    3.32565e-162
xdut.xbias__nbtop                -1.07267e-148
xdut.xbias__nt                     2.22132e-72
xdut.xbias__nb                   -1.07267e-148
xdut.xbias__tok                    -6.9381e-91
xdut.xcmp__vdda                    2.18601e-67
xdut.xpor__ndgp                    6.65358e-79
xdut.xpor__nts                     1.49105e-68
xdut.xtemp__na                    -2.26929e-79
xdut.xtemp__nb                     2.92653e-87
xdut.xtemp__m1d                    2.60287e-79
xdut.xtemp__m2d                   -3.79959e-87
xdut.xtemp__m3d                   -3.21415e-81
xdut.xbias__ec                   -1.07267e-148
xdut.xbias__er                    -2.9923e-161
xdut.xtemp__nc                     2.92653e-87
xdut.xbias__nz                    -6.00416e-71
xdut.x162.11                       2.92653e-87
xdut.x162.21                       2.92653e-87
xdut.xtemp__xr1__1                 2.92653e-87
xdut.x163.11                       2.92653e-87
xdut.x163.21                       2.92653e-87
xdut.x164.11                      -2.26929e-79
xdut.x164.21                      -2.26929e-79
xdut.xtemp__xriso__1              -2.26929e-79
xdut.x165.11                      -2.26929e-79
xdut.x165.21                      -2.26929e-79
xdut.x166.11                       1.19869e-41
xdut.x166.21                       1.19869e-41
xdut.xtemp__xrz__1                 1.19869e-41
xdut.xtemp__xrz__2                 1.19869e-41
xdut.x167.11                       1.19869e-41
xdut.x167.21                       1.19869e-41
xdut.x168.11                       1.19869e-41
xdut.x168.21                       1.19869e-41
xdut.xtemp__xrz__3                 1.19869e-41
xdut.xtemp__xrz__4                 1.19869e-41
xdut.x169.11                       1.19869e-41
xdut.x169.21                       1.19869e-41
xdut.x170.11                       1.19869e-41
xdut.x170.21                       1.19869e-41
xdut.xtemp__xrz__5                 1.19869e-41
xdut.xtemp__xrz__6                 1.19869e-41
xdut.x171.11                       1.19869e-41
xdut.x171.21                       1.19869e-41
xdut.x172.11                       1.19869e-41
xdut.x172.21                       1.19869e-41
xdut.xtemp__xrz__7                 1.19869e-41
xdut.xtemp__xrz__8                 1.19869e-41
xdut.x173.11                       1.19869e-41
xdut.x173.21                       1.19869e-41
xdut.x174.11                       1.19869e-41
xdut.x174.21                       1.19869e-41
xdut.xtemp__xrz__9                 1.19869e-41
xdut.x175.11                       1.19869e-41
xdut.x175.21                       1.19869e-41
xdut.x176.11                       8.50314e-87
xdut.x176.21                        8.2013e-87
xdut.xtemp__xr2f__1                8.20091e-87
xdut.xtemp__xr2f__2                7.89829e-87
xdut.x177.11                       7.89868e-87
xdut.x177.21                       8.20052e-87
xdut.x178.11                        7.8979e-87
xdut.x178.21                       7.59606e-87
xdut.xtemp__xr2f__3                7.59567e-87
xdut.xtemp__xr2f__4                7.29305e-87
xdut.x179.11                       7.29344e-87
xdut.x179.21                       7.59528e-87
xdut.x180.11                       7.29267e-87
xdut.x180.21                       6.99083e-87
xdut.xtemp__xr2f__5                6.99044e-87
xdut.xtemp__xr2f__6                6.68782e-87
xdut.x181.11                       6.68821e-87
xdut.x181.21                       6.99005e-87
xdut.x182.11                       6.68743e-87
xdut.x182.21                       6.38559e-87
xdut.xtemp__xr2f__7                 6.3852e-87
xdut.xtemp__xr2f__8                6.08258e-87
xdut.x183.11                       6.08297e-87
xdut.x183.21                       6.38481e-87
xdut.x184.11                       6.08219e-87
xdut.x184.21                       5.78036e-87
xdut.xtemp__xr2f__9                5.77997e-87
xdut.xtemp__xr2f__10               5.47735e-87
xdut.x185.11                       5.47774e-87
xdut.x185.21                       5.77958e-87
xdut.x186.11                       5.47696e-87
xdut.x186.21                       5.17512e-87
xdut.xtemp__xr2f__11               5.17473e-87
xdut.xtemp__xr2f__12               4.87211e-87
xdut.x187.11                        4.8725e-87
xdut.x187.21                       5.17434e-87
xdut.x188.11                       4.87172e-87
xdut.x188.21                       4.56988e-87
xdut.xtemp__xr2f__13                4.5695e-87
xdut.xtemp__xr2f__14               4.26688e-87
xdut.x189.11                       4.26727e-87
xdut.x189.21                       4.56911e-87
xdut.x190.11                       4.26649e-87
xdut.x190.21                       3.96465e-87
xdut.xtemp__xr2f__15               3.96426e-87
xdut.xtemp__xr2f__16               3.66164e-87
xdut.x191.11                       3.66203e-87
xdut.x191.21                       3.96387e-87
xdut.x192.11                       3.66125e-87
xdut.x192.21                       3.35941e-87
xdut.xtemp__xr2f__17               3.35903e-87
xdut.xtemp__xr2f__18               3.05641e-87
xdut.x193.11                        3.0568e-87
xdut.x193.21                       3.35864e-87
xdut.x194.11                       3.05602e-87
xdut.x194.21                       2.75418e-87
xdut.xtemp__xr2f__19               2.75379e-87
xdut.xtemp__xr2f__20               2.45117e-87
xdut.x195.11                       2.45156e-87
xdut.x195.21                        2.7534e-87
xdut.x196.11                       2.45078e-87
xdut.x196.21                       2.14894e-87
xdut.xtemp__xr2f__21               2.14855e-87
xdut.xtemp__xr2f__22               1.84594e-87
xdut.x197.11                       1.84633e-87
xdut.x197.21                       2.14817e-87
xdut.x198.11                       1.84555e-87
xdut.x198.21                       1.54371e-87
xdut.xtemp__xr2f__23               1.54332e-87
xdut.x199.11                       1.24109e-87
xdut.x199.21                       1.54293e-87
xdut.x200.11                       1.24031e-87
xdut.x200.21                       9.26637e-88
xdut.xtemp__xr2t5__1               9.26248e-88
xdut.x201.11                       6.12183e-88
xdut.x201.21                       9.25859e-88
xdut.x202.11                       6.11405e-88
xdut.x202.21                       4.54796e-88
xdut.xtemp__xr2t4__1               4.54407e-88
xdut.x203.11                       2.97408e-88
xdut.x203.21                       4.54018e-88
xdut.x204.11                        2.9663e-88
xdut.x204.21                       2.18551e-88
xdut.xtemp__xr2t3__1               2.18162e-88
xdut.x205.11                       1.39694e-88
xdut.x205.21                       2.17773e-88
xdut.x206.11                       1.38916e-88
xdut.x206.21                       1.00109e-88
xdut.xtemp__xr2t2__1               9.97198e-89
xdut.x207.11                       6.05237e-89
xdut.x207.21                       9.93307e-89
xdut.x208.11                       5.97456e-89
xdut.x208.21                       4.05879e-89
xdut.xtemp__xr2t1__1               4.01989e-89
xdut.x209.11                       2.06522e-89
xdut.x209.21                       3.98098e-89
xdut.x210.11                       1.98741e-89
xdut.x210.21                       1.05206e-89
xdut.xtemp__xr2t0__1               1.01316e-89
xdut.x211.11                       3.89061e-91
xdut.x211.21                       9.74251e-90
xdut.x212.11                                 0
xdut.x212.21                                 0
xdut.x213.11                                 0
xdut.x213.21                                 0
xdut.x214.11                                 0
xdut.x214.21                                 0
xdut.x215.11                     -2.99228e-161
xdut.x215.21                     -2.99228e-161
xdut.xbias__xr2__1               -2.99228e-161
xdut.xbias__xr2__2               -2.99228e-161
xdut.x216.11                     -2.99228e-161
xdut.x216.21                     -2.99228e-161
xdut.x217.11                     -2.99228e-161
xdut.x217.21                     -2.99228e-161
xdut.xbias__xr2__3               -2.99228e-161
xdut.xbias__xr2__4               -2.99228e-161
xdut.x218.11                     -2.99228e-161
xdut.x218.21                     -2.99228e-161
xdut.x219.11                     -2.99228e-161
xdut.x219.21                     -2.99228e-161
xdut.xbias__xr2__5               -2.99228e-161
xdut.xbias__xr2__6               -2.99229e-161
xdut.x220.11                     -2.99229e-161
xdut.x220.21                     -2.99228e-161
xdut.x221.11                     -2.99229e-161
xdut.x221.21                     -2.99229e-161
xdut.xbias__xr2__7               -2.99229e-161
xdut.xbias__xr2__8               -2.99229e-161
xdut.x222.11                     -2.99229e-161
xdut.x222.21                     -2.99229e-161
xdut.x223.11                     -2.99229e-161
xdut.x223.21                     -2.99229e-161
xdut.xbias__xr2__9               -2.99229e-161
xdut.xbias__xr2__10              -2.99229e-161
xdut.x224.11                     -2.99229e-161
xdut.x224.21                     -2.99229e-161
xdut.x225.11                     -2.99229e-161
xdut.x225.21                     -2.99229e-161
xdut.xbias__xr2__11              -2.99229e-161
xdut.xbias__xr2__12              -2.99229e-161
xdut.x226.11                     -2.99229e-161
xdut.x226.21                     -2.99229e-161
xdut.x227.11                     -2.99229e-161
xdut.x227.21                      -2.9923e-161
xdut.xbias__xr2__13               -2.9923e-161
xdut.xbias__xr2__14               -2.9923e-161
xdut.x228.11                      -2.9923e-161
xdut.x228.21                      -2.9923e-161
xdut.x229.11                      -2.9923e-161
xdut.x229.21                      -2.9923e-161
xdut.xbias__xr2__15               -2.9923e-161
xdut.x230.11                      -2.9923e-161
xdut.x230.21                      -2.9923e-161
xdut.x231.11                      -6.00416e-71
xdut.x231.21                      -6.00416e-71
xdut.xbias__xrz__1                -6.00416e-71
xdut.xbias__xrz__2                -6.00416e-71
xdut.x232.11                      -6.00416e-71
xdut.x232.21                      -6.00416e-71
xdut.x233.11                      -6.00416e-71
xdut.x233.21                      -6.00416e-71
xdut.xbias__xrz__3                -6.00416e-71
xdut.x234.11                      -6.00416e-71
xdut.x234.21                      -6.00416e-71
xdut.x235.11                     -1.07267e-148
xdut.x235.21                     -1.07267e-148
xdut.xbias__xr1__1               -1.07267e-148
xdut.x236.11                     -1.07267e-148
xdut.x236.21                     -1.07267e-148
xdut.x237.11                     -1.07267e-148
xdut.x237.21                     -1.07267e-148
xdut.xbias__xrt__1               -1.07267e-148
xdut.x238.11                     -1.07267e-148
xdut.x238.21                     -1.07267e-148
xdut.xbias__nt__par                2.22132e-72
xdut.xtemp__xrz__2__par            1.19869e-41
xdut.xtemp__xrz__4__par            1.19869e-41
xdut.xtemp__xrz__6__par            1.19869e-41
xdut.xtemp__xrz__8__par            1.19869e-41
xdut.xbias__n1__par               -3.38164e-73
xdut.xtemp__xr2f__2__par           7.89829e-87
xdut.xtemp__xr2f__4__par           7.29305e-87
xdut.xtemp__xr2f__6__par           6.68782e-87
xdut.xtemp__xr2f__8__par           6.08258e-87
xdut.xtemp__xr2f__10__par          5.47735e-87
xdut.xtemp__xr2f__12__par          4.87211e-87
xdut.xtemp__xr2f__14__par          4.26688e-87
xdut.xtemp__xr2f__16__par          3.66164e-87
xdut.xtemp__xr2f__18__par          3.05641e-87
xdut.xtemp__xr2f__20__par          2.45117e-87
xdut.xbias__n2__par               -6.00416e-71
xdut.xtemp__xr2f__22__par          1.84594e-87
xdut.xtemp__xr2t0__1__par          1.01316e-89
xdut.xtemp__xr2t1__1__par          4.01989e-89
xdut.xbias__tok__par               -6.9381e-91
xdut.xtemp__xr2t2__1__par          9.97198e-89
xdut.xtemp__xr2t3__1__par          2.18162e-88
xdut.xbias__noko__par              4.59875e-92
xdut.xtemp__xriso__1__par         -2.26929e-79
xdut.xtemp__xr2t4__1__par          4.54407e-88
xdut.xtemp__xr1__1__par            2.92653e-87
xdut.xtemp__xrz__1__par            1.19869e-41
xdut.xtemp__xrz__3__par            1.19869e-41
xdut.xtemp__xrz__5__par            1.19869e-41
xdut.xbias__nokl__par              2.23281e-89
xdut.xtemp__xrz__7__par            1.19869e-41
xdut.xtemp__xrz__9__par            1.19869e-41
xdut.xtemp__xr2f__1__par           8.20091e-87
xdut.xtemp__xr2f__3__par           7.59567e-87
xdut.xtemp__xr2f__5__par           6.99044e-87
xdut.xtemp__xr2f__7__par            6.3852e-87
xdut.xtemp__xr2f__9__par           5.77997e-87
xdut.xtemp__xr2f__11__par          5.17473e-87
xdut.xtemp__xr2f__13__par           4.5695e-87
xdut.xtemp__xr2f__15__par          3.96426e-87
xdut.xbias__nkg__par              -1.21719e-50
xdut.xtemp__xr2f__17__par          3.35903e-87
xdut.xtemp__xr2f__19__par          2.75379e-87
xdut.xtemp__xr2f__21__par          2.14855e-87
xdut.xtemp__xr2f__23__par          1.54332e-87
xdut.xtemp__xr2t5__1__par          9.26248e-88
xdut.xbias__nb__par              -1.07267e-148
xdut.xcmp__vdda__par               2.18601e-67
xdut.xcmp__na__par                 8.14174e-67
xdut.xcmp__cmpo__par               7.83341e-67
xdut.xcmp__n1__par                           0
xdut.xcmp__tn__par                -1.26783e-66
xdut.xcmp__sns__par                          0
xdut.xcmp__nbg__par                1.17265e-26
xdut.xcmp__snsb__par                         0
xdut.xpor__pdn__par              -2.34184e-166
xdut.xpor__ndl__par               -5.20796e-75
xdut.xpor__ndgn__par              -1.01836e-77
xdut.xpor__pgdg__par               2.62764e-53
xdut.xpor__pgdgb__par                        0
xdut.xpor__nd1__par                4.80204e-39
xdut.xpor__nnand__par              3.59563e-28
xdut.xpor__ndgp__par               6.65358e-79
xdut.xpor__nts__par                1.49105e-68
xdut.xpor__rstb__par              -9.78766e-29
xdut.xbias__nkm__par              -3.87022e-91
xdut.xbias__nokx__par             -5.03408e-81
xdut.xbias__ks1__par              -5.15131e-55
xdut.xbias__ks2__par               6.41789e-54
xdut.xbias__ks3__par              -7.94439e-53
xdut.xbias__ks4__par               9.83355e-52
xdut.xbias__ec__par              -1.07267e-148
xdut.xbias__nz__par               -6.00416e-71
xdut.xpor__ndg__par                5.61019e-78
xdut.xpor__tim__par                7.00127e-67
xdut.xpor__trip__par              1.31225e-135
xdut.xbias__xr2__2__par          -2.99228e-161
xdut.xbias__xr2__4__par          -2.99228e-161
xdut.xbias__xr2__6__par          -2.99229e-161
xdut.xbias__xr2__8__par          -2.99229e-161
xdut.xbias__xr2__10__par         -2.99229e-161
xdut.xbias__xr2__12__par         -2.99229e-161
xdut.xbias__pg__par               -3.74601e-68
xdut.xbias__xr2__14__par          -2.9923e-161
xdut.xbias__xrz__2__par           -6.00416e-71
xdut.xbias__xrt__1__par          -1.07267e-148
xdut.xbias__na__par               3.32565e-162
xdut.xbias__er__par               -2.9923e-161
xdut.xbias__nbtop__par           -1.07267e-148
xdut.xbias__nbg__par              -1.26802e-88
xdut.xbias__xrz__1__par           -6.00416e-71
xdut.xbias__xrz__3__par           -6.00416e-71
xdut.xbias__xr1__1__par          -1.07267e-148
xdut.xbias__xr2__13__par          -2.9923e-161
xdut.xbias__xr2__11__par         -2.99229e-161
xdut.xbias__xr2__1__par          -2.99228e-161
xdut.xbias__xr2__3__par          -2.99228e-161
xdut.xbias__xr2__5__par          -2.99228e-161
xdut.xbias__xr2__7__par          -2.99229e-161
xdut.xbias__xr2__9__par          -2.99229e-161
xdut.xbias__pb__par                6.92843e-89
xdut.xbias__xr2__15__par          -2.9923e-161
xdut.bias_ok__par                  1.31185e-51
xdut.xcmp__bias_okb__par                     0
xdut.ctat__par                    -2.26929e-79
xdut.resetn__par                  -3.03708e-33
xdut.xtemp__enb__par                3.8254e-45
xdut.ibias__par                   -9.35328e-27
xdut.xtemp__m1d__par               2.60287e-79
xdut.xtemp__m2d__par              -3.79959e-87
xdut.xtemp__m3d__par              -3.21415e-81
xdut.xtemp__n1__par               -1.03278e-41
xdut.xtemp__n2__par                1.19869e-41
xdut.xtemp__na__par               -2.26929e-79
xdut.xtemp__nb__par                2.92653e-87
xdut.xtemp__nbg__par               1.51178e-26
xdut.xtemp__nc__par                2.92653e-87
xdut.xtemp__nd__par                1.41689e-39
xdut.xtemp__nr__par               -1.83692e-59
xdut.xtemp__nt__par                6.70948e-43
xdut.xtemp__nz__par                1.19869e-41
xdut.xtemp__pb__par               -4.64243e-92
xdut.xtemp__pcas__par            -1.38919e-170
xdut.xtemp__pg__par                1.67247e-37
xdut.por_raw__par                 8.77034e-126
xdut.ptat__par                     8.50352e-87
xdut.xtemp__t0__par                2.02631e-89
xdut.xtemp__t1__par                6.01346e-89
xdut.xtemp__t2__par                1.39305e-88
xdut.xtemp__t3__par                2.97019e-88
xdut.xtemp__t4__par                6.11794e-88
xdut.xtemp__t5__par                 1.2407e-87
xdut.vdd__par                                0
xdut.vref__par                   -2.99228e-161
xdut.vss__par                                0
vddr                                         0
ptatr                              2.38801e-63
ctatr                              1.31722e-20
resetnr                            1.71189e-22
xdutr.xtemp__pg                   -1.59907e-20
xdutr.xtemp__nz                    3.07073e-20
xdutr.xbias__nbg                  -1.36448e-88
xdutr.xbias__pb                    8.20095e-89
xdutr.xbias__n1                   -3.46023e-73
xdutr.xbias__n2                   -8.07288e-71
xdutr.xbias__pg                   -6.95503e-68
xdutr.xbias__ks1                  -2.87045e-56
xdutr.xbias__ks2                   3.57623e-55
xdutr.xbias__ks3                  -4.42683e-54
xdutr.xbias__ks4                   5.47953e-53
xdutr.xbias__nkg                  -6.78254e-52
xdutr.xbias__nkm                  -3.81691e-91
xdutr.xbias__nokl                  1.91925e-89
xdutr.xbias__noko                  3.95294e-92
xdutr.xbias__nokx                  -2.4853e-82
xdutr.bias_ok                      3.68949e-51
xdutr.xcmp__na                    -5.35077e-50
xdutr.xcmp__sns                              0
xdutr.xcmp__tn                     8.33219e-50
xdutr.xcmp__cmpo                  -5.14813e-50
xdutr.vref                       -8.17493e-160
xdutr.xcmp__nbg                   -2.61716e-21
xdutr.ibias                        1.42261e-21
xdutr.xcmp__bias_okb                         0
xdutr.xcmp__snsb                             0
xdutr.xcmp__n1                     4.82721e-33
xdutr.por_raw                      2.43249e-31
xdutr.xpor__pdn                   -4.30249e-51
xdutr.xpor__ndl                    5.86359e-61
xdutr.xpor__ndgn                  -9.72783e-29
xdutr.xpor__ndg                    5.35911e-29
xdutr.xpor__pgdg                   2.59887e-29
xdutr.xpor__pgdgb                  3.06282e-26
xdutr.xpor__tim                    1.03143e-23
xdutr.xpor__nd1                    6.77792e-26
xdutr.xpor__trip                             0
xdutr.xpor__rstb                   1.05723e-22
xdutr.xpor__nnand                 -3.88366e-22
xdutr.xtemp__n1                    6.37218e-20
xdutr.xtemp__n2                    3.07073e-20
xdutr.xtemp__nbg                  -1.24234e-21
xdutr.xtemp__enb                  -2.32114e-26
xdutr.xtemp__pb                   -7.11615e-64
xdutr.xtemp__pcas                -7.64955e-114
xdutr.xtemp__nd                    1.62869e-24
xdutr.xtemp__nr                     4.0593e-24
xdutr.xtemp__nt                    3.15452e-20
xdutr.xtemp__t5                    3.48421e-64
xdutr.xtemp__t4                    1.71808e-64
xdutr.xtemp__t3                    8.34105e-65
xdutr.xtemp__t2                    3.91204e-65
xdutr.xtemp__t1                    1.68874e-65
xdutr.xtemp__t0                    5.69041e-66
xdutr.xbias__na                   1.50788e-162
xdutr.xbias__nbtop                -5.0607e-148
xdutr.xbias__nt                    2.60911e-72
xdutr.xbias__nb                   -5.0607e-148
xdutr.xbias__tok                  -5.96377e-91
xdutr.xcmp__vdda                  -1.43665e-50
xdutr.xpor__ndgp                   6.35504e-30
xdutr.xpor__nts                    2.19662e-25
xdutr.xtemp__na                    1.31722e-20
xdutr.xtemp__nb                   -6.25664e-54
xdutr.xtemp__m1d                  -6.58759e-20
xdutr.xtemp__m2d                   8.12254e-54
xdutr.xtemp__m3d                  -9.02615e-58
xdutr.xbias__ec                   -5.0607e-148
xdutr.xbias__er                  -8.17499e-160
xdutr.xtemp__nc                   -6.25664e-54
xdutr.xbias__nz                   -8.07289e-71
xdutr.x162.11                     -6.25664e-54
xdutr.x162.21                     -6.25664e-54
xdutr.xtemp__xr1__1               -6.25664e-54
xdutr.x163.11                     -6.25664e-54
xdutr.x163.21                     -6.25664e-54
xdutr.x164.11                      1.31722e-20
xdutr.x164.21                      1.31722e-20
xdutr.xtemp__xriso__1              1.31722e-20
xdutr.x165.11                      1.31722e-20
xdutr.x165.21                      1.31722e-20
xdutr.x166.11                      3.07073e-20
xdutr.x166.21                      3.07073e-20
xdutr.xtemp__xrz__1                3.07073e-20
xdutr.xtemp__xrz__2                3.07073e-20
xdutr.x167.11                      3.07073e-20
xdutr.x167.21                      3.07073e-20
xdutr.x168.11                      3.07073e-20
xdutr.x168.21                      3.07073e-20
xdutr.xtemp__xrz__3                3.07073e-20
xdutr.xtemp__xrz__4                3.07073e-20
xdutr.x169.11                      3.07073e-20
xdutr.x169.21                      3.07073e-20
xdutr.x170.11                      3.07073e-20
xdutr.x170.21                      3.07073e-20
xdutr.xtemp__xrz__5                3.07073e-20
xdutr.xtemp__xrz__6                3.07073e-20
xdutr.x171.11                      3.07073e-20
xdutr.x171.21                      3.07073e-20
xdutr.x172.11                      3.07073e-20
xdutr.x172.21                      3.07073e-20
xdutr.xtemp__xrz__7                3.07073e-20
xdutr.xtemp__xrz__8                3.07073e-20
xdutr.x173.11                      3.07073e-20
xdutr.x173.21                      3.07073e-20
xdutr.x174.11                      3.07073e-20
xdutr.x174.21                      3.07073e-20
xdutr.xtemp__xrz__9                3.07073e-20
xdutr.x175.11                      3.07073e-20
xdutr.x175.21                      3.07073e-20
xdutr.x176.11                       2.3879e-63
xdutr.x176.21                      2.30314e-63
xdutr.xtemp__xr2f__1               2.30303e-63
xdutr.xtemp__xr2f__2               2.21804e-63
xdutr.x177.11                      2.21815e-63
xdutr.x177.21                      2.30292e-63
xdutr.x178.11                      2.21793e-63
xdutr.x178.21                      2.13317e-63
xdutr.xtemp__xr2f__3               2.13306e-63
xdutr.xtemp__xr2f__4               2.04808e-63
xdutr.x179.11                      2.04819e-63
xdutr.x179.21                      2.13295e-63
xdutr.x180.11                      2.04797e-63
xdutr.x180.21                       1.9632e-63
xdutr.xtemp__xr2f__5                1.9631e-63
xdutr.xtemp__xr2f__6               1.87811e-63
xdutr.x181.11                      1.87822e-63
xdutr.x181.21                      1.96299e-63
xdutr.x182.11                        1.878e-63
xdutr.x182.21                      1.79324e-63
xdutr.xtemp__xr2f__7               1.79313e-63
xdutr.xtemp__xr2f__8               1.70815e-63
xdutr.x183.11                      1.70826e-63
xdutr.x183.21                      1.79302e-63
xdutr.x184.11                      1.70804e-63
xdutr.x184.21                      1.62327e-63
xdutr.xtemp__xr2f__9               1.62316e-63
xdutr.xtemp__xr2f__10              1.53818e-63
xdutr.x185.11                      1.53829e-63
xdutr.x185.21                      1.62305e-63
xdutr.x186.11                      1.53807e-63
xdutr.x186.21                      1.45331e-63
xdutr.xtemp__xr2f__11               1.4532e-63
xdutr.xtemp__xr2f__12              1.36822e-63
xdutr.x187.11                      1.36832e-63
xdutr.x187.21                      1.45309e-63
xdutr.x188.11                      1.36811e-63
xdutr.x188.21                      1.28334e-63
xdutr.xtemp__xr2f__13              1.28323e-63
xdutr.xtemp__xr2f__14              1.19825e-63
xdutr.x189.11                      1.19836e-63
xdutr.x189.21                      1.28312e-63
xdutr.x190.11                      1.19814e-63
xdutr.x190.21                      1.11338e-63
xdutr.xtemp__xr2f__15              1.11327e-63
xdutr.xtemp__xr2f__16              1.02828e-63
xdutr.x191.11                      1.02839e-63
xdutr.x191.21                      1.11316e-63
xdutr.x192.11                      1.02817e-63
xdutr.x192.21                       9.4341e-64
xdutr.xtemp__xr2f__17              9.43301e-64
xdutr.xtemp__xr2f__18              8.58318e-64
xdutr.x193.11                      8.58428e-64
xdutr.x193.21                      9.43192e-64
xdutr.x194.11                      8.58209e-64
xdutr.x194.21                      7.73445e-64
xdutr.xtemp__xr2f__19              7.73335e-64
xdutr.xtemp__xr2f__20              6.88353e-64
xdutr.x195.11                      6.88462e-64
xdutr.x195.21                      7.73226e-64
xdutr.x196.11                      6.88243e-64
xdutr.x196.21                      6.03479e-64
xdutr.xtemp__xr2f__21               6.0337e-64
xdutr.xtemp__xr2f__22              5.18387e-64
xdutr.x197.11                      5.18496e-64
xdutr.x197.21                       6.0326e-64
xdutr.x198.11                      5.18278e-64
xdutr.x198.21                      4.33513e-64
xdutr.xtemp__xr2f__23              4.33404e-64
xdutr.x199.11                       3.4853e-64
xdutr.x199.21                      4.33295e-64
xdutr.x200.11                      3.48312e-64
xdutr.x200.21                      2.60224e-64
xdutr.xtemp__xr2t5__1              2.60114e-64
xdutr.x201.11                      1.71917e-64
xdutr.x201.21                      2.60005e-64
xdutr.x202.11                      1.71698e-64
xdutr.x202.21                      1.27718e-64
xdutr.xtemp__xr2t4__1              1.27609e-64
xdutr.x203.11                      8.35198e-65
xdutr.x203.21                        1.275e-64
xdutr.x204.11                      8.33013e-65
xdutr.x204.21                      6.13747e-65
xdutr.xtemp__xr2t3__1              6.12655e-65
xdutr.x205.11                      3.92297e-65
xdutr.x205.21                      6.11562e-65
xdutr.x206.11                      3.90112e-65
xdutr.x206.21                      2.81132e-65
xdutr.xtemp__xr2t2__1              2.80039e-65
xdutr.x207.11                      1.69966e-65
xdutr.x207.21                      2.78946e-65
xdutr.x208.11                      1.67781e-65
xdutr.x208.21                      1.13981e-65
xdutr.xtemp__xr2t1__1              1.12889e-65
xdutr.x209.11                      5.79967e-66
xdutr.x209.21                      1.11796e-65
xdutr.x210.11                      5.58115e-66
xdutr.x210.21                      2.95446e-66
xdutr.xtemp__xr2t0__1              2.84521e-66
xdutr.x211.11                      1.09258e-67
xdutr.x211.21                      2.73595e-66
xdutr.x212.11                                0
xdutr.x212.21                                0
xdutr.x213.11                                0
xdutr.x213.21                                0
xdutr.x214.11                                0
xdutr.x214.21                                0
xdutr.x215.11                    -8.17493e-160
xdutr.x215.21                    -8.17493e-160
xdutr.xbias__xr2__1              -8.17493e-160
xdutr.xbias__xr2__2              -8.17494e-160
xdutr.x216.11                    -8.17494e-160
xdutr.x216.21                    -8.17493e-160
xdutr.x217.11                    -8.17494e-160
xdutr.x217.21                    -8.17494e-160
xdutr.xbias__xr2__3              -8.17494e-160
xdutr.xbias__xr2__4              -8.17494e-160
xdutr.x218.11                    -8.17494e-160
xdutr.x218.21                    -8.17494e-160
xdutr.x219.11                    -8.17494e-160
xdutr.x219.21                    -8.17495e-160
xdutr.xbias__xr2__5              -8.17495e-160
xdutr.xbias__xr2__6              -8.17495e-160
xdutr.x220.11                    -8.17495e-160
xdutr.x220.21                    -8.17495e-160
xdutr.x221.11                    -8.17495e-160
xdutr.x221.21                    -8.17496e-160
xdutr.xbias__xr2__7              -8.17496e-160
xdutr.xbias__xr2__8              -8.17496e-160
xdutr.x222.11                    -8.17496e-160
xdutr.x222.21                    -8.17496e-160
xdutr.x223.11                    -8.17496e-160
xdutr.x223.21                    -8.17496e-160
xdutr.xbias__xr2__9              -8.17496e-160
xdutr.xbias__xr2__10             -8.17497e-160
xdutr.x224.11                    -8.17497e-160
xdutr.x224.21                    -8.17496e-160
xdutr.x225.11                    -8.17497e-160
xdutr.x225.21                    -8.17497e-160
xdutr.xbias__xr2__11             -8.17497e-160
xdutr.xbias__xr2__12             -8.17498e-160
xdutr.x226.11                    -8.17498e-160
xdutr.x226.21                    -8.17497e-160
xdutr.x227.11                    -8.17498e-160
xdutr.x227.21                    -8.17498e-160
xdutr.xbias__xr2__13             -8.17498e-160
xdutr.xbias__xr2__14             -8.17498e-160
xdutr.x228.11                    -8.17498e-160
xdutr.x228.21                    -8.17498e-160
xdutr.x229.11                    -8.17498e-160
xdutr.x229.21                    -8.17499e-160
xdutr.xbias__xr2__15             -8.17499e-160
xdutr.x230.11                    -8.17499e-160
xdutr.x230.21                    -8.17499e-160
xdutr.x231.11                     -8.07289e-71
xdutr.x231.21                     -8.07289e-71
xdutr.xbias__xrz__1               -8.07289e-71
xdutr.xbias__xrz__2               -8.07289e-71
xdutr.x232.11                     -8.07289e-71
xdutr.x232.21                     -8.07289e-71
xdutr.x233.11                     -8.07289e-71
xdutr.x233.21                     -8.07288e-71
xdutr.xbias__xrz__3               -8.07288e-71
xdutr.x234.11                     -8.07288e-71
xdutr.x234.21                     -8.07288e-71
xdutr.x235.11                     -5.0607e-148
xdutr.x235.21                     -5.0607e-148
xdutr.xbias__xr1__1               -5.0607e-148
xdutr.x236.11                     -5.0607e-148
xdutr.x236.21                     -5.0607e-148
xdutr.x237.11                     -5.0607e-148
xdutr.x237.21                     -5.0607e-148
xdutr.xbias__xrt__1               -5.0607e-148
xdutr.x238.11                     -5.0607e-148
xdutr.x238.21                     -5.0607e-148
xdutr.xbias__nt__par               2.60911e-72
xdutr.xtemp__xrz__2__par           3.07073e-20
xdutr.xtemp__xrz__4__par           3.07073e-20
xdutr.xtemp__xrz__6__par           3.07073e-20
xdutr.xtemp__xrz__8__par           3.07073e-20
xdutr.xbias__n1__par              -3.46023e-73
xdutr.xtemp__xr2f__2__par          2.21804e-63
xdutr.xtemp__xr2f__4__par          2.04808e-63
xdutr.xtemp__xr2f__6__par          1.87811e-63
xdutr.xtemp__xr2f__8__par          1.70815e-63
xdutr.xtemp__xr2f__10__par         1.53818e-63
xdutr.xtemp__xr2f__12__par         1.36822e-63
xdutr.xtemp__xr2f__14__par         1.19825e-63
xdutr.xtemp__xr2f__16__par         1.02828e-63
xdutr.xtemp__xr2f__18__par         8.58318e-64
xdutr.xtemp__xr2f__20__par         6.88353e-64
xdutr.xbias__n2__par              -8.07288e-71
xdutr.xtemp__xr2f__22__par         5.18387e-64
xdutr.xtemp__xr2t0__1__par         2.84521e-66
xdutr.xtemp__xr2t1__1__par         1.12889e-65
xdutr.xbias__tok__par             -5.96377e-91
xdutr.xtemp__xr2t2__1__par         2.80039e-65
xdutr.xtemp__xr2t3__1__par         6.12655e-65
xdutr.xbias__noko__par             3.95294e-92
xdutr.xtemp__xriso__1__par         1.31722e-20
xdutr.xtemp__xr2t4__1__par         1.27609e-64
xdutr.xtemp__xr1__1__par          -6.25664e-54
xdutr.xtemp__xrz__1__par           3.07073e-20
xdutr.xtemp__xrz__3__par           3.07073e-20
xdutr.xtemp__xrz__5__par           3.07073e-20
xdutr.xbias__nokl__par             1.91925e-89
xdutr.xtemp__xrz__7__par           3.07073e-20
xdutr.xtemp__xrz__9__par           3.07073e-20
xdutr.xtemp__xr2f__1__par          2.30303e-63
xdutr.xtemp__xr2f__3__par          2.13306e-63
xdutr.xtemp__xr2f__5__par           1.9631e-63
xdutr.xtemp__xr2f__7__par          1.79313e-63
xdutr.xtemp__xr2f__9__par          1.62316e-63
xdutr.xtemp__xr2f__11__par          1.4532e-63
xdutr.xtemp__xr2f__13__par         1.28323e-63
xdutr.xtemp__xr2f__15__par         1.11327e-63
xdutr.xbias__nkg__par             -6.78254e-52
xdutr.xtemp__xr2f__17__par         9.43301e-64
xdutr.xtemp__xr2f__19__par         7.73335e-64
xdutr.xtemp__xr2f__21__par          6.0337e-64
xdutr.xtemp__xr2f__23__par         4.33404e-64
xdutr.xtemp__xr2t5__1__par         2.60114e-64
xdutr.xbias__nb__par              -5.0607e-148
xdutr.xcmp__vdda__par             -1.43665e-50
xdutr.xcmp__na__par               -5.35077e-50
xdutr.xcmp__cmpo__par             -5.14813e-50
xdutr.xcmp__n1__par                4.82721e-33
xdutr.xcmp__tn__par                8.33219e-50
xdutr.xcmp__sns__par                         0
xdutr.xcmp__nbg__par              -2.61716e-21
xdutr.xcmp__snsb__par                        0
xdutr.xpor__pdn__par              -4.30249e-51
xdutr.xpor__ndl__par               5.86359e-61
xdutr.xpor__ndgn__par             -9.72783e-29
xdutr.xpor__pgdg__par              2.59887e-29
xdutr.xpor__pgdgb__par             3.06282e-26
xdutr.xpor__nd1__par               6.77792e-26
xdutr.xpor__nnand__par            -3.88366e-22
xdutr.xpor__ndgp__par              6.35504e-30
xdutr.xpor__nts__par               2.19662e-25
xdutr.xpor__rstb__par              1.05723e-22
xdutr.xbias__nkm__par             -3.81691e-91
xdutr.xbias__nokx__par             -2.4853e-82
xdutr.xbias__ks1__par             -2.87045e-56
xdutr.xbias__ks2__par              3.57623e-55
xdutr.xbias__ks3__par             -4.42683e-54
xdutr.xbias__ks4__par              5.47953e-53
xdutr.xbias__ec__par              -5.0607e-148
xdutr.xbias__nz__par              -8.07289e-71
xdutr.xpor__ndg__par               5.35911e-29
xdutr.xpor__tim__par               1.03143e-23
xdutr.xpor__trip__par                        0
xdutr.xbias__xr2__2__par         -8.17494e-160
xdutr.xbias__xr2__4__par         -8.17494e-160
xdutr.xbias__xr2__6__par         -8.17495e-160
xdutr.xbias__xr2__8__par         -8.17496e-160
xdutr.xbias__xr2__10__par        -8.17497e-160
xdutr.xbias__xr2__12__par        -8.17498e-160
xdutr.xbias__pg__par              -6.95503e-68
xdutr.xbias__xr2__14__par        -8.17498e-160
xdutr.xbias__xrz__2__par          -8.07289e-71
xdutr.xbias__xrt__1__par          -5.0607e-148
xdutr.xbias__na__par              1.50788e-162
xdutr.xbias__er__par             -8.17499e-160
xdutr.xbias__nbtop__par           -5.0607e-148
xdutr.xbias__nbg__par             -1.36448e-88
xdutr.xbias__xrz__1__par          -8.07289e-71
xdutr.xbias__xrz__3__par          -8.07288e-71
xdutr.xbias__xr1__1__par          -5.0607e-148
xdutr.xbias__xr2__13__par        -8.17498e-160
xdutr.xbias__xr2__11__par        -8.17497e-160
xdutr.xbias__xr2__1__par         -8.17493e-160
xdutr.xbias__xr2__3__par         -8.17494e-160
xdutr.xbias__xr2__5__par         -8.17495e-160
xdutr.xbias__xr2__7__par         -8.17496e-160
xdutr.xbias__xr2__9__par         -8.17496e-160
xdutr.xbias__pb__par               8.20095e-89
xdutr.xbias__xr2__15__par        -8.17499e-160
xdutr.bias_ok__par                 3.68949e-51
xdutr.xcmp__bias_okb__par                    0
xdutr.ctat__par                    1.31722e-20
xdutr.resetn__par                  1.71189e-22
xdutr.xtemp__enb__par             -2.32114e-26
xdutr.ibias__par                   1.42261e-21
xdutr.xtemp__m1d__par             -6.58759e-20
xdutr.xtemp__m2d__par              8.12254e-54
xdutr.xtemp__m3d__par             -9.02615e-58
xdutr.xtemp__n1__par               6.37218e-20
xdutr.xtemp__n2__par               3.07073e-20
xdutr.xtemp__na__par               1.31722e-20
xdutr.xtemp__nb__par              -6.25664e-54
xdutr.xtemp__nbg__par             -1.24234e-21
xdutr.xtemp__nc__par              -6.25664e-54
xdutr.xtemp__nd__par               1.62869e-24
xdutr.xtemp__nr__par                4.0593e-24
xdutr.xtemp__nt__par               3.15452e-20
xdutr.xtemp__nz__par               3.07073e-20
xdutr.xtemp__pb__par              -7.11615e-64
xdutr.xtemp__pcas__par           -7.64955e-114
xdutr.xtemp__pg__par              -1.59907e-20
xdutr.por_raw__par                 2.43249e-31
xdutr.ptat__par                    2.38801e-63
xdutr.xtemp__t0__par               5.69041e-66
xdutr.xtemp__t1__par               1.68874e-65
xdutr.xtemp__t2__par               3.91204e-65
xdutr.xtemp__t3__par               8.34105e-65
xdutr.xtemp__t4__par               1.71808e-64
xdutr.xtemp__t5__par               3.48421e-64
xdutr.vdd__par                               0
xdutr.vref__par                  -8.17493e-160
xdutr.vss__par                               0
tk                                      300.15
btk#branch                         -3.0015e-07
vsupr#branch                      -2.95192e-31
vsup#branch                       -8.57894e-39

 Reference value :  0.00000e+00
 Reference value :  1.54606e-04
 Reference value :  1.62052e-04
 Reference value :  1.66797e-04
 Reference value :  1.76097e-04
 Reference value :  1.81539e-04
 Reference value :  1.90780e-04
 Reference value :  2.08245e-04
 Reference value :  2.90342e-04
 Reference value :  3.14979e-04
 Reference value :  3.36869e-04
 Reference value :  3.70816e-04
 Reference value :  3.91173e-04
 Reference value :  3.92783e-04
 Reference value :  3.92817e-04
 Reference value :  3.94105e-04
 Reference value :  4.14835e-04
 Reference value :  4.25035e-04
 Reference value :  4.25299e-04
 Reference value :  4.28818e-04
 Reference value :  4.30643e-04
 Reference value :  4.30684e-04
 Reference value :  4.31286e-04
 Reference value :  4.36636e-04
 Reference value :  4.57390e-04
 Reference value :  4.63600e-04
 Reference value :  4.63795e-04
 Reference value :  4.75007e-04
 Reference value :  7.45153e-04
 Reference value :  7.93387e-04
 Reference value :  7.93664e-04
 Reference value :  7.93741e-04
 Reference value :  7.99755e-04
 Reference value :  8.09580e-04
 Reference value :  8.09849e-04
 Reference value :  8.10170e-04
 Reference value :  8.29774e-04
 Reference value :  8.65645e-04
 Reference value :  8.65910e-04
 Reference value :  8.65990e-04
 Reference value :  8.72030e-04
 Reference value :  8.81917e-04
 Reference value :  8.82177e-04
 Reference value :  8.82740e-04
 Reference value :  9.04421e-04
 Reference value :  1.39800e-03
 Reference value :  2.10800e-03
 Reference value :  2.81800e-03
 Reference value :  3.60800e-03
 Reference value :  4.28800e-03
 Reference value :  4.97800e-03
 Reference value :  5.69800e-03
 Reference value :  6.41800e-03
 Reference value :  7.12800e-03
 Reference value :  7.80800e-03
 Reference value :  8.49800e-03
 Reference value :  9.17800e-03
 Reference value :  9.88800e-03
 Reference value :  1.05680e-02
 Reference value :  1.12980e-02
 Reference value :  1.20280e-02
 Reference value :  1.22772e-02
 Reference value :  1.23142e-02
 Reference value :  1.23165e-02
 Reference value :  1.23167e-02
 Reference value :  1.23168e-02
 Reference value :  1.23172e-02
 Reference value :  1.23191e-02
 Reference value :  1.23209e-02
 Reference value :  1.23215e-02
 Reference value :  1.23216e-02
 Reference value :  1.23236e-02
 Reference value :  1.23243e-02
 Reference value :  1.23348e-02
 Reference value :  1.26525e-02
 Reference value :  1.32184e-02
 Reference value :  1.32745e-02
 Reference value :  1.32870e-02
 Reference value :  1.32877e-02
 Reference value :  1.32878e-02
 Reference value :  1.32879e-02
 Reference value :  1.32891e-02
 Reference value :  1.32906e-02
 Reference value :  1.32923e-02
 Reference value :  1.32925e-02
 Reference value :  1.32937e-02
 Reference value :  1.32950e-02
 Reference value :  1.32995e-02
 Reference value :  1.34347e-02
 Reference value :  1.41047e-02
 Reference value :  1.47747e-02
 Reference value :  1.54647e-02
 Reference value :  1.61647e-02
 Reference value :  1.69147e-02
 Reference value :  1.76247e-02
 Reference value :  1.83247e-02
 Reference value :  1.90147e-02
 Reference value :  1.97147e-02
 Reference value :  2.03947e-02
 Reference value :  2.10747e-02
 Reference value :  2.17647e-02
 Reference value :  2.24547e-02
 Reference value :  2.31047e-02
 Reference value :  2.37947e-02
 Reference value :  2.44947e-02
 Reference value :  2.51847e-02
 Reference value :  2.58847e-02
 Reference value :  2.65547e-02
 Reference value :  2.72347e-02
 Reference value :  2.79447e-02
 Reference value :  2.86247e-02
 Reference value :  2.92847e-02
 Reference value :  2.99647e-02
 Reference value :  3.06647e-02
 Reference value :  3.13747e-02
No. of Data Rows : 5629
iq_pre              =  -9.71696e-07 from=  1.50000e-03 to=  1.90800e-03
iq_post             =  -8.67161e-06 from=  2.80000e-02 to=  3.00047e-02
trel                =  1.32878e-02
vrst_post           =  3.63000e+00
vdd_post            =  3.63000e+00
vptat_post          =  1.29323e+00
vctat_post          =  6.48571e-01
vtk_post            =  3.00150e+02
vrstr_post          =  3.30000e+00
vptatr_post         =  1.29314e+00
vctatr_post         =  6.48570e-01
m_vptat_v = 1.2932260000e+00
m_vctat_v = 6.4857080000e-01
m_ptat_k_mvk = 4.3085990338e+00
m_terr_untrim_c = -1.692480253e-02
m_terr_supply_c = 1.9262716062e-02
m_vctat_supply_mv = 2.9999999995e-04
m_vout_margin_v = 4.4857080000e-01
m_resetn_released_v = 3.6300000000e+00
m_resetn_ref_released_v = 3.3000000000e+00
m_t_release_ms = 1.3287760000e+01
m_iq_por_ua = 9.7169580000e-01
m_iq_total_ua = 8.6716140000e+00
m_temp_iq_ua = 7.6999182000e+00
Note: Simulation executed from .control section 

Warning: m=xx on .subckt line will override multiplier m hierarchy!

