
Note: Compatibility modes selected: hs a


Circuit: * temp-accuracy-vt @ tt_-40c_3.30v -- generated by sim/harness, do not edit

Doing analysis at TEMP = -40.000000 and TNOM = 27.000000

Using SPARSE 1.3 as Direct Linear Solver

Initial Transient Solution
--------------------------

Node                                   Voltage
----                                   -------
vdd                                          0
ptat                              -7.19776e-68
ctat                              -1.13428e-49
resetn                             3.26566e-63
xdut.xtemp__pg                    -5.14198e-22
xdut.xtemp__nz                    -3.35695e-26
xdut.xbias__nbg                    3.40922e-22
xdut.xbias__pb                    -3.40922e-22
xdut.xbias__n1                    -1.66127e-69
xdut.xbias__n2                    -3.00067e-25
xdut.xbias__pg                    -7.88145e-22
xdut.xbias__ks1                  -4.12152e-107
xdut.xbias__ks2                     1.5166e-85
xdut.xbias__ks3                    5.41489e-64
xdut.xbias__ks4                   -5.06987e-43
xdut.xbias__nkg                   -1.58294e-21
xdut.xbias__nkm                    3.40922e-22
xdut.xbias__nokl                   3.40922e-22
xdut.xbias__noko                   2.27281e-22
xdut.xbias__nokx                             0
xdut.bias_ok                     -2.71638e-194
xdut.xcmp__na                      2.97123e-54
xdut.xcmp__sns                               0
xdut.xcmp__tn                     -2.53597e-54
xdut.xcmp__cmpo                    2.21077e-54
xdut.vref                         7.81199e-178
xdut.xcmp__nbg                    -1.82606e-22
xdut.ibias                        -3.22423e-21
xdut.xcmp__bias_okb              -1.36932e-163
xdut.xcmp__snsb                              0
xdut.xcmp__n1                      9.48076e-67
xdut.por_raw                       3.79912e-76
xdut.xpor__pdn                     9.41199e-87
xdut.xpor__ndl                    -1.90359e-22
xdut.xpor__ndgn                    3.03557e-69
xdut.xpor__ndg                     5.89313e-68
xdut.xpor__pgdg                    3.50655e-42
xdut.xpor__pgdgb                             0
xdut.xpor__tim                     1.60313e-86
xdut.xpor__nd1                    -9.71136e-63
xdut.xpor__trip                   -4.90828e-65
xdut.xpor__rstb                    -1.054e-134
xdut.xpor__nnand                 -2.10782e-134
xdut.xtemp__n1                    -6.71389e-27
xdut.xtemp__n2                    -3.35695e-26
xdut.xtemp__nbg                   -5.91585e-22
xdut.xtemp__enb                              0
xdut.xtemp__pb                    1.00824e-119
xdut.xtemp__pcas                  3.92302e-141
xdut.xtemp__nd                    -1.77592e-64
xdut.xtemp__nr                     1.11388e-73
xdut.xtemp__nt                    -1.34278e-26
xdut.xtemp__t5                    -1.05155e-68
xdut.xtemp__t4                    -5.19362e-69
xdut.xtemp__t3                    -2.52789e-69
xdut.xtemp__t2                    -1.19021e-69
xdut.xtemp__t1                     -5.1667e-70
xdut.xtemp__t0                    -1.75433e-70
xdut.xbias__na                   -3.07395e-190
xdut.xbias__nbtop                 3.61088e-177
xdut.xbias__nt                    -2.04973e-47
xdut.xbias__nb                    3.61088e-177
xdut.xbias__tok                    6.14724e-28
xdut.xcmp__vdda                    2.58947e-55
xdut.xpor__ndgp                   -1.10317e-65
xdut.xpor__nts                    -4.50731e-85
xdut.xtemp__na                    -1.13428e-49
xdut.xtemp__nb                   -3.40504e-149
xdut.xtemp__m1d                    2.76418e-48
xdut.xtemp__m2d                   2.19747e-147
xdut.xtemp__m3d                    1.42768e-60
xdut.xbias__ec                    3.61088e-177
xdut.xbias__er                    7.81204e-178
xdut.xtemp__nc                   -3.40504e-149
xdut.xbias__nz                    -3.00068e-25
xdut.x162.11                     -3.40504e-149
xdut.x162.21                     -3.40504e-149
xdut.xtemp__xr1__1               -3.40504e-149
xdut.x163.11                     -3.40504e-149
xdut.x163.21                     -3.40504e-149
xdut.x164.11                      -1.13428e-49
xdut.x164.21                      -1.13428e-49
xdut.xtemp__xriso__1              -1.13428e-49
xdut.x165.11                      -1.13428e-49
xdut.x165.21                      -1.13428e-49
xdut.x166.11                      -3.35695e-26
xdut.x166.21                      -3.35695e-26
xdut.xtemp__xrz__1                -3.35695e-26
xdut.xtemp__xrz__2                -3.35695e-26
xdut.x167.11                      -3.35695e-26
xdut.x167.21                      -3.35695e-26
xdut.x168.11                      -3.35695e-26
xdut.x168.21                      -3.35695e-26
xdut.xtemp__xrz__3                -3.35695e-26
xdut.xtemp__xrz__4                -3.35695e-26
xdut.x169.11                      -3.35695e-26
xdut.x169.21                      -3.35695e-26
xdut.x170.11                      -3.35695e-26
xdut.x170.21                      -3.35695e-26
xdut.xtemp__xrz__5                -3.35695e-26
xdut.xtemp__xrz__6                -3.35695e-26
xdut.x171.11                      -3.35695e-26
xdut.x171.21                      -3.35695e-26
xdut.x172.11                      -3.35695e-26
xdut.x172.21                      -3.35695e-26
xdut.xtemp__xrz__7                -3.35695e-26
xdut.xtemp__xrz__8                -3.35695e-26
xdut.x173.11                      -3.35695e-26
xdut.x173.21                      -3.35695e-26
xdut.x174.11                      -3.35695e-26
xdut.x174.21                      -3.35695e-26
xdut.xtemp__xrz__9                -3.35695e-26
xdut.x175.11                      -3.35695e-26
xdut.x175.21                      -3.35695e-26
xdut.x176.11                      -7.19733e-68
xdut.x176.21                       -6.9421e-68
xdut.xtemp__xr2f__1               -6.94167e-68
xdut.xtemp__xr2f__2               -6.68558e-68
xdut.x177.11                      -6.68601e-68
xdut.x177.21                      -6.94124e-68
xdut.x178.11                      -6.68515e-68
xdut.x178.21                      -6.42992e-68
xdut.xtemp__xr2f__3               -6.42949e-68
xdut.xtemp__xr2f__4                -6.1734e-68
xdut.x179.11                      -6.17383e-68
xdut.x179.21                      -6.42906e-68
xdut.x180.11                      -6.17296e-68
xdut.x180.21                      -5.91773e-68
xdut.xtemp__xr2f__5                -5.9173e-68
xdut.xtemp__xr2f__6               -5.66121e-68
xdut.x181.11                      -5.66164e-68
xdut.x181.21                      -5.91687e-68
xdut.x182.11                      -5.66078e-68
xdut.x182.21                      -5.40555e-68
xdut.xtemp__xr2f__7               -5.40512e-68
xdut.xtemp__xr2f__8               -5.14903e-68
xdut.x183.11                      -5.14946e-68
xdut.x183.21                      -5.40469e-68
xdut.x184.11                      -5.14859e-68
xdut.x184.21                      -4.89336e-68
xdut.xtemp__xr2f__9               -4.89293e-68
xdut.xtemp__xr2f__10              -4.63684e-68
xdut.x185.11                      -4.63727e-68
xdut.x185.21                       -4.8925e-68
xdut.x186.11                      -4.63641e-68
xdut.x186.21                      -4.38118e-68
xdut.xtemp__xr2f__11              -4.38075e-68
xdut.xtemp__xr2f__12              -4.12466e-68
xdut.x187.11                      -4.12509e-68
xdut.x187.21                      -4.38032e-68
xdut.x188.11                      -4.12422e-68
xdut.x188.21                      -3.86899e-68
xdut.xtemp__xr2f__13              -3.86856e-68
xdut.xtemp__xr2f__14              -3.61247e-68
xdut.x189.11                       -3.6129e-68
xdut.x189.21                      -3.86813e-68
xdut.x190.11                      -3.61204e-68
xdut.x190.21                      -3.35681e-68
xdut.xtemp__xr2f__15              -3.35638e-68
xdut.xtemp__xr2f__16              -3.10029e-68
xdut.x191.11                      -3.10072e-68
xdut.x191.21                      -3.35595e-68
xdut.x192.11                      -3.09985e-68
xdut.x192.21                      -2.84462e-68
xdut.xtemp__xr2f__17              -2.84419e-68
xdut.xtemp__xr2f__18               -2.5881e-68
xdut.x193.11                      -2.58853e-68
xdut.x193.21                      -2.84376e-68
xdut.x194.11                      -2.58767e-68
xdut.x194.21                      -2.33244e-68
xdut.xtemp__xr2f__19              -2.33201e-68
xdut.xtemp__xr2f__20              -2.07592e-68
xdut.x195.11                      -2.07635e-68
xdut.x195.21                      -2.33158e-68
xdut.x196.11                      -2.07548e-68
xdut.x196.21                      -1.82025e-68
xdut.xtemp__xr2f__21              -1.81982e-68
xdut.xtemp__xr2f__22              -1.56373e-68
xdut.x197.11                      -1.56416e-68
xdut.x197.21                      -1.81939e-68
xdut.x198.11                       -1.5633e-68
xdut.x198.21                      -1.30807e-68
xdut.xtemp__xr2f__23              -1.30764e-68
xdut.x199.11                      -1.05198e-68
xdut.x199.21                      -1.30721e-68
xdut.x200.11                      -1.05111e-68
xdut.x200.21                      -7.85885e-69
xdut.xtemp__xr2t5__1              -7.85454e-69
xdut.x201.11                      -5.19793e-69
xdut.x201.21                      -7.85023e-69
xdut.x202.11                      -5.18931e-69
xdut.x202.21                      -3.86507e-69
xdut.xtemp__xr2t4__1              -3.86075e-69
xdut.x203.11                       -2.5322e-69
xdut.x203.21                      -3.85644e-69
xdut.x204.11                      -2.52357e-69
xdut.x204.21                      -1.86336e-69
xdut.xtemp__xr2t3__1              -1.85905e-69
xdut.x205.11                      -1.19452e-69
xdut.x205.21                      -1.85473e-69
xdut.x206.11                       -1.1859e-69
xdut.x206.21                      -8.57751e-70
xdut.xtemp__xr2t2__1              -8.53439e-70
xdut.x207.11                      -5.20982e-70
xdut.x207.21                      -8.49126e-70
xdut.x208.11                      -5.12357e-70
xdut.x208.21                      -3.50364e-70
xdut.xtemp__xr2t1__1              -3.46051e-70
xdut.x209.11                      -1.79745e-70
xdut.x209.21                      -3.41738e-70
xdut.x210.11                       -1.7112e-70
xdut.x210.21                       -9.2029e-71
xdut.xtemp__xr2t0__1              -8.77163e-71
xdut.x211.11                       -4.3127e-72
xdut.x211.21                      -8.34036e-71
xdut.x212.11                                 0
xdut.x212.21                                 0
xdut.x213.11                                 0
xdut.x213.21                                 0
xdut.x214.11                                 0
xdut.x214.21                                 0
xdut.x215.11                      7.81199e-178
xdut.x215.21                      7.81199e-178
xdut.xbias__xr2__1                7.81199e-178
xdut.xbias__xr2__2                  7.812e-178
xdut.x216.11                        7.812e-178
xdut.x216.21                      7.81199e-178
xdut.x217.11                        7.812e-178
xdut.x217.21                        7.812e-178
xdut.xbias__xr2__3                  7.812e-178
xdut.xbias__xr2__4                  7.812e-178
xdut.x218.11                        7.812e-178
xdut.x218.21                        7.812e-178
xdut.x219.11                        7.812e-178
xdut.x219.21                      7.81201e-178
xdut.xbias__xr2__5                7.81201e-178
xdut.xbias__xr2__6                7.81201e-178
xdut.x220.11                      7.81201e-178
xdut.x220.21                      7.81201e-178
xdut.x221.11                      7.81201e-178
xdut.x221.21                      7.81201e-178
xdut.xbias__xr2__7                7.81201e-178
xdut.xbias__xr2__8                7.81202e-178
xdut.x222.11                      7.81202e-178
xdut.x222.21                      7.81201e-178
xdut.x223.11                      7.81202e-178
xdut.x223.21                      7.81202e-178
xdut.xbias__xr2__9                7.81202e-178
xdut.xbias__xr2__10               7.81202e-178
xdut.x224.11                      7.81202e-178
xdut.x224.21                      7.81202e-178
xdut.x225.11                      7.81202e-178
xdut.x225.21                      7.81203e-178
xdut.xbias__xr2__11               7.81203e-178
xdut.xbias__xr2__12               7.81203e-178
xdut.x226.11                      7.81203e-178
xdut.x226.21                      7.81203e-178
xdut.x227.11                      7.81203e-178
xdut.x227.21                      7.81203e-178
xdut.xbias__xr2__13               7.81203e-178
xdut.xbias__xr2__14               7.81204e-178
xdut.x228.11                      7.81204e-178
xdut.x228.21                      7.81203e-178
xdut.x229.11                      7.81204e-178
xdut.x229.21                      7.81204e-178
xdut.xbias__xr2__15               7.81204e-178
xdut.x230.11                      7.81204e-178
xdut.x230.21                      7.81204e-178
xdut.x231.11                      -3.00068e-25
xdut.x231.21                      -3.00068e-25
xdut.xbias__xrz__1                -3.00068e-25
xdut.xbias__xrz__2                -3.00068e-25
xdut.x232.11                      -3.00068e-25
xdut.x232.21                      -3.00068e-25
xdut.x233.11                      -3.00068e-25
xdut.x233.21                      -3.00067e-25
xdut.xbias__xrz__3                -3.00067e-25
xdut.x234.11                      -3.00067e-25
xdut.x234.21                      -3.00067e-25
xdut.x235.11                      3.61088e-177
xdut.x235.21                      3.61088e-177
xdut.xbias__xr1__1                3.61088e-177
xdut.x236.11                      3.61088e-177
xdut.x236.21                      3.61088e-177
xdut.x237.11                      3.61088e-177
xdut.x237.21                      3.61088e-177
xdut.xbias__xrt__1                3.61088e-177
xdut.x238.11                      3.61088e-177
xdut.x238.21                      3.61088e-177
xdut.xbias__nt__par               -2.04973e-47
xdut.xtemp__xrz__2__par           -3.35695e-26
xdut.xtemp__xrz__4__par           -3.35695e-26
xdut.xtemp__xrz__6__par           -3.35695e-26
xdut.xtemp__xrz__8__par           -3.35695e-26
xdut.xbias__n1__par               -1.66127e-69
xdut.xtemp__xr2f__2__par          -6.68558e-68
xdut.xtemp__xr2f__4__par           -6.1734e-68
xdut.xtemp__xr2f__6__par          -5.66121e-68
xdut.xtemp__xr2f__8__par          -5.14903e-68
xdut.xtemp__xr2f__10__par         -4.63684e-68
xdut.xtemp__xr2f__12__par         -4.12466e-68
xdut.xtemp__xr2f__14__par         -3.61247e-68
xdut.xtemp__xr2f__16__par         -3.10029e-68
xdut.xtemp__xr2f__18__par          -2.5881e-68
xdut.xtemp__xr2f__20__par         -2.07592e-68
xdut.xbias__n2__par               -3.00067e-25
xdut.xtemp__xr2f__22__par         -1.56373e-68
xdut.xtemp__xr2t0__1__par         -8.77163e-71
xdut.xtemp__xr2t1__1__par         -3.46051e-70
xdut.xbias__tok__par               6.14724e-28
xdut.xtemp__xr2t2__1__par         -8.53439e-70
xdut.xtemp__xr2t3__1__par         -1.85905e-69
xdut.xbias__noko__par              2.27281e-22
xdut.xtemp__xriso__1__par         -1.13428e-49
xdut.xtemp__xr2t4__1__par         -3.86075e-69
xdut.xtemp__xr1__1__par          -3.40504e-149
xdut.xtemp__xrz__1__par           -3.35695e-26
xdut.xtemp__xrz__3__par           -3.35695e-26
xdut.xtemp__xrz__5__par           -3.35695e-26
xdut.xbias__nokl__par              3.40922e-22
xdut.xtemp__xrz__7__par           -3.35695e-26
xdut.xtemp__xrz__9__par           -3.35695e-26
xdut.xtemp__xr2f__1__par          -6.94167e-68
xdut.xtemp__xr2f__3__par          -6.42949e-68
xdut.xtemp__xr2f__5__par           -5.9173e-68
xdut.xtemp__xr2f__7__par          -5.40512e-68
xdut.xtemp__xr2f__9__par          -4.89293e-68
xdut.xtemp__xr2f__11__par         -4.38075e-68
xdut.xtemp__xr2f__13__par         -3.86856e-68
xdut.xtemp__xr2f__15__par         -3.35638e-68
xdut.xbias__nkg__par              -1.58294e-21
xdut.xtemp__xr2f__17__par         -2.84419e-68
xdut.xtemp__xr2f__19__par         -2.33201e-68
xdut.xtemp__xr2f__21__par         -1.81982e-68
xdut.xtemp__xr2f__23__par         -1.30764e-68
xdut.xtemp__xr2t5__1__par         -7.85454e-69
xdut.xbias__nb__par               3.61088e-177
xdut.xcmp__vdda__par               2.58947e-55
xdut.xcmp__na__par                 2.97123e-54
xdut.xcmp__cmpo__par               2.21077e-54
xdut.xcmp__n1__par                 9.48076e-67
xdut.xcmp__tn__par                -2.53597e-54
xdut.xcmp__sns__par                          0
xdut.xcmp__nbg__par               -1.82606e-22
xdut.xcmp__snsb__par                         0
xdut.xpor__pdn__par                9.41199e-87
xdut.xpor__ndl__par               -1.90359e-22
xdut.xpor__ndgn__par               3.03557e-69
xdut.xpor__pgdg__par               3.50655e-42
xdut.xpor__pgdgb__par                        0
xdut.xpor__nd1__par               -9.71136e-63
xdut.xpor__nnand__par            -2.10782e-134
xdut.xpor__ndgp__par              -1.10317e-65
xdut.xpor__nts__par               -4.50731e-85
xdut.xpor__rstb__par               -1.054e-134
xdut.xbias__nkm__par               3.40922e-22
xdut.xbias__nokx__par                        0
xdut.xbias__ks1__par             -4.12152e-107
xdut.xbias__ks2__par                1.5166e-85
xdut.xbias__ks3__par               5.41489e-64
xdut.xbias__ks4__par              -5.06987e-43
xdut.xbias__ec__par               3.61088e-177
xdut.xbias__nz__par               -3.00068e-25
xdut.xpor__ndg__par                5.89313e-68
xdut.xpor__tim__par                1.60313e-86
xdut.xpor__trip__par              -4.90828e-65
xdut.xbias__xr2__2__par             7.812e-178
xdut.xbias__xr2__4__par             7.812e-178
xdut.xbias__xr2__6__par           7.81201e-178
xdut.xbias__xr2__8__par           7.81202e-178
xdut.xbias__xr2__10__par          7.81202e-178
xdut.xbias__xr2__12__par          7.81203e-178
xdut.xbias__pg__par               -7.88145e-22
xdut.xbias__xr2__14__par          7.81204e-178
xdut.xbias__xrz__2__par           -3.00068e-25
xdut.xbias__xrt__1__par           3.61088e-177
xdut.xbias__na__par              -3.07395e-190
xdut.xbias__er__par               7.81204e-178
xdut.xbias__nbtop__par            3.61088e-177
xdut.xbias__nbg__par               3.40922e-22
xdut.xbias__xrz__1__par           -3.00068e-25
xdut.xbias__xrz__3__par           -3.00067e-25
xdut.xbias__xr1__1__par           3.61088e-177
xdut.xbias__xr2__13__par          7.81203e-178
xdut.xbias__xr2__11__par          7.81203e-178
xdut.xbias__xr2__1__par           7.81199e-178
xdut.xbias__xr2__3__par             7.812e-178
xdut.xbias__xr2__5__par           7.81201e-178
xdut.xbias__xr2__7__par           7.81201e-178
xdut.xbias__xr2__9__par           7.81202e-178
xdut.xbias__pb__par               -3.40922e-22
xdut.xbias__xr2__15__par          7.81204e-178
xdut.bias_ok__par                -2.71638e-194
xdut.xcmp__bias_okb__par         -1.36932e-163
xdut.ctat__par                    -1.13428e-49
xdut.resetn__par                   3.26566e-63
xdut.xtemp__enb__par                         0
xdut.ibias__par                   -3.22423e-21
xdut.xtemp__m1d__par               2.76418e-48
xdut.xtemp__m2d__par              2.19747e-147
xdut.xtemp__m3d__par               1.42768e-60
xdut.xtemp__n1__par               -6.71389e-27
xdut.xtemp__n2__par               -3.35695e-26
xdut.xtemp__na__par               -1.13428e-49
xdut.xtemp__nb__par              -3.40504e-149
xdut.xtemp__nbg__par              -5.91585e-22
xdut.xtemp__nc__par              -3.40504e-149
xdut.xtemp__nd__par               -1.77592e-64
xdut.xtemp__nr__par                1.11388e-73
xdut.xtemp__nt__par               -1.34278e-26
xdut.xtemp__nz__par               -3.35695e-26
xdut.xtemp__pb__par               1.00824e-119
xdut.xtemp__pcas__par             3.92302e-141
xdut.xtemp__pg__par               -5.14198e-22
xdut.por_raw__par                  3.79912e-76
xdut.ptat__par                    -7.19776e-68
xdut.xtemp__t0__par               -1.75433e-70
xdut.xtemp__t1__par                -5.1667e-70
xdut.xtemp__t2__par               -1.19021e-69
xdut.xtemp__t3__par               -2.52789e-69
xdut.xtemp__t4__par               -5.19362e-69
xdut.xtemp__t5__par               -1.05155e-68
xdut.vdd__par                                0
xdut.vref__par                    7.81199e-178
xdut.vss__par                                0
vddr                                         0
ptatr                            -6.04542e-119
ctatr                              7.62067e-50
resetnr                                      0
xdutr.xtemp__pg                    5.14198e-22
xdutr.xtemp__nz                    3.35693e-26
xdutr.xbias__nbg                   3.40922e-22
xdutr.xbias__pb                   -3.40922e-22
xdutr.xbias__n1                    -5.1239e-69
xdutr.xbias__n2                   -3.00072e-25
xdutr.xbias__pg                   -7.88145e-22
xdutr.xbias__ks1                 -4.12152e-107
xdutr.xbias__ks2                    1.5166e-85
xdutr.xbias__ks3                   5.41489e-64
xdutr.xbias__ks4                  -5.06987e-43
xdutr.xbias__nkg                  -1.58294e-21
xdutr.xbias__nkm                   3.40922e-22
xdutr.xbias__nokl                  3.40922e-22
xdutr.xbias__noko                  2.27281e-22
xdutr.xbias__nokx                            0
xdutr.bias_ok                    -2.72632e-194
xdutr.xcmp__na                    -1.13408e-62
xdutr.xcmp__sns                              0
xdutr.xcmp__tn                     9.57742e-63
xdutr.xcmp__cmpo                  -7.95403e-63
xdutr.vref                       -3.34544e-177
xdutr.xcmp__nbg                   -1.00758e-42
xdutr.ibias                        2.23358e-22
xdutr.xcmp__bias_okb             -1.07492e-163
xdutr.xcmp__snsb                             0
xdutr.xcmp__n1                               0
xdutr.por_raw                      4.76066e-84
xdutr.xpor__pdn                    -3.2207e-82
xdutr.xpor__ndl                   -1.90359e-22
xdutr.xpor__ndgn                  -2.60443e-65
xdutr.xpor__ndg                   -5.23074e-64
xdutr.xpor__pgdg                  -8.73801e-38
xdutr.xpor__pgdgb                            0
xdutr.xpor__tim                   -1.39354e-87
xdutr.xpor__nd1                    2.16364e-76
xdutr.xpor__trip                   2.89699e-80
xdutr.xpor__rstb                   1.46989e-44
xdutr.xpor__nnand                 -2.93247e-44
xdutr.xtemp__n1                    6.71386e-27
xdutr.xtemp__n2                    3.35693e-26
xdutr.xtemp__nbg                  -1.00758e-42
xdutr.xtemp__enb                  -5.44962e-75
xdutr.xtemp__pb                   4.59543e-121
xdutr.xtemp__pcas                 8.12057e-142
xdutr.xtemp__nd                   -8.52487e-65
xdutr.xtemp__nr                    1.04643e-73
xdutr.xtemp__nt                    1.34277e-26
xdutr.xtemp__t5                  -8.83196e-120
xdutr.xtemp__t4                  -4.36214e-120
xdutr.xtemp__t3                  -2.12318e-120
xdutr.xtemp__t2                  -9.99659e-121
xdutr.xtemp__t1                  -4.33952e-121
xdutr.xtemp__t0                  -1.47346e-121
xdutr.xbias__na                   1.72133e-189
xdutr.xbias__nbtop                3.09733e-177
xdutr.xbias__nt                   -5.22489e-47
xdutr.xbias__nb                   3.09733e-177
xdutr.xbias__tok                   6.14724e-28
xdutr.xcmp__vdda                   2.38908e-64
xdutr.xpor__ndgp                   9.39204e-62
xdutr.xpor__nts                    -1.1868e-85
xdutr.xtemp__na                    7.62067e-50
xdutr.xtemp__nb                  -5.45841e-149
xdutr.xtemp__m1d                  -2.05342e-48
xdutr.xtemp__m2d                  3.52251e-147
xdutr.xtemp__m3d                  1.19911e-111
xdutr.xbias__ec                   3.09733e-177
xdutr.xbias__er                  -3.34547e-177
xdutr.xtemp__nc                  -5.45841e-149
xdutr.xbias__nz                   -3.00073e-25
xdutr.x162.11                    -5.45841e-149
xdutr.x162.21                    -5.45841e-149
xdutr.xtemp__xr1__1              -5.45841e-149
xdutr.x163.11                    -5.45841e-149
xdutr.x163.21                    -5.45841e-149
xdutr.x164.11                      7.62067e-50
xdutr.x164.21                      7.62067e-50
xdutr.xtemp__xriso__1              7.62067e-50
xdutr.x165.11                      7.62067e-50
xdutr.x165.21                      7.62067e-50
xdutr.x166.11                      3.35693e-26
xdutr.x166.21                      3.35693e-26
xdutr.xtemp__xrz__1                3.35693e-26
xdutr.xtemp__xrz__2                3.35693e-26
xdutr.x167.11                      3.35693e-26
xdutr.x167.21                      3.35693e-26
xdutr.x168.11                      3.35693e-26
xdutr.x168.21                      3.35693e-26
xdutr.xtemp__xrz__3                3.35693e-26
xdutr.xtemp__xrz__4                3.35693e-26
xdutr.x169.11                      3.35693e-26
xdutr.x169.21                      3.35693e-26
xdutr.x170.11                      3.35693e-26
xdutr.x170.21                      3.35693e-26
xdutr.xtemp__xrz__5                3.35693e-26
xdutr.xtemp__xrz__6                3.35693e-26
xdutr.x171.11                      3.35693e-26
xdutr.x171.21                      3.35693e-26
xdutr.x172.11                      3.35693e-26
xdutr.x172.21                      3.35693e-26
xdutr.xtemp__xrz__7                3.35693e-26
xdutr.xtemp__xrz__8                3.35693e-26
xdutr.x173.11                      3.35693e-26
xdutr.x173.21                      3.35693e-26
xdutr.x174.11                      3.35693e-26
xdutr.x174.21                      3.35693e-26
xdutr.xtemp__xrz__9                3.35693e-26
xdutr.x175.11                      3.35693e-26
xdutr.x175.21                      3.35693e-26
xdutr.x176.11                    -6.04506e-119
xdutr.x176.21                    -5.83069e-119
xdutr.xtemp__xr2f__1             -5.83033e-119
xdutr.xtemp__xr2f__2             -5.61524e-119
xdutr.x177.11                     -5.6156e-119
xdutr.x177.21                    -5.82997e-119
xdutr.x178.11                    -5.61488e-119
xdutr.x178.21                    -5.40051e-119
xdutr.xtemp__xr2f__3             -5.40014e-119
xdutr.xtemp__xr2f__4             -5.18505e-119
xdutr.x179.11                    -5.18541e-119
xdutr.x179.21                    -5.39978e-119
xdutr.x180.11                    -5.18469e-119
xdutr.x180.21                    -4.97032e-119
xdutr.xtemp__xr2f__5             -4.96996e-119
xdutr.xtemp__xr2f__6             -4.75487e-119
xdutr.x181.11                    -4.75523e-119
xdutr.x181.21                     -4.9696e-119
xdutr.x182.11                     -4.7545e-119
xdutr.x182.21                    -4.54014e-119
xdutr.xtemp__xr2f__7             -4.53977e-119
xdutr.xtemp__xr2f__8             -4.32468e-119
xdutr.x183.11                    -4.32504e-119
xdutr.x183.21                    -4.53941e-119
xdutr.x184.11                    -4.32432e-119
xdutr.x184.21                    -4.10995e-119
xdutr.xtemp__xr2f__9             -4.10959e-119
xdutr.xtemp__xr2f__10             -3.8945e-119
xdutr.x185.11                    -3.89486e-119
xdutr.x185.21                    -4.10923e-119
xdutr.x186.11                    -3.89413e-119
xdutr.x186.21                    -3.67976e-119
xdutr.xtemp__xr2f__11             -3.6794e-119
xdutr.xtemp__xr2f__12            -3.46431e-119
xdutr.x187.11                    -3.46467e-119
xdutr.x187.21                    -3.67904e-119
xdutr.x188.11                    -3.46395e-119
xdutr.x188.21                    -3.24958e-119
xdutr.xtemp__xr2f__13            -3.24922e-119
xdutr.xtemp__xr2f__14            -3.03412e-119
xdutr.x189.11                    -3.03449e-119
xdutr.x189.21                    -3.24885e-119
xdutr.x190.11                    -3.03376e-119
xdutr.x190.21                    -2.81939e-119
xdutr.xtemp__xr2f__15            -2.81903e-119
xdutr.xtemp__xr2f__16            -2.60394e-119
xdutr.x191.11                     -2.6043e-119
xdutr.x191.21                    -2.81867e-119
xdutr.x192.11                    -2.60358e-119
xdutr.x192.21                    -2.38921e-119
xdutr.xtemp__xr2f__17            -2.38885e-119
xdutr.xtemp__xr2f__18            -2.17375e-119
xdutr.x193.11                    -2.17412e-119
xdutr.x193.21                    -2.38848e-119
xdutr.x194.11                    -2.17339e-119
xdutr.x194.21                    -1.95902e-119
xdutr.xtemp__xr2f__19            -1.95866e-119
xdutr.xtemp__xr2f__20            -1.74357e-119
xdutr.x195.11                    -1.74393e-119
xdutr.x195.21                     -1.9583e-119
xdutr.x196.11                    -1.74321e-119
xdutr.x196.21                    -1.52884e-119
xdutr.xtemp__xr2f__21            -1.52847e-119
xdutr.xtemp__xr2f__22            -1.31338e-119
xdutr.x197.11                    -1.31374e-119
xdutr.x197.21                    -1.52811e-119
xdutr.x198.11                    -1.31302e-119
xdutr.x198.21                    -1.09865e-119
xdutr.xtemp__xr2f__23            -1.09829e-119
xdutr.x199.11                    -8.83559e-120
xdutr.x199.21                    -1.09793e-119
xdutr.x200.11                    -8.82834e-120
xdutr.x200.21                    -6.60067e-120
xdutr.xtemp__xr2t5__1            -6.59705e-120
xdutr.x201.11                    -4.36576e-120
xdutr.x201.21                    -6.59343e-120
xdutr.x202.11                    -4.35851e-120
xdutr.x202.21                    -3.24628e-120
xdutr.xtemp__xr2t4__1            -3.24266e-120
xdutr.x203.11                     -2.1268e-120
xdutr.x203.21                    -3.23904e-120
xdutr.x204.11                    -2.11956e-120
xdutr.x204.21                    -1.56504e-120
xdutr.xtemp__xr2t3__1            -1.56142e-120
xdutr.x205.11                    -1.00328e-120
xdutr.x205.21                     -1.5578e-120
xdutr.x206.11                    -9.96037e-121
xdutr.x206.21                    -7.20428e-121
xdutr.xtemp__xr2t2__1            -7.16806e-121
xdutr.x207.11                    -4.37574e-121
xdutr.x207.21                    -7.13183e-121
xdutr.x208.11                     -4.3033e-121
xdutr.x208.21                    -2.94272e-121
xdutr.xtemp__xr2t1__1            -2.90649e-121
xdutr.x209.11                    -1.50969e-121
xdutr.x209.21                    -2.87027e-121
xdutr.x210.11                    -1.43724e-121
xdutr.x210.21                    -7.72954e-122
xdutr.xtemp__xr2t0__1            -7.36732e-122
xdutr.x211.11                    -3.62225e-123
xdutr.x211.21                    -7.00509e-122
xdutr.x212.11                                0
xdutr.x212.21                                0
xdutr.x213.11                                0
xdutr.x213.21                                0
xdutr.x214.11                                0
xdutr.x214.21                                0
xdutr.x215.11                    -3.34544e-177
xdutr.x215.21                    -3.34545e-177
xdutr.xbias__xr2__1              -3.34545e-177
xdutr.xbias__xr2__2              -3.34545e-177
xdutr.x216.11                    -3.34545e-177
xdutr.x216.21                    -3.34545e-177
xdutr.x217.11                    -3.34545e-177
xdutr.x217.21                    -3.34545e-177
xdutr.xbias__xr2__3              -3.34545e-177
xdutr.xbias__xr2__4              -3.34545e-177
xdutr.x218.11                    -3.34545e-177
xdutr.x218.21                    -3.34545e-177
xdutr.x219.11                    -3.34545e-177
xdutr.x219.21                    -3.34545e-177
xdutr.xbias__xr2__5              -3.34545e-177
xdutr.xbias__xr2__6              -3.34545e-177
xdutr.x220.11                    -3.34545e-177
xdutr.x220.21                    -3.34545e-177
xdutr.x221.11                    -3.34545e-177
xdutr.x221.21                    -3.34545e-177
xdutr.xbias__xr2__7              -3.34545e-177
xdutr.xbias__xr2__8              -3.34546e-177
xdutr.x222.11                    -3.34546e-177
xdutr.x222.21                    -3.34545e-177
xdutr.x223.11                    -3.34546e-177
xdutr.x223.21                    -3.34546e-177
xdutr.xbias__xr2__9              -3.34546e-177
xdutr.xbias__xr2__10             -3.34546e-177
xdutr.x224.11                    -3.34546e-177
xdutr.x224.21                    -3.34546e-177
xdutr.x225.11                    -3.34546e-177
xdutr.x225.21                    -3.34546e-177
xdutr.xbias__xr2__11             -3.34546e-177
xdutr.xbias__xr2__12             -3.34546e-177
xdutr.x226.11                    -3.34546e-177
xdutr.x226.21                    -3.34546e-177
xdutr.x227.11                    -3.34546e-177
xdutr.x227.21                    -3.34546e-177
xdutr.xbias__xr2__13             -3.34546e-177
xdutr.xbias__xr2__14             -3.34546e-177
xdutr.x228.11                    -3.34546e-177
xdutr.x228.21                    -3.34546e-177
xdutr.x229.11                    -3.34546e-177
xdutr.x229.21                    -3.34547e-177
xdutr.xbias__xr2__15             -3.34547e-177
xdutr.x230.11                    -3.34547e-177
xdutr.x230.21                    -3.34547e-177
xdutr.x231.11                     -3.00073e-25
xdutr.x231.21                     -3.00073e-25
xdutr.xbias__xrz__1               -3.00073e-25
xdutr.xbias__xrz__2               -3.00072e-25
xdutr.x232.11                     -3.00072e-25
xdutr.x232.21                     -3.00073e-25
xdutr.x233.11                     -3.00072e-25
xdutr.x233.21                     -3.00072e-25
xdutr.xbias__xrz__3               -3.00072e-25
xdutr.x234.11                     -3.00072e-25
xdutr.x234.21                     -3.00072e-25
xdutr.x235.11                     3.09733e-177
xdutr.x235.21                     3.09733e-177
xdutr.xbias__xr1__1               3.09733e-177
xdutr.x236.11                     3.09733e-177
xdutr.x236.21                     3.09733e-177
xdutr.x237.11                     3.09733e-177
xdutr.x237.21                     3.09733e-177
xdutr.xbias__xrt__1               3.09733e-177
xdutr.x238.11                     3.09733e-177
xdutr.x238.21                     3.09733e-177
xdutr.xbias__nt__par              -5.22489e-47
xdutr.xtemp__xrz__2__par           3.35693e-26
xdutr.xtemp__xrz__4__par           3.35693e-26
xdutr.xtemp__xrz__6__par           3.35693e-26
xdutr.xtemp__xrz__8__par           3.35693e-26
xdutr.xbias__n1__par               -5.1239e-69
xdutr.xtemp__xr2f__2__par        -5.61524e-119
xdutr.xtemp__xr2f__4__par        -5.18505e-119
xdutr.xtemp__xr2f__6__par        -4.75487e-119
xdutr.xtemp__xr2f__8__par        -4.32468e-119
xdutr.xtemp__xr2f__10__par        -3.8945e-119
xdutr.xtemp__xr2f__12__par       -3.46431e-119
xdutr.xtemp__xr2f__14__par       -3.03412e-119
xdutr.xtemp__xr2f__16__par       -2.60394e-119
xdutr.xtemp__xr2f__18__par       -2.17375e-119
xdutr.xtemp__xr2f__20__par       -1.74357e-119
xdutr.xbias__n2__par              -3.00072e-25
xdutr.xtemp__xr2f__22__par       -1.31338e-119
xdutr.xtemp__xr2t0__1__par       -7.36732e-122
xdutr.xtemp__xr2t1__1__par       -2.90649e-121
xdutr.xbias__tok__par              6.14724e-28
xdutr.xtemp__xr2t2__1__par       -7.16806e-121
xdutr.xtemp__xr2t3__1__par       -1.56142e-120
xdutr.xbias__noko__par             2.27281e-22
xdutr.xtemp__xriso__1__par         7.62067e-50
xdutr.xtemp__xr2t4__1__par       -3.24266e-120
xdutr.xtemp__xr1__1__par         -5.45841e-149
xdutr.xtemp__xrz__1__par           3.35693e-26
xdutr.xtemp__xrz__3__par           3.35693e-26
xdutr.xtemp__xrz__5__par           3.35693e-26
xdutr.xbias__nokl__par             3.40922e-22
xdutr.xtemp__xrz__7__par           3.35693e-26
xdutr.xtemp__xrz__9__par           3.35693e-26
xdutr.xtemp__xr2f__1__par        -5.83033e-119
xdutr.xtemp__xr2f__3__par        -5.40014e-119
xdutr.xtemp__xr2f__5__par        -4.96996e-119
xdutr.xtemp__xr2f__7__par        -4.53977e-119
xdutr.xtemp__xr2f__9__par        -4.10959e-119
xdutr.xtemp__xr2f__11__par        -3.6794e-119
xdutr.xtemp__xr2f__13__par       -3.24922e-119
xdutr.xtemp__xr2f__15__par       -2.81903e-119
xdutr.xbias__nkg__par             -1.58294e-21
xdutr.xtemp__xr2f__17__par       -2.38885e-119
xdutr.xtemp__xr2f__19__par       -1.95866e-119
xdutr.xtemp__xr2f__21__par       -1.52847e-119
xdutr.xtemp__xr2f__23__par       -1.09829e-119
xdutr.xtemp__xr2t5__1__par       -6.59705e-120
xdutr.xbias__nb__par              3.09733e-177
xdutr.xcmp__vdda__par              2.38908e-64
xdutr.xcmp__na__par               -1.13408e-62
xdutr.xcmp__cmpo__par             -7.95403e-63
xdutr.xcmp__n1__par                          0
xdutr.xcmp__tn__par                9.57742e-63
xdutr.xcmp__sns__par                         0
xdutr.xcmp__nbg__par              -1.00758e-42
xdutr.xcmp__snsb__par                        0
xdutr.xpor__pdn__par               -3.2207e-82
xdutr.xpor__ndl__par              -1.90359e-22
xdutr.xpor__ndgn__par             -2.60443e-65
xdutr.xpor__pgdg__par             -8.73801e-38
xdutr.xpor__pgdgb__par                       0
xdutr.xpor__nd1__par               2.16364e-76
xdutr.xpor__nnand__par            -2.93247e-44
xdutr.xpor__ndgp__par              9.39204e-62
xdutr.xpor__nts__par               -1.1868e-85
xdutr.xpor__rstb__par              1.46989e-44
xdutr.xbias__nkm__par              3.40922e-22
xdutr.xbias__nokx__par                       0
xdutr.xbias__ks1__par            -4.12152e-107
xdutr.xbias__ks2__par               1.5166e-85
xdutr.xbias__ks3__par              5.41489e-64
xdutr.xbias__ks4__par             -5.06987e-43
xdutr.xbias__ec__par              3.09733e-177
xdutr.xbias__nz__par              -3.00073e-25
xdutr.xpor__ndg__par              -5.23074e-64
xdutr.xpor__tim__par              -1.39354e-87
xdutr.xpor__trip__par              2.89699e-80
xdutr.xbias__xr2__2__par         -3.34545e-177
xdutr.xbias__xr2__4__par         -3.34545e-177
xdutr.xbias__xr2__6__par         -3.34545e-177
xdutr.xbias__xr2__8__par         -3.34546e-177
xdutr.xbias__xr2__10__par        -3.34546e-177
xdutr.xbias__xr2__12__par        -3.34546e-177
xdutr.xbias__pg__par              -7.88145e-22
xdutr.xbias__xr2__14__par        -3.34546e-177
xdutr.xbias__xrz__2__par          -3.00072e-25
xdutr.xbias__xrt__1__par          3.09733e-177
xdutr.xbias__na__par              1.72133e-189
xdutr.xbias__er__par             -3.34547e-177
xdutr.xbias__nbtop__par           3.09733e-177
xdutr.xbias__nbg__par              3.40922e-22
xdutr.xbias__xrz__1__par          -3.00073e-25
xdutr.xbias__xrz__3__par          -3.00072e-25
xdutr.xbias__xr1__1__par          3.09733e-177
xdutr.xbias__xr2__13__par        -3.34546e-177
xdutr.xbias__xr2__11__par        -3.34546e-177
xdutr.xbias__xr2__1__par         -3.34545e-177
xdutr.xbias__xr2__3__par         -3.34545e-177
xdutr.xbias__xr2__5__par         -3.34545e-177
xdutr.xbias__xr2__7__par         -3.34545e-177
xdutr.xbias__xr2__9__par         -3.34546e-177
xdutr.xbias__pb__par              -3.40922e-22
xdutr.xbias__xr2__15__par        -3.34547e-177
xdutr.bias_ok__par               -2.72632e-194
xdutr.xcmp__bias_okb__par        -1.07492e-163
xdutr.ctat__par                    7.62067e-50
xdutr.resetn__par                            0
xdutr.xtemp__enb__par             -5.44962e-75
xdutr.ibias__par                   2.23358e-22
xdutr.xtemp__m1d__par             -2.05342e-48
xdutr.xtemp__m2d__par             3.52251e-147
xdutr.xtemp__m3d__par             1.19911e-111
xdutr.xtemp__n1__par               6.71386e-27
xdutr.xtemp__n2__par               3.35693e-26
xdutr.xtemp__na__par               7.62067e-50
xdutr.xtemp__nb__par             -5.45841e-149
xdutr.xtemp__nbg__par             -1.00758e-42
xdutr.xtemp__nc__par             -5.45841e-149
xdutr.xtemp__nd__par              -8.52487e-65
xdutr.xtemp__nr__par               1.04643e-73
xdutr.xtemp__nt__par               1.34277e-26
xdutr.xtemp__nz__par               3.35693e-26
xdutr.xtemp__pb__par              4.59543e-121
xdutr.xtemp__pcas__par            8.12057e-142
xdutr.xtemp__pg__par               5.14198e-22
xdutr.por_raw__par                 4.76066e-84
xdutr.ptat__par                  -6.04542e-119
xdutr.xtemp__t0__par             -1.47346e-121
xdutr.xtemp__t1__par             -4.33952e-121
xdutr.xtemp__t2__par             -9.99659e-121
xdutr.xtemp__t3__par             -2.12318e-120
xdutr.xtemp__t4__par             -4.36214e-120
xdutr.xtemp__t5__par             -8.83196e-120
xdutr.vdd__par                               0
xdutr.vref__par                  -3.34544e-177
xdutr.vss__par                               0
tk                                      233.15
btk#branch                         -2.3315e-07
vsupr#branch                       1.12581e-33
vsup#branch                        1.59964e-32

 Reference value :  0.00000e+00
 Reference value :  2.05921e-04
 Reference value :  2.18294e-04
 Reference value :  2.22369e-04
 Reference value :  2.24487e-04
 Reference value :  2.33158e-04
 Reference value :  2.43945e-04
 Reference value :  3.69386e-04
 Reference value :  3.92166e-04
 Reference value :  4.60711e-04
 Reference value :  4.85807e-04
 Reference value :  4.86188e-04
 Reference value :  4.86257e-04
 Reference value :  4.87899e-04
 Reference value :  5.17584e-04
 Reference value :  5.27754e-04
 Reference value :  5.27831e-04
 Reference value :  5.32090e-04
 Reference value :  5.58974e-04
 Reference value :  8.59019e-04
 Reference value :  8.62087e-04
 Reference value :  8.62127e-04
 Reference value :  8.62508e-04
 Reference value :  8.75334e-04
 Reference value :  8.78450e-04
 Reference value :  8.78575e-04
 Reference value :  8.79524e-04
 Reference value :  9.24249e-04
 Reference value :  1.45356e-03
 Reference value :  2.16356e-03
 Reference value :  2.87356e-03
 Reference value :  3.59356e-03
 Reference value :  4.27356e-03
 Reference value :  5.00356e-03
 Reference value :  5.67356e-03
 Reference value :  6.35356e-03
 Reference value :  7.03356e-03
 Reference value :  7.71356e-03
 Reference value :  8.42356e-03
 Reference value :  9.11356e-03
 Reference value :  9.81356e-03
 Reference value :  1.05236e-02
 Reference value :  1.12136e-02
 Reference value :  1.18836e-02
 Reference value :  1.20062e-02
 Reference value :  1.20285e-02
 Reference value :  1.20289e-02
 Reference value :  1.20289e-02
 Reference value :  1.20290e-02
 Reference value :  1.20300e-02
 Reference value :  1.20320e-02
 Reference value :  1.20344e-02
 Reference value :  1.20345e-02
 Reference value :  1.20349e-02
 Reference value :  1.20374e-02
 Reference value :  1.20379e-02
 Reference value :  1.20557e-02
 Reference value :  1.24985e-02
 Reference value :  1.32085e-02
 Reference value :  1.39185e-02
 Reference value :  1.46385e-02
 Reference value :  1.53485e-02
 Reference value :  1.60585e-02
 Reference value :  1.67685e-02
 Reference value :  1.74885e-02
 Reference value :  1.81885e-02
 Reference value :  1.88985e-02
 Reference value :  1.95685e-02
 Reference value :  2.02685e-02
 Reference value :  2.09685e-02
 Reference value :  2.16485e-02
 Reference value :  2.23085e-02
 Reference value :  2.29985e-02
 Reference value :  2.37185e-02
 Reference value :  2.44385e-02
 Reference value :  2.51385e-02
 Reference value :  2.57985e-02
 Reference value :  2.64685e-02
 Reference value :  2.71485e-02
 Reference value :  2.78385e-02
 Reference value :  2.85485e-02
 Reference value :  2.92685e-02
 Reference value :  2.99585e-02
 Reference value :  3.06585e-02
 Reference value :  3.13585e-02
No. of Data Rows : 4608
iq_pre              =  -8.47047e-07 from=  1.50000e-03 to=  1.90356e-03
iq_post             =  -7.87491e-06 from=  2.80000e-02 to=  3.00085e-02
trel                =  1.20289e-02
vrst_post           =  3.30000e+00
vdd_post            =  3.30000e+00
vptat_post          =  1.00447e+00
vctat_post          =  7.75786e-01
vtk_post            =  2.33150e+02
vrstr_post          =  3.30000e+00
vptatr_post         =  1.00447e+00
vctatr_post         =  7.75786e-01
m_vptat_v = 1.0044660000e+00
m_vctat_v = 7.7578610000e-01
m_ptat_k_mvk = 4.3082393309e+00
m_terr_untrim_c = -3.261022335e-02
m_terr_supply_c = 0.0000000000e+00
m_vctat_supply_mv = 0.0000000000e+00
m_vout_margin_v = 5.7578610000e-01
m_resetn_released_v = 3.3000000000e+00
m_resetn_ref_released_v = 3.3000000000e+00
m_t_release_ms = 1.2028880000e+01
m_iq_por_ua = 8.4704700000e-01
m_iq_total_ua = 7.8749150000e+00
m_temp_iq_ua = 7.0278680000e+00
Note: Simulation executed from .control section 

Warning: m=xx on .subckt line will override multiplier m hierarchy!

