
Note: Compatibility modes selected: hs a


Circuit: * temp-accuracy-vt @ tt_125c_3.63v -- generated by sim/harness, do not edit

Doing analysis at TEMP = 125.000000 and TNOM = 27.000000

Using SPARSE 1.3 as Direct Linear Solver

Initial Transient Solution
--------------------------

Node                                   Voltage
----                                   -------
vdd                                          0
ptat                              -1.61549e-25
ctat                                1.0469e-18
resetn                            -1.45369e-18
xdut.xtemp__pg                     6.76551e-25
xdut.xtemp__nz                     8.69361e-19
xdut.xbias__nbg                    6.23102e-19
xdut.xbias__pb                    -8.78299e-19
xdut.xbias__n1                     3.02094e-19
xdut.xbias__n2                    -6.64049e-19
xdut.xbias__pg                    -3.96559e-19
xdut.xbias__ks1                    3.56336e-19
xdut.xbias__ks2                   -1.10677e-19
xdut.xbias__ks3                   -1.27726e-19
xdut.xbias__ks4                   -1.14843e-20
xdut.xbias__nkg                   -5.44001e-20
xdut.xbias__nkm                    7.50936e-19
xdut.xbias__nokl                   2.06529e-19
xdut.xbias__noko                  -3.24767e-19
xdut.xbias__nokx                   8.85963e-20
xdut.bias_ok                       1.53609e-18
xdut.xcmp__na                      4.78229e-19
xdut.xcmp__sns                    2.54642e-317
xdut.xcmp__tn                     -1.57327e-19
xdut.xcmp__cmpo                    1.93375e-19
xdut.vref                           1.7859e-19
xdut.xcmp__nbg                     -1.6957e-18
xdut.ibias                        -1.44445e-18
xdut.xcmp__bias_okb                1.16918e-18
xdut.xcmp__snsb                   2.61386e-318
xdut.xcmp__n1                     -9.11498e-19
xdut.por_raw                       1.02299e-18
xdut.xpor__pdn                     2.12426e-21
xdut.xpor__ndl                     3.94177e-47
xdut.xpor__ndgn                    1.03028e-19
xdut.xpor__ndg                     3.14331e-18
xdut.xpor__pgdg                   -3.64895e-18
xdut.xpor__pgdgb                   3.53227e-19
xdut.xpor__tim                     -3.4205e-19
xdut.xpor__nd1                     4.82269e-18
xdut.xpor__trip                              0
xdut.xpor__rstb                   -6.13526e-19
xdut.xpor__nnand                  -3.85764e-18
xdut.xtemp__n1                     1.29072e-18
xdut.xtemp__n2                     8.69361e-19
xdut.xtemp__nbg                    1.77281e-18
xdut.xtemp__enb                    1.30523e-18
xdut.xtemp__pb                    -4.57031e-19
xdut.xtemp__pcas                   8.60752e-19
xdut.xtemp__nd                     1.28189e-18
xdut.xtemp__nr                     3.27006e-19
xdut.xtemp__nt                     8.50704e-19
xdut.xtemp__t5                    -2.35742e-26
xdut.xtemp__t4                    -1.16269e-26
xdut.xtemp__t3                    -5.64655e-27
xdut.xtemp__t2                    -2.64957e-27
xdut.xtemp__t1                    -1.14456e-27
xdut.xtemp__t0                    -3.86044e-28
xdut.xbias__na                     5.42178e-19
xdut.xbias__nbtop                 -1.55115e-20
xdut.xbias__nt                     6.58631e-19
xdut.xbias__nb                    -1.55115e-20
xdut.xbias__tok                    3.08652e-19
xdut.xcmp__vdda                   -6.71532e-19
xdut.xpor__ndgp                   -1.45707e-19
xdut.xpor__nts                    -6.32772e-18
xdut.xtemp__na                      1.0469e-18
xdut.xtemp__nb                     1.13941e-18
xdut.xtemp__m1d                   -2.50696e-19
xdut.xtemp__m2d                   -5.84854e-19
xdut.xtemp__m3d                     1.8601e-19
xdut.xbias__ec                    -1.55115e-20
xdut.xbias__er                      1.7859e-19
xdut.xtemp__nc                     1.13941e-18
xdut.xbias__nz                    -6.64049e-19
xdut.x162.11                       1.13941e-18
xdut.x162.21                       1.13941e-18
xdut.xtemp__xr1__1                 1.13941e-18
xdut.x163.11                       1.13941e-18
xdut.x163.21                       1.13941e-18
xdut.x164.11                        1.0469e-18
xdut.x164.21                        1.0469e-18
xdut.xtemp__xriso__1                1.0469e-18
xdut.x165.11                        1.0469e-18
xdut.x165.21                        1.0469e-18
xdut.x166.11                       8.69361e-19
xdut.x166.21                       8.69361e-19
xdut.xtemp__xrz__1                 8.69361e-19
xdut.xtemp__xrz__2                 8.69361e-19
xdut.x167.11                       8.69361e-19
xdut.x167.21                       8.69361e-19
xdut.x168.11                       8.69361e-19
xdut.x168.21                       8.69361e-19
xdut.xtemp__xrz__3                 8.69361e-19
xdut.xtemp__xrz__4                 8.69361e-19
xdut.x169.11                       8.69361e-19
xdut.x169.21                       8.69361e-19
xdut.x170.11                       8.69361e-19
xdut.x170.21                       8.69361e-19
xdut.xtemp__xrz__5                 8.69361e-19
xdut.xtemp__xrz__6                 8.69361e-19
xdut.x171.11                       8.69361e-19
xdut.x171.21                       8.69361e-19
xdut.x172.11                       8.69361e-19
xdut.x172.21                       8.69361e-19
xdut.xtemp__xrz__7                 8.69361e-19
xdut.xtemp__xrz__8                 8.69361e-19
xdut.x173.11                       8.69361e-19
xdut.x173.21                       8.69361e-19
xdut.x174.11                       8.69361e-19
xdut.x174.21                       8.69361e-19
xdut.xtemp__xrz__9                 8.69361e-19
xdut.x175.11                       8.69361e-19
xdut.x175.21                       8.69361e-19
xdut.x176.11                      -1.61542e-25
xdut.x176.21                      -1.55808e-25
xdut.xtemp__xr2f__1                 -1.558e-25
xdut.xtemp__xr2f__2               -1.50051e-25
xdut.x177.11                      -1.50059e-25
xdut.x177.21                      -1.55793e-25
xdut.x178.11                      -1.50044e-25
xdut.x178.21                       -1.4431e-25
xdut.xtemp__xr2f__3               -1.44302e-25
xdut.xtemp__xr2f__4               -1.38553e-25
xdut.x179.11                      -1.38561e-25
xdut.x179.21                      -1.44295e-25
xdut.x180.11                      -1.38546e-25
xdut.x180.21                      -1.32812e-25
xdut.xtemp__xr2f__5               -1.32804e-25
xdut.xtemp__xr2f__6               -1.27055e-25
xdut.x181.11                      -1.27063e-25
xdut.x181.21                      -1.32797e-25
xdut.x182.11                      -1.27048e-25
xdut.x182.21                      -1.21314e-25
xdut.xtemp__xr2f__7               -1.21306e-25
xdut.xtemp__xr2f__8               -1.15558e-25
xdut.x183.11                      -1.15565e-25
xdut.x183.21                      -1.21299e-25
xdut.x184.11                       -1.1555e-25
xdut.x184.21                      -1.09816e-25
xdut.xtemp__xr2f__9               -1.09809e-25
xdut.xtemp__xr2f__10               -1.0406e-25
xdut.x185.11                      -1.04067e-25
xdut.x185.21                      -1.09801e-25
xdut.x186.11                      -1.04052e-25
xdut.x186.21                      -9.83183e-26
xdut.xtemp__xr2f__11              -9.83107e-26
xdut.xtemp__xr2f__12              -9.25617e-26
xdut.x187.11                      -9.25694e-26
xdut.x187.21                       -9.8303e-26
xdut.x188.11                       -9.2554e-26
xdut.x188.21                      -8.68204e-26
xdut.xtemp__xr2f__13              -8.68127e-26
xdut.xtemp__xr2f__14              -8.10638e-26
xdut.x189.11                      -8.10714e-26
xdut.x189.21                      -8.68051e-26
xdut.x190.11                      -8.10561e-26
xdut.x190.21                      -7.53225e-26
xdut.xtemp__xr2f__15              -7.53148e-26
xdut.xtemp__xr2f__16              -6.95658e-26
xdut.x191.11                      -6.95735e-26
xdut.x191.21                      -7.53071e-26
xdut.x192.11                      -6.95582e-26
xdut.x192.21                      -6.38246e-26
xdut.xtemp__xr2f__17              -6.38169e-26
xdut.xtemp__xr2f__18              -5.80679e-26
xdut.x193.11                      -5.80756e-26
xdut.x193.21                      -6.38092e-26
xdut.x194.11                      -5.80603e-26
xdut.x194.21                      -5.23266e-26
xdut.xtemp__xr2f__19               -5.2319e-26
xdut.xtemp__xr2f__20                -4.657e-26
xdut.x195.11                      -4.65777e-26
xdut.x195.21                      -5.23113e-26
xdut.x196.11                      -4.65623e-26
xdut.x196.21                      -4.08287e-26
xdut.xtemp__xr2f__21               -4.0821e-26
xdut.xtemp__xr2f__22              -3.50721e-26
xdut.x197.11                      -3.50798e-26
xdut.x197.21                      -4.08134e-26
xdut.x198.11                      -3.50644e-26
xdut.x198.21                      -2.93308e-26
xdut.xtemp__xr2f__23              -2.93231e-26
xdut.x199.11                      -2.35818e-26
xdut.x199.21                      -2.93154e-26
xdut.x200.11                      -2.35665e-26
xdut.x200.21                      -1.76082e-26
xdut.xtemp__xr2t5__1              -1.76006e-26
xdut.x201.11                      -1.16346e-26
xdut.x201.21                      -1.75929e-26
xdut.x202.11                      -1.16193e-26
xdut.x202.21                      -8.64442e-27
xdut.xtemp__xr2t4__1              -8.63674e-27
xdut.x203.11                      -5.65423e-27
xdut.x203.21                      -8.62907e-27
xdut.x204.11                      -5.63888e-27
xdut.x204.21                      -4.15574e-27
xdut.xtemp__xr2t3__1              -4.14806e-27
xdut.x205.11                      -2.65725e-27
xdut.x205.21                      -4.14039e-27
xdut.x206.11                       -2.6419e-27
xdut.x206.21                      -1.90474e-27
xdut.xtemp__xr2t2__1              -1.89707e-27
xdut.x207.11                      -1.15223e-27
xdut.x207.21                      -1.88939e-27
xdut.x208.11                      -1.13689e-27
xdut.x208.21                      -7.72976e-28
xdut.xtemp__xr2t1__1              -7.65302e-28
xdut.x209.11                      -3.93718e-28
xdut.x209.21                      -7.57628e-28
xdut.x210.11                       -3.7837e-28
xdut.x210.21                      -2.00696e-28
xdut.xtemp__xr2t0__1              -1.93022e-28
xdut.x211.11                      -7.67406e-30
xdut.x211.21                      -1.85348e-28
xdut.x212.11                      2.54642e-317
xdut.x212.21                     -2.96439e-323
xdut.x213.11                      2.61389e-318
xdut.x213.21                      2.54641e-317
xdut.x214.11                      2.96439e-323
xdut.x214.21                      2.61383e-318
xdut.x215.11                        1.7859e-19
xdut.x215.21                        1.7859e-19
xdut.xbias__xr2__1                  1.7859e-19
xdut.xbias__xr2__2                  1.7859e-19
xdut.x216.11                        1.7859e-19
xdut.x216.21                        1.7859e-19
xdut.x217.11                        1.7859e-19
xdut.x217.21                        1.7859e-19
xdut.xbias__xr2__3                  1.7859e-19
xdut.xbias__xr2__4                  1.7859e-19
xdut.x218.11                        1.7859e-19
xdut.x218.21                        1.7859e-19
xdut.x219.11                        1.7859e-19
xdut.x219.21                        1.7859e-19
xdut.xbias__xr2__5                  1.7859e-19
xdut.xbias__xr2__6                  1.7859e-19
xdut.x220.11                        1.7859e-19
xdut.x220.21                        1.7859e-19
xdut.x221.11                        1.7859e-19
xdut.x221.21                        1.7859e-19
xdut.xbias__xr2__7                  1.7859e-19
xdut.xbias__xr2__8                  1.7859e-19
xdut.x222.11                        1.7859e-19
xdut.x222.21                        1.7859e-19
xdut.x223.11                        1.7859e-19
xdut.x223.21                        1.7859e-19
xdut.xbias__xr2__9                  1.7859e-19
xdut.xbias__xr2__10                 1.7859e-19
xdut.x224.11                        1.7859e-19
xdut.x224.21                        1.7859e-19
xdut.x225.11                        1.7859e-19
xdut.x225.21                        1.7859e-19
xdut.xbias__xr2__11                 1.7859e-19
xdut.xbias__xr2__12                 1.7859e-19
xdut.x226.11                        1.7859e-19
xdut.x226.21                        1.7859e-19
xdut.x227.11                        1.7859e-19
xdut.x227.21                        1.7859e-19
xdut.xbias__xr2__13                 1.7859e-19
xdut.xbias__xr2__14                 1.7859e-19
xdut.x228.11                        1.7859e-19
xdut.x228.21                        1.7859e-19
xdut.x229.11                        1.7859e-19
xdut.x229.21                        1.7859e-19
xdut.xbias__xr2__15                 1.7859e-19
xdut.x230.11                        1.7859e-19
xdut.x230.21                        1.7859e-19
xdut.x231.11                      -6.64049e-19
xdut.x231.21                      -6.64049e-19
xdut.xbias__xrz__1                -6.64049e-19
xdut.xbias__xrz__2                -6.64049e-19
xdut.x232.11                      -6.64049e-19
xdut.x232.21                      -6.64049e-19
xdut.x233.11                      -6.64049e-19
xdut.x233.21                      -6.64049e-19
xdut.xbias__xrz__3                -6.64049e-19
xdut.x234.11                      -6.64049e-19
xdut.x234.21                      -6.64049e-19
xdut.x235.11                      -1.55115e-20
xdut.x235.21                      -1.55115e-20
xdut.xbias__xr1__1                -1.55115e-20
xdut.x236.11                      -1.55115e-20
xdut.x236.21                      -1.55115e-20
xdut.x237.11                      -1.55115e-20
xdut.x237.21                      -1.55115e-20
xdut.xbias__xrt__1                -1.55115e-20
xdut.x238.11                      -1.55115e-20
xdut.x238.21                      -1.55115e-20
xdut.xbias__nt__par                6.58631e-19
xdut.xtemp__xrz__2__par            8.69361e-19
xdut.xtemp__xrz__4__par            8.69361e-19
xdut.xtemp__xrz__6__par            8.69361e-19
xdut.xtemp__xrz__8__par            8.69361e-19
xdut.xbias__n1__par                3.02094e-19
xdut.xtemp__xr2f__2__par          -1.50051e-25
xdut.xtemp__xr2f__4__par          -1.38553e-25
xdut.xtemp__xr2f__6__par          -1.27055e-25
xdut.xtemp__xr2f__8__par          -1.15558e-25
xdut.xtemp__xr2f__10__par          -1.0406e-25
xdut.xtemp__xr2f__12__par         -9.25617e-26
xdut.xtemp__xr2f__14__par         -8.10638e-26
xdut.xtemp__xr2f__16__par         -6.95658e-26
xdut.xtemp__xr2f__18__par         -5.80679e-26
xdut.xtemp__xr2f__20__par           -4.657e-26
xdut.xbias__n2__par               -6.64049e-19
xdut.xtemp__xr2f__22__par         -3.50721e-26
xdut.xtemp__xr2t0__1__par         -1.93022e-28
xdut.xtemp__xr2t1__1__par         -7.65302e-28
xdut.xbias__tok__par               3.08652e-19
xdut.xtemp__xr2t2__1__par         -1.89707e-27
xdut.xtemp__xr2t3__1__par         -4.14806e-27
xdut.xbias__noko__par             -3.24767e-19
xdut.xtemp__xriso__1__par           1.0469e-18
xdut.xtemp__xr2t4__1__par         -8.63674e-27
xdut.xtemp__xr1__1__par            1.13941e-18
xdut.xtemp__xrz__1__par            8.69361e-19
xdut.xtemp__xrz__3__par            8.69361e-19
xdut.xtemp__xrz__5__par            8.69361e-19
xdut.xbias__nokl__par              2.06529e-19
xdut.xtemp__xrz__7__par            8.69361e-19
xdut.xtemp__xrz__9__par            8.69361e-19
xdut.xtemp__xr2f__1__par            -1.558e-25
xdut.xtemp__xr2f__3__par          -1.44302e-25
xdut.xtemp__xr2f__5__par          -1.32804e-25
xdut.xtemp__xr2f__7__par          -1.21306e-25
xdut.xtemp__xr2f__9__par          -1.09809e-25
xdut.xtemp__xr2f__11__par         -9.83107e-26
xdut.xtemp__xr2f__13__par         -8.68127e-26
xdut.xtemp__xr2f__15__par         -7.53148e-26
xdut.xbias__nkg__par              -5.44001e-20
xdut.xtemp__xr2f__17__par         -6.38169e-26
xdut.xtemp__xr2f__19__par          -5.2319e-26
xdut.xtemp__xr2f__21__par          -4.0821e-26
xdut.xtemp__xr2f__23__par         -2.93231e-26
xdut.xtemp__xr2t5__1__par         -1.76006e-26
xdut.xbias__nb__par               -1.55115e-20
xdut.xcmp__vdda__par              -6.71532e-19
xdut.xcmp__na__par                 4.78229e-19
xdut.xcmp__cmpo__par               1.93375e-19
xdut.xcmp__n1__par                -9.11498e-19
xdut.xcmp__tn__par                -1.57327e-19
xdut.xcmp__sns__par               2.54642e-317
xdut.xcmp__nbg__par                -1.6957e-18
xdut.xcmp__snsb__par              2.61386e-318
xdut.xpor__pdn__par                2.12426e-21
xdut.xpor__ndl__par                3.94177e-47
xdut.xpor__ndgn__par               1.03028e-19
xdut.xpor__pgdg__par              -3.64895e-18
xdut.xpor__pgdgb__par              3.53227e-19
xdut.xpor__nd1__par                4.82269e-18
xdut.xpor__nnand__par             -3.85764e-18
xdut.xpor__ndgp__par              -1.45707e-19
xdut.xpor__nts__par               -6.32772e-18
xdut.xpor__rstb__par              -6.13526e-19
xdut.xbias__nkm__par               7.50936e-19
xdut.xbias__nokx__par              8.85963e-20
xdut.xbias__ks1__par               3.56336e-19
xdut.xbias__ks2__par              -1.10677e-19
xdut.xbias__ks3__par              -1.27726e-19
xdut.xbias__ks4__par              -1.14843e-20
xdut.xbias__ec__par               -1.55115e-20
xdut.xbias__nz__par               -6.64049e-19
xdut.xpor__ndg__par                3.14331e-18
xdut.xpor__tim__par                -3.4205e-19
xdut.xpor__trip__par                         0
xdut.xbias__xr2__2__par             1.7859e-19
xdut.xbias__xr2__4__par             1.7859e-19
xdut.xbias__xr2__6__par             1.7859e-19
xdut.xbias__xr2__8__par             1.7859e-19
xdut.xbias__xr2__10__par            1.7859e-19
xdut.xbias__xr2__12__par            1.7859e-19
xdut.xbias__pg__par               -3.96559e-19
xdut.xbias__xr2__14__par            1.7859e-19
xdut.xbias__xrz__2__par           -6.64049e-19
xdut.xbias__xrt__1__par           -1.55115e-20
xdut.xbias__na__par                5.42178e-19
xdut.xbias__er__par                 1.7859e-19
xdut.xbias__nbtop__par            -1.55115e-20
xdut.xbias__nbg__par               6.23102e-19
xdut.xbias__xrz__1__par           -6.64049e-19
xdut.xbias__xrz__3__par           -6.64049e-19
xdut.xbias__xr1__1__par           -1.55115e-20
xdut.xbias__xr2__13__par            1.7859e-19
xdut.xbias__xr2__11__par            1.7859e-19
xdut.xbias__xr2__1__par             1.7859e-19
xdut.xbias__xr2__3__par             1.7859e-19
xdut.xbias__xr2__5__par             1.7859e-19
xdut.xbias__xr2__7__par             1.7859e-19
xdut.xbias__xr2__9__par             1.7859e-19
xdut.xbias__pb__par               -8.78299e-19
xdut.xbias__xr2__15__par            1.7859e-19
xdut.bias_ok__par                  1.53609e-18
xdut.xcmp__bias_okb__par           1.16918e-18
xdut.ctat__par                      1.0469e-18
xdut.resetn__par                  -1.45369e-18
xdut.xtemp__enb__par               1.30523e-18
xdut.ibias__par                   -1.44445e-18
xdut.xtemp__m1d__par              -2.50696e-19
xdut.xtemp__m2d__par              -5.84854e-19
xdut.xtemp__m3d__par                1.8601e-19
xdut.xtemp__n1__par                1.29072e-18
xdut.xtemp__n2__par                8.69361e-19
xdut.xtemp__na__par                 1.0469e-18
xdut.xtemp__nb__par                1.13941e-18
xdut.xtemp__nbg__par               1.77281e-18
xdut.xtemp__nc__par                1.13941e-18
xdut.xtemp__nd__par                1.28189e-18
xdut.xtemp__nr__par                3.27006e-19
xdut.xtemp__nt__par                8.50704e-19
xdut.xtemp__nz__par                8.69361e-19
xdut.xtemp__pb__par               -4.57031e-19
xdut.xtemp__pcas__par              8.60752e-19
xdut.xtemp__pg__par                6.76551e-25
xdut.por_raw__par                  1.02299e-18
xdut.ptat__par                    -1.61549e-25
xdut.xtemp__t0__par               -3.86044e-28
xdut.xtemp__t1__par               -1.14456e-27
xdut.xtemp__t2__par               -2.64957e-27
xdut.xtemp__t3__par               -5.64655e-27
xdut.xtemp__t4__par               -1.16269e-26
xdut.xtemp__t5__par               -2.35742e-26
xdut.vdd__par                                0
xdut.vref__par                      1.7859e-19
xdut.vss__par                                0
vddr                                         0
ptatr                              2.73181e-40
ctatr                             -3.29259e-35
resetnr                           -1.67727e-18
xdutr.xtemp__pg                    3.98703e-20
xdutr.xtemp__nz                   -4.88601e-19
xdutr.xbias__nbg                  -3.78583e-19
xdutr.xbias__pb                   -1.35082e-19
xdutr.xbias__n1                    7.60628e-19
xdutr.xbias__n2                   -2.92571e-19
xdutr.xbias__pg                     1.1467e-18
xdutr.xbias__ks1                   1.42133e-19
xdutr.xbias__ks2                  -8.43341e-20
xdutr.xbias__ks3                    7.5654e-20
xdutr.xbias__ks4                   2.37587e-20
xdutr.xbias__nkg                  -9.15567e-19
xdutr.xbias__nkm                   3.36092e-19
xdutr.xbias__nokl                   4.2887e-19
xdutr.xbias__noko                  -3.6278e-19
xdutr.xbias__nokx                 -5.60742e-21
xdutr.bias_ok                     -6.61466e-19
xdutr.xcmp__na                    -1.31875e-18
xdutr.xcmp__sns                              0
xdutr.xcmp__tn                    -9.28375e-20
xdutr.xcmp__cmpo                   4.70611e-19
xdutr.vref                          1.4271e-18
xdutr.xcmp__nbg                   -2.53548e-18
xdutr.ibias                       -3.54716e-19
xdutr.xcmp__bias_okb              -7.56568e-21
xdutr.xcmp__snsb                             0
xdutr.xcmp__n1                     2.08704e-18
xdutr.por_raw                       -1.755e-18
xdutr.xpor__pdn                    1.57496e-20
xdutr.xpor__ndl                   -7.41743e-49
xdutr.xpor__ndgn                    3.9405e-19
xdutr.xpor__ndg                   -3.41236e-18
xdutr.xpor__pgdg                   3.20688e-18
xdutr.xpor__pgdgb                 -1.69311e-18
xdutr.xpor__tim                    6.07308e-19
xdutr.xpor__nd1                     8.9561e-19
xdutr.xpor__trip                             0
xdutr.xpor__rstb                  -1.21553e-18
xdutr.xpor__nnand                  1.41572e-18
xdutr.xtemp__n1                    1.51579e-18
xdutr.xtemp__n2                   -4.88601e-19
xdutr.xtemp__nbg                  -4.27254e-20
xdutr.xtemp__enb                   2.43784e-18
xdutr.xtemp__pb                   -5.03131e-19
xdutr.xtemp__pcas                 -1.15956e-18
xdutr.xtemp__nd                              0
xdutr.xtemp__nr                    -3.0946e-26
xdutr.xtemp__nt                    2.64648e-19
xdutr.xtemp__t5                    3.98654e-41
xdutr.xtemp__t4                    1.96616e-41
xdutr.xtemp__t3                    9.54847e-42
xdutr.xtemp__t2                    4.48048e-42
xdutr.xtemp__t1                    1.93547e-42
xdutr.xtemp__t0                    6.52807e-43
xdutr.xbias__na                    1.33704e-19
xdutr.xbias__nbtop                -1.08083e-18
xdutr.xbias__nt                   -1.96806e-19
xdutr.xbias__nb                   -1.08083e-18
xdutr.xbias__tok                  -1.89499e-19
xdutr.xcmp__vdda                  -1.16696e-18
xdutr.xpor__ndgp                  -6.43015e-19
xdutr.xpor__nts                    1.99663e-18
xdutr.xtemp__na                    -3.2926e-35
xdutr.xtemp__nb                    1.24471e-18
xdutr.xtemp__m1d                   3.13454e-34
xdutr.xtemp__m2d                  -4.49386e-20
xdutr.xtemp__m3d                  -1.82295e-34
xdutr.xbias__ec                   -1.08083e-18
xdutr.xbias__er                     1.4271e-18
xdutr.xtemp__nc                    1.24471e-18
xdutr.xbias__nz                   -2.92571e-19
xdutr.x162.11                      1.24471e-18
xdutr.x162.21                      1.24471e-18
xdutr.xtemp__xr1__1                1.24471e-18
xdutr.x163.11                      1.24471e-18
xdutr.x163.21                      1.24471e-18
xdutr.x164.11                      -3.2926e-35
xdutr.x164.21                     -3.29259e-35
xdutr.xtemp__xriso__1             -3.29259e-35
xdutr.x165.11                     -3.29259e-35
xdutr.x165.21                     -3.29259e-35
xdutr.x166.11                     -4.88601e-19
xdutr.x166.21                     -4.88601e-19
xdutr.xtemp__xrz__1               -4.88601e-19
xdutr.xtemp__xrz__2               -4.88601e-19
xdutr.x167.11                     -4.88601e-19
xdutr.x167.21                     -4.88601e-19
xdutr.x168.11                     -4.88601e-19
xdutr.x168.21                     -4.88601e-19
xdutr.xtemp__xrz__3               -4.88601e-19
xdutr.xtemp__xrz__4               -4.88601e-19
xdutr.x169.11                     -4.88601e-19
xdutr.x169.21                     -4.88601e-19
xdutr.x170.11                     -4.88601e-19
xdutr.x170.21                     -4.88601e-19
xdutr.xtemp__xrz__5               -4.88601e-19
xdutr.xtemp__xrz__6               -4.88601e-19
xdutr.x171.11                     -4.88601e-19
xdutr.x171.21                     -4.88601e-19
xdutr.x172.11                     -4.88601e-19
xdutr.x172.21                     -4.88601e-19
xdutr.xtemp__xrz__7               -4.88601e-19
xdutr.xtemp__xrz__8               -4.88601e-19
xdutr.x173.11                     -4.88601e-19
xdutr.x173.21                     -4.88601e-19
xdutr.x174.11                     -4.88601e-19
xdutr.x174.21                     -4.88601e-19
xdutr.xtemp__xrz__9               -4.88601e-19
xdutr.x175.11                     -4.88601e-19
xdutr.x175.21                     -4.88601e-19
xdutr.x176.11                      2.73168e-40
xdutr.x176.21                      2.63473e-40
xdutr.xtemp__xr2f__1                2.6346e-40
xdutr.xtemp__xr2f__2               2.53738e-40
xdutr.x177.11                      2.53751e-40
xdutr.x177.21                      2.63447e-40
xdutr.x178.11                      2.53725e-40
xdutr.x178.21                       2.4403e-40
xdutr.xtemp__xr2f__3               2.44017e-40
xdutr.xtemp__xr2f__4               2.34295e-40
xdutr.x179.11                      2.34308e-40
xdutr.x179.21                      2.44004e-40
xdutr.x180.11                      2.34282e-40
xdutr.x180.21                      2.24587e-40
xdutr.xtemp__xr2f__5               2.24574e-40
xdutr.xtemp__xr2f__6               2.14852e-40
xdutr.x181.11                      2.14865e-40
xdutr.x181.21                      2.24561e-40
xdutr.x182.11                      2.14839e-40
xdutr.x182.21                      2.05144e-40
xdutr.xtemp__xr2f__7               2.05131e-40
xdutr.xtemp__xr2f__8               1.95409e-40
xdutr.x183.11                      1.95422e-40
xdutr.x183.21                      2.05118e-40
xdutr.x184.11                      1.95396e-40
xdutr.x184.21                      1.85701e-40
xdutr.xtemp__xr2f__9               1.85688e-40
xdutr.xtemp__xr2f__10              1.75966e-40
xdutr.x185.11                      1.75979e-40
xdutr.x185.21                      1.85675e-40
xdutr.x186.11                      1.75953e-40
xdutr.x186.21                      1.66258e-40
xdutr.xtemp__xr2f__11              1.66245e-40
xdutr.xtemp__xr2f__12              1.56523e-40
xdutr.x187.11                      1.56536e-40
xdutr.x187.21                      1.66232e-40
xdutr.x188.11                       1.5651e-40
xdutr.x188.21                      1.46815e-40
xdutr.xtemp__xr2f__13              1.46802e-40
xdutr.xtemp__xr2f__14               1.3708e-40
xdutr.x189.11                      1.37093e-40
xdutr.x189.21                      1.46789e-40
xdutr.x190.11                      1.37067e-40
xdutr.x190.21                      1.27372e-40
xdutr.xtemp__xr2f__15              1.27359e-40
xdutr.xtemp__xr2f__16              1.17637e-40
xdutr.x191.11                       1.1765e-40
xdutr.x191.21                      1.27346e-40
xdutr.x192.11                      1.17624e-40
xdutr.x192.21                      1.07929e-40
xdutr.xtemp__xr2f__17              1.07916e-40
xdutr.xtemp__xr2f__18              9.81943e-41
xdutr.x193.11                      9.82073e-41
xdutr.x193.21                      1.07903e-40
xdutr.x194.11                      9.81813e-41
xdutr.x194.21                      8.84858e-41
xdutr.xtemp__xr2f__19              8.84728e-41
xdutr.xtemp__xr2f__20              7.87514e-41
xdutr.x195.11                      7.87643e-41
xdutr.x195.21                      8.84599e-41
xdutr.x196.11                      7.87384e-41
xdutr.x196.21                      6.90429e-41
xdutr.xtemp__xr2f__21              6.90299e-41
xdutr.xtemp__xr2f__22              5.93084e-41
xdutr.x197.11                      5.93214e-41
xdutr.x197.21                      6.90169e-41
xdutr.x198.11                      5.92954e-41
xdutr.x198.21                      4.95999e-41
xdutr.xtemp__xr2f__23              4.95869e-41
xdutr.x199.11                      3.98784e-41
xdutr.x199.21                      4.95739e-41
xdutr.x200.11                      3.98525e-41
xdutr.x200.21                      2.97765e-41
xdutr.xtemp__xr2t5__1              2.97635e-41
xdutr.x201.11                      1.96746e-41
xdutr.x201.21                      2.97505e-41
xdutr.x202.11                      1.96486e-41
xdutr.x202.21                       1.4618e-41
xdutr.xtemp__xr2t4__1               1.4605e-41
xdutr.x203.11                      9.56145e-42
xdutr.x203.21                      1.45921e-41
xdutr.x204.11                      9.53549e-42
xdutr.x204.21                      7.02745e-42
xdutr.xtemp__xr2t3__1              7.01448e-42
xdutr.x205.11                      4.49346e-42
xdutr.x205.21                       7.0015e-42
xdutr.x206.11                      4.46751e-42
xdutr.x206.21                      3.22095e-42
xdutr.xtemp__xr2t2__1              3.20798e-42
xdutr.x207.11                      1.94845e-42
xdutr.x207.21                        3.195e-42
xdutr.x208.11                      1.92249e-42
xdutr.x208.21                      1.30712e-42
xdutr.xtemp__xr2t1__1              1.29414e-42
xdutr.x209.11                      6.65784e-43
xdutr.x209.21                      1.28116e-42
xdutr.x210.11                       6.3983e-43
xdutr.x210.21                       3.3938e-43
xdutr.xtemp__xr2t0__1              3.26403e-43
xdutr.x211.11                      1.29769e-44
xdutr.x211.21                      3.13426e-43
xdutr.x212.11                                0
xdutr.x212.21                                0
xdutr.x213.11                                0
xdutr.x213.21                                0
xdutr.x214.11                                0
xdutr.x214.21                                0
xdutr.x215.11                       1.4271e-18
xdutr.x215.21                       1.4271e-18
xdutr.xbias__xr2__1                 1.4271e-18
xdutr.xbias__xr2__2                 1.4271e-18
xdutr.x216.11                       1.4271e-18
xdutr.x216.21                       1.4271e-18
xdutr.x217.11                       1.4271e-18
xdutr.x217.21                       1.4271e-18
xdutr.xbias__xr2__3                 1.4271e-18
xdutr.xbias__xr2__4                 1.4271e-18
xdutr.x218.11                       1.4271e-18
xdutr.x218.21                       1.4271e-18
xdutr.x219.11                       1.4271e-18
xdutr.x219.21                       1.4271e-18
xdutr.xbias__xr2__5                 1.4271e-18
xdutr.xbias__xr2__6                 1.4271e-18
xdutr.x220.11                       1.4271e-18
xdutr.x220.21                       1.4271e-18
xdutr.x221.11                       1.4271e-18
xdutr.x221.21                       1.4271e-18
xdutr.xbias__xr2__7                 1.4271e-18
xdutr.xbias__xr2__8                 1.4271e-18
xdutr.x222.11                       1.4271e-18
xdutr.x222.21                       1.4271e-18
xdutr.x223.11                       1.4271e-18
xdutr.x223.21                       1.4271e-18
xdutr.xbias__xr2__9                 1.4271e-18
xdutr.xbias__xr2__10                1.4271e-18
xdutr.x224.11                       1.4271e-18
xdutr.x224.21                       1.4271e-18
xdutr.x225.11                       1.4271e-18
xdutr.x225.21                       1.4271e-18
xdutr.xbias__xr2__11                1.4271e-18
xdutr.xbias__xr2__12                1.4271e-18
xdutr.x226.11                       1.4271e-18
xdutr.x226.21                       1.4271e-18
xdutr.x227.11                       1.4271e-18
xdutr.x227.21                       1.4271e-18
xdutr.xbias__xr2__13                1.4271e-18
xdutr.xbias__xr2__14                1.4271e-18
xdutr.x228.11                       1.4271e-18
xdutr.x228.21                       1.4271e-18
xdutr.x229.11                       1.4271e-18
xdutr.x229.21                       1.4271e-18
xdutr.xbias__xr2__15                1.4271e-18
xdutr.x230.11                       1.4271e-18
xdutr.x230.21                       1.4271e-18
xdutr.x231.11                     -2.92571e-19
xdutr.x231.21                     -2.92571e-19
xdutr.xbias__xrz__1               -2.92571e-19
xdutr.xbias__xrz__2               -2.92571e-19
xdutr.x232.11                     -2.92571e-19
xdutr.x232.21                     -2.92571e-19
xdutr.x233.11                     -2.92571e-19
xdutr.x233.21                     -2.92571e-19
xdutr.xbias__xrz__3               -2.92571e-19
xdutr.x234.11                     -2.92571e-19
xdutr.x234.21                     -2.92571e-19
xdutr.x235.11                     -1.08083e-18
xdutr.x235.21                     -1.08083e-18
xdutr.xbias__xr1__1               -1.08083e-18
xdutr.x236.11                     -1.08083e-18
xdutr.x236.21                     -1.08083e-18
xdutr.x237.11                     -1.08083e-18
xdutr.x237.21                     -1.08083e-18
xdutr.xbias__xrt__1               -1.08083e-18
xdutr.x238.11                     -1.08083e-18
xdutr.x238.21                     -1.08083e-18
xdutr.xbias__nt__par              -1.96806e-19
xdutr.xtemp__xrz__2__par          -4.88601e-19
xdutr.xtemp__xrz__4__par          -4.88601e-19
xdutr.xtemp__xrz__6__par          -4.88601e-19
xdutr.xtemp__xrz__8__par          -4.88601e-19
xdutr.xbias__n1__par               7.60628e-19
xdutr.xtemp__xr2f__2__par          2.53738e-40
xdutr.xtemp__xr2f__4__par          2.34295e-40
xdutr.xtemp__xr2f__6__par          2.14852e-40
xdutr.xtemp__xr2f__8__par          1.95409e-40
xdutr.xtemp__xr2f__10__par         1.75966e-40
xdutr.xtemp__xr2f__12__par         1.56523e-40
xdutr.xtemp__xr2f__14__par          1.3708e-40
xdutr.xtemp__xr2f__16__par         1.17637e-40
xdutr.xtemp__xr2f__18__par         9.81943e-41
xdutr.xtemp__xr2f__20__par         7.87514e-41
xdutr.xbias__n2__par              -2.92571e-19
xdutr.xtemp__xr2f__22__par         5.93084e-41
xdutr.xtemp__xr2t0__1__par         3.26403e-43
xdutr.xtemp__xr2t1__1__par         1.29414e-42
xdutr.xbias__tok__par             -1.89499e-19
xdutr.xtemp__xr2t2__1__par         3.20798e-42
xdutr.xtemp__xr2t3__1__par         7.01448e-42
xdutr.xbias__noko__par             -3.6278e-19
xdutr.xtemp__xriso__1__par        -3.29259e-35
xdutr.xtemp__xr2t4__1__par          1.4605e-41
xdutr.xtemp__xr1__1__par           1.24471e-18
xdutr.xtemp__xrz__1__par          -4.88601e-19
xdutr.xtemp__xrz__3__par          -4.88601e-19
xdutr.xtemp__xrz__5__par          -4.88601e-19
xdutr.xbias__nokl__par              4.2887e-19
xdutr.xtemp__xrz__7__par          -4.88601e-19
xdutr.xtemp__xrz__9__par          -4.88601e-19
xdutr.xtemp__xr2f__1__par           2.6346e-40
xdutr.xtemp__xr2f__3__par          2.44017e-40
xdutr.xtemp__xr2f__5__par          2.24574e-40
xdutr.xtemp__xr2f__7__par          2.05131e-40
xdutr.xtemp__xr2f__9__par          1.85688e-40
xdutr.xtemp__xr2f__11__par         1.66245e-40
xdutr.xtemp__xr2f__13__par         1.46802e-40
xdutr.xtemp__xr2f__15__par         1.27359e-40
xdutr.xbias__nkg__par             -9.15567e-19
xdutr.xtemp__xr2f__17__par         1.07916e-40
xdutr.xtemp__xr2f__19__par         8.84728e-41
xdutr.xtemp__xr2f__21__par         6.90299e-41
xdutr.xtemp__xr2f__23__par         4.95869e-41
xdutr.xtemp__xr2t5__1__par         2.97635e-41
xdutr.xbias__nb__par              -1.08083e-18
xdutr.xcmp__vdda__par             -1.16696e-18
xdutr.xcmp__na__par               -1.31875e-18
xdutr.xcmp__cmpo__par              4.70611e-19
xdutr.xcmp__n1__par                2.08704e-18
xdutr.xcmp__tn__par               -9.28375e-20
xdutr.xcmp__sns__par                         0
xdutr.xcmp__nbg__par              -2.53548e-18
xdutr.xcmp__snsb__par                        0
xdutr.xpor__pdn__par               1.57496e-20
xdutr.xpor__ndl__par              -7.41743e-49
xdutr.xpor__ndgn__par               3.9405e-19
xdutr.xpor__pgdg__par              3.20688e-18
xdutr.xpor__pgdgb__par            -1.69311e-18
xdutr.xpor__nd1__par                8.9561e-19
xdutr.xpor__nnand__par             1.41572e-18
xdutr.xpor__ndgp__par             -6.43015e-19
xdutr.xpor__nts__par               1.99663e-18
xdutr.xpor__rstb__par             -1.21553e-18
xdutr.xbias__nkm__par              3.36092e-19
xdutr.xbias__nokx__par            -5.60742e-21
xdutr.xbias__ks1__par              1.42133e-19
xdutr.xbias__ks2__par             -8.43341e-20
xdutr.xbias__ks3__par               7.5654e-20
xdutr.xbias__ks4__par              2.37587e-20
xdutr.xbias__ec__par              -1.08083e-18
xdutr.xbias__nz__par              -2.92571e-19
xdutr.xpor__ndg__par              -3.41236e-18
xdutr.xpor__tim__par               6.07308e-19
xdutr.xpor__trip__par                        0
xdutr.xbias__xr2__2__par            1.4271e-18
xdutr.xbias__xr2__4__par            1.4271e-18
xdutr.xbias__xr2__6__par            1.4271e-18
xdutr.xbias__xr2__8__par            1.4271e-18
xdutr.xbias__xr2__10__par           1.4271e-18
xdutr.xbias__xr2__12__par           1.4271e-18
xdutr.xbias__pg__par                1.1467e-18
xdutr.xbias__xr2__14__par           1.4271e-18
xdutr.xbias__xrz__2__par          -2.92571e-19
xdutr.xbias__xrt__1__par          -1.08083e-18
xdutr.xbias__na__par               1.33704e-19
xdutr.xbias__er__par                1.4271e-18
xdutr.xbias__nbtop__par           -1.08083e-18
xdutr.xbias__nbg__par             -3.78583e-19
xdutr.xbias__xrz__1__par          -2.92571e-19
xdutr.xbias__xrz__3__par          -2.92571e-19
xdutr.xbias__xr1__1__par          -1.08083e-18
xdutr.xbias__xr2__13__par           1.4271e-18
xdutr.xbias__xr2__11__par           1.4271e-18
xdutr.xbias__xr2__1__par            1.4271e-18
xdutr.xbias__xr2__3__par            1.4271e-18
xdutr.xbias__xr2__5__par            1.4271e-18
xdutr.xbias__xr2__7__par            1.4271e-18
xdutr.xbias__xr2__9__par            1.4271e-18
xdutr.xbias__pb__par              -1.35082e-19
xdutr.xbias__xr2__15__par           1.4271e-18
xdutr.bias_ok__par                -6.61466e-19
xdutr.xcmp__bias_okb__par         -7.56568e-21
xdutr.ctat__par                   -3.29259e-35
xdutr.resetn__par                 -1.67727e-18
xdutr.xtemp__enb__par              2.43784e-18
xdutr.ibias__par                  -3.54716e-19
xdutr.xtemp__m1d__par              3.13454e-34
xdutr.xtemp__m2d__par             -4.49386e-20
xdutr.xtemp__m3d__par             -1.82295e-34
xdutr.xtemp__n1__par               1.51579e-18
xdutr.xtemp__n2__par              -4.88601e-19
xdutr.xtemp__na__par               -3.2926e-35
xdutr.xtemp__nb__par               1.24471e-18
xdutr.xtemp__nbg__par             -4.27254e-20
xdutr.xtemp__nc__par               1.24471e-18
xdutr.xtemp__nd__par                         0
xdutr.xtemp__nr__par               -3.0946e-26
xdutr.xtemp__nt__par               2.64648e-19
xdutr.xtemp__nz__par              -4.88601e-19
xdutr.xtemp__pb__par              -5.03131e-19
xdutr.xtemp__pcas__par            -1.15956e-18
xdutr.xtemp__pg__par               3.98703e-20
xdutr.por_raw__par                  -1.755e-18
xdutr.ptat__par                    2.73181e-40
xdutr.xtemp__t0__par               6.52807e-43
xdutr.xtemp__t1__par               1.93547e-42
xdutr.xtemp__t2__par               4.48048e-42
xdutr.xtemp__t3__par               9.54847e-42
xdutr.xtemp__t4__par               1.96616e-41
xdutr.xtemp__t5__par               3.98654e-41
xdutr.vdd__par                               0
xdutr.vref__par                     1.4271e-18
xdutr.vss__par                               0
tk                                      398.15
btk#branch                         -3.9815e-07
vsupr#branch                       -1.6841e-28
vsup#branch                        1.59804e-28

 Reference value :  0.00000e+00
 Reference value :  9.45550e-05
 Reference value :  1.31467e-04
 Reference value :  1.50825e-04
 Reference value :  1.86629e-04
 Reference value :  2.39529e-04
 Reference value :  2.76471e-04
 Reference value :  3.10027e-04
 Reference value :  3.19958e-04
 Reference value :  3.20330e-04
 Reference value :  3.28828e-04
 Reference value :  3.37158e-04
 Reference value :  3.37378e-04
 Reference value :  3.44799e-04
 Reference value :  3.48025e-04
 Reference value :  3.48079e-04
 Reference value :  3.49841e-04
 Reference value :  3.64599e-04
 Reference value :  3.65189e-04
 Reference value :  3.69427e-04
 Reference value :  5.16775e-04
 Reference value :  7.74684e-04
 Reference value :  7.75250e-04
 Reference value :  7.75346e-04
 Reference value :  7.80246e-04
 Reference value :  7.85643e-04
 Reference value :  7.85805e-04
 Reference value :  7.89447e-04
 Reference value :  8.37798e-04
 Reference value :  8.47082e-04
 Reference value :  8.47174e-04
 Reference value :  8.49516e-04
 Reference value :  8.57318e-04
 Reference value :  8.57708e-04
 Reference value :  8.57761e-04
 Reference value :  8.63444e-04
 Reference value :  1.22005e-03
 Reference value :  1.95005e-03
 Reference value :  2.70005e-03
 Reference value :  3.44005e-03
 Reference value :  4.18005e-03
 Reference value :  4.94005e-03
 Reference value :  5.67005e-03
 Reference value :  6.41005e-03
 Reference value :  7.17005e-03
 Reference value :  7.93005e-03
 Reference value :  8.38735e-03
 Reference value :  8.42374e-03
 Reference value :  8.42616e-03
 Reference value :  8.42648e-03
 Reference value :  8.42665e-03
 Reference value :  8.42722e-03
 Reference value :  8.42851e-03
 Reference value :  8.42920e-03
 Reference value :  8.42947e-03
 Reference value :  8.43075e-03
 Reference value :  8.43311e-03
 Reference value :  8.49373e-03
 Reference value :  8.99236e-03
 Reference value :  9.03294e-03
 Reference value :  9.03686e-03
 Reference value :  9.03727e-03
 Reference value :  9.03748e-03
 Reference value :  9.03801e-03
 Reference value :  9.03913e-03
 Reference value :  9.03992e-03
 Reference value :  9.04009e-03
 Reference value :  9.04136e-03
 Reference value :  9.04297e-03
 Reference value :  9.08843e-03
 Reference value :  9.63291e-03
 Reference value :  1.03429e-02
 Reference value :  1.10929e-02
 Reference value :  1.18129e-02
 Reference value :  1.25629e-02
 Reference value :  1.32829e-02
 Reference value :  1.40029e-02
 Reference value :  1.47229e-02
 Reference value :  1.54529e-02
 Reference value :  1.61929e-02
 Reference value :  1.69429e-02
 Reference value :  1.76929e-02
 Reference value :  1.84229e-02
 Reference value :  1.91829e-02
 Reference value :  1.99229e-02
 Reference value :  2.06729e-02
 Reference value :  2.14329e-02
 Reference value :  2.21629e-02
 Reference value :  2.29029e-02
 Reference value :  2.36229e-02
 Reference value :  2.43429e-02
 Reference value :  2.50829e-02
 Reference value :  2.58329e-02
 Reference value :  2.65829e-02
 Reference value :  2.73329e-02
 Reference value :  2.80729e-02
 Reference value :  2.87829e-02
 Reference value :  2.95029e-02
 Reference value :  3.02429e-02
 Reference value :  3.09829e-02
 Reference value :  3.17129e-02
No. of Data Rows : 5358
iq_pre              =  -1.76685e-06 from=  1.50000e-03 to=  1.90005e-03
iq_post             =  -1.42889e-05 from=  2.80000e-02 to=  3.00029e-02
trel                =  9.03733e-03
vrst_post           =  3.63000e+00
vdd_post            =  3.63000e+00
vptat_post          =  1.71642e+00
vctat_post          =  4.68984e-01
vtk_post            =  3.98150e+02
vrstr_post          =  3.30000e+00
vptatr_post         =  1.71627e+00
vctatr_post         =  4.68984e-01
m_vptat_v = 1.7164210000e+00
m_vctat_v = 4.6898410000e-01
m_ptat_k_mvk = 4.3109908326e+00
m_terr_untrim_c = 1.9855861505e-01
m_terr_supply_c = 3.4115894711e-02
m_vctat_supply_mv = 4.0000000007e-04
m_vout_margin_v = 2.6898410000e-01
m_resetn_released_v = 3.6299990000e+00
m_resetn_ref_released_v = 3.2999990000e+00
m_t_release_ms = 9.0373290000e+00
m_iq_por_ua = 1.7668480000e+00
m_iq_total_ua = 1.4288890000e+01
m_temp_iq_ua = 1.2522042000e+01
Note: Simulation executed from .control section 

Warning: m=xx on .subckt line will override multiplier m hierarchy!

