
Note: Compatibility modes selected: hs a


Circuit: * por-vth @ fs_-40c_3.63v -- generated by sim/harness, do not edit

Doing analysis at TEMP = -40.000000 and TNOM = 27.000000

Using SPARSE 1.3 as Direct Linear Solver

Initial Transient Solution
--------------------------

Node                                   Voltage
----                                   -------
vdd                                          0
ptat                              -9.38516e-48
ctat                              -1.35289e-32
resetn                            -3.93091e-20
xdut.xtemp__pg                    -1.03833e-29
xdut.xtemp__nz                    -1.51146e-25
xdut.xbias__nbg                  -2.02977e-116
xdut.xbias__pb                    6.85861e-111
xdut.xbias__n1                    3.64721e-116
xdut.xbias__n2                   -2.03635e-109
xdut.xbias__pg                   -2.03926e-106
xdut.xbias__ks1                  -9.72286e-103
xdut.xbias__ks2                  -1.29714e-100
xdut.xbias__ks3                   -1.73045e-98
xdut.xbias__ks4                   -2.30849e-96
xdut.xbias__nkg                   -3.07962e-94
xdut.xbias__nkm                  -3.74855e-117
xdut.xbias__nokl                 -6.64919e-121
xdut.xbias__noko                 -1.92203e-116
xdut.xbias__nokx                 -7.43734e-122
xdut.bias_ok                     -3.55322e-103
xdut.xcmp__na                      4.06887e-44
xdut.xcmp__sns                               0
xdut.xcmp__tn                     -6.58222e-44
xdut.xcmp__cmpo                    5.01064e-44
xdut.vref                         -3.17343e-25
xdut.xcmp__nbg                    -1.44558e-23
xdut.ibias                         2.61642e-23
xdut.xcmp__bias_okb              -3.01362e-112
xdut.xcmp__snsb                              0
xdut.xcmp__n1                      1.86919e-59
xdut.por_raw                       1.32854e-68
xdut.xpor__pdn                    -2.18517e-61
xdut.xpor__ndl                     1.72574e-52
xdut.xpor__ndgn                    4.39566e-33
xdut.xpor__ndg                     1.66599e-34
xdut.xpor__pgdg                    2.16339e-29
xdut.xpor__pgdgb                  -3.81946e-33
xdut.xpor__tim                     1.95975e-34
xdut.xpor__nd1                    -6.18267e-24
xdut.xpor__trip                   -2.47886e-62
xdut.xpor__rstb                    1.77511e-29
xdut.xpor__nnand                   -6.1267e-29
xdut.xtemp__n1                    -1.88948e-25
xdut.xtemp__n2                    -1.51146e-25
xdut.xtemp__nbg                   -3.42137e-23
xdut.xtemp__enb                              0
xdut.xtemp__pb                      1.2712e-25
xdut.xtemp__pcas                  -1.14197e-23
xdut.xtemp__nd                     1.71493e-42
xdut.xtemp__nr                      1.2238e-77
xdut.xtemp__nt                    -3.77896e-25
xdut.xtemp__t5                    -1.37104e-48
xdut.xtemp__t4                    -6.77181e-49
xdut.xtemp__t3                    -3.29609e-49
xdut.xtemp__t2                    -1.55191e-49
xdut.xtemp__t1                    -6.73688e-50
xdut.xtemp__t0                    -2.28748e-50
xdut.xbias__na                    -3.17316e-25
xdut.xbias__nbtop                  7.05128e-26
xdut.xbias__nt                   -2.03507e-116
xdut.xbias__nb                     7.05128e-26
xdut.xbias__tok                  -1.09084e-123
xdut.xcmp__vdda                    6.05464e-49
xdut.xpor__ndgp                   -2.31575e-39
xdut.xpor__nts                    -1.95746e-38
xdut.xtemp__na                    -1.35289e-32
xdut.xtemp__nb                     2.78534e-38
xdut.xtemp__m1d                    1.07852e-33
xdut.xtemp__m2d                    3.18626e-36
xdut.xtemp__m3d                    4.68204e-41
xdut.xbias__ec                     7.05125e-26
xdut.xbias__er                    -3.17341e-25
xdut.xtemp__nc                     2.78534e-38
xdut.xbias__nz                   -2.03635e-109
xdut.x162.11                       2.78534e-38
xdut.x162.21                       2.78534e-38
xdut.xtemp__xr1__1                 2.78534e-38
xdut.x163.11                       2.78534e-38
xdut.x163.21                       2.78534e-38
xdut.x164.11                      -1.35289e-32
xdut.x164.21                      -1.35289e-32
xdut.xtemp__xriso__1              -1.35289e-32
xdut.x165.11                      -1.35289e-32
xdut.x165.21                      -1.35289e-32
xdut.x166.11                      -1.51146e-25
xdut.x166.21                      -1.51146e-25
xdut.xtemp__xrz__1                -1.51146e-25
xdut.xtemp__xrz__2                -1.51146e-25
xdut.x167.11                      -1.51146e-25
xdut.x167.21                      -1.51146e-25
xdut.x168.11                      -1.51146e-25
xdut.x168.21                      -1.51146e-25
xdut.xtemp__xrz__3                -1.51146e-25
xdut.xtemp__xrz__4                -1.51146e-25
xdut.x169.11                      -1.51146e-25
xdut.x169.21                      -1.51146e-25
xdut.x170.11                      -1.51146e-25
xdut.x170.21                      -1.51146e-25
xdut.xtemp__xrz__5                -1.51146e-25
xdut.xtemp__xrz__6                -1.51146e-25
xdut.x171.11                      -1.51146e-25
xdut.x171.21                      -1.51146e-25
xdut.x172.11                      -1.51146e-25
xdut.x172.21                      -1.51146e-25
xdut.xtemp__xrz__7                -1.51146e-25
xdut.xtemp__xrz__8                -1.51146e-25
xdut.x173.11                      -1.51146e-25
xdut.x173.21                      -1.51146e-25
xdut.x174.11                      -1.51146e-25
xdut.x174.21                      -1.51146e-25
xdut.xtemp__xrz__9                -1.51146e-25
xdut.x175.11                      -1.51146e-25
xdut.x175.21                      -1.51146e-25
xdut.x176.11                       -9.3846e-48
xdut.x176.21                       -9.0518e-48
xdut.xtemp__xr2f__1               -9.05124e-48
xdut.xtemp__xr2f__2               -8.71732e-48
xdut.x177.11                      -8.71788e-48
xdut.x177.21                      -9.05068e-48
xdut.x178.11                      -8.71675e-48
xdut.x178.21                      -8.38396e-48
xdut.xtemp__xr2f__3                -8.3834e-48
xdut.xtemp__xr2f__4               -8.04947e-48
xdut.x179.11                      -8.05004e-48
xdut.x179.21                      -8.38283e-48
xdut.x180.11                      -8.04891e-48
xdut.x180.21                      -7.71611e-48
xdut.xtemp__xr2f__5               -7.71555e-48
xdut.xtemp__xr2f__6               -7.38163e-48
xdut.x181.11                      -7.38219e-48
xdut.x181.21                      -7.71499e-48
xdut.x182.11                      -7.38107e-48
xdut.x182.21                      -7.04827e-48
xdut.xtemp__xr2f__7               -7.04771e-48
xdut.xtemp__xr2f__8               -6.71379e-48
xdut.x183.11                      -6.71435e-48
xdut.x183.21                      -7.04715e-48
xdut.x184.11                      -6.71322e-48
xdut.x184.21                      -6.38043e-48
xdut.xtemp__xr2f__9               -6.37987e-48
xdut.xtemp__xr2f__10              -6.04594e-48
xdut.x185.11                      -6.04651e-48
xdut.x185.21                       -6.3793e-48
xdut.x186.11                      -6.04538e-48
xdut.x186.21                      -5.71258e-48
xdut.xtemp__xr2f__11              -5.71202e-48
xdut.xtemp__xr2f__12               -5.3781e-48
xdut.x187.11                      -5.37866e-48
xdut.x187.21                      -5.71146e-48
xdut.x188.11                      -5.37754e-48
xdut.x188.21                      -5.04474e-48
xdut.xtemp__xr2f__13              -5.04418e-48
xdut.xtemp__xr2f__14              -4.71026e-48
xdut.x189.11                      -4.71082e-48
xdut.x189.21                      -5.04362e-48
xdut.x190.11                      -4.70969e-48
xdut.x190.21                       -4.3769e-48
xdut.xtemp__xr2f__15              -4.37634e-48
xdut.xtemp__xr2f__16              -4.04241e-48
xdut.x191.11                      -4.04298e-48
xdut.x191.21                      -4.37577e-48
xdut.x192.11                      -4.04185e-48
xdut.x192.21                      -3.70905e-48
xdut.xtemp__xr2f__17              -3.70849e-48
xdut.xtemp__xr2f__18              -3.37457e-48
xdut.x193.11                      -3.37513e-48
xdut.x193.21                      -3.70793e-48
xdut.x194.11                      -3.37401e-48
xdut.x194.21                      -3.04121e-48
xdut.xtemp__xr2f__19              -3.04065e-48
xdut.xtemp__xr2f__20              -2.70673e-48
xdut.x195.11                      -2.70729e-48
xdut.x195.21                      -3.04009e-48
xdut.x196.11                      -2.70616e-48
xdut.x196.21                      -2.37337e-48
xdut.xtemp__xr2f__21              -2.37281e-48
xdut.xtemp__xr2f__22              -2.03888e-48
xdut.x197.11                      -2.03945e-48
xdut.x197.21                      -2.37224e-48
xdut.x198.11                      -2.03832e-48
xdut.x198.21                      -1.70552e-48
xdut.xtemp__xr2f__23              -1.70496e-48
xdut.x199.11                       -1.3716e-48
xdut.x199.21                       -1.7044e-48
xdut.x200.11                      -1.37048e-48
xdut.x200.21                      -1.02467e-48
xdut.xtemp__xr2t5__1              -1.02411e-48
xdut.x201.11                      -6.77743e-49
xdut.x201.21                      -1.02355e-48
xdut.x202.11                      -6.76619e-49
xdut.x202.21                      -5.03957e-49
xdut.xtemp__xr2t4__1              -5.03395e-49
xdut.x203.11                      -3.30171e-49
xdut.x203.21                      -5.02833e-49
xdut.x204.11                      -3.29046e-49
xdut.x204.21                      -2.42962e-49
xdut.xtemp__xr2t3__1                -2.424e-49
xdut.x205.11                      -1.55753e-49
xdut.x205.21                      -2.41838e-49
xdut.x206.11                      -1.54629e-49
xdut.x206.21                      -1.11842e-49
xdut.xtemp__xr2t2__1               -1.1128e-49
xdut.x207.11                      -6.79311e-50
xdut.x207.21                      -1.10718e-49
xdut.x208.11                      -6.68064e-50
xdut.x208.21                      -4.56841e-50
xdut.xtemp__xr2t1__1              -4.51218e-50
xdut.x209.11                      -2.34371e-50
xdut.x209.21                      -4.45594e-50
xdut.x210.11                      -2.23124e-50
xdut.x210.21                      -1.19997e-50
xdut.xtemp__xr2t0__1              -1.14374e-50
xdut.x211.11                      -5.62336e-52
xdut.x211.21                      -1.08751e-50
xdut.x212.11                                 0
xdut.x212.21                                 0
xdut.x213.11                                 0
xdut.x213.21                                 0
xdut.x214.11                                 0
xdut.x214.21                                 0
xdut.x215.11                      -3.17343e-25
xdut.x215.21                      -3.17343e-25
xdut.xbias__xr2__1                -3.17343e-25
xdut.xbias__xr2__2                -3.17343e-25
xdut.x216.11                      -3.17343e-25
xdut.x216.21                      -3.17343e-25
xdut.x217.11                      -3.17343e-25
xdut.x217.21                      -3.17343e-25
xdut.xbias__xr2__3                -3.17343e-25
xdut.xbias__xr2__4                -3.17343e-25
xdut.x218.11                      -3.17343e-25
xdut.x218.21                      -3.17343e-25
xdut.x219.11                      -3.17343e-25
xdut.x219.21                      -3.17342e-25
xdut.xbias__xr2__5                -3.17342e-25
xdut.xbias__xr2__6                -3.17342e-25
xdut.x220.11                      -3.17342e-25
xdut.x220.21                      -3.17342e-25
xdut.x221.11                      -3.17342e-25
xdut.x221.21                      -3.17342e-25
xdut.xbias__xr2__7                -3.17342e-25
xdut.xbias__xr2__8                -3.17342e-25
xdut.x222.11                      -3.17342e-25
xdut.x222.21                      -3.17342e-25
xdut.x223.11                      -3.17342e-25
xdut.x223.21                      -3.17342e-25
xdut.xbias__xr2__9                -3.17342e-25
xdut.xbias__xr2__10               -3.17342e-25
xdut.x224.11                      -3.17342e-25
xdut.x224.21                      -3.17342e-25
xdut.x225.11                      -3.17342e-25
xdut.x225.21                      -3.17342e-25
xdut.xbias__xr2__11               -3.17342e-25
xdut.xbias__xr2__12               -3.17341e-25
xdut.x226.11                      -3.17341e-25
xdut.x226.21                      -3.17342e-25
xdut.x227.11                      -3.17341e-25
xdut.x227.21                      -3.17341e-25
xdut.xbias__xr2__13               -3.17341e-25
xdut.xbias__xr2__14               -3.17341e-25
xdut.x228.11                      -3.17341e-25
xdut.x228.21                      -3.17341e-25
xdut.x229.11                      -3.17341e-25
xdut.x229.21                      -3.17341e-25
xdut.xbias__xr2__15               -3.17341e-25
xdut.x230.11                      -3.17341e-25
xdut.x230.21                      -3.17341e-25
xdut.x231.11                     -2.03635e-109
xdut.x231.21                     -2.03635e-109
xdut.xbias__xrz__1               -2.03635e-109
xdut.xbias__xrz__2               -2.03635e-109
xdut.x232.11                     -2.03635e-109
xdut.x232.21                     -2.03635e-109
xdut.x233.11                     -2.03635e-109
xdut.x233.21                     -2.03635e-109
xdut.xbias__xrz__3               -2.03635e-109
xdut.x234.11                     -2.03635e-109
xdut.x234.21                     -2.03635e-109
xdut.x235.11                       7.05128e-26
xdut.x235.21                       7.05126e-26
xdut.xbias__xr1__1                 7.05126e-26
xdut.x236.11                       7.05125e-26
xdut.x236.21                       7.05126e-26
xdut.x237.11                       7.05128e-26
xdut.x237.21                       7.05128e-26
xdut.xbias__xrt__1                 7.05128e-26
xdut.x238.11                       7.05128e-26
xdut.x238.21                       7.05128e-26
xdut.xbias__nt__par              -2.03507e-116
xdut.xtemp__xrz__2__par           -1.51146e-25
xdut.xtemp__xrz__4__par           -1.51146e-25
xdut.xtemp__xrz__6__par           -1.51146e-25
xdut.xtemp__xrz__8__par           -1.51146e-25
xdut.xbias__n1__par               3.64721e-116
xdut.xtemp__xr2f__2__par          -8.71732e-48
xdut.xtemp__xr2f__4__par          -8.04947e-48
xdut.xtemp__xr2f__6__par          -7.38163e-48
xdut.xtemp__xr2f__8__par          -6.71379e-48
xdut.xtemp__xr2f__10__par         -6.04594e-48
xdut.xtemp__xr2f__12__par          -5.3781e-48
xdut.xtemp__xr2f__14__par         -4.71026e-48
xdut.xtemp__xr2f__16__par         -4.04241e-48
xdut.xtemp__xr2f__18__par         -3.37457e-48
xdut.xtemp__xr2f__20__par         -2.70673e-48
xdut.xbias__n2__par              -2.03635e-109
xdut.xtemp__xr2f__22__par         -2.03888e-48
xdut.xtemp__xr2t0__1__par         -1.14374e-50
xdut.xtemp__xr2t1__1__par         -4.51218e-50
xdut.xbias__tok__par             -1.09084e-123
xdut.xtemp__xr2t2__1__par          -1.1128e-49
xdut.xtemp__xr2t3__1__par           -2.424e-49
xdut.xbias__noko__par            -1.92203e-116
xdut.xtemp__xriso__1__par         -1.35289e-32
xdut.xtemp__xr2t4__1__par         -5.03395e-49
xdut.xtemp__xr1__1__par            2.78534e-38
xdut.xtemp__xrz__1__par           -1.51146e-25
xdut.xtemp__xrz__3__par           -1.51146e-25
xdut.xtemp__xrz__5__par           -1.51146e-25
xdut.xbias__nokl__par            -6.64919e-121
xdut.xtemp__xrz__7__par           -1.51146e-25
xdut.xtemp__xrz__9__par           -1.51146e-25
xdut.xtemp__xr2f__1__par          -9.05124e-48
xdut.xtemp__xr2f__3__par           -8.3834e-48
xdut.xtemp__xr2f__5__par          -7.71555e-48
xdut.xtemp__xr2f__7__par          -7.04771e-48
xdut.xtemp__xr2f__9__par          -6.37987e-48
xdut.xtemp__xr2f__11__par         -5.71202e-48
xdut.xtemp__xr2f__13__par         -5.04418e-48
xdut.xtemp__xr2f__15__par         -4.37634e-48
xdut.xbias__nkg__par              -3.07962e-94
xdut.xtemp__xr2f__17__par         -3.70849e-48
xdut.xtemp__xr2f__19__par         -3.04065e-48
xdut.xtemp__xr2f__21__par         -2.37281e-48
xdut.xtemp__xr2f__23__par         -1.70496e-48
xdut.xtemp__xr2t5__1__par         -1.02411e-48
xdut.xbias__nb__par                7.05128e-26
xdut.xcmp__vdda__par               6.05464e-49
xdut.xcmp__na__par                 4.06887e-44
xdut.xcmp__cmpo__par               5.01064e-44
xdut.xcmp__n1__par                 1.86919e-59
xdut.xcmp__tn__par                -6.58222e-44
xdut.xcmp__sns__par                          0
xdut.xcmp__nbg__par               -1.44558e-23
xdut.xcmp__snsb__par                         0
xdut.xpor__pdn__par               -2.18517e-61
xdut.xpor__ndl__par                1.72574e-52
xdut.xpor__ndgn__par               4.39566e-33
xdut.xpor__pgdg__par               2.16339e-29
xdut.xpor__pgdgb__par             -3.81946e-33
xdut.xpor__nd1__par               -6.18267e-24
xdut.xpor__nnand__par              -6.1267e-29
xdut.xpor__ndgp__par              -2.31575e-39
xdut.xpor__nts__par               -1.95746e-38
xdut.xpor__rstb__par               1.77511e-29
xdut.xbias__nkm__par             -3.74855e-117
xdut.xbias__nokx__par            -7.43734e-122
xdut.xbias__ks1__par             -9.72286e-103
xdut.xbias__ks2__par             -1.29714e-100
xdut.xbias__ks3__par              -1.73045e-98
xdut.xbias__ks4__par              -2.30849e-96
xdut.xbias__ec__par                7.05125e-26
xdut.xbias__nz__par              -2.03635e-109
xdut.xpor__ndg__par                1.66599e-34
xdut.xpor__tim__par                1.95975e-34
xdut.xpor__trip__par              -2.47886e-62
xdut.xbias__xr2__2__par           -3.17343e-25
xdut.xbias__xr2__4__par           -3.17343e-25
xdut.xbias__xr2__6__par           -3.17342e-25
xdut.xbias__xr2__8__par           -3.17342e-25
xdut.xbias__xr2__10__par          -3.17342e-25
xdut.xbias__xr2__12__par          -3.17341e-25
xdut.xbias__pg__par              -2.03926e-106
xdut.xbias__xr2__14__par          -3.17341e-25
xdut.xbias__xrz__2__par          -2.03635e-109
xdut.xbias__xrt__1__par            7.05128e-26
xdut.xbias__na__par               -3.17316e-25
xdut.xbias__er__par               -3.17341e-25
xdut.xbias__nbtop__par             7.05128e-26
xdut.xbias__nbg__par             -2.02977e-116
xdut.xbias__xrz__1__par          -2.03635e-109
xdut.xbias__xrz__3__par          -2.03635e-109
xdut.xbias__xr1__1__par            7.05126e-26
xdut.xbias__xr2__13__par          -3.17341e-25
xdut.xbias__xr2__11__par          -3.17342e-25
xdut.xbias__xr2__1__par           -3.17343e-25
xdut.xbias__xr2__3__par           -3.17343e-25
xdut.xbias__xr2__5__par           -3.17342e-25
xdut.xbias__xr2__7__par           -3.17342e-25
xdut.xbias__xr2__9__par           -3.17342e-25
xdut.xbias__pb__par               6.85861e-111
xdut.xbias__xr2__15__par          -3.17341e-25
xdut.bias_ok__par                -3.55322e-103
xdut.xcmp__bias_okb__par         -3.01362e-112
xdut.ctat__par                    -1.35289e-32
xdut.resetn__par                  -3.93091e-20
xdut.xtemp__enb__par                         0
xdut.ibias__par                    2.61642e-23
xdut.xtemp__m1d__par               1.07852e-33
xdut.xtemp__m2d__par               3.18626e-36
xdut.xtemp__m3d__par               4.68204e-41
xdut.xtemp__n1__par               -1.88948e-25
xdut.xtemp__n2__par               -1.51146e-25
xdut.xtemp__na__par               -1.35289e-32
xdut.xtemp__nb__par                2.78534e-38
xdut.xtemp__nbg__par              -3.42137e-23
xdut.xtemp__nc__par                2.78534e-38
xdut.xtemp__nd__par                1.71493e-42
xdut.xtemp__nr__par                 1.2238e-77
xdut.xtemp__nt__par               -3.77896e-25
xdut.xtemp__nz__par               -1.51146e-25
xdut.xtemp__pb__par                 1.2712e-25
xdut.xtemp__pcas__par             -1.14197e-23
xdut.xtemp__pg__par               -1.03833e-29
xdut.por_raw__par                  1.32854e-68
xdut.ptat__par                    -9.38516e-48
xdut.xtemp__t0__par               -2.28748e-50
xdut.xtemp__t1__par               -6.73688e-50
xdut.xtemp__t2__par               -1.55191e-49
xdut.xtemp__t3__par               -3.29609e-49
xdut.xtemp__t4__par               -6.77181e-49
xdut.xtemp__t5__par               -1.37104e-48
xdut.vdd__par                                0
xdut.vref__par                    -3.17343e-25
xdut.vss__par                                0
vsup#branch                       -3.76105e-32

 Reference value :  0.00000e+00
 Reference value :  3.84834e-04
 Reference value :  4.01323e-04
 Reference value :  6.36030e-04
 Reference value :  7.39152e-04
 Reference value :  7.94417e-04
 Reference value :  7.95177e-04
 Reference value :  8.43238e-04
 Reference value :  8.61111e-04
 Reference value :  1.98507e-03
 Reference value :  3.51657e-03
 Reference value :  3.53013e-03
 Reference value :  3.54869e-03
 Reference value :  3.55020e-03
 Reference value :  4.62110e-03
 Reference value :  6.31110e-03
 Reference value :  7.90973e-03
 Reference value :  9.57973e-03
 Reference value :  1.12397e-02
 Reference value :  1.28797e-02
 Reference value :  1.44889e-02
 Reference value :  1.47204e-02
 Reference value :  1.47211e-02
 Reference value :  1.47237e-02
 Reference value :  1.47262e-02
 Reference value :  1.47290e-02
 Reference value :  1.48957e-02
 Reference value :  1.66457e-02
 Reference value :  1.82357e-02
 Reference value :  1.87249e-02
 Reference value :  1.87259e-02
 Reference value :  1.87369e-02
 Reference value :  1.87370e-02
 Reference value :  1.87370e-02
 Reference value :  1.89208e-02
 Reference value :  2.04601e-02
 Reference value :  2.20665e-02
 Reference value :  2.36728e-02
 Reference value :  2.53428e-02
 Reference value :  2.70128e-02
 Reference value :  2.74060e-02
 Reference value :  2.74156e-02
 Reference value :  2.74251e-02
 Reference value :  2.77787e-02
 Reference value :  2.94687e-02
 Reference value :  3.11587e-02
 Reference value :  3.28987e-02
 Reference value :  3.45487e-02
 Reference value :  3.61987e-02
 Reference value :  3.78777e-02
 Reference value :  3.90371e-02
 Reference value :  3.90743e-02
 Reference value :  3.90745e-02
 Reference value :  3.90790e-02
 Reference value :  3.90805e-02
 Reference value :  3.90992e-02
 Reference value :  4.04786e-02
 Reference value :  4.21386e-02
 Reference value :  4.38486e-02
 Reference value :  4.55286e-02
 Reference value :  4.72186e-02
 Reference value :  4.77761e-02
 Reference value :  4.77773e-02
 Reference value :  4.77881e-02
 Reference value :  4.77881e-02
 Reference value :  4.77882e-02
 Reference value :  4.82828e-02
 Reference value :  4.99528e-02
 Reference value :  5.16000e-02
 Reference value :  5.32800e-02
 Reference value :  5.49549e-02
No. of Data Rows : 8651
vpor_rise           =  2.61355e+00
vpor_fall           =  2.41664e+00
t_rise2_s           =  2.74060e-02
t_fall2_s           =  4.77765e-02
vpor_rise_guard     =  2.60173e+00
vpor_fall_guard     =  2.43085e+00
vref_settle_early   =  1.19775e+00
vref_settle_late    =  1.19775e+00
por_raw_top         =  3.63000e+00
vdd_top             =  3.63000e+00
m_vpor_rise_v = 2.6135530000e+00
m_vpor_fall_v = 2.4166360000e+00
m_v_hys_mv = 1.9691700000e+02
m_rise_chatter_guard_ms = 2.7406040000e+01
m_fall_chatter_guard_ms = 4.7776500000e+01
m_vpor_rise_guard_v = 2.6017320000e+00
m_vpor_fall_guard_v = 2.4308500000e+00
m_v_hys_guard_mv = 1.7088200000e+02
m_v_hys_rate_guard_delta_mv = 2.6035000000e+01
m_vref_settle_early_v = 1.1977490000e+00
m_vref_settle_late_v = 1.1977510000e+00
m_vref_settle_drift_mv = 2.0000000001e-03
m_por_raw_hi_droop_mv = 0.0000000000e+00
Note: Simulation executed from .control section 

Warning: m=xx on .subckt line will override multiplier m hierarchy!

