
Note: Compatibility modes selected: hs a


Circuit: * por-output-chain-deglitch @ fs_27c_2.97v -- generated by sim/harness, do not edit

Doing analysis at TEMP = 27.000000 and TNOM = 27.000000

Using SPARSE 1.3 as Direct Linear Solver

Initial Transient Solution
--------------------------

Node                                   Voltage
----                                   -------
vdd                                          0
por_raw                                      0
nib1                              -1.84689e-19
ibias1                            -1.84689e-19
nib2                              -1.84689e-19
ibias2                            -1.84689e-19
vdd1                                         0
vdd2                                         0
resetn1                           -1.75224e-15
resetn2                           -1.75926e-15
xdut1.pdn__t0                      6.55579e-31
xdut1.ibias__t0                   -1.84689e-19
xdut1.vss__t0                     -6.15551e-42
xdut1.pgdgb__t2                    2.91868e-18
xdut1.pgdg__t3                     4.14143e-18
xdut1.vss__t1                     -1.04759e-29
xdut1.nd1__t1                      1.46037e-18
xdut1.ndl__t0                     -4.83289e-23
xdut1.vss__t2                      8.61256e-32
xdut1.ndg__t2                     -6.67481e-19
xdut1.por_raw__t1                            0
xdut1.ndgn__t0                    -2.51138e-18
xdut1.tim__t4                      1.02664e-18
xdut1.pgdgb__t3                    2.91868e-18
xdut1.vss__t3                     -3.92937e-30
xdut1.trip__t3                    -2.21605e-19
xdut1.nd1__t3                      1.46037e-18
xdut1.vss__t16                     1.31905e-30
xdut1.nd1__t2                      1.46037e-18
xdut1.resetn__t2                  -1.75224e-15
xdut1.vss__t15                    -1.45101e-29
xdut1.ndl__t1                     -4.83289e-23
xdut1.ndl__t2                     -4.83289e-23
xdut1.vss__t4                      2.79314e-34
xdut1.pgdg__t4                     4.14143e-18
xdut1.ndg__t3                     -6.67481e-19
xdut1.vss__t5                     -1.38862e-29
xdut1.rstb__t4                     3.87992e-19
xdut1.trip__t1                    -2.21605e-19
xdut1.nnand__t1                   -1.10211e-18
xdut1.nnand__t0                   -1.10211e-18
xdut1.pgdg__t5                     4.14143e-18
xdut1.vss__t14                     2.49998e-30
xdut1.ibias__t1                   -1.84689e-19
xdut1.ibias__t2                   -1.84689e-19
xdut1.vss__t6                      1.16051e-30
xdut1.ndgn__t1                    -2.51138e-18
xdut1.ndl__t3                     -4.83289e-23
xdut1.vss__t7                      1.06857e-29
xdut1.resetn__t0                  -1.75224e-15
xdut1.rstb__t0                     3.87992e-19
xdut1.vss__t8                       7.8672e-26
xdut1.nts__t0                      1.41821e-21
xdut1.pdn__t1                      6.55579e-31
xdut1.vdd__t0                      4.30803e-36
xdut1.trip__t2                    -2.21605e-19
xdut1.pdn__t6                      6.55579e-31
xdut1.vdd__t11                     1.41062e-35
xdut1.pgdg__t0                     4.14143e-18
xdut1.ndg__t0                     -6.67481e-19
xdut1.vdd__t1                      2.86587e-33
xdut1.rstb__t5                     3.87992e-19
xdut1.resetn__t3                  -1.75224e-15
xdut1.vdd__t10                    -8.46693e-35
xdut1.ndg__t1                     -6.67481e-19
xdut1.por_raw__t0                            0
xdut1.ndgp__t0                     1.18951e-20
xdut1.resetn__t1                  -1.75224e-15
xdut1.rstb__t1                     3.87992e-19
xdut1.vdd__t2                     -1.83476e-29
xdut1.pdn__t2                      6.55579e-31
xdut1.pdn__t3                      6.55579e-31
xdut1.vdd__t9                     -1.82776e-44
xdut1.ndl__t4                     -4.83289e-23
xdut1.pdn__t5                      6.55579e-31
xdut1.vdd__t3                      1.23435e-37
xdut1.pgdgb__t0                    2.91868e-18
xdut1.pgdg__t1                     4.14143e-18
xdut1.vdd__t4                      2.44675e-33
xdut1.tim__t5                      1.02664e-18
xdut1.pgdgb__t1                    2.91868e-18
xdut1.nts__t1                      1.41821e-21
xdut1.nd1__t0                      1.46037e-18
xdut1.tim__t6                      1.02664e-18
xdut1.vdd__t5                      2.88644e-32
xdut1.rstb__t2                     3.87992e-19
xdut1.trip__t0                    -2.21605e-19
xdut1.vdd__t6                     -5.77714e-33
xdut1.rstb__t3                     3.87992e-19
xdut1.pgdg__t2                     4.14143e-18
xdut1.vdd__t8                     -6.63579e-33
xdut1.ndgp__t1                     1.18951e-20
xdut1.pdn__t4                      6.55579e-31
xdut1.vdd__t7                      -1.7921e-32
xdut1.ndg__t4                     -6.67481e-19
xdut1.vss__t9                     -3.18092e-34
xdut1.tim__t0                      1.02664e-18
xdut1.vss__t10                     8.53568e-33
xdut1.tim__t3                      1.02664e-18
xdut1.vss__t13                     5.08759e-33
xdut1.tim__t2                      1.02664e-18
xdut1.vss__t12                     1.16816e-32
xdut1.tim__t1                      1.02664e-18
xdut1.vss__t11                     9.45973e-33
xdut1.ndgn                        -2.51138e-18
xdut1.ndg                         -6.67481e-19
xdut1.pgdg                         4.14143e-18
xdut1.tim                          1.02664e-18
xdut1.trip                        -2.21605e-19
xdut1.nnand                       -1.10211e-18
xdut1.ndgp                         1.18951e-20
xdut1.rstb                         3.87992e-19
xdut1.pdn                          6.55579e-31
xdut1.ndl                         -4.83289e-23
xdut1.pgdgb                        2.91868e-18
xdut1.nd1                          1.46037e-18
xdut1.nts                          1.41821e-21
xdut2.pdn__t0                      6.55579e-31
xdut2.ibias__t0                   -1.84689e-19
xdut2.vss__t0                     -6.15551e-42
xdut2.pgdgb__t2                    3.03227e-18
xdut2.pgdg__t3                     1.74116e-18
xdut2.vss__t1                     -1.08825e-29
xdut2.nd1__t1                      1.19616e-18
xdut2.ndl__t0                     -4.54212e-23
xdut2.vss__t2                      3.92707e-31
xdut2.ndg__t2                      1.53981e-18
xdut2.por_raw__t1                            0
xdut2.ndgn__t0                    -4.31897e-18
xdut2.tim__t4                      1.02992e-18
xdut2.pgdgb__t3                    3.03227e-18
xdut2.vss__t3                     -3.94207e-30
xdut2.trip__t3                    -6.21447e-19
xdut2.nd1__t3                      1.19616e-18
xdut2.vss__t16                     3.69924e-30
xdut2.nd1__t2                      1.19616e-18
xdut2.resetn__t2                  -1.75926e-15
xdut2.vss__t15                    -1.23366e-29
xdut2.ndl__t1                     -4.54212e-23
xdut2.ndl__t2                     -4.54212e-23
xdut2.vss__t4                      2.62509e-34
xdut2.pgdg__t4                     1.74116e-18
xdut2.ndg__t3                      1.53981e-18
xdut2.vss__t5                     -5.83447e-30
xdut2.rstb__t4                     2.50041e-19
xdut2.trip__t1                    -6.21447e-19
xdut2.nnand__t1                   -5.94659e-19
xdut2.nnand__t0                   -5.94659e-19
xdut2.pgdg__t5                     1.74116e-18
xdut2.vss__t14                     7.30434e-31
xdut2.ibias__t1                   -1.84689e-19
xdut2.ibias__t2                   -1.84689e-19
xdut2.vss__t6                      1.16051e-30
xdut2.ndgn__t1                    -4.31897e-18
xdut2.ndl__t3                     -4.54212e-23
xdut2.vss__t7                      9.33369e-30
xdut2.resetn__t0                  -1.75926e-15
xdut2.rstb__t0                     2.50041e-19
xdut2.vss__t8                      7.89872e-26
xdut2.nts__t0                      1.45167e-21
xdut2.pdn__t1                      6.55579e-31
xdut2.vdd__t0                      4.16018e-36
xdut2.trip__t2                    -6.21447e-19
xdut2.pdn__t6                      6.55579e-31
xdut2.vdd__t11                     3.95605e-35
xdut2.pgdg__t0                     1.74116e-18
xdut2.ndg__t0                      1.53981e-18
xdut2.vdd__t1                      -2.3199e-33
xdut2.rstb__t5                     2.50041e-19
xdut2.resetn__t3                  -1.75926e-15
xdut2.vdd__t10                    -7.63207e-35
xdut2.ndg__t1                      1.53981e-18
xdut2.por_raw__t0                            0
xdut2.ndgp__t0                     1.48594e-20
xdut2.resetn__t1                  -1.75926e-15
xdut2.rstb__t1                     2.50041e-19
xdut2.vdd__t2                     -1.84326e-29
xdut2.pdn__t2                      6.55579e-31
xdut2.pdn__t3                      6.55579e-31
xdut2.vdd__t9                     -1.82776e-44
xdut2.ndl__t4                     -4.54212e-23
xdut2.pdn__t5                      6.55579e-31
xdut2.vdd__t3                      1.16008e-37
xdut2.pgdgb__t0                    3.03227e-18
xdut2.pgdg__t1                     1.74116e-18
xdut2.vdd__t4                      1.03189e-33
xdut2.tim__t5                      1.02992e-18
xdut2.pgdgb__t1                    3.03227e-18
xdut2.nts__t1                      1.45167e-21
xdut2.nd1__t0                      1.19616e-18
xdut2.tim__t6                      1.02992e-18
xdut2.vdd__t5                      3.11041e-32
xdut2.rstb__t2                     2.50041e-19
xdut2.trip__t0                    -6.21447e-19
xdut2.vdd__t6                     -5.20751e-33
xdut2.rstb__t3                     2.50041e-19
xdut2.pgdg__t2                     1.74116e-18
xdut2.vdd__t8                     -5.98149e-33
xdut2.ndgp__t1                     1.48594e-20
xdut2.pdn__t4                      6.55579e-31
xdut2.vdd__t7                     -1.79952e-32
xdut2.ndg__t4                      1.53981e-18
xdut2.vss__t9                      7.33805e-34
xdut2.tim__t0                      1.02992e-18
xdut2.vss__t10                       8.563e-33
xdut2.tim__t3                      1.02992e-18
xdut2.vss__t13                     5.10388e-33
xdut2.tim__t2                      1.02992e-18
xdut2.vss__t12                      1.1719e-32
xdut2.tim__t1                      1.02992e-18
xdut2.vss__t11                     9.49002e-33
xdut2.ndgn                        -4.31897e-18
xdut2.ndg                          1.53981e-18
xdut2.pgdg                         1.74116e-18
xdut2.tim                          1.02992e-18
xdut2.trip                        -6.21447e-19
xdut2.nnand                       -5.94659e-19
xdut2.ndgp                         1.48594e-20
xdut2.rstb                         2.50041e-19
xdut2.pdn                          6.55579e-31
xdut2.ndl                         -4.54212e-23
xdut2.pgdgb                        3.03227e-18
xdut2.nd1                          1.19616e-18
xdut2.nts                          1.45167e-21
vd2#branch                         1.75257e-27
vd1#branch                         1.74439e-27
vib2#branch                                  0
vib1#branch                                  0
vpr#branch                                   0
vsup#branch                       -3.49696e-27

 Reference value :  0.00000e+00
 Reference value :  7.65104e-05
 Reference value :  1.14728e-04
 Reference value :  3.11336e-04
 Reference value :  3.64189e-04
 Reference value :  1.00104e-03
 Reference value :  1.10333e-03
 Reference value :  1.23215e-03
 Reference value :  2.32415e-03
 Reference value :  3.47015e-03
 Reference value :  4.66815e-03
 Reference value :  5.40035e-03
 Reference value :  6.24555e-03
 Reference value :  7.29355e-03
 Reference value :  8.44755e-03
 Reference value :  9.57355e-03
 Reference value :  1.06956e-02
 Reference value :  1.10077e-02
 Reference value :  1.11999e-02
 Reference value :  1.14645e-02
 Reference value :  1.20024e-02
 Reference value :  1.20119e-02
 Reference value :  1.20413e-02
 Reference value :  1.21090e-02
 Reference value :  1.30202e-02
 Reference value :  1.31211e-02
 Reference value :  1.32211e-02
No. of Data Rows : 11288
tpgr1               =  3.11391e-04
trel1               =  5.40051e-03
pgdgmin1            =  2.96719e+00 at=  1.00102e-03
vmax_chat1          =  1.99861e-07 at=  1.10000e-03
timpre1             =  3.23487e-01
timlo1              =  3.23898e-01 at=  9.99900e-04
pgdgminw            =  2.96636e+00 at=  1.32211e-02
timpre3             =  4.47028e-01
timlo3              =  4.47954e-01 at=  1.30010e-02
vmin_hold1          =  2.97000e+00 at=  1.12010e-02
tpgf1               =  1.20025e-02
pgdgmin2            =  5.67186e-03 at=  1.20300e-02
tpgf2               =  1.20121e-02
tasrt1              =  1.20024e-02
tvalid1             =  1.20025e-02
vmin_dip1           =  -3.83382e-07 at=  1.20025e-02
vmax_after1         =  3.39374e-09 at=  1.20559e-02
iasrt1              =  2.78117e-08 from=  1.50000e-04 to=  2.90555e-04
m_dwell_pgdg_1x_us = 2.4500000000e+00
m_pgdg_min_during_halfib_dip_v = 5.6718610000e-03
m_dwell_pgdg_stress_us = 1.2050000000e+01
m_dwell_resetn_1x_us = 2.4500000000e+00
m_reassert_validlow_us = 2.4500000000e+00
m_dwell_rise_1x_us = 1.1291200000e+01
m_tpulse_after_chatter_ms = 5.1004140000e+00
m_pgdg_min_during_chatter = 2.9671860000e+00
m_resetn_max_during_chatter = 1.9986070000e-07
m_resetn_min_after_release = 2.9699990000e+00
m_resetn_min_during_dip = -3.833818000e-07
m_resetn_max_after_dip = 3.3937380000e-09
m_pgdg_min_during_wide_chatter = 2.9663620000e+00
m_tim_min_during_wide_chatter_v = 4.4795360000e-01
m_tim_loss_wide_pct = -2.071460465e-01
m_tim_loss_1us_pct = -1.273004817e-01
m_iq_asserted_1x_na = 2.7811650000e+01
Note: Simulation executed from .control section 

Warning: m=xx on .subckt line will override multiplier m hierarchy!

