
Note: Compatibility modes selected: hs a


Circuit: * por-output-chain-deglitch @ ss_-40c_3.63v -- generated by sim/harness, do not edit

Doing analysis at TEMP = -40.000000 and TNOM = 27.000000

Using SPARSE 1.3 as Direct Linear Solver

Initial Transient Solution
--------------------------

Node                                   Voltage
----                                   -------
vdd                                          0
por_raw                                      0
nib1                               2.21321e-59
ibias1                             2.21321e-59
nib2                               2.21321e-59
ibias2                             2.21321e-59
vdd1                                         0
vdd2                                         0
resetn1                           -1.20597e-22
resetn2                           -1.20599e-22
xdut1.pdn__t0                     -1.78346e-52
xdut1.ibias__t0                    2.21321e-59
xdut1.vss__t0                      6.16599e-66
xdut1.pgdgb__t2                   -1.37065e-30
xdut1.pgdg__t3                    -1.58774e-27
xdut1.vss__t1                      1.11464e-43
xdut1.nd1__t1                      3.90885e-25
xdut1.ndl__t0                       4.4782e-48
xdut1.vss__t2                     -2.26306e-38
xdut1.ndg__t2                      3.46812e-29
xdut1.por_raw__t1                            0
xdut1.ndgn__t0                    -3.19508e-23
xdut1.tim__t4                      1.43419e-34
xdut1.pgdgb__t3                   -1.37065e-30
xdut1.vss__t3                     -1.45552e-47
xdut1.trip__t3                     3.86019e-39
xdut1.nd1__t3                      3.90885e-25
xdut1.vss__t16                    -1.27565e-51
xdut1.nd1__t2                      3.90885e-25
xdut1.resetn__t2                  -1.20597e-22
xdut1.vss__t15                    -1.01212e-37
xdut1.ndl__t1                       4.4782e-48
xdut1.ndl__t2                       4.4782e-48
xdut1.vss__t4                      -8.4497e-61
xdut1.pgdg__t4                    -1.58774e-27
xdut1.ndg__t3                      3.46812e-29
xdut1.vss__t5                      5.98331e-40
xdut1.rstb__t4                    -1.99143e-29
xdut1.trip__t1                     3.86019e-39
xdut1.nnand__t1                    6.27751e-31
xdut1.nnand__t0                    6.27751e-31
xdut1.pgdg__t5                    -1.58774e-27
xdut1.vss__t14                    -1.36252e-43
xdut1.ibias__t1                    2.21321e-59
xdut1.ibias__t2                    2.21321e-59
xdut1.vss__t6                     -1.39071e-70
xdut1.ndgn__t1                    -3.19508e-23
xdut1.ndl__t3                       4.4782e-48
xdut1.vss__t7                       1.0731e-34
xdut1.resetn__t0                  -1.20597e-22
xdut1.rstb__t0                    -1.99143e-29
xdut1.vss__t8                     -6.67728e-34
xdut1.nts__t0                      4.47822e-34
xdut1.pdn__t1                     -1.78346e-52
xdut1.vdd__t0                     -6.21561e-50
xdut1.trip__t2                     3.86019e-39
xdut1.pdn__t6                     -1.78346e-52
xdut1.vdd__t11                    -4.62352e-55
xdut1.pgdg__t0                    -1.58774e-27
xdut1.ndg__t0                      3.46812e-29
xdut1.vdd__t1                      1.28509e-42
xdut1.rstb__t5                    -1.99143e-29
xdut1.resetn__t3                  -1.20597e-22
xdut1.vdd__t10                     3.68668e-45
xdut1.ndg__t1                      3.46812e-29
xdut1.por_raw__t0                            0
xdut1.ndgp__t0                    -1.37207e-29
xdut1.resetn__t1                  -1.20597e-22
xdut1.rstb__t1                    -1.99143e-29
xdut1.vdd__t2                      8.26419e-37
xdut1.pdn__t2                     -1.78346e-52
xdut1.pdn__t3                     -1.78346e-52
xdut1.vdd__t9                      3.10174e-67
xdut1.ndl__t4                       4.4782e-48
xdut1.pdn__t5                     -1.78346e-52
xdut1.vdd__t3                     -5.84276e-63
xdut1.pgdgb__t0                   -1.37065e-30
xdut1.pgdg__t1                    -1.58774e-27
xdut1.vdd__t4                      6.43527e-45
xdut1.tim__t5                      1.43419e-34
xdut1.pgdgb__t1                   -1.37065e-30
xdut1.nts__t1                      4.47822e-34
xdut1.nd1__t0                      3.90885e-25
xdut1.tim__t6                      1.43419e-34
xdut1.vdd__t5                     -2.76728e-39
xdut1.rstb__t2                    -1.99143e-29
xdut1.trip__t0                     3.86019e-39
xdut1.vdd__t6                      1.75702e-43
xdut1.rstb__t3                    -1.99143e-29
xdut1.pgdg__t2                    -1.58774e-27
xdut1.vdd__t8                      2.01817e-43
xdut1.ndgp__t1                    -1.37207e-29
xdut1.pdn__t4                     -1.78346e-52
xdut1.vdd__t7                      1.60268e-44
xdut1.ndg__t4                      3.46812e-29
xdut1.vss__t9                      1.65478e-44
xdut1.tim__t0                      1.43419e-34
xdut1.vss__t10                     1.19388e-48
xdut1.tim__t3                      1.43419e-34
xdut1.vss__t13                     7.11598e-49
xdut1.tim__t2                      1.43419e-34
xdut1.vss__t12                      1.6339e-48
xdut1.tim__t1                      1.43419e-34
xdut1.vss__t11                     1.32313e-48
xdut1.ndgn                        -3.19508e-23
xdut1.ndg                          3.46812e-29
xdut1.pgdg                        -1.58774e-27
xdut1.tim                          1.43419e-34
xdut1.trip                         3.86019e-39
xdut1.nnand                        6.27751e-31
xdut1.ndgp                        -1.37207e-29
xdut1.rstb                        -1.99143e-29
xdut1.pdn                         -1.78346e-52
xdut1.ndl                           4.4782e-48
xdut1.pgdgb                       -1.37065e-30
xdut1.nd1                          3.90885e-25
xdut1.nts                          4.47822e-34
xdut2.pdn__t0                     -1.78346e-52
xdut2.ibias__t0                    2.21321e-59
xdut2.vss__t0                      6.16599e-66
xdut2.pgdgb__t2                   -1.37051e-30
xdut2.pgdg__t3                    -1.58766e-27
xdut2.vss__t1                      1.11452e-43
xdut2.nd1__t1                      4.35161e-25
xdut2.ndl__t0                      4.48649e-48
xdut2.vss__t2                      -2.5194e-38
xdut2.ndg__t2                      3.47651e-29
xdut2.por_raw__t1                            0
xdut2.ndgn__t0                    -3.19508e-23
xdut2.tim__t4                     -1.97426e-34
xdut2.pgdgb__t3                   -1.37051e-30
xdut2.vss__t3                      1.99954e-47
xdut2.trip__t3                        3.82e-39
xdut2.nd1__t3                      4.35161e-25
xdut2.vss__t16                    -1.25473e-51
xdut2.nd1__t2                      4.35161e-25
xdut2.resetn__t2                  -1.20599e-22
xdut2.vss__t15                    -1.12677e-37
xdut2.ndl__t1                      4.48649e-48
xdut2.ndl__t2                      4.48649e-48
xdut2.vss__t4                     -8.46535e-61
xdut2.pgdg__t4                    -1.58766e-27
xdut2.ndg__t3                      3.47651e-29
xdut2.vss__t5                        5.983e-40
xdut2.rstb__t4                    -1.97624e-29
xdut2.trip__t1                        3.82e-39
xdut2.nnand__t1                    6.22951e-31
xdut2.nnand__t0                    6.22951e-31
xdut2.pgdg__t5                    -1.58766e-27
xdut2.vss__t14                    -1.35168e-43
xdut2.ibias__t1                    2.21321e-59
xdut2.ibias__t2                    2.21321e-59
xdut2.vss__t6                     -1.39071e-70
xdut2.ndgn__t1                    -3.19508e-23
xdut2.ndl__t3                      4.48649e-48
xdut2.vss__t7                       1.0731e-34
xdut2.resetn__t0                  -1.20599e-22
xdut2.rstb__t0                    -1.97624e-29
xdut2.vss__t8                     -6.67688e-34
xdut2.nts__t0                      5.01101e-34
xdut2.pdn__t1                     -1.78346e-52
xdut2.vdd__t0                     -6.95253e-50
xdut2.trip__t2                        3.82e-39
xdut2.pdn__t6                     -1.78346e-52
xdut2.vdd__t11                      -4.577e-55
xdut2.pgdg__t0                    -1.58766e-27
xdut2.ndg__t0                      3.47651e-29
xdut2.vdd__t1                      1.28502e-42
xdut2.rstb__t5                    -1.97624e-29
xdut2.resetn__t3                  -1.20599e-22
xdut2.vdd__t10                     3.65856e-45
xdut2.ndg__t1                      3.47651e-29
xdut2.por_raw__t0                            0
xdut2.ndgp__t0                    -2.66111e-29
xdut2.resetn__t1                  -1.20599e-22
xdut2.rstb__t1                    -1.97624e-29
xdut2.vdd__t2                      8.26445e-37
xdut2.pdn__t2                     -1.78346e-52
xdut2.pdn__t3                     -1.78346e-52
xdut2.vdd__t9                      3.10174e-67
xdut2.ndl__t4                      4.48649e-48
xdut2.pdn__t5                     -1.78346e-52
xdut2.vdd__t3                     -5.85358e-63
xdut2.pgdgb__t0                   -1.37051e-30
xdut2.pgdg__t1                    -1.58766e-27
xdut2.vdd__t4                       6.4346e-45
xdut2.tim__t5                     -1.97426e-34
xdut2.pgdgb__t1                   -1.37051e-30
xdut2.nts__t1                      5.01101e-34
xdut2.nd1__t0                      4.35161e-25
xdut2.tim__t6                     -1.97426e-34
xdut2.vdd__t5                     -3.08073e-39
xdut2.rstb__t2                    -1.97624e-29
xdut2.trip__t0                        3.82e-39
xdut2.vdd__t6                      1.74362e-43
xdut2.rstb__t3                    -1.97624e-29
xdut2.pgdg__t2                    -1.58766e-27
xdut2.vdd__t8                      2.00277e-43
xdut2.ndgp__t1                    -2.66111e-29
xdut2.pdn__t4                     -1.78346e-52
xdut2.vdd__t7                       3.1111e-44
xdut2.ndg__t4                      3.47651e-29
xdut2.vss__t9                      1.65878e-44
xdut2.tim__t0                     -1.97426e-34
xdut2.vss__t10                    -1.64346e-48
xdut2.tim__t3                     -1.97426e-34
xdut2.vss__t13                    -9.79564e-49
xdut2.tim__t2                     -1.97426e-34
xdut2.vss__t12                    -2.24918e-48
xdut2.tim__t1                     -1.97426e-34
xdut2.vss__t11                    -1.82138e-48
xdut2.ndgn                        -3.19508e-23
xdut2.ndg                          3.47651e-29
xdut2.pgdg                        -1.58766e-27
xdut2.tim                         -1.97426e-34
xdut2.trip                            3.82e-39
xdut2.nnand                        6.22951e-31
xdut2.ndgp                        -2.66111e-29
xdut2.rstb                        -1.97624e-29
xdut2.pdn                         -1.78346e-52
xdut2.ndl                          4.48649e-48
xdut2.pgdgb                       -1.37051e-30
xdut2.nd1                          4.35161e-25
xdut2.nts                          5.01101e-34
vd2#branch                        -2.85006e-34
vd1#branch                        -2.85088e-34
vib2#branch                                  0
vib1#branch                                  0
vpr#branch                                   0
vsup#branch                        5.70093e-34

 Reference value :  2.00000e-08
 Reference value :  7.17662e-05
 Reference value :  1.20779e-04
 Reference value :  3.14171e-04
 Reference value :  3.70310e-04
 Reference value :  1.00103e-03
 Reference value :  1.10105e-03
 Reference value :  1.20713e-03
 Reference value :  2.24040e-03
 Reference value :  3.37040e-03
 Reference value :  4.52440e-03
 Reference value :  5.63840e-03
 Reference value :  6.77840e-03
 Reference value :  7.16032e-03
 Reference value :  8.31032e-03
 Reference value :  9.57832e-03
 Reference value :  1.06823e-02
 Reference value :  1.10095e-02
 Reference value :  1.11999e-02
 Reference value :  1.15148e-02
 Reference value :  1.20043e-02
 Reference value :  1.20214e-02
 Reference value :  1.20327e-02
 Reference value :  1.20722e-02
 Reference value :  1.30201e-02
 Reference value :  1.31211e-02
 Reference value :  1.32217e-02
No. of Data Rows : 11522
tpgr1               =  3.14184e-04
trel1               =  6.98322e-03
pgdgmin1            =  3.62950e+00 at=  1.10104e-03
vmax_chat1          =  2.16148e-07 at=  1.20000e-03
timpre1             =  3.03358e-01
timlo1              =  3.03744e-01 at=  9.99900e-04
pgdgminw            =  3.62949e+00 at=  1.32211e-02
timpre3             =  4.19021e-01
timlo3              =  4.20084e-01 at=  1.30015e-02
vmin_hold1          =  3.63000e+00 at=  1.11010e-02
tpgf1               =  1.20044e-02
pgdgmin2            =  3.15466e-02 at=  1.20300e-02
tpgf2               =  1.20217e-02
tasrt1              =  1.20044e-02
tvalid1             =  1.20044e-02
vmin_dip1           =  -3.17956e-07 at=  1.20044e-02
vmax_after1         =  4.09666e-09 at=  1.20604e-02
iasrt1              =  2.54050e-08 from=  1.50000e-04 to=  2.90892e-04
m_dwell_pgdg_1x_us = 4.3900000000e+00
m_pgdg_min_during_halfib_dip_v = 3.1546570000e-02
m_dwell_pgdg_stress_us = 2.1710000000e+01
m_dwell_resetn_1x_us = 4.3600000000e+00
m_reassert_validlow_us = 4.3700000000e+00
m_dwell_rise_1x_us = 1.4084000000e+01
m_tpulse_after_chatter_ms = 6.6831170000e+00
m_pgdg_min_during_chatter = 3.6294970000e+00
m_resetn_max_during_chatter = 2.1614780000e-07
m_resetn_min_after_release = 3.6299990000e+00
m_resetn_min_during_dip = -3.179558000e-07
m_resetn_max_after_dip = 4.0966560000e-09
m_pgdg_min_during_wide_chatter = 3.6294950000e+00
m_tim_min_during_wide_chatter_v = 4.2008360000e-01
m_tim_loss_wide_pct = -2.536150345e-01
m_tim_loss_1us_pct = -1.271105008e-01
m_iq_asserted_1x_na = 2.5405020000e+01
Note: Simulation executed from .control section 

Warning: m=xx on .subckt line will override multiplier m hierarchy!

