
Note: Compatibility modes selected: hs a


Circuit: * por-comparator-designer-check @ sf_125c_2.97v -- generated by sim/harness, do not edit

Doing analysis at TEMP = 125.000000 and TNOM = 27.000000

Using SPARSE 1.3 as Direct Linear Solver

Initial Transient Solution
--------------------------

Node                                   Voltage
----                                   -------
vddup                                        0
bias_okup                                 2.97
vrefup                                     1.2
ibiasup                               0.698333
xup.tn                            -1.44366e-23
xup.nbg                               0.698333
xup.bias_okb                                 0
xup.n1                             4.76717e-19
xup.cmpo                          -1.45913e-23
por_rawup                          9.74363e-20
xup.na                            -9.83745e-20
xup.sns                                      0
xup.snsb                                     0
xup.vdda                          -8.43766e-20
xup.x19.11                                   0
xup.x19.21                                   0
xup.x20.11                                   0
xup.x20.21                                   0
xup.x21.11                                   0
xup.x21.21                                   0
xup.sns__par                                 0
xup.nbg__par                          0.698333
xup.snsb__par                                0
xup.vdda__par                     -8.43766e-20
xup.na__par                       -9.83745e-20
xup.cmpo__par                     -1.45913e-23
xup.n1__par                        4.76717e-19
xup.tn__par                       -1.44366e-23
xup.bias_ok__par                          2.97
xup.bias_okb__par                            0
xup.ibias__par                        0.698333
xup.por_raw__par                   9.74363e-20
xup.vdd__par                                 0
xup.vref__par                              1.2
xup.vss__par                                 0
vddur                                        0
bias_okur                                 2.97
vrefur                                    1.26
ibiasur                               0.698333
xupr.tn                            5.60012e-24
xupr.nbg                              0.698333
xupr.bias_okb                                0
xupr.n1                            1.63536e-18
xupr.cmpo                          5.65459e-24
por_rawur                         -1.91842e-19
xupr.na                            3.81607e-20
xupr.sns                                     0
xupr.snsb                                    0
xupr.vdda                          3.27307e-20
xupr.x19.11                                  0
xupr.x19.21                                  0
xupr.x20.11                                  0
xupr.x20.21                                  0
xupr.x21.11                                  0
xupr.x21.21                                  0
xupr.sns__par                                0
xupr.nbg__par                         0.698333
xupr.snsb__par                               0
xupr.vdda__par                     3.27307e-20
xupr.na__par                       3.81607e-20
xupr.cmpo__par                     5.65459e-24
xupr.n1__par                       1.63536e-18
xupr.tn__par                       5.60012e-24
xupr.bias_ok__par                         2.97
xupr.bias_okb__par                           0
xupr.ibias__par                       0.698333
xupr.por_raw__par                 -1.91842e-19
xupr.vdd__par                                0
xupr.vref__par                            1.26
xupr.vss__par                                0
vdddn                                     2.97
bias_okdn                                 2.97
vrefdn                                     1.2
ibiasdn                               0.698333
xdn.tn                                0.685561
xdn.nbg                               0.698333
xdn.bias_okb                       3.63561e-08
xdn.n1                             3.65233e-08
xdn.cmpo                               2.96967
por_rawdn                                 2.97
xdn.na                                 2.48049
xdn.sns                                1.45105
xdn.snsb                              0.149085
xdn.vdda                               2.96987
xdn.x19.11                             1.45105
xdn.x19.21                                2.97
xdn.x20.11                            0.149087
xdn.x20.21                             1.45105
xdn.x21.11                         1.76269e-06
xdn.x21.21                            0.149084
xdn.sns__par                           1.45105
xdn.nbg__par                          0.698333
xdn.snsb__par                         0.149085
xdn.vdda__par                          2.96987
xdn.na__par                            2.48049
xdn.cmpo__par                          2.96967
xdn.n1__par                        3.65233e-08
xdn.tn__par                           0.685561
xdn.bias_ok__par                          2.97
xdn.bias_okb__par                  3.63561e-08
xdn.ibias__par                        0.698333
xdn.por_raw__par                          2.97
xdn.vdd__par                              2.97
xdn.vref__par                              1.2
xdn.vss__par                                 0
vddiq                                     2.97
bias_okiq                                 2.97
vrefiq                                     1.2
ibiasiq                               0.698333
xiq.tn                                0.685561
xiq.nbg                               0.698333
xiq.bias_okb                       3.63561e-08
xiq.n1                             3.65233e-08
xiq.cmpo                               2.96967
por_rawiq                                 2.97
xiq.na                                 2.48049
xiq.sns                                1.45105
xiq.snsb                              0.149085
xiq.vdda                               2.96987
xiq.x19.11                             1.45105
xiq.x19.21                                2.97
xiq.x20.11                            0.149087
xiq.x20.21                             1.45105
xiq.x21.11                         1.76269e-06
xiq.x21.21                            0.149084
xiq.sns__par                           1.45105
xiq.nbg__par                          0.698333
xiq.snsb__par                         0.149085
xiq.vdda__par                          2.96987
xiq.na__par                            2.48049
xiq.cmpo__par                          2.96967
xiq.n1__par                        3.65233e-08
xiq.tn__par                           0.685561
xiq.bias_ok__par                          2.97
xiq.bias_okb__par                  3.63561e-08
xiq.ibias__par                        0.698333
xiq.por_raw__par                          2.97
xiq.vdd__par                              2.97
xiq.vref__par                              1.2
xiq.vss__par                                 0
vdddis                                    2.97
bias_okdis                                   0
vrefdis                                    1.2
ibiasdis                              0.003278
xiqdis.tn                          2.23844e-07
xiqdis.nbg                         2.44939e-10
xiqdis.bias_okb                           2.97
xiqdis.n1                                 2.97
xiqdis.cmpo                        8.49599e-08
por_rawdis                         3.63561e-08
xiqdis.na                          3.31929e-07
xiqdis.sns                              1.3708
xiqdis.snsb                        5.21401e-05
xiqdis.vdda                           0.794198
xiqdis.x19.11                           1.3708
xiqdis.x19.21                             2.97
xiqdis.x20.11                       5.3996e-05
xiqdis.x20.21                           1.3708
xiqdis.x21.11                      6.16471e-10
xiqdis.x21.21                      5.21395e-05
xiqdis.sns__par                         1.3708
xiqdis.nbg__par                    2.44939e-10
xiqdis.snsb__par                   5.21401e-05
xiqdis.vdda__par                      0.794198
xiqdis.na__par                     3.31929e-07
xiqdis.cmpo__par                   8.49599e-08
xiqdis.n1__par                            2.97
xiqdis.tn__par                     2.23844e-07
xiqdis.bias_ok__par                          0
xiqdis.bias_okb__par                      2.97
xiqdis.ibias__par                     0.003278
xiqdis.por_raw__par                3.63561e-08
xiqdis.vdd__par                           2.97
xiqdis.vref__par                           1.2
xiqdis.vss__par                              0
vddown                                    2.97
bias_okown                                2.97
vrefown                                    1.2
vbrown                                    2.97
ibiasown                              0.698333
xiqown.tn                             0.685561
xiqown.nbg                            0.698333
xiqown.bias_okb                    3.63561e-08
xiqown.n1                          3.65233e-08
xiqown.cmpo                            2.96967
por_rawown                                2.97
xiqown.na                              2.48049
xiqown.sns                             1.45105
xiqown.snsb                           0.149085
xiqown.vdda                            2.96987
xiqown.x19.11                          1.45105
xiqown.x19.21                             2.97
xiqown.x20.11                         0.149087
xiqown.x20.21                          1.45105
xiqown.x21.11                      1.76269e-06
xiqown.x21.21                         0.149084
xiqown.sns__par                        1.45105
xiqown.nbg__par                       0.698333
xiqown.snsb__par                      0.149085
xiqown.vdda__par                       2.96987
xiqown.na__par                         2.48049
xiqown.cmpo__par                       2.96967
xiqown.n1__par                     3.65233e-08
xiqown.tn__par                        0.685561
xiqown.bias_ok__par                       2.97
xiqown.bias_okb__par               3.63561e-08
xiqown.ibias__par                     0.698333
xiqown.por_raw__par                       2.97
xiqown.vdd__par                           2.97
xiqown.vref__par                           1.2
xiqown.vss__par                              0
vbown#branch                            -5e-07
vrefown#branch                    -1.20509e-19
vokown#branch                      1.31304e-19
vsupown#branch                    -1.99995e-07
vrefdis#branch                    -1.20509e-19
vokdis#branch                                0
vsupdis#branch                    -6.51632e-07
vrefiq#branch                     -1.20509e-19
vokiq#branch                       1.31304e-19
vsupiq#branch                     -6.99995e-07
vrefdn#branch                     -1.20509e-19
vokdn#branch                       1.31304e-19
vsupdn#branch                     -6.99995e-07
vrefur#branch                     -1.44764e-19
vokur#branch                       1.31304e-19
vsupur#branch                           -5e-07
vrefup#branch                     -1.20509e-19
vokup#branch                       1.31304e-19
vsupup#branch                           -5e-07

 Reference value :  1.16752e-04
 Reference value :  1.77420e-03
 Reference value :  1.77904e-03
 Reference value :  3.72084e-03
 Reference value :  5.76084e-03
 Reference value :  7.99084e-03
 Reference value :  8.74391e-03
 Reference value :  9.17945e-03
 Reference value :  9.97593e-03
 Reference value :  1.20623e-02
No. of Data Rows : 3208
vpor_rise           =  2.59680e+00
vpor_rise_last      =  2.59680e+00
vpor_rise_vrefhi    =  2.72631e+00
vpor_fall           =  2.44253e+00
vpor_fall_last      =  2.44253e+00
por_at_0p5v         =  1.20384e-05
por_at_1v           =  1.49128e-07
por_at_2v           =  5.18815e-08
por_reassert        =  7.17943e-08
por_top             =  2.97000e+00
vdd_top             =  2.97000e+00
por_bot             =  -2.85414e-09
sns_top             =  1.45105e+00
iq_run              =  -6.99995e-07
iq_own              =  -1.99995e-07
iq_dis              =  -6.51632e-07
m_vpor_rise_v = 2.5967970000e+00
m_vpor_fall_v = 2.4425290000e+00
m_v_hys_mv = 1.5426800000e+02
m_vref_gain_frac = 9.9748266807e-01
m_rise_chatter_mv = 0.0000000000e+00
m_fall_chatter_mv = 0.0000000000e+00
m_por_hi_droop_mv = 0.0000000000e+00
m_por_reassert_mv = 7.1794320000e-05
m_por_tail_mv = -2.854139000e-06
m_por_at_0p5v_mv = 1.2038420000e-02
m_por_at_1v_mv = 1.4912810000e-04
m_por_at_2v_mv = 5.1881530000e-05
m_sns_released_v = 1.4510490000e+00
m_iq_run_ua = 6.9999490000e-01
m_iq_own_ua = 1.9999490000e-01
m_iq_dis_ua = 6.5163200000e-01
Note: Simulation executed from .control section 

Warning: m=xx on .subckt line will override multiplier m hierarchy!

