
Note: Compatibility modes selected: hs a


Circuit: * bias-core-ibias-sharing @ ff_125c_2.97v -- generated by sim/harness, do not edit

Doing analysis at TEMP = 125.000000 and TNOM = 27.000000

Using SPARSE 1.3 as Direct Linear Solver

Initial Transient Solution
--------------------------

Node                                   Voltage
----                                   -------
vdda                                         0
ena                                          0
niba                              -2.42982e-21
ibiasa                            -2.42982e-21
xbiasa.na                          6.20708e-26
xbiasa.pg                         -6.99163e-20
xbiasa.nbtop                       6.89025e-20
vrefa                              1.33406e-25
xbiasa.nbg                         -1.8263e-18
xbiasa.xrt.11                      6.89025e-20
xbiasa.xrt.21                      6.89027e-20
xbiasa.nb                          6.89027e-20
xbiasa.xr1.11                      6.89027e-20
xbiasa.xr1.21                       6.8907e-20
xbiasa.ec                           6.8907e-20
xbiasa.xr2.11                      1.33406e-25
xbiasa.xr2.21                      1.33509e-25
xbiasa.er                          1.33509e-25
xbiasa.pb                         -1.36206e-18
xbiasa.nt                         -5.87661e-19
xbiasa.n1                         -2.06635e-19
xbiasa.n2                          7.11091e-19
xbiasa.nz                          7.11091e-19
xbiasa.xrz.11                      7.11091e-19
xbiasa.xrz.21                      7.11091e-19
xbiasa.ks1                         2.68759e-19
xbiasa.ks2                         5.39344e-19
xbiasa.ks3                         8.13593e-19
xbiasa.ks4                         1.09337e-18
xbiasa.nkg                         1.38058e-18
xbiasa.nkm                         1.62494e-19
xbiasa.tok                        -5.57077e-20
xbiasa.noko                       -5.26157e-21
xbiasa.nokl                       -1.05308e-19
xbiasa.nokx                       -1.59036e-18
oka                               -1.44638e-18
xtempa.nbg                        -1.54268e-18
xtempa.enb                        -3.99662e-19
xtempa.pb                          1.82543e-19
xtempa.pcas                        7.78525e-20
xtempa.nt                          4.58186e-22
xtempa.n1                           1.5614e-18
xtempa.na                         -7.08065e-22
xtempa.n2                         -4.09714e-23
xtempa.nb                          1.00909e-18
xtempa.pg                         -4.35093e-27
xtempa.nz                         -4.09714e-23
xtempa.xrz.11                     -4.09714e-23
xtempa.xrz.21                     -4.09714e-23
xtempa.m1d                         4.26925e-21
xtempa.m2d                        -1.41714e-20
xtempa.m3d                         1.16092e-21
ptata                             -8.88366e-26
xtempa.nd                           1.6123e-18
xtempa.nr                          1.73397e-19
ctata                             -7.08052e-22
xtempa.nc                          1.00909e-18
xtempa.xr1.11                      1.00909e-18
xtempa.xr1.21                      1.00909e-18
xtempa.xr2f.11                    -8.88313e-26
xtempa.xr2f.21                     -1.2967e-26
xtempa.t5                         -1.29617e-26
xtempa.xr2t5.11                   -1.29565e-26
xtempa.xr2t5.21                   -6.38442e-27
xtempa.t4                         -6.37913e-27
xtempa.xr2t4.11                   -6.37384e-27
xtempa.xr2t4.21                   -3.09312e-27
xtempa.t3                         -3.08783e-27
xtempa.xr2t3.11                   -3.08254e-27
xtempa.xr2t3.21                   -1.44705e-27
xtempa.t2                         -1.44176e-27
xtempa.xr2t2.11                   -1.43647e-27
xtempa.xr2t2.21                   -6.23622e-28
xtempa.t1                         -6.18333e-28
xtempa.xr2t1.11                   -6.13044e-28
xtempa.xr2t1.21                   -2.11777e-28
xtempa.t0                         -2.06489e-28
xtempa.xr2t0.11                     -2.012e-28
xtempa.xr2t0.21                   -5.28858e-30
xtempa.xriso.11                   -7.08065e-22
xtempa.xriso.21                   -7.08052e-22
xcmpa.bias_okb                    -7.91875e-19
xcmpa.nbg                           1.0653e-18
xcmpa.sns                                    0
xcmpa.xrtop.11                               0
xcmpa.xrtop.21                               0
xcmpa.snsb                                   0
xcmpa.xrbot.11                               0
xcmpa.xrbot.21                               0
xcmpa.xrhys.11                               0
xcmpa.xrhys.21                               0
xcmpa.n1                           2.63488e-18
xcmpa.tn                          -8.70456e-19
xcmpa.na                           -8.0048e-19
xcmpa.cmpo                        -1.31963e-18
xcmpa.vdda                        -2.94955e-19
por_rawa                           -3.1456e-18
vddb                                         0
nibb                              -5.29746e-23
ibiasb                            -5.29746e-23
xbiasb.na                         -2.21325e-26
xbiasb.pg                         -5.18901e-19
xbiasb.nbtop                       6.44311e-20
vrefb                               1.4479e-25
xbiasb.nbg                        -1.54923e-18
xbiasb.xrt.11                      6.44311e-20
xbiasb.xrt.21                      6.44313e-20
xbiasb.nb                          6.44313e-20
xbiasb.xr1.11                      6.44313e-20
xbiasb.xr1.21                      6.44352e-20
xbiasb.ec                          6.44352e-20
xbiasb.xr2.11                       1.4479e-25
xbiasb.xr2.21                      1.44903e-25
xbiasb.er                          1.44903e-25
xbiasb.pb                         -3.57223e-19
xbiasb.nt                          1.04639e-18
xbiasb.n1                         -1.13928e-18
xbiasb.n2                         -5.84862e-19
xbiasb.nz                         -5.84862e-19
xbiasb.xrz.11                     -5.84862e-19
xbiasb.xrz.21                     -5.84862e-19
xbiasb.ks1                         2.29006e-19
xbiasb.ks2                         4.59568e-19
xbiasb.ks3                         6.93253e-19
xbiasb.ks4                         9.31648e-19
xbiasb.nkg                         1.17637e-18
xbiasb.nkm                         3.45161e-19
xbiasb.tok                         4.68861e-20
xbiasb.noko                        4.42837e-21
xbiasb.nokl                        8.86319e-20
xbiasb.nokx                       -2.05677e-19
okb                                -1.4589e-18
xcmpb.bias_okb                    -1.82489e-18
xcmpb.nbg                         -2.21078e-18
xcmpb.sns                                    0
xcmpb.xrtop.11                               0
xcmpb.xrtop.21                               0
xcmpb.snsb                                   0
xcmpb.xrbot.11                               0
xcmpb.xrbot.21                               0
xcmpb.xrhys.11                               0
xcmpb.xrhys.21                               0
xcmpb.n1                           3.17513e-18
xcmpb.tn                           3.13255e-22
xcmpb.na                            4.4547e-22
xcmpb.cmpo                         2.22752e-22
xcmpb.vdda                        -3.24959e-19
por_rawb                           8.54773e-19
vibb#branch                       -6.05136e-31
vsupb#branch                       7.19177e-29
viba#branch                       -7.20683e-31
vena#branch                                  0
vsupa#branch                      -6.97993e-29

 Reference value :  0.00000e+00
 Reference value :  1.98290e-05
 Reference value :  3.54432e-05
 Reference value :  3.58267e-05
 Reference value :  3.61363e-05
 Reference value :  1.02956e-04
 Reference value :  1.03535e-04
 Reference value :  1.96560e-04
 Reference value :  4.46576e-04
No. of Data Rows : 595
vib_a               =  6.02486e-03
vib_b               =  5.68365e-01
por_a               =  1.65551e-06
por_b               =  2.97000e+00
ok_a                =  2.96998e+00
ok_b                =  2.96998e+00
vref_a              =  1.19899e+00
iba                 =  1.08276e-06
vdda                =  2.97000e+00
vddb                =  2.97000e+00
m_vibias_shared_v = 6.0248620000e-03
m_vibias_control_v = 5.6836450000e-01
m_por_raw_shared_droop_mv = 2.9699983445e+03
m_por_raw_control_droop_mv = 9.9999999970e-04
m_bias_ok_shared_droop_mv = 1.6000000000e-02
m_bias_ok_control_droop_mv = 1.6000000000e-02
m_vref_shared_v = 1.1989940000e+00
m_ibias_delivered_na = 1.0827600000e+03
Note: Simulation executed from .control section 

Warning: m=xx on .subckt line will override multiplier m hierarchy!

