
Note: Compatibility modes selected: hs a


Circuit: * bias-core-ibias-sharing @ res_ss_125c_2.97v -- generated by sim/harness, do not edit

Doing analysis at TEMP = 125.000000 and TNOM = 27.000000

Using SPARSE 1.3 as Direct Linear Solver

Initial Transient Solution
--------------------------

Node                                   Voltage
----                                   -------
vdda                                         0
ena                                          0
niba                              -6.70478e-19
ibiasa                            -6.70478e-19
xbiasa.na                          1.93725e-18
xbiasa.pg                          1.58367e-18
xbiasa.nbtop                      -1.89704e-19
vrefa                              7.16105e-19
xbiasa.nbg                         1.01577e-18
xbiasa.xrt.11                     -1.89704e-19
xbiasa.xrt.21                     -1.89704e-19
xbiasa.nb                         -1.89704e-19
xbiasa.xr1.11                     -1.89704e-19
xbiasa.xr1.21                     -1.89704e-19
xbiasa.ec                         -1.89704e-19
xbiasa.xr2.11                      7.16105e-19
xbiasa.xr2.21                      7.16108e-19
xbiasa.er                          7.16108e-19
xbiasa.pb                         -6.52336e-21
xbiasa.nt                          5.68016e-19
xbiasa.n1                          -6.5488e-19
xbiasa.n2                         -1.20427e-19
xbiasa.nz                         -1.20427e-19
xbiasa.xrz.11                     -1.20427e-19
xbiasa.xrz.21                     -1.20427e-19
xbiasa.ks1                         1.27107e-19
xbiasa.ks2                        -2.16008e-19
xbiasa.ks3                        -1.14307e-19
xbiasa.ks4                         3.85055e-19
xbiasa.nkg                        -1.11334e-18
xbiasa.nkm                         1.04028e-18
xbiasa.tok                        -6.79183e-19
xbiasa.noko                        1.56865e-18
xbiasa.nokl                       -4.37948e-19
xbiasa.nokx                         2.9347e-19
oka                                1.01088e-18
xtempa.nbg                        -1.83125e-18
xtempa.enb                         1.65336e-18
xtempa.pb                          2.29369e-31
xtempa.pcas                       -2.72199e-18
xtempa.nt                           1.7649e-18
xtempa.n1                          1.77026e-18
xtempa.na                         -4.25494e-19
xtempa.n2                          1.76114e-18
xtempa.nb                         -9.52362e-19
xtempa.pg                          4.65145e-24
xtempa.nz                          1.76114e-18
xtempa.xrz.11                      1.76114e-18
xtempa.xrz.21                      1.76114e-18
xtempa.m1d                         9.25976e-19
xtempa.m2d                         3.91299e-19
xtempa.m3d                        -3.99696e-19
ptata                              2.55396e-25
xtempa.nd                          1.79883e-18
xtempa.nr                           2.0985e-19
ctata                             -4.25494e-19
xtempa.nc                         -9.52362e-19
xtempa.xr1.11                     -9.52362e-19
xtempa.xr1.21                     -9.52362e-19
xtempa.xr2f.11                     2.55386e-25
xtempa.xr2f.21                     3.72157e-26
xtempa.t5                          3.72056e-26
xtempa.xr2t5.11                    3.71954e-26
xtempa.xr2t5.21                    1.83023e-26
xtempa.t4                          1.82921e-26
xtempa.xr2t4.11                     1.8282e-26
xtempa.xr2t4.21                    8.84898e-27
xtempa.t3                          8.83884e-27
xtempa.xr2t3.11                     8.8287e-27
xtempa.xr2t3.21                    4.12578e-27
xtempa.t2                          4.11564e-27
xtempa.xr2t2.11                     4.1055e-27
xtempa.xr2t2.21                    1.76802e-27
xtempa.t1                          1.75788e-27
xtempa.xr2t1.11                    1.74774e-27
xtempa.xr2t1.21                    5.93811e-28
xtempa.t0                          5.83672e-28
xtempa.xr2t0.11                    5.73532e-28
xtempa.xr2t0.21                    1.01391e-29
xtempa.xriso.11                   -4.25494e-19
xtempa.xriso.21                   -4.25494e-19
xcmpa.bias_okb                    -1.00649e-18
xcmpa.nbg                          6.25721e-18
xcmpa.sns                         6.73643e-193
xcmpa.xrtop.11                    6.73642e-193
xcmpa.xrtop.21                    6.25437e-199
xcmpa.snsb                        1.25108e-192
xcmpa.xrbot.11                    1.25108e-192
xcmpa.xrbot.21                    6.73644e-193
xcmpa.xrhys.11                    1.18337e-197
xcmpa.xrhys.21                    1.25107e-192
xcmpa.n1                            8.0439e-19
xcmpa.tn                          -2.66933e-19
xcmpa.na                           1.74751e-18
xcmpa.cmpo                        -1.50989e-19
xcmpa.vdda                         4.42162e-19
por_rawa                          -6.13465e-19
vddb                                         0
nibb                              -1.16203e-18
ibiasb                            -1.16203e-18
xbiasb.na                          -1.0187e-18
xbiasb.pg                          1.61453e-18
xbiasb.nbtop                      -5.22508e-19
vrefb                             -8.78607e-19
xbiasb.nbg                         6.02983e-19
xbiasb.xrt.11                     -5.22508e-19
xbiasb.xrt.21                     -5.22508e-19
xbiasb.nb                         -5.22508e-19
xbiasb.xr1.11                     -5.22508e-19
xbiasb.xr1.21                     -5.22508e-19
xbiasb.ec                         -5.22508e-19
xbiasb.xr2.11                     -8.78607e-19
xbiasb.xr2.21                     -8.78611e-19
xbiasb.er                         -8.78611e-19
xbiasb.pb                          2.78638e-19
xbiasb.nt                          1.09915e-18
xbiasb.n1                          1.22896e-18
xbiasb.n2                          1.58713e-18
xbiasb.nz                          1.58713e-18
xbiasb.xrz.11                      1.58713e-18
xbiasb.xrz.21                      1.58713e-18
xbiasb.ks1                        -9.34946e-19
xbiasb.ks2                         2.46926e-19
xbiasb.ks3                        -7.65837e-20
xbiasb.ks4                         3.21192e-19
xbiasb.nkg                         1.55801e-18
xbiasb.nkm                        -2.26056e-19
xbiasb.tok                          2.5483e-20
xbiasb.noko                        1.72698e-19
xbiasb.nokl                        -2.4473e-19
xbiasb.nokx                       -1.18714e-18
okb                                1.06314e-18
xcmpb.bias_okb                    -1.70912e-18
xcmpb.nbg                         -3.78798e-18
xcmpb.sns                         7.02265e-167
xcmpb.xrtop.11                    7.02264e-167
xcmpb.xrtop.21                     6.5202e-173
xcmpb.snsb                        1.30424e-166
xcmpb.xrbot.11                    1.30424e-166
xcmpb.xrbot.21                    7.02265e-167
xcmpb.xrhys.11                    1.23365e-171
xcmpb.xrhys.21                    1.30423e-166
xcmpb.n1                          -8.81066e-19
xcmpb.tn                          -1.44469e-19
xcmpb.na                          -1.45313e-18
xcmpb.cmpo                         3.16353e-19
xcmpb.vdda                        -1.03317e-18
por_rawb                           8.82635e-19
vibb#branch                       -1.26141e-30
vsupb#branch                       3.39995e-30
viba#branch                       -8.73764e-29
vena#branch                                  0
vsupa#branch                       8.38302e-29

 Reference value :  0.00000e+00
 Reference value :  1.82259e-05
 Reference value :  4.00675e-05
 Reference value :  4.19216e-05
 Reference value :  4.21967e-05
 Reference value :  4.42415e-05
 Reference value :  1.07765e-04
 Reference value :  1.13646e-04
No. of Data Rows : 600
vib_a               =  3.99018e-03
vib_b               =  6.37218e-01
por_a               =  2.97000e+00
por_b               =  2.97000e+00
ok_a                =  2.97000e+00
ok_b                =  2.97000e+00
vref_a              =  1.18997e+00
iba                 =  6.49184e-07
vdda                =  2.97000e+00
vddb                =  2.97000e+00
m_vibias_shared_v = 3.9901780000e-03
m_vibias_control_v = 6.3721770000e-01
m_por_raw_shared_droop_mv = 9.9999999970e-04
m_por_raw_control_droop_mv = -3.000000000e-03
m_bias_ok_shared_droop_mv = 1.9999999998e-03
m_bias_ok_control_droop_mv = 1.9999999998e-03
m_vref_shared_v = 1.1899680000e+00
m_ibias_delivered_na = 6.4918430000e+02
Note: Simulation executed from .control section 

Warning: m=xx on .subckt line will override multiplier m hierarchy!

