
Note: Compatibility modes selected: hs a


Circuit: * bias-core-designer-check @ bjt_ss_-40c_3.63v -- generated by sim/harness, do not edit

Doing analysis at TEMP = -40.000000 and TNOM = 27.000000

Using SPARSE 1.3 as Direct Linear Solver

Initial Transient Solution
--------------------------

Node                                   Voltage
----                                   -------
vddst                                     3.63
nibst                                 0.762342
ibiasst                               0.762342
xst.na                                0.715409
xst.pg                                 2.79394
xst.nbtop                             0.717535
vrefst                                 1.20427
xst.nbg                               0.647069
xst.xrt.11                            0.717534
xst.xrt.21                            0.715419
xst.nb                                0.715417
xst.xr1.11                            0.715416
xst.xr1.21                            0.673538
xst.ec                                0.673537
xst.xr2.11                             1.20427
xst.xr2.21                            0.715334
xst.er                                0.715332
xst.pb                                 2.78892
xst.nt                                 2.03823
xst.n1                                0.617313
xst.n2                                0.612562
xst.nz                                0.612562
xst.xrz.11                            0.612562
xst.xrz.21                            0.612562
xst.ks1                                2.47575
xst.ks2                                 1.5485
xst.ks3                               0.836251
xst.ks4                               0.324215
xst.nkg                            3.82073e-08
xst.nkm                               0.626977
xst.tok                                2.03954
xst.noko                               1.66174
xst.nokl                              0.602268
xst.nokx                           9.55812e-05
bias_okst                                 3.63
vdds                                         0
nibs                              -2.81108e-23
ibiass                            -2.81108e-23
xs.na                                        0
xs.pg                             -7.88272e-22
xs.nbtop                                     0
vrefs                                        0
xs.nbg                             3.40905e-22
xs.xrt.11                                    0
xs.xrt.21                                    0
xs.nb                                        0
xs.xr1.11                                    0
xs.xr1.21                                    0
xs.ec                                        0
xs.xr2.11                                    0
xs.xr2.21                                    0
xs.er                                        0
xs.pb                             -3.40905e-22
xs.nt                              5.26278e-47
xs.n1                             -3.12568e-68
xs.n2                             -3.00183e-25
xs.nz                             -3.00184e-25
xs.xrz.11                         -3.00184e-25
xs.xrz.21                         -3.00183e-25
xs.ks1                            -4.04591e-73
xs.ks2                             1.18066e-51
xs.ks3                            -1.54508e-46
xs.ks4                            -2.75576e-42
xs.nkg                            -1.58224e-21
xs.nkm                             3.40937e-22
xs.tok                             1.22961e-28
xs.noko                           -2.27294e-22
xs.nokl                            3.40936e-22
xs.nokx                                      0
bias_oks                          8.49335e-274
es                                     1.20427
rels                                         0
rr9s                                  -1.08385
fos                                          1
vddf                                         0
nibf                               2.81108e-23
ibiasf                             2.81108e-23
xf.na                                        0
xf.pg                             -7.88272e-22
xf.nbtop                                     0
vreff                                        0
xf.nbg                             3.40905e-22
xf.xrt.11                                    0
xf.xrt.21                                    0
xf.nb                                        0
xf.xr1.11                                    0
xf.xr1.21                                    0
xf.ec                                        0
xf.xr2.11                                    0
xf.xr2.21                                    0
xf.er                                        0
xf.pb                             -3.40905e-22
xf.nt                              3.96463e-47
xf.n1                             -1.45687e-68
xf.n2                             -2.99916e-25
xf.nz                             -2.99917e-25
xf.xrz.11                         -2.99917e-25
xf.xrz.21                         -2.99916e-25
xf.ks1                             3.96641e-90
xf.ks2                            -3.69055e-69
xf.ks3                            -6.36107e-64
xf.ks4                             1.70533e-43
xf.nkg                             1.58224e-21
xf.nkm                             3.40937e-22
xf.tok                            -1.22961e-28
xf.noko                            2.27294e-22
xf.nokl                           -3.40936e-22
xf.nokx                                      0
bias_okf                          7.53215e-274
ef                                     1.20427
relf                                         0
fof                                          1
vddb                                         0
nibb                              -2.81108e-23
ibiasb                            -2.81108e-23
xb.na                                        0
xb.pg                             -7.88272e-22
xb.nbtop                                     0
vrefb                                        0
xb.nbg                             3.40905e-22
xb.xrt.11                                    0
xb.xrt.21                                    0
xb.nb                                        0
xb.xr1.11                                    0
xb.xr1.21                                    0
xb.ec                                        0
xb.xr2.11                                    0
xb.xr2.21                                    0
xb.er                                        0
xb.pb                             -3.40905e-22
xb.nt                              3.67894e-47
xb.n1                             -1.15328e-68
xb.n2                             -3.00183e-25
xb.nz                             -3.00184e-25
xb.xrz.11                         -3.00184e-25
xb.xrz.21                         -3.00183e-25
xb.ks1                            -3.75339e-73
xb.ks2                             -7.2702e-52
xb.ks3                            -1.99167e-46
xb.ks4                             2.19853e-42
xb.nkg                            -1.58224e-21
xb.nkm                             3.40937e-22
xb.tok                             -1.2295e-28
xb.noko                            2.27294e-22
xb.nokl                           -3.40936e-22
xb.nokx                                      0
bias_okb                          7.13716e-274
fob                                          1
vddd                                         0
nibd                              -2.81108e-23
ibiasd                            -2.81108e-23
xd.na                                        0
xd.pg                             -7.88281e-22
xd.nbtop                                     0
vrefd                                        0
xd.nbg                             3.40905e-22
xd.xrt.11                                    0
xd.xrt.21                                    0
xd.nb                                        0
xd.xr1.11                                    0
xd.xr1.21                                    0
xd.ec                                        0
xd.xr2.11                                    0
xd.xr2.21                                    0
xd.er                                        0
xd.pb                             -3.40897e-22
xd.nt                              4.87867e-47
xd.n1                             -9.01029e-69
xd.n2                             -3.00186e-25
xd.nz                             -3.00187e-25
xd.xrz.11                         -3.00187e-25
xd.xrz.21                         -3.00186e-25
xd.ks1                            -4.04591e-73
xd.ks2                             1.18066e-51
xd.ks3                            -1.54508e-46
xd.ks4                            -2.75576e-42
xd.nkg                            -1.58224e-21
xd.nkm                             3.40937e-22
xd.tok                             6.14829e-28
xd.noko                            2.27294e-22
xd.nokl                            3.40936e-22
xd.nokx                                      0
bias_okd                          7.83771e-274
fod                                          1
bfod#branch                                  0
bfob#branch                                  0
bfof#branch                                  0
brelf#branch                                 0
bef#branch                                   0
bfos#branch                                  0
brr9s#branch                                 0
brels#branch                                 0
bes#branch                                   0
vibd#branch                       -2.80972e-35
vsupd#branch                       1.48763e-34
vibb#branch                       -2.80972e-35
vsupb#branch                       -5.3311e-34
vibf#branch                        2.80972e-35
vsupf#branch                      -5.89444e-34
vibs#branch                       -2.80972e-35
vsups#branch                      -3.05826e-34
vibst#branch                       3.91272e-07
vsupst#branch                     -7.00026e-07

 Reference value :  0.00000e+00
 Reference value :  2.41605e-06
 Reference value :  4.17990e-06
 Reference value :  4.80852e-05
 Reference value :  1.00215e-04
 Reference value :  2.19158e-04
 Reference value :  4.00616e-04
 Reference value :  5.52182e-04
 Reference value :  6.17130e-04
 Reference value :  6.66729e-04
 Reference value :  8.10812e-04
 Reference value :  9.60084e-04
 Reference value :  1.10188e-03
 Reference value :  1.10820e-03
 Reference value :  1.21948e-03
 Reference value :  1.37957e-03
 Reference value :  1.56498e-03
 Reference value :  1.85298e-03
 Reference value :  2.20498e-03
 Reference value :  2.50098e-03
 Reference value :  2.76848e-03
 Reference value :  3.15248e-03
 Reference value :  3.49648e-03
 Reference value :  3.79248e-03
 Reference value :  4.18448e-03
 Reference value :  4.36048e-03
 Reference value :  4.54848e-03
 Reference value :  4.66448e-03
 Reference value :  4.83648e-03
 Reference value :  5.03248e-03
 Reference value :  5.20848e-03
 Reference value :  5.33648e-03
 Reference value :  5.46048e-03
 Reference value :  5.67648e-03
 Reference value :  5.87248e-03
 Reference value :  6.04448e-03
 Reference value :  6.20848e-03
 Reference value :  6.34448e-03
 Reference value :  6.50448e-03
 Reference value :  6.56798e-03
 Reference value :  6.76798e-03
 Reference value :  6.82780e-03
 Reference value :  6.89889e-03
 Reference value :  6.98289e-03
 Reference value :  7.03489e-03
 Reference value :  7.07768e-03
 Reference value :  7.16968e-03
 Reference value :  7.22568e-03
 Reference value :  7.27318e-03
 Reference value :  7.34518e-03
 Reference value :  7.42918e-03
 Reference value :  7.48068e-03
 Reference value :  7.57268e-03
 Reference value :  7.64468e-03
 Reference value :  7.70918e-03
 Reference value :  7.76418e-03
 Reference value :  7.78768e-03
 Reference value :  7.80768e-03
 Reference value :  7.84668e-03
 Reference value :  7.90568e-03
 Reference value :  7.94318e-03
 Reference value :  7.98068e-03
 Reference value :  8.00118e-03
 Reference value :  8.05618e-03
 Reference value :  8.08368e-03
 Reference value :  8.14768e-03
 Reference value :  8.18368e-03
 Reference value :  8.22018e-03
 Reference value :  8.26368e-03
 Reference value :  8.31468e-03
 Reference value :  8.36218e-03
 Reference value :  8.39368e-03
 Reference value :  8.44168e-03
 Reference value :  8.50168e-03
 Reference value :  8.56568e-03
 Reference value :  8.62968e-03
 Reference value :  8.65718e-03
 Reference value :  8.70468e-03
 Reference value :  8.74018e-03
 Reference value :  8.76018e-03
 Reference value :  8.79068e-03
 Reference value :  8.83918e-03
 Reference value :  8.89768e-03
 Reference value :  8.97368e-03
 Reference value :  9.00068e-03
 Reference value :  9.05218e-03
 Reference value :  9.08868e-03
 Reference value :  9.13518e-03
 Reference value :  9.17068e-03
 Reference value :  9.23068e-03
 Reference value :  9.26218e-03
 Reference value :  9.29768e-03
 Reference value :  9.32518e-03
 Reference value :  9.36418e-03
 Reference value :  9.40468e-03
 Reference value :  9.47168e-03
 Reference value :  9.51118e-03
 Reference value :  9.56268e-03
 Reference value :  9.59418e-03
 Reference value :  9.61768e-03
 Reference value :  9.66518e-03
 Reference value :  9.68518e-03
 Reference value :  9.72418e-03
 Reference value :  9.78368e-03
 Reference value :  9.83118e-03
 Reference value :  9.87868e-03
 Reference value :  9.97868e-03
 Reference value :  1.00067e-02
 Reference value :  1.00582e-02
 Reference value :  1.01207e-02
 Reference value :  1.01527e-02
 Reference value :  1.02002e-02
 Reference value :  1.02397e-02
 Reference value :  1.02877e-02
 Reference value :  1.03637e-02
 Reference value :  1.04042e-02
 Reference value :  1.04632e-02
 Reference value :  1.05032e-02
 Reference value :  1.05627e-02
 Reference value :  1.06307e-02
 Reference value :  1.06627e-02
 Reference value :  1.07062e-02
 Reference value :  1.07572e-02
 Reference value :  1.08052e-02
 Reference value :  1.08372e-02
 Reference value :  1.08837e-02
 Reference value :  1.09012e-02
 Reference value :  1.09467e-02
 Reference value :  1.10027e-02
 Reference value :  1.10547e-02
 Reference value :  1.11142e-02
 Reference value :  1.11982e-02
 Reference value :  1.12307e-02
 Reference value :  1.13177e-02
 Reference value :  1.13492e-02
 Reference value :  1.13807e-02
 Reference value :  1.14202e-02
 Reference value :  1.14877e-02
 Reference value :  1.15597e-02
 Reference value :  1.15952e-02
 Reference value :  1.16267e-02
 Reference value :  1.16707e-02
 Reference value :  1.17067e-02
 Reference value :  1.17572e-02
 Reference value :  1.18047e-02
 Reference value :  1.18372e-02
 Reference value :  1.19127e-02
 Reference value :  1.19682e-02
 Reference value :  1.20027e-02
 Reference value :  1.20422e-02
 Reference value :  1.20697e-02
 Reference value :  1.20972e-02
 Reference value :  1.21372e-02
 Reference value :  1.21752e-02
 Reference value :  1.22187e-02
 Reference value :  1.22622e-02
 Reference value :  1.22972e-02
 Reference value :  1.23452e-02
 Reference value :  1.23817e-02
 Reference value :  1.24247e-02
 Reference value :  1.24672e-02
 Reference value :  1.25192e-02
 Reference value :  1.25627e-02
 Reference value :  1.26067e-02
 Reference value :  1.26302e-02
 Reference value :  1.27022e-02
 Reference value :  1.27412e-02
 Reference value :  1.27927e-02
 Reference value :  1.28242e-02
 Reference value :  1.29077e-02
 Reference value :  1.30082e-02
 Reference value :  1.30432e-02
 Reference value :  1.31002e-02
 Reference value :  1.31497e-02
 Reference value :  1.31977e-02
 Reference value :  1.32247e-02
 Reference value :  1.32602e-02
 Reference value :  1.33117e-02
 Reference value :  1.33387e-02
 Reference value :  1.33902e-02
 Reference value :  1.34337e-02
 Reference value :  1.34612e-02
 Reference value :  1.35172e-02
 Reference value :  1.35607e-02
 Reference value :  1.35882e-02
 Reference value :  1.36362e-02
 Reference value :  1.36797e-02
 Reference value :  1.37557e-02
 Reference value :  1.38082e-02
 Reference value :  1.38752e-02
 Reference value :  1.39352e-02
 Reference value :  1.39677e-02
 Reference value :  1.40222e-02
 Reference value :  1.40862e-02
 Reference value :  1.41292e-02
 Reference value :  1.41642e-02
 Reference value :  1.42162e-02
 Reference value :  1.42722e-02
 Reference value :  1.43057e-02
 Reference value :  1.43467e-02
 Reference value :  1.44227e-02
 Reference value :  1.44782e-02
 Reference value :  1.45222e-02
 Reference value :  1.45857e-02
 Reference value :  1.46242e-02
 Reference value :  1.46637e-02
 Reference value :  1.47037e-02
 Reference value :  1.47562e-02
 Reference value :  1.47917e-02
 Reference value :  1.48432e-02
 Reference value :  1.49142e-02
 Reference value :  1.49787e-02
 Reference value :  1.50497e-02
 Reference value :  1.50977e-02
 Reference value :  1.51492e-02
 Reference value :  1.51887e-02
 Reference value :  1.52287e-02
 Reference value :  1.53157e-02
 Reference value :  1.53752e-02
 Reference value :  1.54267e-02
 Reference value :  1.54862e-02
 Reference value :  1.55387e-02
 Reference value :  1.55852e-02
 Reference value :  1.56372e-02
 Reference value :  1.56647e-02
 Reference value :  1.57282e-02
 Reference value :  1.57607e-02
 Reference value :  1.58112e-02
 Reference value :  1.58467e-02
 Reference value :  1.58897e-02
 Reference value :  1.59337e-02
 Reference value :  1.59652e-02
 Reference value :  1.60292e-02
 Reference value :  1.60727e-02
 Reference value :  1.61122e-02
 Reference value :  1.61557e-02
 Reference value :  1.62042e-02
 Reference value :  1.62507e-02
 Reference value :  1.63062e-02
 Reference value :  1.63582e-02
 Reference value :  1.63977e-02
 Reference value :  1.64382e-02
 Reference value :  1.65212e-02
 Reference value :  1.65687e-02
 Reference value :  1.65962e-02
 Reference value :  1.66362e-02
 Reference value :  1.66667e-02
 Reference value :  1.67182e-02
 Reference value :  1.67577e-02
 Reference value :  1.68497e-02
 Reference value :  1.68807e-02
 Reference value :  1.69202e-02
 Reference value :  1.69802e-02
 Reference value :  1.70207e-02
 Reference value :  1.70917e-02
 Reference value :  1.71517e-02
 Reference value :  1.71922e-02
 Reference value :  1.72592e-02
 Reference value :  1.73187e-02
 Reference value :  1.73822e-02
 Reference value :  1.74422e-02
 Reference value :  1.74877e-02
 Reference value :  1.75457e-02
 Reference value :  1.75857e-02
 Reference value :  1.76292e-02
 Reference value :  1.76722e-02
 Reference value :  1.77122e-02
 Reference value :  1.77507e-02
 Reference value :  1.77982e-02
 Reference value :  1.78622e-02
 Reference value :  1.79062e-02
 Reference value :  1.79457e-02
 Reference value :  1.80132e-02
 Reference value :  1.80732e-02
 Reference value :  1.81362e-02
 Reference value :  1.81847e-02
 Reference value :  1.82557e-02
 Reference value :  1.82992e-02
 Reference value :  1.83592e-02
 Reference value :  1.84147e-02
 Reference value :  1.84782e-02
 Reference value :  1.85542e-02
 Reference value :  1.86097e-02
 Reference value :  1.86657e-02
 Reference value :  1.87102e-02
 Reference value :  1.87532e-02
 Reference value :  1.88172e-02
 Reference value :  1.88647e-02
 Reference value :  1.89012e-02
 Reference value :  1.89562e-02
 Reference value :  1.90037e-02
 Reference value :  1.90277e-02
 Reference value :  1.90592e-02
 Reference value :  1.90977e-02
 Reference value :  1.91452e-02
 Reference value :  1.92047e-02
 Reference value :  1.92562e-02
 Reference value :  1.93042e-02
 Reference value :  1.93507e-02
 Reference value :  1.93982e-02
 Reference value :  1.94142e-02
 Reference value :  1.94772e-02
 Reference value :  1.95177e-02
 Reference value :  1.95847e-02
 Reference value :  1.96367e-02
 Reference value :  1.96607e-02
 Reference value :  1.97237e-02
 Reference value :  1.97552e-02
 Reference value :  1.97827e-02
 Reference value :  1.98222e-02
 Reference value :  1.98657e-02
 Reference value :  1.99097e-02
 Reference value :  1.99472e-02
 Reference value :  1.99807e-02
 Reference value :  2.00402e-02
 Reference value :  2.00962e-02
 Reference value :  2.01437e-02
 Reference value :  2.01792e-02
 Reference value :  2.02147e-02
 Reference value :  2.02662e-02
 Reference value :  2.03342e-02
 Reference value :  2.03902e-02
 Reference value :  2.04302e-02
 Reference value :  2.04617e-02
 Reference value :  2.05177e-02
 Reference value :  2.05817e-02
 Reference value :  2.06422e-02
 Reference value :  2.06772e-02
 Reference value :  2.07237e-02
 Reference value :  2.07792e-02
 Reference value :  2.08272e-02
 Reference value :  2.08777e-02
 Reference value :  2.09137e-02
 Reference value :  2.09492e-02
 Reference value :  2.10007e-02
 Reference value :  2.10647e-02
 Reference value :  2.11012e-02
 Reference value :  2.11477e-02
 Reference value :  2.12042e-02
 Reference value :  2.12667e-02
 Reference value :  2.13017e-02
 Reference value :  2.13492e-02
 Reference value :  2.13767e-02
 Reference value :  2.14077e-02
 Reference value :  2.14677e-02
 Reference value :  2.15027e-02
 Reference value :  2.15267e-02
 Reference value :  2.15652e-02
 Reference value :  2.15962e-02
 Reference value :  2.16237e-02
 Reference value :  2.16832e-02
 Reference value :  2.17472e-02
 Reference value :  2.17992e-02
 Reference value :  2.18427e-02
 Reference value :  2.18707e-02
 Reference value :  2.19072e-02
 Reference value :  2.19692e-02
 Reference value :  2.20172e-02
 Reference value :  2.20887e-02
 Reference value :  2.21247e-02
 Reference value :  2.21887e-02
 Reference value :  2.22202e-02
 Reference value :  2.22842e-02
 Reference value :  2.23362e-02
 Reference value :  2.23797e-02
 Reference value :  2.24202e-02
 Reference value :  2.24667e-02
 Reference value :  2.25022e-02
 Reference value :  2.25417e-02
 Reference value :  2.25777e-02
 Reference value :  2.26252e-02
 Reference value :  2.26602e-02
 Reference value :  2.27122e-02
 Reference value :  2.27517e-02
 Reference value :  2.28232e-02
 Reference value :  2.28672e-02
 Reference value :  2.29032e-02
 Reference value :  2.29547e-02
 Reference value :  2.30187e-02
 Reference value :  2.30742e-02
 Reference value :  2.31147e-02
 Reference value :  2.31657e-02
 Reference value :  2.32297e-02
 Reference value :  2.32652e-02
 Reference value :  2.32812e-02
 Reference value :  2.33327e-02
 Reference value :  2.34082e-02
 Reference value :  2.34902e-02
 Reference value :  2.35377e-02
 Reference value :  2.35657e-02
 Reference value :  2.36202e-02
 Reference value :  2.36482e-02
 Reference value :  2.37112e-02
 Reference value :  2.37547e-02
 Reference value :  2.38262e-02
 Reference value :  2.39022e-02
 Reference value :  2.39257e-02
 Reference value :  2.39777e-02
 Reference value :  2.40252e-02
 Reference value :  2.40692e-02
 Reference value :  2.41252e-02
 Reference value :  2.42052e-02
 Reference value :  2.42567e-02
 Reference value :  2.42852e-02
 Reference value :  2.43482e-02
 Reference value :  2.44167e-02
 Reference value :  2.44512e-02
 Reference value :  2.44827e-02
 Reference value :  2.45302e-02
 Reference value :  2.45817e-02
 Reference value :  2.46412e-02
 Reference value :  2.46972e-02
 Reference value :  2.47367e-02
 Reference value :  2.48002e-02
 Reference value :  2.48202e-02
 Reference value :  2.48952e-02
 Reference value :  2.49342e-02
 Reference value :  2.50102e-02
 Reference value :  2.50667e-02
 Reference value :  2.51252e-02
 Reference value :  2.51892e-02
 Reference value :  2.52297e-02
 Reference value :  2.52922e-02
 Reference value :  2.53397e-02
 Reference value :  2.53997e-02
 Reference value :  2.54307e-02
 Reference value :  2.54902e-02
 Reference value :  2.55497e-02
 Reference value :  2.56252e-02
 Reference value :  2.56767e-02
 Reference value :  2.57367e-02
 Reference value :  2.58127e-02
 Reference value :  2.58642e-02
 Reference value :  2.59202e-02
 Reference value :  2.59517e-02
 Reference value :  2.60162e-02
 Reference value :  2.60552e-02
 Reference value :  2.60792e-02
 Reference value :  2.61187e-02
 Reference value :  2.61457e-02
 Reference value :  2.62057e-02
 Reference value :  2.62732e-02
 Reference value :  2.63047e-02
 Reference value :  2.63642e-02
 Reference value :  2.64242e-02
 Reference value :  2.64602e-02
 Reference value :  2.65242e-02
 Reference value :  2.65597e-02
 Reference value :  2.66277e-02
 Reference value :  2.66597e-02
 Reference value :  2.67182e-02
 Reference value :  2.67737e-02
 Reference value :  2.67982e-02
 Reference value :  2.68577e-02
 Reference value :  2.69047e-02
 Reference value :  2.69647e-02
 Reference value :  2.70327e-02
 Reference value :  2.70557e-02
 Reference value :  2.70762e-02
 Reference value :  2.71347e-02
 Reference value :  2.71582e-02
 Reference value :  2.71982e-02
 Reference value :  2.72257e-02
 Reference value :  2.72732e-02
 Reference value :  2.73292e-02
 Reference value :  2.73812e-02
 Reference value :  2.74612e-02
 Reference value :  2.74842e-02
 Reference value :  2.75202e-02
 Reference value :  2.75712e-02
 Reference value :  2.76277e-02
 Reference value :  2.76667e-02
 Reference value :  2.77227e-02
 Reference value :  2.77537e-02
 Reference value :  2.78217e-02
 Reference value :  2.78612e-02
 Reference value :  2.79047e-02
 Reference value :  2.79367e-02
 Reference value :  2.79952e-02
 Reference value :  2.80307e-02
 Reference value :  2.80752e-02
 Reference value :  2.81297e-02
 Reference value :  2.81812e-02
 Reference value :  2.82287e-02
 Reference value :  2.82727e-02
 Reference value :  2.83087e-02
 Reference value :  2.83522e-02
 Reference value :  2.83842e-02
 Reference value :  2.84227e-02
 Reference value :  2.84912e-02
 Reference value :  2.85582e-02
 Reference value :  2.86097e-02
 Reference value :  2.86537e-02
 Reference value :  2.87047e-02
 Reference value :  2.87652e-02
 Reference value :  2.88242e-02
 Reference value :  2.88757e-02
 Reference value :  2.89312e-02
 Reference value :  2.89632e-02
 Reference value :  2.90107e-02
 Reference value :  2.90582e-02
 Reference value :  2.91492e-02
 Reference value :  2.92162e-02
 Reference value :  2.92807e-02
 Reference value :  2.93517e-02
 Reference value :  2.94157e-02
 Reference value :  2.94837e-02
 Reference value :  2.95232e-02
 Reference value :  2.95812e-02
 Reference value :  2.96612e-02
 Reference value :  2.97127e-02
 Reference value :  2.97562e-02
 Reference value :  2.98352e-02
 Reference value :  2.99027e-02
 Reference value :  2.99817e-02
No. of Data Rows : 8992
vref_op             =  1.20427e+00
vref_st             =  1.20427e+00
ok_st               =  3.63000e+00
vdd_st              =  3.63000e+00
iq_st               =  -7.00026e-07
ib_st               =  3.91272e-07
t_set               =  5.22890e-04
vdd_drop            =  1.54795e+00
t_oks               =  2.19218e-04
err_at_ok           =  1.33045e-01
relv_slow           =  3.00574e+00
err_at_relv         =  1.82989e-01
relv_fast           =  3.63000e+00
okf_at_1v           =  4.25519e-05
errf_end            =  8.86187e-08
bo_pre              =  1.20427e+00
bo_mid              =  1.20427e+00
bo_dpre             =  1.20427e+00
bo_post             =  1.20427e+00
ok_bo_dip           =  1.58707e-01
t_bo_rec            =  1.38985e-03
t_false_s           =  1.81500e-08 from=  0.00000e+00 to=  3.00000e-02
t_false_f           =  6.28120e-03 from=  0.00000e+00 to=  3.00000e-02
t_false_b           =  2.09704e-04 from=  0.00000e+00 to=  3.00000e-02
t_false_d           =  3.67288e-04 from=  0.00000e+00 to=  3.00000e-02
ok_bo_end           =  3.63000e+00
vdd_bo              =  3.63000e+00
m_vref_op_v = 1.2042730000e+00
m_vref_v = 1.2042730000e+00
m_ok_droop_mv = 0.0000000000e+00
m_iq_por_ua = 7.0002610000e-01
m_ibias_na = 3.9127210000e+02
m_iq_own_ua = 3.0875400000e-01
m_t_settle_us = 2.2890200000e+01
m_err_at_relv_mv = 1.8298910000e+02
m_vdd_ref90_v = 1.5479510000e+00
m_t_bo_recover_us = 2.7985200000e+02
m_t_false_ok_slow_us = 1.8150000000e-02
m_t_false_ok_fast_us = 6.2812040000e+03
m_t_false_ok_brownout_us = 5.7699210000e+02
m_err_at_ok_mv = 1.3304500000e+02
m_t_ok_us = 2.1921790000e+02
m_relv_slow_v = 3.0057390000e+00
m_relv_fast_v = 3.6300000000e+00
m_okf_at_1v_mv = 4.2551930000e-02
m_err_fast_end_mv = 8.8618680000e-05
m_bo_shallow_ppm = 8.3037719047e-01
m_bo_deep_ppm = 0.0000000000e+00
m_ok_bo_dip_mv = 1.5870670000e+02
m_ok_bo_end_droop_mv = 0.0000000000e+00
Note: Simulation executed from .control section 

Warning: m=xx on .subckt line will override multiplier m hierarchy!

