
Note: Compatibility modes selected: hs a


Circuit: * bias-core-designer-check @ ff_125c_2.97v -- generated by sim/harness, do not edit

Doing analysis at TEMP = 125.000000 and TNOM = 27.000000

Using SPARSE 1.3 as Direct Linear Solver

Initial Transient Solution
--------------------------

Node                                   Voltage
----                                   -------
vddst                                     2.97
nibst                                 0.568374
ibiasst                               0.568374
xst.na                                0.364449
xst.pg                                 2.38455
xst.nbtop                             0.368068
vrefst                                 1.19899
xst.nbg                                0.39194
xst.xrt.11                            0.368066
xst.xrt.21                            0.364455
xst.nb                                0.364453
xst.xr1.11                             0.36445
xst.xr1.21                            0.292961
xst.ec                                0.292959
xst.xr2.11                             1.19899
xst.xr2.21                             0.36432
xst.er                                0.364318
xst.pb                                  2.3799
xst.nt                                 1.35059
xst.n1                                0.352243
xst.n2                                0.350073
xst.nz                                0.350073
xst.xrz.11                            0.350073
xst.xrz.21                            0.350073
xst.ks1                                2.06759
xst.ks2                                1.33707
xst.ks3                               0.761997
xst.ks4                               0.323652
xst.nkg                             0.00136331
xst.nkm                               0.355373
xst.tok                                1.35258
xst.noko                               1.24716
xst.nokl                              0.315979
xst.nokx                           0.000692602
bias_okst                              2.96998
vdds                                         0
nibs                              1.14157e-137
ibiass                            1.14157e-137
xs.na                            -4.93237e-181
xs.pg                              1.9793e-149
xs.nbtop                         -8.53438e-157
vrefs                              4.0159e-189
xs.nbg                            2.99321e-164
xs.xrt.11                        -8.53438e-157
xs.xrt.21                         -8.5344e-157
xs.nb                             -8.5344e-157
xs.xr1.11                         -8.5344e-157
xs.xr1.21                        -8.53492e-157
xs.ec                            -8.53492e-157
xs.xr2.11                          4.0159e-189
xs.xr2.21                         4.01854e-189
xs.er                             4.01854e-189
xs.pb                             7.39545e-164
xs.nt                             5.99734e-154
xs.n1                            -2.06982e-153
xs.n2                             6.35779e-155
xs.nz                             6.35932e-155
xs.xrz.11                         6.35932e-155
xs.xrz.21                         6.35779e-155
xs.ks1                            6.79448e-141
xs.ks2                            1.36363e-140
xs.ks3                            2.05715e-140
xs.ks4                            2.76442e-140
xs.nkg                            3.48945e-140
xs.nkm                            2.98114e-164
xs.tok                            5.48779e-162
xs.noko                           5.64174e-163
xs.nokl                           1.03278e-161
xs.nokx                           3.36118e-163
bias_oks                         -6.02455e-134
es                                     1.19899
rels                                        -1
rr9s                                  -1.07909
fos                                          0
vddf                                         0
nibf                              1.14157e-137
ibiasf                            1.14157e-137
xf.na                            -4.93237e-181
xf.pg                              1.9793e-149
xf.nbtop                         -8.53438e-157
vreff                             4.01612e-189
xf.nbg                            2.99321e-164
xf.xrt.11                        -8.53438e-157
xf.xrt.21                        -8.53441e-157
xf.nb                            -8.53441e-157
xf.xr1.11                        -8.53441e-157
xf.xr1.21                        -8.53493e-157
xf.ec                            -8.53493e-157
xf.xr2.11                         4.01612e-189
xf.xr2.21                         4.01876e-189
xf.er                             4.01876e-189
xf.pb                             7.39545e-164
xf.nt                             5.99734e-154
xf.n1                            -2.06982e-153
xf.n2                             6.35781e-155
xf.nz                             6.35934e-155
xf.xrz.11                         6.35934e-155
xf.xrz.21                         6.35781e-155
xf.ks1                            6.79491e-141
xf.ks2                            1.36371e-140
xf.ks3                            2.05728e-140
xf.ks4                            2.76459e-140
xf.nkg                            3.48966e-140
xf.nkm                            2.98114e-164
xf.tok                            5.48779e-162
xf.noko                           5.64174e-163
xf.nokl                           1.03278e-161
xf.nokx                           3.36118e-163
bias_okf                         -6.02455e-134
ef                                     1.19899
relf                                        -1
fof                                          0
vddb                                         0
nibb                              1.14157e-137
ibiasb                            1.14157e-137
xb.na                            -4.93237e-181
xb.pg                              1.9793e-149
xb.nbtop                         -8.53437e-157
vrefb                             4.01612e-189
xb.nbg                            2.99321e-164
xb.xrt.11                        -8.53437e-157
xb.xrt.21                         -8.5344e-157
xb.nb                             -8.5344e-157
xb.xr1.11                         -8.5344e-157
xb.xr1.21                        -8.53492e-157
xb.ec                            -8.53492e-157
xb.xr2.11                         4.01612e-189
xb.xr2.21                         4.01876e-189
xb.er                             4.01876e-189
xb.pb                             7.39545e-164
xb.nt                             5.99734e-154
xb.n1                            -2.06982e-153
xb.n2                             6.35779e-155
xb.nz                             6.35932e-155
xb.xrz.11                         6.35932e-155
xb.xrz.21                         6.35779e-155
xb.ks1                            6.79448e-141
xb.ks2                            1.36363e-140
xb.ks3                            2.05715e-140
xb.ks4                            2.76441e-140
xb.nkg                            3.48944e-140
xb.nkm                            2.98114e-164
xb.tok                            5.48781e-162
xb.noko                           5.64176e-163
xb.nokl                           1.03279e-161
xb.nokx                           3.36118e-163
bias_okb                         -6.02454e-134
fob                                          0
vddd                                         0
nibd                              1.14157e-137
ibiasd                            1.14157e-137
xd.na                            -4.93237e-181
xd.pg                              1.9793e-149
xd.nbtop                         -8.53434e-157
vrefd                             4.01612e-189
xd.nbg                            2.99321e-164
xd.xrt.11                        -8.53434e-157
xd.xrt.21                        -8.53437e-157
xd.nb                            -8.53437e-157
xd.xr1.11                        -8.53437e-157
xd.xr1.21                        -8.53489e-157
xd.ec                            -8.53489e-157
xd.xr2.11                         4.01612e-189
xd.xr2.21                         4.01876e-189
xd.er                             4.01876e-189
xd.pb                             7.39546e-164
xd.nt                             5.99727e-154
xd.n1                            -2.06982e-153
xd.n2                             6.35771e-155
xd.nz                             6.35924e-155
xd.xrz.11                         6.35924e-155
xd.xrz.21                         6.35771e-155
xd.ks1                            6.79448e-141
xd.ks2                            1.36363e-140
xd.ks3                            2.05715e-140
xd.ks4                            2.76442e-140
xd.nkg                            3.48945e-140
xd.nkm                            2.98114e-164
xd.tok                            5.48779e-162
xd.noko                           5.64174e-163
xd.nokl                           1.03278e-161
xd.nokx                           3.36118e-163
bias_okd                         -6.02455e-134
fod                                          0
bfod#branch                                  0
bfob#branch                                  0
bfof#branch                                  0
brelf#branch                                 0
bef#branch                                   0
bfos#branch                                  0
brr9s#branch                                 0
brels#branch                                 0
bes#branch                                   0
vibd#branch                      -2.68448e-150
vsupd#branch                     -5.95439e-146
vibb#branch                      -2.63902e-150
vsupb#branch                     -5.95439e-146
vibf#branch                      -2.63902e-150
vsupf#branch                     -5.95438e-146
vibs#branch                      -2.63902e-150
vsups#branch                     -5.95438e-146
vibst#branch                       1.07975e-06
vsupst#branch                     -1.98792e-06

 Reference value :  0.00000e+00
 Reference value :  2.74386e-06
 Reference value :  2.70400e-05
 Reference value :  4.17754e-05
 Reference value :  1.56770e-04
 Reference value :  4.10225e-04
 Reference value :  5.54939e-04
 Reference value :  6.70490e-04
 Reference value :  9.58877e-04
 Reference value :  1.10229e-03
 Reference value :  1.11020e-03
 Reference value :  1.13302e-03
 Reference value :  1.20739e-03
 Reference value :  1.61539e-03
 Reference value :  2.00739e-03
 Reference value :  2.34339e-03
 Reference value :  2.69939e-03
 Reference value :  3.05139e-03
 Reference value :  3.39539e-03
 Reference value :  3.73539e-03
 Reference value :  4.07939e-03
 Reference value :  4.44339e-03
 Reference value :  4.79939e-03
 Reference value :  5.15939e-03
 Reference value :  5.51539e-03
 Reference value :  5.87539e-03
 Reference value :  6.22739e-03
 Reference value :  6.57539e-03
 Reference value :  6.93539e-03
 Reference value :  7.29539e-03
 Reference value :  7.68339e-03
 Reference value :  8.09139e-03
 Reference value :  8.51939e-03
 Reference value :  8.91139e-03
 Reference value :  9.33139e-03
 Reference value :  9.76739e-03
 Reference value :  1.01834e-02
 Reference value :  1.06034e-02
 Reference value :  1.10154e-02
 Reference value :  1.14434e-02
 Reference value :  1.18474e-02
 Reference value :  1.22554e-02
 Reference value :  1.26514e-02
 Reference value :  1.30594e-02
 Reference value :  1.34714e-02
 Reference value :  1.39114e-02
 Reference value :  1.43274e-02
 Reference value :  1.47314e-02
 Reference value :  1.51554e-02
 Reference value :  1.55994e-02
 Reference value :  1.60074e-02
 Reference value :  1.64434e-02
 Reference value :  1.68794e-02
 Reference value :  1.72994e-02
 Reference value :  1.77114e-02
 Reference value :  1.81154e-02
 Reference value :  1.84914e-02
 Reference value :  1.91114e-02
 Reference value :  1.96754e-02
 Reference value :  2.02554e-02
 Reference value :  2.08154e-02
 Reference value :  2.13594e-02
 Reference value :  2.19114e-02
 Reference value :  2.24714e-02
 Reference value :  2.32514e-02
 Reference value :  2.40834e-02
 Reference value :  2.48994e-02
 Reference value :  2.57354e-02
 Reference value :  2.65914e-02
 Reference value :  2.71674e-02
 Reference value :  2.76074e-02
 Reference value :  2.80234e-02
 Reference value :  2.84274e-02
 Reference value :  2.88274e-02
 Reference value :  2.92314e-02
 Reference value :  2.96354e-02
No. of Data Rows : 8056
vref_op             =  1.19899e+00
vref_st             =  1.19899e+00
ok_st               =  2.96998e+00
vdd_st              =  2.97000e+00
iq_st               =  -1.98792e-06
ib_st               =  1.07975e-06
t_set               =  5.10876e-04
vdd_drop            =  1.14206e+00
t_oks               =  2.35699e-04
err_at_ok           =  6.75324e-02
relv_slow           =  2.79983e+00
err_at_relv         =  9.32336e-02
relv_fast           =  2.97000e+00
okf_at_1v           =  1.07493e-05
errf_end            =  -2.76969e-09
bo_pre              =  1.19899e+00
bo_mid              =  1.19899e+00
bo_dpre             =  1.19899e+00
bo_post             =  1.19899e+00
ok_bo_dip           =  3.23694e-04
t_bo_rec            =  1.14266e-03
t_false_s           =  4.80401e-05 from=  0.00000e+00 to=  3.00000e-02
t_false_f           =  1.10345e-05 from=  0.00000e+00 to=  3.00000e-02
t_false_b           =  1.64552e-04 from=  0.00000e+00 to=  3.00000e-02
t_false_d           =  1.65572e-04 from=  0.00000e+00 to=  3.00000e-02
ok_bo_end           =  2.96998e+00
vdd_bo              =  2.97000e+00
m_vref_op_v = 1.1989940000e+00
m_vref_v = 1.1989940000e+00
m_ok_droop_mv = 1.6000000000e-02
m_iq_por_ua = 1.9879170000e+00
m_ibias_na = 1.0797460000e+03
m_iq_own_ua = 9.0817100000e-01
m_t_settle_us = 1.0876500000e+01
m_err_at_relv_mv = 9.3233590000e+01
m_vdd_ref90_v = 1.1420550000e+00
m_t_bo_recover_us = 3.2657000000e+01
m_t_false_ok_slow_us = 4.8040110000e+01
m_t_false_ok_fast_us = 1.1034510000e+01
m_t_false_ok_brownout_us = 3.3012410000e+02
m_err_at_ok_mv = 6.7532420000e+01
m_t_ok_us = 2.3569860000e+02
m_relv_slow_v = 2.7998310000e+00
m_relv_fast_v = 2.9700000000e+00
m_okf_at_1v_mv = 1.0749260000e-02
m_err_fast_end_mv = -2.769687000e-06
m_bo_shallow_ppm = 0.0000000000e+00
m_bo_deep_ppm = 0.0000000000e+00
m_ok_bo_dip_mv = 3.2369430000e-01
m_ok_bo_end_droop_mv = 2.2000000000e-02
Note: Simulation executed from .control section 

Warning: m=xx on .subckt line will override multiplier m hierarchy!

Note: Starting dynamic gmin stepping
Note: Dynamic gmin stepping completed
