
Note: Compatibility modes selected: hs a


Circuit: * bias-core-designer-check @ res_ff_27c_3.63v -- generated by sim/harness, do not edit

Doing analysis at TEMP = 27.000000 and TNOM = 27.000000

Using SPARSE 1.3 as Direct Linear Solver

Initial Transient Solution
--------------------------

Node                                   Voltage
----                                   -------
vddst                                     3.63
nibst                                 0.735874
ibiasst                               0.735874
xst.na                                 0.57752
xst.pg                                 2.83805
xst.nbtop                             0.580253
vrefst                                  1.2065
xst.nbg                               0.592378
xst.xrt.11                             0.58025
xst.xrt.21                            0.577529
xst.nb                                0.577526
xst.xr1.11                            0.577524
xst.xr1.21                            0.523631
xst.ec                                0.523629
xst.xr2.11                              1.2065
xst.xr2.21                            0.577417
xst.er                                0.577415
xst.pb                                 2.83251
xst.nt                                   1.874
xst.n1                                0.558439
xst.n2                                0.554441
xst.nz                                0.554441
xst.xrz.11                            0.554441
xst.xrz.21                            0.554441
xst.ks1                                2.52416
xst.ks2                                1.62605
xst.ks3                               0.919658
xst.ks4                                0.38543
xst.nkg                            1.81598e-05
xst.nkm                               0.565369
xst.tok                                1.87546
xst.noko                               1.72272
xst.nokl                              0.534138
xst.nokx                           0.000243639
bias_okst                                 3.63
vdds                                         0
nibs                                         0
ibiass                                       0
xs.na                                        0
xs.pg                                        0
xs.nbtop                                     0
vrefs                                        0
xs.nbg                                       0
xs.xrt.11                                    0
xs.xrt.21                                    0
xs.nb                                        0
xs.xr1.11                                    0
xs.xr1.21                                    0
xs.ec                                        0
xs.xr2.11                                    0
xs.xr2.21                                    0
xs.er                                        0
xs.pb                                        0
xs.nt                                        0
xs.n1                                        0
xs.n2                                        0
xs.nz                                        0
xs.xrz.11                                    0
xs.xrz.21                                    0
xs.ks1                                       0
xs.ks2                                       0
xs.ks3                                       0
xs.ks4                                       0
xs.nkg                                       0
xs.nkm                                       0
xs.tok                                       0
xs.noko                                      0
xs.nokl                                      0
xs.nokx                                      0
bias_oks                                     0
es                                      1.2065
rels                                        -1
rr9s                                  -1.08585
fos                                          0
vddf                                         0
nibf                                         0
ibiasf                                       0
xf.na                                        0
xf.pg                                        0
xf.nbtop                                     0
vreff                                        0
xf.nbg                                       0
xf.xrt.11                                    0
xf.xrt.21                                    0
xf.nb                                        0
xf.xr1.11                                    0
xf.xr1.21                                    0
xf.ec                                        0
xf.xr2.11                                    0
xf.xr2.21                                    0
xf.er                                        0
xf.pb                                        0
xf.nt                                        0
xf.n1                                        0
xf.n2                                        0
xf.nz                                        0
xf.xrz.11                                    0
xf.xrz.21                                    0
xf.ks1                                       0
xf.ks2                                       0
xf.ks3                                       0
xf.ks4                                       0
xf.nkg                                       0
xf.nkm                                       0
xf.tok                                       0
xf.noko                                      0
xf.nokl                                      0
xf.nokx                                      0
bias_okf                                     0
ef                                      1.2065
relf                                        -1
fof                                          0
vddb                                         0
nibb                                         0
ibiasb                                       0
xb.na                                        0
xb.pg                                        0
xb.nbtop                                     0
vrefb                                        0
xb.nbg                                       0
xb.xrt.11                                    0
xb.xrt.21                                    0
xb.nb                                        0
xb.xr1.11                                    0
xb.xr1.21                                    0
xb.ec                                        0
xb.xr2.11                                    0
xb.xr2.21                                    0
xb.er                                        0
xb.pb                                        0
xb.nt                                        0
xb.n1                                        0
xb.n2                                        0
xb.nz                                        0
xb.xrz.11                                    0
xb.xrz.21                                    0
xb.ks1                                       0
xb.ks2                                       0
xb.ks3                                       0
xb.ks4                                       0
xb.nkg                                       0
xb.nkm                                       0
xb.tok                                       0
xb.noko                                      0
xb.nokl                                      0
xb.nokx                                      0
bias_okb                                     0
fob                                          0
vddd                                         0
nibd                                         0
ibiasd                                       0
xd.na                                        0
xd.pg                                        0
xd.nbtop                                     0
vrefd                                        0
xd.nbg                                       0
xd.xrt.11                                    0
xd.xrt.21                                    0
xd.nb                                        0
xd.xr1.11                                    0
xd.xr1.21                                    0
xd.ec                                        0
xd.xr2.11                                    0
xd.xr2.21                                    0
xd.er                                        0
xd.pb                                        0
xd.nt                                        0
xd.n1                                        0
xd.n2                                        0
xd.nz                                        0
xd.xrz.11                                    0
xd.xrz.21                                    0
xd.ks1                                       0
xd.ks2                                       0
xd.ks3                                       0
xd.ks4                                       0
xd.nkg                                       0
xd.nkm                                       0
xd.tok                                       0
xd.noko                                      0
xd.nokl                                      0
xd.nokx                                      0
bias_okd                                     0
fod                                          0
bfod#branch                                  0
bfob#branch                                  0
bfof#branch                                  0
brelf#branch                                 0
bef#branch                                   0
bfos#branch                                  0
brr9s#branch                                 0
brels#branch                                 0
bes#branch                                   0
vibd#branch                                  0
vsupd#branch                                 0
vibb#branch                                  0
vsupb#branch                                 0
vibf#branch                                  0
vsupf#branch                                 0
vibs#branch                                  0
vsups#branch                                 0
vibst#branch                       7.37817e-07
vsupst#branch                     -1.33499e-06

 Reference value :  0.00000e+00
 Reference value :  2.31846e-06
 Reference value :  8.18732e-06
 Reference value :  4.30245e-05
 Reference value :  1.63223e-04
 Reference value :  2.01231e-04
 Reference value :  4.06026e-04
 Reference value :  5.51747e-04
 Reference value :  5.63734e-04
 Reference value :  6.05174e-04
 Reference value :  6.49456e-04
 Reference value :  7.60278e-04
 Reference value :  8.78376e-04
 Reference value :  9.58737e-04
 Reference value :  1.10061e-03
 Reference value :  1.10689e-03
 Reference value :  1.12066e-03
 Reference value :  1.17066e-03
 Reference value :  1.20676e-03
 Reference value :  1.46276e-03
 Reference value :  1.71476e-03
 Reference value :  2.01076e-03
 Reference value :  2.31876e-03
 Reference value :  2.59876e-03
 Reference value :  2.93076e-03
 Reference value :  3.21876e-03
 Reference value :  3.52276e-03
 Reference value :  3.81076e-03
 Reference value :  4.07876e-03
 Reference value :  4.37876e-03
 Reference value :  4.66676e-03
 Reference value :  4.95476e-03
 Reference value :  5.26676e-03
 Reference value :  5.56676e-03
 Reference value :  5.85076e-03
 Reference value :  6.11476e-03
 Reference value :  6.43876e-03
 Reference value :  6.75476e-03
 Reference value :  7.05076e-03
 Reference value :  7.35076e-03
 Reference value :  7.63476e-03
 Reference value :  7.94276e-03
 Reference value :  8.26276e-03
 Reference value :  8.55876e-03
 Reference value :  8.85076e-03
 Reference value :  9.12276e-03
 Reference value :  9.43076e-03
 Reference value :  9.69476e-03
 Reference value :  1.00188e-02
 Reference value :  1.03188e-02
 Reference value :  1.06028e-02
 Reference value :  1.08788e-02
 Reference value :  1.11828e-02
 Reference value :  1.14668e-02
 Reference value :  1.17588e-02
 Reference value :  1.20628e-02
 Reference value :  1.23148e-02
 Reference value :  1.25788e-02
 Reference value :  1.28268e-02
 Reference value :  1.31268e-02
 Reference value :  1.34668e-02
 Reference value :  1.39748e-02
 Reference value :  1.45548e-02
 Reference value :  1.50708e-02
 Reference value :  1.53708e-02
 Reference value :  1.56548e-02
 Reference value :  1.59428e-02
 Reference value :  1.62468e-02
 Reference value :  1.65148e-02
 Reference value :  1.68068e-02
 Reference value :  1.70708e-02
 Reference value :  1.73588e-02
 Reference value :  1.76628e-02
 Reference value :  1.79708e-02
 Reference value :  1.82428e-02
 Reference value :  1.85468e-02
 Reference value :  1.88228e-02
 Reference value :  1.91228e-02
 Reference value :  1.94108e-02
 Reference value :  1.96908e-02
 Reference value :  1.99988e-02
 Reference value :  2.03068e-02
 Reference value :  2.05988e-02
 Reference value :  2.08908e-02
 Reference value :  2.12108e-02
 Reference value :  2.14908e-02
 Reference value :  2.17828e-02
 Reference value :  2.20748e-02
 Reference value :  2.23748e-02
 Reference value :  2.26908e-02
 Reference value :  2.29988e-02
 Reference value :  2.32948e-02
 Reference value :  2.36028e-02
 Reference value :  2.38588e-02
 Reference value :  2.41468e-02
 Reference value :  2.44708e-02
 Reference value :  2.47188e-02
 Reference value :  2.50148e-02
 Reference value :  2.52988e-02
 Reference value :  2.56068e-02
 Reference value :  2.58868e-02
 Reference value :  2.61628e-02
 Reference value :  2.64388e-02
 Reference value :  2.67308e-02
 Reference value :  2.70268e-02
 Reference value :  2.73468e-02
 Reference value :  2.75948e-02
 Reference value :  2.78748e-02
 Reference value :  2.81428e-02
 Reference value :  2.84428e-02
 Reference value :  2.87108e-02
 Reference value :  2.89868e-02
 Reference value :  2.92548e-02
 Reference value :  2.95748e-02
 Reference value :  2.98708e-02
No. of Data Rows : 8210
vref_op             =  1.20650e+00
vref_st             =  1.20650e+00
ok_st               =  3.63000e+00
vdd_st              =  3.63000e+00
iq_st               =  -1.33499e-06
ib_st               =  7.37817e-07
t_set               =  5.15433e-04
vdd_drop            =  1.41815e+00
t_oks               =  2.01233e-04
err_at_ok           =  1.06906e-01
relv_slow           =  2.91389e+00
err_at_relv         =  1.38369e-01
relv_fast           =  3.63000e+00
okf_at_1v           =  8.46886e-06
errf_end            =  1.09695e-08
bo_pre              =  1.20650e+00
bo_mid              =  1.20650e+00
bo_dpre             =  1.20650e+00
bo_post             =  1.20650e+00
ok_bo_dip           =  7.19615e-02
t_bo_rec            =  1.18431e-03
t_false_s           =  0.00000e+00 from=  0.00000e+00 to=  3.00000e-02
t_false_f           =  6.35687e-04 from=  0.00000e+00 to=  3.00000e-02
t_false_b           =  1.79201e-04 from=  0.00000e+00 to=  3.00000e-02
t_false_d           =  1.91145e-04 from=  0.00000e+00 to=  3.00000e-02
ok_bo_end           =  3.63000e+00
vdd_bo              =  3.63000e+00
m_vref_op_v = 1.2065030000e+00
m_vref_v = 1.2065030000e+00
m_ok_droop_mv = 0.0000000000e+00
m_iq_por_ua = 1.3349890000e+00
m_ibias_na = 7.3781750000e+02
m_iq_own_ua = 5.9717150000e-01
m_t_settle_us = 1.5432700000e+01
m_err_at_relv_mv = 1.3836940000e+02
m_vdd_ref90_v = 1.4181540000e+00
m_t_bo_recover_us = 7.4305000000e+01
m_t_false_ok_slow_us = 0.0000000000e+00
m_t_false_ok_fast_us = 6.3568650000e+02
m_t_false_ok_brownout_us = 3.7034630000e+02
m_err_at_ok_mv = 1.0690590000e+02
m_t_ok_us = 2.0123250000e+02
m_relv_slow_v = 2.9138950000e+00
m_relv_fast_v = 3.6300000000e+00
m_okf_at_1v_mv = 8.4688610000e-03
m_err_fast_end_mv = 1.0969500000e-05
m_bo_shallow_ppm = 0.0000000000e+00
m_bo_deep_ppm = 0.0000000000e+00
m_ok_bo_dip_mv = 7.1961540000e+01
m_ok_bo_end_droop_mv = 3.0000000000e-03
Note: Simulation executed from .control section 

Warning: m=xx on .subckt line will override multiplier m hierarchy!

Note: Starting dynamic gmin stepping
Note: Dynamic gmin stepping completed
