
Note: Compatibility modes selected: hs a


Circuit: * bias-core-designer-check @ sf_-40c_3.63v -- generated by sim/harness, do not edit

Doing analysis at TEMP = -40.000000 and TNOM = 27.000000

Using SPARSE 1.3 as Direct Linear Solver

Initial Transient Solution
--------------------------

Node                                   Voltage
----                                   -------
vddst                                     3.63
nibst                                 0.842948
ibiasst                               0.842948
xst.na                                0.708936
xst.pg                                 2.88401
xst.nbtop                             0.711061
vrefst                                 1.19764
xst.nbg                               0.726601
xst.xrt.11                             0.71106
xst.xrt.21                            0.708945
xst.nb                                0.708944
xst.xr1.11                            0.708942
xst.xr1.21                            0.667076
xst.ec                                0.667074
xst.xr2.11                             1.19764
xst.xr2.21                             0.70886
xst.er                                0.708858
xst.pb                                 2.87892
xst.nt                                 1.95123
xst.n1                                 0.69683
xst.n2                                0.691928
xst.nz                                0.691928
xst.xrz.11                            0.691928
xst.xrz.21                            0.691928
xst.ks1                                2.39908
xst.ks2                                1.41954
xst.ks3                               0.680245
xst.ks4                               0.169104
xst.nkg                            9.81122e-12
xst.nkm                               0.706508
xst.tok                                1.95261
xst.noko                                1.7212
xst.nokl                              0.681665
xst.nokx                           0.000101816
bias_okst                                 3.63
vdds                                         0
nibs                                         0
ibiass                                       0
xs.na                                        0
xs.pg                                        0
xs.nbtop                                     0
vrefs                                        0
xs.nbg                            -2.35629e-23
xs.xrt.11                                    0
xs.xrt.21                                    0
xs.nb                                        0
xs.xr1.11                                    0
xs.xr1.21                                    0
xs.ec                                        0
xs.xr2.11                                    0
xs.xr2.21                                    0
xs.er                                        0
xs.pb                              2.35629e-23
xs.nt                                        0
xs.n1                                        0
xs.n2                                        0
xs.nz                                        0
xs.xrz.11                                    0
xs.xrz.21                                    0
xs.ks1                                       0
xs.ks2                                       0
xs.ks3                                       0
xs.ks4                                       0
xs.nkg                                       0
xs.nkm                             3.70398e-23
xs.tok                            -8.98401e-24
xs.noko                           -1.57086e-23
xs.nokl                            2.35634e-23
xs.nokx                            3.70419e-23
bias_oks                           1.34725e-23
es                                     1.19764
rels                                         0
rr9s                                  -1.07788
fos                                          1
vddf                                         0
nibf                                         0
ibiasf                                       0
xf.na                                        0
xf.pg                                        0
xf.nbtop                                     0
vreff                                        0
xf.nbg                            -2.35629e-23
xf.xrt.11                                    0
xf.xrt.21                                    0
xf.nb                                        0
xf.xr1.11                                    0
xf.xr1.21                                    0
xf.ec                                        0
xf.xr2.11                                    0
xf.xr2.21                                    0
xf.er                                        0
xf.pb                              2.35629e-23
xf.nt                                        0
xf.n1                                        0
xf.n2                                        0
xf.nz                                        0
xf.xrz.11                                    0
xf.xrz.21                                    0
xf.ks1                                       0
xf.ks2                                       0
xf.ks3                                       0
xf.ks4                                       0
xf.nkg                                       0
xf.nkm                             3.70398e-23
xf.tok                            -8.98401e-24
xf.noko                           -1.57086e-23
xf.nokl                            2.35634e-23
xf.nokx                            3.70419e-23
bias_okf                           1.34725e-23
ef                                     1.19764
relf                                         0
fof                                          1
vddb                                         0
nibb                                         0
ibiasb                                       0
xb.na                                        0
xb.pg                                        0
xb.nbtop                                     0
vrefb                                        0
xb.nbg                            -2.35629e-23
xb.xrt.11                                    0
xb.xrt.21                                    0
xb.nb                                        0
xb.xr1.11                                    0
xb.xr1.21                                    0
xb.ec                                        0
xb.xr2.11                                    0
xb.xr2.21                                    0
xb.er                                        0
xb.pb                              2.35629e-23
xb.nt                                        0
xb.n1                                        0
xb.n2                                        0
xb.nz                                        0
xb.xrz.11                                    0
xb.xrz.21                                    0
xb.ks1                                       0
xb.ks2                                       0
xb.ks3                                       0
xb.ks4                                       0
xb.nkg                                       0
xb.nkm                             3.70398e-23
xb.tok                            -8.98321e-24
xb.noko                           -1.57086e-23
xb.nokl                            2.35634e-23
xb.nokx                            3.70419e-23
bias_okb                           1.34745e-23
fob                                          1
vddd                                         0
nibd                                         0
ibiasd                                       0
xd.na                                        0
xd.pg                                        0
xd.nbtop                                     0
vrefd                                        0
xd.nbg                            -2.35629e-23
xd.xrt.11                                    0
xd.xrt.21                                    0
xd.nb                                        0
xd.xr1.11                                    0
xd.xr1.21                                    0
xd.ec                                        0
xd.xr2.11                                    0
xd.xr2.21                                    0
xd.er                                        0
xd.pb                              2.35629e-23
xd.nt                                        0
xd.n1                                        0
xd.n2                                        0
xd.nz                                        0
xd.xrz.11                                    0
xd.xrz.21                                    0
xd.ks1                                       0
xd.ks2                                       0
xd.ks3                                       0
xd.ks4                                       0
xd.nkg                                       0
xd.nkm                             3.70398e-23
xd.tok                            -8.98401e-24
xd.noko                           -1.57086e-23
xd.nokl                            2.35634e-23
xd.nokx                            3.70398e-23
bias_okd                            1.3475e-23
fod                                          1
bfod#branch                                  0
bfob#branch                                  0
bfof#branch                                  0
brelf#branch                                 0
bef#branch                                   0
bfos#branch                                  0
brr9s#branch                                 0
brels#branch                                 0
bes#branch                                   0
vibd#branch                                  0
vsupd#branch                        1.4564e-35
vibb#branch                                  0
vsupb#branch                        1.4568e-35
vibf#branch                                  0
vsupf#branch                       1.45637e-35
vibs#branch                                  0
vsups#branch                       1.45637e-35
vibst#branch                       3.91966e-07
vsupst#branch                      -7.0091e-07

 Reference value :  0.00000e+00
 Reference value :  2.46038e-06
 Reference value :  1.27166e-05
 Reference value :  4.66642e-05
 Reference value :  1.42463e-04
 Reference value :  2.21430e-04
 Reference value :  4.01282e-04
 Reference value :  5.42275e-04
 Reference value :  5.56463e-04
 Reference value :  6.27141e-04
 Reference value :  7.35141e-04
 Reference value :  8.83141e-04
 Reference value :  9.58970e-04
 Reference value :  1.03126e-03
 Reference value :  1.10404e-03
 Reference value :  1.11026e-03
 Reference value :  1.20968e-03
 Reference value :  1.35368e-03
 Reference value :  1.50568e-03
 Reference value :  1.60968e-03
 Reference value :  1.71368e-03
 Reference value :  1.82568e-03
 Reference value :  1.91368e-03
 Reference value :  2.04568e-03
 Reference value :  2.14568e-03
 Reference value :  2.25368e-03
 Reference value :  2.33356e-03
 Reference value :  2.40316e-03
 Reference value :  2.46358e-03
 Reference value :  2.55558e-03
 Reference value :  2.70358e-03
 Reference value :  2.76276e-03
 Reference value :  2.87211e-03
 Reference value :  2.93016e-03
 Reference value :  3.04216e-03
 Reference value :  3.14616e-03
 Reference value :  3.22216e-03
 Reference value :  3.36216e-03
 Reference value :  3.47816e-03
 Reference value :  3.58666e-03
 Reference value :  3.70958e-03
 Reference value :  3.85808e-03
 Reference value :  3.96058e-03
 Reference value :  4.12458e-03
 Reference value :  4.28058e-03
 Reference value :  4.47258e-03
 Reference value :  4.64008e-03
 Reference value :  4.82358e-03
 Reference value :  4.97508e-03
 Reference value :  5.23108e-03
 Reference value :  5.45908e-03
 Reference value :  5.71108e-03
 Reference value :  5.92308e-03
 Reference value :  6.10308e-03
 Reference value :  6.33508e-03
 Reference value :  6.56708e-03
 Reference value :  6.81908e-03
 Reference value :  6.93458e-03
 Reference value :  7.09058e-03
 Reference value :  7.23858e-03
 Reference value :  7.35458e-03
 Reference value :  7.51058e-03
 Reference value :  7.61858e-03
 Reference value :  7.78258e-03
 Reference value :  7.94658e-03
 Reference value :  8.06658e-03
 Reference value :  8.21058e-03
 Reference value :  8.39058e-03
 Reference value :  8.57858e-03
 Reference value :  8.75058e-03
 Reference value :  8.87058e-03
 Reference value :  9.01458e-03
 Reference value :  9.17858e-03
 Reference value :  9.34258e-03
 Reference value :  9.48658e-03
 Reference value :  9.57858e-03
 Reference value :  9.70258e-03
 Reference value :  9.82658e-03
 Reference value :  9.95858e-03
 Reference value :  1.01746e-02
 Reference value :  1.03026e-02
 Reference value :  1.04106e-02
 Reference value :  1.05146e-02
 Reference value :  1.06346e-02
 Reference value :  1.07546e-02
 Reference value :  1.08666e-02
 Reference value :  1.09826e-02
 Reference value :  1.11226e-02
 Reference value :  1.12666e-02
 Reference value :  1.14146e-02
 Reference value :  1.15306e-02
 Reference value :  1.16866e-02
 Reference value :  1.18466e-02
 Reference value :  1.19906e-02
 Reference value :  1.21426e-02
 Reference value :  1.22706e-02
 Reference value :  1.23786e-02
 Reference value :  1.25066e-02
 Reference value :  1.26426e-02
 Reference value :  1.27626e-02
 Reference value :  1.29266e-02
 Reference value :  1.30906e-02
 Reference value :  1.32466e-02
 Reference value :  1.33666e-02
 Reference value :  1.35066e-02
 Reference value :  1.36466e-02
 Reference value :  1.37866e-02
 Reference value :  1.38906e-02
 Reference value :  1.40506e-02
 Reference value :  1.41626e-02
 Reference value :  1.43226e-02
 Reference value :  1.44546e-02
 Reference value :  1.45626e-02
 Reference value :  1.46946e-02
 Reference value :  1.49346e-02
 Reference value :  1.49941e-02
 Reference value :  1.50416e-02
 Reference value :  1.51056e-02
 Reference value :  1.51366e-02
 Reference value :  1.51681e-02
 Reference value :  1.51961e-02
 Reference value :  1.52471e-02
 Reference value :  1.52791e-02
 Reference value :  1.53371e-02
 Reference value :  1.54011e-02
 Reference value :  1.54641e-02
 Reference value :  1.55161e-02
 Reference value :  1.55656e-02
 Reference value :  1.56201e-02
 Reference value :  1.56586e-02
 Reference value :  1.57141e-02
 Reference value :  1.57666e-02
 Reference value :  1.58176e-02
 Reference value :  1.58326e-02
 Reference value :  1.58921e-02
 Reference value :  1.59361e-02
 Reference value :  1.59551e-02
 Reference value :  1.59661e-02
 Reference value :  1.59856e-02
 Reference value :  1.60171e-02
 Reference value :  1.60566e-02
 Reference value :  1.60801e-02
 Reference value :  1.61241e-02
 Reference value :  1.61636e-02
 Reference value :  1.61846e-02
 Reference value :  1.62266e-02
 Reference value :  1.62506e-02
 Reference value :  1.62816e-02
 Reference value :  1.63131e-02
 Reference value :  1.63406e-02
 Reference value :  1.63681e-02
 Reference value :  1.63876e-02
 Reference value :  1.64316e-02
 Reference value :  1.64391e-02
 Reference value :  1.64611e-02
 Reference value :  1.64851e-02
 Reference value :  1.65136e-02
 Reference value :  1.65401e-02
 Reference value :  1.65631e-02
 Reference value :  1.65991e-02
 Reference value :  1.66346e-02
 Reference value :  1.66706e-02
 Reference value :  1.67031e-02
 Reference value :  1.67421e-02
 Reference value :  1.67776e-02
 Reference value :  1.68171e-02
 Reference value :  1.68371e-02
 Reference value :  1.68641e-02
 Reference value :  1.68906e-02
 Reference value :  1.69146e-02
 Reference value :  1.69421e-02
 Reference value :  1.69686e-02
 Reference value :  1.69881e-02
 Reference value :  1.70161e-02
 Reference value :  1.70481e-02
 Reference value :  1.70711e-02
 Reference value :  1.70901e-02
 Reference value :  1.71011e-02
 Reference value :  1.71236e-02
 Reference value :  1.71706e-02
 Reference value :  1.71946e-02
 Reference value :  1.72171e-02
 Reference value :  1.72571e-02
 Reference value :  1.72896e-02
 Reference value :  1.73326e-02
 Reference value :  1.73631e-02
 Reference value :  1.74026e-02
 Reference value :  1.74181e-02
 Reference value :  1.74371e-02
 Reference value :  1.74636e-02
 Reference value :  1.74916e-02
 Reference value :  1.75151e-02
 Reference value :  1.75511e-02
 Reference value :  1.75661e-02
 Reference value :  1.76011e-02
 Reference value :  1.76496e-02
 Reference value :  1.76761e-02
 Reference value :  1.77161e-02
 Reference value :  1.77436e-02
 Reference value :  1.77751e-02
 Reference value :  1.78196e-02
 Reference value :  1.78426e-02
 Reference value :  1.78771e-02
 Reference value :  1.79091e-02
 Reference value :  1.79376e-02
 Reference value :  1.79771e-02
 Reference value :  1.80081e-02
 Reference value :  1.80346e-02
 Reference value :  1.80581e-02
 Reference value :  1.80901e-02
 Reference value :  1.81256e-02
 Reference value :  1.81656e-02
 Reference value :  1.81881e-02
 Reference value :  1.82246e-02
 Reference value :  1.82636e-02
 Reference value :  1.82836e-02
 Reference value :  1.83016e-02
 Reference value :  1.83251e-02
 Reference value :  1.83401e-02
 Reference value :  1.83551e-02
 Reference value :  1.83821e-02
 Reference value :  1.84136e-02
 Reference value :  1.84291e-02
 Reference value :  1.84846e-02
 Reference value :  1.85196e-02
 Reference value :  1.85461e-02
 Reference value :  1.85816e-02
 Reference value :  1.86006e-02
 Reference value :  1.86251e-02
 Reference value :  1.86686e-02
 Reference value :  1.86961e-02
 Reference value :  1.87231e-02
 Reference value :  1.87536e-02
 Reference value :  1.87971e-02
 Reference value :  1.88201e-02
 Reference value :  1.88431e-02
 Reference value :  1.88586e-02
 Reference value :  1.88901e-02
 Reference value :  1.89051e-02
 Reference value :  1.89396e-02
 Reference value :  1.89546e-02
 Reference value :  1.89706e-02
 Reference value :  1.90061e-02
 Reference value :  1.90291e-02
 Reference value :  1.90761e-02
 Reference value :  1.91156e-02
 Reference value :  1.91596e-02
 Reference value :  1.91921e-02
 Reference value :  1.92181e-02
 Reference value :  1.92456e-02
 Reference value :  1.92741e-02
 Reference value :  1.92926e-02
 Reference value :  1.93291e-02
 Reference value :  1.93481e-02
 Reference value :  1.93711e-02
 Reference value :  1.93896e-02
 Reference value :  1.94251e-02
 Reference value :  1.94806e-02
 Reference value :  1.95601e-02
 Reference value :  1.96356e-02
 Reference value :  1.96556e-02
 Reference value :  1.96861e-02
 Reference value :  1.97141e-02
 Reference value :  1.97416e-02
 Reference value :  1.97681e-02
 Reference value :  1.97921e-02
 Reference value :  1.98241e-02
 Reference value :  1.98471e-02
 Reference value :  1.98591e-02
 Reference value :  1.98941e-02
 Reference value :  1.99336e-02
 Reference value :  1.99861e-02
 Reference value :  2.00171e-02
 Reference value :  2.00481e-02
 Reference value :  2.00841e-02
 Reference value :  2.01286e-02
 Reference value :  2.01471e-02
 Reference value :  2.01871e-02
 Reference value :  2.02066e-02
 Reference value :  2.02371e-02
 Reference value :  2.02816e-02
 Reference value :  2.03206e-02
 Reference value :  2.03726e-02
 Reference value :  2.03961e-02
 Reference value :  2.04206e-02
 Reference value :  2.04476e-02
 Reference value :  2.04831e-02
 Reference value :  2.05076e-02
 Reference value :  2.05266e-02
 Reference value :  2.05366e-02
 Reference value :  2.05611e-02
 Reference value :  2.05716e-02
 Reference value :  2.05906e-02
 Reference value :  2.06016e-02
 Reference value :  2.06166e-02
 Reference value :  2.06451e-02
 Reference value :  2.06716e-02
 Reference value :  2.06901e-02
 Reference value :  2.07061e-02
 Reference value :  2.07531e-02
 Reference value :  2.07726e-02
 Reference value :  2.08086e-02
 Reference value :  2.08266e-02
 Reference value :  2.08471e-02
 Reference value :  2.08816e-02
 Reference value :  2.09176e-02
 Reference value :  2.09521e-02
 Reference value :  2.09796e-02
 Reference value :  2.09946e-02
 Reference value :  2.10306e-02
 Reference value :  2.10651e-02
 Reference value :  2.11091e-02
 Reference value :  2.11281e-02
 Reference value :  2.11601e-02
 Reference value :  2.11706e-02
 Reference value :  2.11981e-02
 Reference value :  2.12216e-02
 Reference value :  2.12516e-02
 Reference value :  2.13036e-02
 Reference value :  2.13311e-02
 Reference value :  2.13551e-02
 Reference value :  2.13791e-02
 Reference value :  2.14061e-02
 Reference value :  2.14221e-02
 Reference value :  2.14456e-02
 Reference value :  2.14886e-02
 Reference value :  2.15241e-02
 Reference value :  2.15681e-02
 Reference value :  2.15866e-02
 Reference value :  2.16026e-02
 Reference value :  2.16411e-02
 Reference value :  2.16686e-02
 Reference value :  2.17041e-02
 Reference value :  2.17601e-02
 Reference value :  2.17836e-02
 Reference value :  2.18276e-02
 Reference value :  2.18661e-02
 Reference value :  2.19181e-02
 Reference value :  2.19451e-02
 Reference value :  2.19766e-02
 Reference value :  2.20041e-02
 Reference value :  2.20316e-02
 Reference value :  2.20636e-02
 Reference value :  2.20921e-02
 Reference value :  2.21271e-02
 Reference value :  2.21536e-02
 Reference value :  2.21731e-02
 Reference value :  2.22046e-02
 Reference value :  2.22321e-02
 Reference value :  2.22521e-02
 Reference value :  2.22681e-02
 Reference value :  2.23021e-02
 Reference value :  2.23421e-02
 Reference value :  2.23661e-02
 Reference value :  2.24091e-02
 Reference value :  2.24171e-02
 Reference value :  2.24641e-02
 Reference value :  2.25036e-02
 Reference value :  2.25391e-02
 Reference value :  2.25621e-02
 Reference value :  2.26021e-02
 Reference value :  2.26261e-02
 Reference value :  2.26451e-02
 Reference value :  2.26681e-02
 Reference value :  2.27071e-02
 Reference value :  2.27311e-02
 Reference value :  2.27501e-02
 Reference value :  2.27811e-02
 Reference value :  2.28331e-02
 Reference value :  2.28656e-02
 Reference value :  2.29041e-02
 Reference value :  2.29276e-02
 Reference value :  2.29436e-02
 Reference value :  2.29821e-02
 Reference value :  2.30301e-02
 Reference value :  2.30576e-02
 Reference value :  2.30696e-02
 Reference value :  2.30886e-02
 Reference value :  2.31111e-02
 Reference value :  2.31311e-02
 Reference value :  2.31541e-02
 Reference value :  2.31696e-02
 Reference value :  2.32046e-02
 Reference value :  2.32491e-02
 Reference value :  2.32761e-02
 Reference value :  2.33111e-02
 Reference value :  2.33466e-02
 Reference value :  2.33696e-02
 Reference value :  2.34001e-02
 Reference value :  2.34201e-02
 Reference value :  2.34546e-02
 Reference value :  2.34991e-02
 Reference value :  2.35461e-02
 Reference value :  2.35691e-02
 Reference value :  2.35881e-02
 Reference value :  2.36126e-02
 Reference value :  2.36476e-02
 Reference value :  2.36751e-02
 Reference value :  2.37216e-02
 Reference value :  2.37611e-02
 Reference value :  2.38046e-02
 Reference value :  2.38806e-02
 Reference value :  2.39286e-02
 Reference value :  2.39571e-02
 Reference value :  2.39961e-02
 Reference value :  2.40231e-02
 Reference value :  2.40436e-02
 Reference value :  2.40781e-02
 Reference value :  2.41216e-02
 Reference value :  2.41531e-02
 Reference value :  2.41886e-02
 Reference value :  2.42051e-02
 Reference value :  2.42281e-02
 Reference value :  2.42586e-02
 Reference value :  2.42901e-02
 Reference value :  2.43336e-02
 Reference value :  2.43621e-02
 Reference value :  2.43851e-02
 Reference value :  2.44121e-02
 Reference value :  2.44466e-02
 Reference value :  2.44791e-02
 Reference value :  2.45061e-02
 Reference value :  2.45366e-02
 Reference value :  2.45516e-02
 Reference value :  2.45876e-02
 Reference value :  2.46186e-02
 Reference value :  2.46541e-02
 Reference value :  2.46856e-02
 Reference value :  2.47056e-02
 Reference value :  2.47446e-02
 Reference value :  2.47686e-02
 Reference value :  2.47916e-02
 Reference value :  2.48191e-02
 Reference value :  2.48586e-02
 Reference value :  2.48946e-02
 Reference value :  2.49141e-02
 Reference value :  2.49546e-02
 Reference value :  2.49736e-02
 Reference value :  2.49961e-02
 Reference value :  2.50191e-02
 Reference value :  2.50271e-02
 Reference value :  2.50531e-02
 Reference value :  2.50971e-02
 Reference value :  2.51286e-02
 Reference value :  2.51526e-02
 Reference value :  2.51841e-02
 Reference value :  2.52231e-02
 Reference value :  2.52386e-02
 Reference value :  2.52611e-02
 Reference value :  2.52846e-02
 Reference value :  2.53161e-02
 Reference value :  2.53481e-02
 Reference value :  2.53911e-02
 Reference value :  2.54146e-02
 Reference value :  2.54421e-02
 Reference value :  2.54656e-02
 Reference value :  2.54971e-02
 Reference value :  2.55406e-02
 Reference value :  2.55766e-02
 Reference value :  2.56286e-02
 Reference value :  2.56686e-02
 Reference value :  2.56926e-02
 Reference value :  2.57151e-02
 Reference value :  2.57506e-02
 Reference value :  2.57781e-02
 Reference value :  2.57981e-02
 Reference value :  2.58291e-02
 Reference value :  2.58461e-02
 Reference value :  2.58871e-02
 Reference value :  2.59236e-02
 Reference value :  2.59456e-02
 Reference value :  2.59816e-02
 Reference value :  2.60251e-02
 Reference value :  2.60556e-02
 Reference value :  2.60956e-02
 Reference value :  2.61266e-02
 Reference value :  2.61941e-02
 Reference value :  2.62376e-02
 Reference value :  2.63136e-02
 Reference value :  2.63491e-02
 Reference value :  2.63906e-02
 Reference value :  2.64391e-02
 Reference value :  2.64976e-02
 Reference value :  2.65406e-02
 Reference value :  2.65886e-02
 Reference value :  2.66436e-02
 Reference value :  2.66941e-02
 Reference value :  2.67571e-02
 Reference value :  2.67891e-02
 Reference value :  2.68076e-02
 Reference value :  2.68541e-02
 Reference value :  2.68866e-02
 Reference value :  2.69296e-02
 Reference value :  2.69466e-02
 Reference value :  2.69646e-02
 Reference value :  2.69916e-02
 Reference value :  2.70301e-02
 Reference value :  2.70661e-02
 Reference value :  2.70811e-02
 Reference value :  2.71011e-02
 Reference value :  2.71441e-02
 Reference value :  2.71836e-02
 Reference value :  2.72026e-02
 Reference value :  2.72261e-02
 Reference value :  2.73021e-02
 Reference value :  2.73221e-02
 Reference value :  2.73486e-02
 Reference value :  2.73926e-02
 Reference value :  2.74286e-02
 Reference value :  2.74886e-02
 Reference value :  2.75321e-02
 Reference value :  2.75601e-02
 Reference value :  2.75911e-02
 Reference value :  2.76221e-02
 Reference value :  2.76381e-02
 Reference value :  2.76571e-02
 Reference value :  2.76761e-02
 Reference value :  2.77071e-02
 Reference value :  2.77341e-02
 Reference value :  2.77901e-02
 Reference value :  2.78221e-02
 Reference value :  2.78621e-02
 Reference value :  2.79021e-02
 Reference value :  2.79701e-02
 Reference value :  2.80141e-02
 Reference value :  2.80536e-02
 Reference value :  2.80856e-02
 Reference value :  2.81286e-02
 Reference value :  2.81711e-02
 Reference value :  2.82021e-02
 Reference value :  2.82136e-02
 Reference value :  2.82401e-02
 Reference value :  2.82746e-02
 Reference value :  2.83176e-02
 Reference value :  2.83896e-02
 Reference value :  2.84476e-02
 Reference value :  2.85021e-02
 Reference value :  2.85526e-02
 Reference value :  2.86036e-02
 Reference value :  2.86541e-02
 Reference value :  2.87031e-02
 Reference value :  2.87516e-02
 Reference value :  2.88141e-02
 Reference value :  2.88741e-02
 Reference value :  2.89211e-02
 Reference value :  2.89726e-02
 Reference value :  2.90246e-02
 Reference value :  2.90646e-02
 Reference value :  2.90876e-02
 Reference value :  2.91111e-02
 Reference value :  2.91536e-02
 Reference value :  2.91766e-02
 Reference value :  2.92166e-02
 Reference value :  2.92521e-02
 Reference value :  2.92841e-02
 Reference value :  2.93201e-02
 Reference value :  2.93436e-02
 Reference value :  2.93741e-02
 Reference value :  2.94136e-02
 Reference value :  2.94531e-02
 Reference value :  2.94971e-02
 Reference value :  2.95456e-02
 Reference value :  2.95931e-02
 Reference value :  2.96316e-02
 Reference value :  2.96436e-02
 Reference value :  2.96666e-02
 Reference value :  2.96986e-02
 Reference value :  2.97241e-02
 Reference value :  2.97746e-02
 Reference value :  2.97976e-02
 Reference value :  2.98246e-02
 Reference value :  2.98521e-02
 Reference value :  2.98776e-02
 Reference value :  2.99111e-02
 Reference value :  2.99356e-02
 Reference value :  2.99581e-02
 Reference value :  2.99826e-02
No. of Data Rows : 9372
vref_op             =  1.19764e+00
vref_st             =  1.19764e+00
ok_st               =  3.63000e+00
vdd_st              =  3.63000e+00
iq_st               =  -7.00911e-07
ib_st               =  3.91966e-07
t_set               =  5.22561e-04
vdd_drop            =  1.47166e+00
t_oks               =  2.21688e-04
err_at_ok           =  1.67950e-01
relv_slow           =  2.98771e+00
err_at_relv         =  1.81296e-01
relv_fast           =  3.63000e+00
okf_at_1v           =  -6.07925e-05
errf_end            =  2.72244e-08
bo_pre              =  1.19764e+00
bo_mid              =  1.19764e+00
bo_dpre             =  1.19764e+00
bo_post             =  1.19764e+00
ok_bo_dip           =  4.27578e-02
t_bo_rec            =  2.41343e-03
t_false_s           =  1.81500e-08 from=  0.00000e+00 to=  3.00000e-02
t_false_f           =  1.34144e-02 from=  0.00000e+00 to=  3.00000e-02
t_false_b           =  2.29880e-03 from=  0.00000e+00 to=  3.00000e-02
t_false_d           =  1.33431e-03 from=  0.00000e+00 to=  3.00000e-02
ok_bo_end           =  3.63000e+00
vdd_bo              =  3.63000e+00
m_vref_op_v = 1.1976440000e+00
m_vref_v = 1.1976440000e+00
m_ok_droop_mv = 0.0000000000e+00
m_iq_por_ua = 7.0091060000e-01
m_ibias_na = 3.9196640000e+02
m_iq_own_ua = 3.0894420000e-01
m_t_settle_us = 2.2561200000e+01
m_err_at_relv_mv = 1.8129610000e+02
m_vdd_ref90_v = 1.4716630000e+00
m_t_bo_recover_us = 1.3034270000e+03
m_t_false_ok_slow_us = 1.8150000000e-02
m_t_false_ok_fast_us = 1.3414400000e+04
m_t_false_ok_brownout_us = 3.6331070000e+03
m_err_at_ok_mv = 1.6795030000e+02
m_t_ok_us = 2.2168770000e+02
m_relv_slow_v = 2.9877080000e+00
m_relv_fast_v = 3.6300000000e+00
m_okf_at_1v_mv = -6.079247000e-02
m_err_fast_end_mv = 2.7224360000e-05
m_bo_shallow_ppm = 0.0000000000e+00
m_bo_deep_ppm = 0.0000000000e+00
m_ok_bo_dip_mv = 4.2757770000e+01
m_ok_bo_end_droop_mv = 0.0000000000e+00
Note: Simulation executed from .control section 

Warning: m=xx on .subckt line will override multiplier m hierarchy!

Note: Starting dynamic gmin stepping
Note: Dynamic gmin stepping completed
