
Note: No compatibility mode selected!


Circuit: * temp-core-designer-check @ bjt_ff_27c_3.30v -- generated by sim/harness, do not edit

Doing analysis at TEMP = 27.000000 and TNOM = 27.000000

 Reference value :  0.00000e+00
No. of Data Rows : 1
m_vptat = 1.2931895604e+00
m_vctat = 6.4724244647e-01
m_ptat_k_mvk = 4.3084776293e+00
m_terr_untrim_c = -2.538173326e-02
m_terr_supply_c = 4.1254840788e-06
m_vout_margin_v = 4.4724244647e-01
m_iq_ua = 1.1003511271e+01
m_iq_dis_ua = 4.2225342549e-05
m_ibias_dis_na = 1.4246381852e-03
m_vibias_dis_v = 6.9936314428e-01
m_vptat_dis_mv = 1.5149543021e-05
m_vctat_dis_mv = 1.5264942922e-05
m_load10m_err_pct = -6.119246132e+00
m_dvbe_mv = 5.3872531948e+01
m_aoffs_uv = -2.394520482e+00
m_vnd_mv = 3.6098624084e+00
m_mp3_hdr_v = 3.1727795114e-01
m_rtrim_nom_k = 5.1642057332e+02
m_rtrim_lsb_pct = 2.3679519619e-01
m_rtrim_range_pct = 1.5664816636e+01
Note: Simulation executed from .control section 

Using SPARSE 1.3 as Direct Linear Solver
Note: Starting dynamic gmin stepping
Warning: Dynamic gmin stepping failed
Note: Starting true gmin stepping
Note: True gmin stepping completed
