
Note: No compatibility mode selected!


Circuit: * temp-core-designer-check @ res_ff_27c_2.97v -- generated by sim/harness, do not edit

Doing analysis at TEMP = 27.000000 and TNOM = 27.000000

 Reference value :  0.00000e+00
No. of Data Rows : 1
m_vptat = 1.2927342199e+00
m_vctat = 6.5911779899e-01
m_ptat_k_mvk = 4.3069605859e+00
m_terr_untrim_c = -1.310575852e-01
m_terr_supply_c = -6.050857333e-03
m_vout_margin_v = 4.5911779899e-01
m_iq_ua = 1.2917389699e+01
m_iq_dis_ua = 3.7481002710e-05
m_ibias_dis_na = 1.4244161406e-03
m_vibias_dis_v = 6.9936314431e-01
m_vptat_dis_mv = 1.4435191342e-05
m_vctat_dis_mv = 1.4583474096e-05
m_load10m_err_pct = -4.958370835e+00
m_dvbe_mv = 5.3884421774e+01
m_aoffs_uv = -1.689476746e+00
m_vnd_mv = 3.0257683806e+00
m_mp3_hdr_v = 3.0104465412e-01
m_rtrim_nom_k = 4.1322899663e+02
m_rtrim_lsb_pct = 2.3576865821e-01
m_rtrim_range_pct = 1.5653409666e+01
Note: Simulation executed from .control section 

Using SPARSE 1.3 as Direct Linear Solver
Note: Starting dynamic gmin stepping
Warning: Dynamic gmin stepping failed
Note: Starting true gmin stepping
Note: True gmin stepping completed
