
Note: No compatibility mode selected!


Circuit: * temp-core-designer-check @ res_ff_10c_2.97v -- generated by sim/harness, do not edit

Doing analysis at TEMP = 10.000000 and TNOM = 27.000000

 Reference value :  0.00000e+00
No. of Data Rows : 1
m_vptat = 1.2194087081e+00
m_vctat = 6.9017301879e-01
m_ptat_k_mvk = 4.3065820524e+00
m_terr_untrim_c = -1.485095443e-01
m_terr_supply_c = -4.160229063e-03
m_vout_margin_v = 4.9017301879e-01
m_iq_ua = 1.2349386355e+01
m_iq_dis_ua = 3.6914691549e-05
m_ibias_dis_na = 1.4352963262e-03
m_vibias_dis_v = 7.1495724320e-01
m_vptat_dis_mv = 1.3449976953e-05
m_vctat_dis_mv = 1.3578244270e-05
m_load10m_err_pct = -5.079027957e+00
m_dvbe_mv = 5.0829440986e+01
m_aoffs_uv = -1.631977921e+00
m_vnd_mv = 3.0044003142e+00
m_mp3_hdr_v = 2.9450693512e-01
m_rtrim_nom_k = 4.1392954448e+02
m_rtrim_lsb_pct = 2.3701346360e-01
m_rtrim_range_pct = 1.5661271587e+01
Note: Simulation executed from .control section 

Using SPARSE 1.3 as Direct Linear Solver
Note: Starting dynamic gmin stepping
Warning: Dynamic gmin stepping failed
Note: Starting true gmin stepping
Note: True gmin stepping completed
