
Note: No compatibility mode selected!


Circuit: * temp-core-designer-check @ res_ss_-15c_2.97v -- generated by sim/harness, do not edit

Doing analysis at TEMP = -15.000000 and TNOM = 27.000000

 Reference value :  0.00000e+00
No. of Data Rows : 1
m_vptat = 1.1124134433e+00
m_vctat = 7.2646689506e-01
m_ptat_k_mvk = 4.3091746786e+00
m_terr_untrim_c = 1.9931335187e-02
m_terr_supply_c = -1.895147139e-03
m_vout_margin_v = 5.2646689506e-01
m_iq_ua = 8.7326223902e+00
m_iq_dis_ua = 3.6368511576e-05
m_ibias_dis_na = 1.4770407120e-03
m_vibias_dis_v = 7.3818424364e-01
m_vptat_dis_mv = 1.2086915941e-05
m_vctat_dis_mv = 1.2158858233e-05
m_load10m_err_pct = -7.773219371e+00
m_dvbe_mv = 4.6329431065e+01
m_aoffs_uv = -1.669201803e+00
m_vnd_mv = 4.0235551317e+00
m_mp3_hdr_v = 3.0452476567e-01
m_rtrim_nom_k = 6.2266668761e+02
m_rtrim_lsb_pct = 2.3849739913e-01
m_rtrim_range_pct = 1.5677926139e+01
Note: Simulation executed from .control section 

Using SPARSE 1.3 as Direct Linear Solver
Note: Starting dynamic gmin stepping
Warning: Dynamic gmin stepping failed
Note: Starting true gmin stepping
Note: True gmin stepping completed
