
Note: No compatibility mode selected!


Circuit: * temp-core-designer-check @ res_ff_-40c_3.30v -- generated by sim/harness, do not edit

Doing analysis at TEMP = -40.000000 and TNOM = 27.000000

 Reference value :  0.00000e+00
No. of Data Rows : 1
m_vptat = 1.0038093750e+00
m_vctat = 7.8032789534e-01
m_ptat_k_mvk = 4.3054230110e+00
m_terr_untrim_c = -1.850003533e-01
m_terr_supply_c = -2.614716239e-06
m_vout_margin_v = 5.8032789534e-01
m_iq_ua = 1.0719365466e+01
m_iq_dis_ua = 4.0302634682e-05
m_ibias_dis_na = 1.5236700790e-03
m_vibias_dis_v = 7.6183828861e-01
m_vptat_dis_mv = 1.1217273437e-05
m_vctat_dis_mv = 1.1303390550e-05
m_load10m_err_pct = -5.546030661e+00
m_dvbe_mv = 4.1848431092e+01
m_aoffs_uv = -2.071624432e+00
m_vnd_mv = 3.0008649211e+00
m_mp3_hdr_v = 2.7615427914e-01
m_rtrim_nom_k = 4.1695642615e+02
m_rtrim_lsb_pct = 2.4123118452e-01
m_rtrim_range_pct = 1.5687920546e+01
Note: Simulation executed from .control section 

Using SPARSE 1.3 as Direct Linear Solver
Note: Starting dynamic gmin stepping
Warning: Dynamic gmin stepping failed
Note: Starting true gmin stepping
Note: True gmin stepping completed
