
Note: No compatibility mode selected!


Circuit: * temp-core-designer-check @ sf_-40c_2.97v -- generated by sim/harness, do not edit

Doing analysis at TEMP = -40.000000 and TNOM = 27.000000

 Reference value :  0.00000e+00
No. of Data Rows : 1
m_vptat = 1.0042569976e+00
m_vctat = 7.7584704714e-01
m_ptat_k_mvk = 4.3073429019e+00
m_terr_untrim_c = -8.111569911e-02
m_terr_supply_c = -1.815653531e-03
m_vout_margin_v = 5.7584704714e-01
m_iq_ua = 9.1780965096e+00
m_iq_dis_ua = 3.6309566738e-05
m_ibias_dis_na = 1.6857626406e-03
m_vibias_dis_v = 8.4251123359e-01
m_vptat_dis_mv = 1.1436705736e-05
m_vctat_dis_mv = 1.1518929896e-05
m_load10m_err_pct = -6.864616458e+00
m_dvbe_mv = 4.1842956396e+01
m_aoffs_uv = -1.647212776e+00
m_vnd_mv = 3.5287842615e+00
m_mp3_hdr_v = 2.7772866045e-01
m_rtrim_nom_k = 5.2108648210e+02
m_rtrim_lsb_pct = 2.3950465526e-01
m_rtrim_range_pct = 1.5681082452e+01
Note: Simulation executed from .control section 

Using SPARSE 1.3 as Direct Linear Solver
Note: Starting dynamic gmin stepping
Note: Dynamic gmin stepping completed
