
Note: No compatibility mode selected!


Circuit: * temp-core-designer-check @ sf_90c_2.97v -- generated by sim/harness, do not edit

Doing analysis at TEMP = 90.000000 and TNOM = 27.000000

 Reference value :  0.00000e+00
No. of Data Rows : 1
m_vptat = 1.5653791721e+00
m_vctat = 5.3549779973e-01
m_ptat_k_mvk = 4.3105580946e+00
m_terr_untrim_c = 1.4463277281e-01
m_terr_supply_c = -8.992763363e-03
m_vout_margin_v = 3.3549779973e-01
m_iq_ua = 1.2634584332e+01
m_iq_dis_ua = 4.2331960996e-05
m_ibias_dis_na = 1.8953727476e-03
m_vibias_dis_v = 7.2410158295e-01
m_vptat_dis_mv = 2.1426678037e-05
m_vctat_dis_mv = 2.1669031207e-05
m_load10m_err_pct = -5.713123954e+00
m_dvbe_mv = 6.5205284885e+01
m_aoffs_uv = -2.473871417e+00
m_vnd_mv = 3.6987095243e+00
m_mp3_hdr_v = 3.3264049353e-01
m_rtrim_nom_k = 5.1501374723e+02
m_rtrim_lsb_pct = 2.3138691301e-01
m_rtrim_range_pct = 1.5629995732e+01
Note: Simulation executed from .control section 

Using SPARSE 1.3 as Direct Linear Solver
Note: Starting dynamic gmin stepping
Note: Dynamic gmin stepping completed
