
Note: No compatibility mode selected!


Circuit: * temp-core-designer-check @ ss_25c_3.30v -- generated by sim/harness, do not edit

Doing analysis at TEMP = 25.000000 and TNOM = 27.000000

 Reference value :  0.00000e+00
No. of Data Rows : 1
m_vptat = 1.2852816175e+00
m_vctat = 6.6113071569e-01
m_ptat_k_mvk = 4.3108556684e+00
m_terr_untrim_c = 1.3933563575e-01
m_terr_supply_c = -1.701299301e-06
m_vout_margin_v = 4.6113071569e-01
m_iq_ua = 9.6289882759e+00
m_iq_dis_ua = 4.0904417400e-05
m_ibias_dis_na = 1.6275869541e-03
m_vibias_dis_v = 8.1304345646e-01
m_vptat_dis_mv = 1.6156107414e-05
m_vctat_dis_mv = 1.6275308541e-05
m_load10m_err_pct = -7.320898460e+00
m_dvbe_mv = 5.3523556781e+01
m_aoffs_uv = -1.973300417e+00
m_vnd_mv = 4.1183307078e+00
m_mp3_hdr_v = 3.3577589389e-01
m_rtrim_nom_k = 6.1973334951e+02
m_rtrim_lsb_pct = 2.3620443848e-01
m_rtrim_range_pct = 1.5663671848e+01
Note: Simulation executed from .control section 

Using SPARSE 1.3 as Direct Linear Solver
Note: Starting dynamic gmin stepping
Warning: Dynamic gmin stepping failed
Note: Starting true gmin stepping
Note: True gmin stepping completed
