
Note: No compatibility mode selected!


Circuit: * temp-core-designer-check @ tt_125c_3.63v -- generated by sim/harness, do not edit

Doing analysis at TEMP = 125.000000 and TNOM = 27.000000

 Reference value :  0.00000e+00
No. of Data Rows : 1
m_vptat = 1.7165735335e+00
m_vctat = 4.6906926589e-01
m_ptat_k_mvk = 4.3113739383e+00
m_terr_untrim_c = 2.3395873432e-01
m_terr_supply_c = -1.023033420e-02
m_vout_margin_v = 2.6906926589e-01
m_iq_ua = 1.3621789437e+01
m_iq_dis_ua = 1.2874452314e-04
m_ibias_dis_na = 1.8614887409e-02
m_vibias_dis_v = 6.1149716773e-01
m_vptat_dis_mv = 3.5695998220e-05
m_vctat_dis_mv = 3.6064195148e-05
m_load10m_err_pct = -5.550841451e+00
m_dvbe_mv = 7.1504870536e+01
m_aoffs_uv = -3.078093378e+00
m_vnd_mv = 3.8460175501e+00
m_mp3_hdr_v = 3.5765351911e-01
m_rtrim_nom_k = 5.1544662438e+02
m_rtrim_lsb_pct = 2.3227569764e-01
m_rtrim_range_pct = 1.5636896170e+01
Note: Simulation executed from .control section 

Using SPARSE 1.3 as Direct Linear Solver
Note: Starting dynamic gmin stepping
Note: Dynamic gmin stepping completed
