
Note: No compatibility mode selected!


Circuit: * por-brownout recovery-edge control @ ss / -40.0 c / 2.97 v -- generated by run_recovery_reassert.py, do not edit

Doing analysis at TEMP = -40.000000 and TNOM = 27.000000

Using SPARSE 1.3 as Direct Linear Solver

Initial Transient Solution
--------------------------

Node                                   Voltage
----                                   -------
vdd                                          0
ptat                             -8.08097e-107
ctat                               8.69249e-68
resetn                            5.33353e-129
xdut.xbias.na                    -7.09474e-207
xdut.xbias.pg                     1.17867e-206
xdut.xbias.nbtop                 -1.11813e-238
xdut.vref                        -1.69043e-200
xdut.xbias.nbg                    9.30611e-279
xdut.xbias.xrt.11                -1.11813e-238
xdut.xbias.xrt.21                -1.11813e-238
xdut.xbias.nb                    -1.11813e-238
xdut.xbias.xr1.11                -1.11813e-238
xdut.xbias.xr1.21                -1.11813e-238
xdut.xbias.ec                    -1.11813e-238
xdut.xbias.xr2.11                -1.69043e-200
xdut.xbias.xr2.21                -1.69042e-200
xdut.xbias.er                    -1.69042e-200
xdut.xbias.pb                    -7.33952e-293
xdut.ibias                        -2.03331e-20
xdut.xbias.nt                    -8.30874e-200
xdut.xbias.n1                     4.28398e-203
xdut.xbias.n2                     4.26868e-203
xdut.xbias.nz                     4.26868e-203
xdut.xbias.xrz.11                 4.26868e-203
xdut.xbias.xrz.21                 4.26868e-203
xdut.xbias.ks1                   -2.27286e-235
xdut.xbias.ks2                    3.33195e-234
xdut.xbias.ks3                    -4.8615e-233
xdut.xbias.ks4                     7.0935e-232
xdut.xbias.nkg                   -1.03496e-230
xdut.xbias.nkm                               0
xdut.xbias.tok                   -8.47561e-192
xdut.xbias.noko                    1.5947e-195
xdut.xbias.nokl                   4.30121e-195
xdut.xbias.nokx                  -3.07863e-211
xdut.bias_ok                     -1.10282e-176
xdut.xtemp.nbg                      6.7266e-21
xdut.xtemp.enb                    -1.02191e-23
xdut.xtemp.pb                     -4.44966e-82
xdut.xtemp.pcas                   -2.03067e-98
xdut.xtemp.nt                    -3.21475e-102
xdut.xtemp.n1                    -1.71225e-102
xdut.xtemp.na                      8.69249e-68
xdut.xtemp.n2                    -1.11752e-101
xdut.xtemp.nb                      2.60058e-57
xdut.xtemp.pg                     -1.05682e-97
xdut.xtemp.nz                    -1.11752e-101
xdut.xtemp.xrz.11                -1.11752e-101
xdut.xtemp.xrz.21                -1.11752e-101
xdut.xtemp.m1d                    -4.48612e-64
xdut.xtemp.m2d                    -3.55702e-53
xdut.xtemp.m3d                     2.06527e-97
xdut.xtemp.nd                     -7.77132e-24
xdut.xtemp.nr                      1.16579e-23
xdut.xtemp.nc                      2.60058e-57
xdut.xtemp.xr1.11                  2.60058e-57
xdut.xtemp.xr1.21                  2.60058e-57
xdut.xtemp.xr2f.11               -8.08056e-107
xdut.xtemp.xr2f.21               -1.17846e-107
xdut.xtemp.t5                    -1.17805e-107
xdut.xtemp.xr2t5.11              -1.17765e-107
xdut.xtemp.xr2t5.21              -5.79941e-108
xdut.xtemp.t4                    -5.79536e-108
xdut.xtemp.xr2t4.11              -5.79131e-108
xdut.xtemp.xr2t4.21              -2.80707e-108
xdut.xtemp.t3                    -2.80302e-108
xdut.xtemp.xr2t3.11              -2.79897e-108
xdut.xtemp.xr2t3.21              -1.31114e-108
xdut.xtemp.t2                    -1.30709e-108
xdut.xtemp.xr2t2.11              -1.30304e-108
xdut.xtemp.xr2t2.21              -5.63546e-109
xdut.xtemp.t1                    -5.59497e-109
xdut.xtemp.xr2t1.11              -5.55447e-109
xdut.xtemp.xr2t1.21              -1.90386e-109
xdut.xtemp.t0                    -1.86336e-109
xdut.xtemp.xr2t0.11              -1.82286e-109
xdut.xtemp.xr2t0.21              -4.04955e-111
xdut.xtemp.xriso.11                8.69249e-68
xdut.xtemp.xriso.21                8.69249e-68
xdut.xcmp.bias_okb                           0
xdut.xcmp.nbg                      6.72669e-21
xdut.xcmp.sns                                0
xdut.xcmp.xrtop.11                           0
xdut.xcmp.xrtop.21                           0
xdut.xcmp.snsb                               0
xdut.xcmp.xrbot.11                           0
xdut.xcmp.xrbot.21                           0
xdut.xcmp.xrhys.11                           0
xdut.xcmp.xrhys.21                           0
xdut.xcmp.n1                                 0
xdut.xcmp.tn                      -1.00048e-92
xdut.xcmp.na                       4.72838e-91
xdut.xcmp.cmpo                     2.22813e-91
xdut.xcmp.vdda                     1.99781e-87
xdut.por_raw                       1.02191e-23
xdut.xpor.pdn                      9.06718e-22
xdut.xpor.ndl                     3.41463e-150
xdut.xpor.ndgp                    -7.22377e-61
xdut.xpor.ndg                      1.02166e-23
xdut.xpor.ndgn                    -4.21507e-23
xdut.xpor.pgdg                               0
xdut.xpor.pgdgb                   1.21362e-164
xdut.xpor.nts                    -9.11146e-146
xdut.xpor.tim                     1.91705e-146
xdut.xpor.nd1                                0
xdut.xpor.trip                   -8.65346e-163
xdut.xpor.rstb                    1.85803e-121
xdut.xpor.nnand                  -7.14844e-123
vsup#branch                        3.45316e-32

 Reference value :  2.69082e-04
 Reference value :  6.10267e-04
 Reference value :  8.82229e-04
 Reference value :  1.16300e-03
 Reference value :  9.34300e-03
 Reference value :  1.40350e-02
 Reference value :  1.40431e-02
 Reference value :  1.45142e-02
 Reference value :  2.00154e-02
 Reference value :  2.00519e-02
 Reference value :  2.00669e-02
 Reference value :  2.57318e-02
 Reference value :  2.63489e-02
 Reference value :  2.63575e-02
 Reference value :  3.10947e-02
 Reference value :  3.93347e-02
 Reference value :  4.75347e-02
No. of Data Rows : 4678
treassert           =  2.00516e-02
rst_r_min           =  -1.43566e-06 at=  2.63442e-02
praw_r_min_dip      =  9.98018e-01 at=  2.00510e-02
praw_r_min_rec      =  -1.42610e-05 at=  2.00668e-02
t_praw              =  2.00530e-02
praw_w              =  1.38902e-05 targ=  2.00668e-02 trig=  2.00530e-02
bok_r_min_dip       =  9.72616e-01 at=  2.00510e-02
bok_r_min_rec       =  9.98980e-01 at=  2.00520e-02
t_rst               =  2.00516e-02
rst_min             =  -4.26535e-06 at=  2.63442e-02
rst_final           =  2.97000e+00
Note: Simulation executed from .control section 

