
Note: Compatibility modes selected: hs a


Circuit: * por-output-chain-deglitch @ ff_27c_3.30v -- generated by sim/harness, do not edit

Doing analysis at TEMP = 27.000000 and TNOM = 27.000000

Using SPARSE 1.3 as Direct Linear Solver

Initial Transient Solution
--------------------------

Node                                   Voltage
----                                   -------
vdd                                          0
por_raw                                      0
nib1                              -7.47159e-20
ibias1                            -7.47159e-20
nib2                              -7.47159e-20
ibias2                            -7.47159e-20
vdd1                                         0
vdd2                                         0
resetn1                           -2.30255e-17
resetn2                           -2.27201e-17
xdut1.pdn                         -9.65583e-28
xdut1.ndl                         -3.27984e-21
xdut1.ndgp                         3.48455e-19
xdut1.ndg                          5.11919e-18
xdut1.ndgn                        -1.47202e-19
xdut1.pgdg                        -1.03415e-18
xdut1.pgdgb                       -1.03601e-19
xdut1.nts                         -8.61183e-21
xdut1.tim                          1.18105e-19
xdut1.nd1                          1.17013e-18
xdut1.trip                         -9.8249e-21
xdut1.rstb                        -3.69692e-18
xdut1.nnand                       -5.61019e-18
xdut2.pdn                         -9.65583e-28
xdut2.ndl                         -3.26995e-21
xdut2.ndgp                         3.48132e-19
xdut2.ndg                          5.14194e-18
xdut2.ndgn                        -6.05781e-21
xdut2.pgdg                        -2.63397e-19
xdut2.pgdgb                        2.21413e-19
xdut2.nts                         -1.42664e-20
xdut2.tim                          1.99435e-19
xdut2.nd1                         -5.01556e-19
xdut2.trip                        -1.26316e-20
xdut2.rstb                         2.31276e-19
xdut2.nnand                        1.57635e-19
vd2#branch                         2.26455e-29
vd1#branch                         3.61512e-29
vib2#branch                                  0
vib1#branch                                  0
vpr#branch                                   0
vsup#branch                       -5.87967e-29

 Reference value :  6.58094e-05
 Reference value :  3.09506e-04
 Reference value :  1.00102e-03
 Reference value :  1.20155e-03
 Reference value :  3.26727e-03
 Reference value :  5.53727e-03
 Reference value :  7.23786e-03
 Reference value :  9.46586e-03
 Reference value :  1.09999e-02
 Reference value :  1.12010e-02
 Reference value :  1.20024e-02
 Reference value :  1.20149e-02
 Reference value :  1.30011e-02
 Reference value :  1.32027e-02
No. of Data Rows : 10990
tpgr1               =  3.09520e-04
trel1               =  5.54828e-03
pgdgmin1            =  3.29881e+00 at=  1.10102e-03
vmax_chat1          =  8.91287e-10 at=  1.09993e-03
timpre1             =  3.73489e-01
timlo1              =  3.73978e-01 at=  9.99900e-04
pgdgminw            =  3.29845e+00 at=  1.32011e-02
timpre3             =  5.32019e-01
timlo3              =  5.32508e-01 at=  1.29999e-02
vmin_hold1          =  3.30000e+00 at=  1.09999e-02
tpgf1               =  1.20024e-02
tpgf2               =  1.20046e-02
tasrt1              =  1.20024e-02
tvalid1             =  1.20024e-02
vmin_dip1           =  -1.81403e-07 at=  1.20024e-02
vmax_after1         =  7.33292e-10 at=  1.20996e-02
iasrt1              =  2.85197e-08 from=  1.50000e-04 to=  2.90147e-04
m_dwell_pgdg_1x_us = 2.3800000000e+00
m_dwell_pgdg_halfib_us = 4.6200000000e+00
m_dwell_resetn_1x_us = 2.3700000000e+00
m_reassert_validlow_us = 2.3700000000e+00
m_dwell_rise_1x_us = 9.4205000000e+00
m_tpulse_after_chatter_ms = 5.2481790000e+00
m_pgdg_min_during_chatter = 3.2988120000e+00
m_resetn_max_during_chatter = 8.9128670000e-10
m_resetn_min_after_release = 3.3000000000e+00
m_resetn_min_during_dip = -1.814025000e-07
m_resetn_max_after_dip = 7.3329180000e-10
m_pgdg_min_during_wide_chatter = 3.2984460000e+00
m_tim_min_during_wide_chatter_v = 5.3250770000e-01
m_tim_loss_wide_pct = -9.193287603e-02
m_tim_loss_1us_pct = -1.306596303e-01
m_iq_asserted_1x_na = 2.8519670000e+01
Note: Simulation executed from .control section 

Warning: m=xx on .subckt line will override multiplier m hierarchy!

