
Note: Compatibility modes selected: hs a


Circuit: * por-output-chain-deglitch @ fs_125c_3.63v -- generated by sim/harness, do not edit

Doing analysis at TEMP = 125.000000 and TNOM = 27.000000

Using SPARSE 1.3 as Direct Linear Solver

Initial Transient Solution
--------------------------

Node                                   Voltage
----                                   -------
vdd                                          0
por_raw                                      0
nib1                              -1.93264e-18
ibias1                            -1.93264e-18
nib2                              -1.93264e-18
ibias2                            -1.93264e-18
vdd1                                         0
vdd2                                         0
resetn1                            1.31941e-18
resetn2                            1.16612e-18
xdut1.pdn                         -2.61417e-19
xdut1.ndl                           1.3634e-19
xdut1.ndgp                        -1.22592e-18
xdut1.ndg                           2.6087e-18
xdut1.ndgn                         6.02018e-19
xdut1.pgdg                         1.26255e-18
xdut1.pgdgb                         3.4229e-19
xdut1.nts                         -4.37898e-19
xdut1.tim                         -3.67647e-18
xdut1.nd1                         -1.60941e-18
xdut1.trip                        -3.79613e-19
xdut1.rstb                        -2.60701e-19
xdut1.nnand                        1.10993e-18
xdut2.pdn                         -2.61417e-19
xdut2.ndl                         -1.69685e-18
xdut2.ndgp                         2.10643e-18
xdut2.ndg                         -1.03277e-18
xdut2.ndgn                         1.51875e-19
xdut2.pgdg                        -3.45115e-19
xdut2.pgdgb                        3.84551e-19
xdut2.nts                         -7.78456e-19
xdut2.tim                         -3.99766e-19
xdut2.nd1                         -1.65931e-18
xdut2.trip                        -6.16288e-19
xdut2.rstb                        -1.87217e-18
xdut2.nnand                       -3.77317e-19
vd2#branch                         2.60239e-29
vd1#branch                         1.00806e-29
vib2#branch                                  0
vib1#branch                                  0
vpr#branch                                   0
vsup#branch                       -3.61045e-29

 Reference value :  6.06967e-05
 Reference value :  3.12205e-04
 Reference value :  1.00130e-03
 Reference value :  1.32979e-03
 Reference value :  3.62979e-03
 Reference value :  5.80779e-03
 Reference value :  7.43600e-03
 Reference value :  9.62200e-03
 Reference value :  1.10032e-02
 Reference value :  1.14614e-02
 Reference value :  1.20039e-02
 Reference value :  1.22994e-02
 Reference value :  1.31011e-02
No. of Data Rows : 10667
tpgr1               =  3.12198e-04
trel1               =  7.17576e-03
pgdgmin1            =  3.61879e+00 at=  1.00101e-03
vmax_chat1          =  2.26641e-09 at=  1.20102e-03
timpre1             =  3.12140e-01
timlo1              =  3.12550e-01 at=  9.99900e-04
pgdgminw            =  3.61541e+00 at=  1.32011e-02
timpre3             =  4.46008e-01
timlo3              =  4.46418e-01 at=  1.29999e-02
vmin_hold1          =  3.62999e+00 at=  1.09999e-02
tpgf1               =  1.20023e-02
tpgf2               =  1.20044e-02
tasrt1              =  1.20023e-02
tvalid1             =  1.20023e-02
vmin_dip1           =  -1.79947e-07 at=  1.20023e-02
vmax_after1         =  1.06398e-09 at=  1.21314e-02
iasrt1              =  3.09406e-08 from=  1.50000e-04 to=  2.90205e-04
m_dwell_pgdg_1x_us = 2.2700000000e+00
m_dwell_pgdg_halfib_us = 4.3800000000e+00
m_dwell_resetn_1x_us = 2.2600000000e+00
m_reassert_validlow_us = 2.2600000000e+00
m_dwell_rise_1x_us = 1.2098000000e+01
m_tpulse_after_chatter_ms = 6.8756620000e+00
m_pgdg_min_during_chatter = 3.6187950000e+00
m_resetn_max_during_chatter = 2.2664150000e-09
m_resetn_min_after_release = 3.6299940000e+00
m_resetn_min_during_dip = -1.799472000e-07
m_resetn_max_after_dip = 1.0639760000e-09
m_pgdg_min_during_wide_chatter = 3.6154140000e+00
m_tim_min_during_wide_chatter_v = 4.4641850000e-01
m_tim_loss_wide_pct = -9.199382433e-02
m_tim_loss_1us_pct = -1.311268903e-01
m_iq_asserted_1x_na = 3.0940550000e+01
Note: Simulation executed from .control section 

Warning: m=xx on .subckt line will override multiplier m hierarchy!

