
Note: Compatibility modes selected: hs a


Circuit: * por-output-chain-deglitch @ fs_27c_3.30v -- generated by sim/harness, do not edit

Doing analysis at TEMP = 27.000000 and TNOM = 27.000000

Using SPARSE 1.3 as Direct Linear Solver

Initial Transient Solution
--------------------------

Node                                   Voltage
----                                   -------
vdd                                          0
por_raw                                      0
nib1                              -8.42809e-20
ibias1                            -8.42809e-20
nib2                              -8.42809e-20
ibias2                            -8.42809e-20
vdd1                                         0
vdd2                                         0
resetn1                             8.8734e-19
resetn2                             1.2594e-18
xdut1.pdn                          2.73813e-32
xdut1.ndl                         -3.00379e-23
xdut1.ndgp                        -2.20512e-22
xdut1.ndg                          2.02555e-18
xdut1.ndgn                         1.95318e-18
xdut1.pgdg                        -6.77191e-19
xdut1.pgdgb                       -2.85695e-18
xdut1.nts                         -4.25577e-22
xdut1.tim                          5.77564e-19
xdut1.nd1                          2.20166e-20
xdut1.trip                           4.646e-19
xdut1.rstb                        -2.41783e-20
xdut1.nnand                        9.43873e-20
xdut2.pdn                          2.73813e-32
xdut2.ndl                          3.52811e-24
xdut2.ndgp                        -6.14732e-21
xdut2.ndg                         -1.20603e-18
xdut2.ndgn                         1.19847e-18
xdut2.pgdg                         1.38363e-18
xdut2.pgdgb                        2.87016e-18
xdut2.nts                         -4.29557e-22
xdut2.tim                          5.82979e-19
xdut2.nd1                         -1.50163e-19
xdut2.trip                         9.66472e-20
xdut2.rstb                        -1.02788e-19
xdut2.nnand                        3.74193e-19
vd2#branch                        -4.52073e-30
vd1#branch                        -3.71778e-31
vib2#branch                                  0
vib1#branch                                  0
vpr#branch                                   0
vsup#branch                         4.8925e-30

 Reference value :  4.50396e-05
 Reference value :  3.03656e-04
 Reference value :  1.00000e-03
 Reference value :  1.20104e-03
 Reference value :  3.17442e-03
 Reference value :  5.47642e-03
 Reference value :  7.23702e-03
 Reference value :  9.48102e-03
 Reference value :  1.09999e-02
 Reference value :  1.12010e-02
 Reference value :  1.20027e-02
 Reference value :  1.20136e-02
 Reference value :  1.30000e-02
 Reference value :  1.32012e-02
No. of Data Rows : 11003
tpgr1               =  3.10721e-04
trel1               =  5.87664e-03
pgdgmin1            =  3.29941e+00 at=  1.00102e-03
vmax_chat1          =  8.94493e-10 at=  1.19993e-03
timpre1             =  3.24296e-01
timlo1              =  3.24721e-01 at=  9.99900e-04
pgdgminw            =  3.29935e+00 at=  1.30011e-02
timpre3             =  4.62890e-01
timlo3              =  4.63316e-01 at=  1.29999e-02
vmin_hold1          =  3.30000e+00 at=  1.09999e-02
tpgf1               =  1.20027e-02
tpgf2               =  1.20052e-02
tasrt1              =  1.20027e-02
tvalid1             =  1.20027e-02
vmin_dip1           =  -1.73164e-07 at=  1.20027e-02
vmax_after1         =  7.36157e-10 at=  1.21100e-02
iasrt1              =  2.80060e-08 from=  1.50000e-04 to=  2.90057e-04
m_dwell_pgdg_1x_us = 2.7100000000e+00
m_dwell_pgdg_halfib_us = 5.2500000000e+00
m_dwell_resetn_1x_us = 2.7000000000e+00
m_reassert_validlow_us = 2.7000000000e+00
m_dwell_rise_1x_us = 1.0620600000e+01
m_tpulse_after_chatter_ms = 5.5765360000e+00
m_pgdg_min_during_chatter = 3.2994130000e+00
m_resetn_max_during_chatter = 8.9449330000e-10
m_resetn_min_after_release = 3.3000000000e+00
m_resetn_min_during_dip = -1.731637000e-07
m_resetn_max_after_dip = 7.3615660000e-10
m_pgdg_min_during_wide_chatter = 3.2993530000e+00
m_tim_min_during_wide_chatter_v = 4.6331630000e-01
m_tim_loss_wide_pct = -9.209531422e-02
m_tim_loss_1us_pct = -1.309604020e-01
m_iq_asserted_1x_na = 2.8006040000e+01
Note: Simulation executed from .control section 

Warning: m=xx on .subckt line will override multiplier m hierarchy!

