
Note: Compatibility modes selected: hs a


Circuit: * por-output-chain-deglitch @ ss_-40c_3.63v -- generated by sim/harness, do not edit

Doing analysis at TEMP = -40.000000 and TNOM = 27.000000

Using SPARSE 1.3 as Direct Linear Solver

Initial Transient Solution
--------------------------

Node                                   Voltage
----                                   -------
vdd                                          0
por_raw                                      0
nib1                               4.17718e-84
ibias1                             4.17718e-84
nib2                               4.17718e-84
ibias2                             4.17718e-84
vdd1                                         0
vdd2                                         0
resetn1                           -5.02053e-22
resetn2                             1.3453e-22
xdut1.pdn                          2.19574e-76
xdut1.ndl                          6.12415e-71
xdut1.ndgp                        -4.38076e-47
xdut1.ndg                          3.45924e-45
xdut1.ndgn                         -3.1945e-23
xdut1.pgdg                        -1.69341e-52
xdut1.pgdgb                       -3.11232e-53
xdut1.nts                         -1.94127e-56
xdut1.tim                         -2.02492e-57
xdut1.nd1                           4.2575e-35
xdut1.trip                         7.77332e-37
xdut1.rstb                         6.66257e-26
xdut1.nnand                        -2.3364e-27
xdut2.pdn                          2.19574e-76
xdut2.ndl                           9.0626e-71
xdut2.ndgp                         1.16135e-47
xdut2.ndg                          3.45923e-45
xdut2.ndgn                         -3.1945e-23
xdut2.pgdg                        -1.68905e-52
xdut2.pgdgb                       -3.11316e-53
xdut2.nts                         -3.28505e-57
xdut2.tim                          3.49713e-57
xdut2.nd1                          5.31205e-35
xdut2.trip                        -6.03954e-37
xdut2.rstb                          6.6508e-26
xdut2.nnand                       -2.33227e-27
vd2#branch                         7.31841e-34
vd1#branch                        -5.58198e-34
vib2#branch                                  0
vib1#branch                                  0
vpr#branch                                   0
vsup#branch                       -1.73643e-34

 Reference value :  2.61685e-05
 Reference value :  2.93185e-04
 Reference value :  7.54070e-04
 Reference value :  1.19993e-03
 Reference value :  2.71162e-03
 Reference value :  5.01162e-03
 Reference value :  6.73896e-03
 Reference value :  8.83596e-03
 Reference value :  1.09999e-02
 Reference value :  1.12010e-02
 Reference value :  1.20046e-02
 Reference value :  1.20148e-02
 Reference value :  1.30023e-02
 Reference value :  1.34463e-02
No. of Data Rows : 10769
tpgr1               =  3.12131e-04
trel1               =  6.73848e-03
pgdgmin1            =  3.62970e+00 at=  1.10103e-03
vmax_chat1          =  8.18366e-10 at=  1.19993e-03
timpre1             =  3.00697e-01
timlo1              =  3.01091e-01 at=  9.99900e-04
pgdgminw            =  3.62970e+00 at=  1.31011e-02
timpre3             =  4.31047e-01
timlo3              =  4.31443e-01 at=  1.29999e-02
vmin_hold1          =  3.63000e+00 at=  1.09999e-02
tpgf1               =  1.20046e-02
tpgf2               =  1.20089e-02
tasrt1              =  1.20046e-02
tvalid1             =  1.20046e-02
vmin_dip1           =  -1.86769e-07 at=  1.20148e-02
vmax_after1         =  7.13665e-10 at=  1.20737e-02
iasrt1              =  2.54029e-08 from=  1.50000e-04 to=  2.91185e-04
m_dwell_pgdg_1x_us = 4.5800000000e+00
m_dwell_pgdg_halfib_us = 8.8800000000e+00
m_dwell_resetn_1x_us = 4.5700000000e+00
m_reassert_validlow_us = 4.5700000000e+00
m_dwell_rise_1x_us = 1.2030800000e+01
m_tpulse_after_chatter_ms = 6.4383780000e+00
m_pgdg_min_during_chatter = 3.6296980000e+00
m_resetn_max_during_chatter = 8.1836620000e-10
m_resetn_min_after_release = 3.6300000000e+00
m_resetn_min_during_dip = -1.867690000e-07
m_resetn_max_after_dip = 7.1366550000e-10
m_pgdg_min_during_wide_chatter = 3.6296970000e+00
m_tim_min_during_wide_chatter_v = 4.3144280000e-01
m_tim_loss_wide_pct = -9.170683045e-02
m_tim_loss_1us_pct = -1.312286641e-01
m_iq_asserted_1x_na = 2.5402950000e+01
Note: Simulation executed from .control section 

Warning: m=xx on .subckt line will override multiplier m hierarchy!

