
Note: Compatibility modes selected: hs a


Circuit: * bias-core-startup @ ss_-40c_2.97v -- generated by sim/harness, do not edit

Doing analysis at TEMP = -40.000000 and TNOM = 27.000000

Using SPARSE 1.3 as Direct Linear Solver

Initial Transient Solution
--------------------------

Node                                   Voltage
----                                   -------
vddq                                         0
nibq                               -5.1225e-31
ibiasq                             -5.1225e-31
xqs.na                            -3.68165e-78
xqs.pg                            -4.87815e-91
xqs.nbtop                            1.129e-81
vrefq                             -3.91225e-72
xqs.nbg                           4.66215e-102
xqs.xrt.11                           1.129e-81
xqs.xrt.21                           1.129e-81
xqs.nb                               1.129e-81
xqs.xr1.11                           1.129e-81
xqs.xr1.21                         1.12899e-81
xqs.ec                             1.12899e-81
xqs.xr2.11                        -3.91225e-72
xqs.xr2.21                        -3.91221e-72
xqs.er                            -3.91221e-72
xqs.pb                           -3.89767e-145
xqs.nt                             -7.0808e-86
xqs.n1                             -2.8177e-88
xqs.n2                            -1.70976e-87
xqs.nz                            -1.70976e-87
xqs.xrz.11                        -1.70976e-87
xqs.xrz.21                        -1.70976e-87
xqs.ks1                           -7.28398e-74
xqs.ks2                            1.06755e-72
xqs.ks3                            -1.5572e-71
xqs.ks4                            2.27154e-70
xqs.nkg                           -3.31356e-69
xqs.nkm                          -1.26351e-157
xqs.tok                           -1.59448e-68
xqs.noko                           1.40472e-70
xqs.nokl                          -2.13459e-73
xqs.nokx                            -3.736e-56
bias_okq                          -4.33219e-24
relq                                        -1
vddf                                         0
nibf                               2.20971e-29
ibiasf                             2.20971e-29
xqf.na                            -3.27492e-78
xqf.pg                             -4.7969e-91
xqf.nbtop                          1.95021e-81
vreff                             -2.12989e-72
xqf.nbg                          -9.64541e-103
xqf.xrt.11                         1.95021e-81
xqf.xrt.21                         1.95021e-81
xqf.nb                             1.95021e-81
xqf.xr1.11                         1.95021e-81
xqf.xr1.21                          1.9502e-81
xqf.ec                              1.9502e-81
xqf.xr2.11                        -2.12989e-72
xqf.xr2.21                        -2.12987e-72
xqf.er                            -2.12987e-72
xqf.pb                           -3.89562e-145
xqf.nt                             -6.9577e-86
xqf.n1                             -2.8204e-88
xqf.n2                            -1.68128e-87
xqf.nz                            -1.68128e-87
xqf.xrz.11                        -1.68128e-87
xqf.xrz.21                        -1.68128e-87
xqf.ks1                           -7.32903e-74
xqf.ks2                            1.07415e-72
xqf.ks3                           -1.56683e-71
xqf.ks4                            2.28559e-70
xqf.nkg                           -3.33384e-69
xqf.nkm                          -1.26305e-157
xqf.tok                           -2.21908e-68
xqf.noko                            3.3762e-71
xqf.nokl                           7.84905e-72
xqf.nokx                          -3.42508e-56
bias_okf                           -4.1899e-24
vddb                                         0
nibb                               5.97535e-30
ibiasb                             5.97535e-30
xbo.na                            -3.27218e-78
xbo.pg                            -4.73832e-91
xbo.nbtop                          4.46151e-81
vrefb                             -1.17609e-71
xbo.nbg                             2.526e-102
xbo.xrt.11                         4.46151e-81
xbo.xrt.21                         4.46151e-81
xbo.nb                             4.46151e-81
xbo.xr1.11                         4.46151e-81
xbo.xr1.21                         4.46148e-81
xbo.ec                             4.46148e-81
xbo.xr2.11                        -1.17609e-71
xbo.xr2.21                        -1.17608e-71
xbo.er                            -1.17608e-71
xbo.pb                           -3.89544e-145
xbo.nt                            -7.90589e-86
xbo.n1                             -2.7762e-88
xbo.n2                            -1.66042e-87
xbo.nz                            -1.66042e-87
xbo.xrz.11                        -1.66042e-87
xbo.xrz.21                        -1.66042e-87
xbo.ks1                           -7.33263e-74
xbo.ks2                            1.07468e-72
xbo.ks3                            -1.5676e-71
xbo.ks4                            2.28671e-70
xbo.nkg                           -3.33548e-69
xbo.nkm                          -1.26836e-157
xbo.tok                           -6.81963e-69
xbo.noko                           2.44969e-70
xbo.nokl                           1.02515e-71
xbo.nokx                           -4.4335e-56
bias_okb                          -5.50555e-24
brelq#branch                                 0
vibb#branch                        -5.9695e-42
vbo#branch                         2.79213e-36
vibf#branch                       -2.20824e-41
vqf#branch                         2.12576e-36
vibq#branch                        5.12138e-43
vqs#branch                           2.198e-36

 Reference value :  0.00000e+00
 Reference value :  2.13341e-03
 Reference value :  3.05741e-03
 Reference value :  3.30123e-03
 Reference value :  3.39084e-03
 Reference value :  3.49365e-03
 Reference value :  3.53607e-03
 Reference value :  3.98764e-03
 Reference value :  4.78014e-03
 Reference value :  5.85764e-03
 Reference value :  6.39014e-03
 Reference value :  6.92264e-03
 Reference value :  7.48757e-03
 Reference value :  7.93287e-03
 Reference value :  8.57037e-03
 Reference value :  8.85662e-03
 Reference value :  9.50912e-03
 Reference value :  9.79537e-03
 Reference value :  1.01522e-02
 Reference value :  1.05847e-02
 Reference value :  1.12447e-02
 Reference value :  1.22943e-02
 Reference value :  1.30574e-02
 Reference value :  1.40156e-02
 Reference value :  1.77556e-02
 Reference value :  2.16156e-02
 Reference value :  2.53756e-02
 Reference value :  2.91956e-02
 Reference value :  3.20390e-02
 Reference value :  3.23517e-02
 Reference value :  3.30613e-02
 Reference value :  3.58813e-02
 Reference value :  3.88300e-02
 Reference value :  4.02100e-02
 Reference value :  4.11200e-02
 Reference value :  4.26375e-02
 Reference value :  4.39350e-02
 Reference value :  4.50291e-02
 Reference value :  4.63811e-02
 Reference value :  4.82811e-02
 Reference value :  4.92761e-02
 Reference value :  5.04711e-02
 Reference value :  5.12111e-02
 Reference value :  5.26261e-02
 Reference value :  5.48158e-02
 Reference value :  5.52970e-02
 Reference value :  5.56037e-02
 Reference value :  5.94837e-02
 Reference value :  6.36437e-02
 Reference value :  6.73274e-02
No. of Data Rows : 4243
vstart              =  1.56917e+00
vok                 =  1.58148e+00
vokl                =  1.58148e+00
vrefok              =  1.20866e+00
relv                =  2.61198e+00
vokf                =  1.69260e+00
vref140             =  1.03499e-01
vref200             =  1.20547e+00
vref247             =  1.20553e+00
vref297             =  1.20549e+00
ok100               =  2.03270e-08
ok200               =  2.00000e+00
ok247               =  2.47000e+00
vrefend             =  1.19980e+00
vddend              =  3.63000e+00
okend               =  3.63000e+00
nokoend             =  1.75228e+00
nkgend              =  5.77822e-12
okbodip             =  3.36461e-02
vrefbodip           =  5.18383e-01
vokbo               =  2.33811e+00
okboend             =  3.63000e+00
vrefboend           =  1.19980e+00
m_v_core_up_v = 1.5691740000e+00
m_v_bias_ok_v = 1.5814770000e+00
m_ok_chatter_mv = 0.0000000000e+00
m_startup_margin_v = 1.2303000000e-02
m_release_margin_v = 8.8852300000e-01
m_relv_qs_v = 2.6119840000e+00
m_qs_rate_delta_mv = 1.1112000000e+02
m_qs_lag_est_mv = 3.7040000000e+01
m_vref_final_v = 1.1997990000e+00
m_vref_err_247_pct = 4.7799673112e-01
m_vref_err_297_pct = 4.7457949206e-01
m_vref_err_200_pct = 4.7307924077e-01
m_vref_at_ok_pct = 1.0073887376e+02
m_vref_at_140_v = 1.0349910000e-01
m_ok_at_100_mv = 2.0326990000e-05
m_ok_at_200_v = 2.0000000000e+00
m_ok_at_247_v = 2.4700000000e+00
m_ok_final_droop_mv = 0.0000000000e+00
m_noko_final_v = 1.7522830000e+00
m_nkg_final_v = 5.7782220000e-12
m_ok_bo_dip_mv = 3.3646100000e+01
m_vref_bo_dip_v = 5.1838310000e-01
m_v_bias_ok_restart_v = 2.3381090000e+00
m_ok_bo_end_droop_mv = 0.0000000000e+00
m_vref_bo_end_delta_ppm = 0.0000000000e+00
Note: Simulation executed from .control section 

Warning: m=xx on .subckt line will override multiplier m hierarchy!

