
Note: Compatibility modes selected: hs a


Circuit: * por-ramp-rate @ ff_125c_3.63v -- generated by sim/harness, do not edit

Doing analysis at TEMP = 125.000000 and TNOM = 27.000000

Using SPARSE 1.3 as Direct Linear Solver

Initial Transient Solution
--------------------------

Node                                   Voltage
----                                   -------
vddr1                                        0
ptatr1                             8.17058e-25
ctatr1                             4.19218e-21
resetnr1                           1.29991e-18
xr1.xtemp__pg                     -5.02779e-23
xr1.xtemp__nz                      5.33171e-22
xr1.xbias__nbg                     1.88554e-18
xr1.xbias__pb                      -1.8524e-18
xr1.xbias__n1                     -2.26211e-19
xr1.xbias__n2                     -6.70006e-19
xr1.xbias__pg                     -5.26324e-19
xr1.xbias__ks1                     2.15216e-19
xr1.xbias__ks2                       4.318e-19
xr1.xbias__ks3                      6.5113e-19
xr1.xbias__ks4                     8.74601e-19
xr1.xbias__nkg                     1.10363e-18
xr1.xbias__nkm                    -3.00541e-19
xr1.xbias__nokl                    2.56308e-19
xr1.xbias__noko                    1.28815e-20
xr1.xbias__nokx                    1.74364e-19
xr1.bias_ok                       -3.66177e-18
xr1.xcmp__na                      -5.41737e-22
xr1.xcmp__sns                                0
xr1.xcmp__tn                      -3.80953e-22
xr1.xcmp__cmpo                    -2.70889e-22
xr1.vref                           9.53478e-26
xr1.xcmp__nbg                     -3.57793e-18
xr1.ibias                         -2.22279e-20
xr1.xcmp__bias_okb                -2.39211e-18
xr1.xcmp__snsb                               0
xr1.xcmp__n1                      -2.37581e-18
xr1.por_raw                       -2.00721e-19
xr1.xpor__pdn                      1.54862e-18
xr1.xpor__ndl                      3.34765e-19
xr1.xpor__ndgn                    -1.82037e-19
xr1.xpor__ndg                      4.62116e-18
xr1.xpor__pgdg                    -9.36204e-18
xr1.xpor__pgdgb                   -1.35463e-18
xr1.xpor__tim                      7.54816e-23
xr1.xpor__nd1                     -2.19806e-36
xr1.xpor__trip                     2.95637e-37
xr1.xpor__rstb                    -1.47195e-18
xr1.xpor__nnand                    7.29072e-18
xr1.xtemp__n1                      3.50152e-19
xr1.xtemp__n2                      5.33171e-22
xr1.xtemp__nbg                    -3.68634e-18
xr1.xtemp__enb                     1.41504e-18
xr1.xtemp__pb                      3.17538e-19
xr1.xtemp__pcas                    2.25021e-19
xr1.xtemp__nd                      9.38423e-19
xr1.xtemp__nr                       5.5116e-19
xr1.xtemp__nt                     -6.99301e-23
xr1.xtemp__t5                      1.19361e-25
xr1.xtemp__t4                      5.89486e-26
xr1.xtemp__t3                       2.8689e-26
xr1.xtemp__t2                      1.35055e-26
xr1.xtemp__t1                      5.86138e-27
xr1.xtemp__t0                      1.98958e-27
xr1.xbias__na                      7.76647e-26
xr1.xbias__nbtop                  -3.00919e-20
xr1.xbias__nt                      7.52117e-19
xr1.xbias__nb                      -3.0092e-20
xr1.xbias__tok                     1.36424e-19
xr1.xcmp__vdda                     4.02023e-19
xr1.xpor__ndgp                     3.53573e-18
xr1.xpor__nts                     -4.27834e-20
xr1.xtemp__na                      4.19225e-21
xr1.xtemp__nb                      -3.3806e-19
xr1.xtemp__m1d                    -1.56955e-18
xr1.xtemp__m2d                     2.01971e-19
xr1.xtemp__m3d                    -6.44298e-19
xr1.xbias__ec                     -3.00938e-20
xr1.xbias__er                       9.5417e-26
xr1.xtemp__nc                      -3.3806e-19
xr1.xbias__nz                     -6.70006e-19
xr1.x162.11                        -3.3806e-19
xr1.x162.21                        -3.3806e-19
xr1.xtemp__xr1__1                  -3.3806e-19
xr1.x163.11                        -3.3806e-19
xr1.x163.21                        -3.3806e-19
xr1.x164.11                        4.19225e-21
xr1.x164.21                        4.19221e-21
xr1.xtemp__xriso__1                4.19221e-21
xr1.x165.11                        4.19218e-21
xr1.x165.21                        4.19221e-21
xr1.x166.11                        5.33171e-22
xr1.x166.21                        5.33171e-22
xr1.xtemp__xrz__1                  5.33171e-22
xr1.xtemp__xrz__2                  5.33171e-22
xr1.x167.11                        5.33171e-22
xr1.x167.21                        5.33171e-22
xr1.x168.11                        5.33171e-22
xr1.x168.21                        5.33171e-22
xr1.xtemp__xrz__3                  5.33171e-22
xr1.xtemp__xrz__4                  5.33171e-22
xr1.x169.11                        5.33171e-22
xr1.x169.21                        5.33171e-22
xr1.x170.11                        5.33171e-22
xr1.x170.21                        5.33171e-22
xr1.xtemp__xrz__5                  5.33171e-22
xr1.xtemp__xrz__6                  5.33171e-22
xr1.x171.11                        5.33171e-22
xr1.x171.21                        5.33171e-22
xr1.x172.11                        5.33171e-22
xr1.x172.21                        5.33171e-22
xr1.xtemp__xrz__7                  5.33171e-22
xr1.xtemp__xrz__8                  5.33171e-22
xr1.x173.11                        5.33171e-22
xr1.x173.21                        5.33171e-22
xr1.x174.11                        5.33171e-22
xr1.x174.21                        5.33171e-22
xr1.xtemp__xrz__9                  5.33171e-22
xr1.x175.11                        5.33171e-22
xr1.x175.21                        5.33171e-22
xr1.x176.11                         8.1701e-25
xr1.x176.21                        7.88036e-25
xr1.xtemp__xr2f__1                 7.87988e-25
xr1.xtemp__xr2f__2                 7.58917e-25
xr1.x177.11                        7.58965e-25
xr1.x177.21                        7.87939e-25
xr1.x178.11                        7.58868e-25
xr1.x178.21                        7.29895e-25
xr1.xtemp__xr2f__3                 7.29846e-25
xr1.xtemp__xr2f__4                 7.00775e-25
xr1.x179.11                        7.00824e-25
xr1.x179.21                        7.29798e-25
xr1.x180.11                        7.00727e-25
xr1.x180.21                        6.71753e-25
xr1.xtemp__xr2f__5                 6.71705e-25
xr1.xtemp__xr2f__6                 6.42634e-25
xr1.x181.11                        6.42682e-25
xr1.x181.21                        6.71656e-25
xr1.x182.11                        6.42585e-25
xr1.x182.21                        6.13612e-25
xr1.xtemp__xr2f__7                 6.13563e-25
xr1.xtemp__xr2f__8                 5.84492e-25
xr1.x183.11                        5.84541e-25
xr1.x183.21                        6.13515e-25
xr1.x184.11                        5.84444e-25
xr1.x184.21                         5.5547e-25
xr1.xtemp__xr2f__9                 5.55422e-25
xr1.xtemp__xr2f__10                5.26351e-25
xr1.x185.11                        5.26399e-25
xr1.x185.21                        5.55373e-25
xr1.x186.11                        5.26302e-25
xr1.x186.21                        4.97329e-25
xr1.xtemp__xr2f__11                 4.9728e-25
xr1.xtemp__xr2f__12                4.68209e-25
xr1.x187.11                        4.68258e-25
xr1.x187.21                        4.97232e-25
xr1.x188.11                        4.68161e-25
xr1.x188.21                        4.39187e-25
xr1.xtemp__xr2f__13                4.39139e-25
xr1.xtemp__xr2f__14                4.10068e-25
xr1.x189.11                        4.10116e-25
xr1.x189.21                         4.3909e-25
xr1.x190.11                         4.1002e-25
xr1.x190.21                        3.81046e-25
xr1.xtemp__xr2f__15                3.80997e-25
xr1.xtemp__xr2f__16                3.51927e-25
xr1.x191.11                        3.51975e-25
xr1.x191.21                        3.80949e-25
xr1.x192.11                        3.51878e-25
xr1.x192.21                        3.22904e-25
xr1.xtemp__xr2f__17                3.22856e-25
xr1.xtemp__xr2f__18                2.93785e-25
xr1.x193.11                        2.93833e-25
xr1.x193.21                        3.22807e-25
xr1.x194.11                        2.93737e-25
xr1.x194.21                        2.64763e-25
xr1.xtemp__xr2f__19                2.64714e-25
xr1.xtemp__xr2f__20                2.35644e-25
xr1.x195.11                        2.35692e-25
xr1.x195.21                        2.64666e-25
xr1.x196.11                        2.35595e-25
xr1.x196.21                        2.06621e-25
xr1.xtemp__xr2f__21                2.06573e-25
xr1.xtemp__xr2f__22                1.77502e-25
xr1.x197.11                        1.77551e-25
xr1.x197.21                        2.06524e-25
xr1.x198.11                        1.77454e-25
xr1.x198.21                         1.4848e-25
xr1.xtemp__xr2f__23                1.48431e-25
xr1.x199.11                        1.19409e-25
xr1.x199.21                        1.48383e-25
xr1.x200.11                        1.19312e-25
xr1.x200.21                         8.9203e-26
xr1.xtemp__xr2t5__1                8.91546e-26
xr1.x201.11                         5.8997e-26
xr1.x201.21                        8.91061e-26
xr1.x202.11                        5.89001e-26
xr1.x202.21                        4.38672e-26
xr1.xtemp__xr2t4__1                4.38188e-26
xr1.x203.11                        2.87374e-26
xr1.x203.21                        4.37703e-26
xr1.x204.11                        2.86405e-26
xr1.x204.21                        2.11457e-26
xr1.xtemp__xr2t3__1                2.10972e-26
xr1.x205.11                         1.3554e-26
xr1.x205.21                        2.10487e-26
xr1.x206.11                         1.3457e-26
xr1.x206.21                        9.73191e-27
xr1.xtemp__xr2t2__1                9.68343e-27
xr1.x207.11                        5.90986e-27
xr1.x207.21                        9.63496e-27
xr1.x208.11                        5.81291e-27
xr1.x208.21                        3.97396e-27
xr1.xtemp__xr2t1__1                3.92548e-27
xr1.x209.11                        2.03806e-27
xr1.x209.21                        3.87701e-27
xr1.x210.11                        1.94111e-27
xr1.x210.21                        1.04327e-27
xr1.xtemp__xr2t0__1                9.94792e-28
xr1.x211.11                        4.84743e-29
xr1.x211.21                        9.46318e-28
xr1.x212.11                                  0
xr1.x212.21                                  0
xr1.x213.11                                  0
xr1.x213.21                                  0
xr1.x214.11                                  0
xr1.x214.21                                  0
xr1.x215.11                        9.53478e-26
xr1.x215.21                        9.53521e-26
xr1.xbias__xr2__1                  9.53521e-26
xr1.xbias__xr2__2                  9.53564e-26
xr1.x216.11                        9.53564e-26
xr1.x216.21                        9.53521e-26
xr1.x217.11                        9.53564e-26
xr1.x217.21                        9.53607e-26
xr1.xbias__xr2__3                  9.53607e-26
xr1.xbias__xr2__4                  9.53651e-26
xr1.x218.11                        9.53651e-26
xr1.x218.21                        9.53607e-26
xr1.x219.11                        9.53651e-26
xr1.x219.21                        9.53694e-26
xr1.xbias__xr2__5                  9.53694e-26
xr1.xbias__xr2__6                  9.53737e-26
xr1.x220.11                        9.53737e-26
xr1.x220.21                        9.53694e-26
xr1.x221.11                        9.53737e-26
xr1.x221.21                        9.53781e-26
xr1.xbias__xr2__7                  9.53781e-26
xr1.xbias__xr2__8                  9.53824e-26
xr1.x222.11                        9.53824e-26
xr1.x222.21                        9.53781e-26
xr1.x223.11                        9.53824e-26
xr1.x223.21                        9.53867e-26
xr1.xbias__xr2__9                  9.53867e-26
xr1.xbias__xr2__10                 9.53911e-26
xr1.x224.11                        9.53911e-26
xr1.x224.21                        9.53867e-26
xr1.x225.11                        9.53911e-26
xr1.x225.21                        9.53954e-26
xr1.xbias__xr2__11                 9.53954e-26
xr1.xbias__xr2__12                 9.53997e-26
xr1.x226.11                        9.53997e-26
xr1.x226.21                        9.53954e-26
xr1.x227.11                        9.53997e-26
xr1.x227.21                         9.5404e-26
xr1.xbias__xr2__13                  9.5404e-26
xr1.xbias__xr2__14                 9.54084e-26
xr1.x228.11                        9.54084e-26
xr1.x228.21                         9.5404e-26
xr1.x229.11                        9.54084e-26
xr1.x229.21                        9.54127e-26
xr1.xbias__xr2__15                 9.54127e-26
xr1.x230.11                         9.5417e-26
xr1.x230.21                        9.54127e-26
xr1.x231.11                       -6.70006e-19
xr1.x231.21                       -6.70006e-19
xr1.xbias__xrz__1                 -6.70006e-19
xr1.xbias__xrz__2                 -6.70006e-19
xr1.x232.11                       -6.70006e-19
xr1.x232.21                       -6.70006e-19
xr1.x233.11                       -6.70006e-19
xr1.x233.21                       -6.70006e-19
xr1.xbias__xrz__3                 -6.70006e-19
xr1.x234.11                       -6.70006e-19
xr1.x234.21                       -6.70006e-19
xr1.x235.11                        -3.0092e-20
xr1.x235.21                       -3.00929e-20
xr1.xbias__xr1__1                 -3.00929e-20
xr1.x236.11                       -3.00938e-20
xr1.x236.21                       -3.00929e-20
xr1.x237.11                       -3.00919e-20
xr1.x237.21                        -3.0092e-20
xr1.xbias__xrt__1                  -3.0092e-20
xr1.x238.11                        -3.0092e-20
xr1.x238.21                        -3.0092e-20
xr1.xbias__nt__par                 7.52117e-19
xr1.xtemp__xrz__2__par             5.33171e-22
xr1.xtemp__xrz__4__par             5.33171e-22
xr1.xtemp__xrz__6__par             5.33171e-22
xr1.xtemp__xrz__8__par             5.33171e-22
xr1.xbias__n1__par                -2.26211e-19
xr1.xtemp__xr2f__2__par            7.58917e-25
xr1.xtemp__xr2f__4__par            7.00775e-25
xr1.xtemp__xr2f__6__par            6.42634e-25
xr1.xtemp__xr2f__8__par            5.84492e-25
xr1.xtemp__xr2f__10__par           5.26351e-25
xr1.xtemp__xr2f__12__par           4.68209e-25
xr1.xtemp__xr2f__14__par           4.10068e-25
xr1.xtemp__xr2f__16__par           3.51927e-25
xr1.xtemp__xr2f__18__par           2.93785e-25
xr1.xtemp__xr2f__20__par           2.35644e-25
xr1.xbias__n2__par                -6.70006e-19
xr1.xtemp__xr2f__22__par           1.77502e-25
xr1.xtemp__xr2t0__1__par           9.94792e-28
xr1.xtemp__xr2t1__1__par           3.92548e-27
xr1.xbias__tok__par                1.36424e-19
xr1.xtemp__xr2t2__1__par           9.68343e-27
xr1.xtemp__xr2t3__1__par           2.10972e-26
xr1.xbias__noko__par               1.28815e-20
xr1.xtemp__xriso__1__par           4.19221e-21
xr1.xtemp__xr2t4__1__par           4.38188e-26
xr1.xtemp__xr1__1__par             -3.3806e-19
xr1.xtemp__xrz__1__par             5.33171e-22
xr1.xtemp__xrz__3__par             5.33171e-22
xr1.xtemp__xrz__5__par             5.33171e-22
xr1.xbias__nokl__par               2.56308e-19
xr1.xtemp__xrz__7__par             5.33171e-22
xr1.xtemp__xrz__9__par             5.33171e-22
xr1.xtemp__xr2f__1__par            7.87988e-25
xr1.xtemp__xr2f__3__par            7.29846e-25
xr1.xtemp__xr2f__5__par            6.71705e-25
xr1.xtemp__xr2f__7__par            6.13563e-25
xr1.xtemp__xr2f__9__par            5.55422e-25
xr1.xtemp__xr2f__11__par            4.9728e-25
xr1.xtemp__xr2f__13__par           4.39139e-25
xr1.xtemp__xr2f__15__par           3.80997e-25
xr1.xbias__nkg__par                1.10363e-18
xr1.xtemp__xr2f__17__par           3.22856e-25
xr1.xtemp__xr2f__19__par           2.64714e-25
xr1.xtemp__xr2f__21__par           2.06573e-25
xr1.xtemp__xr2f__23__par           1.48431e-25
xr1.xtemp__xr2t5__1__par           8.91546e-26
xr1.xbias__nb__par                 -3.0092e-20
xr1.xcmp__vdda__par                4.02023e-19
xr1.xcmp__na__par                 -5.41737e-22
xr1.xcmp__cmpo__par               -2.70889e-22
xr1.xcmp__n1__par                 -2.37581e-18
xr1.xcmp__tn__par                 -3.80953e-22
xr1.xcmp__sns__par                           0
xr1.xcmp__nbg__par                -3.57793e-18
xr1.xcmp__snsb__par                          0
xr1.xpor__pdn__par                 1.54862e-18
xr1.xpor__ndl__par                 3.34765e-19
xr1.xpor__ndgn__par               -1.82037e-19
xr1.xpor__pgdg__par               -9.36204e-18
xr1.xpor__pgdgb__par              -1.35463e-18
xr1.xpor__nd1__par                -2.19806e-36
xr1.xpor__nnand__par               7.29072e-18
xr1.xpor__ndgp__par                3.53573e-18
xr1.xpor__nts__par                -4.27834e-20
xr1.xpor__rstb__par               -1.47195e-18
xr1.xbias__nkm__par               -3.00541e-19
xr1.xbias__nokx__par               1.74364e-19
xr1.xbias__ks1__par                2.15216e-19
xr1.xbias__ks2__par                  4.318e-19
xr1.xbias__ks3__par                 6.5113e-19
xr1.xbias__ks4__par                8.74601e-19
xr1.xbias__ec__par                -3.00938e-20
xr1.xbias__nz__par                -6.70006e-19
xr1.xpor__ndg__par                 4.62116e-18
xr1.xpor__tim__par                 7.54816e-23
xr1.xpor__trip__par                2.95637e-37
xr1.xbias__xr2__2__par             9.53564e-26
xr1.xbias__xr2__4__par             9.53651e-26
xr1.xbias__xr2__6__par             9.53737e-26
xr1.xbias__xr2__8__par             9.53824e-26
xr1.xbias__xr2__10__par            9.53911e-26
xr1.xbias__xr2__12__par            9.53997e-26
xr1.xbias__pg__par                -5.26324e-19
xr1.xbias__xr2__14__par            9.54084e-26
xr1.xbias__xrz__2__par            -6.70006e-19
xr1.xbias__xrt__1__par             -3.0092e-20
xr1.xbias__na__par                 7.76647e-26
xr1.xbias__er__par                  9.5417e-26
xr1.xbias__nbtop__par             -3.00919e-20
xr1.xbias__nbg__par                1.88554e-18
xr1.xbias__xrz__1__par            -6.70006e-19
xr1.xbias__xrz__3__par            -6.70006e-19
xr1.xbias__xr1__1__par            -3.00929e-20
xr1.xbias__xr2__13__par             9.5404e-26
xr1.xbias__xr2__11__par            9.53954e-26
xr1.xbias__xr2__1__par             9.53521e-26
xr1.xbias__xr2__3__par             9.53607e-26
xr1.xbias__xr2__5__par             9.53694e-26
xr1.xbias__xr2__7__par             9.53781e-26
xr1.xbias__xr2__9__par             9.53867e-26
xr1.xbias__pb__par                 -1.8524e-18
xr1.xbias__xr2__15__par            9.54127e-26
xr1.bias_ok__par                  -3.66177e-18
xr1.xcmp__bias_okb__par           -2.39211e-18
xr1.ctat__par                      4.19218e-21
xr1.resetn__par                    1.29991e-18
xr1.xtemp__enb__par                1.41504e-18
xr1.ibias__par                    -2.22279e-20
xr1.xtemp__m1d__par               -1.56955e-18
xr1.xtemp__m2d__par                2.01971e-19
xr1.xtemp__m3d__par               -6.44298e-19
xr1.xtemp__n1__par                 3.50152e-19
xr1.xtemp__n2__par                 5.33171e-22
xr1.xtemp__na__par                 4.19225e-21
xr1.xtemp__nb__par                 -3.3806e-19
xr1.xtemp__nbg__par               -3.68634e-18
xr1.xtemp__nc__par                 -3.3806e-19
xr1.xtemp__nd__par                 9.38423e-19
xr1.xtemp__nr__par                  5.5116e-19
xr1.xtemp__nt__par                -6.99301e-23
xr1.xtemp__nz__par                 5.33171e-22
xr1.xtemp__pb__par                 3.17538e-19
xr1.xtemp__pcas__par               2.25021e-19
xr1.xtemp__pg__par                -5.02779e-23
xr1.por_raw__par                  -2.00721e-19
xr1.ptat__par                      8.17058e-25
xr1.xtemp__t0__par                 1.98958e-27
xr1.xtemp__t1__par                 5.86138e-27
xr1.xtemp__t2__par                 1.35055e-26
xr1.xtemp__t3__par                  2.8689e-26
xr1.xtemp__t4__par                 5.89486e-26
xr1.xtemp__t5__par                 1.19361e-25
xr1.vdd__par                                 0
xr1.vref__par                      9.53478e-26
xr1.vss__par                                 0
vddr2                                        0
ptatr2                             8.12205e-25
ctatr2                            -1.53526e-21
resetnr2                           3.34343e-18
xr2.xtemp__pg                      5.25751e-23
xr2.xtemp__nz                     -2.89302e-21
xr2.xbias__nbg                    -1.40982e-18
xr2.xbias__pb                      2.21358e-19
xr2.xbias__n1                      2.23121e-19
xr2.xbias__n2                     -1.77172e-18
xr2.xbias__pg                     -5.28473e-19
xr2.xbias__ks1                    -3.01561e-19
xr2.xbias__ks2                    -6.05039e-19
xr2.xbias__ks3                    -9.12365e-19
xr2.xbias__ks4                    -1.22549e-18
xr2.xbias__nkg                    -1.54642e-18
xr2.xbias__nkm                      4.3113e-19
xr2.xbias__nokl                    -8.5547e-20
xr2.xbias__noko                   -4.29942e-21
xr2.xbias__nokx                   -1.90117e-18
xr2.bias_ok                         1.1926e-18
xr2.xcmp__na                       -1.6299e-21
xr2.xcmp__sns                                0
xr2.xcmp__tn                      -1.14615e-21
xr2.xcmp__cmpo                    -8.15009e-22
xr2.vref                           5.66954e-26
xr2.xcmp__nbg                     -2.27969e-19
xr2.ibias                          2.98571e-19
xr2.xcmp__bias_okb                  -2.685e-18
xr2.xcmp__snsb                               0
xr2.xcmp__n1                       9.34898e-19
xr2.por_raw                        3.03127e-18
xr2.xpor__pdn                      1.54891e-18
xr2.xpor__ndl                     -1.59232e-19
xr2.xpor__ndgn                     7.96484e-20
xr2.xpor__ndg                     -4.61376e-18
xr2.xpor__pgdg                    -4.57889e-18
xr2.xpor__pgdgb                    -2.2923e-18
xr2.xpor__tim                      -8.9587e-23
xr2.xpor__nd1                       3.1339e-36
xr2.xpor__trip                    -3.67864e-37
xr2.xpor__rstb                     9.13851e-18
xr2.xpor__nnand                    3.76378e-18
xr2.xtemp__n1                      5.52199e-19
xr2.xtemp__n2                     -2.89302e-21
xr2.xtemp__nbg                    -1.48412e-18
xr2.xtemp__enb                    -3.08311e-18
xr2.xtemp__pb                      3.54141e-19
xr2.xtemp__pcas                   -1.26506e-18
xr2.xtemp__nd                     -1.64206e-18
xr2.xtemp__nr                     -3.62209e-19
xr2.xtemp__nt                      1.74598e-21
xr2.xtemp__t5                      1.18652e-25
xr2.xtemp__t4                      5.85984e-26
xr2.xtemp__t3                      2.85185e-26
xr2.xtemp__t2                      1.34253e-26
xr2.xtemp__t1                      5.82657e-27
xr2.xtemp__t0                      1.97777e-27
xr2.xbias__na                      1.07279e-25
xr2.xbias__nbtop                   2.81652e-20
xr2.xbias__nt                     -3.91942e-19
xr2.xbias__nb                      2.81653e-20
xr2.xbias__tok                    -4.55339e-20
xr2.xcmp__vdda                     1.20955e-18
xr2.xpor__ndgp                     -1.9289e-18
xr2.xpor__nts                       5.2948e-20
xr2.xtemp__na                     -1.53529e-21
xr2.xtemp__nb                     -1.01569e-18
xr2.xtemp__m1d                     5.74802e-19
xr2.xtemp__m2d                    -1.56228e-18
xr2.xtemp__m3d                    -6.40471e-19
xr2.xbias__ec                       2.8167e-20
xr2.xbias__er                      5.67366e-26
xr2.xtemp__nc                     -1.01569e-18
xr2.xbias__nz                     -1.77172e-18
xr2.x162.11                       -1.01569e-18
xr2.x162.21                       -1.01569e-18
xr2.xtemp__xr1__1                 -1.01569e-18
xr2.x163.11                       -1.01569e-18
xr2.x163.21                       -1.01569e-18
xr2.x164.11                       -1.53529e-21
xr2.x164.21                       -1.53528e-21
xr2.xtemp__xriso__1               -1.53528e-21
xr2.x165.11                       -1.53526e-21
xr2.x165.21                       -1.53528e-21
xr2.x166.11                       -2.89302e-21
xr2.x166.21                       -2.89302e-21
xr2.xtemp__xrz__1                 -2.89302e-21
xr2.xtemp__xrz__2                 -2.89302e-21
xr2.x167.11                       -2.89302e-21
xr2.x167.21                       -2.89302e-21
xr2.x168.11                       -2.89302e-21
xr2.x168.21                       -2.89302e-21
xr2.xtemp__xrz__3                 -2.89302e-21
xr2.xtemp__xrz__4                 -2.89302e-21
xr2.x169.11                       -2.89302e-21
xr2.x169.21                       -2.89302e-21
xr2.x170.11                       -2.89302e-21
xr2.x170.21                       -2.89302e-21
xr2.xtemp__xrz__5                 -2.89302e-21
xr2.xtemp__xrz__6                 -2.89302e-21
xr2.x171.11                       -2.89302e-21
xr2.x171.21                       -2.89302e-21
xr2.x172.11                       -2.89302e-21
xr2.x172.21                       -2.89302e-21
xr2.xtemp__xrz__7                 -2.89302e-21
xr2.xtemp__xrz__8                 -2.89302e-21
xr2.x173.11                       -2.89302e-21
xr2.x173.21                       -2.89302e-21
xr2.x174.11                       -2.89302e-21
xr2.x174.21                       -2.89302e-21
xr2.xtemp__xrz__9                 -2.89302e-21
xr2.x175.11                       -2.89302e-21
xr2.x175.21                       -2.89302e-21
xr2.x176.11                        8.12157e-25
xr2.x176.21                        7.83355e-25
xr2.xtemp__xr2f__1                 7.83307e-25
xr2.xtemp__xr2f__2                 7.54409e-25
xr2.x177.11                        7.54457e-25
xr2.x177.21                        7.83259e-25
xr2.x178.11                        7.54361e-25
xr2.x178.21                        7.25559e-25
xr2.xtemp__xr2f__3                 7.25511e-25
xr2.xtemp__xr2f__4                 6.96613e-25
xr2.x179.11                        6.96661e-25
xr2.x179.21                        7.25463e-25
xr2.x180.11                        6.96564e-25
xr2.x180.21                        6.67763e-25
xr2.xtemp__xr2f__5                 6.67715e-25
xr2.xtemp__xr2f__6                 6.38817e-25
xr2.x181.11                        6.38865e-25
xr2.x181.21                        6.67666e-25
xr2.x182.11                        6.38768e-25
xr2.x182.21                        6.09967e-25
xr2.xtemp__xr2f__7                 6.09918e-25
xr2.xtemp__xr2f__8                  5.8102e-25
xr2.x183.11                        5.81069e-25
xr2.x183.21                         6.0987e-25
xr2.x184.11                        5.80972e-25
xr2.x184.21                        5.52171e-25
xr2.xtemp__xr2f__9                 5.52122e-25
xr2.xtemp__xr2f__10                5.23224e-25
xr2.x185.11                        5.23273e-25
xr2.x185.21                        5.52074e-25
xr2.x186.11                        5.23176e-25
xr2.x186.21                        4.94374e-25
xr2.xtemp__xr2f__11                4.94326e-25
xr2.xtemp__xr2f__12                4.65428e-25
xr2.x187.11                        4.65476e-25
xr2.x187.21                        4.94278e-25
xr2.x188.11                         4.6538e-25
xr2.x188.21                        4.36578e-25
xr2.xtemp__xr2f__13                 4.3653e-25
xr2.xtemp__xr2f__14                4.07632e-25
xr2.x189.11                         4.0768e-25
xr2.x189.21                        4.36482e-25
xr2.x190.11                        4.07584e-25
xr2.x190.21                        3.78782e-25
xr2.xtemp__xr2f__15                3.78734e-25
xr2.xtemp__xr2f__16                3.49836e-25
xr2.x191.11                        3.49884e-25
xr2.x191.21                        3.78686e-25
xr2.x192.11                        3.49788e-25
xr2.x192.21                        3.20986e-25
xr2.xtemp__xr2f__17                3.20938e-25
xr2.xtemp__xr2f__18                 2.9204e-25
xr2.x193.11                        2.92088e-25
xr2.x193.21                         3.2089e-25
xr2.x194.11                        2.91992e-25
xr2.x194.21                         2.6319e-25
xr2.xtemp__xr2f__19                2.63142e-25
xr2.xtemp__xr2f__20                2.34244e-25
xr2.x195.11                        2.34292e-25
xr2.x195.21                        2.63094e-25
xr2.x196.11                        2.34196e-25
xr2.x196.21                        2.05394e-25
xr2.xtemp__xr2f__21                2.05346e-25
xr2.xtemp__xr2f__22                1.76448e-25
xr2.x197.11                        1.76496e-25
xr2.x197.21                        2.05298e-25
xr2.x198.11                        1.76399e-25
xr2.x198.21                        1.47598e-25
xr2.xtemp__xr2f__23                 1.4755e-25
xr2.x199.11                          1.187e-25
xr2.x199.21                        1.47501e-25
xr2.x200.11                        1.18603e-25
xr2.x200.21                        8.86732e-26
xr2.xtemp__xr2t5__1                 8.8625e-26
xr2.x201.11                        5.86466e-26
xr2.x201.21                        8.85768e-26
xr2.x202.11                        5.85502e-26
xr2.x202.21                        4.36066e-26
xr2.xtemp__xr2t4__1                4.35585e-26
xr2.x203.11                        2.85667e-26
xr2.x203.21                        4.35103e-26
xr2.x204.11                        2.84703e-26
xr2.x204.21                        2.10201e-26
xr2.xtemp__xr2t3__1                2.09719e-26
xr2.x205.11                        1.34734e-26
xr2.x205.21                        2.09237e-26
xr2.x206.11                        1.33771e-26
xr2.x206.21                         9.6741e-27
xr2.xtemp__xr2t2__1                9.62591e-27
xr2.x207.11                        5.87475e-27
xr2.x207.21                        9.57773e-27
xr2.x208.11                        5.77838e-27
xr2.x208.21                        3.95035e-27
xr2.xtemp__xr2t1__1                3.90217e-27
xr2.x209.11                        2.02595e-27
xr2.x209.21                        3.85398e-27
xr2.x210.11                        1.92958e-27
xr2.x210.21                        1.03707e-27
xr2.xtemp__xr2t0__1                9.88883e-28
xr2.x211.11                        4.81864e-29
xr2.x211.21                        9.40696e-28
xr2.x212.11                                  0
xr2.x212.21                                  0
xr2.x213.11                                  0
xr2.x213.21                                  0
xr2.x214.11                                  0
xr2.x214.21                                  0
xr2.x215.11                        5.66954e-26
xr2.x215.21                         5.6698e-26
xr2.xbias__xr2__1                   5.6698e-26
xr2.xbias__xr2__2                  5.67006e-26
xr2.x216.11                        5.67006e-26
xr2.x216.21                         5.6698e-26
xr2.x217.11                        5.67006e-26
xr2.x217.21                        5.67031e-26
xr2.xbias__xr2__3                  5.67031e-26
xr2.xbias__xr2__4                  5.67057e-26
xr2.x218.11                        5.67057e-26
xr2.x218.21                        5.67031e-26
xr2.x219.11                        5.67057e-26
xr2.x219.21                        5.67083e-26
xr2.xbias__xr2__5                  5.67083e-26
xr2.xbias__xr2__6                  5.67109e-26
xr2.x220.11                        5.67109e-26
xr2.x220.21                        5.67083e-26
xr2.x221.11                        5.67109e-26
xr2.x221.21                        5.67134e-26
xr2.xbias__xr2__7                  5.67134e-26
xr2.xbias__xr2__8                   5.6716e-26
xr2.x222.11                         5.6716e-26
xr2.x222.21                        5.67134e-26
xr2.x223.11                         5.6716e-26
xr2.x223.21                        5.67186e-26
xr2.xbias__xr2__9                  5.67186e-26
xr2.xbias__xr2__10                 5.67212e-26
xr2.x224.11                        5.67212e-26
xr2.x224.21                        5.67186e-26
xr2.x225.11                        5.67212e-26
xr2.x225.21                        5.67237e-26
xr2.xbias__xr2__11                 5.67237e-26
xr2.xbias__xr2__12                 5.67263e-26
xr2.x226.11                        5.67263e-26
xr2.x226.21                        5.67237e-26
xr2.x227.11                        5.67263e-26
xr2.x227.21                        5.67289e-26
xr2.xbias__xr2__13                 5.67289e-26
xr2.xbias__xr2__14                 5.67315e-26
xr2.x228.11                        5.67315e-26
xr2.x228.21                        5.67289e-26
xr2.x229.11                        5.67315e-26
xr2.x229.21                         5.6734e-26
xr2.xbias__xr2__15                  5.6734e-26
xr2.x230.11                        5.67366e-26
xr2.x230.21                         5.6734e-26
xr2.x231.11                       -1.77172e-18
xr2.x231.21                       -1.77172e-18
xr2.xbias__xrz__1                 -1.77172e-18
xr2.xbias__xrz__2                 -1.77172e-18
xr2.x232.11                       -1.77172e-18
xr2.x232.21                       -1.77172e-18
xr2.x233.11                       -1.77172e-18
xr2.x233.21                       -1.77172e-18
xr2.xbias__xrz__3                 -1.77172e-18
xr2.x234.11                       -1.77172e-18
xr2.x234.21                       -1.77172e-18
xr2.x235.11                        2.81653e-20
xr2.x235.21                        2.81661e-20
xr2.xbias__xr1__1                  2.81661e-20
xr2.x236.11                         2.8167e-20
xr2.x236.21                        2.81661e-20
xr2.x237.11                        2.81652e-20
xr2.x237.21                        2.81652e-20
xr2.xbias__xrt__1                  2.81652e-20
xr2.x238.11                        2.81653e-20
xr2.x238.21                        2.81652e-20
xr2.xbias__nt__par                -3.91942e-19
xr2.xtemp__xrz__2__par            -2.89302e-21
xr2.xtemp__xrz__4__par            -2.89302e-21
xr2.xtemp__xrz__6__par            -2.89302e-21
xr2.xtemp__xrz__8__par            -2.89302e-21
xr2.xbias__n1__par                 2.23121e-19
xr2.xtemp__xr2f__2__par            7.54409e-25
xr2.xtemp__xr2f__4__par            6.96613e-25
xr2.xtemp__xr2f__6__par            6.38817e-25
xr2.xtemp__xr2f__8__par             5.8102e-25
xr2.xtemp__xr2f__10__par           5.23224e-25
xr2.xtemp__xr2f__12__par           4.65428e-25
xr2.xtemp__xr2f__14__par           4.07632e-25
xr2.xtemp__xr2f__16__par           3.49836e-25
xr2.xtemp__xr2f__18__par            2.9204e-25
xr2.xtemp__xr2f__20__par           2.34244e-25
xr2.xbias__n2__par                -1.77172e-18
xr2.xtemp__xr2f__22__par           1.76448e-25
xr2.xtemp__xr2t0__1__par           9.88883e-28
xr2.xtemp__xr2t1__1__par           3.90217e-27
xr2.xbias__tok__par               -4.55339e-20
xr2.xtemp__xr2t2__1__par           9.62591e-27
xr2.xtemp__xr2t3__1__par           2.09719e-26
xr2.xbias__noko__par              -4.29942e-21
xr2.xtemp__xriso__1__par          -1.53528e-21
xr2.xtemp__xr2t4__1__par           4.35585e-26
xr2.xtemp__xr1__1__par            -1.01569e-18
xr2.xtemp__xrz__1__par            -2.89302e-21
xr2.xtemp__xrz__3__par            -2.89302e-21
xr2.xtemp__xrz__5__par            -2.89302e-21
xr2.xbias__nokl__par               -8.5547e-20
xr2.xtemp__xrz__7__par            -2.89302e-21
xr2.xtemp__xrz__9__par            -2.89302e-21
xr2.xtemp__xr2f__1__par            7.83307e-25
xr2.xtemp__xr2f__3__par            7.25511e-25
xr2.xtemp__xr2f__5__par            6.67715e-25
xr2.xtemp__xr2f__7__par            6.09918e-25
xr2.xtemp__xr2f__9__par            5.52122e-25
xr2.xtemp__xr2f__11__par           4.94326e-25
xr2.xtemp__xr2f__13__par            4.3653e-25
xr2.xtemp__xr2f__15__par           3.78734e-25
xr2.xbias__nkg__par               -1.54642e-18
xr2.xtemp__xr2f__17__par           3.20938e-25
xr2.xtemp__xr2f__19__par           2.63142e-25
xr2.xtemp__xr2f__21__par           2.05346e-25
xr2.xtemp__xr2f__23__par            1.4755e-25
xr2.xtemp__xr2t5__1__par            8.8625e-26
xr2.xbias__nb__par                 2.81653e-20
xr2.xcmp__vdda__par                1.20955e-18
xr2.xcmp__na__par                  -1.6299e-21
xr2.xcmp__cmpo__par               -8.15009e-22
xr2.xcmp__n1__par                  9.34898e-19
xr2.xcmp__tn__par                 -1.14615e-21
xr2.xcmp__sns__par                           0
xr2.xcmp__nbg__par                -2.27969e-19
xr2.xcmp__snsb__par                          0
xr2.xpor__pdn__par                 1.54891e-18
xr2.xpor__ndl__par                -1.59232e-19
xr2.xpor__ndgn__par                7.96484e-20
xr2.xpor__pgdg__par               -4.57889e-18
xr2.xpor__pgdgb__par               -2.2923e-18
xr2.xpor__nd1__par                  3.1339e-36
xr2.xpor__nnand__par               3.76378e-18
xr2.xpor__ndgp__par                -1.9289e-18
xr2.xpor__nts__par                  5.2948e-20
xr2.xpor__rstb__par                9.13851e-18
xr2.xbias__nkm__par                 4.3113e-19
xr2.xbias__nokx__par              -1.90117e-18
xr2.xbias__ks1__par               -3.01561e-19
xr2.xbias__ks2__par               -6.05039e-19
xr2.xbias__ks3__par               -9.12365e-19
xr2.xbias__ks4__par               -1.22549e-18
xr2.xbias__ec__par                  2.8167e-20
xr2.xbias__nz__par                -1.77172e-18
xr2.xpor__ndg__par                -4.61376e-18
xr2.xpor__tim__par                 -8.9587e-23
xr2.xpor__trip__par               -3.67864e-37
xr2.xbias__xr2__2__par             5.67006e-26
xr2.xbias__xr2__4__par             5.67057e-26
xr2.xbias__xr2__6__par             5.67109e-26
xr2.xbias__xr2__8__par              5.6716e-26
xr2.xbias__xr2__10__par            5.67212e-26
xr2.xbias__xr2__12__par            5.67263e-26
xr2.xbias__pg__par                -5.28473e-19
xr2.xbias__xr2__14__par            5.67315e-26
xr2.xbias__xrz__2__par            -1.77172e-18
xr2.xbias__xrt__1__par             2.81652e-20
xr2.xbias__na__par                 1.07279e-25
xr2.xbias__er__par                 5.67366e-26
xr2.xbias__nbtop__par              2.81652e-20
xr2.xbias__nbg__par               -1.40982e-18
xr2.xbias__xrz__1__par            -1.77172e-18
xr2.xbias__xrz__3__par            -1.77172e-18
xr2.xbias__xr1__1__par             2.81661e-20
xr2.xbias__xr2__13__par            5.67289e-26
xr2.xbias__xr2__11__par            5.67237e-26
xr2.xbias__xr2__1__par              5.6698e-26
xr2.xbias__xr2__3__par             5.67031e-26
xr2.xbias__xr2__5__par             5.67083e-26
xr2.xbias__xr2__7__par             5.67134e-26
xr2.xbias__xr2__9__par             5.67186e-26
xr2.xbias__pb__par                 2.21358e-19
xr2.xbias__xr2__15__par             5.6734e-26
xr2.bias_ok__par                    1.1926e-18
xr2.xcmp__bias_okb__par             -2.685e-18
xr2.ctat__par                     -1.53526e-21
xr2.resetn__par                    3.34343e-18
xr2.xtemp__enb__par               -3.08311e-18
xr2.ibias__par                     2.98571e-19
xr2.xtemp__m1d__par                5.74802e-19
xr2.xtemp__m2d__par               -1.56228e-18
xr2.xtemp__m3d__par               -6.40471e-19
xr2.xtemp__n1__par                 5.52199e-19
xr2.xtemp__n2__par                -2.89302e-21
xr2.xtemp__na__par                -1.53529e-21
xr2.xtemp__nb__par                -1.01569e-18
xr2.xtemp__nbg__par               -1.48412e-18
xr2.xtemp__nc__par                -1.01569e-18
xr2.xtemp__nd__par                -1.64206e-18
xr2.xtemp__nr__par                -3.62209e-19
xr2.xtemp__nt__par                 1.74598e-21
xr2.xtemp__nz__par                -2.89302e-21
xr2.xtemp__pb__par                 3.54141e-19
xr2.xtemp__pcas__par              -1.26506e-18
xr2.xtemp__pg__par                 5.25751e-23
xr2.por_raw__par                   3.03127e-18
xr2.ptat__par                      8.12205e-25
xr2.xtemp__t0__par                 1.97777e-27
xr2.xtemp__t1__par                 5.82657e-27
xr2.xtemp__t2__par                 1.34253e-26
xr2.xtemp__t3__par                 2.85185e-26
xr2.xtemp__t4__par                 5.85984e-26
xr2.xtemp__t5__par                 1.18652e-25
xr2.vdd__par                                 0
xr2.vref__par                      5.66954e-26
xr2.vss__par                                 0
vddr3                                        0
ptatr3                              1.2449e-24
ctatr3                            -3.43646e-22
resetnr3                          -4.67957e-18
xr3.xtemp__pg                      4.91458e-23
xr3.xtemp__nz                     -1.93795e-21
xr3.xbias__nbg                    -1.81793e-18
xr3.xbias__pb                      1.51495e-18
xr3.xbias__n1                     -1.14315e-18
xr3.xbias__n2                     -6.11343e-19
xr3.xbias__pg                     -5.21187e-19
xr3.xbias__ks1                    -2.77929e-20
xr3.xbias__ks2                    -5.57626e-20
xr3.xbias__ks3                    -8.40868e-20
xr3.xbias__ks4                    -1.12946e-19
xr3.xbias__nkg                    -1.42523e-19
xr3.xbias__nkm                     3.55989e-19
xr3.xbias__nokl                   -4.78098e-20
xr3.xbias__noko                   -2.40282e-21
xr3.xbias__nokx                   -8.20623e-19
xr3.bias_ok                        3.51097e-19
xr3.xcmp__na                       -8.4241e-22
xr3.xcmp__sns                                0
xr3.xcmp__tn                      -5.92388e-22
xr3.xcmp__cmpo                    -4.21236e-22
xr3.vref                           9.03759e-27
xr3.xcmp__nbg                      8.71373e-19
xr3.ibias                          1.24822e-19
xr3.xcmp__bias_okb                -2.35038e-18
xr3.xcmp__snsb                               0
xr3.xcmp__n1                      -2.41688e-18
xr3.por_raw                         2.2509e-18
xr3.xpor__pdn                      1.36296e-18
xr3.xpor__ndl                      3.19798e-19
xr3.xpor__ndgn                    -1.37151e-20
xr3.xpor__ndg                      2.94711e-18
xr3.xpor__pgdg                    -3.59595e-18
xr3.xpor__pgdgb                   -2.76908e-18
xr3.xpor__tim                      8.31098e-23
xr3.xpor__nd1                     -8.90354e-34
xr3.xpor__trip                    -2.56269e-37
xr3.xpor__rstb                     2.90365e-18
xr3.xpor__nnand                   -3.54752e-18
xr3.xtemp__n1                     -6.83313e-19
xr3.xtemp__n2                     -1.93795e-21
xr3.xtemp__nbg                    -1.61471e-18
xr3.xtemp__enb                     1.92754e-18
xr3.xtemp__pb                      1.63225e-18
xr3.xtemp__pcas                    3.83322e-19
xr3.xtemp__nd                      1.49417e-18
xr3.xtemp__nr                     -4.10062e-19
xr3.xtemp__nt                      6.03812e-22
xr3.xtemp__t5                      1.81862e-25
xr3.xtemp__t4                       8.9816e-26
xr3.xtemp__t3                      4.37115e-26
xr3.xtemp__t2                      2.05774e-26
xr3.xtemp__t1                       8.9306e-27
xr3.xtemp__t0                       3.0314e-27
xr3.xbias__na                      -5.8388e-26
xr3.xbias__nbtop                   9.71291e-20
xr3.xbias__nt                     -1.58012e-18
xr3.xbias__nb                      9.71294e-20
xr3.xbias__tok                    -2.54476e-20
xr3.xcmp__vdda                     6.25149e-19
xr3.xpor__ndgp                     1.42947e-18
xr3.xpor__nts                     -4.84291e-20
xr3.xtemp__na                     -3.43652e-22
xr3.xtemp__nb                      3.64817e-19
xr3.xtemp__m1d                     1.28661e-19
xr3.xtemp__m2d                    -7.27246e-19
xr3.xtemp__m3d                    -9.81674e-19
xr3.xbias__ec                      9.71353e-20
xr3.xbias__er                      9.04416e-27
xr3.xtemp__nc                      3.64817e-19
xr3.xbias__nz                     -6.11343e-19
xr3.x162.11                        3.64817e-19
xr3.x162.21                        3.64817e-19
xr3.xtemp__xr1__1                  3.64817e-19
xr3.x163.11                        3.64817e-19
xr3.x163.21                        3.64817e-19
xr3.x164.11                       -3.43652e-22
xr3.x164.21                       -3.43649e-22
xr3.xtemp__xriso__1               -3.43649e-22
xr3.x165.11                       -3.43646e-22
xr3.x165.21                       -3.43649e-22
xr3.x166.11                       -1.93795e-21
xr3.x166.21                       -1.93795e-21
xr3.xtemp__xrz__1                 -1.93795e-21
xr3.xtemp__xrz__2                 -1.93795e-21
xr3.x167.11                       -1.93795e-21
xr3.x167.21                       -1.93795e-21
xr3.x168.11                       -1.93795e-21
xr3.x168.21                       -1.93795e-21
xr3.xtemp__xrz__3                 -1.93795e-21
xr3.xtemp__xrz__4                 -1.93795e-21
xr3.x169.11                       -1.93795e-21
xr3.x169.21                       -1.93795e-21
xr3.x170.11                       -1.93795e-21
xr3.x170.21                       -1.93795e-21
xr3.xtemp__xrz__5                 -1.93795e-21
xr3.xtemp__xrz__6                 -1.93795e-21
xr3.x171.11                       -1.93795e-21
xr3.x171.21                       -1.93795e-21
xr3.x172.11                       -1.93795e-21
xr3.x172.21                       -1.93795e-21
xr3.xtemp__xrz__7                 -1.93795e-21
xr3.xtemp__xrz__8                 -1.93795e-21
xr3.x173.11                       -1.93795e-21
xr3.x173.21                       -1.93795e-21
xr3.x174.11                       -1.93795e-21
xr3.x174.21                       -1.93795e-21
xr3.xtemp__xrz__9                 -1.93795e-21
xr3.x175.11                       -1.93795e-21
xr3.x175.21                       -1.93795e-21
xr3.x176.11                        1.24482e-24
xr3.x176.21                        1.20068e-24
xr3.xtemp__xr2f__1                  1.2006e-24
xr3.xtemp__xr2f__2                 1.15631e-24
xr3.x177.11                        1.15639e-24
xr3.x177.21                        1.20053e-24
xr3.x178.11                        1.15624e-24
xr3.x178.21                        1.11209e-24
xr3.xtemp__xr2f__3                 1.11202e-24
xr3.xtemp__xr2f__4                 1.06773e-24
xr3.x179.11                         1.0678e-24
xr3.x179.21                        1.11194e-24
xr3.x180.11                        1.06765e-24
xr3.x180.21                        1.02351e-24
xr3.xtemp__xr2f__5                 1.02343e-24
xr3.xtemp__xr2f__6                 9.79139e-25
xr3.x181.11                        9.79213e-25
xr3.x181.21                        1.02336e-24
xr3.x182.11                        9.79065e-25
xr3.x182.21                        9.34919e-25
xr3.xtemp__xr2f__7                 9.34846e-25
xr3.xtemp__xr2f__8                 8.90552e-25
xr3.x183.11                        8.90626e-25
xr3.x183.21                        9.34772e-25
xr3.x184.11                        8.90479e-25
xr3.x184.21                        8.46333e-25
xr3.xtemp__xr2f__9                 8.46259e-25
xr3.xtemp__xr2f__10                8.01966e-25
xr3.x185.11                         8.0204e-25
xr3.x185.21                        8.46185e-25
xr3.x186.11                        8.01892e-25
xr3.x186.21                        7.57747e-25
xr3.xtemp__xr2f__11                7.57673e-25
xr3.xtemp__xr2f__12                 7.1338e-25
xr3.x187.11                        7.13454e-25
xr3.x187.21                        7.57599e-25
xr3.x188.11                        7.13306e-25
xr3.x188.21                         6.6916e-25
xr3.xtemp__xr2f__13                6.69087e-25
xr3.xtemp__xr2f__14                6.24793e-25
xr3.x189.11                        6.24867e-25
xr3.x189.21                        6.69013e-25
xr3.x190.11                         6.2472e-25
xr3.x190.21                        5.80574e-25
xr3.xtemp__xr2f__15                  5.805e-25
xr3.xtemp__xr2f__16                5.36207e-25
xr3.x191.11                        5.36281e-25
xr3.x191.21                        5.80426e-25
xr3.x192.11                        5.36133e-25
xr3.x192.21                        4.91988e-25
xr3.xtemp__xr2f__17                4.91914e-25
xr3.xtemp__xr2f__18                4.47621e-25
xr3.x193.11                        4.47695e-25
xr3.x193.21                         4.9184e-25
xr3.x194.11                        4.47547e-25
xr3.x194.21                        4.03401e-25
xr3.xtemp__xr2f__19                4.03328e-25
xr3.xtemp__xr2f__20                3.59034e-25
xr3.x195.11                        3.59108e-25
xr3.x195.21                        4.03254e-25
xr3.x196.11                        3.58961e-25
xr3.x196.21                        3.14815e-25
xr3.xtemp__xr2f__21                3.14741e-25
xr3.xtemp__xr2f__22                2.70448e-25
xr3.x197.11                        2.70522e-25
xr3.x197.21                        3.14667e-25
xr3.x198.11                        2.70374e-25
xr3.x198.21                        2.26229e-25
xr3.xtemp__xr2f__23                2.26155e-25
xr3.x199.11                        1.81936e-25
xr3.x199.21                        2.26081e-25
xr3.x200.11                        1.81788e-25
xr3.x200.21                        1.35913e-25
xr3.xtemp__xr2t5__1                1.35839e-25
xr3.x201.11                        8.98899e-26
xr3.x201.21                        1.35765e-25
xr3.x202.11                        8.97421e-26
xr3.x202.21                        6.68376e-26
xr3.xtemp__xr2t4__1                6.67637e-26
xr3.x203.11                        4.37853e-26
xr3.x203.21                        6.66899e-26
xr3.x204.11                        4.36376e-26
xr3.x204.21                        3.22183e-26
xr3.xtemp__xr2t3__1                3.21444e-26
xr3.x205.11                        2.06513e-26
xr3.x205.21                        3.20706e-26
xr3.x206.11                        2.05036e-26
xr3.x206.21                        1.48279e-26
xr3.xtemp__xr2t2__1                 1.4754e-26
xr3.x207.11                        9.00446e-27
xr3.x207.21                        1.46802e-26
xr3.x208.11                        8.85675e-27
xr3.x208.21                        6.05486e-27
xr3.xtemp__xr2t1__1                  5.981e-27
xr3.x209.11                        3.10525e-27
xr3.x209.21                        5.90714e-27
xr3.x210.11                        2.95754e-27
xr3.x210.21                        1.58956e-27
xr3.xtemp__xr2t0__1                 1.5157e-27
xr3.x211.11                        7.38571e-29
xr3.x211.21                        1.44184e-27
xr3.x212.11                                  0
xr3.x212.21                                  0
xr3.x213.11                                  0
xr3.x213.21                                  0
xr3.x214.11                                  0
xr3.x214.21                                  0
xr3.x215.11                        9.03759e-27
xr3.x215.21                          9.038e-27
xr3.xbias__xr2__1                    9.038e-27
xr3.xbias__xr2__2                  9.03841e-27
xr3.x216.11                        9.03841e-27
xr3.x216.21                          9.038e-27
xr3.x217.11                        9.03841e-27
xr3.x217.21                        9.03882e-27
xr3.xbias__xr2__3                  9.03882e-27
xr3.xbias__xr2__4                  9.03923e-27
xr3.x218.11                        9.03923e-27
xr3.x218.21                        9.03882e-27
xr3.x219.11                        9.03923e-27
xr3.x219.21                        9.03964e-27
xr3.xbias__xr2__5                  9.03964e-27
xr3.xbias__xr2__6                  9.04005e-27
xr3.x220.11                        9.04005e-27
xr3.x220.21                        9.03964e-27
xr3.x221.11                        9.04005e-27
xr3.x221.21                        9.04046e-27
xr3.xbias__xr2__7                  9.04046e-27
xr3.xbias__xr2__8                  9.04087e-27
xr3.x222.11                        9.04087e-27
xr3.x222.21                        9.04046e-27
xr3.x223.11                        9.04087e-27
xr3.x223.21                        9.04128e-27
xr3.xbias__xr2__9                  9.04128e-27
xr3.xbias__xr2__10                 9.04169e-27
xr3.x224.11                        9.04169e-27
xr3.x224.21                        9.04128e-27
xr3.x225.11                        9.04169e-27
xr3.x225.21                         9.0421e-27
xr3.xbias__xr2__11                  9.0421e-27
xr3.xbias__xr2__12                 9.04251e-27
xr3.x226.11                        9.04251e-27
xr3.x226.21                         9.0421e-27
xr3.x227.11                        9.04251e-27
xr3.x227.21                        9.04293e-27
xr3.xbias__xr2__13                 9.04293e-27
xr3.xbias__xr2__14                 9.04334e-27
xr3.x228.11                        9.04334e-27
xr3.x228.21                        9.04293e-27
xr3.x229.11                        9.04334e-27
xr3.x229.21                        9.04375e-27
xr3.xbias__xr2__15                 9.04375e-27
xr3.x230.11                        9.04416e-27
xr3.x230.21                        9.04375e-27
xr3.x231.11                       -6.11343e-19
xr3.x231.21                       -6.11343e-19
xr3.xbias__xrz__1                 -6.11343e-19
xr3.xbias__xrz__2                 -6.11343e-19
xr3.x232.11                       -6.11343e-19
xr3.x232.21                       -6.11343e-19
xr3.x233.11                       -6.11343e-19
xr3.x233.21                       -6.11343e-19
xr3.xbias__xrz__3                 -6.11343e-19
xr3.x234.11                       -6.11343e-19
xr3.x234.21                       -6.11343e-19
xr3.x235.11                        9.71294e-20
xr3.x235.21                        9.71323e-20
xr3.xbias__xr1__1                  9.71323e-20
xr3.x236.11                        9.71353e-20
xr3.x236.21                        9.71323e-20
xr3.x237.11                        9.71291e-20
xr3.x237.21                        9.71292e-20
xr3.xbias__xrt__1                  9.71292e-20
xr3.x238.11                        9.71294e-20
xr3.x238.21                        9.71292e-20
xr3.xbias__nt__par                -1.58012e-18
xr3.xtemp__xrz__2__par            -1.93795e-21
xr3.xtemp__xrz__4__par            -1.93795e-21
xr3.xtemp__xrz__6__par            -1.93795e-21
xr3.xtemp__xrz__8__par            -1.93795e-21
xr3.xbias__n1__par                -1.14315e-18
xr3.xtemp__xr2f__2__par            1.15631e-24
xr3.xtemp__xr2f__4__par            1.06773e-24
xr3.xtemp__xr2f__6__par            9.79139e-25
xr3.xtemp__xr2f__8__par            8.90552e-25
xr3.xtemp__xr2f__10__par           8.01966e-25
xr3.xtemp__xr2f__12__par            7.1338e-25
xr3.xtemp__xr2f__14__par           6.24793e-25
xr3.xtemp__xr2f__16__par           5.36207e-25
xr3.xtemp__xr2f__18__par           4.47621e-25
xr3.xtemp__xr2f__20__par           3.59034e-25
xr3.xbias__n2__par                -6.11343e-19
xr3.xtemp__xr2f__22__par           2.70448e-25
xr3.xtemp__xr2t0__1__par            1.5157e-27
xr3.xtemp__xr2t1__1__par             5.981e-27
xr3.xbias__tok__par               -2.54476e-20
xr3.xtemp__xr2t2__1__par            1.4754e-26
xr3.xtemp__xr2t3__1__par           3.21444e-26
xr3.xbias__noko__par              -2.40282e-21
xr3.xtemp__xriso__1__par          -3.43649e-22
xr3.xtemp__xr2t4__1__par           6.67637e-26
xr3.xtemp__xr1__1__par             3.64817e-19
xr3.xtemp__xrz__1__par            -1.93795e-21
xr3.xtemp__xrz__3__par            -1.93795e-21
xr3.xtemp__xrz__5__par            -1.93795e-21
xr3.xbias__nokl__par              -4.78098e-20
xr3.xtemp__xrz__7__par            -1.93795e-21
xr3.xtemp__xrz__9__par            -1.93795e-21
xr3.xtemp__xr2f__1__par             1.2006e-24
xr3.xtemp__xr2f__3__par            1.11202e-24
xr3.xtemp__xr2f__5__par            1.02343e-24
xr3.xtemp__xr2f__7__par            9.34846e-25
xr3.xtemp__xr2f__9__par            8.46259e-25
xr3.xtemp__xr2f__11__par           7.57673e-25
xr3.xtemp__xr2f__13__par           6.69087e-25
xr3.xtemp__xr2f__15__par             5.805e-25
xr3.xbias__nkg__par               -1.42523e-19
xr3.xtemp__xr2f__17__par           4.91914e-25
xr3.xtemp__xr2f__19__par           4.03328e-25
xr3.xtemp__xr2f__21__par           3.14741e-25
xr3.xtemp__xr2f__23__par           2.26155e-25
xr3.xtemp__xr2t5__1__par           1.35839e-25
xr3.xbias__nb__par                 9.71294e-20
xr3.xcmp__vdda__par                6.25149e-19
xr3.xcmp__na__par                  -8.4241e-22
xr3.xcmp__cmpo__par               -4.21236e-22
xr3.xcmp__n1__par                 -2.41688e-18
xr3.xcmp__tn__par                 -5.92388e-22
xr3.xcmp__sns__par                           0
xr3.xcmp__nbg__par                 8.71373e-19
xr3.xcmp__snsb__par                          0
xr3.xpor__pdn__par                 1.36296e-18
xr3.xpor__ndl__par                 3.19798e-19
xr3.xpor__ndgn__par               -1.37151e-20
xr3.xpor__pgdg__par               -3.59595e-18
xr3.xpor__pgdgb__par              -2.76908e-18
xr3.xpor__nd1__par                -8.90354e-34
xr3.xpor__nnand__par              -3.54752e-18
xr3.xpor__ndgp__par                1.42947e-18
xr3.xpor__nts__par                -4.84291e-20
xr3.xpor__rstb__par                2.90365e-18
xr3.xbias__nkm__par                3.55989e-19
xr3.xbias__nokx__par              -8.20623e-19
xr3.xbias__ks1__par               -2.77929e-20
xr3.xbias__ks2__par               -5.57626e-20
xr3.xbias__ks3__par               -8.40868e-20
xr3.xbias__ks4__par               -1.12946e-19
xr3.xbias__ec__par                 9.71353e-20
xr3.xbias__nz__par                -6.11343e-19
xr3.xpor__ndg__par                 2.94711e-18
xr3.xpor__tim__par                 8.31098e-23
xr3.xpor__trip__par               -2.56269e-37
xr3.xbias__xr2__2__par             9.03841e-27
xr3.xbias__xr2__4__par             9.03923e-27
xr3.xbias__xr2__6__par             9.04005e-27
xr3.xbias__xr2__8__par             9.04087e-27
xr3.xbias__xr2__10__par            9.04169e-27
xr3.xbias__xr2__12__par            9.04251e-27
xr3.xbias__pg__par                -5.21187e-19
xr3.xbias__xr2__14__par            9.04334e-27
xr3.xbias__xrz__2__par            -6.11343e-19
xr3.xbias__xrt__1__par             9.71292e-20
xr3.xbias__na__par                 -5.8388e-26
xr3.xbias__er__par                 9.04416e-27
xr3.xbias__nbtop__par              9.71291e-20
xr3.xbias__nbg__par               -1.81793e-18
xr3.xbias__xrz__1__par            -6.11343e-19
xr3.xbias__xrz__3__par            -6.11343e-19
xr3.xbias__xr1__1__par             9.71323e-20
xr3.xbias__xr2__13__par            9.04293e-27
xr3.xbias__xr2__11__par             9.0421e-27
xr3.xbias__xr2__1__par               9.038e-27
xr3.xbias__xr2__3__par             9.03882e-27
xr3.xbias__xr2__5__par             9.03964e-27
xr3.xbias__xr2__7__par             9.04046e-27
xr3.xbias__xr2__9__par             9.04128e-27
xr3.xbias__pb__par                 1.51495e-18
xr3.xbias__xr2__15__par            9.04375e-27
xr3.bias_ok__par                   3.51097e-19
xr3.xcmp__bias_okb__par           -2.35038e-18
xr3.ctat__par                     -3.43646e-22
xr3.resetn__par                   -4.67957e-18
xr3.xtemp__enb__par                1.92754e-18
xr3.ibias__par                     1.24822e-19
xr3.xtemp__m1d__par                1.28661e-19
xr3.xtemp__m2d__par               -7.27246e-19
xr3.xtemp__m3d__par               -9.81674e-19
xr3.xtemp__n1__par                -6.83313e-19
xr3.xtemp__n2__par                -1.93795e-21
xr3.xtemp__na__par                -3.43652e-22
xr3.xtemp__nb__par                 3.64817e-19
xr3.xtemp__nbg__par               -1.61471e-18
xr3.xtemp__nc__par                 3.64817e-19
xr3.xtemp__nd__par                 1.49417e-18
xr3.xtemp__nr__par                -4.10062e-19
xr3.xtemp__nt__par                 6.03812e-22
xr3.xtemp__nz__par                -1.93795e-21
xr3.xtemp__pb__par                 1.63225e-18
xr3.xtemp__pcas__par               3.83322e-19
xr3.xtemp__pg__par                 4.91458e-23
xr3.por_raw__par                    2.2509e-18
xr3.ptat__par                       1.2449e-24
xr3.xtemp__t0__par                  3.0314e-27
xr3.xtemp__t1__par                  8.9306e-27
xr3.xtemp__t2__par                 2.05774e-26
xr3.xtemp__t3__par                 4.37115e-26
xr3.xtemp__t4__par                  8.9816e-26
xr3.xtemp__t5__par                 1.81862e-25
xr3.vdd__par                                 0
xr3.vref__par                      9.03759e-27
xr3.vss__par                                 0
vddr4                                        0
ptatr4                             1.28746e-24
ctatr4                             4.17734e-21
resetnr4                          -3.36293e-18
xr4.xtemp__pg                      5.61301e-24
xr4.xtemp__nz                      3.91781e-22
xr4.xbias__nbg                    -4.32236e-19
xr4.xbias__pb                      1.75349e-18
xr4.xbias__n1                     -1.70212e-18
xr4.xbias__n2                      1.81418e-18
xr4.xbias__pg                     -4.52321e-19
xr4.xbias__ks1                    -2.76049e-19
xr4.xbias__ks2                    -5.53853e-19
xr4.xbias__ks3                    -8.35179e-19
xr4.xbias__ks4                    -1.12182e-18
xr4.xbias__nkg                    -1.41559e-18
xr4.xbias__nkm                     4.34521e-19
xr4.xbias__nokl                   -6.23774e-20
xr4.xbias__noko                   -3.13496e-21
xr4.xbias__nokx                   -3.57986e-19
xr4.bias_ok                        4.17427e-18
xr4.xcmp__na                      -1.28762e-21
xr4.xcmp__sns                                0
xr4.xcmp__tn                      -9.05463e-22
xr4.xcmp__cmpo                    -6.43859e-22
xr4.vref                           -6.6528e-26
xr4.xcmp__nbg                      1.46129e-18
xr4.ibias                          1.10338e-19
xr4.xcmp__bias_okb                  2.6827e-18
xr4.xcmp__snsb                               0
xr4.xcmp__n1                       1.90806e-18
xr4.por_raw                        1.01647e-18
xr4.xpor__pdn                     -1.44676e-18
xr4.xpor__ndl                      3.38799e-19
xr4.xpor__ndgn                     5.79774e-20
xr4.xpor__ndg                     -3.38895e-18
xr4.xpor__pgdg                    -6.55968e-18
xr4.xpor__pgdgb                   -1.26603e-19
xr4.xpor__tim                      7.86346e-23
xr4.xpor__nd1                     -1.83894e-35
xr4.xpor__trip                     2.30451e-37
xr4.xpor__rstb                    -3.47813e-18
xr4.xpor__nnand                     5.3872e-18
xr4.xtemp__n1                      5.88144e-19
xr4.xtemp__n2                      3.91781e-22
xr4.xtemp__nbg                     1.88312e-19
xr4.xtemp__enb                     9.54387e-19
xr4.xtemp__pb                     -1.01492e-18
xr4.xtemp__pcas                   -1.94251e-18
xr4.xtemp__nd                      2.44777e-18
xr4.xtemp__nr                      -3.3741e-19
xr4.xtemp__nt                       1.2369e-22
xr4.xtemp__t5                      1.88079e-25
xr4.xtemp__t4                      9.28865e-26
xr4.xtemp__t3                      4.52058e-26
xr4.xtemp__t2                      2.12809e-26
xr4.xtemp__t1                      9.23591e-27
xr4.xtemp__t0                      3.13503e-27
xr4.xbias__na                      1.27183e-26
xr4.xbias__nbtop                   2.87924e-20
xr4.xbias__nt                      7.89532e-19
xr4.xbias__nb                      2.87925e-20
xr4.xbias__tok                    -3.32015e-20
xr4.xcmp__vdda                     9.55547e-19
xr4.xpor__ndgp                    -1.91293e-18
xr4.xpor__nts                     -4.50131e-20
xr4.xtemp__na                      4.17741e-21
xr4.xtemp__nb                     -1.45789e-18
xr4.xtemp__m1d                    -1.56393e-18
xr4.xtemp__m2d                      1.2983e-18
xr4.xtemp__m3d                    -1.01523e-18
xr4.xbias__ec                      2.87943e-20
xr4.xbias__er                     -6.65764e-26
xr4.xtemp__nc                     -1.45789e-18
xr4.xbias__nz                      1.81418e-18
xr4.x162.11                       -1.45789e-18
xr4.x162.21                       -1.45789e-18
xr4.xtemp__xr1__1                 -1.45789e-18
xr4.x163.11                       -1.45789e-18
xr4.x163.21                       -1.45789e-18
xr4.x164.11                        4.17741e-21
xr4.x164.21                        4.17737e-21
xr4.xtemp__xriso__1                4.17737e-21
xr4.x165.11                        4.17734e-21
xr4.x165.21                        4.17737e-21
xr4.x166.11                        3.91781e-22
xr4.x166.21                        3.91781e-22
xr4.xtemp__xrz__1                  3.91781e-22
xr4.xtemp__xrz__2                  3.91781e-22
xr4.x167.11                        3.91781e-22
xr4.x167.21                        3.91781e-22
xr4.x168.11                        3.91781e-22
xr4.x168.21                        3.91781e-22
xr4.xtemp__xrz__3                  3.91781e-22
xr4.xtemp__xrz__4                  3.91781e-22
xr4.x169.11                        3.91781e-22
xr4.x169.21                        3.91781e-22
xr4.x170.11                        3.91781e-22
xr4.x170.21                        3.91781e-22
xr4.xtemp__xrz__5                  3.91781e-22
xr4.xtemp__xrz__6                  3.91781e-22
xr4.x171.11                        3.91781e-22
xr4.x171.21                        3.91781e-22
xr4.x172.11                        3.91781e-22
xr4.x172.21                        3.91781e-22
xr4.xtemp__xrz__7                  3.91781e-22
xr4.xtemp__xrz__8                  3.91781e-22
xr4.x173.11                        3.91781e-22
xr4.x173.21                        3.91781e-22
xr4.x174.11                        3.91781e-22
xr4.x174.21                        3.91781e-22
xr4.xtemp__xrz__9                  3.91781e-22
xr4.x175.11                        3.91781e-22
xr4.x175.21                        3.91781e-22
xr4.x176.11                        1.28738e-24
xr4.x176.21                        1.24173e-24
xr4.xtemp__xr2f__1                 1.24165e-24
xr4.xtemp__xr2f__2                 1.19584e-24
xr4.x177.11                        1.19592e-24
xr4.x177.21                        1.24157e-24
xr4.x178.11                        1.19577e-24
xr4.x178.21                        1.15011e-24
xr4.xtemp__xr2f__3                 1.15003e-24
xr4.xtemp__xr2f__4                 1.10423e-24
xr4.x179.11                         1.1043e-24
xr4.x179.21                        1.14996e-24
xr4.x180.11                        1.10415e-24
xr4.x180.21                         1.0585e-24
xr4.xtemp__xr2f__5                 1.05842e-24
xr4.xtemp__xr2f__6                 1.01261e-24
xr4.x181.11                        1.01269e-24
xr4.x181.21                        1.05834e-24
xr4.x182.11                        1.01254e-24
xr4.x182.21                        9.66881e-25
xr4.xtemp__xr2f__7                 9.66805e-25
xr4.xtemp__xr2f__8                 9.20997e-25
xr4.x183.11                        9.21074e-25
xr4.x183.21                        9.66728e-25
xr4.x184.11                        9.20921e-25
xr4.x184.21                        8.75266e-25
xr4.xtemp__xr2f__9                  8.7519e-25
xr4.xtemp__xr2f__10                8.29383e-25
xr4.x185.11                        8.29459e-25
xr4.x185.21                        8.75114e-25
xr4.x186.11                        8.29306e-25
xr4.x186.21                        7.83651e-25
xr4.xtemp__xr2f__11                7.83575e-25
xr4.xtemp__xr2f__12                7.37768e-25
xr4.x187.11                        7.37844e-25
xr4.x187.21                        7.83499e-25
xr4.x188.11                        7.37691e-25
xr4.x188.21                        6.92037e-25
xr4.xtemp__xr2f__13                 6.9196e-25
xr4.xtemp__xr2f__14                6.46153e-25
xr4.x189.11                        6.46229e-25
xr4.x189.21                        6.91884e-25
xr4.x190.11                        6.46077e-25
xr4.x190.21                        6.00422e-25
xr4.xtemp__xr2f__15                6.00346e-25
xr4.xtemp__xr2f__16                5.54538e-25
xr4.x191.11                        5.54615e-25
xr4.x191.21                        6.00269e-25
xr4.x192.11                        5.54462e-25
xr4.x192.21                        5.08807e-25
xr4.xtemp__xr2f__17                5.08731e-25
xr4.xtemp__xr2f__18                4.62923e-25
xr4.x193.11                           4.63e-25
xr4.x193.21                        5.08654e-25
xr4.x194.11                        4.62847e-25
xr4.x194.21                        4.17192e-25
xr4.xtemp__xr2f__19                4.17116e-25
xr4.xtemp__xr2f__20                3.71309e-25
xr4.x195.11                        3.71385e-25
xr4.x195.21                         4.1704e-25
xr4.x196.11                        3.71232e-25
xr4.x196.21                        3.25578e-25
xr4.xtemp__xr2f__21                3.25501e-25
xr4.xtemp__xr2f__22                2.79694e-25
xr4.x197.11                         2.7977e-25
xr4.x197.21                        3.25425e-25
xr4.x198.11                        2.79617e-25
xr4.x198.21                        2.33963e-25
xr4.xtemp__xr2f__23                2.33886e-25
xr4.x199.11                        1.88155e-25
xr4.x199.21                         2.3381e-25
xr4.x200.11                        1.88003e-25
xr4.x200.21                        1.40559e-25
xr4.xtemp__xr2t5__1                1.40483e-25
xr4.x201.11                        9.29629e-26
xr4.x201.21                        1.40406e-25
xr4.x202.11                        9.28101e-26
xr4.x202.21                        6.91225e-26
xr4.xtemp__xr2t4__1                6.90462e-26
xr4.x203.11                        4.52822e-26
xr4.x203.21                        6.89698e-26
xr4.x204.11                        4.51294e-26
xr4.x204.21                        3.33197e-26
xr4.xtemp__xr2t3__1                3.32433e-26
xr4.x205.11                        2.13573e-26
xr4.x205.21                         3.3167e-26
xr4.x206.11                        2.12045e-26
xr4.x206.21                        1.53348e-26
xr4.xtemp__xr2t2__1                1.52584e-26
xr4.x207.11                        9.31229e-27
xr4.x207.21                         1.5182e-26
xr4.x208.11                        9.15953e-27
xr4.x208.21                        6.26185e-27
xr4.xtemp__xr2t1__1                6.18547e-27
xr4.x209.11                        3.21141e-27
xr4.x209.21                        6.10909e-27
xr4.x210.11                        3.05865e-27
xr4.x210.21                         1.6439e-27
xr4.xtemp__xr2t0__1                1.56752e-27
xr4.x211.11                         7.6382e-29
xr4.x211.21                        1.49113e-27
xr4.x212.11                                  0
xr4.x212.21                                  0
xr4.x213.11                                  0
xr4.x213.21                                  0
xr4.x214.11                                  0
xr4.x214.21                                  0
xr4.x215.11                        -6.6528e-26
xr4.x215.21                       -6.65311e-26
xr4.xbias__xr2__1                 -6.65311e-26
xr4.xbias__xr2__2                 -6.65341e-26
xr4.x216.11                       -6.65341e-26
xr4.x216.21                       -6.65311e-26
xr4.x217.11                       -6.65341e-26
xr4.x217.21                       -6.65371e-26
xr4.xbias__xr2__3                 -6.65371e-26
xr4.xbias__xr2__4                 -6.65401e-26
xr4.x218.11                       -6.65401e-26
xr4.x218.21                       -6.65371e-26
xr4.x219.11                       -6.65401e-26
xr4.x219.21                       -6.65432e-26
xr4.xbias__xr2__5                 -6.65432e-26
xr4.xbias__xr2__6                 -6.65462e-26
xr4.x220.11                       -6.65462e-26
xr4.x220.21                       -6.65432e-26
xr4.x221.11                       -6.65462e-26
xr4.x221.21                       -6.65492e-26
xr4.xbias__xr2__7                 -6.65492e-26
xr4.xbias__xr2__8                 -6.65522e-26
xr4.x222.11                       -6.65522e-26
xr4.x222.21                       -6.65492e-26
xr4.x223.11                       -6.65522e-26
xr4.x223.21                       -6.65552e-26
xr4.xbias__xr2__9                 -6.65552e-26
xr4.xbias__xr2__10                -6.65583e-26
xr4.x224.11                       -6.65583e-26
xr4.x224.21                       -6.65552e-26
xr4.x225.11                       -6.65583e-26
xr4.x225.21                       -6.65613e-26
xr4.xbias__xr2__11                -6.65613e-26
xr4.xbias__xr2__12                -6.65643e-26
xr4.x226.11                       -6.65643e-26
xr4.x226.21                       -6.65613e-26
xr4.x227.11                       -6.65643e-26
xr4.x227.21                       -6.65673e-26
xr4.xbias__xr2__13                -6.65673e-26
xr4.xbias__xr2__14                -6.65703e-26
xr4.x228.11                       -6.65703e-26
xr4.x228.21                       -6.65673e-26
xr4.x229.11                       -6.65703e-26
xr4.x229.21                       -6.65734e-26
xr4.xbias__xr2__15                -6.65734e-26
xr4.x230.11                       -6.65764e-26
xr4.x230.21                       -6.65734e-26
xr4.x231.11                        1.81418e-18
xr4.x231.21                        1.81418e-18
xr4.xbias__xrz__1                  1.81418e-18
xr4.xbias__xrz__2                  1.81418e-18
xr4.x232.11                        1.81418e-18
xr4.x232.21                        1.81418e-18
xr4.x233.11                        1.81418e-18
xr4.x233.21                        1.81418e-18
xr4.xbias__xrz__3                  1.81418e-18
xr4.x234.11                        1.81418e-18
xr4.x234.21                        1.81418e-18
xr4.x235.11                        2.87925e-20
xr4.x235.21                        2.87934e-20
xr4.xbias__xr1__1                  2.87934e-20
xr4.x236.11                        2.87943e-20
xr4.x236.21                        2.87934e-20
xr4.x237.11                        2.87924e-20
xr4.x237.21                        2.87925e-20
xr4.xbias__xrt__1                  2.87925e-20
xr4.x238.11                        2.87925e-20
xr4.x238.21                        2.87925e-20
xr4.xbias__nt__par                 7.89532e-19
xr4.xtemp__xrz__2__par             3.91781e-22
xr4.xtemp__xrz__4__par             3.91781e-22
xr4.xtemp__xrz__6__par             3.91781e-22
xr4.xtemp__xrz__8__par             3.91781e-22
xr4.xbias__n1__par                -1.70212e-18
xr4.xtemp__xr2f__2__par            1.19584e-24
xr4.xtemp__xr2f__4__par            1.10423e-24
xr4.xtemp__xr2f__6__par            1.01261e-24
xr4.xtemp__xr2f__8__par            9.20997e-25
xr4.xtemp__xr2f__10__par           8.29383e-25
xr4.xtemp__xr2f__12__par           7.37768e-25
xr4.xtemp__xr2f__14__par           6.46153e-25
xr4.xtemp__xr2f__16__par           5.54538e-25
xr4.xtemp__xr2f__18__par           4.62923e-25
xr4.xtemp__xr2f__20__par           3.71309e-25
xr4.xbias__n2__par                 1.81418e-18
xr4.xtemp__xr2f__22__par           2.79694e-25
xr4.xtemp__xr2t0__1__par           1.56752e-27
xr4.xtemp__xr2t1__1__par           6.18547e-27
xr4.xbias__tok__par               -3.32015e-20
xr4.xtemp__xr2t2__1__par           1.52584e-26
xr4.xtemp__xr2t3__1__par           3.32433e-26
xr4.xbias__noko__par              -3.13496e-21
xr4.xtemp__xriso__1__par           4.17737e-21
xr4.xtemp__xr2t4__1__par           6.90462e-26
xr4.xtemp__xr1__1__par            -1.45789e-18
xr4.xtemp__xrz__1__par             3.91781e-22
xr4.xtemp__xrz__3__par             3.91781e-22
xr4.xtemp__xrz__5__par             3.91781e-22
xr4.xbias__nokl__par              -6.23774e-20
xr4.xtemp__xrz__7__par             3.91781e-22
xr4.xtemp__xrz__9__par             3.91781e-22
xr4.xtemp__xr2f__1__par            1.24165e-24
xr4.xtemp__xr2f__3__par            1.15003e-24
xr4.xtemp__xr2f__5__par            1.05842e-24
xr4.xtemp__xr2f__7__par            9.66805e-25
xr4.xtemp__xr2f__9__par             8.7519e-25
xr4.xtemp__xr2f__11__par           7.83575e-25
xr4.xtemp__xr2f__13__par            6.9196e-25
xr4.xtemp__xr2f__15__par           6.00346e-25
xr4.xbias__nkg__par               -1.41559e-18
xr4.xtemp__xr2f__17__par           5.08731e-25
xr4.xtemp__xr2f__19__par           4.17116e-25
xr4.xtemp__xr2f__21__par           3.25501e-25
xr4.xtemp__xr2f__23__par           2.33886e-25
xr4.xtemp__xr2t5__1__par           1.40483e-25
xr4.xbias__nb__par                 2.87925e-20
xr4.xcmp__vdda__par                9.55547e-19
xr4.xcmp__na__par                 -1.28762e-21
xr4.xcmp__cmpo__par               -6.43859e-22
xr4.xcmp__n1__par                  1.90806e-18
xr4.xcmp__tn__par                 -9.05463e-22
xr4.xcmp__sns__par                           0
xr4.xcmp__nbg__par                 1.46129e-18
xr4.xcmp__snsb__par                          0
xr4.xpor__pdn__par                -1.44676e-18
xr4.xpor__ndl__par                 3.38799e-19
xr4.xpor__ndgn__par                5.79774e-20
xr4.xpor__pgdg__par               -6.55968e-18
xr4.xpor__pgdgb__par              -1.26603e-19
xr4.xpor__nd1__par                -1.83894e-35
xr4.xpor__nnand__par                5.3872e-18
xr4.xpor__ndgp__par               -1.91293e-18
xr4.xpor__nts__par                -4.50131e-20
xr4.xpor__rstb__par               -3.47813e-18
xr4.xbias__nkm__par                4.34521e-19
xr4.xbias__nokx__par              -3.57986e-19
xr4.xbias__ks1__par               -2.76049e-19
xr4.xbias__ks2__par               -5.53853e-19
xr4.xbias__ks3__par               -8.35179e-19
xr4.xbias__ks4__par               -1.12182e-18
xr4.xbias__ec__par                 2.87943e-20
xr4.xbias__nz__par                 1.81418e-18
xr4.xpor__ndg__par                -3.38895e-18
xr4.xpor__tim__par                 7.86346e-23
xr4.xpor__trip__par                2.30451e-37
xr4.xbias__xr2__2__par            -6.65341e-26
xr4.xbias__xr2__4__par            -6.65401e-26
xr4.xbias__xr2__6__par            -6.65462e-26
xr4.xbias__xr2__8__par            -6.65522e-26
xr4.xbias__xr2__10__par           -6.65583e-26
xr4.xbias__xr2__12__par           -6.65643e-26
xr4.xbias__pg__par                -4.52321e-19
xr4.xbias__xr2__14__par           -6.65703e-26
xr4.xbias__xrz__2__par             1.81418e-18
xr4.xbias__xrt__1__par             2.87925e-20
xr4.xbias__na__par                 1.27183e-26
xr4.xbias__er__par                -6.65764e-26
xr4.xbias__nbtop__par              2.87924e-20
xr4.xbias__nbg__par               -4.32236e-19
xr4.xbias__xrz__1__par             1.81418e-18
xr4.xbias__xrz__3__par             1.81418e-18
xr4.xbias__xr1__1__par             2.87934e-20
xr4.xbias__xr2__13__par           -6.65673e-26
xr4.xbias__xr2__11__par           -6.65613e-26
xr4.xbias__xr2__1__par            -6.65311e-26
xr4.xbias__xr2__3__par            -6.65371e-26
xr4.xbias__xr2__5__par            -6.65432e-26
xr4.xbias__xr2__7__par            -6.65492e-26
xr4.xbias__xr2__9__par            -6.65552e-26
xr4.xbias__pb__par                 1.75349e-18
xr4.xbias__xr2__15__par           -6.65734e-26
xr4.bias_ok__par                   4.17427e-18
xr4.xcmp__bias_okb__par             2.6827e-18
xr4.ctat__par                      4.17734e-21
xr4.resetn__par                   -3.36293e-18
xr4.xtemp__enb__par                9.54387e-19
xr4.ibias__par                     1.10338e-19
xr4.xtemp__m1d__par               -1.56393e-18
xr4.xtemp__m2d__par                 1.2983e-18
xr4.xtemp__m3d__par               -1.01523e-18
xr4.xtemp__n1__par                 5.88144e-19
xr4.xtemp__n2__par                 3.91781e-22
xr4.xtemp__na__par                 4.17741e-21
xr4.xtemp__nb__par                -1.45789e-18
xr4.xtemp__nbg__par                1.88312e-19
xr4.xtemp__nc__par                -1.45789e-18
xr4.xtemp__nd__par                 2.44777e-18
xr4.xtemp__nr__par                 -3.3741e-19
xr4.xtemp__nt__par                  1.2369e-22
xr4.xtemp__nz__par                 3.91781e-22
xr4.xtemp__pb__par                -1.01492e-18
xr4.xtemp__pcas__par              -1.94251e-18
xr4.xtemp__pg__par                 5.61301e-24
xr4.por_raw__par                   1.01647e-18
xr4.ptat__par                      1.28746e-24
xr4.xtemp__t0__par                 3.13503e-27
xr4.xtemp__t1__par                 9.23591e-27
xr4.xtemp__t2__par                 2.12809e-26
xr4.xtemp__t3__par                 4.52058e-26
xr4.xtemp__t4__par                 9.28865e-26
xr4.xtemp__t5__par                 1.88079e-25
xr4.vdd__par                                 0
xr4.vref__par                      -6.6528e-26
xr4.vss__par                                 0
vr4#branch                        -9.77715e-27
vr3#branch                         6.14587e-27
vr2#branch                        -1.84617e-27
vr1#branch                        -9.38257e-27

 Reference value :  0.00000e+00
 Reference value :  4.95520e-07
 Reference value :  5.75554e-07
 Reference value :  6.61124e-07
 Reference value :  8.62820e-07
 Reference value :  1.23225e-06
 Reference value :  1.64306e-06
 Reference value :  1.91886e-06
 Reference value :  2.09258e-06
 Reference value :  2.11575e-06
 Reference value :  2.12052e-06
 Reference value :  2.13338e-06
 Reference value :  2.50320e-06
 Reference value :  2.98283e-06
 Reference value :  3.02917e-06
 Reference value :  3.04722e-06
 Reference value :  3.07342e-06
 Reference value :  3.67173e-06
 Reference value :  4.39796e-06
 Reference value :  5.93411e-06
 Reference value :  6.23301e-06
 Reference value :  8.79197e-06
 Reference value :  9.21725e-06
 Reference value :  9.26668e-06
 Reference value :  9.29210e-06
 Reference value :  1.01890e-05
 Reference value :  1.17630e-05
 Reference value :  1.28908e-05
 Reference value :  1.31385e-05
 Reference value :  1.31596e-05
 Reference value :  1.31915e-05
 Reference value :  1.38313e-05
 Reference value :  1.66449e-05
 Reference value :  1.78942e-05
 Reference value :  1.79544e-05
 Reference value :  1.80024e-05
 Reference value :  1.87453e-05
 Reference value :  2.24998e-05
 Reference value :  3.12748e-05
 Reference value :  3.18210e-05
 Reference value :  3.19977e-05
 Reference value :  3.26812e-05
 Reference value :  3.77406e-05
 Reference value :  3.89555e-05
 Reference value :  3.90200e-05
 Reference value :  3.90314e-05
 Reference value :  3.91105e-05
 Reference value :  4.03138e-05
 Reference value :  4.75494e-05
 Reference value :  4.78709e-05
 Reference value :  4.80297e-05
 Reference value :  4.81211e-05
 Reference value :  5.10528e-05
 Reference value :  5.73901e-05
 Reference value :  2.60684e-03
 Reference value :  4.48195e-03
 Reference value :  5.04371e-03
 Reference value :  5.32459e-03
 Reference value :  5.62669e-03
 Reference value :  5.76531e-03
 Reference value :  5.77371e-03
 Reference value :  5.78860e-03
 Reference value :  5.79789e-03
 Reference value :  5.79992e-03
 Reference value :  5.80110e-03
 Reference value :  5.80118e-03
 Reference value :  5.80142e-03
 Reference value :  5.80145e-03
 Reference value :  5.80183e-03
 Reference value :  5.80237e-03
 Reference value :  5.80293e-03
 Reference value :  5.80302e-03
 Reference value :  5.80310e-03
 Reference value :  5.80353e-03
 Reference value :  5.80402e-03
 Reference value :  5.80485e-03
 Reference value :  5.80659e-03
 Reference value :  5.80847e-03
 Reference value :  5.80857e-03
 Reference value :  5.80881e-03
 Reference value :  5.80883e-03
 Reference value :  5.80914e-03
 Reference value :  5.80967e-03
 Reference value :  5.81032e-03
 Reference value :  5.81041e-03
 Reference value :  5.81050e-03
 Reference value :  5.81101e-03
 Reference value :  5.81142e-03
 Reference value :  5.81286e-03
 Reference value :  5.81820e-03
 Reference value :  6.11164e-03
 Reference value :  2.99147e-02
 Reference value :  6.03825e-02
 Reference value :  6.04849e-02
 Reference value :  6.06978e-02
 Reference value :  6.07655e-02
 Reference value :  6.07709e-02
 Reference value :  6.07714e-02
 Reference value :  6.07717e-02
 Reference value :  6.07760e-02
 Reference value :  6.07809e-02
 Reference value :  6.07815e-02
 Reference value :  6.07818e-02
 Reference value :  6.07924e-02
 Reference value :  6.13719e-02
 Reference value :  6.14148e-02
 Reference value :  6.14431e-02
 Reference value :  6.14442e-02
 Reference value :  6.14445e-02
 Reference value :  6.14450e-02
 Reference value :  6.14598e-02
 Reference value :  6.19761e-02
 Reference value :  6.48952e-02
 Reference value :  6.51410e-02
 Reference value :  6.51422e-02
 Reference value :  6.51960e-02
 Reference value :  6.52087e-02
 Reference value :  6.52097e-02
 Reference value :  6.52101e-02
 Reference value :  6.52111e-02
 Reference value :  6.52177e-02
 Reference value :  6.52346e-02
 Reference value :  9.29485e-02
 Reference value :  1.60948e-01
 Reference value :  2.18948e-01
 Reference value :  2.58462e-01
 Reference value :  2.58506e-01
 Reference value :  2.58774e-01
 Reference value :  2.58810e-01
 Reference value :  2.58815e-01
 Reference value :  2.58816e-01
 Reference value :  2.58824e-01
 Reference value :  2.58824e-01
 Reference value :  2.58824e-01
 Reference value :  2.58824e-01
 Reference value :  2.58825e-01
 Reference value :  2.58829e-01
 Reference value :  2.58836e-01
 Reference value :  2.58842e-01
 Reference value :  2.62051e-01
 Reference value :  2.62557e-01
 Reference value :  2.62811e-01
 Reference value :  2.63020e-01
 Reference value :  2.63054e-01
 Reference value :  2.63073e-01
 Reference value :  2.63074e-01
 Reference value :  2.63075e-01
 Reference value :  2.63075e-01
 Reference value :  2.63075e-01
 Reference value :  2.63075e-01
 Reference value :  2.63075e-01
 Reference value :  2.63076e-01
 Reference value :  2.63076e-01
 Reference value :  2.63077e-01
 Reference value :  2.63077e-01
 Reference value :  2.63077e-01
 Reference value :  2.63078e-01
 Reference value :  2.63079e-01
 Reference value :  2.63081e-01
 Reference value :  2.63124e-01
 Reference value :  2.85070e-01
 Reference value :  3.43070e-01
 Reference value :  3.98000e-01
 Reference value :  4.62000e-01
 Reference value :  5.24000e-01
 Reference value :  5.86000e-01
 Reference value :  6.38000e-01
 Reference value :  6.47255e-01
 Reference value :  6.47571e-01
 Reference value :  6.47597e-01
 Reference value :  6.47598e-01
 Reference value :  6.47598e-01
 Reference value :  6.47599e-01
 Reference value :  6.47605e-01
 Reference value :  6.47606e-01
 Reference value :  6.47607e-01
 Reference value :  6.47608e-01
 Reference value :  6.47638e-01
 Reference value :  6.76893e-01
 Reference value :  7.42893e-01
 Reference value :  8.08893e-01
 Reference value :  8.74893e-01
 Reference value :  9.36893e-01
 Reference value :  9.98893e-01
 Reference value :  1.06489e+00
 Reference value :  1.13089e+00
 Reference value :  1.19689e+00
 Reference value :  1.25889e+00
 Reference value :  1.32089e+00
 Reference value :  1.38289e+00
 Reference value :  1.44689e+00
 Reference value :  1.51689e+00
 Reference value :  1.58289e+00
 Reference value :  1.64889e+00
 Reference value :  1.71289e+00
 Reference value :  1.77689e+00
 Reference value :  1.84089e+00
 Reference value :  1.90689e+00
 Reference value :  1.97089e+00
 Reference value :  2.03489e+00
 Reference value :  2.09889e+00
 Reference value :  2.16089e+00
 Reference value :  2.22689e+00
 Reference value :  2.29089e+00
 Reference value :  2.35289e+00
 Reference value :  2.41489e+00
 Reference value :  2.47889e+00
 Reference value :  2.54289e+00
 Reference value :  2.58740e+00
 Reference value :  2.58755e+00
 Reference value :  2.58758e+00
 Reference value :  2.58759e+00
 Reference value :  2.58760e+00
 Reference value :  2.58760e+00
 Reference value :  2.58760e+00
 Reference value :  2.58760e+00
 Reference value :  2.58760e+00
 Reference value :  2.58761e+00
 Reference value :  2.58764e+00
 Reference value :  2.58764e+00
 Reference value :  2.58765e+00
 Reference value :  2.58937e+00
 Reference value :  2.59165e+00
 Reference value :  2.59176e+00
 Reference value :  2.59178e+00
 Reference value :  2.59178e+00
 Reference value :  2.59178e+00
 Reference value :  2.59178e+00
 Reference value :  2.59178e+00
 Reference value :  2.59178e+00
 Reference value :  2.59178e+00
 Reference value :  2.59178e+00
 Reference value :  2.59178e+00
 Reference value :  2.59178e+00
 Reference value :  2.59178e+00
 Reference value :  2.59179e+00
 Reference value :  2.59179e+00
 Reference value :  2.59179e+00
 Reference value :  2.59179e+00
 Reference value :  2.59185e+00
 Reference value :  2.63086e+00
 Reference value :  2.69686e+00
 Reference value :  2.75886e+00
 Reference value :  2.82086e+00
 Reference value :  2.88286e+00
 Reference value :  2.94686e+00
 Reference value :  3.01286e+00
 Reference value :  3.08086e+00
 Reference value :  3.14486e+00
 Reference value :  3.21286e+00
 Reference value :  3.27686e+00
 Reference value :  3.34086e+00
 Reference value :  3.40286e+00
 Reference value :  3.46886e+00
 Reference value :  3.53486e+00
 Reference value :  3.59886e+00
 Reference value :  3.65700e+00
No. of Data Rows : 4750
trel1               =  2.59178e+00
trel1_last          =  2.59178e+00
vddrel1             =  2.59178e+00
rst1_at1v           =  3.67345e-09
rst1_at2v           =  1.93179e-09
trel2               =  2.63075e-01
trel2_last          =  2.63075e-01
vddrel2             =  2.63075e+00
rst2_at1v           =  4.09549e-09
rst2_at2v           =  2.10878e-09
trel3               =  5.80867e-03
trel3_last          =  5.80867e-03
vddrel3             =  3.63000e+00
rst3_at1v           =  4.68386e-06
rst3_at2v           =  1.96817e-06
trel4               =  5.80128e-03
trel4_last          =  5.80128e-03
vddrel4             =  3.63000e+00
rst4_at1v           =  4.73402e-05
rst4_at2v           =  1.97113e-05
vref_rel4           =  1.19725e+00
biasok_rel4         =  3.62997e+00
m_vddrel_1vs_v = 2.5917830000e+00
m_vddrel_10vs_v = 2.6307490000e+00
m_vddrel_100kvs_v = 3.6300000000e+00
m_vddrel_1mvs_v = 3.6300000000e+00
m_chatter_1vs_us = 0.0000000000e+00
m_chatter_10vs_us = 0.0000000000e+00
m_chatter_100kvs_us = 0.0000000000e+00
m_chatter_1mvs_us = 0.0000000000e+00
m_resetn_at_1v_1vs_mv = 3.6734530000e-06
m_resetn_at_2v_1vs_mv = 1.9317920000e-06
m_resetn_at_1v_10vs_mv = 4.0954880000e-06
m_resetn_at_2v_10vs_mv = 2.1087770000e-06
m_resetn_at_1v_100kvs_mv = 4.6838590000e-03
m_resetn_at_2v_100kvs_mv = 1.9681690000e-03
m_resetn_at_1v_1mvs_mv = 4.7340180000e-02
m_resetn_at_2v_1mvs_mv = 1.9711340000e-02
m_t_release_1vs_ms = 2.5917830000e+03
m_t_release_10vs_ms = 2.6307490000e+02
m_t_release_100kvs_ms = 5.8086710000e+00
m_t_release_1mvs_ms = 5.8012840000e+00
m_vref_at_rel_1mvs_v = 1.1972450000e+00
m_biasok_at_rel_1mvs_v = 3.6299730000e+00
Note: Simulation executed from .control section 

Warning: m=xx on .subckt line will override multiplier m hierarchy!

