
Note: Compatibility modes selected: hs a


Circuit: * por-ramp-rate @ res_ff_125c_2.97v -- generated by sim/harness, do not edit

Doing analysis at TEMP = 125.000000 and TNOM = 27.000000

Using SPARSE 1.3 as Direct Linear Solver

Initial Transient Solution
--------------------------

Node                                   Voltage
----                                   -------
vddr1                                        0
ptatr1                             1.18523e-25
ctatr1                             1.59489e-18
resetnr1                           1.83291e-18
xr1.xtemp__pg                      3.17543e-19
xr1.xtemp__nz                     -1.59245e-18
xr1.xbias__nbg                    -1.17312e-19
xr1.xbias__pb                      1.36704e-19
xr1.xbias__n1                      1.03191e-18
xr1.xbias__n2                      2.69775e-20
xr1.xbias__pg                     -1.12413e-18
xr1.xbias__ks1                    -1.93111e-19
xr1.xbias__ks2                     4.15577e-20
xr1.xbias__ks3                     1.10309e-19
xr1.xbias__ks4                     5.82261e-20
xr1.xbias__nkg                    -1.52104e-18
xr1.xbias__nkm                    -1.01725e-19
xr1.xbias__nokl                    7.90106e-20
xr1.xbias__noko                    3.94761e-19
xr1.xbias__nokx                    1.41574e-19
xr1.bias_ok                       -8.26176e-19
xr1.xcmp__na                      -8.17668e-19
xr1.xcmp__sns                                0
xr1.xcmp__tn                       2.35978e-20
xr1.xcmp__cmpo                     1.46049e-19
xr1.vref                           -8.2857e-19
xr1.xcmp__nbg                     -2.49636e-19
xr1.ibias                         -1.46502e-18
xr1.xcmp__bias_okb                -8.71662e-19
xr1.xcmp__snsb                               0
xr1.xcmp__n1                       -1.3887e-18
xr1.por_raw                       -1.65828e-18
xr1.xpor__pdn                      7.82244e-20
xr1.xpor__ndl                     -2.20684e-65
xr1.xpor__ndgn                    -1.47693e-18
xr1.xpor__ndg                     -9.97732e-19
xr1.xpor__pgdg                     1.59579e-18
xr1.xpor__pgdgb                   -6.22011e-19
xr1.xpor__tim                      1.94095e-21
xr1.xpor__nd1                      6.10896e-20
xr1.xpor__trip                    -5.34113e-22
xr1.xpor__rstb                     1.21793e-18
xr1.xpor__nnand                   -3.21256e-18
xr1.xtemp__n1                      5.00859e-18
xr1.xtemp__n2                     -1.59245e-18
xr1.xtemp__nbg                    -3.27198e-18
xr1.xtemp__enb                    -1.35509e-18
xr1.xtemp__pb                     -5.90348e-22
xr1.xtemp__pcas                     9.4756e-26
xr1.xtemp__nd                     -1.65477e-18
xr1.xtemp__nr                     -2.88611e-20
xr1.xtemp__nt                      1.30061e-18
xr1.xtemp__t5                      1.73146e-26
xr1.xtemp__t4                      8.55115e-27
xr1.xtemp__t3                      4.16166e-27
xr1.xtemp__t2                      1.95912e-27
xr1.xtemp__t1                       8.5026e-28
xr1.xtemp__t0                      2.88612e-28
xr1.xbias__na                      1.19565e-18
xr1.xbias__nbtop                  -1.60217e-19
xr1.xbias__nt                     -4.11737e-19
xr1.xbias__nb                     -1.60217e-19
xr1.xbias__tok                     1.58621e-19
xr1.xcmp__vdda                     5.35831e-19
xr1.xpor__ndgp                     6.09382e-19
xr1.xpor__nts                      -5.5046e-22
xr1.xtemp__na                      1.59489e-18
xr1.xtemp__nb                      3.48184e-18
xr1.xtemp__m1d                     5.12961e-20
xr1.xtemp__m2d                       3.617e-16
xr1.xtemp__m3d                    -1.70441e-19
xr1.xbias__ec                     -1.60217e-19
xr1.xbias__er                     -8.28572e-19
xr1.xtemp__nc                      3.48188e-18
xr1.xbias__nz                      2.69774e-20
xr1.x162.11                        3.48184e-18
xr1.x162.21                        3.48186e-18
xr1.xtemp__xr1__1                  3.48186e-18
xr1.x163.11                        3.48188e-18
xr1.x163.21                        3.48186e-18
xr1.x164.11                        1.59489e-18
xr1.x164.21                        1.59489e-18
xr1.xtemp__xriso__1                1.59489e-18
xr1.x165.11                        1.59489e-18
xr1.x165.21                        1.59489e-18
xr1.x166.11                       -1.59245e-18
xr1.x166.21                       -1.59245e-18
xr1.xtemp__xrz__1                 -1.59245e-18
xr1.xtemp__xrz__2                 -1.59245e-18
xr1.x167.11                       -1.59245e-18
xr1.x167.21                       -1.59245e-18
xr1.x168.11                       -1.59245e-18
xr1.x168.21                       -1.59245e-18
xr1.xtemp__xrz__3                 -1.59245e-18
xr1.xtemp__xrz__4                 -1.59245e-18
xr1.x169.11                       -1.59245e-18
xr1.x169.21                       -1.59245e-18
xr1.x170.11                       -1.59245e-18
xr1.x170.21                       -1.59245e-18
xr1.xtemp__xrz__5                 -1.59245e-18
xr1.xtemp__xrz__6                 -1.59245e-18
xr1.x171.11                       -1.59245e-18
xr1.x171.21                       -1.59245e-18
xr1.x172.11                       -1.59245e-18
xr1.x172.21                       -1.59245e-18
xr1.xtemp__xrz__7                 -1.59245e-18
xr1.xtemp__xrz__8                 -1.59245e-18
xr1.x173.11                       -1.59245e-18
xr1.x173.21                       -1.59245e-18
xr1.x174.11                       -1.59245e-18
xr1.x174.21                       -1.59245e-18
xr1.xtemp__xrz__9                 -1.59245e-18
xr1.x175.11                       -1.59245e-18
xr1.x175.21                       -1.59245e-18
xr1.x176.11                        1.18516e-25
xr1.x176.21                        1.14313e-25
xr1.xtemp__xr2f__1                 1.14306e-25
xr1.xtemp__xr2f__2                 1.10089e-25
xr1.x177.11                        1.10096e-25
xr1.x177.21                        1.14299e-25
xr1.x178.11                        1.10082e-25
xr1.x178.21                        1.05879e-25
xr1.xtemp__xr2f__3                 1.05872e-25
xr1.xtemp__xr2f__4                 1.01655e-25
xr1.x179.11                        1.01662e-25
xr1.x179.21                        1.05865e-25
xr1.x180.11                        1.01648e-25
xr1.x180.21                        9.74453e-26
xr1.xtemp__xr2f__5                 9.74383e-26
xr1.xtemp__xr2f__6                 9.32213e-26
xr1.x181.11                        9.32283e-26
xr1.x181.21                        9.74313e-26
xr1.x182.11                        9.32142e-26
xr1.x182.21                        8.90112e-26
xr1.xtemp__xr2f__7                 8.90042e-26
xr1.xtemp__xr2f__8                 8.47872e-26
xr1.x183.11                        8.47942e-26
xr1.x183.21                        8.89972e-26
xr1.x184.11                        8.47801e-26
xr1.x184.21                        8.05772e-26
xr1.xtemp__xr2f__9                 8.05701e-26
xr1.xtemp__xr2f__10                7.63531e-26
xr1.x185.11                        7.63601e-26
xr1.x185.21                        8.05631e-26
xr1.x186.11                        7.63461e-26
xr1.x186.21                        7.21431e-26
xr1.xtemp__xr2f__11                7.21361e-26
xr1.xtemp__xr2f__12                 6.7919e-26
xr1.x187.11                        6.79261e-26
xr1.x187.21                         7.2129e-26
xr1.x188.11                         6.7912e-26
xr1.x188.21                         6.3709e-26
xr1.xtemp__xr2f__13                 6.3702e-26
xr1.xtemp__xr2f__14                 5.9485e-26
xr1.x189.11                         5.9492e-26
xr1.x189.21                         6.3695e-26
xr1.x190.11                        5.94779e-26
xr1.x190.21                        5.52749e-26
xr1.xtemp__xr2f__15                5.52679e-26
xr1.xtemp__xr2f__16                5.10509e-26
xr1.x191.11                        5.10579e-26
xr1.x191.21                        5.52609e-26
xr1.x192.11                        5.10438e-26
xr1.x192.21                        4.68409e-26
xr1.xtemp__xr2f__17                4.68338e-26
xr1.xtemp__xr2f__18                4.26168e-26
xr1.x193.11                        4.26238e-26
xr1.x193.21                        4.68268e-26
xr1.x194.11                        4.26098e-26
xr1.x194.21                        3.84068e-26
xr1.xtemp__xr2f__19                3.83998e-26
xr1.xtemp__xr2f__20                3.41827e-26
xr1.x195.11                        3.41898e-26
xr1.x195.21                        3.83927e-26
xr1.x196.11                        3.41757e-26
xr1.x196.21                        2.99727e-26
xr1.xtemp__xr2f__21                2.99657e-26
xr1.xtemp__xr2f__22                2.57486e-26
xr1.x197.11                        2.57557e-26
xr1.x197.21                        2.99587e-26
xr1.x198.11                        2.57416e-26
xr1.x198.21                        2.15386e-26
xr1.xtemp__xr2f__23                2.15316e-26
xr1.x199.11                        1.73216e-26
xr1.x199.21                        2.15246e-26
xr1.x200.11                        1.73075e-26
xr1.x200.21                        1.29399e-26
xr1.xtemp__xr2t5__1                1.29329e-26
xr1.x201.11                        8.55818e-27
xr1.x201.21                        1.29258e-26
xr1.x202.11                        8.54412e-27
xr1.x202.21                        6.36343e-27
xr1.xtemp__xr2t4__1                 6.3564e-27
xr1.x203.11                        4.16869e-27
xr1.x203.21                        6.34937e-27
xr1.x204.11                        4.15462e-27
xr1.x204.21                        3.06742e-27
xr1.xtemp__xr2t3__1                3.06039e-27
xr1.x205.11                        1.96615e-27
xr1.x205.21                        3.05336e-27
xr1.x206.11                        1.95209e-27
xr1.x206.21                        1.41172e-27
xr1.xtemp__xr2t2__1                1.40469e-27
xr1.x207.11                        8.57292e-28
xr1.x207.21                        1.39766e-27
xr1.x208.11                        8.43228e-28
xr1.x208.21                        5.76468e-28
xr1.xtemp__xr2t1__1                5.69436e-28
xr1.x209.11                        2.95643e-28
xr1.x209.21                        5.62404e-28
xr1.x210.11                         2.8158e-28
xr1.x210.21                        1.51338e-28
xr1.xtemp__xr2t0__1                1.44306e-28
xr1.x211.11                        7.03175e-30
xr1.x211.21                        1.37274e-28
xr1.x212.11                                  0
xr1.x212.21                                  0
xr1.x213.11                                  0
xr1.x213.21                                  0
xr1.x214.11                                  0
xr1.x214.21                                  0
xr1.x215.11                        -8.2857e-19
xr1.x215.21                        -8.2857e-19
xr1.xbias__xr2__1                  -8.2857e-19
xr1.xbias__xr2__2                  -8.2857e-19
xr1.x216.11                        -8.2857e-19
xr1.x216.21                        -8.2857e-19
xr1.x217.11                        -8.2857e-19
xr1.x217.21                        -8.2857e-19
xr1.xbias__xr2__3                  -8.2857e-19
xr1.xbias__xr2__4                  -8.2857e-19
xr1.x218.11                        -8.2857e-19
xr1.x218.21                        -8.2857e-19
xr1.x219.11                        -8.2857e-19
xr1.x219.21                        -8.2857e-19
xr1.xbias__xr2__5                  -8.2857e-19
xr1.xbias__xr2__6                 -8.28571e-19
xr1.x220.11                       -8.28571e-19
xr1.x220.21                        -8.2857e-19
xr1.x221.11                       -8.28571e-19
xr1.x221.21                       -8.28571e-19
xr1.xbias__xr2__7                 -8.28571e-19
xr1.xbias__xr2__8                 -8.28571e-19
xr1.x222.11                       -8.28571e-19
xr1.x222.21                       -8.28571e-19
xr1.x223.11                       -8.28571e-19
xr1.x223.21                       -8.28571e-19
xr1.xbias__xr2__9                 -8.28571e-19
xr1.xbias__xr2__10                -8.28571e-19
xr1.x224.11                       -8.28571e-19
xr1.x224.21                       -8.28571e-19
xr1.x225.11                       -8.28571e-19
xr1.x225.21                       -8.28571e-19
xr1.xbias__xr2__11                -8.28571e-19
xr1.xbias__xr2__12                -8.28571e-19
xr1.x226.11                       -8.28571e-19
xr1.x226.21                       -8.28571e-19
xr1.x227.11                       -8.28571e-19
xr1.x227.21                       -8.28571e-19
xr1.xbias__xr2__13                -8.28571e-19
xr1.xbias__xr2__14                -8.28571e-19
xr1.x228.11                       -8.28571e-19
xr1.x228.21                       -8.28571e-19
xr1.x229.11                       -8.28571e-19
xr1.x229.21                       -8.28572e-19
xr1.xbias__xr2__15                -8.28572e-19
xr1.x230.11                       -8.28572e-19
xr1.x230.21                       -8.28572e-19
xr1.x231.11                        2.69774e-20
xr1.x231.21                        2.69774e-20
xr1.xbias__xrz__1                  2.69774e-20
xr1.xbias__xrz__2                  2.69775e-20
xr1.x232.11                        2.69775e-20
xr1.x232.21                        2.69774e-20
xr1.x233.11                        2.69775e-20
xr1.x233.21                        2.69775e-20
xr1.xbias__xrz__3                  2.69775e-20
xr1.x234.11                        2.69775e-20
xr1.x234.21                        2.69775e-20
xr1.x235.11                       -1.60217e-19
xr1.x235.21                       -1.60217e-19
xr1.xbias__xr1__1                 -1.60217e-19
xr1.x236.11                       -1.60217e-19
xr1.x236.21                       -1.60217e-19
xr1.x237.11                       -1.60217e-19
xr1.x237.21                       -1.60217e-19
xr1.xbias__xrt__1                 -1.60217e-19
xr1.x238.11                       -1.60217e-19
xr1.x238.21                       -1.60217e-19
xr1.xbias__nt__par                -4.11737e-19
xr1.xtemp__xrz__2__par            -1.59245e-18
xr1.xtemp__xrz__4__par            -1.59245e-18
xr1.xtemp__xrz__6__par            -1.59245e-18
xr1.xtemp__xrz__8__par            -1.59245e-18
xr1.xbias__n1__par                 1.03191e-18
xr1.xtemp__xr2f__2__par            1.10089e-25
xr1.xtemp__xr2f__4__par            1.01655e-25
xr1.xtemp__xr2f__6__par            9.32213e-26
xr1.xtemp__xr2f__8__par            8.47872e-26
xr1.xtemp__xr2f__10__par           7.63531e-26
xr1.xtemp__xr2f__12__par            6.7919e-26
xr1.xtemp__xr2f__14__par            5.9485e-26
xr1.xtemp__xr2f__16__par           5.10509e-26
xr1.xtemp__xr2f__18__par           4.26168e-26
xr1.xtemp__xr2f__20__par           3.41827e-26
xr1.xbias__n2__par                 2.69775e-20
xr1.xtemp__xr2f__22__par           2.57486e-26
xr1.xtemp__xr2t0__1__par           1.44306e-28
xr1.xtemp__xr2t1__1__par           5.69436e-28
xr1.xbias__tok__par                1.58621e-19
xr1.xtemp__xr2t2__1__par           1.40469e-27
xr1.xtemp__xr2t3__1__par           3.06039e-27
xr1.xbias__noko__par               3.94761e-19
xr1.xtemp__xriso__1__par           1.59489e-18
xr1.xtemp__xr2t4__1__par            6.3564e-27
xr1.xtemp__xr1__1__par             3.48186e-18
xr1.xtemp__xrz__1__par            -1.59245e-18
xr1.xtemp__xrz__3__par            -1.59245e-18
xr1.xtemp__xrz__5__par            -1.59245e-18
xr1.xbias__nokl__par               7.90106e-20
xr1.xtemp__xrz__7__par            -1.59245e-18
xr1.xtemp__xrz__9__par            -1.59245e-18
xr1.xtemp__xr2f__1__par            1.14306e-25
xr1.xtemp__xr2f__3__par            1.05872e-25
xr1.xtemp__xr2f__5__par            9.74383e-26
xr1.xtemp__xr2f__7__par            8.90042e-26
xr1.xtemp__xr2f__9__par            8.05701e-26
xr1.xtemp__xr2f__11__par           7.21361e-26
xr1.xtemp__xr2f__13__par            6.3702e-26
xr1.xtemp__xr2f__15__par           5.52679e-26
xr1.xbias__nkg__par               -1.52104e-18
xr1.xtemp__xr2f__17__par           4.68338e-26
xr1.xtemp__xr2f__19__par           3.83998e-26
xr1.xtemp__xr2f__21__par           2.99657e-26
xr1.xtemp__xr2f__23__par           2.15316e-26
xr1.xtemp__xr2t5__1__par           1.29329e-26
xr1.xbias__nb__par                -1.60217e-19
xr1.xcmp__vdda__par                5.35831e-19
xr1.xcmp__na__par                 -8.17668e-19
xr1.xcmp__cmpo__par                1.46049e-19
xr1.xcmp__n1__par                  -1.3887e-18
xr1.xcmp__tn__par                  2.35978e-20
xr1.xcmp__sns__par                           0
xr1.xcmp__nbg__par                -2.49636e-19
xr1.xcmp__snsb__par                          0
xr1.xpor__pdn__par                 7.82244e-20
xr1.xpor__ndl__par                -2.20684e-65
xr1.xpor__ndgn__par               -1.47693e-18
xr1.xpor__pgdg__par                1.59579e-18
xr1.xpor__pgdgb__par              -6.22011e-19
xr1.xpor__nd1__par                 6.10896e-20
xr1.xpor__nnand__par              -3.21256e-18
xr1.xpor__ndgp__par                6.09382e-19
xr1.xpor__nts__par                 -5.5046e-22
xr1.xpor__rstb__par                1.21793e-18
xr1.xbias__nkm__par               -1.01725e-19
xr1.xbias__nokx__par               1.41574e-19
xr1.xbias__ks1__par               -1.93111e-19
xr1.xbias__ks2__par                4.15577e-20
xr1.xbias__ks3__par                1.10309e-19
xr1.xbias__ks4__par                5.82261e-20
xr1.xbias__ec__par                -1.60217e-19
xr1.xbias__nz__par                 2.69774e-20
xr1.xpor__ndg__par                -9.97732e-19
xr1.xpor__tim__par                 1.94095e-21
xr1.xpor__trip__par               -5.34113e-22
xr1.xbias__xr2__2__par             -8.2857e-19
xr1.xbias__xr2__4__par             -8.2857e-19
xr1.xbias__xr2__6__par            -8.28571e-19
xr1.xbias__xr2__8__par            -8.28571e-19
xr1.xbias__xr2__10__par           -8.28571e-19
xr1.xbias__xr2__12__par           -8.28571e-19
xr1.xbias__pg__par                -1.12413e-18
xr1.xbias__xr2__14__par           -8.28571e-19
xr1.xbias__xrz__2__par             2.69775e-20
xr1.xbias__xrt__1__par            -1.60217e-19
xr1.xbias__na__par                 1.19565e-18
xr1.xbias__er__par                -8.28572e-19
xr1.xbias__nbtop__par             -1.60217e-19
xr1.xbias__nbg__par               -1.17312e-19
xr1.xbias__xrz__1__par             2.69774e-20
xr1.xbias__xrz__3__par             2.69775e-20
xr1.xbias__xr1__1__par            -1.60217e-19
xr1.xbias__xr2__13__par           -8.28571e-19
xr1.xbias__xr2__11__par           -8.28571e-19
xr1.xbias__xr2__1__par             -8.2857e-19
xr1.xbias__xr2__3__par             -8.2857e-19
xr1.xbias__xr2__5__par             -8.2857e-19
xr1.xbias__xr2__7__par            -8.28571e-19
xr1.xbias__xr2__9__par            -8.28571e-19
xr1.xbias__pb__par                 1.36704e-19
xr1.xbias__xr2__15__par           -8.28572e-19
xr1.bias_ok__par                  -8.26176e-19
xr1.xcmp__bias_okb__par           -8.71662e-19
xr1.ctat__par                      1.59489e-18
xr1.resetn__par                    1.83291e-18
xr1.xtemp__enb__par               -1.35509e-18
xr1.ibias__par                    -1.46502e-18
xr1.xtemp__m1d__par                5.12961e-20
xr1.xtemp__m2d__par                  3.617e-16
xr1.xtemp__m3d__par               -1.70441e-19
xr1.xtemp__n1__par                 5.00859e-18
xr1.xtemp__n2__par                -1.59245e-18
xr1.xtemp__na__par                 1.59489e-18
xr1.xtemp__nb__par                 3.48184e-18
xr1.xtemp__nbg__par               -3.27198e-18
xr1.xtemp__nc__par                 3.48188e-18
xr1.xtemp__nd__par                -1.65477e-18
xr1.xtemp__nr__par                -2.88611e-20
xr1.xtemp__nt__par                 1.30061e-18
xr1.xtemp__nz__par                -1.59245e-18
xr1.xtemp__pb__par                -5.90348e-22
xr1.xtemp__pcas__par                9.4756e-26
xr1.xtemp__pg__par                 3.17543e-19
xr1.por_raw__par                  -1.65828e-18
xr1.ptat__par                      1.18523e-25
xr1.xtemp__t0__par                 2.88612e-28
xr1.xtemp__t1__par                  8.5026e-28
xr1.xtemp__t2__par                 1.95912e-27
xr1.xtemp__t3__par                 4.16166e-27
xr1.xtemp__t4__par                 8.55115e-27
xr1.xtemp__t5__par                 1.73146e-26
xr1.vdd__par                                 0
xr1.vref__par                      -8.2857e-19
xr1.vss__par                                 0
vddr2                                        0
ptatr2                             2.08664e-25
ctatr2                             1.42368e-18
resetnr2                           1.80613e-18
xr2.xtemp__pg                     -9.51046e-25
xr2.xtemp__nz                      9.49289e-19
xr2.xbias__nbg                     1.45169e-19
xr2.xbias__pb                     -7.30349e-21
xr2.xbias__n1                      8.84155e-19
xr2.xbias__n2                     -7.00075e-19
xr2.xbias__pg                     -1.03711e-18
xr2.xbias__ks1                    -4.23987e-19
xr2.xbias__ks2                     3.12773e-19
xr2.xbias__ks3                    -1.56061e-20
xr2.xbias__ks4                    -1.52639e-19
xr2.xbias__nkg                     1.30251e-18
xr2.xbias__nkm                    -3.48533e-19
xr2.xbias__nokl                   -6.26181e-19
xr2.xbias__noko                     3.8814e-19
xr2.xbias__nokx                    5.70891e-19
xr2.bias_ok                       -1.10239e-18
xr2.xcmp__na                       3.60665e-20
xr2.xcmp__sns                                0
xr2.xcmp__tn                        4.3271e-21
xr2.xcmp__cmpo                      6.9439e-20
xr2.vref                          -7.05452e-19
xr2.xcmp__nbg                      1.59276e-18
xr2.ibias                          1.17812e-18
xr2.xcmp__bias_okb                -5.84919e-19
xr2.xcmp__snsb                               0
xr2.xcmp__n1                      -9.56789e-19
xr2.por_raw                        6.00499e-19
xr2.xpor__pdn                     -2.12961e-20
xr2.xpor__ndl                     -1.09069e-50
xr2.xpor__ndgn                     1.07846e-18
xr2.xpor__ndg                     -2.60313e-19
xr2.xpor__pgdg                     1.72031e-18
xr2.xpor__pgdgb                     2.9569e-19
xr2.xpor__tim                      2.17759e-22
xr2.xpor__nd1                     -4.60823e-21
xr2.xpor__trip                    -1.02671e-18
xr2.xpor__rstb                     1.48514e-18
xr2.xpor__nnand                   -1.59483e-18
xr2.xtemp__n1                      4.35705e-19
xr2.xtemp__n2                      9.49289e-19
xr2.xtemp__nbg                     1.39513e-18
xr2.xtemp__enb                     1.62406e-19
xr2.xtemp__pb                      6.29561e-19
xr2.xtemp__pcas                   -2.50349e-19
xr2.xtemp__nd                      1.25572e-18
xr2.xtemp__nr                       5.8975e-20
xr2.xtemp__nt                      3.07255e-19
xr2.xtemp__t5                      3.04829e-26
xr2.xtemp__t4                      1.50546e-26
xr2.xtemp__t3                      7.32673e-27
xr2.xtemp__t2                       3.4491e-27
xr2.xtemp__t1                      1.49691e-27
xr2.xtemp__t0                       5.0811e-28
xr2.xbias__na                      1.54356e-19
xr2.xbias__nbtop                   2.94941e-19
xr2.xbias__nt                      3.43999e-19
xr2.xbias__nb                      2.94941e-19
xr2.xbias__tok                    -1.19108e-19
xr2.xcmp__vdda                    -6.26425e-19
xr2.xpor__ndgp                    -6.15284e-19
xr2.xpor__nts                     -3.37347e-22
xr2.xtemp__na                      1.42368e-18
xr2.xtemp__nb                      -1.1516e-18
xr2.xtemp__m1d                     9.13279e-20
xr2.xtemp__m2d                     5.35247e-19
xr2.xtemp__m3d                    -3.00067e-19
xr2.xbias__ec                      2.94941e-19
xr2.xbias__er                     -7.05454e-19
xr2.xtemp__nc                      -1.1516e-18
xr2.xbias__nz                     -7.00075e-19
xr2.x162.11                        -1.1516e-18
xr2.x162.21                        -1.1516e-18
xr2.xtemp__xr1__1                  -1.1516e-18
xr2.x163.11                        -1.1516e-18
xr2.x163.21                        -1.1516e-18
xr2.x164.11                        1.42368e-18
xr2.x164.21                        1.42368e-18
xr2.xtemp__xriso__1                1.42368e-18
xr2.x165.11                        1.42368e-18
xr2.x165.21                        1.42368e-18
xr2.x166.11                        9.49289e-19
xr2.x166.21                        9.49289e-19
xr2.xtemp__xrz__1                  9.49289e-19
xr2.xtemp__xrz__2                  9.49289e-19
xr2.x167.11                        9.49289e-19
xr2.x167.21                        9.49289e-19
xr2.x168.11                        9.49289e-19
xr2.x168.21                        9.49289e-19
xr2.xtemp__xrz__3                  9.49289e-19
xr2.xtemp__xrz__4                  9.49289e-19
xr2.x169.11                        9.49289e-19
xr2.x169.21                        9.49289e-19
xr2.x170.11                        9.49289e-19
xr2.x170.21                        9.49289e-19
xr2.xtemp__xrz__5                  9.49289e-19
xr2.xtemp__xrz__6                  9.49289e-19
xr2.x171.11                        9.49289e-19
xr2.x171.21                        9.49289e-19
xr2.x172.11                        9.49289e-19
xr2.x172.21                        9.49289e-19
xr2.xtemp__xrz__7                  9.49289e-19
xr2.xtemp__xrz__8                  9.49289e-19
xr2.x173.11                        9.49289e-19
xr2.x173.21                        9.49289e-19
xr2.x174.11                        9.49289e-19
xr2.x174.21                        9.49289e-19
xr2.xtemp__xrz__9                  9.49289e-19
xr2.x175.11                        9.49289e-19
xr2.x175.21                        9.49289e-19
xr2.x176.11                        2.08652e-25
xr2.x176.21                        2.01253e-25
xr2.xtemp__xr2f__1                  2.0124e-25
xr2.xtemp__xr2f__2                 1.93816e-25
xr2.x177.11                        1.93828e-25
xr2.x177.21                        2.01228e-25
xr2.x178.11                        1.93804e-25
xr2.x178.21                        1.86404e-25
xr2.xtemp__xr2f__3                 1.86392e-25
xr2.xtemp__xr2f__4                 1.78968e-25
xr2.x179.11                         1.7898e-25
xr2.x179.21                        1.86379e-25
xr2.x180.11                        1.78955e-25
xr2.x180.21                        1.71556e-25
xr2.xtemp__xr2f__5                 1.71543e-25
xr2.xtemp__xr2f__6                 1.64119e-25
xr2.x181.11                        1.64131e-25
xr2.x181.21                        1.71531e-25
xr2.x182.11                        1.64107e-25
xr2.x182.21                        1.56707e-25
xr2.xtemp__xr2f__7                 1.56695e-25
xr2.xtemp__xr2f__8                 1.49271e-25
xr2.x183.11                        1.49283e-25
xr2.x183.21                        1.56682e-25
xr2.x184.11                        1.49258e-25
xr2.x184.21                        1.41859e-25
xr2.xtemp__xr2f__9                 1.41846e-25
xr2.xtemp__xr2f__10                1.34422e-25
xr2.x185.11                        1.34435e-25
xr2.x185.21                        1.41834e-25
xr2.x186.11                         1.3441e-25
xr2.x186.21                         1.2701e-25
xr2.xtemp__xr2f__11                1.26998e-25
xr2.xtemp__xr2f__12                1.19574e-25
xr2.x187.11                        1.19586e-25
xr2.x187.21                        1.26986e-25
xr2.x188.11                        1.19561e-25
xr2.x188.21                        1.12162e-25
xr2.xtemp__xr2f__13                1.12149e-25
xr2.xtemp__xr2f__14                1.04725e-25
xr2.x189.11                        1.04738e-25
xr2.x189.21                        1.12137e-25
xr2.x190.11                        1.04713e-25
xr2.x190.21                        9.73133e-26
xr2.xtemp__xr2f__15                 9.7301e-26
xr2.xtemp__xr2f__16                8.98767e-26
xr2.x191.11                        8.98891e-26
xr2.x191.21                        9.72886e-26
xr2.x192.11                        8.98643e-26
xr2.x192.21                        8.24649e-26
xr2.xtemp__xr2f__17                8.24525e-26
xr2.xtemp__xr2f__18                7.50283e-26
xr2.x193.11                        7.50406e-26
xr2.x193.21                        8.24401e-26
xr2.x194.11                        7.50159e-26
xr2.x194.21                        6.76164e-26
xr2.xtemp__xr2f__19                 6.7604e-26
xr2.xtemp__xr2f__20                6.01798e-26
xr2.x195.11                        6.01922e-26
xr2.x195.21                        6.75917e-26
xr2.x196.11                        6.01674e-26
xr2.x196.21                        5.27679e-26
xr2.xtemp__xr2f__21                5.27556e-26
xr2.xtemp__xr2f__22                4.53313e-26
xr2.x197.11                        4.53437e-26
xr2.x197.21                        5.27432e-26
xr2.x198.11                         4.5319e-26
xr2.x198.21                        3.79195e-26
xr2.xtemp__xr2f__23                3.79071e-26
xr2.x199.11                        3.04952e-26
xr2.x199.21                        3.78947e-26
xr2.x200.11                        3.04705e-26
xr2.x200.21                        2.27811e-26
xr2.xtemp__xr2t5__1                2.27687e-26
xr2.x201.11                         1.5067e-26
xr2.x201.21                        2.27563e-26
xr2.x202.11                        1.50422e-26
xr2.x202.21                         1.1203e-26
xr2.xtemp__xr2t4__1                1.11907e-26
xr2.x203.11                        7.33911e-27
xr2.x203.21                        1.11783e-26
xr2.x204.11                        7.31435e-27
xr2.x204.21                        5.40029e-27
xr2.xtemp__xr2t3__1                5.38791e-27
xr2.x205.11                        3.46148e-27
xr2.x205.21                        5.37553e-27
xr2.x206.11                        3.43672e-27
xr2.x206.21                        2.48538e-27
xr2.xtemp__xr2t2__1                2.47301e-27
xr2.x207.11                        1.50929e-27
xr2.x207.21                        2.46063e-27
xr2.x208.11                        1.48453e-27
xr2.x208.21                        1.01489e-27
xr2.xtemp__xr2t1__1                1.00251e-27
xr2.x209.11                         5.2049e-28
xr2.x209.21                        9.90131e-28
xr2.x210.11                        4.95731e-28
xr2.x210.21                        2.66435e-28
xr2.xtemp__xr2t0__1                2.54055e-28
xr2.x211.11                        1.23796e-29
xr2.x211.21                        2.41675e-28
xr2.x212.11                                  0
xr2.x212.21                                  0
xr2.x213.11                                  0
xr2.x213.21                                  0
xr2.x214.11                                  0
xr2.x214.21                                  0
xr2.x215.11                       -7.05452e-19
xr2.x215.21                       -7.05452e-19
xr2.xbias__xr2__1                 -7.05452e-19
xr2.xbias__xr2__2                 -7.05452e-19
xr2.x216.11                       -7.05452e-19
xr2.x216.21                       -7.05452e-19
xr2.x217.11                       -7.05452e-19
xr2.x217.21                       -7.05453e-19
xr2.xbias__xr2__3                 -7.05453e-19
xr2.xbias__xr2__4                 -7.05453e-19
xr2.x218.11                       -7.05453e-19
xr2.x218.21                       -7.05453e-19
xr2.x219.11                       -7.05453e-19
xr2.x219.21                       -7.05453e-19
xr2.xbias__xr2__5                 -7.05453e-19
xr2.xbias__xr2__6                 -7.05453e-19
xr2.x220.11                       -7.05453e-19
xr2.x220.21                       -7.05453e-19
xr2.x221.11                       -7.05453e-19
xr2.x221.21                       -7.05453e-19
xr2.xbias__xr2__7                 -7.05453e-19
xr2.xbias__xr2__8                 -7.05453e-19
xr2.x222.11                       -7.05453e-19
xr2.x222.21                       -7.05453e-19
xr2.x223.11                       -7.05453e-19
xr2.x223.21                       -7.05453e-19
xr2.xbias__xr2__9                 -7.05453e-19
xr2.xbias__xr2__10                -7.05453e-19
xr2.x224.11                       -7.05453e-19
xr2.x224.21                       -7.05453e-19
xr2.x225.11                       -7.05453e-19
xr2.x225.21                       -7.05453e-19
xr2.xbias__xr2__11                -7.05453e-19
xr2.xbias__xr2__12                -7.05453e-19
xr2.x226.11                       -7.05453e-19
xr2.x226.21                       -7.05453e-19
xr2.x227.11                       -7.05453e-19
xr2.x227.21                       -7.05453e-19
xr2.xbias__xr2__13                -7.05453e-19
xr2.xbias__xr2__14                -7.05454e-19
xr2.x228.11                       -7.05454e-19
xr2.x228.21                       -7.05453e-19
xr2.x229.11                       -7.05454e-19
xr2.x229.21                       -7.05454e-19
xr2.xbias__xr2__15                -7.05454e-19
xr2.x230.11                       -7.05454e-19
xr2.x230.21                       -7.05454e-19
xr2.x231.11                       -7.00075e-19
xr2.x231.21                       -7.00075e-19
xr2.xbias__xrz__1                 -7.00075e-19
xr2.xbias__xrz__2                 -7.00075e-19
xr2.x232.11                       -7.00075e-19
xr2.x232.21                       -7.00075e-19
xr2.x233.11                       -7.00075e-19
xr2.x233.21                       -7.00075e-19
xr2.xbias__xrz__3                 -7.00075e-19
xr2.x234.11                       -7.00075e-19
xr2.x234.21                       -7.00075e-19
xr2.x235.11                        2.94941e-19
xr2.x235.21                        2.94941e-19
xr2.xbias__xr1__1                  2.94941e-19
xr2.x236.11                        2.94941e-19
xr2.x236.21                        2.94941e-19
xr2.x237.11                        2.94941e-19
xr2.x237.21                        2.94941e-19
xr2.xbias__xrt__1                  2.94941e-19
xr2.x238.11                        2.94941e-19
xr2.x238.21                        2.94941e-19
xr2.xbias__nt__par                 3.43999e-19
xr2.xtemp__xrz__2__par             9.49289e-19
xr2.xtemp__xrz__4__par             9.49289e-19
xr2.xtemp__xrz__6__par             9.49289e-19
xr2.xtemp__xrz__8__par             9.49289e-19
xr2.xbias__n1__par                 8.84155e-19
xr2.xtemp__xr2f__2__par            1.93816e-25
xr2.xtemp__xr2f__4__par            1.78968e-25
xr2.xtemp__xr2f__6__par            1.64119e-25
xr2.xtemp__xr2f__8__par            1.49271e-25
xr2.xtemp__xr2f__10__par           1.34422e-25
xr2.xtemp__xr2f__12__par           1.19574e-25
xr2.xtemp__xr2f__14__par           1.04725e-25
xr2.xtemp__xr2f__16__par           8.98767e-26
xr2.xtemp__xr2f__18__par           7.50283e-26
xr2.xtemp__xr2f__20__par           6.01798e-26
xr2.xbias__n2__par                -7.00075e-19
xr2.xtemp__xr2f__22__par           4.53313e-26
xr2.xtemp__xr2t0__1__par           2.54055e-28
xr2.xtemp__xr2t1__1__par           1.00251e-27
xr2.xbias__tok__par               -1.19108e-19
xr2.xtemp__xr2t2__1__par           2.47301e-27
xr2.xtemp__xr2t3__1__par           5.38791e-27
xr2.xbias__noko__par                3.8814e-19
xr2.xtemp__xriso__1__par           1.42368e-18
xr2.xtemp__xr2t4__1__par           1.11907e-26
xr2.xtemp__xr1__1__par             -1.1516e-18
xr2.xtemp__xrz__1__par             9.49289e-19
xr2.xtemp__xrz__3__par             9.49289e-19
xr2.xtemp__xrz__5__par             9.49289e-19
xr2.xbias__nokl__par              -6.26181e-19
xr2.xtemp__xrz__7__par             9.49289e-19
xr2.xtemp__xrz__9__par             9.49289e-19
xr2.xtemp__xr2f__1__par             2.0124e-25
xr2.xtemp__xr2f__3__par            1.86392e-25
xr2.xtemp__xr2f__5__par            1.71543e-25
xr2.xtemp__xr2f__7__par            1.56695e-25
xr2.xtemp__xr2f__9__par            1.41846e-25
xr2.xtemp__xr2f__11__par           1.26998e-25
xr2.xtemp__xr2f__13__par           1.12149e-25
xr2.xtemp__xr2f__15__par            9.7301e-26
xr2.xbias__nkg__par                1.30251e-18
xr2.xtemp__xr2f__17__par           8.24525e-26
xr2.xtemp__xr2f__19__par            6.7604e-26
xr2.xtemp__xr2f__21__par           5.27556e-26
xr2.xtemp__xr2f__23__par           3.79071e-26
xr2.xtemp__xr2t5__1__par           2.27687e-26
xr2.xbias__nb__par                 2.94941e-19
xr2.xcmp__vdda__par               -6.26425e-19
xr2.xcmp__na__par                  3.60665e-20
xr2.xcmp__cmpo__par                 6.9439e-20
xr2.xcmp__n1__par                 -9.56789e-19
xr2.xcmp__tn__par                   4.3271e-21
xr2.xcmp__sns__par                           0
xr2.xcmp__nbg__par                 1.59276e-18
xr2.xcmp__snsb__par                          0
xr2.xpor__pdn__par                -2.12961e-20
xr2.xpor__ndl__par                -1.09069e-50
xr2.xpor__ndgn__par                1.07846e-18
xr2.xpor__pgdg__par                1.72031e-18
xr2.xpor__pgdgb__par                2.9569e-19
xr2.xpor__nd1__par                -4.60823e-21
xr2.xpor__nnand__par              -1.59483e-18
xr2.xpor__ndgp__par               -6.15284e-19
xr2.xpor__nts__par                -3.37347e-22
xr2.xpor__rstb__par                1.48514e-18
xr2.xbias__nkm__par               -3.48533e-19
xr2.xbias__nokx__par               5.70891e-19
xr2.xbias__ks1__par               -4.23987e-19
xr2.xbias__ks2__par                3.12773e-19
xr2.xbias__ks3__par               -1.56061e-20
xr2.xbias__ks4__par               -1.52639e-19
xr2.xbias__ec__par                 2.94941e-19
xr2.xbias__nz__par                -7.00075e-19
xr2.xpor__ndg__par                -2.60313e-19
xr2.xpor__tim__par                 2.17759e-22
xr2.xpor__trip__par               -1.02671e-18
xr2.xbias__xr2__2__par            -7.05452e-19
xr2.xbias__xr2__4__par            -7.05453e-19
xr2.xbias__xr2__6__par            -7.05453e-19
xr2.xbias__xr2__8__par            -7.05453e-19
xr2.xbias__xr2__10__par           -7.05453e-19
xr2.xbias__xr2__12__par           -7.05453e-19
xr2.xbias__pg__par                -1.03711e-18
xr2.xbias__xr2__14__par           -7.05454e-19
xr2.xbias__xrz__2__par            -7.00075e-19
xr2.xbias__xrt__1__par             2.94941e-19
xr2.xbias__na__par                 1.54356e-19
xr2.xbias__er__par                -7.05454e-19
xr2.xbias__nbtop__par              2.94941e-19
xr2.xbias__nbg__par                1.45169e-19
xr2.xbias__xrz__1__par            -7.00075e-19
xr2.xbias__xrz__3__par            -7.00075e-19
xr2.xbias__xr1__1__par             2.94941e-19
xr2.xbias__xr2__13__par           -7.05453e-19
xr2.xbias__xr2__11__par           -7.05453e-19
xr2.xbias__xr2__1__par            -7.05452e-19
xr2.xbias__xr2__3__par            -7.05453e-19
xr2.xbias__xr2__5__par            -7.05453e-19
xr2.xbias__xr2__7__par            -7.05453e-19
xr2.xbias__xr2__9__par            -7.05453e-19
xr2.xbias__pb__par                -7.30349e-21
xr2.xbias__xr2__15__par           -7.05454e-19
xr2.bias_ok__par                  -1.10239e-18
xr2.xcmp__bias_okb__par           -5.84919e-19
xr2.ctat__par                      1.42368e-18
xr2.resetn__par                    1.80613e-18
xr2.xtemp__enb__par                1.62406e-19
xr2.ibias__par                     1.17812e-18
xr2.xtemp__m1d__par                9.13279e-20
xr2.xtemp__m2d__par                5.35247e-19
xr2.xtemp__m3d__par               -3.00067e-19
xr2.xtemp__n1__par                 4.35705e-19
xr2.xtemp__n2__par                 9.49289e-19
xr2.xtemp__na__par                 1.42368e-18
xr2.xtemp__nb__par                 -1.1516e-18
xr2.xtemp__nbg__par                1.39513e-18
xr2.xtemp__nc__par                 -1.1516e-18
xr2.xtemp__nd__par                 1.25572e-18
xr2.xtemp__nr__par                  5.8975e-20
xr2.xtemp__nt__par                 3.07255e-19
xr2.xtemp__nz__par                 9.49289e-19
xr2.xtemp__pb__par                 6.29561e-19
xr2.xtemp__pcas__par              -2.50349e-19
xr2.xtemp__pg__par                -9.51046e-25
xr2.por_raw__par                   6.00499e-19
xr2.ptat__par                      2.08664e-25
xr2.xtemp__t0__par                  5.0811e-28
xr2.xtemp__t1__par                 1.49691e-27
xr2.xtemp__t2__par                  3.4491e-27
xr2.xtemp__t3__par                 7.32673e-27
xr2.xtemp__t4__par                 1.50546e-26
xr2.xtemp__t5__par                 3.04829e-26
xr2.vdd__par                                 0
xr2.vref__par                     -7.05452e-19
xr2.vss__par                                 0
vddr3                                        0
ptatr3                             2.13835e-25
ctatr3                            -1.06024e-18
resetnr3                          -1.75701e-18
xr3.xtemp__pg                      1.15987e-24
xr3.xtemp__nz                      1.40018e-18
xr3.xbias__nbg                     3.00461e-19
xr3.xbias__pb                     -5.66626e-19
xr3.xbias__n1                      8.45367e-19
xr3.xbias__n2                      1.32801e-21
xr3.xbias__pg                     -1.10668e-18
xr3.xbias__ks1                     1.05305e-19
xr3.xbias__ks2                    -2.39147e-19
xr3.xbias__ks3                     2.75703e-19
xr3.xbias__ks4                    -3.39899e-20
xr3.xbias__nkg                    -1.73716e-18
xr3.xbias__nkm                    -1.61027e-19
xr3.xbias__nokl                    1.75831e-19
xr3.xbias__noko                   -3.29708e-19
xr3.xbias__nokx                   -3.30537e-20
xr3.bias_ok                        1.45839e-18
xr3.xcmp__na                       4.41034e-19
xr3.xcmp__sns                                0
xr3.xcmp__tn                       3.15046e-19
xr3.xcmp__cmpo                     3.81948e-19
xr3.vref                          -6.02342e-19
xr3.xcmp__nbg                      -3.3555e-18
xr3.ibias                         -1.39725e-18
xr3.xcmp__bias_okb                -1.26289e-19
xr3.xcmp__snsb                               0
xr3.xcmp__n1                       -8.1843e-19
xr3.por_raw                       -1.38038e-18
xr3.xpor__pdn                     -5.68675e-20
xr3.xpor__ndl                      3.64549e-39
xr3.xpor__ndgn                     1.00839e-18
xr3.xpor__ndg                     -6.35414e-19
xr3.xpor__pgdg                    -1.60228e-18
xr3.xpor__pgdgb                    1.10565e-18
xr3.xpor__tim                     -3.75735e-26
xr3.xpor__nd1                      2.87703e-20
xr3.xpor__trip                    -9.97136e-19
xr3.xpor__rstb                    -9.48918e-19
xr3.xpor__nnand                   -1.02544e-18
xr3.xtemp__n1                     -9.17082e-19
xr3.xtemp__n2                      1.40018e-18
xr3.xtemp__nbg                    -2.10386e-18
xr3.xtemp__enb                    -8.49551e-19
xr3.xtemp__pb                      2.04038e-19
xr3.xtemp__pcas                    1.27327e-18
xr3.xtemp__nd                      1.45853e-18
xr3.xtemp__nr                     -1.33813e-18
xr3.xtemp__nt                      4.94914e-19
xr3.xtemp__t5                      3.12382e-26
xr3.xtemp__t4                      1.54276e-26
xr3.xtemp__t3                      7.50828e-27
xr3.xtemp__t2                      3.53456e-27
xr3.xtemp__t1                        1.534e-27
xr3.xtemp__t0                      5.20701e-28
xr3.xbias__na                     -2.94254e-19
xr3.xbias__nbtop                   1.44541e-18
xr3.xbias__nt                      2.67339e-19
xr3.xbias__nb                      1.44541e-18
xr3.xbias__tok                     2.06424e-20
xr3.xcmp__vdda                     5.62459e-19
xr3.xpor__ndgp                     3.32849e-19
xr3.xpor__nts                      1.34179e-26
xr3.xtemp__na                     -1.06024e-18
xr3.xtemp__nb                      8.20365e-19
xr3.xtemp__m1d                    -6.51449e-19
xr3.xtemp__m2d                     1.78742e-19
xr3.xtemp__m3d                    -3.07503e-19
xr3.xbias__ec                      1.44541e-18
xr3.xbias__er                     -6.02343e-19
xr3.xtemp__nc                      8.20365e-19
xr3.xbias__nz                      1.32801e-21
xr3.x162.11                        8.20365e-19
xr3.x162.21                        8.20365e-19
xr3.xtemp__xr1__1                  8.20365e-19
xr3.x163.11                        8.20365e-19
xr3.x163.21                        8.20365e-19
xr3.x164.11                       -1.06024e-18
xr3.x164.21                       -1.06024e-18
xr3.xtemp__xriso__1               -1.06024e-18
xr3.x165.11                       -1.06024e-18
xr3.x165.21                       -1.06024e-18
xr3.x166.11                        1.40018e-18
xr3.x166.21                        1.40018e-18
xr3.xtemp__xrz__1                  1.40018e-18
xr3.xtemp__xrz__2                  1.40018e-18
xr3.x167.11                        1.40018e-18
xr3.x167.21                        1.40018e-18
xr3.x168.11                        1.40018e-18
xr3.x168.21                        1.40018e-18
xr3.xtemp__xrz__3                  1.40018e-18
xr3.xtemp__xrz__4                  1.40018e-18
xr3.x169.11                        1.40018e-18
xr3.x169.21                        1.40018e-18
xr3.x170.11                        1.40018e-18
xr3.x170.21                        1.40018e-18
xr3.xtemp__xrz__5                  1.40018e-18
xr3.xtemp__xrz__6                  1.40018e-18
xr3.x171.11                        1.40018e-18
xr3.x171.21                        1.40018e-18
xr3.x172.11                        1.40018e-18
xr3.x172.21                        1.40018e-18
xr3.xtemp__xrz__7                  1.40018e-18
xr3.xtemp__xrz__8                  1.40018e-18
xr3.x173.11                        1.40018e-18
xr3.x173.21                        1.40018e-18
xr3.x174.11                        1.40018e-18
xr3.x174.21                        1.40018e-18
xr3.xtemp__xrz__9                  1.40018e-18
xr3.x175.11                        1.40018e-18
xr3.x175.21                        1.40018e-18
xr3.x176.11                        2.13822e-25
xr3.x176.21                        2.06239e-25
xr3.xtemp__xr2f__1                 2.06227e-25
xr3.xtemp__xr2f__2                 1.98619e-25
xr3.x177.11                        1.98631e-25
xr3.x177.21                        2.06214e-25
xr3.x178.11                        1.98606e-25
xr3.x178.21                        1.91023e-25
xr3.xtemp__xr2f__3                  1.9101e-25
xr3.xtemp__xr2f__4                 1.83402e-25
xr3.x179.11                        1.83415e-25
xr3.x179.21                        1.90998e-25
xr3.x180.11                        1.83389e-25
xr3.x180.21                        1.75807e-25
xr3.xtemp__xr2f__5                 1.75794e-25
xr3.xtemp__xr2f__6                 1.68186e-25
xr3.x181.11                        1.68198e-25
xr3.x181.21                        1.75781e-25
xr3.x182.11                        1.68173e-25
xr3.x182.21                         1.6059e-25
xr3.xtemp__xr2f__7                 1.60578e-25
xr3.xtemp__xr2f__8                 1.52969e-25
xr3.x183.11                        1.52982e-25
xr3.x183.21                        1.60565e-25
xr3.x184.11                        1.52957e-25
xr3.x184.21                        1.45374e-25
xr3.xtemp__xr2f__9                 1.45361e-25
xr3.xtemp__xr2f__10                1.37753e-25
xr3.x185.11                        1.37766e-25
xr3.x185.21                        1.45348e-25
xr3.x186.11                         1.3774e-25
xr3.x186.21                        1.30157e-25
xr3.xtemp__xr2f__11                1.30145e-25
xr3.xtemp__xr2f__12                1.22537e-25
xr3.x187.11                        1.22549e-25
xr3.x187.21                        1.30132e-25
xr3.x188.11                        1.22524e-25
xr3.x188.21                        1.14941e-25
xr3.xtemp__xr2f__13                1.14928e-25
xr3.xtemp__xr2f__14                 1.0732e-25
xr3.x189.11                        1.07333e-25
xr3.x189.21                        1.14916e-25
xr3.x190.11                        1.07307e-25
xr3.x190.21                        9.97246e-26
xr3.xtemp__xr2f__15                 9.9712e-26
xr3.xtemp__xr2f__16                9.21038e-26
xr3.x191.11                        9.21165e-26
xr3.x191.21                        9.96993e-26
xr3.x192.11                        9.20911e-26
xr3.x192.21                        8.45083e-26
xr3.xtemp__xr2f__17                8.44956e-26
xr3.xtemp__xr2f__18                7.68874e-26
xr3.x193.11                        7.69001e-26
xr3.x193.21                        8.44829e-26
xr3.x194.11                        7.68747e-26
xr3.x194.21                        6.92919e-26
xr3.xtemp__xr2f__19                6.92792e-26
xr3.xtemp__xr2f__20                 6.1671e-26
xr3.x195.11                        6.16837e-26
xr3.x195.21                        6.92665e-26
xr3.x196.11                        6.16583e-26
xr3.x196.21                        5.40755e-26
xr3.xtemp__xr2f__21                5.40628e-26
xr3.xtemp__xr2f__22                4.64546e-26
xr3.x197.11                        4.64673e-26
xr3.x197.21                        5.40501e-26
xr3.x198.11                        4.64419e-26
xr3.x198.21                        3.88591e-26
xr3.xtemp__xr2f__23                3.88464e-26
xr3.x199.11                        3.12509e-26
xr3.x199.21                        3.88337e-26
xr3.x200.11                        3.12255e-26
xr3.x200.21                        2.33456e-26
xr3.xtemp__xr2t5__1                2.33329e-26
xr3.x201.11                        1.54403e-26
xr3.x201.21                        2.33202e-26
xr3.x202.11                        1.54149e-26
xr3.x202.21                        1.14806e-26
xr3.xtemp__xr2t4__1                1.14679e-26
xr3.x203.11                        7.52096e-27
xr3.x203.21                        1.14553e-26
xr3.x204.11                        7.49559e-27
xr3.x204.21                        5.53411e-27
xr3.xtemp__xr2t3__1                5.52142e-27
xr3.x205.11                        3.54725e-27
xr3.x205.21                        5.50873e-27
xr3.x206.11                        3.52188e-27
xr3.x206.21                        2.54697e-27
xr3.xtemp__xr2t2__1                2.53428e-27
xr3.x207.11                        1.54669e-27
xr3.x207.21                         2.5216e-27
xr3.x208.11                        1.52132e-27
xr3.x208.21                        1.04004e-27
xr3.xtemp__xr2t1__1                1.02735e-27
xr3.x209.11                        5.33387e-28
xr3.x209.21                        1.01466e-27
xr3.x210.11                        5.08014e-28
xr3.x210.21                        2.73037e-28
xr3.xtemp__xr2t0__1                 2.6035e-28
xr3.x211.11                        1.26864e-29
xr3.x211.21                        2.47664e-28
xr3.x212.11                                  0
xr3.x212.21                                  0
xr3.x213.11                                  0
xr3.x213.21                                  0
xr3.x214.11                                  0
xr3.x214.21                                  0
xr3.x215.11                       -6.02342e-19
xr3.x215.21                       -6.02342e-19
xr3.xbias__xr2__1                 -6.02342e-19
xr3.xbias__xr2__2                 -6.02342e-19
xr3.x216.11                       -6.02342e-19
xr3.x216.21                       -6.02342e-19
xr3.x217.11                       -6.02342e-19
xr3.x217.21                       -6.02342e-19
xr3.xbias__xr2__3                 -6.02342e-19
xr3.xbias__xr2__4                 -6.02342e-19
xr3.x218.11                       -6.02342e-19
xr3.x218.21                       -6.02342e-19
xr3.x219.11                       -6.02342e-19
xr3.x219.21                       -6.02342e-19
xr3.xbias__xr2__5                 -6.02342e-19
xr3.xbias__xr2__6                 -6.02342e-19
xr3.x220.11                       -6.02342e-19
xr3.x220.21                       -6.02342e-19
xr3.x221.11                       -6.02342e-19
xr3.x221.21                       -6.02343e-19
xr3.xbias__xr2__7                 -6.02343e-19
xr3.xbias__xr2__8                 -6.02343e-19
xr3.x222.11                       -6.02343e-19
xr3.x222.21                       -6.02343e-19
xr3.x223.11                       -6.02343e-19
xr3.x223.21                       -6.02343e-19
xr3.xbias__xr2__9                 -6.02343e-19
xr3.xbias__xr2__10                -6.02343e-19
xr3.x224.11                       -6.02343e-19
xr3.x224.21                       -6.02343e-19
xr3.x225.11                       -6.02343e-19
xr3.x225.21                       -6.02343e-19
xr3.xbias__xr2__11                -6.02343e-19
xr3.xbias__xr2__12                -6.02343e-19
xr3.x226.11                       -6.02343e-19
xr3.x226.21                       -6.02343e-19
xr3.x227.11                       -6.02343e-19
xr3.x227.21                       -6.02343e-19
xr3.xbias__xr2__13                -6.02343e-19
xr3.xbias__xr2__14                -6.02343e-19
xr3.x228.11                       -6.02343e-19
xr3.x228.21                       -6.02343e-19
xr3.x229.11                       -6.02343e-19
xr3.x229.21                       -6.02343e-19
xr3.xbias__xr2__15                -6.02343e-19
xr3.x230.11                       -6.02343e-19
xr3.x230.21                       -6.02343e-19
xr3.x231.11                        1.32801e-21
xr3.x231.21                        1.32801e-21
xr3.xbias__xrz__1                  1.32801e-21
xr3.xbias__xrz__2                  1.32801e-21
xr3.x232.11                        1.32801e-21
xr3.x232.21                        1.32801e-21
xr3.x233.11                        1.32801e-21
xr3.x233.21                        1.32801e-21
xr3.xbias__xrz__3                  1.32801e-21
xr3.x234.11                        1.32801e-21
xr3.x234.21                        1.32801e-21
xr3.x235.11                        1.44541e-18
xr3.x235.21                        1.44541e-18
xr3.xbias__xr1__1                  1.44541e-18
xr3.x236.11                        1.44541e-18
xr3.x236.21                        1.44541e-18
xr3.x237.11                        1.44541e-18
xr3.x237.21                        1.44541e-18
xr3.xbias__xrt__1                  1.44541e-18
xr3.x238.11                        1.44541e-18
xr3.x238.21                        1.44541e-18
xr3.xbias__nt__par                 2.67339e-19
xr3.xtemp__xrz__2__par             1.40018e-18
xr3.xtemp__xrz__4__par             1.40018e-18
xr3.xtemp__xrz__6__par             1.40018e-18
xr3.xtemp__xrz__8__par             1.40018e-18
xr3.xbias__n1__par                 8.45367e-19
xr3.xtemp__xr2f__2__par            1.98619e-25
xr3.xtemp__xr2f__4__par            1.83402e-25
xr3.xtemp__xr2f__6__par            1.68186e-25
xr3.xtemp__xr2f__8__par            1.52969e-25
xr3.xtemp__xr2f__10__par           1.37753e-25
xr3.xtemp__xr2f__12__par           1.22537e-25
xr3.xtemp__xr2f__14__par            1.0732e-25
xr3.xtemp__xr2f__16__par           9.21038e-26
xr3.xtemp__xr2f__18__par           7.68874e-26
xr3.xtemp__xr2f__20__par            6.1671e-26
xr3.xbias__n2__par                 1.32801e-21
xr3.xtemp__xr2f__22__par           4.64546e-26
xr3.xtemp__xr2t0__1__par            2.6035e-28
xr3.xtemp__xr2t1__1__par           1.02735e-27
xr3.xbias__tok__par                2.06424e-20
xr3.xtemp__xr2t2__1__par           2.53428e-27
xr3.xtemp__xr2t3__1__par           5.52142e-27
xr3.xbias__noko__par              -3.29708e-19
xr3.xtemp__xriso__1__par          -1.06024e-18
xr3.xtemp__xr2t4__1__par           1.14679e-26
xr3.xtemp__xr1__1__par             8.20365e-19
xr3.xtemp__xrz__1__par             1.40018e-18
xr3.xtemp__xrz__3__par             1.40018e-18
xr3.xtemp__xrz__5__par             1.40018e-18
xr3.xbias__nokl__par               1.75831e-19
xr3.xtemp__xrz__7__par             1.40018e-18
xr3.xtemp__xrz__9__par             1.40018e-18
xr3.xtemp__xr2f__1__par            2.06227e-25
xr3.xtemp__xr2f__3__par             1.9101e-25
xr3.xtemp__xr2f__5__par            1.75794e-25
xr3.xtemp__xr2f__7__par            1.60578e-25
xr3.xtemp__xr2f__9__par            1.45361e-25
xr3.xtemp__xr2f__11__par           1.30145e-25
xr3.xtemp__xr2f__13__par           1.14928e-25
xr3.xtemp__xr2f__15__par            9.9712e-26
xr3.xbias__nkg__par               -1.73716e-18
xr3.xtemp__xr2f__17__par           8.44956e-26
xr3.xtemp__xr2f__19__par           6.92792e-26
xr3.xtemp__xr2f__21__par           5.40628e-26
xr3.xtemp__xr2f__23__par           3.88464e-26
xr3.xtemp__xr2t5__1__par           2.33329e-26
xr3.xbias__nb__par                 1.44541e-18
xr3.xcmp__vdda__par                5.62459e-19
xr3.xcmp__na__par                  4.41034e-19
xr3.xcmp__cmpo__par                3.81948e-19
xr3.xcmp__n1__par                  -8.1843e-19
xr3.xcmp__tn__par                  3.15046e-19
xr3.xcmp__sns__par                           0
xr3.xcmp__nbg__par                 -3.3555e-18
xr3.xcmp__snsb__par                          0
xr3.xpor__pdn__par                -5.68675e-20
xr3.xpor__ndl__par                 3.64549e-39
xr3.xpor__ndgn__par                1.00839e-18
xr3.xpor__pgdg__par               -1.60228e-18
xr3.xpor__pgdgb__par               1.10565e-18
xr3.xpor__nd1__par                 2.87703e-20
xr3.xpor__nnand__par              -1.02544e-18
xr3.xpor__ndgp__par                3.32849e-19
xr3.xpor__nts__par                 1.34179e-26
xr3.xpor__rstb__par               -9.48918e-19
xr3.xbias__nkm__par               -1.61027e-19
xr3.xbias__nokx__par              -3.30537e-20
xr3.xbias__ks1__par                1.05305e-19
xr3.xbias__ks2__par               -2.39147e-19
xr3.xbias__ks3__par                2.75703e-19
xr3.xbias__ks4__par               -3.39899e-20
xr3.xbias__ec__par                 1.44541e-18
xr3.xbias__nz__par                 1.32801e-21
xr3.xpor__ndg__par                -6.35414e-19
xr3.xpor__tim__par                -3.75735e-26
xr3.xpor__trip__par               -9.97136e-19
xr3.xbias__xr2__2__par            -6.02342e-19
xr3.xbias__xr2__4__par            -6.02342e-19
xr3.xbias__xr2__6__par            -6.02342e-19
xr3.xbias__xr2__8__par            -6.02343e-19
xr3.xbias__xr2__10__par           -6.02343e-19
xr3.xbias__xr2__12__par           -6.02343e-19
xr3.xbias__pg__par                -1.10668e-18
xr3.xbias__xr2__14__par           -6.02343e-19
xr3.xbias__xrz__2__par             1.32801e-21
xr3.xbias__xrt__1__par             1.44541e-18
xr3.xbias__na__par                -2.94254e-19
xr3.xbias__er__par                -6.02343e-19
xr3.xbias__nbtop__par              1.44541e-18
xr3.xbias__nbg__par                3.00461e-19
xr3.xbias__xrz__1__par             1.32801e-21
xr3.xbias__xrz__3__par             1.32801e-21
xr3.xbias__xr1__1__par             1.44541e-18
xr3.xbias__xr2__13__par           -6.02343e-19
xr3.xbias__xr2__11__par           -6.02343e-19
xr3.xbias__xr2__1__par            -6.02342e-19
xr3.xbias__xr2__3__par            -6.02342e-19
xr3.xbias__xr2__5__par            -6.02342e-19
xr3.xbias__xr2__7__par            -6.02343e-19
xr3.xbias__xr2__9__par            -6.02343e-19
xr3.xbias__pb__par                -5.66626e-19
xr3.xbias__xr2__15__par           -6.02343e-19
xr3.bias_ok__par                   1.45839e-18
xr3.xcmp__bias_okb__par           -1.26289e-19
xr3.ctat__par                     -1.06024e-18
xr3.resetn__par                   -1.75701e-18
xr3.xtemp__enb__par               -8.49551e-19
xr3.ibias__par                    -1.39725e-18
xr3.xtemp__m1d__par               -6.51449e-19
xr3.xtemp__m2d__par                1.78742e-19
xr3.xtemp__m3d__par               -3.07503e-19
xr3.xtemp__n1__par                -9.17082e-19
xr3.xtemp__n2__par                 1.40018e-18
xr3.xtemp__na__par                -1.06024e-18
xr3.xtemp__nb__par                 8.20365e-19
xr3.xtemp__nbg__par               -2.10386e-18
xr3.xtemp__nc__par                 8.20365e-19
xr3.xtemp__nd__par                 1.45853e-18
xr3.xtemp__nr__par                -1.33813e-18
xr3.xtemp__nt__par                 4.94914e-19
xr3.xtemp__nz__par                 1.40018e-18
xr3.xtemp__pb__par                 2.04038e-19
xr3.xtemp__pcas__par               1.27327e-18
xr3.xtemp__pg__par                 1.15987e-24
xr3.por_raw__par                  -1.38038e-18
xr3.ptat__par                      2.13835e-25
xr3.xtemp__t0__par                 5.20701e-28
xr3.xtemp__t1__par                   1.534e-27
xr3.xtemp__t2__par                 3.53456e-27
xr3.xtemp__t3__par                 7.50828e-27
xr3.xtemp__t4__par                 1.54276e-26
xr3.xtemp__t5__par                 3.12382e-26
xr3.vdd__par                                 0
xr3.vref__par                     -6.02342e-19
xr3.vss__par                                 0
vddr4                                        0
ptatr4                            -1.11635e-25
ctatr4                             1.29884e-18
resetnr4                           -4.9874e-19
xr4.xtemp__pg                      2.35382e-24
xr4.xtemp__nz                      6.14421e-19
xr4.xbias__nbg                     8.09242e-21
xr4.xbias__pb                      1.30825e-19
xr4.xbias__n1                      4.55198e-19
xr4.xbias__n2                      2.08107e-19
xr4.xbias__pg                     -5.96085e-20
xr4.xbias__ks1                     3.22716e-19
xr4.xbias__ks2                    -4.56425e-19
xr4.xbias__ks3                     2.85357e-19
xr4.xbias__ks4                     -1.1198e-19
xr4.xbias__nkg                     9.56446e-19
xr4.xbias__nkm                    -1.00926e-19
xr4.xbias__nokl                   -5.33693e-19
xr4.xbias__noko                    2.64481e-19
xr4.xbias__nokx                    2.57871e-19
xr4.bias_ok                       -1.61795e-18
xr4.xcmp__na                       3.30154e-20
xr4.xcmp__sns                                0
xr4.xcmp__tn                      -3.72476e-20
xr4.xcmp__cmpo                     1.01616e-18
xr4.vref                           -8.6628e-19
xr4.xcmp__nbg                      8.11697e-19
xr4.ibias                          2.38134e-19
xr4.xcmp__bias_okb                -7.97463e-19
xr4.xcmp__snsb                               0
xr4.xcmp__n1                       -8.0918e-20
xr4.por_raw                        1.47757e-18
xr4.xpor__pdn                      1.19283e-21
xr4.xpor__ndl                      5.75543e-50
xr4.xpor__ndgn                    -1.54064e-18
xr4.xpor__ndg                      1.35968e-18
xr4.xpor__pgdg                     1.78155e-18
xr4.xpor__pgdgb                   -3.15136e-19
xr4.xpor__tim                      6.88531e-22
xr4.xpor__nd1                      1.41274e-20
xr4.xpor__trip                    -3.49973e-19
xr4.xpor__rstb                    -5.20112e-19
xr4.xpor__nnand                    1.85612e-18
xr4.xtemp__n1                      7.46993e-19
xr4.xtemp__n2                      6.14421e-19
xr4.xtemp__nbg                    -4.47916e-19
xr4.xtemp__enb                    -1.21642e-18
xr4.xtemp__pb                     -5.09651e-19
xr4.xtemp__pcas                   -2.49661e-19
xr4.xtemp__nd                     -1.41933e-18
xr4.xtemp__nr                      1.46021e-19
xr4.xtemp__nt                      5.81105e-19
xr4.xtemp__t5                     -1.63082e-26
xr4.xtemp__t4                     -8.05415e-27
xr4.xtemp__t3                     -3.91977e-27
xr4.xtemp__t2                     -1.84526e-27
xr4.xtemp__t1                     -8.00842e-28
xr4.xtemp__t0                     -2.71837e-28
xr4.xbias__na                     -4.01281e-19
xr4.xbias__nbtop                  -1.23264e-19
xr4.xbias__nt                       2.5583e-19
xr4.xbias__nb                     -1.23264e-19
xr4.xbias__tok                     1.04501e-19
xr4.xcmp__vdda                    -1.42687e-19
xr4.xpor__ndgp                     3.63621e-19
xr4.xpor__nts                     -1.05829e-21
xr4.xtemp__na                      1.29884e-18
xr4.xtemp__nb                       4.0997e-19
xr4.xtemp__m1d                      -2.875e-19
xr4.xtemp__m2d                    -9.50575e-21
xr4.xtemp__m3d                     1.60535e-19
xr4.xbias__ec                     -1.23264e-19
xr4.xbias__er                     -8.66281e-19
xr4.xtemp__nc                       4.0997e-19
xr4.xbias__nz                      2.08107e-19
xr4.x162.11                         4.0997e-19
xr4.x162.21                         4.0997e-19
xr4.xtemp__xr1__1                   4.0997e-19
xr4.x163.11                         4.0997e-19
xr4.x163.21                         4.0997e-19
xr4.x164.11                        1.29884e-18
xr4.x164.21                        1.29884e-18
xr4.xtemp__xriso__1                1.29884e-18
xr4.x165.11                        1.29884e-18
xr4.x165.21                        1.29884e-18
xr4.x166.11                        6.14421e-19
xr4.x166.21                        6.14421e-19
xr4.xtemp__xrz__1                  6.14421e-19
xr4.xtemp__xrz__2                  6.14421e-19
xr4.x167.11                        6.14421e-19
xr4.x167.21                        6.14421e-19
xr4.x168.11                        6.14421e-19
xr4.x168.21                        6.14421e-19
xr4.xtemp__xrz__3                  6.14421e-19
xr4.xtemp__xrz__4                  6.14421e-19
xr4.x169.11                        6.14421e-19
xr4.x169.21                        6.14421e-19
xr4.x170.11                        6.14421e-19
xr4.x170.21                        6.14421e-19
xr4.xtemp__xrz__5                  6.14421e-19
xr4.xtemp__xrz__6                  6.14421e-19
xr4.x171.11                        6.14421e-19
xr4.x171.21                        6.14421e-19
xr4.x172.11                        6.14421e-19
xr4.x172.21                        6.14421e-19
xr4.xtemp__xrz__7                  6.14421e-19
xr4.xtemp__xrz__8                  6.14421e-19
xr4.x173.11                        6.14421e-19
xr4.x173.21                        6.14421e-19
xr4.x174.11                        6.14421e-19
xr4.x174.21                        6.14421e-19
xr4.xtemp__xrz__9                  6.14421e-19
xr4.x175.11                        6.14421e-19
xr4.x175.21                        6.14421e-19
xr4.x176.11                       -1.11628e-25
xr4.x176.21                       -1.07669e-25
xr4.xtemp__xr2f__1                -1.07663e-25
xr4.xtemp__xr2f__2                -1.03691e-25
xr4.x177.11                       -1.03698e-25
xr4.x177.21                       -1.07656e-25
xr4.x178.11                       -1.03684e-25
xr4.x178.21                       -9.97256e-26
xr4.xtemp__xr2f__3                -9.97189e-26
xr4.xtemp__xr2f__4                 -9.5747e-26
xr4.x179.11                       -9.57536e-26
xr4.x179.21                       -9.97123e-26
xr4.x180.11                       -9.57404e-26
xr4.x180.21                       -9.17817e-26
xr4.xtemp__xr2f__5                -9.17751e-26
xr4.xtemp__xr2f__6                -8.78031e-26
xr4.x181.11                       -8.78097e-26
xr4.x181.21                       -9.17684e-26
xr4.x182.11                       -8.77965e-26
xr4.x182.21                       -8.38378e-26
xr4.xtemp__xr2f__7                -8.38312e-26
xr4.xtemp__xr2f__8                -7.98592e-26
xr4.x183.11                       -7.98659e-26
xr4.x183.21                       -8.38246e-26
xr4.x184.11                       -7.98526e-26
xr4.x184.21                       -7.58939e-26
xr4.xtemp__xr2f__9                -7.58873e-26
xr4.xtemp__xr2f__10               -7.19154e-26
xr4.x185.11                        -7.1922e-26
xr4.x185.21                       -7.58807e-26
xr4.x186.11                       -7.19087e-26
xr4.x186.21                       -6.79501e-26
xr4.xtemp__xr2f__11               -6.79434e-26
xr4.xtemp__xr2f__12               -6.39715e-26
xr4.x187.11                       -6.39781e-26
xr4.x187.21                       -6.79368e-26
xr4.x188.11                       -6.39649e-26
xr4.x188.21                       -6.00062e-26
xr4.xtemp__xr2f__13               -5.99996e-26
xr4.xtemp__xr2f__14               -5.60276e-26
xr4.x189.11                       -5.60342e-26
xr4.x189.21                       -5.99929e-26
xr4.x190.11                        -5.6021e-26
xr4.x190.21                       -5.20623e-26
xr4.xtemp__xr2f__15               -5.20557e-26
xr4.xtemp__xr2f__16               -4.80837e-26
xr4.x191.11                       -4.80904e-26
xr4.x191.21                       -5.20491e-26
xr4.x192.11                       -4.80771e-26
xr4.x192.21                       -4.41184e-26
xr4.xtemp__xr2f__17               -4.41118e-26
xr4.xtemp__xr2f__18               -4.01399e-26
xr4.x193.11                       -4.01465e-26
xr4.x193.21                       -4.41052e-26
xr4.x194.11                       -4.01332e-26
xr4.x194.21                       -3.61745e-26
xr4.xtemp__xr2f__19               -3.61679e-26
xr4.xtemp__xr2f__20                -3.2196e-26
xr4.x195.11                       -3.22026e-26
xr4.x195.21                       -3.61613e-26
xr4.x196.11                       -3.21894e-26
xr4.x196.21                       -2.82307e-26
xr4.xtemp__xr2f__21                -2.8224e-26
xr4.xtemp__xr2f__22               -2.42521e-26
xr4.x197.11                       -2.42587e-26
xr4.x197.21                       -2.82174e-26
xr4.x198.11                       -2.42455e-26
xr4.x198.21                       -2.02868e-26
xr4.xtemp__xr2f__23               -2.02802e-26
xr4.x199.11                       -1.63149e-26
xr4.x199.21                       -2.02735e-26
xr4.x200.11                       -1.63016e-26
xr4.x200.21                       -1.21878e-26
xr4.xtemp__xr2t5__1               -1.21812e-26
xr4.x201.11                       -8.06077e-27
xr4.x201.21                       -1.21746e-26
xr4.x202.11                       -8.04752e-27
xr4.x202.21                       -5.99358e-27
xr4.xtemp__xr2t4__1               -5.98696e-27
xr4.x203.11                        -3.9264e-27
xr4.x203.21                       -5.98034e-27
xr4.x204.11                       -3.91315e-27
xr4.x204.21                       -2.88914e-27
xr4.xtemp__xr2t3__1               -2.88252e-27
xr4.x205.11                       -1.85188e-27
xr4.x205.21                       -2.87589e-27
xr4.x206.11                       -1.83863e-27
xr4.x206.21                       -1.32967e-27
xr4.xtemp__xr2t2__1               -1.32305e-27
xr4.x207.11                       -8.07465e-28
xr4.x207.21                       -1.31643e-27
xr4.x208.11                       -7.94219e-28
xr4.x208.21                       -5.42963e-28
xr4.xtemp__xr2t1__1                -5.3634e-28
xr4.x209.11                        -2.7846e-28
xr4.x209.21                       -5.29716e-28
xr4.x210.11                       -2.65214e-28
xr4.x210.21                       -1.42542e-28
xr4.xtemp__xr2t0__1               -1.35919e-28
xr4.x211.11                       -6.62305e-30
xr4.x211.21                       -1.29296e-28
xr4.x212.11                                  0
xr4.x212.21                                  0
xr4.x213.11                                  0
xr4.x213.21                                  0
xr4.x214.11                                  0
xr4.x214.21                                  0
xr4.x215.11                        -8.6628e-19
xr4.x215.21                        -8.6628e-19
xr4.xbias__xr2__1                  -8.6628e-19
xr4.xbias__xr2__2                  -8.6628e-19
xr4.x216.11                        -8.6628e-19
xr4.x216.21                        -8.6628e-19
xr4.x217.11                        -8.6628e-19
xr4.x217.21                        -8.6628e-19
xr4.xbias__xr2__3                  -8.6628e-19
xr4.xbias__xr2__4                  -8.6628e-19
xr4.x218.11                        -8.6628e-19
xr4.x218.21                        -8.6628e-19
xr4.x219.11                        -8.6628e-19
xr4.x219.21                        -8.6628e-19
xr4.xbias__xr2__5                  -8.6628e-19
xr4.xbias__xr2__6                  -8.6628e-19
xr4.x220.11                        -8.6628e-19
xr4.x220.21                        -8.6628e-19
xr4.x221.11                        -8.6628e-19
xr4.x221.21                        -8.6628e-19
xr4.xbias__xr2__7                  -8.6628e-19
xr4.xbias__xr2__8                 -8.66281e-19
xr4.x222.11                       -8.66281e-19
xr4.x222.21                        -8.6628e-19
xr4.x223.11                       -8.66281e-19
xr4.x223.21                       -8.66281e-19
xr4.xbias__xr2__9                 -8.66281e-19
xr4.xbias__xr2__10                -8.66281e-19
xr4.x224.11                       -8.66281e-19
xr4.x224.21                       -8.66281e-19
xr4.x225.11                       -8.66281e-19
xr4.x225.21                       -8.66281e-19
xr4.xbias__xr2__11                -8.66281e-19
xr4.xbias__xr2__12                -8.66281e-19
xr4.x226.11                       -8.66281e-19
xr4.x226.21                       -8.66281e-19
xr4.x227.11                       -8.66281e-19
xr4.x227.21                       -8.66281e-19
xr4.xbias__xr2__13                -8.66281e-19
xr4.xbias__xr2__14                -8.66281e-19
xr4.x228.11                       -8.66281e-19
xr4.x228.21                       -8.66281e-19
xr4.x229.11                       -8.66281e-19
xr4.x229.21                       -8.66281e-19
xr4.xbias__xr2__15                -8.66281e-19
xr4.x230.11                       -8.66281e-19
xr4.x230.21                       -8.66281e-19
xr4.x231.11                        2.08107e-19
xr4.x231.21                        2.08107e-19
xr4.xbias__xrz__1                  2.08107e-19
xr4.xbias__xrz__2                  2.08107e-19
xr4.x232.11                        2.08107e-19
xr4.x232.21                        2.08107e-19
xr4.x233.11                        2.08107e-19
xr4.x233.21                        2.08107e-19
xr4.xbias__xrz__3                  2.08107e-19
xr4.x234.11                        2.08107e-19
xr4.x234.21                        2.08107e-19
xr4.x235.11                       -1.23264e-19
xr4.x235.21                       -1.23264e-19
xr4.xbias__xr1__1                 -1.23264e-19
xr4.x236.11                       -1.23264e-19
xr4.x236.21                       -1.23264e-19
xr4.x237.11                       -1.23264e-19
xr4.x237.21                       -1.23264e-19
xr4.xbias__xrt__1                 -1.23264e-19
xr4.x238.11                       -1.23264e-19
xr4.x238.21                       -1.23264e-19
xr4.xbias__nt__par                  2.5583e-19
xr4.xtemp__xrz__2__par             6.14421e-19
xr4.xtemp__xrz__4__par             6.14421e-19
xr4.xtemp__xrz__6__par             6.14421e-19
xr4.xtemp__xrz__8__par             6.14421e-19
xr4.xbias__n1__par                 4.55198e-19
xr4.xtemp__xr2f__2__par           -1.03691e-25
xr4.xtemp__xr2f__4__par            -9.5747e-26
xr4.xtemp__xr2f__6__par           -8.78031e-26
xr4.xtemp__xr2f__8__par           -7.98592e-26
xr4.xtemp__xr2f__10__par          -7.19154e-26
xr4.xtemp__xr2f__12__par          -6.39715e-26
xr4.xtemp__xr2f__14__par          -5.60276e-26
xr4.xtemp__xr2f__16__par          -4.80837e-26
xr4.xtemp__xr2f__18__par          -4.01399e-26
xr4.xtemp__xr2f__20__par           -3.2196e-26
xr4.xbias__n2__par                 2.08107e-19
xr4.xtemp__xr2f__22__par          -2.42521e-26
xr4.xtemp__xr2t0__1__par          -1.35919e-28
xr4.xtemp__xr2t1__1__par           -5.3634e-28
xr4.xbias__tok__par                1.04501e-19
xr4.xtemp__xr2t2__1__par          -1.32305e-27
xr4.xtemp__xr2t3__1__par          -2.88252e-27
xr4.xbias__noko__par               2.64481e-19
xr4.xtemp__xriso__1__par           1.29884e-18
xr4.xtemp__xr2t4__1__par          -5.98696e-27
xr4.xtemp__xr1__1__par              4.0997e-19
xr4.xtemp__xrz__1__par             6.14421e-19
xr4.xtemp__xrz__3__par             6.14421e-19
xr4.xtemp__xrz__5__par             6.14421e-19
xr4.xbias__nokl__par              -5.33693e-19
xr4.xtemp__xrz__7__par             6.14421e-19
xr4.xtemp__xrz__9__par             6.14421e-19
xr4.xtemp__xr2f__1__par           -1.07663e-25
xr4.xtemp__xr2f__3__par           -9.97189e-26
xr4.xtemp__xr2f__5__par           -9.17751e-26
xr4.xtemp__xr2f__7__par           -8.38312e-26
xr4.xtemp__xr2f__9__par           -7.58873e-26
xr4.xtemp__xr2f__11__par          -6.79434e-26
xr4.xtemp__xr2f__13__par          -5.99996e-26
xr4.xtemp__xr2f__15__par          -5.20557e-26
xr4.xbias__nkg__par                9.56446e-19
xr4.xtemp__xr2f__17__par          -4.41118e-26
xr4.xtemp__xr2f__19__par          -3.61679e-26
xr4.xtemp__xr2f__21__par           -2.8224e-26
xr4.xtemp__xr2f__23__par          -2.02802e-26
xr4.xtemp__xr2t5__1__par          -1.21812e-26
xr4.xbias__nb__par                -1.23264e-19
xr4.xcmp__vdda__par               -1.42687e-19
xr4.xcmp__na__par                  3.30154e-20
xr4.xcmp__cmpo__par                1.01616e-18
xr4.xcmp__n1__par                  -8.0918e-20
xr4.xcmp__tn__par                 -3.72476e-20
xr4.xcmp__sns__par                           0
xr4.xcmp__nbg__par                 8.11697e-19
xr4.xcmp__snsb__par                          0
xr4.xpor__pdn__par                 1.19283e-21
xr4.xpor__ndl__par                 5.75543e-50
xr4.xpor__ndgn__par               -1.54064e-18
xr4.xpor__pgdg__par                1.78155e-18
xr4.xpor__pgdgb__par              -3.15136e-19
xr4.xpor__nd1__par                 1.41274e-20
xr4.xpor__nnand__par               1.85612e-18
xr4.xpor__ndgp__par                3.63621e-19
xr4.xpor__nts__par                -1.05829e-21
xr4.xpor__rstb__par               -5.20112e-19
xr4.xbias__nkm__par               -1.00926e-19
xr4.xbias__nokx__par               2.57871e-19
xr4.xbias__ks1__par                3.22716e-19
xr4.xbias__ks2__par               -4.56425e-19
xr4.xbias__ks3__par                2.85357e-19
xr4.xbias__ks4__par                -1.1198e-19
xr4.xbias__ec__par                -1.23264e-19
xr4.xbias__nz__par                 2.08107e-19
xr4.xpor__ndg__par                 1.35968e-18
xr4.xpor__tim__par                 6.88531e-22
xr4.xpor__trip__par               -3.49973e-19
xr4.xbias__xr2__2__par             -8.6628e-19
xr4.xbias__xr2__4__par             -8.6628e-19
xr4.xbias__xr2__6__par             -8.6628e-19
xr4.xbias__xr2__8__par            -8.66281e-19
xr4.xbias__xr2__10__par           -8.66281e-19
xr4.xbias__xr2__12__par           -8.66281e-19
xr4.xbias__pg__par                -5.96085e-20
xr4.xbias__xr2__14__par           -8.66281e-19
xr4.xbias__xrz__2__par             2.08107e-19
xr4.xbias__xrt__1__par            -1.23264e-19
xr4.xbias__na__par                -4.01281e-19
xr4.xbias__er__par                -8.66281e-19
xr4.xbias__nbtop__par             -1.23264e-19
xr4.xbias__nbg__par                8.09242e-21
xr4.xbias__xrz__1__par             2.08107e-19
xr4.xbias__xrz__3__par             2.08107e-19
xr4.xbias__xr1__1__par            -1.23264e-19
xr4.xbias__xr2__13__par           -8.66281e-19
xr4.xbias__xr2__11__par           -8.66281e-19
xr4.xbias__xr2__1__par             -8.6628e-19
xr4.xbias__xr2__3__par             -8.6628e-19
xr4.xbias__xr2__5__par             -8.6628e-19
xr4.xbias__xr2__7__par             -8.6628e-19
xr4.xbias__xr2__9__par            -8.66281e-19
xr4.xbias__pb__par                 1.30825e-19
xr4.xbias__xr2__15__par           -8.66281e-19
xr4.bias_ok__par                  -1.61795e-18
xr4.xcmp__bias_okb__par           -7.97463e-19
xr4.ctat__par                      1.29884e-18
xr4.resetn__par                    -4.9874e-19
xr4.xtemp__enb__par               -1.21642e-18
xr4.ibias__par                     2.38134e-19
xr4.xtemp__m1d__par                 -2.875e-19
xr4.xtemp__m2d__par               -9.50575e-21
xr4.xtemp__m3d__par                1.60535e-19
xr4.xtemp__n1__par                 7.46993e-19
xr4.xtemp__n2__par                 6.14421e-19
xr4.xtemp__na__par                 1.29884e-18
xr4.xtemp__nb__par                  4.0997e-19
xr4.xtemp__nbg__par               -4.47916e-19
xr4.xtemp__nc__par                  4.0997e-19
xr4.xtemp__nd__par                -1.41933e-18
xr4.xtemp__nr__par                 1.46021e-19
xr4.xtemp__nt__par                 5.81105e-19
xr4.xtemp__nz__par                 6.14421e-19
xr4.xtemp__pb__par                -5.09651e-19
xr4.xtemp__pcas__par              -2.49661e-19
xr4.xtemp__pg__par                 2.35382e-24
xr4.por_raw__par                   1.47757e-18
xr4.ptat__par                     -1.11635e-25
xr4.xtemp__t0__par                -2.71837e-28
xr4.xtemp__t1__par                -8.00842e-28
xr4.xtemp__t2__par                -1.84526e-27
xr4.xtemp__t3__par                -3.91977e-27
xr4.xtemp__t4__par                -8.05415e-27
xr4.xtemp__t5__par                -1.63082e-26
xr4.vdd__par                                 0
xr4.vref__par                      -8.6628e-19
xr4.vss__par                                 0
vr4#branch                        -2.73734e-30
vr3#branch                        -2.59429e-30
vr2#branch                         4.06934e-30
vr1#branch                          2.7339e-27

 Reference value :  0.00000e+00
 Reference value :  6.19813e-07
 Reference value :  7.17862e-07
 Reference value :  7.66234e-07
 Reference value :  9.73000e-07
 Reference value :  1.07176e-06
 Reference value :  1.67726e-06
 Reference value :  2.14079e-06
 Reference value :  2.37116e-06
 Reference value :  2.40963e-06
 Reference value :  2.42715e-06
 Reference value :  2.42960e-06
 Reference value :  2.44560e-06
 Reference value :  2.88108e-06
 Reference value :  3.25140e-06
 Reference value :  3.59543e-06
 Reference value :  3.62905e-06
 Reference value :  3.64251e-06
 Reference value :  3.66545e-06
 Reference value :  4.37887e-06
 Reference value :  5.47825e-06
 Reference value :  5.84288e-06
 Reference value :  7.19940e-06
 Reference value :  7.61385e-06
 Reference value :  9.28908e-06
 Reference value :  9.32253e-06
 Reference value :  9.52750e-06
 Reference value :  9.54841e-06
 Reference value :  9.55658e-06
 Reference value :  9.75186e-06
 Reference value :  1.26721e-05
 Reference value :  1.39443e-05
 Reference value :  1.51656e-05
 Reference value :  1.58319e-05
 Reference value :  1.59134e-05
 Reference value :  1.59261e-05
 Reference value :  1.59438e-05
 Reference value :  1.62919e-05
 Reference value :  1.78083e-05
 Reference value :  2.12301e-05
 Reference value :  2.17284e-05
 Reference value :  2.17660e-05
 Reference value :  2.18091e-05
 Reference value :  2.20739e-05
 Reference value :  2.61545e-05
 Reference value :  3.14381e-05
 Reference value :  3.45286e-05
 Reference value :  3.52684e-05
 Reference value :  3.53110e-05
 Reference value :  3.59393e-05
 Reference value :  3.59864e-05
 Reference value :  3.59921e-05
 Reference value :  3.60277e-05
 Reference value :  3.74473e-05
 Reference value :  4.37914e-05
 Reference value :  4.47694e-05
 Reference value :  4.49726e-05
 Reference value :  4.49930e-05
 Reference value :  4.50642e-05
 Reference value :  4.89680e-05
 Reference value :  6.03803e-05
 Reference value :  7.34700e-05
 Reference value :  7.87957e-05
 Reference value :  7.93316e-05
 Reference value :  7.93657e-05
 Reference value :  7.93696e-05
 Reference value :  7.93707e-05
 Reference value :  7.93723e-05
 Reference value :  7.94007e-05
 Reference value :  7.94312e-05
 Reference value :  7.95883e-05
 Reference value :  8.60156e-05
 Reference value :  8.73113e-05
 Reference value :  8.74411e-05
 Reference value :  8.78735e-05
 Reference value :  8.95763e-05
 Reference value :  9.79717e-05
 Reference value :  1.26976e-04
 Reference value :  1.36609e-04
 Reference value :  1.36886e-04
 Reference value :  1.36979e-04
 Reference value :  1.36986e-04
 Reference value :  1.36992e-04
 Reference value :  1.36994e-04
 Reference value :  1.36997e-04
 Reference value :  1.37300e-04
 Reference value :  1.38333e-04
 Reference value :  1.44231e-04
 Reference value :  1.47979e-04
 Reference value :  1.48361e-04
 Reference value :  1.48443e-04
 Reference value :  1.48518e-04
 Reference value :  1.53087e-04
 Reference value :  1.60648e-04
 Reference value :  7.73557e-04
 Reference value :  1.97898e-03
 Reference value :  5.06661e-03
 Reference value :  5.12911e-03
 Reference value :  5.27987e-03
 Reference value :  5.29073e-03
 Reference value :  5.30805e-03
 Reference value :  5.30940e-03
 Reference value :  5.30983e-03
 Reference value :  5.30988e-03
 Reference value :  5.31000e-03
 Reference value :  5.31002e-03
 Reference value :  5.31036e-03
 Reference value :  5.31097e-03
 Reference value :  5.31176e-03
 Reference value :  5.31205e-03
 Reference value :  5.31214e-03
 Reference value :  5.31222e-03
 Reference value :  5.31305e-03
 Reference value :  5.31341e-03
 Reference value :  5.31493e-03
 Reference value :  5.33646e-03
 Reference value :  5.40062e-03
 Reference value :  5.41082e-03
 Reference value :  5.42811e-03
 Reference value :  5.42922e-03
 Reference value :  5.42950e-03
 Reference value :  5.42954e-03
 Reference value :  5.42966e-03
 Reference value :  5.42968e-03
 Reference value :  5.43014e-03
 Reference value :  5.43072e-03
 Reference value :  5.43142e-03
 Reference value :  5.43171e-03
 Reference value :  5.43179e-03
 Reference value :  5.43187e-03
 Reference value :  5.43263e-03
 Reference value :  5.43306e-03
 Reference value :  5.43456e-03
 Reference value :  5.45879e-03
 Reference value :  8.25310e-03
 Reference value :  3.79235e-02
 Reference value :  7.19325e-02
 Reference value :  7.21298e-02
 Reference value :  7.21554e-02
 Reference value :  7.21589e-02
 Reference value :  7.21593e-02
 Reference value :  7.21597e-02
 Reference value :  7.21632e-02
 Reference value :  7.21710e-02
 Reference value :  7.21722e-02
 Reference value :  7.21724e-02
 Reference value :  7.21760e-02
 Reference value :  7.23995e-02
 Reference value :  8.82691e-02
 Reference value :  1.46269e-01
 Reference value :  2.08269e-01
 Reference value :  2.60269e-01
 Reference value :  2.60860e-01
 Reference value :  2.63049e-01
 Reference value :  2.63191e-01
 Reference value :  2.65206e-01
 Reference value :  2.65426e-01
 Reference value :  2.65438e-01
 Reference value :  2.65453e-01
 Reference value :  2.65453e-01
 Reference value :  2.65454e-01
 Reference value :  2.65454e-01
 Reference value :  2.65454e-01
 Reference value :  2.65454e-01
 Reference value :  2.65454e-01
 Reference value :  2.65455e-01
 Reference value :  2.65456e-01
 Reference value :  2.65456e-01
 Reference value :  2.65456e-01
 Reference value :  2.65457e-01
 Reference value :  2.65457e-01
 Reference value :  2.65458e-01
 Reference value :  2.65460e-01
 Reference value :  2.65518e-01
 Reference value :  2.93706e-01
 Reference value :  3.50000e-01
 Reference value :  4.10000e-01
 Reference value :  4.70000e-01
 Reference value :  5.32000e-01
 Reference value :  5.94000e-01
 Reference value :  6.56000e-01
 Reference value :  7.12000e-01
 Reference value :  7.18524e-01
 Reference value :  7.36650e-01
 Reference value :  7.94650e-01
 Reference value :  8.54650e-01
 Reference value :  9.16650e-01
 Reference value :  9.76650e-01
 Reference value :  1.03665e+00
 Reference value :  1.09865e+00
 Reference value :  1.16065e+00
 Reference value :  1.22265e+00
 Reference value :  1.28265e+00
 Reference value :  1.34465e+00
 Reference value :  1.40665e+00
 Reference value :  1.46865e+00
 Reference value :  1.52865e+00
 Reference value :  1.58865e+00
 Reference value :  1.64865e+00
 Reference value :  1.70665e+00
 Reference value :  1.76865e+00
 Reference value :  1.82865e+00
 Reference value :  1.88865e+00
 Reference value :  1.95065e+00
 Reference value :  2.01265e+00
 Reference value :  2.07465e+00
 Reference value :  2.13665e+00
 Reference value :  2.19865e+00
 Reference value :  2.25865e+00
 Reference value :  2.32065e+00
 Reference value :  2.38065e+00
 Reference value :  2.44265e+00
 Reference value :  2.50465e+00
 Reference value :  2.56665e+00
 Reference value :  2.60716e+00
 Reference value :  2.60726e+00
 Reference value :  2.60731e+00
 Reference value :  2.60739e+00
 Reference value :  2.60739e+00
 Reference value :  2.60740e+00
 Reference value :  2.60740e+00
 Reference value :  2.60740e+00
 Reference value :  2.60740e+00
 Reference value :  2.60740e+00
 Reference value :  2.60741e+00
 Reference value :  2.60741e+00
 Reference value :  2.60742e+00
 Reference value :  2.60742e+00
 Reference value :  2.60745e+00
 Reference value :  2.60956e+00
 Reference value :  2.61169e+00
 Reference value :  2.61184e+00
 Reference value :  2.61196e+00
 Reference value :  2.61198e+00
 Reference value :  2.61199e+00
 Reference value :  2.61199e+00
 Reference value :  2.61199e+00
 Reference value :  2.61199e+00
 Reference value :  2.61199e+00
 Reference value :  2.61199e+00
 Reference value :  2.61199e+00
 Reference value :  2.61199e+00
 Reference value :  2.61199e+00
 Reference value :  2.61199e+00
 Reference value :  2.61199e+00
 Reference value :  2.61199e+00
 Reference value :  2.61199e+00
 Reference value :  2.61199e+00
 Reference value :  2.61199e+00
 Reference value :  2.61203e+00
 Reference value :  2.62980e+00
 Reference value :  2.69180e+00
 Reference value :  2.75180e+00
 Reference value :  2.82580e+00
 Reference value :  2.88580e+00
 Reference value :  2.94580e+00
 Reference value :  3.00100e+00
 Reference value :  3.06300e+00
 Reference value :  3.12500e+00
 Reference value :  3.18500e+00
 Reference value :  3.24500e+00
 Reference value :  3.30500e+00
 Reference value :  3.36700e+00
 Reference value :  3.42700e+00
 Reference value :  3.48900e+00
 Reference value :  3.55100e+00
 Reference value :  3.61100e+00
 Reference value :  3.67100e+00
No. of Data Rows : 4862
trel1               =  2.61199e+00
trel1_last          =  2.61199e+00
vddrel1             =  2.61199e+00
rst1_at1v           =  1.97390e-09
rst1_at2v           =  1.12936e-09
trel2               =  2.65454e-01
trel2_last          =  2.65454e-01
vddrel2             =  2.65454e+00
rst2_at1v           =  2.52518e-09
rst2_at2v           =  1.32542e-09
trel3               =  5.30992e-03
trel3_last          =  5.30992e-03
vddrel3             =  2.97000e+00
rst3_at1v           =  6.13352e-06
rst3_at2v           =  2.17986e-06
trel4               =  5.42958e-03
trel4_last          =  5.42958e-03
vddrel4             =  2.97000e+00
rst4_at1v           =  6.26041e-05
rst4_at2v           =  2.18946e-05
vref_rel4           =  1.20775e+00
biasok_rel4         =  2.96996e+00
m_vddrel_1vs_v = 2.6119870000e+00
m_vddrel_10vs_v = 2.6545390000e+00
m_vddrel_100kvs_v = 2.9700000000e+00
m_vddrel_1mvs_v = 2.9700000000e+00
m_chatter_1vs_us = 0.0000000000e+00
m_chatter_10vs_us = 0.0000000000e+00
m_chatter_100kvs_us = 0.0000000000e+00
m_chatter_1mvs_us = 0.0000000000e+00
m_resetn_at_1v_1vs_mv = 1.9739010000e-06
m_resetn_at_2v_1vs_mv = 1.1293630000e-06
m_resetn_at_1v_10vs_mv = 2.5251800000e-06
m_resetn_at_2v_10vs_mv = 1.3254170000e-06
m_resetn_at_1v_100kvs_mv = 6.1335230000e-03
m_resetn_at_2v_100kvs_mv = 2.1798590000e-03
m_resetn_at_1v_1mvs_mv = 6.2604070000e-02
m_resetn_at_2v_1mvs_mv = 2.1894610000e-02
m_t_release_1vs_ms = 2.6119870000e+03
m_t_release_10vs_ms = 2.6545390000e+02
m_t_release_100kvs_ms = 5.3099230000e+00
m_t_release_1mvs_ms = 5.4295810000e+00
m_vref_at_rel_1mvs_v = 1.2077530000e+00
m_biasok_at_rel_1mvs_v = 2.9699610000e+00
Note: Simulation executed from .control section 

Warning: m=xx on .subckt line will override multiplier m hierarchy!

