
Note: Compatibility modes selected: hs a


Circuit: * por-ramp-rate @ res_ff_-40c_2.97v -- generated by sim/harness, do not edit

Doing analysis at TEMP = -40.000000 and TNOM = 27.000000

Using SPARSE 1.3 as Direct Linear Solver

Initial Transient Solution
--------------------------

Node                                   Voltage
----                                   -------
vddr1                                        0
ptatr1                           -8.44952e-165
ctatr1                            2.40859e-121
resetnr1                         -6.26734e-151
xr1.xtemp__pg                     -5.14157e-22
xr1.xtemp__nz                     -3.35579e-26
xr1.xbias__nbg                       3.409e-22
xr1.xbias__pb                       -3.409e-22
xr1.xbias__n1                      1.03349e-36
xr1.xbias__n2                      2.99926e-25
xr1.xbias__pg                      7.88071e-22
xr1.xbias__ks1                    -5.35043e-40
xr1.xbias__ks2                    -1.74102e-35
xr1.xbias__ks3                    -5.48761e-31
xr1.xbias__ks4                    -2.08372e-26
xr1.xbias__nkg                     -1.5826e-21
xr1.xbias__nkm                     3.40903e-22
xr1.xbias__nokl                    3.40884e-22
xr1.xbias__noko                    2.27263e-22
xr1.xbias__nokx                    3.40891e-22
xr1.bias_ok                                  0
xr1.xcmp__na                     -3.24988e-156
xr1.xcmp__sns                    -3.10058e-185
xr1.xcmp__tn                      3.33753e-156
xr1.xcmp__cmpo                   -3.44493e-156
xr1.vref                         -2.54175e-157
xr1.xcmp__nbg                      -4.2856e-27
xr1.ibias                          -2.2334e-22
xr1.xcmp__bias_okb               -1.94623e-169
xr1.xcmp__snsb                   -5.75822e-185
xr1.xcmp__n1                      4.26877e-171
xr1.por_raw                      -5.68213e-169
xr1.xpor__pdn                    -6.56142e-168
xr1.xpor__ndl                       1.9035e-22
xr1.xpor__ndgn                    1.63556e-161
xr1.xpor__ndg                     3.17481e-160
xr1.xpor__pgdg                   -7.12005e-162
xr1.xpor__pgdgb                  -9.31693e-169
xr1.xpor__tim                      1.0479e-166
xr1.xpor__nd1                     8.82176e-169
xr1.xpor__trip                    1.87152e-175
xr1.xpor__rstb                   -4.35452e-156
xr1.xpor__nnand                   6.83187e-156
xr1.xtemp__n1                     -6.71276e-27
xr1.xtemp__n2                     -3.35578e-26
xr1.xtemp__nbg                     -4.2856e-27
xr1.xtemp__enb                               0
xr1.xtemp__pb                      7.5955e-157
xr1.xtemp__pcas                  -1.57446e-166
xr1.xtemp__nd                     7.00559e-160
xr1.xtemp__nr                    -3.90075e-163
xr1.xtemp__nt                     -1.34239e-26
xr1.xtemp__t5                    -1.23612e-165
xr1.xtemp__t4                    -6.11556e-166
xr1.xtemp__t3                    -2.98454e-166
xr1.xtemp__t2                    -1.41086e-166
xr1.xtemp__t1                    -6.15984e-167
xr1.xtemp__t0                    -2.10777e-167
xr1.xbias__na                    -1.53095e-130
xr1.xbias__nbtop                  1.90487e-135
xr1.xbias__nt                      4.40732e-31
xr1.xbias__nb                     1.90487e-135
xr1.xbias__tok                     5.36154e-28
xr1.xcmp__vdda                   -3.65608e-157
xr1.xpor__ndgp                   -5.94302e-158
xr1.xpor__nts                    -2.91065e-165
xr1.xtemp__na                     2.40859e-121
xr1.xtemp__nb                     6.17214e-113
xr1.xtemp__m1d                   -8.85885e-120
xr1.xtemp__m2d                   -5.37344e-111
xr1.xtemp__m3d                     2.0927e-157
xr1.xbias__ec                     1.90487e-135
xr1.xbias__er                    -2.54176e-157
xr1.xtemp__nc                     6.17214e-113
xr1.xbias__nz                      2.99927e-25
xr1.x162.11                       6.17214e-113
xr1.x162.21                       6.17214e-113
xr1.xtemp__xr1__1                 6.17214e-113
xr1.x163.11                       6.17214e-113
xr1.x163.21                       6.17214e-113
xr1.x164.11                       2.40859e-121
xr1.x164.21                       2.40859e-121
xr1.xtemp__xriso__1               2.40859e-121
xr1.x165.11                       2.40859e-121
xr1.x165.21                       2.40859e-121
xr1.x166.11                       -3.35579e-26
xr1.x166.21                       -3.35579e-26
xr1.xtemp__xrz__1                 -3.35579e-26
xr1.xtemp__xrz__2                 -3.35578e-26
xr1.x167.11                       -3.35578e-26
xr1.x167.21                       -3.35579e-26
xr1.x168.11                       -3.35578e-26
xr1.x168.21                       -3.35578e-26
xr1.xtemp__xrz__3                 -3.35578e-26
xr1.xtemp__xrz__4                 -3.35578e-26
xr1.x169.11                       -3.35578e-26
xr1.x169.21                       -3.35578e-26
xr1.x170.11                       -3.35578e-26
xr1.x170.21                       -3.35578e-26
xr1.xtemp__xrz__5                 -3.35578e-26
xr1.xtemp__xrz__6                 -3.35578e-26
xr1.x171.11                       -3.35578e-26
xr1.x171.21                       -3.35578e-26
xr1.x172.11                       -3.35578e-26
xr1.x172.21                       -3.35578e-26
xr1.xtemp__xrz__7                 -3.35578e-26
xr1.xtemp__xrz__8                 -3.35578e-26
xr1.x173.11                       -3.35578e-26
xr1.x173.21                       -3.35578e-26
xr1.x174.11                       -3.35578e-26
xr1.x174.21                       -3.35578e-26
xr1.xtemp__xrz__9                 -3.35578e-26
xr1.x175.11                       -3.35578e-26
xr1.x175.21                       -3.35578e-26
xr1.x176.11                      -8.44889e-165
xr1.x176.21                       -8.1496e-165
xr1.xtemp__xr2f__1               -8.14896e-165
xr1.xtemp__xr2f__2               -7.84841e-165
xr1.x177.11                      -7.84904e-165
xr1.x177.21                      -8.14833e-165
xr1.x178.11                      -7.84777e-165
xr1.x178.21                      -7.54848e-165
xr1.xtemp__xr2f__3               -7.54785e-165
xr1.xtemp__xr2f__4               -7.24729e-165
xr1.x179.11                      -7.24792e-165
xr1.x179.21                      -7.54722e-165
xr1.x180.11                      -7.24666e-165
xr1.x180.21                      -6.94736e-165
xr1.xtemp__xr2f__5               -6.94673e-165
xr1.xtemp__xr2f__6               -6.64617e-165
xr1.x181.11                      -6.64681e-165
xr1.x181.21                       -6.9461e-165
xr1.x182.11                      -6.64554e-165
xr1.x182.21                      -6.34625e-165
xr1.xtemp__xr2f__7               -6.34562e-165
xr1.xtemp__xr2f__8               -6.04506e-165
xr1.x183.11                      -6.04569e-165
xr1.x183.21                      -6.34498e-165
xr1.x184.11                      -6.04442e-165
xr1.x184.21                      -5.74513e-165
xr1.xtemp__xr2f__9                -5.7445e-165
xr1.xtemp__xr2f__10              -5.44394e-165
xr1.x185.11                      -5.44457e-165
xr1.x185.21                      -5.74387e-165
xr1.x186.11                      -5.44331e-165
xr1.x186.21                      -5.14401e-165
xr1.xtemp__xr2f__11              -5.14338e-165
xr1.xtemp__xr2f__12              -4.84282e-165
xr1.x187.11                      -4.84346e-165
xr1.x187.21                      -5.14275e-165
xr1.x188.11                      -4.84219e-165
xr1.x188.21                       -4.5429e-165
xr1.xtemp__xr2f__13              -4.54227e-165
xr1.xtemp__xr2f__14              -4.24171e-165
xr1.x189.11                      -4.24234e-165
xr1.x189.21                      -4.54163e-165
xr1.x190.11                      -4.24108e-165
xr1.x190.21                      -3.94178e-165
xr1.xtemp__xr2f__15              -3.94115e-165
xr1.xtemp__xr2f__16              -3.64059e-165
xr1.x191.11                      -3.64122e-165
xr1.x191.21                      -3.94052e-165
xr1.x192.11                      -3.63996e-165
xr1.x192.21                      -3.34066e-165
xr1.xtemp__xr2f__17              -3.34003e-165
xr1.xtemp__xr2f__18              -3.03947e-165
xr1.x193.11                      -3.04011e-165
xr1.x193.21                       -3.3394e-165
xr1.x194.11                      -3.03884e-165
xr1.x194.21                      -2.73955e-165
xr1.xtemp__xr2f__19              -2.73892e-165
xr1.xtemp__xr2f__20              -2.43836e-165
xr1.x195.11                      -2.43899e-165
xr1.x195.21                      -2.73828e-165
xr1.x196.11                      -2.43773e-165
xr1.x196.21                      -2.13843e-165
xr1.xtemp__xr2f__21               -2.1378e-165
xr1.xtemp__xr2f__22              -1.83724e-165
xr1.x197.11                      -1.83787e-165
xr1.x197.21                      -2.13717e-165
xr1.x198.11                      -1.83661e-165
xr1.x198.21                      -1.53731e-165
xr1.xtemp__xr2f__23              -1.53668e-165
xr1.x199.11                      -1.23676e-165
xr1.x199.21                      -1.53605e-165
xr1.x200.11                      -1.23549e-165
xr1.x200.21                      -9.24472e-166
xr1.xtemp__xr2t5__1               -9.2384e-166
xr1.x201.11                      -6.12188e-166
xr1.x201.21                      -9.23208e-166
xr1.x202.11                      -6.10923e-166
xr1.x202.21                      -4.55637e-166
xr1.xtemp__xr2t4__1              -4.55005e-166
xr1.x203.11                      -2.99086e-166
xr1.x203.21                      -4.54373e-166
xr1.x204.11                      -2.97822e-166
xr1.x204.21                      -2.20402e-166
xr1.xtemp__xr2t3__1               -2.1977e-166
xr1.x205.11                      -1.41718e-166
xr1.x205.21                      -2.19138e-166
xr1.x206.11                      -1.40454e-166
xr1.x206.21                      -1.01975e-166
xr1.xtemp__xr2t2__1              -1.01342e-166
xr1.x207.11                      -6.22306e-167
xr1.x207.21                       -1.0071e-166
xr1.x208.11                      -6.09663e-167
xr1.x208.21                      -4.19702e-167
xr1.xtemp__xr2t1__1              -4.13381e-167
xr1.x209.11                      -2.17099e-167
xr1.x209.21                      -4.07059e-167
xr1.x210.11                      -2.04456e-167
xr1.x210.21                       -1.1171e-167
xr1.xtemp__xr2t0__1              -1.05389e-167
xr1.x211.11                      -6.32158e-169
xr1.x211.21                      -9.90671e-168
xr1.x212.11                      -3.10057e-185
xr1.x212.21                      -6.61816e-191
xr1.x213.11                      -5.75822e-185
xr1.x213.21                      -3.10058e-185
xr1.x214.11                      -1.25215e-189
xr1.x214.21                       -5.7581e-185
xr1.x215.11                      -2.54175e-157
xr1.x215.21                      -2.54175e-157
xr1.xbias__xr2__1                -2.54175e-157
xr1.xbias__xr2__2                -2.54175e-157
xr1.x216.11                      -2.54175e-157
xr1.x216.21                      -2.54175e-157
xr1.x217.11                      -2.54175e-157
xr1.x217.21                      -2.54175e-157
xr1.xbias__xr2__3                -2.54175e-157
xr1.xbias__xr2__4                -2.54175e-157
xr1.x218.11                      -2.54175e-157
xr1.x218.21                      -2.54175e-157
xr1.x219.11                      -2.54175e-157
xr1.x219.21                      -2.54175e-157
xr1.xbias__xr2__5                -2.54175e-157
xr1.xbias__xr2__6                -2.54175e-157
xr1.x220.11                      -2.54175e-157
xr1.x220.21                      -2.54175e-157
xr1.x221.11                      -2.54175e-157
xr1.x221.21                      -2.54175e-157
xr1.xbias__xr2__7                -2.54175e-157
xr1.xbias__xr2__8                -2.54175e-157
xr1.x222.11                      -2.54175e-157
xr1.x222.21                      -2.54175e-157
xr1.x223.11                      -2.54175e-157
xr1.x223.21                      -2.54176e-157
xr1.xbias__xr2__9                -2.54176e-157
xr1.xbias__xr2__10               -2.54176e-157
xr1.x224.11                      -2.54176e-157
xr1.x224.21                      -2.54176e-157
xr1.x225.11                      -2.54176e-157
xr1.x225.21                      -2.54176e-157
xr1.xbias__xr2__11               -2.54176e-157
xr1.xbias__xr2__12               -2.54176e-157
xr1.x226.11                      -2.54176e-157
xr1.x226.21                      -2.54176e-157
xr1.x227.11                      -2.54176e-157
xr1.x227.21                      -2.54176e-157
xr1.xbias__xr2__13               -2.54176e-157
xr1.xbias__xr2__14               -2.54176e-157
xr1.x228.11                      -2.54176e-157
xr1.x228.21                      -2.54176e-157
xr1.x229.11                      -2.54176e-157
xr1.x229.21                      -2.54176e-157
xr1.xbias__xr2__15               -2.54176e-157
xr1.x230.11                      -2.54176e-157
xr1.x230.21                      -2.54176e-157
xr1.x231.11                        2.99927e-25
xr1.x231.21                        2.99927e-25
xr1.xbias__xrz__1                  2.99927e-25
xr1.xbias__xrz__2                  2.99926e-25
xr1.x232.11                        2.99926e-25
xr1.x232.21                        2.99927e-25
xr1.x233.11                        2.99926e-25
xr1.x233.21                        2.99926e-25
xr1.xbias__xrz__3                  2.99926e-25
xr1.x234.11                        2.99926e-25
xr1.x234.21                        2.99926e-25
xr1.x235.11                       1.90487e-135
xr1.x235.21                       1.90487e-135
xr1.xbias__xr1__1                 1.90487e-135
xr1.x236.11                       1.90487e-135
xr1.x236.21                       1.90487e-135
xr1.x237.11                       1.90487e-135
xr1.x237.21                       1.90487e-135
xr1.xbias__xrt__1                 1.90487e-135
xr1.x238.11                       1.90487e-135
xr1.x238.21                       1.90487e-135
xr1.xbias__nt__par                 4.40732e-31
xr1.xtemp__xrz__2__par            -3.35578e-26
xr1.xtemp__xrz__4__par            -3.35578e-26
xr1.xtemp__xrz__6__par            -3.35578e-26
xr1.xtemp__xrz__8__par            -3.35578e-26
xr1.xbias__n1__par                 1.03349e-36
xr1.xtemp__xr2f__2__par          -7.84841e-165
xr1.xtemp__xr2f__4__par          -7.24729e-165
xr1.xtemp__xr2f__6__par          -6.64617e-165
xr1.xtemp__xr2f__8__par          -6.04506e-165
xr1.xtemp__xr2f__10__par         -5.44394e-165
xr1.xtemp__xr2f__12__par         -4.84282e-165
xr1.xtemp__xr2f__14__par         -4.24171e-165
xr1.xtemp__xr2f__16__par         -3.64059e-165
xr1.xtemp__xr2f__18__par         -3.03947e-165
xr1.xtemp__xr2f__20__par         -2.43836e-165
xr1.xbias__n2__par                 2.99926e-25
xr1.xtemp__xr2f__22__par         -1.83724e-165
xr1.xtemp__xr2t0__1__par         -1.05389e-167
xr1.xtemp__xr2t1__1__par         -4.13381e-167
xr1.xbias__tok__par                5.36154e-28
xr1.xtemp__xr2t2__1__par         -1.01342e-166
xr1.xtemp__xr2t3__1__par          -2.1977e-166
xr1.xbias__noko__par               2.27263e-22
xr1.xtemp__xriso__1__par          2.40859e-121
xr1.xtemp__xr2t4__1__par         -4.55005e-166
xr1.xtemp__xr1__1__par            6.17214e-113
xr1.xtemp__xrz__1__par            -3.35579e-26
xr1.xtemp__xrz__3__par            -3.35578e-26
xr1.xtemp__xrz__5__par            -3.35578e-26
xr1.xbias__nokl__par               3.40884e-22
xr1.xtemp__xrz__7__par            -3.35578e-26
xr1.xtemp__xrz__9__par            -3.35578e-26
xr1.xtemp__xr2f__1__par          -8.14896e-165
xr1.xtemp__xr2f__3__par          -7.54785e-165
xr1.xtemp__xr2f__5__par          -6.94673e-165
xr1.xtemp__xr2f__7__par          -6.34562e-165
xr1.xtemp__xr2f__9__par           -5.7445e-165
xr1.xtemp__xr2f__11__par         -5.14338e-165
xr1.xtemp__xr2f__13__par         -4.54227e-165
xr1.xtemp__xr2f__15__par         -3.94115e-165
xr1.xbias__nkg__par                -1.5826e-21
xr1.xtemp__xr2f__17__par         -3.34003e-165
xr1.xtemp__xr2f__19__par         -2.73892e-165
xr1.xtemp__xr2f__21__par          -2.1378e-165
xr1.xtemp__xr2f__23__par         -1.53668e-165
xr1.xtemp__xr2t5__1__par          -9.2384e-166
xr1.xbias__nb__par                1.90487e-135
xr1.xcmp__vdda__par              -3.65608e-157
xr1.xcmp__na__par                -3.24988e-156
xr1.xcmp__cmpo__par              -3.44493e-156
xr1.xcmp__n1__par                 4.26877e-171
xr1.xcmp__tn__par                 3.33753e-156
xr1.xcmp__sns__par               -3.10058e-185
xr1.xcmp__nbg__par                 -4.2856e-27
xr1.xcmp__snsb__par              -5.75822e-185
xr1.xpor__pdn__par               -6.56142e-168
xr1.xpor__ndl__par                  1.9035e-22
xr1.xpor__ndgn__par               1.63556e-161
xr1.xpor__pgdg__par              -7.12005e-162
xr1.xpor__pgdgb__par             -9.31693e-169
xr1.xpor__nd1__par                8.82176e-169
xr1.xpor__nnand__par              6.83187e-156
xr1.xpor__ndgp__par              -5.94302e-158
xr1.xpor__nts__par               -2.91065e-165
xr1.xpor__rstb__par              -4.35452e-156
xr1.xbias__nkm__par                3.40903e-22
xr1.xbias__nokx__par               3.40891e-22
xr1.xbias__ks1__par               -5.35043e-40
xr1.xbias__ks2__par               -1.74102e-35
xr1.xbias__ks3__par               -5.48761e-31
xr1.xbias__ks4__par               -2.08372e-26
xr1.xbias__ec__par                1.90487e-135
xr1.xbias__nz__par                 2.99927e-25
xr1.xpor__ndg__par                3.17481e-160
xr1.xpor__tim__par                 1.0479e-166
xr1.xpor__trip__par               1.87152e-175
xr1.xbias__xr2__2__par           -2.54175e-157
xr1.xbias__xr2__4__par           -2.54175e-157
xr1.xbias__xr2__6__par           -2.54175e-157
xr1.xbias__xr2__8__par           -2.54175e-157
xr1.xbias__xr2__10__par          -2.54176e-157
xr1.xbias__xr2__12__par          -2.54176e-157
xr1.xbias__pg__par                 7.88071e-22
xr1.xbias__xr2__14__par          -2.54176e-157
xr1.xbias__xrz__2__par             2.99926e-25
xr1.xbias__xrt__1__par            1.90487e-135
xr1.xbias__na__par               -1.53095e-130
xr1.xbias__er__par               -2.54176e-157
xr1.xbias__nbtop__par             1.90487e-135
xr1.xbias__nbg__par                  3.409e-22
xr1.xbias__xrz__1__par             2.99927e-25
xr1.xbias__xrz__3__par             2.99926e-25
xr1.xbias__xr1__1__par            1.90487e-135
xr1.xbias__xr2__13__par          -2.54176e-157
xr1.xbias__xr2__11__par          -2.54176e-157
xr1.xbias__xr2__1__par           -2.54175e-157
xr1.xbias__xr2__3__par           -2.54175e-157
xr1.xbias__xr2__5__par           -2.54175e-157
xr1.xbias__xr2__7__par           -2.54175e-157
xr1.xbias__xr2__9__par           -2.54176e-157
xr1.xbias__pb__par                  -3.409e-22
xr1.xbias__xr2__15__par          -2.54176e-157
xr1.bias_ok__par                             0
xr1.xcmp__bias_okb__par          -1.94623e-169
xr1.ctat__par                     2.40859e-121
xr1.resetn__par                  -6.26734e-151
xr1.xtemp__enb__par                          0
xr1.ibias__par                     -2.2334e-22
xr1.xtemp__m1d__par              -8.85885e-120
xr1.xtemp__m2d__par              -5.37344e-111
xr1.xtemp__m3d__par                2.0927e-157
xr1.xtemp__n1__par                -6.71276e-27
xr1.xtemp__n2__par                -3.35578e-26
xr1.xtemp__na__par                2.40859e-121
xr1.xtemp__nb__par                6.17214e-113
xr1.xtemp__nbg__par                -4.2856e-27
xr1.xtemp__nc__par                6.17214e-113
xr1.xtemp__nd__par                7.00559e-160
xr1.xtemp__nr__par               -3.90075e-163
xr1.xtemp__nt__par                -1.34239e-26
xr1.xtemp__nz__par                -3.35579e-26
xr1.xtemp__pb__par                 7.5955e-157
xr1.xtemp__pcas__par             -1.57446e-166
xr1.xtemp__pg__par                -5.14157e-22
xr1.por_raw__par                 -5.68213e-169
xr1.ptat__par                    -8.44952e-165
xr1.xtemp__t0__par               -2.10777e-167
xr1.xtemp__t1__par               -6.15984e-167
xr1.xtemp__t2__par               -1.41086e-166
xr1.xtemp__t3__par               -2.98454e-166
xr1.xtemp__t4__par               -6.11556e-166
xr1.xtemp__t5__par               -1.23612e-165
xr1.vdd__par                                 0
xr1.vref__par                    -2.54175e-157
xr1.vss__par                                 0
vddr2                                        0
ptatr2                           -8.44279e-165
ctatr2                            1.31326e-120
resetnr2                         -6.26734e-151
xr2.xtemp__pg                     -5.14157e-22
xr2.xtemp__nz                     -3.35577e-26
xr2.xbias__nbg                       3.409e-22
xr2.xbias__pb                       -3.409e-22
xr2.xbias__n1                      1.03349e-36
xr2.xbias__n2                      2.99926e-25
xr2.xbias__pg                      7.88071e-22
xr2.xbias__ks1                    -5.35043e-40
xr2.xbias__ks2                    -1.74102e-35
xr2.xbias__ks3                    -5.48761e-31
xr2.xbias__ks4                    -2.08372e-26
xr2.xbias__nkg                     -1.5826e-21
xr2.xbias__nkm                     3.40903e-22
xr2.xbias__nokl                    3.40884e-22
xr2.xbias__noko                    2.27263e-22
xr2.xbias__nokx                    3.40891e-22
xr2.bias_ok                                  0
xr2.xcmp__na                     -2.54609e-156
xr2.xcmp__sns                    -3.10058e-185
xr2.xcmp__tn                      2.52508e-156
xr2.xcmp__cmpo                   -2.50679e-156
xr2.vref                         -1.07018e-157
xr2.xcmp__nbg                      -4.2856e-27
xr2.ibias                          -2.2334e-22
xr2.xcmp__bias_okb               -1.94623e-169
xr2.xcmp__snsb                   -5.75822e-185
xr2.xcmp__n1                      4.26877e-171
xr2.por_raw                      -5.68213e-169
xr2.xpor__pdn                    -6.56142e-168
xr2.xpor__ndl                       1.9035e-22
xr2.xpor__ndgn                    1.63556e-161
xr2.xpor__ndg                     3.17481e-160
xr2.xpor__pgdg                   -7.12005e-162
xr2.xpor__pgdgb                  -9.31693e-169
xr2.xpor__tim                      1.0479e-166
xr2.xpor__nd1                     8.82176e-169
xr2.xpor__trip                    1.87152e-175
xr2.xpor__rstb                   -4.35452e-156
xr2.xpor__nnand                   6.83187e-156
xr2.xtemp__n1                     -6.71272e-27
xr2.xtemp__n2                     -3.35576e-26
xr2.xtemp__nbg                     -4.2856e-27
xr2.xtemp__enb                               0
xr2.xtemp__pb                      7.5955e-157
xr2.xtemp__pcas                  -1.57446e-166
xr2.xtemp__nd                     7.00559e-160
xr2.xtemp__nr                    -3.90075e-163
xr2.xtemp__nt                     -1.34238e-26
xr2.xtemp__t5                    -1.23514e-165
xr2.xtemp__t4                    -6.11068e-166
xr2.xtemp__t3                    -2.98216e-166
xr2.xtemp__t2                    -1.40974e-166
xr2.xtemp__t1                    -6.15493e-167
xr2.xtemp__t0                    -2.10609e-167
xr2.xbias__na                    -1.53095e-130
xr2.xbias__nbtop                 -3.52046e-136
xr2.xbias__nt                      4.40731e-31
xr2.xbias__nb                    -3.52047e-136
xr2.xbias__tok                     5.36154e-28
xr2.xcmp__vdda                   -3.83132e-157
xr2.xpor__ndgp                   -5.94302e-158
xr2.xpor__nts                    -2.91065e-165
xr2.xtemp__na                     1.31326e-120
xr2.xtemp__nb                     6.18144e-113
xr2.xtemp__m1d                   -4.82899e-119
xr2.xtemp__m2d                   -5.38189e-111
xr2.xtemp__m3d                    2.09103e-157
xr2.xbias__ec                    -3.52047e-136
xr2.xbias__er                    -1.07019e-157
xr2.xtemp__nc                     6.18144e-113
xr2.xbias__nz                      2.99927e-25
xr2.x162.11                       6.18144e-113
xr2.x162.21                       6.18144e-113
xr2.xtemp__xr1__1                 6.18144e-113
xr2.x163.11                       6.18144e-113
xr2.x163.21                       6.18144e-113
xr2.x164.11                       1.31326e-120
xr2.x164.21                       1.31326e-120
xr2.xtemp__xriso__1               1.31326e-120
xr2.x165.11                       1.31326e-120
xr2.x165.21                       1.31326e-120
xr2.x166.11                       -3.35577e-26
xr2.x166.21                       -3.35577e-26
xr2.xtemp__xrz__1                 -3.35577e-26
xr2.xtemp__xrz__2                 -3.35577e-26
xr2.x167.11                       -3.35577e-26
xr2.x167.21                       -3.35577e-26
xr2.x168.11                       -3.35577e-26
xr2.x168.21                       -3.35577e-26
xr2.xtemp__xrz__3                 -3.35577e-26
xr2.xtemp__xrz__4                 -3.35576e-26
xr2.x169.11                       -3.35576e-26
xr2.x169.21                       -3.35577e-26
xr2.x170.11                       -3.35576e-26
xr2.x170.21                       -3.35576e-26
xr2.xtemp__xrz__5                 -3.35576e-26
xr2.xtemp__xrz__6                 -3.35576e-26
xr2.x171.11                       -3.35576e-26
xr2.x171.21                       -3.35576e-26
xr2.x172.11                       -3.35576e-26
xr2.x172.21                       -3.35576e-26
xr2.xtemp__xrz__7                 -3.35576e-26
xr2.xtemp__xrz__8                 -3.35576e-26
xr2.x173.11                       -3.35576e-26
xr2.x173.21                       -3.35576e-26
xr2.x174.11                       -3.35576e-26
xr2.x174.21                       -3.35576e-26
xr2.xtemp__xrz__9                 -3.35576e-26
xr2.x175.11                       -3.35576e-26
xr2.x175.21                       -3.35576e-26
xr2.x176.11                      -8.44215e-165
xr2.x176.21                       -8.1431e-165
xr2.xtemp__xr2f__1               -8.14247e-165
xr2.xtemp__xr2f__2               -7.84215e-165
xr2.x177.11                      -7.84278e-165
xr2.x177.21                      -8.14184e-165
xr2.x178.11                      -7.84152e-165
xr2.x178.21                      -7.54246e-165
xr2.xtemp__xr2f__3               -7.54183e-165
xr2.xtemp__xr2f__4               -7.24151e-165
xr2.x179.11                      -7.24214e-165
xr2.x179.21                       -7.5412e-165
xr2.x180.11                      -7.24088e-165
xr2.x180.21                      -6.94182e-165
xr2.xtemp__xr2f__5               -6.94119e-165
xr2.xtemp__xr2f__6               -6.64087e-165
xr2.x181.11                      -6.64151e-165
xr2.x181.21                      -6.94056e-165
xr2.x182.11                      -6.64024e-165
xr2.x182.21                      -6.34119e-165
xr2.xtemp__xr2f__7               -6.34056e-165
xr2.xtemp__xr2f__8               -6.04024e-165
xr2.x183.11                      -6.04087e-165
xr2.x183.21                      -6.33992e-165
xr2.x184.11                      -6.03961e-165
xr2.x184.21                      -5.74055e-165
xr2.xtemp__xr2f__9               -5.73992e-165
xr2.xtemp__xr2f__10               -5.4396e-165
xr2.x185.11                      -5.44023e-165
xr2.x185.21                      -5.73929e-165
xr2.x186.11                      -5.43897e-165
xr2.x186.21                      -5.13991e-165
xr2.xtemp__xr2f__11              -5.13928e-165
xr2.xtemp__xr2f__12              -4.83896e-165
xr2.x187.11                      -4.83959e-165
xr2.x187.21                      -5.13865e-165
xr2.x188.11                      -4.83833e-165
xr2.x188.21                      -4.53928e-165
xr2.xtemp__xr2f__13              -4.53864e-165
xr2.xtemp__xr2f__14              -4.23833e-165
xr2.x189.11                      -4.23896e-165
xr2.x189.21                      -4.53801e-165
xr2.x190.11                      -4.23769e-165
xr2.x190.21                      -3.93864e-165
xr2.xtemp__xr2f__15              -3.93801e-165
xr2.xtemp__xr2f__16              -3.63769e-165
xr2.x191.11                      -3.63832e-165
xr2.x191.21                      -3.93737e-165
xr2.x192.11                      -3.63706e-165
xr2.x192.21                        -3.338e-165
xr2.xtemp__xr2f__17              -3.33737e-165
xr2.xtemp__xr2f__18              -3.03705e-165
xr2.x193.11                      -3.03768e-165
xr2.x193.21                      -3.33674e-165
xr2.x194.11                      -3.03642e-165
xr2.x194.21                      -2.73736e-165
xr2.xtemp__xr2f__19              -2.73673e-165
xr2.xtemp__xr2f__20              -2.43641e-165
xr2.x195.11                      -2.43704e-165
xr2.x195.21                       -2.7361e-165
xr2.x196.11                      -2.43578e-165
xr2.x196.21                      -2.13673e-165
xr2.xtemp__xr2f__21              -2.13609e-165
xr2.xtemp__xr2f__22              -1.83578e-165
xr2.x197.11                      -1.83641e-165
xr2.x197.21                      -2.13546e-165
xr2.x198.11                      -1.83514e-165
xr2.x198.21                      -1.53609e-165
xr2.xtemp__xr2f__23              -1.53546e-165
xr2.x199.11                      -1.23577e-165
xr2.x199.21                      -1.53483e-165
xr2.x200.11                      -1.23451e-165
xr2.x200.21                      -9.23735e-166
xr2.xtemp__xr2t5__1              -9.23103e-166
xr2.x201.11                        -6.117e-166
xr2.x201.21                      -9.22472e-166
xr2.x202.11                      -6.10436e-166
xr2.x202.21                      -4.55274e-166
xr2.xtemp__xr2t4__1              -4.54642e-166
xr2.x203.11                      -2.98848e-166
xr2.x203.21                       -4.5401e-166
xr2.x204.11                      -2.97585e-166
xr2.x204.21                      -2.20227e-166
xr2.xtemp__xr2t3__1              -2.19595e-166
xr2.x205.11                      -1.41605e-166
xr2.x205.21                      -2.18963e-166
xr2.x206.11                      -1.40342e-166
xr2.x206.21                      -1.01893e-166
xr2.xtemp__xr2t2__1              -1.01262e-166
xr2.x207.11                       -6.2181e-167
xr2.x207.21                       -1.0063e-166
xr2.x208.11                      -6.09177e-167
xr2.x208.21                      -4.19368e-167
xr2.xtemp__xr2t1__1              -4.13051e-167
xr2.x209.11                      -2.16926e-167
xr2.x209.21                      -4.06735e-167
xr2.x210.11                      -2.04293e-167
xr2.x210.21                      -1.11621e-167
xr2.xtemp__xr2t0__1              -1.05305e-167
xr2.x211.11                      -6.31654e-169
xr2.x211.21                      -9.89881e-168
xr2.x212.11                      -3.10057e-185
xr2.x212.21                      -6.61816e-191
xr2.x213.11                      -5.75822e-185
xr2.x213.21                      -3.10058e-185
xr2.x214.11                      -1.25215e-189
xr2.x214.21                       -5.7581e-185
xr2.x215.11                      -1.07018e-157
xr2.x215.21                      -1.07018e-157
xr2.xbias__xr2__1                -1.07018e-157
xr2.xbias__xr2__2                -1.07018e-157
xr2.x216.11                      -1.07018e-157
xr2.x216.21                      -1.07018e-157
xr2.x217.11                      -1.07018e-157
xr2.x217.21                      -1.07018e-157
xr2.xbias__xr2__3                -1.07018e-157
xr2.xbias__xr2__4                -1.07018e-157
xr2.x218.11                      -1.07018e-157
xr2.x218.21                      -1.07018e-157
xr2.x219.11                      -1.07018e-157
xr2.x219.21                      -1.07018e-157
xr2.xbias__xr2__5                -1.07018e-157
xr2.xbias__xr2__6                -1.07018e-157
xr2.x220.11                      -1.07018e-157
xr2.x220.21                      -1.07018e-157
xr2.x221.11                      -1.07018e-157
xr2.x221.21                      -1.07018e-157
xr2.xbias__xr2__7                -1.07018e-157
xr2.xbias__xr2__8                -1.07018e-157
xr2.x222.11                      -1.07018e-157
xr2.x222.21                      -1.07018e-157
xr2.x223.11                      -1.07018e-157
xr2.x223.21                      -1.07018e-157
xr2.xbias__xr2__9                -1.07018e-157
xr2.xbias__xr2__10               -1.07018e-157
xr2.x224.11                      -1.07018e-157
xr2.x224.21                      -1.07018e-157
xr2.x225.11                      -1.07018e-157
xr2.x225.21                      -1.07018e-157
xr2.xbias__xr2__11               -1.07018e-157
xr2.xbias__xr2__12               -1.07018e-157
xr2.x226.11                      -1.07018e-157
xr2.x226.21                      -1.07018e-157
xr2.x227.11                      -1.07018e-157
xr2.x227.21                      -1.07018e-157
xr2.xbias__xr2__13               -1.07018e-157
xr2.xbias__xr2__14               -1.07018e-157
xr2.x228.11                      -1.07018e-157
xr2.x228.21                      -1.07018e-157
xr2.x229.11                      -1.07018e-157
xr2.x229.21                      -1.07018e-157
xr2.xbias__xr2__15               -1.07018e-157
xr2.x230.11                      -1.07019e-157
xr2.x230.21                      -1.07018e-157
xr2.x231.11                        2.99927e-25
xr2.x231.21                        2.99926e-25
xr2.xbias__xrz__1                  2.99926e-25
xr2.xbias__xrz__2                  2.99926e-25
xr2.x232.11                        2.99926e-25
xr2.x232.21                        2.99926e-25
xr2.x233.11                        2.99926e-25
xr2.x233.21                        2.99926e-25
xr2.xbias__xrz__3                  2.99926e-25
xr2.x234.11                        2.99926e-25
xr2.x234.21                        2.99926e-25
xr2.x235.11                      -3.52047e-136
xr2.x235.21                      -3.52047e-136
xr2.xbias__xr1__1                -3.52047e-136
xr2.x236.11                      -3.52047e-136
xr2.x236.21                      -3.52047e-136
xr2.x237.11                      -3.52046e-136
xr2.x237.21                      -3.52047e-136
xr2.xbias__xrt__1                -3.52047e-136
xr2.x238.11                      -3.52047e-136
xr2.x238.21                      -3.52047e-136
xr2.xbias__nt__par                 4.40731e-31
xr2.xtemp__xrz__2__par            -3.35577e-26
xr2.xtemp__xrz__4__par            -3.35576e-26
xr2.xtemp__xrz__6__par            -3.35576e-26
xr2.xtemp__xrz__8__par            -3.35576e-26
xr2.xbias__n1__par                 1.03349e-36
xr2.xtemp__xr2f__2__par          -7.84215e-165
xr2.xtemp__xr2f__4__par          -7.24151e-165
xr2.xtemp__xr2f__6__par          -6.64087e-165
xr2.xtemp__xr2f__8__par          -6.04024e-165
xr2.xtemp__xr2f__10__par          -5.4396e-165
xr2.xtemp__xr2f__12__par         -4.83896e-165
xr2.xtemp__xr2f__14__par         -4.23833e-165
xr2.xtemp__xr2f__16__par         -3.63769e-165
xr2.xtemp__xr2f__18__par         -3.03705e-165
xr2.xtemp__xr2f__20__par         -2.43641e-165
xr2.xbias__n2__par                 2.99926e-25
xr2.xtemp__xr2f__22__par         -1.83578e-165
xr2.xtemp__xr2t0__1__par         -1.05305e-167
xr2.xtemp__xr2t1__1__par         -4.13051e-167
xr2.xbias__tok__par                5.36154e-28
xr2.xtemp__xr2t2__1__par         -1.01262e-166
xr2.xtemp__xr2t3__1__par         -2.19595e-166
xr2.xbias__noko__par               2.27263e-22
xr2.xtemp__xriso__1__par          1.31326e-120
xr2.xtemp__xr2t4__1__par         -4.54642e-166
xr2.xtemp__xr1__1__par            6.18144e-113
xr2.xtemp__xrz__1__par            -3.35577e-26
xr2.xtemp__xrz__3__par            -3.35577e-26
xr2.xtemp__xrz__5__par            -3.35576e-26
xr2.xbias__nokl__par               3.40884e-22
xr2.xtemp__xrz__7__par            -3.35576e-26
xr2.xtemp__xrz__9__par            -3.35576e-26
xr2.xtemp__xr2f__1__par          -8.14247e-165
xr2.xtemp__xr2f__3__par          -7.54183e-165
xr2.xtemp__xr2f__5__par          -6.94119e-165
xr2.xtemp__xr2f__7__par          -6.34056e-165
xr2.xtemp__xr2f__9__par          -5.73992e-165
xr2.xtemp__xr2f__11__par         -5.13928e-165
xr2.xtemp__xr2f__13__par         -4.53864e-165
xr2.xtemp__xr2f__15__par         -3.93801e-165
xr2.xbias__nkg__par                -1.5826e-21
xr2.xtemp__xr2f__17__par         -3.33737e-165
xr2.xtemp__xr2f__19__par         -2.73673e-165
xr2.xtemp__xr2f__21__par         -2.13609e-165
xr2.xtemp__xr2f__23__par         -1.53546e-165
xr2.xtemp__xr2t5__1__par         -9.23103e-166
xr2.xbias__nb__par               -3.52047e-136
xr2.xcmp__vdda__par              -3.83132e-157
xr2.xcmp__na__par                -2.54609e-156
xr2.xcmp__cmpo__par              -2.50679e-156
xr2.xcmp__n1__par                 4.26877e-171
xr2.xcmp__tn__par                 2.52508e-156
xr2.xcmp__sns__par               -3.10058e-185
xr2.xcmp__nbg__par                 -4.2856e-27
xr2.xcmp__snsb__par              -5.75822e-185
xr2.xpor__pdn__par               -6.56142e-168
xr2.xpor__ndl__par                  1.9035e-22
xr2.xpor__ndgn__par               1.63556e-161
xr2.xpor__pgdg__par              -7.12005e-162
xr2.xpor__pgdgb__par             -9.31693e-169
xr2.xpor__nd1__par                8.82176e-169
xr2.xpor__nnand__par              6.83187e-156
xr2.xpor__ndgp__par              -5.94302e-158
xr2.xpor__nts__par               -2.91065e-165
xr2.xpor__rstb__par              -4.35452e-156
xr2.xbias__nkm__par                3.40903e-22
xr2.xbias__nokx__par               3.40891e-22
xr2.xbias__ks1__par               -5.35043e-40
xr2.xbias__ks2__par               -1.74102e-35
xr2.xbias__ks3__par               -5.48761e-31
xr2.xbias__ks4__par               -2.08372e-26
xr2.xbias__ec__par               -3.52047e-136
xr2.xbias__nz__par                 2.99927e-25
xr2.xpor__ndg__par                3.17481e-160
xr2.xpor__tim__par                 1.0479e-166
xr2.xpor__trip__par               1.87152e-175
xr2.xbias__xr2__2__par           -1.07018e-157
xr2.xbias__xr2__4__par           -1.07018e-157
xr2.xbias__xr2__6__par           -1.07018e-157
xr2.xbias__xr2__8__par           -1.07018e-157
xr2.xbias__xr2__10__par          -1.07018e-157
xr2.xbias__xr2__12__par          -1.07018e-157
xr2.xbias__pg__par                 7.88071e-22
xr2.xbias__xr2__14__par          -1.07018e-157
xr2.xbias__xrz__2__par             2.99926e-25
xr2.xbias__xrt__1__par           -3.52047e-136
xr2.xbias__na__par               -1.53095e-130
xr2.xbias__er__par               -1.07019e-157
xr2.xbias__nbtop__par            -3.52046e-136
xr2.xbias__nbg__par                  3.409e-22
xr2.xbias__xrz__1__par             2.99926e-25
xr2.xbias__xrz__3__par             2.99926e-25
xr2.xbias__xr1__1__par           -3.52047e-136
xr2.xbias__xr2__13__par          -1.07018e-157
xr2.xbias__xr2__11__par          -1.07018e-157
xr2.xbias__xr2__1__par           -1.07018e-157
xr2.xbias__xr2__3__par           -1.07018e-157
xr2.xbias__xr2__5__par           -1.07018e-157
xr2.xbias__xr2__7__par           -1.07018e-157
xr2.xbias__xr2__9__par           -1.07018e-157
xr2.xbias__pb__par                  -3.409e-22
xr2.xbias__xr2__15__par          -1.07018e-157
xr2.bias_ok__par                             0
xr2.xcmp__bias_okb__par          -1.94623e-169
xr2.ctat__par                     1.31326e-120
xr2.resetn__par                  -6.26734e-151
xr2.xtemp__enb__par                          0
xr2.ibias__par                     -2.2334e-22
xr2.xtemp__m1d__par              -4.82899e-119
xr2.xtemp__m2d__par              -5.38189e-111
xr2.xtemp__m3d__par               2.09103e-157
xr2.xtemp__n1__par                -6.71272e-27
xr2.xtemp__n2__par                -3.35576e-26
xr2.xtemp__na__par                1.31326e-120
xr2.xtemp__nb__par                6.18144e-113
xr2.xtemp__nbg__par                -4.2856e-27
xr2.xtemp__nc__par                6.18144e-113
xr2.xtemp__nd__par                7.00559e-160
xr2.xtemp__nr__par               -3.90075e-163
xr2.xtemp__nt__par                -1.34238e-26
xr2.xtemp__nz__par                -3.35577e-26
xr2.xtemp__pb__par                 7.5955e-157
xr2.xtemp__pcas__par             -1.57446e-166
xr2.xtemp__pg__par                -5.14157e-22
xr2.por_raw__par                 -5.68213e-169
xr2.ptat__par                    -8.44279e-165
xr2.xtemp__t0__par               -2.10609e-167
xr2.xtemp__t1__par               -6.15493e-167
xr2.xtemp__t2__par               -1.40974e-166
xr2.xtemp__t3__par               -2.98216e-166
xr2.xtemp__t4__par               -6.11068e-166
xr2.xtemp__t5__par               -1.23514e-165
xr2.vdd__par                                 0
xr2.vref__par                    -1.07018e-157
xr2.vss__par                                 0
vddr3                                        0
ptatr3                           -8.40072e-165
ctatr3                            2.05074e-121
resetnr3                         -6.26734e-151
xr3.xtemp__pg                     -5.14157e-22
xr3.xtemp__nz                     -3.35576e-26
xr3.xbias__nbg                       3.409e-22
xr3.xbias__pb                       -3.409e-22
xr3.xbias__n1                       1.0335e-36
xr3.xbias__n2                      2.99928e-25
xr3.xbias__pg                      7.88071e-22
xr3.xbias__ks1                    -5.35043e-40
xr3.xbias__ks2                    -1.74102e-35
xr3.xbias__ks3                    -5.48761e-31
xr3.xbias__ks4                    -2.08372e-26
xr3.xbias__nkg                     -1.5826e-21
xr3.xbias__nkm                     3.40903e-22
xr3.xbias__nokl                    3.40884e-22
xr3.xbias__noko                    2.27263e-22
xr3.xbias__nokx                    3.40891e-22
xr3.bias_ok                                  0
xr3.xcmp__na                     -2.54609e-156
xr3.xcmp__sns                    -3.10129e-185
xr3.xcmp__tn                      2.52508e-156
xr3.xcmp__cmpo                   -2.50679e-156
xr3.vref                          9.18134e-158
xr3.xcmp__nbg                      -4.2856e-27
xr3.ibias                          -2.2334e-22
xr3.xcmp__bias_okb               -1.94623e-169
xr3.xcmp__snsb                   -5.75955e-185
xr3.xcmp__n1                      4.26877e-171
xr3.por_raw                      -5.68213e-169
xr3.xpor__pdn                    -6.56142e-168
xr3.xpor__ndl                       1.9035e-22
xr3.xpor__ndgn                    1.63556e-161
xr3.xpor__ndg                     3.17481e-160
xr3.xpor__pgdg                   -7.12005e-162
xr3.xpor__pgdgb                  -9.31693e-169
xr3.xpor__tim                      1.0479e-166
xr3.xpor__nd1                     8.82176e-169
xr3.xpor__trip                    1.87152e-175
xr3.xpor__rstb                   -4.35452e-156
xr3.xpor__nnand                   6.83187e-156
xr3.xtemp__n1                     -6.71272e-27
xr3.xtemp__n2                     -3.35576e-26
xr3.xtemp__nbg                     -4.2856e-27
xr3.xtemp__enb                               0
xr3.xtemp__pb                      7.5955e-157
xr3.xtemp__pcas                  -1.57446e-166
xr3.xtemp__nd                     7.00559e-160
xr3.xtemp__nr                    -3.90075e-163
xr3.xtemp__nt                     -1.34238e-26
xr3.xtemp__t5                    -1.22899e-165
xr3.xtemp__t4                    -6.08024e-166
xr3.xtemp__t3                    -2.96731e-166
xr3.xtemp__t2                    -1.40271e-166
xr3.xtemp__t1                    -6.12427e-167
xr3.xtemp__t0                     -2.0956e-167
xr3.xbias__na                    -1.53095e-130
xr3.xbias__nbtop                  1.93675e-135
xr3.xbias__nt                      4.40735e-31
xr3.xbias__nb                     1.93675e-135
xr3.xbias__tok                     5.36154e-28
xr3.xcmp__vdda                   -3.83132e-157
xr3.xpor__ndgp                   -5.94302e-158
xr3.xpor__nts                    -2.91065e-165
xr3.xtemp__na                     2.05074e-121
xr3.xtemp__nb                     6.16282e-113
xr3.xtemp__m1d                   -7.54292e-120
xr3.xtemp__m2d                    -5.3657e-111
xr3.xtemp__m3d                    2.08061e-157
xr3.xbias__ec                     1.93675e-135
xr3.xbias__er                     9.18139e-158
xr3.xtemp__nc                     6.16282e-113
xr3.xbias__nz                      2.99929e-25
xr3.x162.11                       6.16282e-113
xr3.x162.21                       6.16282e-113
xr3.xtemp__xr1__1                 6.16282e-113
xr3.x163.11                       6.16282e-113
xr3.x163.21                       6.16282e-113
xr3.x164.11                       2.05074e-121
xr3.x164.21                       2.05074e-121
xr3.xtemp__xriso__1               2.05074e-121
xr3.x165.11                       2.05074e-121
xr3.x165.21                       2.05074e-121
xr3.x166.11                       -3.35576e-26
xr3.x166.21                       -3.35576e-26
xr3.xtemp__xrz__1                 -3.35576e-26
xr3.xtemp__xrz__2                 -3.35576e-26
xr3.x167.11                       -3.35576e-26
xr3.x167.21                       -3.35576e-26
xr3.x168.11                       -3.35576e-26
xr3.x168.21                       -3.35576e-26
xr3.xtemp__xrz__3                 -3.35576e-26
xr3.xtemp__xrz__4                 -3.35576e-26
xr3.x169.11                       -3.35576e-26
xr3.x169.21                       -3.35576e-26
xr3.x170.11                       -3.35576e-26
xr3.x170.21                       -3.35576e-26
xr3.xtemp__xrz__5                 -3.35576e-26
xr3.xtemp__xrz__6                 -3.35576e-26
xr3.x171.11                       -3.35576e-26
xr3.x171.21                       -3.35576e-26
xr3.x172.11                       -3.35576e-26
xr3.x172.21                       -3.35576e-26
xr3.xtemp__xrz__7                 -3.35576e-26
xr3.xtemp__xrz__8                 -3.35576e-26
xr3.x173.11                       -3.35576e-26
xr3.x173.21                       -3.35576e-26
xr3.x174.11                       -3.35576e-26
xr3.x174.21                       -3.35576e-26
xr3.xtemp__xrz__9                 -3.35576e-26
xr3.x175.11                       -3.35576e-26
xr3.x175.21                       -3.35576e-26
xr3.x176.11                       -8.4001e-165
xr3.x176.21                      -8.10253e-165
xr3.xtemp__xr2f__1                -8.1019e-165
xr3.xtemp__xr2f__2               -7.80308e-165
xr3.x177.11                      -7.80371e-165
xr3.x177.21                      -8.10127e-165
xr3.x178.11                      -7.80245e-165
xr3.x178.21                      -7.50489e-165
xr3.xtemp__xr2f__3               -7.50426e-165
xr3.xtemp__xr2f__4               -7.20543e-165
xr3.x179.11                      -7.20606e-165
xr3.x179.21                      -7.50363e-165
xr3.x180.11                      -7.20481e-165
xr3.x180.21                      -6.90724e-165
xr3.xtemp__xr2f__5               -6.90661e-165
xr3.xtemp__xr2f__6               -6.60779e-165
xr3.x181.11                      -6.60842e-165
xr3.x181.21                      -6.90598e-165
xr3.x182.11                      -6.60716e-165
xr3.x182.21                       -6.3096e-165
xr3.xtemp__xr2f__7               -6.30897e-165
xr3.xtemp__xr2f__8               -6.01014e-165
xr3.x183.11                      -6.01077e-165
xr3.x183.21                      -6.30834e-165
xr3.x184.11                      -6.00952e-165
xr3.x184.21                      -5.71195e-165
xr3.xtemp__xr2f__9               -5.71132e-165
xr3.xtemp__xr2f__10               -5.4125e-165
xr3.x185.11                      -5.41313e-165
xr3.x185.21                      -5.71069e-165
xr3.x186.11                      -5.41187e-165
xr3.x186.21                      -5.11431e-165
xr3.xtemp__xr2f__11              -5.11368e-165
xr3.xtemp__xr2f__12              -4.81485e-165
xr3.x187.11                      -4.81548e-165
xr3.x187.21                      -5.11305e-165
xr3.x188.11                      -4.81423e-165
xr3.x188.21                      -4.51666e-165
xr3.xtemp__xr2f__13              -4.51603e-165
xr3.xtemp__xr2f__14              -4.21721e-165
xr3.x189.11                      -4.21784e-165
xr3.x189.21                       -4.5154e-165
xr3.x190.11                      -4.21658e-165
xr3.x190.21                      -3.91902e-165
xr3.xtemp__xr2f__15              -3.91839e-165
xr3.xtemp__xr2f__16              -3.61956e-165
xr3.x191.11                      -3.62019e-165
xr3.x191.21                      -3.91776e-165
xr3.x192.11                      -3.61894e-165
xr3.x192.21                      -3.32137e-165
xr3.xtemp__xr2f__17              -3.32074e-165
xr3.xtemp__xr2f__18              -3.02192e-165
xr3.x193.11                      -3.02255e-165
xr3.x193.21                      -3.32011e-165
xr3.x194.11                      -3.02129e-165
xr3.x194.21                      -2.72373e-165
xr3.xtemp__xr2f__19               -2.7231e-165
xr3.xtemp__xr2f__20              -2.42428e-165
xr3.x195.11                       -2.4249e-165
xr3.x195.21                      -2.72247e-165
xr3.x196.11                      -2.42365e-165
xr3.x196.21                      -2.12608e-165
xr3.xtemp__xr2f__21              -2.12545e-165
xr3.xtemp__xr2f__22              -1.82663e-165
xr3.x197.11                      -1.82726e-165
xr3.x197.21                      -2.12482e-165
xr3.x198.11                        -1.826e-165
xr3.x198.21                      -1.52844e-165
xr3.xtemp__xr2f__23              -1.52781e-165
xr3.x199.11                      -1.22961e-165
xr3.x199.21                      -1.52718e-165
xr3.x200.11                      -1.22836e-165
xr3.x200.21                      -9.19133e-166
xr3.xtemp__xr2t5__1              -9.18504e-166
xr3.x201.11                      -6.08652e-166
xr3.x201.21                      -9.17876e-166
xr3.x202.11                      -6.07395e-166
xr3.x202.21                      -4.53006e-166
xr3.xtemp__xr2t4__1              -4.52377e-166
xr3.x203.11                      -2.97359e-166
xr3.x203.21                      -4.51749e-166
xr3.x204.11                      -2.96102e-166
xr3.x204.21                       -2.1913e-166
xr3.xtemp__xr2t3__1              -2.18501e-166
xr3.x205.11                        -1.409e-166
xr3.x205.21                      -2.17872e-166
xr3.x206.11                      -1.39643e-166
xr3.x206.21                      -1.01386e-166
xr3.xtemp__xr2t2__1              -1.00757e-166
xr3.x207.11                      -6.18712e-167
xr3.x207.21                      -1.00129e-166
xr3.x208.11                      -6.06142e-167
xr3.x208.21                      -4.17279e-167
xr3.xtemp__xr2t1__1              -4.10993e-167
xr3.x209.11                      -2.15845e-167
xr3.x209.21                      -4.04708e-167
xr3.x210.11                      -2.03275e-167
xr3.x210.21                      -1.11065e-167
xr3.xtemp__xr2t0__1               -1.0478e-167
xr3.x211.11                      -6.28507e-169
xr3.x211.21                       -9.8495e-168
xr3.x212.11                      -3.10128e-185
xr3.x212.21                      -6.61968e-191
xr3.x213.11                      -5.75954e-185
xr3.x213.21                      -3.10129e-185
xr3.x214.11                      -1.25244e-189
xr3.x214.21                      -5.75942e-185
xr3.x215.11                       9.18134e-158
xr3.x215.21                       9.18134e-158
xr3.xbias__xr2__1                 9.18134e-158
xr3.xbias__xr2__2                 9.18134e-158
xr3.x216.11                       9.18134e-158
xr3.x216.21                       9.18134e-158
xr3.x217.11                       9.18134e-158
xr3.x217.21                       9.18135e-158
xr3.xbias__xr2__3                 9.18135e-158
xr3.xbias__xr2__4                 9.18135e-158
xr3.x218.11                       9.18135e-158
xr3.x218.21                       9.18135e-158
xr3.x219.11                       9.18135e-158
xr3.x219.21                       9.18135e-158
xr3.xbias__xr2__5                 9.18135e-158
xr3.xbias__xr2__6                 9.18136e-158
xr3.x220.11                       9.18136e-158
xr3.x220.21                       9.18135e-158
xr3.x221.11                       9.18136e-158
xr3.x221.21                       9.18136e-158
xr3.xbias__xr2__7                 9.18136e-158
xr3.xbias__xr2__8                 9.18136e-158
xr3.x222.11                       9.18136e-158
xr3.x222.21                       9.18136e-158
xr3.x223.11                       9.18136e-158
xr3.x223.21                       9.18136e-158
xr3.xbias__xr2__9                 9.18136e-158
xr3.xbias__xr2__10                9.18137e-158
xr3.x224.11                       9.18137e-158
xr3.x224.21                       9.18136e-158
xr3.x225.11                       9.18137e-158
xr3.x225.21                       9.18137e-158
xr3.xbias__xr2__11                9.18137e-158
xr3.xbias__xr2__12                9.18137e-158
xr3.x226.11                       9.18137e-158
xr3.x226.21                       9.18137e-158
xr3.x227.11                       9.18137e-158
xr3.x227.21                       9.18138e-158
xr3.xbias__xr2__13                9.18138e-158
xr3.xbias__xr2__14                9.18138e-158
xr3.x228.11                       9.18138e-158
xr3.x228.21                       9.18138e-158
xr3.x229.11                       9.18138e-158
xr3.x229.21                       9.18138e-158
xr3.xbias__xr2__15                9.18138e-158
xr3.x230.11                       9.18139e-158
xr3.x230.21                       9.18138e-158
xr3.x231.11                        2.99929e-25
xr3.x231.21                        2.99928e-25
xr3.xbias__xrz__1                  2.99928e-25
xr3.xbias__xrz__2                  2.99928e-25
xr3.x232.11                        2.99928e-25
xr3.x232.21                        2.99928e-25
xr3.x233.11                        2.99928e-25
xr3.x233.21                        2.99928e-25
xr3.xbias__xrz__3                  2.99928e-25
xr3.x234.11                        2.99928e-25
xr3.x234.21                        2.99928e-25
xr3.x235.11                       1.93675e-135
xr3.x235.21                       1.93675e-135
xr3.xbias__xr1__1                 1.93675e-135
xr3.x236.11                       1.93675e-135
xr3.x236.21                       1.93675e-135
xr3.x237.11                       1.93675e-135
xr3.x237.21                       1.93675e-135
xr3.xbias__xrt__1                 1.93675e-135
xr3.x238.11                       1.93675e-135
xr3.x238.21                       1.93675e-135
xr3.xbias__nt__par                 4.40735e-31
xr3.xtemp__xrz__2__par            -3.35576e-26
xr3.xtemp__xrz__4__par            -3.35576e-26
xr3.xtemp__xrz__6__par            -3.35576e-26
xr3.xtemp__xrz__8__par            -3.35576e-26
xr3.xbias__n1__par                  1.0335e-36
xr3.xtemp__xr2f__2__par          -7.80308e-165
xr3.xtemp__xr2f__4__par          -7.20543e-165
xr3.xtemp__xr2f__6__par          -6.60779e-165
xr3.xtemp__xr2f__8__par          -6.01014e-165
xr3.xtemp__xr2f__10__par          -5.4125e-165
xr3.xtemp__xr2f__12__par         -4.81485e-165
xr3.xtemp__xr2f__14__par         -4.21721e-165
xr3.xtemp__xr2f__16__par         -3.61956e-165
xr3.xtemp__xr2f__18__par         -3.02192e-165
xr3.xtemp__xr2f__20__par         -2.42428e-165
xr3.xbias__n2__par                 2.99928e-25
xr3.xtemp__xr2f__22__par         -1.82663e-165
xr3.xtemp__xr2t0__1__par          -1.0478e-167
xr3.xtemp__xr2t1__1__par         -4.10993e-167
xr3.xbias__tok__par                5.36154e-28
xr3.xtemp__xr2t2__1__par         -1.00757e-166
xr3.xtemp__xr2t3__1__par         -2.18501e-166
xr3.xbias__noko__par               2.27263e-22
xr3.xtemp__xriso__1__par          2.05074e-121
xr3.xtemp__xr2t4__1__par         -4.52377e-166
xr3.xtemp__xr1__1__par            6.16282e-113
xr3.xtemp__xrz__1__par            -3.35576e-26
xr3.xtemp__xrz__3__par            -3.35576e-26
xr3.xtemp__xrz__5__par            -3.35576e-26
xr3.xbias__nokl__par               3.40884e-22
xr3.xtemp__xrz__7__par            -3.35576e-26
xr3.xtemp__xrz__9__par            -3.35576e-26
xr3.xtemp__xr2f__1__par           -8.1019e-165
xr3.xtemp__xr2f__3__par          -7.50426e-165
xr3.xtemp__xr2f__5__par          -6.90661e-165
xr3.xtemp__xr2f__7__par          -6.30897e-165
xr3.xtemp__xr2f__9__par          -5.71132e-165
xr3.xtemp__xr2f__11__par         -5.11368e-165
xr3.xtemp__xr2f__13__par         -4.51603e-165
xr3.xtemp__xr2f__15__par         -3.91839e-165
xr3.xbias__nkg__par                -1.5826e-21
xr3.xtemp__xr2f__17__par         -3.32074e-165
xr3.xtemp__xr2f__19__par          -2.7231e-165
xr3.xtemp__xr2f__21__par         -2.12545e-165
xr3.xtemp__xr2f__23__par         -1.52781e-165
xr3.xtemp__xr2t5__1__par         -9.18504e-166
xr3.xbias__nb__par                1.93675e-135
xr3.xcmp__vdda__par              -3.83132e-157
xr3.xcmp__na__par                -2.54609e-156
xr3.xcmp__cmpo__par              -2.50679e-156
xr3.xcmp__n1__par                 4.26877e-171
xr3.xcmp__tn__par                 2.52508e-156
xr3.xcmp__sns__par               -3.10129e-185
xr3.xcmp__nbg__par                 -4.2856e-27
xr3.xcmp__snsb__par              -5.75955e-185
xr3.xpor__pdn__par               -6.56142e-168
xr3.xpor__ndl__par                  1.9035e-22
xr3.xpor__ndgn__par               1.63556e-161
xr3.xpor__pgdg__par              -7.12005e-162
xr3.xpor__pgdgb__par             -9.31693e-169
xr3.xpor__nd1__par                8.82176e-169
xr3.xpor__nnand__par              6.83187e-156
xr3.xpor__ndgp__par              -5.94302e-158
xr3.xpor__nts__par               -2.91065e-165
xr3.xpor__rstb__par              -4.35452e-156
xr3.xbias__nkm__par                3.40903e-22
xr3.xbias__nokx__par               3.40891e-22
xr3.xbias__ks1__par               -5.35043e-40
xr3.xbias__ks2__par               -1.74102e-35
xr3.xbias__ks3__par               -5.48761e-31
xr3.xbias__ks4__par               -2.08372e-26
xr3.xbias__ec__par                1.93675e-135
xr3.xbias__nz__par                 2.99929e-25
xr3.xpor__ndg__par                3.17481e-160
xr3.xpor__tim__par                 1.0479e-166
xr3.xpor__trip__par               1.87152e-175
xr3.xbias__xr2__2__par            9.18134e-158
xr3.xbias__xr2__4__par            9.18135e-158
xr3.xbias__xr2__6__par            9.18136e-158
xr3.xbias__xr2__8__par            9.18136e-158
xr3.xbias__xr2__10__par           9.18137e-158
xr3.xbias__xr2__12__par           9.18137e-158
xr3.xbias__pg__par                 7.88071e-22
xr3.xbias__xr2__14__par           9.18138e-158
xr3.xbias__xrz__2__par             2.99928e-25
xr3.xbias__xrt__1__par            1.93675e-135
xr3.xbias__na__par               -1.53095e-130
xr3.xbias__er__par                9.18139e-158
xr3.xbias__nbtop__par             1.93675e-135
xr3.xbias__nbg__par                  3.409e-22
xr3.xbias__xrz__1__par             2.99928e-25
xr3.xbias__xrz__3__par             2.99928e-25
xr3.xbias__xr1__1__par            1.93675e-135
xr3.xbias__xr2__13__par           9.18138e-158
xr3.xbias__xr2__11__par           9.18137e-158
xr3.xbias__xr2__1__par            9.18134e-158
xr3.xbias__xr2__3__par            9.18135e-158
xr3.xbias__xr2__5__par            9.18135e-158
xr3.xbias__xr2__7__par            9.18136e-158
xr3.xbias__xr2__9__par            9.18136e-158
xr3.xbias__pb__par                  -3.409e-22
xr3.xbias__xr2__15__par           9.18138e-158
xr3.bias_ok__par                             0
xr3.xcmp__bias_okb__par          -1.94623e-169
xr3.ctat__par                     2.05074e-121
xr3.resetn__par                  -6.26734e-151
xr3.xtemp__enb__par                          0
xr3.ibias__par                     -2.2334e-22
xr3.xtemp__m1d__par              -7.54292e-120
xr3.xtemp__m2d__par               -5.3657e-111
xr3.xtemp__m3d__par               2.08061e-157
xr3.xtemp__n1__par                -6.71272e-27
xr3.xtemp__n2__par                -3.35576e-26
xr3.xtemp__na__par                2.05074e-121
xr3.xtemp__nb__par                6.16282e-113
xr3.xtemp__nbg__par                -4.2856e-27
xr3.xtemp__nc__par                6.16282e-113
xr3.xtemp__nd__par                7.00559e-160
xr3.xtemp__nr__par               -3.90075e-163
xr3.xtemp__nt__par                -1.34238e-26
xr3.xtemp__nz__par                -3.35576e-26
xr3.xtemp__pb__par                 7.5955e-157
xr3.xtemp__pcas__par             -1.57446e-166
xr3.xtemp__pg__par                -5.14157e-22
xr3.por_raw__par                 -5.68213e-169
xr3.ptat__par                    -8.40072e-165
xr3.xtemp__t0__par                -2.0956e-167
xr3.xtemp__t1__par               -6.12427e-167
xr3.xtemp__t2__par               -1.40271e-166
xr3.xtemp__t3__par               -2.96731e-166
xr3.xtemp__t4__par               -6.08024e-166
xr3.xtemp__t5__par               -1.22899e-165
xr3.vdd__par                                 0
xr3.vref__par                     9.18134e-158
xr3.vss__par                                 0
vddr4                                        0
ptatr4                            -8.5994e-165
ctatr4                           -9.37714e-121
resetnr4                         -6.26734e-151
xr4.xtemp__pg                     -5.14157e-22
xr4.xtemp__nz                     -3.35578e-26
xr4.xbias__nbg                       3.409e-22
xr4.xbias__pb                       -3.409e-22
xr4.xbias__n1                      1.03349e-36
xr4.xbias__n2                      2.99926e-25
xr4.xbias__pg                      7.88071e-22
xr4.xbias__ks1                    -5.35043e-40
xr4.xbias__ks2                    -1.74102e-35
xr4.xbias__ks3                    -5.48761e-31
xr4.xbias__ks4                    -2.08372e-26
xr4.xbias__nkg                     -1.5826e-21
xr4.xbias__nkm                     3.40903e-22
xr4.xbias__nokl                    3.40884e-22
xr4.xbias__noko                    2.27263e-22
xr4.xbias__nokx                    3.40891e-22
xr4.bias_ok                                  0
xr4.xcmp__na                     -3.24988e-156
xr4.xcmp__sns                    -3.10148e-185
xr4.xcmp__tn                      3.33753e-156
xr4.xcmp__cmpo                   -3.44493e-156
xr4.vref                         -1.91507e-157
xr4.xcmp__nbg                      -4.2856e-27
xr4.ibias                          -2.2334e-22
xr4.xcmp__bias_okb               -1.94623e-169
xr4.xcmp__snsb                   -5.75991e-185
xr4.xcmp__n1                      4.26877e-171
xr4.por_raw                      -5.68213e-169
xr4.xpor__pdn                    -6.56142e-168
xr4.xpor__ndl                       1.9035e-22
xr4.xpor__ndgn                    1.63556e-161
xr4.xpor__ndg                     3.17481e-160
xr4.xpor__pgdg                   -7.12005e-162
xr4.xpor__pgdgb                  -9.31693e-169
xr4.xpor__tim                      1.0479e-166
xr4.xpor__nd1                     8.82176e-169
xr4.xpor__trip                    1.87152e-175
xr4.xpor__rstb                   -4.35452e-156
xr4.xpor__nnand                   6.83187e-156
xr4.xtemp__n1                     -6.71276e-27
xr4.xtemp__n2                     -3.35578e-26
xr4.xtemp__nbg                     -4.2856e-27
xr4.xtemp__enb                               0
xr4.xtemp__pb                      7.5955e-157
xr4.xtemp__pcas                  -1.57446e-166
xr4.xtemp__nd                     7.00559e-160
xr4.xtemp__nr                    -3.90075e-163
xr4.xtemp__nt                     -1.34239e-26
xr4.xtemp__t5                    -1.25805e-165
xr4.xtemp__t4                    -6.22403e-166
xr4.xtemp__t3                    -3.03748e-166
xr4.xtemp__t2                    -1.43589e-166
xr4.xtemp__t1                    -6.26911e-167
xr4.xtemp__t0                    -2.14516e-167
xr4.xbias__na                    -1.53095e-130
xr4.xbias__nbtop                  3.38017e-135
xr4.xbias__nt                      4.40732e-31
xr4.xbias__nb                     3.38017e-135
xr4.xbias__tok                     5.36154e-28
xr4.xcmp__vdda                   -3.65608e-157
xr4.xpor__ndgp                   -5.94302e-158
xr4.xpor__nts                    -2.91065e-165
xr4.xtemp__na                    -9.37714e-121
xr4.xtemp__nb                     6.16328e-113
xr4.xtemp__m1d                    3.44762e-119
xr4.xtemp__m2d                   -5.36607e-111
xr4.xtemp__m3d                    2.12982e-157
xr4.xbias__ec                     3.38017e-135
xr4.xbias__er                    -1.91508e-157
xr4.xtemp__nc                     6.16327e-113
xr4.xbias__nz                      2.99927e-25
xr4.x162.11                       6.16328e-113
xr4.x162.21                       6.16327e-113
xr4.xtemp__xr1__1                 6.16327e-113
xr4.x163.11                       6.16327e-113
xr4.x163.21                       6.16327e-113
xr4.x164.11                      -9.37714e-121
xr4.x164.21                      -9.37714e-121
xr4.xtemp__xriso__1              -9.37714e-121
xr4.x165.11                      -9.37714e-121
xr4.x165.21                      -9.37714e-121
xr4.x166.11                       -3.35578e-26
xr4.x166.21                       -3.35578e-26
xr4.xtemp__xrz__1                 -3.35578e-26
xr4.xtemp__xrz__2                 -3.35578e-26
xr4.x167.11                       -3.35578e-26
xr4.x167.21                       -3.35578e-26
xr4.x168.11                       -3.35578e-26
xr4.x168.21                       -3.35578e-26
xr4.xtemp__xrz__3                 -3.35578e-26
xr4.xtemp__xrz__4                 -3.35578e-26
xr4.x169.11                       -3.35578e-26
xr4.x169.21                       -3.35578e-26
xr4.x170.11                       -3.35578e-26
xr4.x170.21                       -3.35578e-26
xr4.xtemp__xrz__5                 -3.35578e-26
xr4.xtemp__xrz__6                 -3.35578e-26
xr4.x171.11                       -3.35578e-26
xr4.x171.21                       -3.35578e-26
xr4.x172.11                       -3.35578e-26
xr4.x172.21                       -3.35578e-26
xr4.xtemp__xrz__7                 -3.35578e-26
xr4.xtemp__xrz__8                 -3.35578e-26
xr4.x173.11                       -3.35578e-26
xr4.x173.21                       -3.35578e-26
xr4.x174.11                       -3.35578e-26
xr4.x174.21                       -3.35578e-26
xr4.xtemp__xrz__9                 -3.35578e-26
xr4.x175.11                       -3.35578e-26
xr4.x175.21                       -3.35578e-26
xr4.x176.11                      -8.59876e-165
xr4.x176.21                      -8.29415e-165
xr4.xtemp__xr2f__1               -8.29351e-165
xr4.xtemp__xr2f__2               -7.98762e-165
xr4.x177.11                      -7.98826e-165
xr4.x177.21                      -8.29287e-165
xr4.x178.11                      -7.98698e-165
xr4.x178.21                      -7.68238e-165
xr4.xtemp__xr2f__3               -7.68173e-165
xr4.xtemp__xr2f__4               -7.37584e-165
xr4.x179.11                      -7.37649e-165
xr4.x179.21                      -7.68109e-165
xr4.x180.11                       -7.3752e-165
xr4.x180.21                       -7.0706e-165
xr4.xtemp__xr2f__5               -7.06995e-165
xr4.xtemp__xr2f__6               -6.76406e-165
xr4.x181.11                      -6.76471e-165
xr4.x181.21                      -7.06931e-165
xr4.x182.11                      -6.76342e-165
xr4.x182.21                      -6.45882e-165
xr4.xtemp__xr2f__7               -6.45817e-165
xr4.xtemp__xr2f__8               -6.15228e-165
xr4.x183.11                      -6.15293e-165
xr4.x183.21                      -6.45753e-165
xr4.x184.11                      -6.15164e-165
xr4.x184.21                      -5.84704e-165
xr4.xtemp__xr2f__9               -5.84639e-165
xr4.xtemp__xr2f__10               -5.5405e-165
xr4.x185.11                      -5.54115e-165
xr4.x185.21                      -5.84575e-165
xr4.x186.11                      -5.53986e-165
xr4.x186.21                      -5.23526e-165
xr4.xtemp__xr2f__11              -5.23462e-165
xr4.xtemp__xr2f__12              -4.92873e-165
xr4.x187.11                      -4.92937e-165
xr4.x187.21                      -5.23397e-165
xr4.x188.11                      -4.92808e-165
xr4.x188.21                      -4.62348e-165
xr4.xtemp__xr2f__13              -4.62284e-165
xr4.xtemp__xr2f__14              -4.31695e-165
xr4.x189.11                      -4.31759e-165
xr4.x189.21                      -4.62219e-165
xr4.x190.11                       -4.3163e-165
xr4.x190.21                       -4.0117e-165
xr4.xtemp__xr2f__15              -4.01106e-165
xr4.xtemp__xr2f__16              -3.70517e-165
xr4.x191.11                      -3.70581e-165
xr4.x191.21                      -4.01041e-165
xr4.x192.11                      -3.70452e-165
xr4.x192.21                      -3.39992e-165
xr4.xtemp__xr2f__17              -3.39928e-165
xr4.xtemp__xr2f__18              -3.09339e-165
xr4.x193.11                      -3.09403e-165
xr4.x193.21                      -3.39863e-165
xr4.x194.11                      -3.09274e-165
xr4.x194.21                      -2.78814e-165
xr4.xtemp__xr2f__19               -2.7875e-165
xr4.xtemp__xr2f__20              -2.48161e-165
xr4.x195.11                      -2.48225e-165
xr4.x195.21                      -2.78686e-165
xr4.x196.11                      -2.48097e-165
xr4.x196.21                      -2.17636e-165
xr4.xtemp__xr2f__21              -2.17572e-165
xr4.xtemp__xr2f__22              -1.86983e-165
xr4.x197.11                      -1.87047e-165
xr4.x197.21                      -2.17508e-165
xr4.x198.11                      -1.86919e-165
xr4.x198.21                      -1.56458e-165
xr4.xtemp__xr2f__23              -1.56394e-165
xr4.x199.11                      -1.25869e-165
xr4.x199.21                       -1.5633e-165
xr4.x200.11                      -1.25741e-165
xr4.x200.21                       -9.4087e-166
xr4.xtemp__xr2t5__1              -9.40227e-166
xr4.x201.11                      -6.23047e-166
xr4.x201.21                      -9.39584e-166
xr4.x202.11                       -6.2176e-166
xr4.x202.21                      -4.63719e-166
xr4.xtemp__xr2t4__1              -4.63076e-166
xr4.x203.11                      -3.04392e-166
xr4.x203.21                      -4.62432e-166
xr4.x204.11                      -3.03105e-166
xr4.x204.21                      -2.24312e-166
xr4.xtemp__xr2t3__1              -2.23669e-166
xr4.x205.11                      -1.44232e-166
xr4.x205.21                      -2.23025e-166
xr4.x206.11                      -1.42945e-166
xr4.x206.21                      -1.03783e-166
xr4.xtemp__xr2t2__1               -1.0314e-166
xr4.x207.11                      -6.33344e-167
xr4.x207.21                      -1.02497e-166
xr4.x208.11                      -6.20477e-167
xr4.x208.21                      -4.27147e-167
xr4.xtemp__xr2t1__1              -4.20713e-167
xr4.x209.11                       -2.2095e-167
xr4.x209.21                       -4.1428e-167
xr4.x210.11                      -2.08082e-167
xr4.x210.21                      -1.13692e-167
xr4.xtemp__xr2t0__1              -1.07258e-167
xr4.x211.11                      -6.43372e-169
xr4.x211.21                      -1.00824e-167
xr4.x212.11                      -3.10148e-185
xr4.x212.21                       -6.6201e-191
xr4.x213.11                       -5.7599e-185
xr4.x213.21                      -3.10149e-185
xr4.x214.11                      -1.25252e-189
xr4.x214.21                      -5.75979e-185
xr4.x215.11                      -1.91507e-157
xr4.x215.21                      -1.91507e-157
xr4.xbias__xr2__1                -1.91507e-157
xr4.xbias__xr2__2                -1.91507e-157
xr4.x216.11                      -1.91507e-157
xr4.x216.21                      -1.91507e-157
xr4.x217.11                      -1.91507e-157
xr4.x217.21                      -1.91507e-157
xr4.xbias__xr2__3                -1.91507e-157
xr4.xbias__xr2__4                -1.91507e-157
xr4.x218.11                      -1.91507e-157
xr4.x218.21                      -1.91507e-157
xr4.x219.11                      -1.91507e-157
xr4.x219.21                      -1.91507e-157
xr4.xbias__xr2__5                -1.91507e-157
xr4.xbias__xr2__6                -1.91507e-157
xr4.x220.11                      -1.91507e-157
xr4.x220.21                      -1.91507e-157
xr4.x221.11                      -1.91507e-157
xr4.x221.21                      -1.91507e-157
xr4.xbias__xr2__7                -1.91507e-157
xr4.xbias__xr2__8                -1.91507e-157
xr4.x222.11                      -1.91507e-157
xr4.x222.21                      -1.91507e-157
xr4.x223.11                      -1.91507e-157
xr4.x223.21                      -1.91507e-157
xr4.xbias__xr2__9                -1.91507e-157
xr4.xbias__xr2__10               -1.91507e-157
xr4.x224.11                      -1.91507e-157
xr4.x224.21                      -1.91507e-157
xr4.x225.11                      -1.91507e-157
xr4.x225.21                      -1.91508e-157
xr4.xbias__xr2__11               -1.91508e-157
xr4.xbias__xr2__12               -1.91508e-157
xr4.x226.11                      -1.91508e-157
xr4.x226.21                      -1.91508e-157
xr4.x227.11                      -1.91508e-157
xr4.x227.21                      -1.91508e-157
xr4.xbias__xr2__13               -1.91508e-157
xr4.xbias__xr2__14               -1.91508e-157
xr4.x228.11                      -1.91508e-157
xr4.x228.21                      -1.91508e-157
xr4.x229.11                      -1.91508e-157
xr4.x229.21                      -1.91508e-157
xr4.xbias__xr2__15               -1.91508e-157
xr4.x230.11                      -1.91508e-157
xr4.x230.21                      -1.91508e-157
xr4.x231.11                        2.99927e-25
xr4.x231.21                        2.99927e-25
xr4.xbias__xrz__1                  2.99927e-25
xr4.xbias__xrz__2                  2.99926e-25
xr4.x232.11                        2.99926e-25
xr4.x232.21                        2.99927e-25
xr4.x233.11                        2.99926e-25
xr4.x233.21                        2.99926e-25
xr4.xbias__xrz__3                  2.99926e-25
xr4.x234.11                        2.99926e-25
xr4.x234.21                        2.99926e-25
xr4.x235.11                       3.38017e-135
xr4.x235.21                       3.38017e-135
xr4.xbias__xr1__1                 3.38017e-135
xr4.x236.11                       3.38017e-135
xr4.x236.21                       3.38017e-135
xr4.x237.11                       3.38017e-135
xr4.x237.21                       3.38017e-135
xr4.xbias__xrt__1                 3.38017e-135
xr4.x238.11                       3.38017e-135
xr4.x238.21                       3.38017e-135
xr4.xbias__nt__par                 4.40732e-31
xr4.xtemp__xrz__2__par            -3.35578e-26
xr4.xtemp__xrz__4__par            -3.35578e-26
xr4.xtemp__xrz__6__par            -3.35578e-26
xr4.xtemp__xrz__8__par            -3.35578e-26
xr4.xbias__n1__par                 1.03349e-36
xr4.xtemp__xr2f__2__par          -7.98762e-165
xr4.xtemp__xr2f__4__par          -7.37584e-165
xr4.xtemp__xr2f__6__par          -6.76406e-165
xr4.xtemp__xr2f__8__par          -6.15228e-165
xr4.xtemp__xr2f__10__par          -5.5405e-165
xr4.xtemp__xr2f__12__par         -4.92873e-165
xr4.xtemp__xr2f__14__par         -4.31695e-165
xr4.xtemp__xr2f__16__par         -3.70517e-165
xr4.xtemp__xr2f__18__par         -3.09339e-165
xr4.xtemp__xr2f__20__par         -2.48161e-165
xr4.xbias__n2__par                 2.99926e-25
xr4.xtemp__xr2f__22__par         -1.86983e-165
xr4.xtemp__xr2t0__1__par         -1.07258e-167
xr4.xtemp__xr2t1__1__par         -4.20713e-167
xr4.xbias__tok__par                5.36154e-28
xr4.xtemp__xr2t2__1__par          -1.0314e-166
xr4.xtemp__xr2t3__1__par         -2.23669e-166
xr4.xbias__noko__par               2.27263e-22
xr4.xtemp__xriso__1__par         -9.37714e-121
xr4.xtemp__xr2t4__1__par         -4.63076e-166
xr4.xtemp__xr1__1__par            6.16327e-113
xr4.xtemp__xrz__1__par            -3.35578e-26
xr4.xtemp__xrz__3__par            -3.35578e-26
xr4.xtemp__xrz__5__par            -3.35578e-26
xr4.xbias__nokl__par               3.40884e-22
xr4.xtemp__xrz__7__par            -3.35578e-26
xr4.xtemp__xrz__9__par            -3.35578e-26
xr4.xtemp__xr2f__1__par          -8.29351e-165
xr4.xtemp__xr2f__3__par          -7.68173e-165
xr4.xtemp__xr2f__5__par          -7.06995e-165
xr4.xtemp__xr2f__7__par          -6.45817e-165
xr4.xtemp__xr2f__9__par          -5.84639e-165
xr4.xtemp__xr2f__11__par         -5.23462e-165
xr4.xtemp__xr2f__13__par         -4.62284e-165
xr4.xtemp__xr2f__15__par         -4.01106e-165
xr4.xbias__nkg__par                -1.5826e-21
xr4.xtemp__xr2f__17__par         -3.39928e-165
xr4.xtemp__xr2f__19__par          -2.7875e-165
xr4.xtemp__xr2f__21__par         -2.17572e-165
xr4.xtemp__xr2f__23__par         -1.56394e-165
xr4.xtemp__xr2t5__1__par         -9.40227e-166
xr4.xbias__nb__par                3.38017e-135
xr4.xcmp__vdda__par              -3.65608e-157
xr4.xcmp__na__par                -3.24988e-156
xr4.xcmp__cmpo__par              -3.44493e-156
xr4.xcmp__n1__par                 4.26877e-171
xr4.xcmp__tn__par                 3.33753e-156
xr4.xcmp__sns__par               -3.10148e-185
xr4.xcmp__nbg__par                 -4.2856e-27
xr4.xcmp__snsb__par              -5.75991e-185
xr4.xpor__pdn__par               -6.56142e-168
xr4.xpor__ndl__par                  1.9035e-22
xr4.xpor__ndgn__par               1.63556e-161
xr4.xpor__pgdg__par              -7.12005e-162
xr4.xpor__pgdgb__par             -9.31693e-169
xr4.xpor__nd1__par                8.82176e-169
xr4.xpor__nnand__par              6.83187e-156
xr4.xpor__ndgp__par              -5.94302e-158
xr4.xpor__nts__par               -2.91065e-165
xr4.xpor__rstb__par              -4.35452e-156
xr4.xbias__nkm__par                3.40903e-22
xr4.xbias__nokx__par               3.40891e-22
xr4.xbias__ks1__par               -5.35043e-40
xr4.xbias__ks2__par               -1.74102e-35
xr4.xbias__ks3__par               -5.48761e-31
xr4.xbias__ks4__par               -2.08372e-26
xr4.xbias__ec__par                3.38017e-135
xr4.xbias__nz__par                 2.99927e-25
xr4.xpor__ndg__par                3.17481e-160
xr4.xpor__tim__par                 1.0479e-166
xr4.xpor__trip__par               1.87152e-175
xr4.xbias__xr2__2__par           -1.91507e-157
xr4.xbias__xr2__4__par           -1.91507e-157
xr4.xbias__xr2__6__par           -1.91507e-157
xr4.xbias__xr2__8__par           -1.91507e-157
xr4.xbias__xr2__10__par          -1.91507e-157
xr4.xbias__xr2__12__par          -1.91508e-157
xr4.xbias__pg__par                 7.88071e-22
xr4.xbias__xr2__14__par          -1.91508e-157
xr4.xbias__xrz__2__par             2.99926e-25
xr4.xbias__xrt__1__par            3.38017e-135
xr4.xbias__na__par               -1.53095e-130
xr4.xbias__er__par               -1.91508e-157
xr4.xbias__nbtop__par             3.38017e-135
xr4.xbias__nbg__par                  3.409e-22
xr4.xbias__xrz__1__par             2.99927e-25
xr4.xbias__xrz__3__par             2.99926e-25
xr4.xbias__xr1__1__par            3.38017e-135
xr4.xbias__xr2__13__par          -1.91508e-157
xr4.xbias__xr2__11__par          -1.91508e-157
xr4.xbias__xr2__1__par           -1.91507e-157
xr4.xbias__xr2__3__par           -1.91507e-157
xr4.xbias__xr2__5__par           -1.91507e-157
xr4.xbias__xr2__7__par           -1.91507e-157
xr4.xbias__xr2__9__par           -1.91507e-157
xr4.xbias__pb__par                  -3.409e-22
xr4.xbias__xr2__15__par          -1.91508e-157
xr4.bias_ok__par                             0
xr4.xcmp__bias_okb__par          -1.94623e-169
xr4.ctat__par                    -9.37714e-121
xr4.resetn__par                  -6.26734e-151
xr4.xtemp__enb__par                          0
xr4.ibias__par                     -2.2334e-22
xr4.xtemp__m1d__par               3.44762e-119
xr4.xtemp__m2d__par              -5.36607e-111
xr4.xtemp__m3d__par               2.12982e-157
xr4.xtemp__n1__par                -6.71276e-27
xr4.xtemp__n2__par                -3.35578e-26
xr4.xtemp__na__par               -9.37714e-121
xr4.xtemp__nb__par                6.16328e-113
xr4.xtemp__nbg__par                -4.2856e-27
xr4.xtemp__nc__par                6.16327e-113
xr4.xtemp__nd__par                7.00559e-160
xr4.xtemp__nr__par               -3.90075e-163
xr4.xtemp__nt__par                -1.34239e-26
xr4.xtemp__nz__par                -3.35578e-26
xr4.xtemp__pb__par                 7.5955e-157
xr4.xtemp__pcas__par             -1.57446e-166
xr4.xtemp__pg__par                -5.14157e-22
xr4.por_raw__par                 -5.68213e-169
xr4.ptat__par                     -8.5994e-165
xr4.xtemp__t0__par               -2.14516e-167
xr4.xtemp__t1__par               -6.26911e-167
xr4.xtemp__t2__par               -1.43589e-166
xr4.xtemp__t3__par               -3.03748e-166
xr4.xtemp__t4__par               -6.22403e-166
xr4.xtemp__t5__par               -1.25805e-165
xr4.vdd__par                                 0
xr4.vref__par                    -1.91507e-157
xr4.vss__par                                 0
vr4#branch                         1.03328e-33
vr3#branch                         1.03328e-33
vr2#branch                         1.03328e-33
vr1#branch                         1.03328e-33

 Reference value :  0.00000e+00
 Reference value :  7.83569e-07
 Reference value :  9.33394e-07
 Reference value :  9.60346e-07
 Reference value :  9.77532e-07
 Reference value :  1.11259e-06
 Reference value :  1.25434e-06
 Reference value :  1.79018e-06
 Reference value :  2.13808e-06
 Reference value :  2.45620e-06
 Reference value :  2.65418e-06
 Reference value :  2.71939e-06
 Reference value :  2.73300e-06
 Reference value :  2.73474e-06
 Reference value :  2.74521e-06
 Reference value :  2.91370e-06
 Reference value :  3.64132e-06
 Reference value :  4.13224e-06
 Reference value :  5.65375e-06
 Reference value :  5.76167e-06
 Reference value :  5.78055e-06
 Reference value :  5.81417e-06
 Reference value :  6.28554e-06
 Reference value :  8.22184e-06
 Reference value :  8.41438e-06
 Reference value :  8.56223e-06
 Reference value :  8.64198e-06
 Reference value :  8.76303e-06
 Reference value :  9.39875e-06
 Reference value :  1.03625e-05
 Reference value :  1.35524e-05
 Reference value :  1.53809e-05
 Reference value :  1.55113e-05
 Reference value :  1.55246e-05
 Reference value :  1.56222e-05
 Reference value :  1.64409e-05
 Reference value :  1.75566e-05
 Reference value :  1.91555e-05
 Reference value :  1.98969e-05
 Reference value :  1.99957e-05
 Reference value :  2.00072e-05
 Reference value :  2.00102e-05
 Reference value :  2.00981e-05
 Reference value :  2.06091e-05
 Reference value :  2.28055e-05
 Reference value :  2.55640e-05
 Reference value :  2.77208e-05
 Reference value :  2.81001e-05
 Reference value :  2.81226e-05
 Reference value :  2.81606e-05
 Reference value :  2.82935e-05
 Reference value :  3.05613e-05
 Reference value :  3.44045e-05
 Reference value :  3.67681e-05
 Reference value :  3.68913e-05
 Reference value :  3.69016e-05
 Reference value :  3.69719e-05
 Reference value :  3.90794e-05
 Reference value :  6.10852e-05
 Reference value :  1.09769e-04
 Reference value :  1.13457e-04
 Reference value :  1.13707e-04
 Reference value :  1.13810e-04
 Reference value :  1.28573e-04
 Reference value :  1.33660e-04
 Reference value :  1.35415e-04
 Reference value :  1.35473e-04
 Reference value :  1.36300e-04
 Reference value :  1.80048e-04
 Reference value :  1.84501e-04
 Reference value :  2.30752e-04
 Reference value :  2.38673e-04
 Reference value :  2.47130e-04
 Reference value :  2.47286e-04
 Reference value :  2.47297e-04
 Reference value :  2.47299e-04
 Reference value :  2.47300e-04
 Reference value :  2.47301e-04
 Reference value :  2.47306e-04
 Reference value :  2.47473e-04
 Reference value :  2.48761e-04
 Reference value :  2.63444e-04
 Reference value :  2.63956e-04
 Reference value :  2.64022e-04
 Reference value :  2.65051e-04
 Reference value :  2.79557e-04
 Reference value :  2.81166e-04
 Reference value :  2.81328e-04
 Reference value :  2.81340e-04
 Reference value :  2.81344e-04
 Reference value :  2.81351e-04
 Reference value :  2.81358e-04
 Reference value :  2.81361e-04
 Reference value :  2.81405e-04
 Reference value :  2.81905e-04
 Reference value :  2.81952e-04
 Reference value :  2.83161e-04
 Reference value :  2.84791e-04
 Reference value :  2.91313e-04
 Reference value :  3.01666e-04
 Reference value :  1.08366e-03
 Reference value :  4.27373e-03
 Reference value :  6.98711e-03
 Reference value :  7.39559e-03
 Reference value :  7.59982e-03
 Reference value :  7.92908e-03
 Reference value :  7.95824e-03
 Reference value :  7.97488e-03
 Reference value :  7.97716e-03
 Reference value :  7.97774e-03
 Reference value :  7.97793e-03
 Reference value :  7.97796e-03
 Reference value :  7.97800e-03
 Reference value :  7.97803e-03
 Reference value :  7.97871e-03
 Reference value :  7.97988e-03
 Reference value :  7.98053e-03
 Reference value :  7.98199e-03
 Reference value :  7.98245e-03
 Reference value :  7.98250e-03
 Reference value :  7.98260e-03
 Reference value :  7.98307e-03
 Reference value :  7.98475e-03
 Reference value :  7.98504e-03
 Reference value :  7.98562e-03
 Reference value :  7.99741e-03
 Reference value :  8.07276e-03
 Reference value :  8.09876e-03
 Reference value :  8.11496e-03
 Reference value :  8.11614e-03
 Reference value :  8.11638e-03
 Reference value :  8.11650e-03
 Reference value :  8.11654e-03
 Reference value :  8.11656e-03
 Reference value :  8.11678e-03
 Reference value :  8.11752e-03
 Reference value :  8.11875e-03
 Reference value :  8.12003e-03
 Reference value :  8.12091e-03
 Reference value :  8.12102e-03
 Reference value :  8.12112e-03
 Reference value :  8.12131e-03
 Reference value :  8.12260e-03
 Reference value :  8.12351e-03
 Reference value :  8.12374e-03
 Reference value :  8.12608e-03
 Reference value :  8.19150e-03
 Reference value :  2.07226e-02
 Reference value :  5.29726e-02
 Reference value :  5.61942e-02
 Reference value :  6.27653e-02
 Reference value :  9.62283e-02
 Reference value :  1.10228e-01
 Reference value :  1.33089e-01
 Reference value :  1.33304e-01
 Reference value :  1.33357e-01
 Reference value :  1.33492e-01
 Reference value :  1.33648e-01
 Reference value :  1.33660e-01
 Reference value :  1.33661e-01
 Reference value :  1.33661e-01
 Reference value :  1.33661e-01
 Reference value :  1.33662e-01
 Reference value :  1.33673e-01
 Reference value :  1.33679e-01
 Reference value :  1.33680e-01
 Reference value :  1.33680e-01
 Reference value :  1.33681e-01
 Reference value :  1.33686e-01
 Reference value :  1.33813e-01
 Reference value :  1.72284e-01
 Reference value :  2.36284e-01
 Reference value :  2.60180e-01
 Reference value :  2.60183e-01
 Reference value :  2.60232e-01
 Reference value :  2.60235e-01
 Reference value :  2.60235e-01
 Reference value :  2.60241e-01
 Reference value :  2.60242e-01
 Reference value :  2.60248e-01
 Reference value :  2.60249e-01
 Reference value :  2.60249e-01
 Reference value :  2.60249e-01
 Reference value :  2.60249e-01
 Reference value :  2.60259e-01
 Reference value :  2.64020e-01
 Reference value :  2.65742e-01
 Reference value :  2.66298e-01
 Reference value :  2.66967e-01
 Reference value :  2.67142e-01
 Reference value :  2.67165e-01
 Reference value :  2.67168e-01
 Reference value :  2.67168e-01
 Reference value :  2.67169e-01
 Reference value :  2.67169e-01
 Reference value :  2.67169e-01
 Reference value :  2.67169e-01
 Reference value :  2.67169e-01
 Reference value :  2.67170e-01
 Reference value :  2.67171e-01
 Reference value :  2.67173e-01
 Reference value :  2.67173e-01
 Reference value :  2.67173e-01
 Reference value :  2.67173e-01
 Reference value :  2.67174e-01
 Reference value :  2.67176e-01
 Reference value :  2.67176e-01
 Reference value :  2.67177e-01
 Reference value :  2.67186e-01
 Reference value :  2.71268e-01
 Reference value :  3.14000e-01
 Reference value :  3.78000e-01
 Reference value :  4.44000e-01
 Reference value :  4.90000e-01
 Reference value :  5.30000e-01
 Reference value :  5.86000e-01
 Reference value :  6.22000e-01
 Reference value :  6.80000e-01
 Reference value :  7.31945e-01
 Reference value :  7.95945e-01
 Reference value :  8.41945e-01
 Reference value :  9.03945e-01
 Reference value :  9.69945e-01
 Reference value :  1.03395e+00
 Reference value :  1.09795e+00
 Reference value :  1.15995e+00
 Reference value :  1.22395e+00
 Reference value :  1.28595e+00
 Reference value :  1.29649e+00
 Reference value :  1.29698e+00
 Reference value :  1.34139e+00
 Reference value :  1.40339e+00
 Reference value :  1.46739e+00
 Reference value :  1.53139e+00
 Reference value :  1.59739e+00
 Reference value :  1.66539e+00
 Reference value :  1.72739e+00
 Reference value :  1.78939e+00
 Reference value :  1.84739e+00
 Reference value :  1.91139e+00
 Reference value :  1.97539e+00
 Reference value :  2.03939e+00
 Reference value :  2.10339e+00
 Reference value :  2.16739e+00
 Reference value :  2.22739e+00
 Reference value :  2.28939e+00
 Reference value :  2.35339e+00
 Reference value :  2.41539e+00
 Reference value :  2.47739e+00
 Reference value :  2.54139e+00
 Reference value :  2.59739e+00
 Reference value :  2.60166e+00
 Reference value :  2.60466e+00
 Reference value :  2.60759e+00
 Reference value :  2.60765e+00
 Reference value :  2.60808e+00
 Reference value :  2.60811e+00
 Reference value :  2.60812e+00
 Reference value :  2.60812e+00
 Reference value :  2.60812e+00
 Reference value :  2.60812e+00
 Reference value :  2.60812e+00
 Reference value :  2.60812e+00
 Reference value :  2.60813e+00
 Reference value :  2.60813e+00
 Reference value :  2.60813e+00
 Reference value :  2.60813e+00
 Reference value :  2.60813e+00
 Reference value :  2.60813e+00
 Reference value :  2.60813e+00
 Reference value :  2.60813e+00
 Reference value :  2.60813e+00
 Reference value :  2.60813e+00
 Reference value :  2.60813e+00
 Reference value :  2.60814e+00
 Reference value :  2.60820e+00
 Reference value :  2.63010e+00
 Reference value :  2.69210e+00
 Reference value :  2.75410e+00
 Reference value :  2.81610e+00
 Reference value :  2.87810e+00
 Reference value :  2.95810e+00
 Reference value :  3.02300e+00
 Reference value :  3.08700e+00
 Reference value :  3.15100e+00
 Reference value :  3.21500e+00
 Reference value :  3.27700e+00
 Reference value :  3.34300e+00
 Reference value :  3.40700e+00
 Reference value :  3.47100e+00
 Reference value :  3.53500e+00
 Reference value :  3.59900e+00
 Reference value :  3.65900e+00
No. of Data Rows : 5209
trel1               =  2.60812e+00
trel1_last          =  2.60812e+00
vddrel1             =  2.60812e+00
rst1_at1v           =  1.06638e-09
rst1_at2v           =  5.20673e-10
trel2               =  2.67169e-01
trel2_last          =  2.67169e-01
vddrel2             =  2.67169e+00
rst2_at1v           =  1.48951e-09
rst2_at2v           =  6.31844e-10
trel3               =  7.97794e-03
trel3_last          =  7.97794e-03
vddrel3             =  2.97000e+00
rst3_at1v           =  4.70565e-06
rst3_at2v           =  1.20065e-06
trel4               =  8.11650e-03
trel4_last          =  8.11650e-03
vddrel4             =  2.97000e+00
rst4_at1v           =  8.47225e-05
rst4_at2v           =  1.23632e-05
vref_rel4           =  1.20367e+00
biasok_rel4         =  2.96460e+00
m_vddrel_1vs_v = 2.6081250000e+00
m_vddrel_10vs_v = 2.6716860000e+00
m_vddrel_100kvs_v = 2.9700000000e+00
m_vddrel_1mvs_v = 2.9700000000e+00
m_chatter_1vs_us = 0.0000000000e+00
m_chatter_10vs_us = 0.0000000000e+00
m_chatter_100kvs_us = 0.0000000000e+00
m_chatter_1mvs_us = 0.0000000000e+00
m_resetn_at_1v_1vs_mv = 1.0663830000e-06
m_resetn_at_2v_1vs_mv = 5.2067260000e-07
m_resetn_at_1v_10vs_mv = 1.4895060000e-06
m_resetn_at_2v_10vs_mv = 6.3184380000e-07
m_resetn_at_1v_100kvs_mv = 4.7056520000e-03
m_resetn_at_2v_100kvs_mv = 1.2006460000e-03
m_resetn_at_1v_1mvs_mv = 8.4722550000e-02
m_resetn_at_2v_1mvs_mv = 1.2363210000e-02
m_t_release_1vs_ms = 2.6081250000e+03
m_t_release_10vs_ms = 2.6716860000e+02
m_t_release_100kvs_ms = 7.9779390000e+00
m_t_release_1mvs_ms = 8.1164980000e+00
m_vref_at_rel_1mvs_v = 1.2036670000e+00
m_biasok_at_rel_1mvs_v = 2.9646030000e+00
Note: Simulation executed from .control section 

Warning: m=xx on .subckt line will override multiplier m hierarchy!

Note: Starting dynamic gmin stepping
Note: Dynamic gmin stepping completed
