
Note: Compatibility modes selected: hs a


Circuit: * temp-por-top-release @ ff_125c_3.30v -- generated by sim/harness, do not edit

Doing analysis at TEMP = 125.000000 and TNOM = 27.000000

Using SPARSE 1.3 as Direct Linear Solver

Initial Transient Solution
--------------------------

Node                                   Voltage
----                                   -------
vdd                                          0
ptat                               7.95127e-23
ctat                               1.43695e-19
resetn                             1.42517e-18
xdut.xbias.na                      1.43497e-24
xdut.xbias.pg                      2.79296e-19
xdut.xbias.nbtop                  -6.95719e-20
xdut.vref                          1.05109e-24
xdut.xbias.nbg                    -1.29815e-18
xdut.xbias.xrt.11                 -6.95719e-20
xdut.xbias.xrt.21                 -6.95722e-20
xdut.xbias.nb                     -6.95722e-20
xdut.xbias.xr1.11                 -6.95722e-20
xdut.xbias.xr1.21                 -6.95764e-20
xdut.xbias.ec                     -6.95764e-20
xdut.xbias.xr2.11                  1.05109e-24
xdut.xbias.xr2.21                  1.05191e-24
xdut.xbias.er                      1.05191e-24
xdut.xbias.pb                      1.85249e-18
xdut.ibias                          1.9299e-19
xdut.xbias.nt                     -1.46872e-18
xdut.xbias.n1                      3.37413e-19
xdut.xbias.n2                     -1.54232e-18
xdut.xbias.nz                     -1.54232e-18
xdut.xbias.xrz.11                 -1.54232e-18
xdut.xbias.xrz.21                 -1.54232e-18
xdut.xbias.ks1                     4.00085e-20
xdut.xbias.ks2                     8.02888e-20
xdut.xbias.ks3                     1.21115e-19
xdut.xbias.ks4                     1.62764e-19
xdut.xbias.nkg                     2.05519e-19
xdut.xbias.nkm                     2.92886e-19
xdut.xbias.tok                      6.9878e-20
xdut.xbias.noko                    6.59994e-21
xdut.xbias.nokl                    1.32095e-19
xdut.xbias.nokx                    -4.8926e-19
xdut.bias_ok                       8.97614e-19
xdut.xtemp.nbg                      3.0034e-18
xdut.xtemp.enb                     -3.3284e-18
xdut.xtemp.pb                      6.18478e-19
xdut.xtemp.pcas                   -2.37421e-18
xdut.xtemp.nt                      2.85155e-18
xdut.xtemp.n1                      1.27662e-18
xdut.xtemp.na                      1.43698e-19
xdut.xtemp.n2                      2.00916e-18
xdut.xtemp.nb                      9.72651e-19
xdut.xtemp.pg                      1.29103e-18
xdut.xtemp.nz                      2.00916e-18
xdut.xtemp.xrz.11                  2.00916e-18
xdut.xtemp.xrz.21                  2.00916e-18
xdut.xtemp.m1d                    -9.65489e-19
xdut.xtemp.m2d                     2.45576e-19
xdut.xtemp.m3d                    -1.03917e-18
xdut.xtemp.nd                      8.01944e-19
xdut.xtemp.nr                     -3.18508e-19
xdut.xtemp.nc                      9.72652e-19
xdut.xtemp.xr1.11                  9.72651e-19
xdut.xtemp.xr1.21                  9.72652e-19
xdut.xtemp.xr2f.11                  7.9508e-23
xdut.xtemp.xr2f.21                 1.15972e-23
xdut.xtemp.t5                      1.15924e-23
xdut.xtemp.xr2t5.11                1.15877e-23
xdut.xtemp.xr2t5.21                5.71243e-24
xdut.xtemp.t4                       5.7077e-24
xdut.xtemp.xr2t4.11                5.70297e-24
xdut.xtemp.xr2t4.21                2.76816e-24
xdut.xtemp.t3                      2.76343e-24
xdut.xtemp.xr2t3.11                2.75869e-24
xdut.xtemp.xr2t3.21                1.29516e-24
xdut.xtemp.t2                      1.29043e-24
xdut.xtemp.xr2t2.11                 1.2857e-24
xdut.xtemp.xr2t2.21                5.58195e-25
xdut.xtemp.t1                      5.53461e-25
xdut.xtemp.xr2t1.11                5.48728e-25
xdut.xtemp.xr2t1.21                1.89564e-25
xdut.xtemp.t0                       1.8483e-25
xdut.xtemp.xr2t0.11                1.80096e-25
xdut.xtemp.xr2t0.21                4.73386e-27
xdut.xtemp.xriso.11                1.43698e-19
xdut.xtemp.xriso.21                1.43695e-19
xdut.xcmp.bias_okb                 3.08452e-18
xdut.xcmp.nbg                      1.83579e-18
xdut.xcmp.sns                                0
xdut.xcmp.xrtop.11                           0
xdut.xcmp.xrtop.21                           0
xdut.xcmp.snsb                               0
xdut.xcmp.xrbot.11                           0
xdut.xcmp.xrbot.21                           0
xdut.xcmp.xrhys.11                           0
xdut.xcmp.xrhys.21                           0
xdut.xcmp.n1                       -2.4018e-18
xdut.xcmp.tn                      -3.86135e-22
xdut.xcmp.na                      -5.49111e-22
xdut.xcmp.cmpo                    -2.74576e-22
xdut.xcmp.vdda                     4.00563e-19
xdut.por_raw                      -2.35858e-18
xdut.xpor.pdn                     -1.12999e-20
xdut.xpor.ndl                     -9.44133e-19
xdut.xpor.ndgp                    -1.56229e-18
xdut.xpor.ndg                     -1.47883e-19
xdut.xpor.ndgn                     1.07871e-21
xdut.xpor.pgdg                     1.09337e-18
xdut.xpor.pgdgb                   -1.89327e-18
xdut.xpor.nts                     -1.91642e-18
xdut.xpor.tim                      1.59443e-21
xdut.xpor.nd1                      6.95406e-20
xdut.xpor.trip                     5.74816e-20
xdut.xpor.rstb                     1.62385e-18
xdut.xpor.nnand                   -2.22091e-18
vsup#branch                        1.64747e-27

 Reference value :  0.00000e+00
 Reference value :  2.48891e-04
 Reference value :  2.61361e-04
 Reference value :  8.17671e-04
 Reference value :  8.27517e-04
 Reference value :  8.33803e-04
 Reference value :  1.36292e-03
 Reference value :  3.51292e-03
 Reference value :  5.89292e-03
 Reference value :  6.02302e-03
 Reference value :  6.02379e-03
 Reference value :  6.02447e-03
 Reference value :  6.22276e-03
 Reference value :  8.12276e-03
 Reference value :  1.00128e-02
 Reference value :  1.19328e-02
 Reference value :  1.38828e-02
 Reference value :  1.58228e-02
 Reference value :  1.77828e-02
 Reference value :  1.97728e-02
 Reference value :  2.16828e-02
 Reference value :  2.35828e-02
 Reference value :  2.54828e-02
 Reference value :  2.74728e-02
 Reference value :  2.93528e-02
No. of Data Rows : 3928
iq_pre              =  -2.32358e-06 from=  1.50000e-03 to=  1.90292e-03
vrst_pre            =  1.82707e-09
vib_pre             =  5.08024e-01
vref_pre            =  1.19886e+00
vptat_pre           =  5.17791e-08
trel                =  6.02299e-03
vrst_post           =  3.29999e+00
vib_post            =  4.61172e-01
vptat_post          =  1.71532e+00
vctat_post          =  4.68168e-01
m_vibias_asserted_v = 5.0802390000e-01
m_vibias_released_v = 4.6117190000e-01
m_vref_asserted_v = 1.1988640000e+00
m_resetn_asserted_mv = 1.8270650000e-06
m_resetn_released_v = 3.2999910000e+00
m_t_release_ms = 6.0229900000e+00
m_vptat_asserted_mv = 5.1779130000e-05
m_vptat_released_v = 1.7153210000e+00
m_vctat_released_v = 4.6816850000e-01
m_iq_por_ua = 2.3235760000e+00
Note: Simulation executed from .control section 

Warning: m=xx on .subckt line will override multiplier m hierarchy!

