
Note: Compatibility modes selected: hs a


Circuit: * temp-por-top-release @ ss_125c_2.97v -- generated by sim/harness, do not edit

Doing analysis at TEMP = 125.000000 and TNOM = 27.000000

Using SPARSE 1.3 as Direct Linear Solver

Initial Transient Solution
--------------------------

Node                                   Voltage
----                                   -------
vdd                                          0
ptat                              -5.89148e-26
ctat                              -1.91706e-19
resetn                             2.41228e-19
xdut.xbias.na                     -7.78208e-20
xdut.xbias.pg                     -3.38286e-20
xdut.xbias.nbtop                   8.19186e-19
xdut.vref                         -8.54992e-19
xdut.xbias.nbg                    -3.24177e-21
xdut.xbias.xrt.11                  8.19186e-19
xdut.xbias.xrt.21                  8.19186e-19
xdut.xbias.nb                      8.19186e-19
xdut.xbias.xr1.11                  8.19186e-19
xdut.xbias.xr1.21                  8.19186e-19
xdut.xbias.ec                      8.19186e-19
xdut.xbias.xr2.11                 -8.54992e-19
xdut.xbias.xr2.21                 -8.54996e-19
xdut.xbias.er                     -8.54996e-19
xdut.xbias.pb                      8.33027e-21
xdut.ibias                        -1.91185e-18
xdut.xbias.nt                      1.40511e-20
xdut.xbias.n1                     -3.51396e-21
xdut.xbias.n2                      3.24923e-20
xdut.xbias.nz                      3.24923e-20
xdut.xbias.xrz.11                  3.24923e-20
xdut.xbias.xrz.21                  3.24923e-20
xdut.xbias.ks1                    -3.15901e-21
xdut.xbias.ks2                     3.67289e-21
xdut.xbias.ks3                    -7.43658e-22
xdut.xbias.ks4                    -2.48133e-20
xdut.xbias.nkg                     3.83654e-19
xdut.xbias.nkm                     3.60175e-21
xdut.xbias.tok                      1.5295e-20
xdut.xbias.noko                    1.21389e-19
xdut.xbias.nokl                    -6.7613e-20
xdut.xbias.nokx                    7.56318e-21
xdut.bias_ok                       2.46789e-19
xdut.xtemp.nbg                    -9.34388e-20
xdut.xtemp.enb                    -9.28639e-20
xdut.xtemp.pb                      5.00946e-31
xdut.xtemp.pcas                    4.63829e-43
xdut.xtemp.nt                     -2.77261e-19
xdut.xtemp.n1                     -2.85696e-19
xdut.xtemp.na                     -1.91706e-19
xdut.xtemp.n2                     -2.68269e-19
xdut.xtemp.nb                     -1.91567e-19
xdut.xtemp.pg                      6.44394e-19
xdut.xtemp.nz                     -2.68269e-19
xdut.xtemp.xrz.11                 -2.68269e-19
xdut.xtemp.xrz.21                 -2.68269e-19
xdut.xtemp.m1d                     6.36815e-19
xdut.xtemp.m2d                    -2.79923e-19
xdut.xtemp.m3d                      4.0149e-19
xdut.xtemp.nd                     -1.76561e-19
xdut.xtemp.nr                      1.09575e-20
xdut.xtemp.nc                     -1.91567e-19
xdut.xtemp.xr1.11                 -1.91567e-19
xdut.xtemp.xr1.21                 -1.91567e-19
xdut.xtemp.xr2f.11                -5.89124e-26
xdut.xtemp.xr2f.21                -8.58491e-27
xdut.xtemp.t5                     -8.58257e-27
xdut.xtemp.xr2t5.11               -8.58023e-27
xdut.xtemp.xr2t5.21               -4.22196e-27
xdut.xtemp.t4                     -4.21963e-27
xdut.xtemp.xr2t4.11               -4.21729e-27
xdut.xtemp.xr2t4.21               -2.04128e-27
xdut.xtemp.t3                     -2.03894e-27
xdut.xtemp.xr2t3.11               -2.03661e-27
xdut.xtemp.xr2t3.21               -9.51735e-28
xdut.xtemp.t2                     -9.49396e-28
xdut.xtemp.xr2t2.11               -9.47057e-28
xdut.xtemp.xr2t2.21               -4.07847e-28
xdut.xtemp.t1                     -4.05509e-28
xdut.xtemp.xr2t1.11                -4.0317e-28
xdut.xtemp.xr2t1.21                -1.3698e-28
xdut.xtemp.t0                     -1.34641e-28
xdut.xtemp.xr2t0.11               -1.32303e-28
xdut.xtemp.xr2t0.21               -2.33889e-30
xdut.xtemp.xriso.11               -1.91706e-19
xdut.xtemp.xriso.21               -1.91706e-19
xdut.xcmp.bias_okb                 1.54798e-20
xdut.xcmp.nbg                      1.86938e-18
xdut.xcmp.sns                                0
xdut.xcmp.xrtop.11                           0
xdut.xcmp.xrtop.21                           0
xdut.xcmp.snsb                               0
xdut.xcmp.xrbot.11                           0
xdut.xcmp.xrbot.21                           0
xdut.xcmp.xrhys.11                           0
xdut.xcmp.xrhys.21                           0
xdut.xcmp.n1                                 0
xdut.xcmp.tn                       -2.0814e-19
xdut.xcmp.na                       9.77776e-19
xdut.xcmp.cmpo                    -8.20024e-19
xdut.xcmp.vdda                     3.47622e-19
xdut.por_raw                       6.62768e-20
xdut.xpor.pdn                      4.11414e-19
xdut.xpor.ndl                      6.60821e-38
xdut.xpor.ndgp                     2.42334e-21
xdut.xpor.ndg                     -1.62473e-19
xdut.xpor.ndgn                     4.37108e-19
xdut.xpor.pgdg                    -1.52681e-19
xdut.xpor.pgdgb                   -8.05395e-21
xdut.xpor.nts                     -2.63668e-21
xdut.xpor.tim                      3.42395e-20
xdut.xpor.nd1                     -3.44857e-21
xdut.xpor.trip                     1.19975e-21
xdut.xpor.rstb                     -8.4943e-20
xdut.xpor.nnand                    3.51542e-19
vsup#branch                        1.46969e-28

 Reference value :  0.00000e+00
 Reference value :  3.08707e-04
 Reference value :  4.46307e-04
 Reference value :  4.57948e-04
 Reference value :  5.78883e-04
 Reference value :  9.57335e-04
 Reference value :  9.69818e-04
 Reference value :  1.34473e-03
 Reference value :  3.24473e-03
 Reference value :  5.12473e-03
 Reference value :  7.33473e-03
 Reference value :  9.19473e-03
 Reference value :  9.88802e-03
 Reference value :  9.88914e-03
 Reference value :  9.89070e-03
 Reference value :  9.89258e-03
 Reference value :  1.06858e-02
 Reference value :  1.28658e-02
 Reference value :  1.47558e-02
 Reference value :  1.66258e-02
 Reference value :  1.85158e-02
 Reference value :  2.03658e-02
 Reference value :  2.31258e-02
 Reference value :  2.60758e-02
 Reference value :  2.92758e-02
No. of Data Rows : 4059
iq_pre              =  -1.35601e-06 from=  1.50000e-03 to=  1.90473e-03
vrst_pre            =  1.07725e-09
vib_pre             =  6.93478e-01
vref_pre            =  1.20254e+00
vptat_pre           =  3.50902e-08
trel                =  9.88891e-03
vrst_post           =  2.97000e+00
vib_post            =  6.49459e-01
vptat_post          =  1.71544e+00
vctat_post          =  4.75134e-01
m_vibias_asserted_v = 6.9347810000e-01
m_vibias_released_v = 6.4945910000e-01
m_vref_asserted_v = 1.2025430000e+00
m_resetn_asserted_mv = 1.0772490000e-06
m_resetn_released_v = 2.9700000000e+00
m_t_release_ms = 9.8889100000e+00
m_vptat_asserted_mv = 3.5090200000e-05
m_vptat_released_v = 1.7154410000e+00
m_vctat_released_v = 4.7513420000e-01
m_iq_por_ua = 1.3560060000e+00
Note: Simulation executed from .control section 

Warning: m=xx on .subckt line will override multiplier m hierarchy!

