
Note: No compatibility mode selected!


Circuit: * bias-core-startup @ sf_125c_3.63v -- generated by sim/harness, do not edit

Doing analysis at TEMP = 125.000000 and TNOM = 27.000000

 Reference value :  1.00000e-02
 Reference value :  1.20000e-02
 Reference value :  1.80000e-02
 Reference value :  2.20000e-02
 Reference value :  3.20000e-02
 Reference value :  6.80000e-02
 Reference value :  9.24000e-01
 Reference value :  2.35000e+00
No. of Data Rows : 1816
vstart              =  1.221512e+00
vok                 =  1.757138e+00
voklast             =  1.757138e+00
vref140             =  1.185674e+00
vref200             =  1.197376e+00
vref247             =  1.197790e+00
vref297             =  1.197986e+00
vref363             =  1.197510e+00
ok140               =  5.304518e-08
ok200               =  2.000000e+00
ok247               =  2.470000e+00
nk363               =  3.602842e+00
m_v_core_up_v = 1.2215120000e+00
m_v_bias_ok_v = 1.7571380000e+00
m_ok_chatter_mv = 0.0000000000e+00
m_startup_margin_v = 5.3562600000e-01
m_release_margin_v = 7.1286200000e-01
m_vref_final_v = 1.1975100000e+00
m_vref_err_247_pct = 2.3381850673e-02
m_vref_err_297_pct = 3.9749146145e-02
m_vref_err_200_pct = -1.118988568e-02
m_vref_at_140_v = 1.1856740000e+00
m_ok_at_140_mv = 5.3045180000e-05
m_ok_at_200_v = 2.0000000000e+00
m_ok_at_247_v = 2.4700000000e+00
m_nk_final_v = 3.6028420000e+00
Note: Simulation executed from .control section 

Using SPARSE 1.3 as Direct Linear Solver
Note: Starting dynamic gmin stepping
Warning: Dynamic gmin stepping failed
Note: Starting true gmin stepping
Warning: True gmin stepping failed
Note: Starting source stepping
Warning: source stepping failed
Note: Transient op started
Note: Transient op finished successfully
Note: Starting dynamic gmin stepping
Warning: Dynamic gmin stepping failed
Note: Starting true gmin stepping
Warning: True gmin stepping failed
Note: Starting source stepping
Warning: source stepping failed
Note: Transient op started
Note: Transient op finished successfully
Note: Starting dynamic gmin stepping
Note: Dynamic gmin stepping completed
Note: Starting dynamic gmin stepping
Warning: Dynamic gmin stepping failed
Note: Starting true gmin stepping
Warning: True gmin stepping failed
Note: Starting source stepping
Warning: source stepping failed
Note: Transient op started
Note: Transient op finished successfully
Note: Starting dynamic gmin stepping
Note: Dynamic gmin stepping completed
Note: Starting dynamic gmin stepping
Warning: Dynamic gmin stepping failed
Note: Starting true gmin stepping
Warning: True gmin stepping failed
Note: Starting source stepping
Warning: source stepping failed
Note: Transient op started
Note: Transient op finished successfully
Note: Starting dynamic gmin stepping
Note: Dynamic gmin stepping completed
Note: Starting dynamic gmin stepping
Note: Dynamic gmin stepping completed
