
Note: Compatibility modes selected: hs a


Circuit: * bias-core-ibias-sharing @ sf_27c_3.30v -- generated by sim/harness, do not edit

Doing analysis at TEMP = 27.000000 and TNOM = 27.000000

Using SPARSE 1.3 as Direct Linear Solver

Initial Transient Solution
--------------------------

Node                                   Voltage
----                                   -------
vdda                                         0
ena                                          0
niba                               1.10268e-19
ibiasa                             1.10268e-19
xbiasa.ks1                        -6.55553e-83
xbiasa.ks2                         8.19523e-82
xbiasa.ks3                        -1.01795e-80
xbiasa.ks4                         1.26437e-79
xbiasa.nkg                        -1.57044e-78
xbiasa.pg                          1.21137e-82
xbiasa.nbg                         2.40293e-89
xbiasa.pb                          1.78099e-90
xbiasa.nkm                          1.3341e-98
xbiasa.nokl                        5.17059e-50
xbiasa.noko                        2.18414e-50
xbiasa.nokx                        4.35574e-49
xbiasa.n1                          1.10899e-78
xbiasa.n2                          1.10851e-78
oka                               -1.13387e-36
xbiasa.tok                          -8.277e-50
xbiasa.nt                         -1.71965e-78
xbiasa.na                          2.83378e-94
xbiasa.nbtop                     -1.30243e-103
vrefa                             -6.83202e-92
xbiasa.nb                        -1.30243e-103
xbiasa.ec                        -1.30244e-103
xbiasa.er                         -6.83194e-92
xbiasa.nz                          1.10851e-78
xbiasa.x47.11                     -6.83202e-92
xbiasa.x47.21                     -6.83201e-92
xbiasa.xr2__1                     -6.83201e-92
xbiasa.xr2__2                     -6.83201e-92
xbiasa.x48.11                     -6.83201e-92
xbiasa.x48.21                     -6.83201e-92
xbiasa.x49.11                     -6.83201e-92
xbiasa.x49.21                       -6.832e-92
xbiasa.xr2__3                       -6.832e-92
xbiasa.xr2__4                       -6.832e-92
xbiasa.x50.11                       -6.832e-92
xbiasa.x50.21                       -6.832e-92
xbiasa.x51.11                       -6.832e-92
xbiasa.x51.21                     -6.83199e-92
xbiasa.xr2__5                     -6.83199e-92
xbiasa.xr2__6                     -6.83199e-92
xbiasa.x52.11                     -6.83199e-92
xbiasa.x52.21                     -6.83199e-92
xbiasa.x53.11                     -6.83199e-92
xbiasa.x53.21                     -6.83198e-92
xbiasa.xr2__7                     -6.83198e-92
xbiasa.xr2__8                     -6.83198e-92
xbiasa.x54.11                     -6.83198e-92
xbiasa.x54.21                     -6.83198e-92
xbiasa.x55.11                     -6.83198e-92
xbiasa.x55.21                     -6.83197e-92
xbiasa.xr2__9                     -6.83197e-92
xbiasa.xr2__10                    -6.83197e-92
xbiasa.x56.11                     -6.83197e-92
xbiasa.x56.21                     -6.83197e-92
xbiasa.x57.11                     -6.83197e-92
xbiasa.x57.21                     -6.83196e-92
xbiasa.xr2__11                    -6.83196e-92
xbiasa.xr2__12                    -6.83196e-92
xbiasa.x58.11                     -6.83196e-92
xbiasa.x58.21                     -6.83196e-92
xbiasa.x59.11                     -6.83196e-92
xbiasa.x59.21                     -6.83195e-92
xbiasa.xr2__13                    -6.83195e-92
xbiasa.xr2__14                    -6.83195e-92
xbiasa.x60.11                     -6.83195e-92
xbiasa.x60.21                     -6.83195e-92
xbiasa.x61.11                     -6.83195e-92
xbiasa.x61.21                     -6.83194e-92
xbiasa.xr2__15                    -6.83194e-92
xbiasa.x62.11                     -6.83194e-92
xbiasa.x62.21                     -6.83194e-92
xbiasa.x63.11                      1.10851e-78
xbiasa.x63.21                      1.10851e-78
xbiasa.xrz__1                      1.10851e-78
xbiasa.xrz__2                      1.10851e-78
xbiasa.x64.11                      1.10851e-78
xbiasa.x64.21                      1.10851e-78
xbiasa.x65.11                      1.10851e-78
xbiasa.x65.21                      1.10851e-78
xbiasa.xrz__3                      1.10851e-78
xbiasa.x66.11                      1.10851e-78
xbiasa.x66.21                      1.10851e-78
xbiasa.x67.11                    -1.30243e-103
xbiasa.x67.21                    -1.30243e-103
xbiasa.xr1__1                    -1.30243e-103
xbiasa.x68.11                    -1.30244e-103
xbiasa.x68.21                    -1.30243e-103
xbiasa.x69.11                    -1.30243e-103
xbiasa.x69.21                    -1.30243e-103
xbiasa.xrt__1                    -1.30243e-103
xbiasa.x70.11                    -1.30243e-103
xbiasa.x70.21                    -1.30243e-103
xbiasa.n1__par                     1.10899e-78
xbiasa.n2__par                     1.10851e-78
xbiasa.nkm__par                     1.3341e-98
xbiasa.tok__par                     -8.277e-50
xbiasa.noko__par                   2.18414e-50
xbiasa.nokl__par                   5.17059e-50
xbiasa.nokx__par                   4.35574e-49
xbiasa.ks1__par                   -6.55553e-83
xbiasa.ks2__par                    8.19523e-82
xbiasa.ks3__par                   -1.01795e-80
xbiasa.ks4__par                    1.26437e-79
xbiasa.nkg__par                   -1.57044e-78
xbiasa.nb__par                   -1.30243e-103
xbiasa.ec__par                   -1.30244e-103
xbiasa.nz__par                     1.10851e-78
xbiasa.xrz__2__par                 1.10851e-78
xbiasa.xr2__14__par               -6.83195e-92
xbiasa.xr2__12__par               -6.83196e-92
xbiasa.pg__par                     1.21137e-82
xbiasa.xr2__10__par               -6.83197e-92
xbiasa.xr2__8__par                -6.83198e-92
xbiasa.xr2__6__par                -6.83199e-92
xbiasa.xr2__4__par                  -6.832e-92
xbiasa.xr2__2__par                -6.83201e-92
xbiasa.na__par                     2.83378e-94
xbiasa.er__par                    -6.83194e-92
xbiasa.xrt__1__par               -1.30243e-103
xbiasa.nbtop__par                -1.30243e-103
xbiasa.xr1__1__par               -1.30243e-103
xbiasa.xrz__3__par                 1.10851e-78
xbiasa.xrz__1__par                 1.10851e-78
xbiasa.xr2__13__par               -6.83195e-92
xbiasa.xr2__11__par               -6.83196e-92
xbiasa.xr2__1__par                -6.83201e-92
xbiasa.xr2__3__par                  -6.832e-92
xbiasa.xr2__5__par                -6.83199e-92
xbiasa.xr2__7__par                -6.83198e-92
xbiasa.xr2__9__par                -6.83197e-92
xbiasa.xr2__15__par               -6.83194e-92
xbiasa.nbg__par                    2.40293e-89
xbiasa.pb__par                     1.78099e-90
xbiasa.nt__par                    -1.71965e-78
xbiasa.bias_ok__par               -1.13387e-36
xbiasa.ibias__par                  1.10268e-19
xbiasa.vdd__par                              0
xbiasa.vref__par                  -6.83202e-92
xbiasa.vss__par                              0
xtempa.pg                         -2.83698e-20
xtempa.nz                         -1.78947e-20
xtempa.n1                          2.93781e-19
xtempa.n2                         -1.78947e-20
xtempa.nbg                        -6.40671e-21
xtempa.enb                        -4.26511e-74
xtempa.pb                          6.56499e-21
xtempa.pcas                       -1.25422e-21
xtempa.nd                          -4.2611e-23
xtempa.nr                         -7.86343e-96
ptata                              6.13568e-28
ctata                             -9.08208e-22
xtempa.nt                          6.86576e-19
xtempa.t5                          8.95963e-29
xtempa.t4                          4.42266e-29
xtempa.t3                          2.15069e-29
xtempa.t2                          1.01122e-29
xtempa.t1                          4.38103e-30
xtempa.t0                          1.48356e-30
xtempa.na                         -9.08208e-22
xtempa.nb                          2.16182e-22
xtempa.m1d                         1.34613e-21
xtempa.m2d                        -6.33379e-22
xtempa.m3d                        -3.61412e-22
xtempa.nc                          2.16182e-22
xtempa.x65.11                      2.16182e-22
xtempa.x65.21                      2.16182e-22
xtempa.xr1__1                      2.16182e-22
xtempa.x66.11                      2.16182e-22
xtempa.x66.21                      2.16182e-22
xtempa.x67.11                     -9.08208e-22
xtempa.x67.21                     -9.08208e-22
xtempa.xriso__1                   -9.08208e-22
xtempa.x68.11                     -9.08208e-22
xtempa.x68.21                     -9.08208e-22
xtempa.x69.11                     -1.78947e-20
xtempa.x69.21                     -1.78947e-20
xtempa.xrz__1                     -1.78947e-20
xtempa.xrz__2                     -1.78947e-20
xtempa.x70.11                     -1.78947e-20
xtempa.x70.21                     -1.78947e-20
xtempa.x71.11                     -1.78947e-20
xtempa.x71.21                     -1.78947e-20
xtempa.xrz__3                     -1.78947e-20
xtempa.xrz__4                     -1.78947e-20
xtempa.x72.11                     -1.78947e-20
xtempa.x72.21                     -1.78947e-20
xtempa.x73.11                     -1.78947e-20
xtempa.x73.21                     -1.78947e-20
xtempa.xrz__5                     -1.78947e-20
xtempa.xrz__6                     -1.78947e-20
xtempa.x74.11                     -1.78947e-20
xtempa.x74.21                     -1.78947e-20
xtempa.x75.11                     -1.78947e-20
xtempa.x75.21                     -1.78947e-20
xtempa.xrz__7                     -1.78947e-20
xtempa.xrz__8                     -1.78947e-20
xtempa.x76.11                     -1.78947e-20
xtempa.x76.21                     -1.78947e-20
xtempa.x77.11                     -1.78947e-20
xtempa.x77.21                     -1.78947e-20
xtempa.xrz__9                     -1.78947e-20
xtempa.x78.11                     -1.78947e-20
xtempa.x78.21                     -1.78947e-20
xtempa.x79.11                      6.13535e-28
xtempa.x79.21                       5.9177e-28
xtempa.xr2f__1                     5.91736e-28
xtempa.xr2f__2                     5.69904e-28
xtempa.x80.11                      5.69938e-28
xtempa.x80.21                      5.91703e-28
xtempa.x81.11                       5.6987e-28
xtempa.x81.21                      5.48106e-28
xtempa.xr2f__3                     5.48072e-28
xtempa.xr2f__4                      5.2624e-28
xtempa.x82.11                      5.26273e-28
xtempa.x82.21                      5.48038e-28
xtempa.x83.11                      5.26206e-28
xtempa.x83.21                      5.04441e-28
xtempa.xr2f__5                     5.04408e-28
xtempa.xr2f__6                     4.82575e-28
xtempa.x84.11                      4.82609e-28
xtempa.x84.21                      5.04374e-28
xtempa.x85.11                      4.82542e-28
xtempa.x85.21                      4.60777e-28
xtempa.xr2f__7                     4.60743e-28
xtempa.xr2f__8                     4.38911e-28
xtempa.x86.11                      4.38945e-28
xtempa.x86.21                       4.6071e-28
xtempa.x87.11                      4.38877e-28
xtempa.x87.21                      4.17113e-28
xtempa.xr2f__9                     4.17079e-28
xtempa.xr2f__10                    3.95247e-28
xtempa.x88.11                       3.9528e-28
xtempa.x88.21                      4.17045e-28
xtempa.x89.11                      3.95213e-28
xtempa.x89.21                      3.73448e-28
xtempa.xr2f__11                    3.73415e-28
xtempa.xr2f__12                    3.51582e-28
xtempa.x90.11                      3.51616e-28
xtempa.x90.21                      3.73381e-28
xtempa.x91.11                      3.51549e-28
xtempa.x91.21                      3.29784e-28
xtempa.xr2f__13                     3.2975e-28
xtempa.xr2f__14                    3.07918e-28
xtempa.x92.11                      3.07952e-28
xtempa.x92.21                      3.29716e-28
xtempa.x93.11                      3.07884e-28
xtempa.x93.21                      2.86119e-28
xtempa.xr2f__15                    2.86086e-28
xtempa.xr2f__16                    2.64254e-28
xtempa.x94.11                      2.64287e-28
xtempa.x94.21                      2.86052e-28
xtempa.x95.11                       2.6422e-28
xtempa.x95.21                      2.42455e-28
xtempa.xr2f__17                    2.42421e-28
xtempa.xr2f__18                    2.20589e-28
xtempa.x96.11                      2.20623e-28
xtempa.x96.21                      2.42388e-28
xtempa.x97.11                      2.20556e-28
xtempa.x97.21                      1.98791e-28
xtempa.xr2f__19                    1.98757e-28
xtempa.xr2f__20                    1.76925e-28
xtempa.x98.11                      1.76959e-28
xtempa.x98.21                      1.98723e-28
xtempa.x99.11                      1.76891e-28
xtempa.x99.21                      1.55126e-28
xtempa.xr2f__21                    1.55093e-28
xtempa.xr2f__22                    1.33261e-28
xtempa.x100.11                     1.33294e-28
xtempa.x100.21                     1.55059e-28
xtempa.x101.11                     1.33227e-28
xtempa.x101.21                     1.11462e-28
xtempa.xr2f__23                    1.11428e-28
xtempa.x102.11                     8.96299e-29
xtempa.x102.21                     1.11395e-28
xtempa.x103.11                     8.95626e-29
xtempa.x103.21                     6.69451e-29
xtempa.xr2t5__1                    6.69114e-29
xtempa.x104.11                     4.42602e-29
xtempa.x104.21                     6.68777e-29
xtempa.x105.11                     4.41929e-29
xtempa.x105.21                     3.29004e-29
xtempa.xr2t4__1                    3.28667e-29
xtempa.x106.11                     2.15405e-29
xtempa.x106.21                      3.2833e-29
xtempa.x107.11                     2.14732e-29
xtempa.x107.21                     1.58432e-29
xtempa.xr2t3__1                    1.58095e-29
xtempa.x108.11                     1.01459e-29
xtempa.x108.21                     1.57759e-29
xtempa.x109.11                     1.00785e-29
xtempa.x109.21                     7.28028e-30
xtempa.xr2t2__1                    7.24662e-30
xtempa.x110.11                     4.41469e-30
xtempa.x110.21                     7.21295e-30
xtempa.x111.11                     4.34736e-30
xtempa.x111.21                     2.96596e-30
xtempa.xr2t1__1                    2.93229e-30
xtempa.x112.11                     1.51723e-30
xtempa.x112.21                     2.89863e-30
xtempa.x113.11                      1.4499e-30
xtempa.x113.21                     7.75446e-31
xtempa.xr2t0__1                    7.41781e-31
xtempa.x114.11                      3.3665e-32
xtempa.x114.21                     7.08116e-31
xtempa.xrz__2__par                -1.78947e-20
xtempa.xrz__4__par                -1.78947e-20
xtempa.xrz__6__par                -1.78947e-20
xtempa.xrz__8__par                -1.78947e-20
xtempa.xr2f__2__par                5.69904e-28
xtempa.xr2f__4__par                 5.2624e-28
xtempa.xr2f__6__par                4.82575e-28
xtempa.xr2f__8__par                4.38911e-28
xtempa.xr2f__10__par               3.95247e-28
xtempa.xr2f__12__par               3.51582e-28
xtempa.xr2f__14__par               3.07918e-28
xtempa.xr2f__16__par               2.64254e-28
xtempa.xr2f__18__par               2.20589e-28
xtempa.xr2f__20__par               1.76925e-28
xtempa.xr2f__22__par               1.33261e-28
xtempa.xr2t0__1__par               7.41781e-31
xtempa.xr2t1__1__par               2.93229e-30
xtempa.xr2t2__1__par               7.24662e-30
xtempa.xr2t3__1__par               1.58095e-29
xtempa.xriso__1__par              -9.08208e-22
xtempa.xr2t4__1__par               3.28667e-29
xtempa.xr1__1__par                 2.16182e-22
xtempa.xrz__1__par                -1.78947e-20
xtempa.xrz__3__par                -1.78947e-20
xtempa.xrz__5__par                -1.78947e-20
xtempa.xrz__7__par                -1.78947e-20
xtempa.xrz__9__par                -1.78947e-20
xtempa.xr2f__1__par                5.91736e-28
xtempa.xr2f__3__par                5.48072e-28
xtempa.xr2f__5__par                5.04408e-28
xtempa.xr2f__7__par                4.60743e-28
xtempa.xr2f__9__par                4.17079e-28
xtempa.xr2f__11__par               3.73415e-28
xtempa.xr2f__13__par                3.2975e-28
xtempa.xr2f__15__par               2.86086e-28
xtempa.xr2f__17__par               2.42421e-28
xtempa.xr2f__19__par               1.98757e-28
xtempa.xr2f__21__par               1.55093e-28
xtempa.xr2f__23__par               1.11428e-28
xtempa.xr2t5__1__par               6.69114e-29
xtempa.ctat__par                  -9.08208e-22
xtempa.en__par                               0
xtempa.enb__par                   -4.26511e-74
xtempa.ibias__par                  1.10268e-19
xtempa.m1d__par                    1.34613e-21
xtempa.m2d__par                   -6.33379e-22
xtempa.m3d__par                   -3.61412e-22
xtempa.n1__par                     2.93781e-19
xtempa.n2__par                    -1.78947e-20
xtempa.na__par                    -9.08208e-22
xtempa.nb__par                     2.16182e-22
xtempa.nbg__par                   -6.40671e-21
xtempa.nc__par                     2.16182e-22
xtempa.nd__par                     -4.2611e-23
xtempa.nr__par                    -7.86343e-96
xtempa.nt__par                     6.86576e-19
xtempa.nz__par                    -1.78947e-20
xtempa.pb__par                     6.56499e-21
xtempa.pcas__par                  -1.25422e-21
xtempa.pg__par                    -2.83698e-20
xtempa.ptat__par                   6.13568e-28
xtempa.t0__par                     1.48356e-30
xtempa.t1__par                     4.38103e-30
xtempa.t2__par                     1.01122e-29
xtempa.t3__par                     2.15069e-29
xtempa.t4__par                     4.42266e-29
xtempa.t5__par                     8.95963e-29
xtempa.vdd__par                              0
xtempa.vss__par                              0
xcmpa.tn                          -2.07284e-23
xcmpa.nbg                          -1.1323e-19
xcmpa.bias_okb                    -4.52933e-33
xcmpa.n1                           1.32027e-23
xcmpa.cmpo                         1.72111e-22
por_rawa                          -1.09812e-23
xcmpa.na                           3.01191e-22
xcmpa.sns                                    0
xcmpa.snsb                                   0
xcmpa.vdda                         -5.8882e-22
xcmpa.x19.11                                 0
xcmpa.x19.21                                 0
xcmpa.x20.11                                 0
xcmpa.x20.21                                 0
xcmpa.x21.11                                 0
xcmpa.x21.21                                 0
xcmpa.sns__par                               0
xcmpa.nbg__par                     -1.1323e-19
xcmpa.snsb__par                              0
xcmpa.vdda__par                    -5.8882e-22
xcmpa.na__par                      3.01191e-22
xcmpa.cmpo__par                    1.72111e-22
xcmpa.n1__par                      1.32027e-23
xcmpa.tn__par                     -2.07284e-23
xcmpa.bias_ok__par                -1.13387e-36
xcmpa.bias_okb__par               -4.52933e-33
xcmpa.ibias__par                   1.10268e-19
xcmpa.por_raw__par                -1.09812e-23
xcmpa.vdd__par                               0
xcmpa.vref__par                   -6.83202e-92
xcmpa.vss__par                               0
vddb                                         0
nibb                               -4.5168e-27
ibiasb                             -4.5168e-27
xbiasb.ks1                        -4.76781e-83
xbiasb.ks2                         5.96036e-82
xbiasb.ks3                        -7.40351e-81
xbiasb.ks4                         9.19572e-80
xbiasb.nkg                        -1.14218e-78
xbiasb.pg                          1.20476e-82
xbiasb.nbg                         1.67982e-89
xbiasb.pb                          2.24532e-90
xbiasb.nkm                         1.33366e-98
xbiasb.nokl                       -6.55337e-50
xbiasb.noko                       -2.74828e-50
xbiasb.nokx                        3.28148e-49
xbiasb.n1                          1.11507e-78
xbiasb.n2                          1.11457e-78
okb                               -1.22648e-36
xbiasb.tok                         1.05165e-49
xbiasb.nt                         -1.72906e-78
xbiasb.na                         -2.58631e-94
xbiasb.nbtop                     -1.27388e-103
vrefb                             -6.82484e-92
xbiasb.nb                        -1.27388e-103
xbiasb.ec                        -1.27388e-103
xbiasb.er                         -6.82476e-92
xbiasb.nz                          1.11457e-78
xbiasb.x47.11                     -6.82484e-92
xbiasb.x47.21                     -6.82483e-92
xbiasb.xr2__1                     -6.82483e-92
xbiasb.xr2__2                     -6.82483e-92
xbiasb.x48.11                     -6.82483e-92
xbiasb.x48.21                     -6.82483e-92
xbiasb.x49.11                     -6.82483e-92
xbiasb.x49.21                     -6.82482e-92
xbiasb.xr2__3                     -6.82482e-92
xbiasb.xr2__4                     -6.82482e-92
xbiasb.x50.11                     -6.82482e-92
xbiasb.x50.21                     -6.82482e-92
xbiasb.x51.11                     -6.82482e-92
xbiasb.x51.21                     -6.82481e-92
xbiasb.xr2__5                     -6.82481e-92
xbiasb.xr2__6                     -6.82481e-92
xbiasb.x52.11                     -6.82481e-92
xbiasb.x52.21                     -6.82481e-92
xbiasb.x53.11                     -6.82481e-92
xbiasb.x53.21                      -6.8248e-92
xbiasb.xr2__7                      -6.8248e-92
xbiasb.xr2__8                      -6.8248e-92
xbiasb.x54.11                      -6.8248e-92
xbiasb.x54.21                      -6.8248e-92
xbiasb.x55.11                      -6.8248e-92
xbiasb.x55.21                     -6.82479e-92
xbiasb.xr2__9                     -6.82479e-92
xbiasb.xr2__10                    -6.82479e-92
xbiasb.x56.11                     -6.82479e-92
xbiasb.x56.21                     -6.82479e-92
xbiasb.x57.11                     -6.82479e-92
xbiasb.x57.21                     -6.82478e-92
xbiasb.xr2__11                    -6.82478e-92
xbiasb.xr2__12                    -6.82478e-92
xbiasb.x58.11                     -6.82478e-92
xbiasb.x58.21                     -6.82478e-92
xbiasb.x59.11                     -6.82478e-92
xbiasb.x59.21                     -6.82477e-92
xbiasb.xr2__13                    -6.82477e-92
xbiasb.xr2__14                    -6.82477e-92
xbiasb.x60.11                     -6.82477e-92
xbiasb.x60.21                     -6.82477e-92
xbiasb.x61.11                     -6.82477e-92
xbiasb.x61.21                     -6.82476e-92
xbiasb.xr2__15                    -6.82476e-92
xbiasb.x62.11                     -6.82476e-92
xbiasb.x62.21                     -6.82476e-92
xbiasb.x63.11                      1.11457e-78
xbiasb.x63.21                      1.11457e-78
xbiasb.xrz__1                      1.11457e-78
xbiasb.xrz__2                      1.11457e-78
xbiasb.x64.11                      1.11457e-78
xbiasb.x64.21                      1.11457e-78
xbiasb.x65.11                      1.11457e-78
xbiasb.x65.21                      1.11457e-78
xbiasb.xrz__3                      1.11457e-78
xbiasb.x66.11                      1.11457e-78
xbiasb.x66.21                      1.11457e-78
xbiasb.x67.11                    -1.27388e-103
xbiasb.x67.21                    -1.27388e-103
xbiasb.xr1__1                    -1.27388e-103
xbiasb.x68.11                    -1.27388e-103
xbiasb.x68.21                    -1.27388e-103
xbiasb.x69.11                    -1.27388e-103
xbiasb.x69.21                    -1.27388e-103
xbiasb.xrt__1                    -1.27388e-103
xbiasb.x70.11                    -1.27388e-103
xbiasb.x70.21                    -1.27388e-103
xbiasb.n1__par                     1.11507e-78
xbiasb.n2__par                     1.11457e-78
xbiasb.nkm__par                    1.33366e-98
xbiasb.tok__par                    1.05165e-49
xbiasb.noko__par                  -2.74828e-50
xbiasb.nokl__par                  -6.55337e-50
xbiasb.nokx__par                   3.28148e-49
xbiasb.ks1__par                   -4.76781e-83
xbiasb.ks2__par                    5.96036e-82
xbiasb.ks3__par                   -7.40351e-81
xbiasb.ks4__par                    9.19572e-80
xbiasb.nkg__par                   -1.14218e-78
xbiasb.nb__par                   -1.27388e-103
xbiasb.ec__par                   -1.27388e-103
xbiasb.nz__par                     1.11457e-78
xbiasb.xrz__2__par                 1.11457e-78
xbiasb.xr2__14__par               -6.82477e-92
xbiasb.xr2__12__par               -6.82478e-92
xbiasb.pg__par                     1.20476e-82
xbiasb.xr2__10__par               -6.82479e-92
xbiasb.xr2__8__par                 -6.8248e-92
xbiasb.xr2__6__par                -6.82481e-92
xbiasb.xr2__4__par                -6.82482e-92
xbiasb.xr2__2__par                -6.82483e-92
xbiasb.na__par                    -2.58631e-94
xbiasb.er__par                    -6.82476e-92
xbiasb.xrt__1__par               -1.27388e-103
xbiasb.nbtop__par                -1.27388e-103
xbiasb.xr1__1__par               -1.27388e-103
xbiasb.xrz__3__par                 1.11457e-78
xbiasb.xrz__1__par                 1.11457e-78
xbiasb.xr2__13__par               -6.82477e-92
xbiasb.xr2__11__par               -6.82478e-92
xbiasb.xr2__1__par                -6.82483e-92
xbiasb.xr2__3__par                -6.82482e-92
xbiasb.xr2__5__par                -6.82481e-92
xbiasb.xr2__7__par                 -6.8248e-92
xbiasb.xr2__9__par                -6.82479e-92
xbiasb.xr2__15__par               -6.82476e-92
xbiasb.nbg__par                    1.67982e-89
xbiasb.pb__par                     2.24532e-90
xbiasb.nt__par                    -1.72906e-78
xbiasb.bias_ok__par               -1.22648e-36
xbiasb.ibias__par                  -4.5168e-27
xbiasb.vdd__par                              0
xbiasb.vref__par                  -6.82484e-92
xbiasb.vss__par                              0
xcmpb.tn                          -4.53835e-25
xcmpb.nbg                          9.06364e-28
xcmpb.bias_okb                    -6.19676e-33
xcmpb.n1                          -1.53316e-27
xcmpb.cmpo                         3.02385e-24
por_rawb                          -7.50366e-21
xcmpb.na                           5.11732e-24
xcmpb.sns                                    0
xcmpb.snsb                                   0
xcmpb.vdda                        -9.74873e-24
xcmpb.x19.11                                 0
xcmpb.x19.21                                 0
xcmpb.x20.11                                 0
xcmpb.x20.21                                 0
xcmpb.x21.11                                 0
xcmpb.x21.21                                 0
xcmpb.sns__par                               0
xcmpb.nbg__par                     9.06364e-28
xcmpb.snsb__par                              0
xcmpb.vdda__par                   -9.74873e-24
xcmpb.na__par                      5.11732e-24
xcmpb.cmpo__par                    3.02385e-24
xcmpb.n1__par                     -1.53316e-27
xcmpb.tn__par                     -4.53835e-25
xcmpb.bias_ok__par                -1.22648e-36
xcmpb.bias_okb__par               -6.19676e-33
xcmpb.ibias__par                   -4.5168e-27
xcmpb.por_raw__par                -7.50366e-21
xcmpb.vdd__par                               0
xcmpb.vref__par                   -6.82484e-92
xcmpb.vss__par                               0
vibb#branch                       -1.10571e-38
vsupb#branch                       5.78604e-33
viba#branch                        1.87825e-31
vena#branch                                  0
vsupa#branch                      -2.84475e-31

 Reference value :  0.00000e+00
 Reference value :  1.87814e-05
 Reference value :  3.15188e-05
 Reference value :  4.35650e-05
 Reference value :  4.90604e-05
 Reference value :  4.91913e-05
 Reference value :  5.07660e-05
 Reference value :  7.03803e-05
 Reference value :  1.04043e-04
 Reference value :  1.04479e-04
 Reference value :  4.19448e-04
No. of Data Rows : 723
vib_a               =  7.96380e-01
vib_b               =  7.96380e-01
por_a               =  3.30000e+00
por_b               =  3.30000e+00
ok_a                =  3.30000e+00
ok_b                =  3.30000e+00
vref_a              =  1.19942e+00
iba                 =  5.45526e-07
vdda                =  3.30000e+00
vddb                =  3.30000e+00
m_vibias_shared_v = 7.9637980000e-01
m_vibias_control_v = 7.9638000000e-01
m_por_raw_shared_droop_mv = 0.0000000000e+00
m_por_raw_control_droop_mv = 9.9999999970e-04
m_bias_ok_shared_droop_mv = 0.0000000000e+00
m_bias_ok_control_droop_mv = 0.0000000000e+00
m_vref_shared_v = 1.1994180000e+00
m_ibias_delivered_na = 5.4552590000e+02
Note: Simulation executed from .control section 

Warning: m=xx on .subckt line will override multiplier m hierarchy!

