
Note: Compatibility modes selected: hs a


Circuit: * por-ramp-rate @ bjt_ff_27c_3.30v -- generated by sim/harness, do not edit

Doing analysis at TEMP = 27.000000 and TNOM = 27.000000

Using SPARSE 1.3 as Direct Linear Solver

Initial Transient Solution
--------------------------

Node                                   Voltage
----                                   -------
vddr1                                        0
ptatr1                           -5.89605e-193
ctatr1                             1.97158e-66
resetnr1                          3.93695e-129
xr1.xbias.na                      6.17268e-150
xr1.xbias.pg                       2.09073e-64
xr1.xbias.nbtop                   7.49823e-137
xr1.vref                          6.53877e-147
xr1.xbias.nbg                     -3.63587e-83
xr1.xbias.xrt.11                  7.49823e-137
xr1.xbias.xrt.21                  7.49823e-137
xr1.xbias.nb                      7.49823e-137
xr1.xbias.xr1.11                  7.49823e-137
xr1.xbias.xr1.21                  7.49824e-137
xr1.xbias.ec                      7.49824e-137
xr1.xbias.xr2.11                  6.53877e-147
xr1.xbias.xr2.21                  6.53881e-147
xr1.xbias.er                      6.53881e-147
xr1.xbias.pb                       1.64576e-84
xr1.ibias                          3.35327e-35
xr1.xbias.nt                      -7.50201e-69
xr1.xbias.n1                       1.00431e-69
xr1.xbias.n2                       2.35799e-67
xr1.xbias.nz                         2.358e-67
xr1.xbias.xrz.11                     2.358e-67
xr1.xbias.xrz.21                   2.35799e-67
xr1.xbias.ks1                      3.98799e-53
xr1.xbias.ks2                     -4.96878e-52
xr1.xbias.ks3                      6.15082e-51
xr1.xbias.ks4                     -7.61402e-50
xr1.xbias.nkg                      9.42508e-49
xr1.xbias.nkm                      2.24378e-86
xr1.xbias.tok                      3.23155e-81
xr1.xbias.noko                     -2.1406e-82
xr1.xbias.nokl                    -1.04044e-79
xr1.xbias.nokx                     6.13382e-71
xr1.bias_ok                       -7.56613e-51
xr1.xtemp.nbg                      -4.8205e-35
xr1.xtemp.enb                    -5.66466e-251
xr1.xtemp.pb                       4.37245e-41
xr1.xtemp.pcas                      7.7475e-42
xr1.xtemp.nt                       2.41644e-37
xr1.xtemp.n1                       1.02212e-36
xr1.xtemp.na                       1.97158e-66
xr1.xtemp.n2                       1.26065e-37
xr1.xtemp.nb                        1.1643e-73
xr1.xtemp.pg                       1.48369e-39
xr1.xtemp.nz                       1.26065e-37
xr1.xtemp.xrz.11                   1.26065e-37
xr1.xtemp.xrz.21                   1.26065e-37
xr1.xtemp.m1d                      2.99293e-68
xr1.xtemp.m2d                      1.80583e-75
xr1.xtemp.m3d                    -5.10144e-187
xr1.xtemp.nd                       1.08225e-44
xr1.xtemp.nr                       8.73758e-56
xr1.xtemp.nc                        1.1643e-73
xr1.xtemp.xr1.11                    1.1643e-73
xr1.xtemp.xr1.21                    1.1643e-73
xr1.xtemp.xr2f.11                -5.89573e-193
xr1.xtemp.xr2f.21                -8.60732e-194
xr1.xtemp.t5                     -8.60408e-194
xr1.xtemp.xr2t5.11               -8.60083e-194
xr1.xtemp.xr2t5.21               -4.23551e-194
xr1.xtemp.t4                     -4.23226e-194
xr1.xtemp.xr2t4.11               -4.22901e-194
xr1.xtemp.xr2t4.21               -2.05076e-194
xr1.xtemp.t3                     -2.04752e-194
xr1.xtemp.xr2t3.11               -2.04427e-194
xr1.xtemp.xr2t3.21               -9.58599e-195
xr1.xtemp.t2                     -9.55353e-195
xr1.xtemp.xr2t2.11               -9.52108e-195
xr1.xtemp.xr2t2.21                -4.1258e-195
xr1.xtemp.t1                     -4.09334e-195
xr1.xtemp.xr2t1.11               -4.06089e-195
xr1.xtemp.xr2t1.21               -1.39762e-195
xr1.xtemp.t0                     -1.36516e-195
xr1.xtemp.xr2t0.11               -1.33271e-195
xr1.xtemp.xr2t0.21               -3.24509e-197
xr1.xtemp.xriso.11                 1.97158e-66
xr1.xtemp.xriso.21                 1.97158e-66
xr1.xcmp.bias_okb                            0
xr1.xcmp.nbg                      -4.81545e-35
xr1.xcmp.sns                                 0
xr1.xcmp.xrtop.11                            0
xr1.xcmp.xrtop.21                            0
xr1.xcmp.snsb                                0
xr1.xcmp.xrbot.11                            0
xr1.xcmp.xrbot.21                            0
xr1.xcmp.xrhys.11                            0
xr1.xcmp.xrhys.21                            0
xr1.xcmp.n1                        1.72911e-70
xr1.xcmp.tn                        7.19701e-64
xr1.xcmp.na                       -4.62564e-64
xr1.xcmp.cmpo                      -4.4498e-64
xr1.xcmp.vdda                     -1.24312e-64
xr1.por_raw                       -1.55498e-69
xr1.xpor.pdn                      6.51549e-131
xr1.xpor.ndl                       3.90182e-84
xr1.xpor.ndgp                      5.25174e-63
xr1.xpor.ndg                       4.42465e-62
xr1.xpor.ndgn                     -8.03595e-62
xr1.xpor.pgdg                      6.23203e-39
xr1.xpor.pgdgb                    -9.23202e-55
xr1.xpor.nts                      -3.05445e-61
xr1.xpor.tim                      -1.43475e-59
xr1.xpor.nd1                       4.22891e-57
xr1.xpor.trip                       3.9624e-53
xr1.xpor.rstb                      -2.5286e-33
xr1.xpor.nnand                     9.29123e-33
vddr2                                        0
ptatr2                            -5.21874e-30
ctatr2                             1.12666e-24
resetnr2                           4.71007e-25
xr2.xbias.na                      5.70302e-149
xr2.xbias.pg                       1.49872e-64
xr2.xbias.nbtop                  -2.02621e-137
xr2.vref                          5.21761e-147
xr2.xbias.nbg                     -1.05403e-84
xr2.xbias.xrt.11                 -2.02621e-137
xr2.xbias.xrt.21                 -2.02621e-137
xr2.xbias.nb                     -2.02621e-137
xr2.xbias.xr1.11                 -2.02621e-137
xr2.xbias.xr1.21                 -2.02621e-137
xr2.xbias.ec                     -2.02621e-137
xr2.xbias.xr2.11                  5.21761e-147
xr2.xbias.xr2.21                  5.21764e-147
xr2.xbias.er                      5.21764e-147
xr2.xbias.pb                      -7.53945e-85
xr2.ibias                          2.17593e-19
xr2.xbias.nt                      -5.73151e-69
xr2.xbias.n1                       7.65062e-70
xr2.xbias.n2                       1.76442e-67
xr2.xbias.nz                       1.76443e-67
xr2.xbias.xrz.11                   1.76443e-67
xr2.xbias.xrz.21                   1.76442e-67
xr2.xbias.ks1                     -4.83283e-53
xr2.xbias.ks2                       6.0214e-52
xr2.xbias.ks3                     -7.45385e-51
xr2.xbias.ks4                      9.22702e-50
xr2.xbias.nkg                     -1.14217e-48
xr2.xbias.nkm                      2.83146e-86
xr2.xbias.tok                      3.31261e-81
xr2.xbias.noko                     -2.1943e-82
xr2.xbias.nokl                    -1.06679e-79
xr2.xbias.nokx                     5.63605e-71
xr2.bias_ok                       -7.56613e-51
xr2.xtemp.nbg                      6.85389e-20
xr2.xtemp.enb                     3.03812e-262
xr2.xtemp.pb                      -2.76968e-22
xr2.xtemp.pcas                     -2.3587e-61
xr2.xtemp.nt                       1.35591e-18
xr2.xtemp.n1                       1.46059e-18
xr2.xtemp.na                       1.12666e-24
xr2.xtemp.n2                       1.42449e-18
xr2.xtemp.nb                       6.42752e-29
xr2.xtemp.pg                      -3.36956e-19
xr2.xtemp.nz                       1.42449e-18
xr2.xtemp.xrz.11                   1.42449e-18
xr2.xtemp.xrz.21                   1.42449e-18
xr2.xtemp.m1d                     -5.27923e-25
xr2.xtemp.m2d                     -2.49904e-28
xr2.xtemp.m3d                      6.34946e-24
xr2.xtemp.nd                       1.73354e-23
xr2.xtemp.nr                       -1.1767e-23
xr2.xtemp.nc                       6.42752e-29
xr2.xtemp.xr1.11                   6.42752e-29
xr2.xtemp.xr1.21                   6.42752e-29
xr2.xtemp.xr2f.11                 -5.21846e-30
xr2.xtemp.xr2f.21                 -7.61345e-31
xr2.xtemp.t5                      -7.61057e-31
xr2.xtemp.xr2t5.11                 -7.6077e-31
xr2.xtemp.xr2t5.21                -3.74788e-31
xr2.xtemp.t4                      -3.74501e-31
xr2.xtemp.xr2t4.11                -3.74214e-31
xr2.xtemp.xr2t4.21                -1.81502e-31
xr2.xtemp.t3                      -1.81214e-31
xr2.xtemp.xr2t3.11                -1.80927e-31
xr2.xtemp.xr2t3.21                -8.48485e-32
xr2.xtemp.t2                      -8.45612e-32
xr2.xtemp.xr2t2.11                -8.42739e-32
xr2.xtemp.xr2t2.21                -3.65204e-32
xr2.xtemp.t1                      -3.62331e-32
xr2.xtemp.xr2t1.11                -3.59459e-32
xr2.xtemp.xr2t1.21                -1.23716e-32
xr2.xtemp.t0                      -1.20844e-32
xr2.xtemp.xr2t0.11                -1.17971e-32
xr2.xtemp.xr2t0.21                -2.87253e-34
xr2.xtemp.xriso.11                 1.12666e-24
xr2.xtemp.xriso.21                 1.12666e-24
xr2.xcmp.bias_okb                            0
xr2.xcmp.nbg                       -5.7935e-19
xr2.xcmp.sns                                 0
xr2.xcmp.xrtop.11                            0
xr2.xcmp.xrtop.21                            0
xr2.xcmp.snsb                                0
xr2.xcmp.xrbot.11                            0
xr2.xcmp.xrbot.21                            0
xr2.xcmp.xrhys.11                            0
xr2.xcmp.xrhys.21                            0
xr2.xcmp.n1                       -1.54635e-35
xr2.xcmp.tn                        9.92316e-31
xr2.xcmp.na                       -9.71676e-31
xr2.xcmp.cmpo                      -1.0338e-30
xr2.xcmp.vdda                     -3.94684e-31
xr2.por_raw                        7.80999e-39
xr2.xpor.pdn                       1.01857e-73
xr2.xpor.ndl                      -2.96181e-25
xr2.xpor.ndgp                     -4.60759e-25
xr2.xpor.ndg                      -3.05312e-24
xr2.xpor.ndgn                      5.48475e-24
xr2.xpor.pgdg                     -1.40621e-21
xr2.xpor.pgdgb                    9.94196e-217
xr2.xpor.nts                       1.29737e-39
xr2.xpor.tim                       6.09408e-38
xr2.xpor.nd1                      -7.76467e-26
xr2.xpor.trip                                0
xr2.xpor.rstb                     -1.48743e-24
xr2.xpor.nnand                     5.46549e-24
vddr3                                        0
ptatr3                            -3.54844e-81
ctatr3                             1.63114e-55
resetnr3                           6.18238e-51
xr3.xbias.na                     -5.97791e-149
xr3.xbias.pg                       1.34046e-64
xr3.xbias.nbtop                  -1.22135e-137
xr3.vref                          2.25893e-146
xr3.xbias.nbg                     -7.56915e-83
xr3.xbias.xrt.11                 -1.22135e-137
xr3.xbias.xrt.21                 -1.22135e-137
xr3.xbias.nb                     -1.22135e-137
xr3.xbias.xr1.11                 -1.22135e-137
xr3.xbias.xr1.21                 -1.22135e-137
xr3.xbias.ec                     -1.22135e-137
xr3.xbias.xr2.11                  2.25893e-146
xr3.xbias.xr2.21                  2.25894e-146
xr3.xbias.er                      2.25894e-146
xr3.xbias.pb                         -4.86e-84
xr3.ibias                          2.17161e-35
xr3.xbias.nt                      -4.39165e-69
xr3.xbias.n1                       6.01118e-70
xr3.xbias.n2                       1.42284e-67
xr3.xbias.nz                       1.42284e-67
xr3.xbias.xrz.11                   1.42284e-67
xr3.xbias.xrz.21                   1.42284e-67
xr3.xbias.ks1                     -8.84826e-53
xr3.xbias.ks2                      1.10244e-51
xr3.xbias.ks3                      -1.3647e-50
xr3.xbias.ks4                      1.68934e-49
xr3.xbias.nkg                     -2.09117e-48
xr3.xbias.nkm                      2.76646e-86
xr3.xbias.tok                      3.20829e-81
xr3.xbias.noko                    -2.12519e-82
xr3.xbias.nokl                    -1.03319e-79
xr3.xbias.nokx                     5.28663e-71
xr3.bias_ok                       -2.12801e-51
xr3.xtemp.nbg                     -3.12423e-35
xr3.xtemp.enb                     4.30293e-310
xr3.xtemp.pb                      -2.12298e-41
xr3.xtemp.pcas                     7.2837e-174
xr3.xtemp.nt                       -1.0664e-34
xr3.xtemp.n1                      -4.51252e-34
xr3.xtemp.na                       1.63114e-55
xr3.xtemp.n2                       -5.5639e-35
xr3.xtemp.nb                       6.62173e-67
xr3.xtemp.pg                      -1.78342e-35
xr3.xtemp.nz                       -5.5639e-35
xr3.xtemp.xrz.11                   -5.5639e-35
xr3.xtemp.xrz.21                   -5.5639e-35
xr3.xtemp.m1d                     -6.50885e-56
xr3.xtemp.m2d                      -1.8393e-66
xr3.xtemp.m3d                      3.21079e-75
xr3.xtemp.nd                       3.25153e-42
xr3.xtemp.nr                      -1.39702e-51
xr3.xtemp.nc                       6.62173e-67
xr3.xtemp.xr1.11                   6.62173e-67
xr3.xtemp.xr1.21                   6.62173e-67
xr3.xtemp.xr2f.11                 -3.54825e-81
xr3.xtemp.xr2f.21                 -5.17671e-82
xr3.xtemp.t5                      -5.17476e-82
xr3.xtemp.xr2t5.11                -5.17281e-82
xr3.xtemp.xr2t5.21                -2.54835e-82
xr3.xtemp.t4                      -2.54639e-82
xr3.xtemp.xr2t4.11                -2.54444e-82
xr3.xtemp.xr2t4.21                -1.23411e-82
xr3.xtemp.t3                      -1.23215e-82
xr3.xtemp.xr2t3.11                 -1.2302e-82
xr3.xtemp.xr2t3.21                 -5.7692e-83
xr3.xtemp.t2                      -5.74967e-83
xr3.xtemp.xr2t2.11                -5.73014e-83
xr3.xtemp.xr2t2.21                -2.48317e-83
xr3.xtemp.t1                      -2.46364e-83
xr3.xtemp.xr2t1.11                -2.44411e-83
xr3.xtemp.xr2t1.21                -8.41198e-84
xr3.xtemp.t0                      -8.21666e-84
xr3.xtemp.xr2t0.11                -8.02135e-84
xr3.xtemp.xr2t0.21                -1.95315e-85
xr3.xtemp.xriso.11                 1.63114e-55
xr3.xtemp.xriso.21                 1.63114e-55
xr3.xcmp.bias_okb                            0
xr3.xcmp.nbg                       -3.1161e-35
xr3.xcmp.sns                                 0
xr3.xcmp.xrtop.11                            0
xr3.xcmp.xrtop.21                            0
xr3.xcmp.snsb                                0
xr3.xcmp.xrbot.11                            0
xr3.xcmp.xrbot.21                            0
xr3.xcmp.xrhys.11                            0
xr3.xcmp.xrhys.21                            0
xr3.xcmp.n1                        1.26086e-41
xr3.xcmp.tn                        2.29129e-60
xr3.xcmp.na                        -1.4723e-60
xr3.xcmp.cmpo                     -1.41708e-60
xr3.xcmp.vdda                     -3.95836e-61
xr3.por_raw                        7.11827e-40
xr3.xpor.pdn                     -3.82347e-133
xr3.xpor.ndl                       4.21201e-88
xr3.xpor.ndgp                     -5.15149e-37
xr3.xpor.ndg                      -4.34019e-36
xr3.xpor.ndgn                      7.88256e-36
xr3.xpor.pgdg                                0
xr3.xpor.pgdgb                    -4.27014e-59
xr3.xpor.nts                       4.90532e-59
xr3.xpor.tim                       2.30419e-57
xr3.xpor.nd1                       7.08309e-61
xr3.xpor.trip                                0
xr3.xpor.rstb                      3.53125e-35
xr3.xpor.nnand                    -1.29754e-34
vddr4                                        0
ptatr4                            8.27008e-114
ctatr4                            -1.20674e-62
resetnr4                           1.3758e-175
xr4.xbias.na                     -3.49952e-150
xr4.xbias.pg                       1.28644e-64
xr4.xbias.nbtop                   5.96647e-137
xr4.vref                          1.89281e-147
xr4.xbias.nbg                      3.18924e-83
xr4.xbias.xrt.11                  5.96647e-137
xr4.xbias.xrt.21                  5.96647e-137
xr4.xbias.nb                      5.96647e-137
xr4.xbias.xr1.11                  5.96647e-137
xr4.xbias.xr1.21                  5.96647e-137
xr4.xbias.ec                      5.96647e-137
xr4.xbias.xr2.11                  1.89281e-147
xr4.xbias.xr2.21                  1.89282e-147
xr4.xbias.er                      1.89282e-147
xr4.xbias.pb                       2.50876e-84
xr4.ibias                         -1.64879e-35
xr4.xbias.nt                      -4.70266e-69
xr4.xbias.n1                       6.30931e-70
xr4.xbias.n2                       1.46887e-67
xr4.xbias.nz                       1.46887e-67
xr4.xbias.xrz.11                   1.46887e-67
xr4.xbias.xrz.21                   1.46887e-67
xr4.xbias.ks1                     -3.18155e-55
xr4.xbias.ks2                        3.964e-54
xr4.xbias.ks3                     -4.90702e-53
xr4.xbias.ks4                      6.07433e-52
xr4.xbias.nkg                     -7.51916e-51
xr4.xbias.nkm                      3.10396e-86
xr4.xbias.tok                      3.21003e-81
xr4.xbias.noko                    -2.12635e-82
xr4.xbias.nokl                    -1.03375e-79
xr4.xbias.nokx                     5.49598e-71
xr4.bias_ok                       -7.56613e-51
xr4.xtemp.nbg                      2.36754e-35
xr4.xtemp.enb                     3.54157e-252
xr4.xtemp.pb                      -2.07149e-42
xr4.xtemp.pcas                     7.73346e-43
xr4.xtemp.nt                       1.21505e-37
xr4.xtemp.n1                       5.14138e-37
xr4.xtemp.na                      -1.20674e-62
xr4.xtemp.n2                       6.34093e-38
xr4.xtemp.nb                      -1.17714e-69
xr4.xtemp.pg                       1.01372e-37
xr4.xtemp.nz                       6.34093e-38
xr4.xtemp.xrz.11                   6.34093e-38
xr4.xtemp.xrz.21                   6.34093e-38
xr4.xtemp.m1d                     -1.83188e-64
xr4.xtemp.m2d                     -1.82576e-71
xr4.xtemp.m3d                     7.15553e-108
xr4.xtemp.nd                       3.43778e-44
xr4.xtemp.nr                      -1.65741e-48
xr4.xtemp.nc                      -1.17714e-69
xr4.xtemp.xr1.11                  -1.17714e-69
xr4.xtemp.xr1.21                  -1.17714e-69
xr4.xtemp.xr2f.11                 8.26963e-114
xr4.xtemp.xr2f.21                  1.2073e-114
xr4.xtemp.t5                      1.20685e-114
xr4.xtemp.xr2t5.11                1.20639e-114
xr4.xtemp.xr2t5.21                5.94092e-115
xr4.xtemp.t4                      5.93637e-115
xr4.xtemp.xr2t4.11                5.93181e-115
xr4.xtemp.xr2t4.21                 2.8765e-115
xr4.xtemp.t3                      2.87194e-115
xr4.xtemp.xr2t3.11                2.86739e-115
xr4.xtemp.xr2t3.21                1.34458e-115
xr4.xtemp.t2                      1.34002e-115
xr4.xtemp.xr2t2.11                1.33547e-115
xr4.xtemp.xr2t2.21                5.78704e-116
xr4.xtemp.t1                      5.74152e-116
xr4.xtemp.xr2t1.11                  5.696e-116
xr4.xtemp.xr2t1.21                1.96036e-116
xr4.xtemp.t0                      1.91485e-116
xr4.xtemp.xr2t0.11                1.86933e-116
xr4.xtemp.xr2t0.21                4.55171e-118
xr4.xtemp.xriso.11                -1.20674e-62
xr4.xtemp.xriso.21                -1.20674e-62
xr4.xcmp.bias_okb                            0
xr4.xcmp.nbg                       2.37044e-35
xr4.xcmp.sns                                 0
xr4.xcmp.xrtop.11                            0
xr4.xcmp.xrtop.21                            0
xr4.xcmp.snsb                                0
xr4.xcmp.xrbot.11                            0
xr4.xcmp.xrbot.21                            0
xr4.xcmp.xrhys.11                            0
xr4.xcmp.xrhys.21                            0
xr4.xcmp.n1                        1.30789e-81
xr4.xcmp.tn                        1.76562e-71
xr4.xcmp.na                       -1.13477e-71
xr4.xcmp.cmpo                     -1.09155e-71
xr4.xcmp.vdda                      -3.0493e-72
xr4.por_raw                       -4.41951e-77
xr4.xpor.pdn                      1.26677e-139
xr4.xpor.ndl                      -1.03109e-83
xr4.xpor.ndgp                     -8.40113e-68
xr4.xpor.ndg                      -7.07805e-67
xr4.xpor.ndgn                       1.2855e-66
xr4.xpor.pgdg                      4.93961e-40
xr4.xpor.pgdgb                    -1.06747e-54
xr4.xpor.nts                       8.60236e-60
xr4.xpor.tim                       4.04081e-58
xr4.xpor.nd1                       1.83487e-62
xr4.xpor.trip                      6.54791e-62
xr4.xpor.rstb                      -2.7763e-33
xr4.xpor.nnand                     1.02014e-32
vr4#branch                        -8.65877e-45
vr3#branch                        -1.06434e-47
vr2#branch                         6.36646e-31
vr1#branch                        -7.84333e-45

 Reference value :  0.00000e+00
 Reference value :  7.35979e-07
 Reference value :  7.93949e-07
 Reference value :  9.21609e-07
 Reference value :  1.84924e-06
 Reference value :  2.21747e-06
 Reference value :  2.33340e-06
 Reference value :  2.33871e-06
 Reference value :  2.44319e-06
 Reference value :  3.12581e-06
 Reference value :  4.59942e-06
 Reference value :  4.79196e-06
 Reference value :  4.82109e-06
 Reference value :  5.99195e-06
 Reference value :  6.62746e-06
 Reference value :  7.09225e-06
 Reference value :  8.87099e-06
 Reference value :  1.34284e-05
 Reference value :  1.35321e-05
 Reference value :  1.35479e-05
 Reference value :  1.52768e-05
 Reference value :  1.69386e-05
 Reference value :  1.71995e-05
 Reference value :  1.72063e-05
 Reference value :  1.74424e-05
 Reference value :  2.25625e-05
 Reference value :  2.86008e-05
 Reference value :  2.87625e-05
 Reference value :  2.89766e-05
 Reference value :  3.30647e-05
 Reference value :  3.84941e-05
 Reference value :  3.92117e-05
 Reference value :  3.92194e-05
 Reference value :  4.01936e-05
 Reference value :  5.50774e-05
 Reference value :  5.54919e-05
 Reference value :  5.61399e-05
 Reference value :  6.80993e-05
 Reference value :  2.27672e-04
 Reference value :  2.28566e-04
 Reference value :  5.13634e-04
 Reference value :  6.61090e-04
 Reference value :  6.61497e-04
 Reference value :  6.61521e-04
 Reference value :  6.61525e-04
 Reference value :  6.61526e-04
 Reference value :  6.61561e-04
 Reference value :  6.63268e-04
 Reference value :  7.23536e-04
 Reference value :  7.61766e-04
 Reference value :  7.92547e-04
 Reference value :  7.95394e-04
 Reference value :  7.95441e-04
 Reference value :  7.95445e-04
 Reference value :  7.95450e-04
 Reference value :  7.95580e-04
 Reference value :  7.98164e-04
 Reference value :  8.11933e-04
 Reference value :  9.96798e-04
 Reference value :  5.18170e-03
 Reference value :  8.93170e-03
 Reference value :  9.15045e-03
 Reference value :  9.19268e-03
 Reference value :  9.25832e-03
 Reference value :  9.27556e-03
 Reference value :  9.27671e-03
 Reference value :  9.27687e-03
 Reference value :  9.27695e-03
 Reference value :  9.27749e-03
 Reference value :  9.27851e-03
 Reference value :  9.27868e-03
 Reference value :  9.27883e-03
 Reference value :  9.27975e-03
 Reference value :  9.27991e-03
 Reference value :  9.28083e-03
 Reference value :  9.28109e-03
 Reference value :  9.28187e-03
 Reference value :  9.29674e-03
 Reference value :  9.86768e-03
 Reference value :  9.98374e-03
 Reference value :  1.00092e-02
 Reference value :  1.00105e-02
 Reference value :  1.00106e-02
 Reference value :  1.00107e-02
 Reference value :  1.00114e-02
 Reference value :  1.00123e-02
 Reference value :  1.00124e-02
 Reference value :  1.00126e-02
 Reference value :  1.00136e-02
 Reference value :  1.00137e-02
 Reference value :  1.00146e-02
 Reference value :  1.00149e-02
 Reference value :  1.00163e-02
 Reference value :  1.00348e-02
 Reference value :  1.11323e-02
 Reference value :  2.19474e-02
 Reference value :  7.14474e-02
 Reference value :  7.96974e-02
 Reference value :  9.54474e-02
 Reference value :  9.96974e-02
 Reference value :  9.96989e-02
 Reference value :  9.97949e-02
 Reference value :  9.98016e-02
 Reference value :  9.98018e-02
 Reference value :  9.98130e-02
 Reference value :  9.98168e-02
 Reference value :  9.98171e-02
 Reference value :  9.98241e-02
 Reference value :  1.08901e-01
 Reference value :  1.18651e-01
 Reference value :  1.94151e-01
 Reference value :  2.06401e-01
 Reference value :  2.09651e-01
 Reference value :  2.13901e-01
 Reference value :  2.19651e-01
 Reference value :  2.33401e-01
 Reference value :  2.37151e-01
 Reference value :  2.57385e-01
 Reference value :  2.57821e-01
 Reference value :  2.57837e-01
 Reference value :  2.57841e-01
 Reference value :  2.57842e-01
 Reference value :  2.57850e-01
 Reference value :  2.57854e-01
 Reference value :  2.57854e-01
 Reference value :  2.57856e-01
 Reference value :  2.57869e-01
 Reference value :  2.64447e-01
 Reference value :  2.65072e-01
 Reference value :  2.65086e-01
 Reference value :  2.65131e-01
 Reference value :  2.65143e-01
 Reference value :  2.65144e-01
 Reference value :  2.65144e-01
 Reference value :  2.65144e-01
 Reference value :  2.65146e-01
 Reference value :  2.65146e-01
 Reference value :  2.65146e-01
 Reference value :  2.65147e-01
 Reference value :  2.65147e-01
 Reference value :  2.65148e-01
 Reference value :  2.65148e-01
 Reference value :  2.65149e-01
 Reference value :  2.65160e-01
 Reference value :  2.83523e-01
 Reference value :  3.21023e-01
 Reference value :  3.25273e-01
 Reference value :  3.83000e-01
 Reference value :  4.37000e-01
 Reference value :  4.89000e-01
 Reference value :  5.39000e-01
 Reference value :  5.97000e-01
 Reference value :  6.61000e-01
 Reference value :  7.31000e-01
 Reference value :  8.09000e-01
 Reference value :  8.89000e-01
 Reference value :  9.69000e-01
 Reference value :  9.87250e-01
 Reference value :  9.88624e-01
 Reference value :  9.88627e-01
 Reference value :  9.88719e-01
 Reference value :  9.88824e-01
 Reference value :  9.88849e-01
 Reference value :  9.88875e-01
 Reference value :  9.88895e-01
 Reference value :  9.88925e-01
 Reference value :  9.88927e-01
 Reference value :  9.88928e-01
 Reference value :  9.88929e-01
 Reference value :  9.88944e-01
 Reference value :  9.89035e-01
 Reference value :  9.89134e-01
 Reference value :  9.89616e-01
 Reference value :  1.00638e+00
 Reference value :  1.03063e+00
 Reference value :  1.10413e+00
 Reference value :  1.19013e+00
 Reference value :  1.26213e+00
 Reference value :  1.34213e+00
 Reference value :  1.42213e+00
 Reference value :  1.51013e+00
 Reference value :  1.58613e+00
 Reference value :  1.67013e+00
 Reference value :  1.75413e+00
 Reference value :  1.84013e+00
 Reference value :  1.92213e+00
 Reference value :  2.00413e+00
 Reference value :  2.09213e+00
 Reference value :  2.17813e+00
 Reference value :  2.26013e+00
 Reference value :  2.34413e+00
 Reference value :  2.42613e+00
 Reference value :  2.50413e+00
 Reference value :  2.57613e+00
 Reference value :  2.57706e+00
 Reference value :  2.57746e+00
 Reference value :  2.57747e+00
 Reference value :  2.57752e+00
 Reference value :  2.57757e+00
 Reference value :  2.57757e+00
 Reference value :  2.57758e+00
 Reference value :  2.57759e+00
 Reference value :  2.57759e+00
 Reference value :  2.57759e+00
 Reference value :  2.57760e+00
 Reference value :  2.57760e+00
 Reference value :  2.57760e+00
 Reference value :  2.58167e+00
 Reference value :  2.58342e+00
 Reference value :  2.58405e+00
 Reference value :  2.58436e+00
 Reference value :  2.58451e+00
 Reference value :  2.58458e+00
 Reference value :  2.58463e+00
 Reference value :  2.58466e+00
 Reference value :  2.58466e+00
 Reference value :  2.58466e+00
 Reference value :  2.58466e+00
 Reference value :  2.58466e+00
 Reference value :  2.58466e+00
 Reference value :  2.58466e+00
 Reference value :  2.58466e+00
 Reference value :  2.58466e+00
 Reference value :  2.58466e+00
 Reference value :  2.58466e+00
 Reference value :  2.58466e+00
 Reference value :  2.58466e+00
 Reference value :  2.58466e+00
 Reference value :  2.58467e+00
 Reference value :  2.59116e+00
 Reference value :  2.67431e+00
 Reference value :  2.75831e+00
 Reference value :  2.84431e+00
 Reference value :  2.92831e+00
 Reference value :  3.02431e+00
 Reference value :  3.13631e+00
 Reference value :  3.25431e+00
 Reference value :  3.33700e+00
 Reference value :  3.42100e+00
 Reference value :  3.50300e+00
 Reference value :  3.58900e+00
 Reference value :  3.67500e+00
No. of Data Rows : 5041
trel1               =  2.58466e+00
trel1_last          =  2.58466e+00
vddrel1             =  2.58466e+00
rst1_at1v           =  1.19232e-09
rst1_at2v           =  6.78751e-10
trel2               =  2.65144e-01
trel2_last          =  2.65144e-01
vddrel2             =  2.65144e+00
rst2_at1v           =  1.65528e-09
rst2_at2v           =  8.21665e-10
trel3               =  9.27688e-03
trel3_last          =  9.27688e-03
vddrel3             =  3.30000e+00
rst3_at1v           =  5.23819e-06
rst3_at2v           =  1.58837e-06
trel4               =  1.00106e-02
trel4_last          =  1.00106e-02
vddrel4             =  3.30000e+00
rst4_at1v           =  5.35349e-05
rst4_at2v           =  1.58964e-05
vref_rel4           =  1.19322e+00
biasok_rel4         =  3.30000e+00
m_vddrel_1vs_v = 2.5846590000e+00
m_vddrel_10vs_v = 2.6514410000e+00
m_vddrel_100kvs_v = 3.3000000000e+00
m_vddrel_1mvs_v = 3.3000000000e+00
m_chatter_1vs_us = 0.0000000000e+00
m_chatter_10vs_us = 0.0000000000e+00
m_chatter_100kvs_us = 0.0000000000e+00
m_chatter_1mvs_us = 0.0000000000e+00
m_resetn_at_1v_1vs_mv = 1.1923150000e-06
m_resetn_at_2v_1vs_mv = 6.7875090000e-07
m_resetn_at_1v_10vs_mv = 1.6552810000e-06
m_resetn_at_2v_10vs_mv = 8.2166520000e-07
m_resetn_at_1v_100kvs_mv = 5.2381940000e-03
m_resetn_at_2v_100kvs_mv = 1.5883690000e-03
m_resetn_at_1v_1mvs_mv = 5.3534920000e-02
m_resetn_at_2v_1mvs_mv = 1.5896370000e-02
m_t_release_1vs_ms = 2.5846590000e+03
m_t_release_10vs_ms = 2.6514410000e+02
m_t_release_100kvs_ms = 9.2768820000e+00
m_t_release_1mvs_ms = 1.0010650000e+01
m_vref_at_rel_1mvs_v = 1.1932250000e+00
m_biasok_at_rel_1mvs_v = 3.3000020000e+00
Note: Simulation executed from .control section 

Warning: m=xx on .subckt line will override multiplier m hierarchy!

