
Note: Compatibility modes selected: hs a


Circuit: * por-ramp-rate @ ff_125c_3.30v -- generated by sim/harness, do not edit

Doing analysis at TEMP = 125.000000 and TNOM = 27.000000

Using SPARSE 1.3 as Direct Linear Solver

Initial Transient Solution
--------------------------

Node                                   Voltage
----                                   -------
vddr1                                        0
ptatr1                            -3.61706e-23
ctatr1                             8.63505e-20
resetnr1                           1.26753e-18
xr1.xbias.na                       1.44567e-23
xr1.xbias.pg                      -2.23521e-19
xr1.xbias.nbtop                    4.80975e-19
xr1.vref                          -1.29236e-25
xr1.xbias.nbg                      2.89031e-19
xr1.xbias.xrt.11                   4.80975e-19
xr1.xbias.xrt.21                   4.80977e-19
xr1.xbias.nb                       4.80977e-19
xr1.xbias.xr1.11                   4.80977e-19
xr1.xbias.xr1.21                   4.81006e-19
xr1.xbias.ec                       4.81006e-19
xr1.xbias.xr2.11                  -1.29236e-25
xr1.xbias.xr2.21                  -1.29336e-25
xr1.xbias.er                      -1.29336e-25
xr1.xbias.pb                       9.18765e-19
xr1.ibias                          -1.9143e-18
xr1.xbias.nt                      -7.36892e-19
xr1.xbias.n1                       5.28822e-19
xr1.xbias.n2                       -1.8862e-18
xr1.xbias.nz                       -1.8862e-18
xr1.xbias.xrz.11                   -1.8862e-18
xr1.xbias.xrz.21                   -1.8862e-18
xr1.xbias.ks1                     -3.33072e-20
xr1.xbias.ks2                     -6.68406e-20
xr1.xbias.ks3                     -1.00828e-19
xr1.xbias.ks4                     -1.35501e-19
xr1.xbias.nkg                     -1.71095e-19
xr1.xbias.nkm                     -3.49923e-19
xr1.xbias.tok                      3.29956e-19
xr1.xbias.noko                     3.11642e-20
xr1.xbias.nokl                     6.23737e-19
xr1.xbias.nokx                     2.27769e-18
xr1.bias_ok                        1.41079e-18
xr1.xtemp.nbg                       -9.764e-19
xr1.xtemp.enb                     -3.23297e-18
xr1.xtemp.pb                       1.52623e-18
xr1.xtemp.pcas                     -1.1733e-18
xr1.xtemp.nt                      -9.27557e-20
xr1.xtemp.n1                       1.00446e-18
xr1.xtemp.na                        8.6352e-20
xr1.xtemp.n2                       9.48819e-19
xr1.xtemp.nb                       7.10175e-19
xr1.xtemp.pg                       3.48313e-19
xr1.xtemp.nz                       9.48819e-19
xr1.xtemp.xrz.11                   9.48819e-19
xr1.xtemp.xrz.21                   9.48819e-19
xr1.xtemp.m1d                     -5.15888e-19
xr1.xtemp.m2d                     -3.06504e-19
xr1.xtemp.m3d                      4.72679e-19
xr1.xtemp.nd                        1.8524e-18
xr1.xtemp.nr                      -4.54857e-19
xr1.xtemp.nc                       7.10174e-19
xr1.xtemp.xr1.11                   7.10175e-19
xr1.xtemp.xr1.21                   7.10174e-19
xr1.xtemp.xr2f.11                 -3.61684e-23
xr1.xtemp.xr2f.21                 -5.27964e-24
xr1.xtemp.t5                      -5.27748e-24
xr1.xtemp.xr2t5.11                -5.27533e-24
xr1.xtemp.xr2t5.21                -2.59947e-24
xr1.xtemp.t4                      -2.59732e-24
xr1.xtemp.xr2t4.11                -2.59516e-24
xr1.xtemp.xr2t4.21                -1.25939e-24
xr1.xtemp.t3                      -1.25724e-24
xr1.xtemp.xr2t3.11                -1.25508e-24
xr1.xtemp.xr2t3.21                -5.89178e-25
xr1.xtemp.t2                      -5.87025e-25
xr1.xtemp.xr2t2.11                -5.84872e-25
xr1.xtemp.xr2t2.21                -2.53913e-25
xr1.xtemp.t1                       -2.5176e-25
xr1.xtemp.xr2t1.11                -2.49606e-25
xr1.xtemp.xr2t1.21                 -8.6227e-26
xr1.xtemp.t0                      -8.40737e-26
xr1.xtemp.xr2t0.11                -8.19204e-26
xr1.xtemp.xr2t0.21                -2.15329e-27
xr1.xtemp.xriso.11                  8.6352e-20
xr1.xtemp.xriso.21                 8.63505e-20
xr1.xcmp.bias_okb                 -3.05714e-18
xr1.xcmp.nbg                      -4.65822e-18
xr1.xcmp.sns                                 0
xr1.xcmp.xrtop.11                            0
xr1.xcmp.xrtop.21                            0
xr1.xcmp.snsb                                0
xr1.xcmp.xrbot.11                            0
xr1.xcmp.xrbot.21                            0
xr1.xcmp.xrhys.11                            0
xr1.xcmp.xrhys.21                            0
xr1.xcmp.n1                        3.13823e-18
xr1.xcmp.tn                       -4.53277e-22
xr1.xcmp.na                       -6.44595e-22
xr1.xcmp.cmpo                     -3.22312e-22
xr1.xcmp.vdda                      4.70216e-19
xr1.por_raw                       -1.66422e-18
xr1.xpor.pdn                       -4.6279e-21
xr1.xpor.ndl                       4.34764e-19
xr1.xpor.ndgp                     -1.41704e-18
xr1.xpor.ndg                      -2.02381e-18
xr1.xpor.ndgn                      7.83687e-21
xr1.xpor.pgdg                      5.42313e-18
xr1.xpor.pgdgb                    -5.44179e-19
xr1.xpor.nts                       9.64927e-19
xr1.xpor.tim                      -1.43553e-21
xr1.xpor.nd1                      -3.40834e-16
xr1.xpor.trip                      7.75118e-19
xr1.xpor.rstb                      1.95973e-18
xr1.xpor.nnand                      3.6803e-18
vddr2                                        0
ptatr2                            -3.32538e-26
ctatr2                             6.06475e-20
resetnr2                           5.11586e-18
xr2.xbias.na                        1.3709e-23
xr2.xbias.pg                        1.9818e-19
xr2.xbias.nbtop                     1.3621e-19
xr2.vref                           2.24188e-23
xr2.xbias.nbg                      4.11383e-19
xr2.xbias.xrt.11                    1.3621e-19
xr2.xbias.xrt.21                    1.3621e-19
xr2.xbias.nb                        1.3621e-19
xr2.xbias.xr1.11                    1.3621e-19
xr2.xbias.xr1.21                   1.36218e-19
xr2.xbias.ec                       1.36218e-19
xr2.xbias.xr2.11                   2.24188e-23
xr2.xbias.xr2.21                   2.24362e-23
xr2.xbias.er                       2.24362e-23
xr2.xbias.pb                       1.17672e-18
xr2.ibias                         -7.85395e-19
xr2.xbias.nt                       8.40414e-20
xr2.xbias.n1                       1.78929e-20
xr2.xbias.n2                      -1.03711e-18
xr2.xbias.nz                      -1.03711e-18
xr2.xbias.xrz.11                  -1.03711e-18
xr2.xbias.xrz.21                  -1.03711e-18
xr2.xbias.ks1                      2.54822e-19
xr2.xbias.ks2                      5.11376e-19
xr2.xbias.ks3                      7.71404e-19
xr2.xbias.ks4                      1.03667e-18
xr2.xbias.nkg                      1.30899e-18
xr2.xbias.nkm                      2.43074e-18
xr2.xbias.tok                      3.82189e-19
xr2.xbias.noko                     3.60976e-20
xr2.xbias.nokl                     7.22478e-19
xr2.xbias.nokx                     2.86074e-18
xr2.bias_ok                        3.84525e-19
xr2.xtemp.nbg                      3.61615e-19
xr2.xtemp.enb                       -3.328e-18
xr2.xtemp.pb                      -1.64929e-18
xr2.xtemp.pcas                    -1.74884e-18
xr2.xtemp.nt                       3.92368e-19
xr2.xtemp.n1                       3.35364e-19
xr2.xtemp.na                       6.06485e-20
xr2.xtemp.n2                        6.2638e-19
xr2.xtemp.nb                        9.2889e-19
xr2.xtemp.pg                       1.74219e-19
xr2.xtemp.nz                        6.2638e-19
xr2.xtemp.xrz.11                    6.2638e-19
xr2.xtemp.xrz.21                    6.2638e-19
xr2.xtemp.m1d                     -3.57335e-19
xr2.xtemp.m2d                        7.469e-21
xr2.xtemp.m3d                      4.34565e-22
xr2.xtemp.nd                      -7.95198e-19
xr2.xtemp.nr                       1.36456e-18
xr2.xtemp.nc                        9.2889e-19
xr2.xtemp.xr1.11                    9.2889e-19
xr2.xtemp.xr1.21                    9.2889e-19
xr2.xtemp.xr2f.11                 -3.32518e-26
xr2.xtemp.xr2f.21                 -4.85367e-27
xr2.xtemp.t5                      -4.85169e-27
xr2.xtemp.xr2t5.11                -4.84971e-27
xr2.xtemp.xr2t5.21                -2.38986e-27
xr2.xtemp.t4                      -2.38788e-27
xr2.xtemp.xr2t4.11                 -2.3859e-27
xr2.xtemp.xr2t4.21                -1.15784e-27
xr2.xtemp.t3                      -1.15586e-27
xr2.xtemp.xr2t3.11                -1.15388e-27
xr2.xtemp.xr2t3.21                -5.41671e-28
xr2.xtemp.t2                      -5.39691e-28
xr2.xtemp.xr2t2.11                -5.37711e-28
xr2.xtemp.xr2t2.21                -2.33439e-28
xr2.xtemp.t1                      -2.31459e-28
xr2.xtemp.xr2t1.11                 -2.2948e-28
xr2.xtemp.xr2t1.21                -7.92742e-29
xr2.xtemp.t0                      -7.72945e-29
xr2.xtemp.xr2t0.11                -7.53149e-29
xr2.xtemp.xr2t0.21                -1.97966e-30
xr2.xtemp.xriso.11                 6.06485e-20
xr2.xtemp.xriso.21                 6.06475e-20
xr2.xcmp.bias_okb                 -2.92283e-18
xr2.xcmp.nbg                       6.51657e-20
xr2.xcmp.sns                                 0
xr2.xcmp.xrtop.11                            0
xr2.xcmp.xrtop.21                            0
xr2.xcmp.snsb                                0
xr2.xcmp.xrbot.11                            0
xr2.xcmp.xrbot.21                            0
xr2.xcmp.xrhys.11                            0
xr2.xcmp.xrhys.21                            0
xr2.xcmp.n1                         2.2604e-19
xr2.xcmp.tn                        -1.7686e-21
xr2.xcmp.na                       -2.51508e-21
xr2.xcmp.cmpo                     -1.25763e-21
xr2.xcmp.vdda                      1.83486e-18
xr2.por_raw                       -9.33873e-19
xr2.xpor.pdn                      -3.03465e-19
xr2.xpor.ndl                        2.8589e-19
xr2.xpor.ndgp                      1.43129e-18
xr2.xpor.ndg                       2.55247e-18
xr2.xpor.ndgn                     -7.91122e-21
xr2.xpor.pgdg                     -2.77686e-18
xr2.xpor.pgdgb                    -2.16837e-18
xr2.xpor.nts                      -9.35698e-19
xr2.xpor.tim                       1.44364e-21
xr2.xpor.nd1                      -9.59693e-17
xr2.xpor.trip                      1.34099e-18
xr2.xpor.rstb                     -2.99431e-18
xr2.xpor.nnand                    -3.66242e-18
vddr3                                        0
ptatr3                             3.13433e-23
ctatr3                            -1.35341e-20
resetnr3                          -3.40038e-18
xr3.xbias.na                       3.29258e-24
xr3.xbias.pg                       3.11398e-19
xr3.xbias.nbtop                   -1.27694e-19
xr3.vref                           5.66492e-24
xr3.xbias.nbg                     -5.81304e-19
xr3.xbias.xrt.11                  -1.27694e-19
xr3.xbias.xrt.21                  -1.27695e-19
xr3.xbias.nb                      -1.27695e-19
xr3.xbias.xr1.11                  -1.27695e-19
xr3.xbias.xr1.21                  -1.27703e-19
xr3.xbias.ec                      -1.27703e-19
xr3.xbias.xr2.11                   5.66492e-24
xr3.xbias.xr2.21                   5.66931e-24
xr3.xbias.er                       5.66931e-24
xr3.xbias.pb                      -4.77742e-19
xr3.ibias                          2.08515e-18
xr3.xbias.nt                      -1.48943e-18
xr3.xbias.n1                      -7.99701e-19
xr3.xbias.n2                      -1.45973e-18
xr3.xbias.nz                      -1.45973e-18
xr3.xbias.xrz.11                  -1.45973e-18
xr3.xbias.xrz.21                  -1.45973e-18
xr3.xbias.ks1                      3.42908e-20
xr3.xbias.ks2                      6.88146e-20
xr3.xbias.ks3                      1.03806e-19
xr3.xbias.ks4                      1.39503e-19
xr3.xbias.nkg                      1.76148e-19
xr3.xbias.nkm                       1.0696e-18
xr3.xbias.tok                     -2.25601e-19
xr3.xbias.noko                    -2.13079e-20
xr3.xbias.nokl                    -4.26468e-19
xr3.xbias.nokx                    -7.87607e-19
xr3.bias_ok                         4.1921e-18
xr3.xtemp.nbg                      2.44223e-18
xr3.xtemp.enb                       1.8548e-18
xr3.xtemp.pb                        1.6185e-19
xr3.xtemp.pcas                    -2.39156e-19
xr3.xtemp.nt                       1.49071e-19
xr3.xtemp.n1                       9.40937e-19
xr3.xtemp.na                      -1.35343e-20
xr3.xtemp.n2                      -2.81553e-20
xr3.xtemp.nb                      -9.60513e-19
xr3.xtemp.pg                       2.79762e-19
xr3.xtemp.nz                      -2.81553e-20
xr3.xtemp.xrz.11                  -2.81553e-20
xr3.xtemp.xrz.21                  -2.81553e-20
xr3.xtemp.m1d                       8.6045e-20
xr3.xtemp.m2d                     -8.33891e-19
xr3.xtemp.m3d                     -4.09596e-19
xr3.xtemp.nd                       -1.9248e-18
xr3.xtemp.nr                      -1.17404e-19
xr3.xtemp.nc                      -9.60515e-19
xr3.xtemp.xr1.11                  -9.60513e-19
xr3.xtemp.xr1.21                  -9.60515e-19
xr3.xtemp.xr2f.11                  3.13414e-23
xr3.xtemp.xr2f.21                  4.57502e-24
xr3.xtemp.t5                       4.57315e-24
xr3.xtemp.xr2t5.11                 4.57129e-24
xr3.xtemp.xr2t5.21                 2.25255e-24
xr3.xtemp.t4                       2.25068e-24
xr3.xtemp.xr2t4.11                 2.24882e-24
xr3.xtemp.xr2t4.21                 1.09131e-24
xr3.xtemp.t3                       1.08945e-24
xr3.xtemp.xr2t3.11                 1.08758e-24
xr3.xtemp.xr2t3.21                 5.10547e-25
xr3.xtemp.t2                       5.08681e-25
xr3.xtemp.xr2t2.11                 5.06815e-25
xr3.xtemp.xr2t2.21                 2.20026e-25
xr3.xtemp.t1                        2.1816e-25
xr3.xtemp.xr2t1.11                 2.16294e-25
xr3.xtemp.xr2t1.21                 7.47192e-26
xr3.xtemp.t0                       7.28533e-26
xr3.xtemp.xr2t0.11                 7.09874e-26
xr3.xtemp.xr2t0.21                 1.86591e-27
xr3.xtemp.xriso.11                -1.35343e-20
xr3.xtemp.xriso.21                -1.35341e-20
xr3.xcmp.bias_okb                 -1.58131e-18
xr3.xcmp.nbg                       1.07178e-18
xr3.xcmp.sns                                 0
xr3.xcmp.xrtop.11                            0
xr3.xcmp.xrtop.21                            0
xr3.xcmp.snsb                                0
xr3.xcmp.xrbot.11                            0
xr3.xcmp.xrbot.21                            0
xr3.xcmp.xrhys.11                            0
xr3.xcmp.xrhys.21                            0
xr3.xcmp.n1                        9.22896e-19
xr3.xcmp.tn                       -1.33921e-21
xr3.xcmp.na                       -1.90472e-21
xr3.xcmp.cmpo                     -9.52146e-22
xr3.xcmp.vdda                      1.38837e-18
xr3.por_raw                         9.2303e-19
xr3.xpor.pdn                      -8.11622e-20
xr3.xpor.ndl                      -1.83725e-18
xr3.xpor.ndgp                      1.71162e-18
xr3.xpor.ndg                       4.42896e-18
xr3.xpor.ndgn                     -2.00386e-20
xr3.xpor.pgdg                     -1.61803e-18
xr3.xpor.pgdgb                     1.56063e-18
xr3.xpor.nts                      -1.01748e-19
xr3.xpor.tim                       4.32255e-22
xr3.xpor.nd1                       2.57889e-18
xr3.xpor.trip                      6.61072e-18
xr3.xpor.rstb                     -4.20303e-19
xr3.xpor.nnand                     4.44699e-18
vddr4                                        0
ptatr4                              4.7356e-23
ctatr4                            -1.62026e-19
resetnr4                          -9.62538e-19
xr4.xbias.na                       1.81206e-23
xr4.xbias.pg                      -4.44233e-19
xr4.xbias.nbtop                   -9.34415e-20
xr4.vref                           1.05332e-23
xr4.xbias.nbg                     -3.76141e-19
xr4.xbias.xrt.11                  -9.34415e-20
xr4.xbias.xrt.21                  -9.34418e-20
xr4.xbias.nb                      -9.34418e-20
xr4.xbias.xr1.11                  -9.34418e-20
xr4.xbias.xr1.21                  -9.34475e-20
xr4.xbias.ec                      -9.34475e-20
xr4.xbias.xr2.11                   1.05332e-23
xr4.xbias.xr2.21                   1.05413e-23
xr4.xbias.er                       1.05413e-23
xr4.xbias.pb                       1.95402e-18
xr4.ibias                         -2.32454e-19
xr4.xbias.nt                       5.08166e-19
xr4.xbias.n1                       6.23362e-19
xr4.xbias.n2                       2.11429e-19
xr4.xbias.nz                       2.11429e-19
xr4.xbias.xrz.11                   2.11429e-19
xr4.xbias.xrz.21                   2.11429e-19
xr4.xbias.ks1                      1.88612e-19
xr4.xbias.ks2                      3.78505e-19
xr4.xbias.ks3                      5.70971e-19
xr4.xbias.ks4                      7.67316e-19
xr4.xbias.nkg                      9.68875e-19
xr4.xbias.nkm                      -3.7955e-19
xr4.xbias.tok                      1.95528e-19
xr4.xbias.noko                     1.84675e-20
xr4.xbias.nokl                     3.69619e-19
xr4.xbias.nokx                     2.27252e-18
xr4.bias_ok                       -3.92871e-18
xr4.xtemp.nbg                      4.57236e-18
xr4.xtemp.enb                        3.257e-18
xr4.xtemp.pb                       2.93144e-19
xr4.xtemp.pcas                     1.75088e-18
xr4.xtemp.nt                      -2.49468e-20
xr4.xtemp.n1                       2.01139e-18
xr4.xtemp.na                      -1.62029e-19
xr4.xtemp.n2                       2.68481e-19
xr4.xtemp.nb                       3.89614e-19
xr4.xtemp.pg                       1.01066e-19
xr4.xtemp.nz                       2.68481e-19
xr4.xtemp.xrz.11                   2.68481e-19
xr4.xtemp.xrz.21                   2.68481e-19
xr4.xtemp.m1d                      9.86984e-19
xr4.xtemp.m2d                     -4.21849e-19
xr4.xtemp.m3d                      -6.1885e-19
xr4.xtemp.nd                       1.27627e-18
xr4.xtemp.nr                       3.43969e-19
xr4.xtemp.nc                       3.89613e-19
xr4.xtemp.xr1.11                   3.89614e-19
xr4.xtemp.xr1.21                   3.89613e-19
xr4.xtemp.xr2f.11                  4.73531e-23
xr4.xtemp.xr2f.21                  6.91231e-24
xr4.xtemp.t5                       6.90949e-24
xr4.xtemp.xr2t5.11                 6.90667e-24
xr4.xtemp.xr2t5.21                 3.40333e-24
xr4.xtemp.t4                       3.40051e-24
xr4.xtemp.xr2t4.11                 3.39769e-24
xr4.xtemp.xr2t4.21                 1.64885e-24
xr4.xtemp.t3                       1.64603e-24
xr4.xtemp.xr2t3.11                 1.64321e-24
xr4.xtemp.xr2t3.21                 7.71376e-25
xr4.xtemp.t2                       7.68556e-25
xr4.xtemp.xr2t2.11                 7.65737e-25
xr4.xtemp.xr2t2.21                 3.32433e-25
xr4.xtemp.t1                       3.29614e-25
xr4.xtemp.xr2t1.11                 3.26794e-25
xr4.xtemp.xr2t1.21                 1.12892e-25
xr4.xtemp.t0                       1.10073e-25
xr4.xtemp.xr2t0.11                 1.07253e-25
xr4.xtemp.xr2t0.21                 2.81917e-27
xr4.xtemp.xriso.11                -1.62029e-19
xr4.xtemp.xriso.21                -1.62026e-19
xr4.xcmp.bias_okb                  2.45157e-18
xr4.xcmp.nbg                       4.45209e-18
xr4.xcmp.sns                                 0
xr4.xcmp.xrtop.11                            0
xr4.xcmp.xrtop.21                            0
xr4.xcmp.snsb                                0
xr4.xcmp.xrbot.11                            0
xr4.xcmp.xrbot.21                            0
xr4.xcmp.xrhys.11                            0
xr4.xcmp.xrhys.21                            0
xr4.xcmp.n1                       -2.70327e-18
xr4.xcmp.tn                       -6.70178e-22
xr4.xcmp.na                       -9.53167e-22
xr4.xcmp.cmpo                     -4.76485e-22
xr4.xcmp.vdda                      6.94747e-19
xr4.por_raw                       -2.70789e-18
xr4.xpor.pdn                      -7.17164e-20
xr4.xpor.ndl                       -1.7445e-18
xr4.xpor.ndgp                       3.4079e-19
xr4.xpor.ndg                       9.84801e-19
xr4.xpor.ndgn                     -1.13375e-21
xr4.xpor.pgdg                     -1.92396e-18
xr4.xpor.pgdgb                     3.30713e-18
xr4.xpor.nts                       2.84688e-18
xr4.xpor.tim                      -4.73837e-21
xr4.xpor.nd1                      -3.52373e-18
xr4.xpor.trip                     -3.55033e-18
xr4.xpor.rstb                     -1.97353e-18
xr4.xpor.nnand                     3.01608e-18
vr4#branch                        -9.57006e-29
vr3#branch                        -6.82454e-29
vr2#branch                        -2.25932e-26
vr1#branch                        -8.22901e-26

 Reference value :  0.00000e+00
 Reference value :  4.73159e-07
 Reference value :  7.23343e-07
 Reference value :  1.59357e-06
 Reference value :  1.85371e-06
 Reference value :  1.86167e-06
 Reference value :  2.04384e-06
 Reference value :  2.98834e-06
 Reference value :  3.41290e-06
 Reference value :  3.44055e-06
 Reference value :  4.38783e-06
 Reference value :  7.48688e-06
 Reference value :  8.52803e-06
 Reference value :  8.54232e-06
 Reference value :  9.56260e-06
 Reference value :  1.11513e-05
 Reference value :  1.18765e-05
 Reference value :  1.19174e-05
 Reference value :  1.19700e-05
 Reference value :  1.51082e-05
 Reference value :  1.87513e-05
 Reference value :  1.88381e-05
 Reference value :  1.94040e-05
 Reference value :  1.94857e-05
 Reference value :  1.94983e-05
 Reference value :  1.94991e-05
 Reference value :  1.95102e-05
 Reference value :  1.99192e-05
 Reference value :  2.41072e-05
 Reference value :  3.41258e-05
 Reference value :  3.69605e-05
 Reference value :  3.69963e-05
 Reference value :  3.70697e-05
 Reference value :  3.88832e-05
 Reference value :  3.90596e-05
 Reference value :  3.90653e-05
 Reference value :  3.90689e-05
 Reference value :  3.91202e-05
 Reference value :  4.08487e-05
 Reference value :  4.45176e-05
 Reference value :  4.46433e-05
 Reference value :  4.69928e-05
 Reference value :  5.02707e-05
 Reference value :  5.04233e-05
 Reference value :  5.24171e-05
 Reference value :  9.23886e-05
 Reference value :  4.75792e-03
 Reference value :  5.19542e-03
 Reference value :  5.20203e-03
 Reference value :  5.22933e-03
 Reference value :  5.24174e-03
 Reference value :  5.24279e-03
 Reference value :  5.24303e-03
 Reference value :  5.24308e-03
 Reference value :  5.24354e-03
 Reference value :  5.24378e-03
 Reference value :  5.24384e-03
 Reference value :  5.24439e-03
 Reference value :  5.24450e-03
 Reference value :  5.24640e-03
 Reference value :  5.24850e-03
 Reference value :  5.24898e-03
 Reference value :  5.24913e-03
 Reference value :  5.24932e-03
 Reference value :  5.24980e-03
 Reference value :  5.24990e-03
 Reference value :  5.25017e-03
 Reference value :  5.25055e-03
 Reference value :  5.25129e-03
 Reference value :  5.26219e-03
 Reference value :  2.97238e-02
 Reference value :  5.94740e-02
 Reference value :  6.00752e-02
 Reference value :  6.01280e-02
 Reference value :  6.01309e-02
 Reference value :  6.01332e-02
 Reference value :  6.01337e-02
 Reference value :  6.01348e-02
 Reference value :  6.01415e-02
 Reference value :  6.01423e-02
 Reference value :  6.01519e-02
 Reference value :  6.12882e-02
 Reference value :  6.43009e-02
 Reference value :  6.47010e-02
 Reference value :  6.47083e-02
 Reference value :  6.47098e-02
 Reference value :  6.47101e-02
 Reference value :  6.47104e-02
 Reference value :  6.47110e-02
 Reference value :  6.47116e-02
 Reference value :  6.47180e-02
 Reference value :  6.47290e-02
 Reference value :  1.17229e-01
 Reference value :  1.99229e-01
 Reference value :  2.57735e-01
 Reference value :  2.58852e-01
 Reference value :  2.60182e-01
 Reference value :  2.62437e-01
 Reference value :  2.62844e-01
 Reference value :  2.62872e-01
 Reference value :  2.62900e-01
 Reference value :  2.62901e-01
 Reference value :  2.62901e-01
 Reference value :  2.62901e-01
 Reference value :  2.62902e-01
 Reference value :  2.62902e-01
 Reference value :  2.62902e-01
 Reference value :  2.62903e-01
 Reference value :  2.62903e-01
 Reference value :  2.62906e-01
 Reference value :  2.70827e-01
 Reference value :  3.35000e-01
 Reference value :  4.31000e-01
 Reference value :  5.29000e-01
 Reference value :  6.21000e-01
 Reference value :  6.47141e-01
 Reference value :  6.47229e-01
 Reference value :  6.47420e-01
 Reference value :  6.47421e-01
 Reference value :  6.47427e-01
 Reference value :  6.47429e-01
 Reference value :  6.47430e-01
 Reference value :  6.47430e-01
 Reference value :  6.47431e-01
 Reference value :  6.47432e-01
 Reference value :  6.47436e-01
 Reference value :  6.47437e-01
 Reference value :  6.87044e-01
 Reference value :  7.89044e-01
 Reference value :  8.79044e-01
 Reference value :  9.73044e-01
 Reference value :  1.06904e+00
 Reference value :  1.15904e+00
 Reference value :  1.25304e+00
 Reference value :  1.34704e+00
 Reference value :  1.44304e+00
 Reference value :  1.49129e+00
 Reference value :  1.49454e+00
 Reference value :  1.59254e+00
 Reference value :  1.68854e+00
 Reference value :  1.74479e+00
 Reference value :  1.81829e+00
 Reference value :  1.89429e+00
 Reference value :  1.98029e+00
 Reference value :  2.07229e+00
 Reference value :  2.13629e+00
 Reference value :  2.22629e+00
 Reference value :  2.23054e+00
 Reference value :  2.23229e+00
 Reference value :  2.23554e+00
 Reference value :  2.31754e+00
 Reference value :  2.40154e+00
 Reference value :  2.47154e+00
 Reference value :  2.58718e+00
 Reference value :  2.58730e+00
 Reference value :  2.58732e+00
 Reference value :  2.58733e+00
 Reference value :  2.58733e+00
 Reference value :  2.58733e+00
 Reference value :  2.58733e+00
 Reference value :  2.58735e+00
 Reference value :  2.58736e+00
 Reference value :  2.58884e+00
 Reference value :  2.59135e+00
 Reference value :  2.59135e+00
 Reference value :  2.59140e+00
 Reference value :  2.59141e+00
 Reference value :  2.59142e+00
 Reference value :  2.59142e+00
 Reference value :  2.59142e+00
 Reference value :  2.59142e+00
 Reference value :  2.59142e+00
 Reference value :  2.59142e+00
 Reference value :  2.59142e+00
 Reference value :  2.59142e+00
 Reference value :  2.59142e+00
 Reference value :  2.63220e+00
 Reference value :  2.73220e+00
 Reference value :  2.82820e+00
 Reference value :  2.92820e+00
 Reference value :  3.02420e+00
 Reference value :  3.12020e+00
 Reference value :  3.21420e+00
 Reference value :  3.30900e+00
 Reference value :  3.40500e+00
 Reference value :  3.50100e+00
 Reference value :  3.60100e+00
 Reference value :  3.69500e+00
No. of Data Rows : 4486
trel1               =  2.59142e+00
trel1_last          =  2.59142e+00
vddrel1             =  2.59142e+00
rst1_at1v           =  3.56583e-09
rst1_at2v           =  1.88832e-09
trel2               =  2.62901e-01
trel2_last          =  2.62901e-01
vddrel2             =  2.62901e+00
rst2_at1v           =  3.98230e-09
rst2_at2v           =  2.06339e-09
trel3               =  5.24297e-03
trel3_last          =  5.24297e-03
vddrel3             =  3.30000e+00
rst3_at1v           =  4.62209e-06
rst3_at2v           =  1.94683e-06
trel4               =  5.24905e-03
trel4_last          =  5.24905e-03
vddrel4             =  3.30000e+00
rst4_at1v           =  4.66774e-05
rst4_at2v           =  1.94579e-05
vref_rel4           =  1.19882e+00
biasok_rel4         =  3.29996e+00
m_vddrel_1vs_v = 2.5914160000e+00
m_vddrel_10vs_v = 2.6290130000e+00
m_vddrel_100kvs_v = 3.3000000000e+00
m_vddrel_1mvs_v = 3.3000000000e+00
m_chatter_1vs_us = 0.0000000000e+00
m_chatter_10vs_us = 0.0000000000e+00
m_chatter_100kvs_us = 0.0000000000e+00
m_chatter_1mvs_us = 0.0000000000e+00
m_resetn_at_1v_1vs_mv = 3.5658350000e-06
m_resetn_at_2v_1vs_mv = 1.8883200000e-06
m_resetn_at_1v_10vs_mv = 3.9823010000e-06
m_resetn_at_2v_10vs_mv = 2.0633910000e-06
m_resetn_at_1v_100kvs_mv = 4.6220920000e-03
m_resetn_at_2v_100kvs_mv = 1.9468280000e-03
m_resetn_at_1v_1mvs_mv = 4.6677370000e-02
m_resetn_at_2v_1mvs_mv = 1.9457940000e-02
m_t_release_1vs_ms = 2.5914160000e+03
m_t_release_10vs_ms = 2.6290130000e+02
m_t_release_100kvs_ms = 5.2429710000e+00
m_t_release_1mvs_ms = 5.2490550000e+00
m_vref_at_rel_1mvs_v = 1.1988200000e+00
m_biasok_at_rel_1mvs_v = 3.2999580000e+00
Note: Simulation executed from .control section 

Warning: m=xx on .subckt line will override multiplier m hierarchy!

