
Note: Compatibility modes selected: hs a


Circuit: * por-ramp-rate @ fs_125c_3.30v -- generated by sim/harness, do not edit

Doing analysis at TEMP = 125.000000 and TNOM = 27.000000

Using SPARSE 1.3 as Direct Linear Solver

Initial Transient Solution
--------------------------

Node                                   Voltage
----                                   -------
vddr1                                        0
ptatr1                            -1.64476e-25
ctatr1                            -9.94519e-19
resetnr1                          -3.62438e-18
xr1.xbias.na                       7.58368e-19
xr1.xbias.pg                       1.86549e-18
xr1.xbias.nbtop                    1.54811e-18
xr1.vref                           4.07663e-19
xr1.xbias.nbg                      1.09823e-76
xr1.xbias.xrt.11                   1.54811e-18
xr1.xbias.xrt.21                   1.54811e-18
xr1.xbias.nb                       1.54811e-18
xr1.xbias.xr1.11                   1.54811e-18
xr1.xbias.xr1.21                   1.54811e-18
xr1.xbias.ec                       1.54811e-18
xr1.xbias.xr2.11                   4.07663e-19
xr1.xbias.xr2.21                   4.07664e-19
xr1.xbias.er                       4.07664e-19
xr1.xbias.pb                      -1.01042e-80
xr1.ibias                          5.34949e-18
xr1.xbias.nt                       5.46766e-19
xr1.xbias.n1                      -1.57507e-22
xr1.xbias.n2                      -1.54996e-22
xr1.xbias.nz                      -1.54994e-22
xr1.xbias.xrz.11                  -1.54994e-22
xr1.xbias.xrz.21                  -1.54996e-22
xr1.xbias.ks1                     -1.09312e-18
xr1.xbias.ks2                      5.89087e-19
xr1.xbias.ks3                       8.9555e-19
xr1.xbias.ks4                      -8.0904e-19
xr1.xbias.nkg                     -3.74906e-19
xr1.xbias.nkm                     -1.26992e-77
xr1.xbias.tok                      1.62898e-19
xr1.xbias.noko                    -5.67687e-23
xr1.xbias.nokl                    -5.06653e-23
xr1.xbias.nokx                    -1.27183e-69
xr1.bias_ok                        4.78237e-18
xr1.xtemp.nbg                      2.14758e-18
xr1.xtemp.enb                      1.64967e-18
xr1.xtemp.pb                       7.47441e-18
xr1.xtemp.pcas                    -7.39356e-18
xr1.xtemp.nt                      -7.10251e-19
xr1.xtemp.n1                       5.96859e-19
xr1.xtemp.na                      -9.94519e-19
xr1.xtemp.n2                      -1.77766e-18
xr1.xtemp.nb                       1.52901e-18
xr1.xtemp.pg                       1.92327e-18
xr1.xtemp.nz                      -1.77766e-18
xr1.xtemp.xrz.11                  -1.77766e-18
xr1.xtemp.xrz.21                  -1.77766e-18
xr1.xtemp.m1d                     -1.88345e-19
xr1.xtemp.m2d                      2.48456e-18
xr1.xtemp.m3d                      8.46765e-19
xr1.xtemp.nd                       2.67207e-18
xr1.xtemp.nr                       7.26308e-20
xr1.xtemp.nc                       1.52901e-18
xr1.xtemp.xr1.11                   1.52901e-18
xr1.xtemp.xr1.21                   1.52901e-18
xr1.xtemp.xr2f.11                 -1.64468e-25
xr1.xtemp.xr2f.21                 -2.39818e-26
xr1.xtemp.t5                      -2.39739e-26
xr1.xtemp.xr2t5.11                -2.39661e-26
xr1.xtemp.xr2t5.21                -1.17999e-26
xr1.xtemp.t4                       -1.1792e-26
xr1.xtemp.xr2t4.11                -1.17842e-26
xr1.xtemp.xr2t4.21                -5.70991e-27
xr1.xtemp.t3                      -5.70208e-27
xr1.xtemp.xr2t3.11                -5.69424e-27
xr1.xtemp.xr2t3.21                -2.66586e-27
xr1.xtemp.t2                      -2.65803e-27
xr1.xtemp.xr2t2.11                -2.65019e-27
xr1.xtemp.xr2t2.21                -1.14501e-27
xr1.xtemp.t1                      -1.13718e-27
xr1.xtemp.xr2t1.11                -1.12935e-27
xr1.xtemp.xr2t1.21                -3.86291e-28
xr1.xtemp.t0                      -3.78456e-28
xr1.xtemp.xr2t0.11                -3.70622e-28
xr1.xtemp.xr2t0.21                -7.83467e-30
xr1.xtemp.xriso.11                -9.94519e-19
xr1.xtemp.xriso.21                -9.94519e-19
xr1.xcmp.bias_okb                   2.7566e-18
xr1.xcmp.nbg                      -1.14285e-18
xr1.xcmp.sns                                 0
xr1.xcmp.xrtop.11                            0
xr1.xcmp.xrtop.21                            0
xr1.xcmp.snsb                                0
xr1.xcmp.xrbot.11                            0
xr1.xcmp.xrbot.21                            0
xr1.xcmp.xrhys.11                            0
xr1.xcmp.xrhys.21                            0
xr1.xcmp.n1                        2.94672e-18
xr1.xcmp.tn                        2.13011e-20
xr1.xcmp.na                       -4.75681e-19
xr1.xcmp.cmpo                     -1.34234e-18
xr1.xcmp.vdda                      6.89977e-20
xr1.por_raw                         2.8983e-18
xr1.xpor.pdn                      -6.15661e-23
xr1.xpor.ndl                      -1.44663e-18
xr1.xpor.ndgp                      4.43598e-19
xr1.xpor.ndg                      -1.97296e-19
xr1.xpor.ndgn                      1.85215e-18
xr1.xpor.pgdg                      1.30868e-18
xr1.xpor.pgdgb                    -4.98141e-20
xr1.xpor.nts                      -5.49496e-22
xr1.xpor.tim                       2.41759e-19
xr1.xpor.nd1                      -3.35638e-20
xr1.xpor.trip                     -5.52221e-20
xr1.xpor.rstb                     -1.00559e-18
xr1.xpor.nnand                    -3.74015e-18
vddr2                                        0
ptatr2                            -1.24167e-25
ctatr2                            -1.16918e-18
resetnr2                           4.48687e-18
xr2.xbias.na                       1.02873e-18
xr2.xbias.pg                         -9.07e-19
xr2.xbias.nbtop                    -5.6363e-19
xr2.vref                          -8.84798e-19
xr2.xbias.nbg                      1.26432e-76
xr2.xbias.xrt.11                   -5.6363e-19
xr2.xbias.xrt.21                   -5.6363e-19
xr2.xbias.nb                       -5.6363e-19
xr2.xbias.xr1.11                   -5.6363e-19
xr2.xbias.xr1.21                  -5.63631e-19
xr2.xbias.ec                      -5.63631e-19
xr2.xbias.xr2.11                  -8.84798e-19
xr2.xbias.xr2.21                  -8.84801e-19
xr2.xbias.er                      -8.84801e-19
xr2.xbias.pb                       5.35811e-82
xr2.ibias                           1.2176e-18
xr2.xbias.nt                       4.91051e-19
xr2.xbias.n1                      -1.41457e-22
xr2.xbias.n2                      -1.42677e-22
xr2.xbias.nz                      -1.42678e-22
xr2.xbias.xrz.11                  -1.42678e-22
xr2.xbias.xrz.21                  -1.42677e-22
xr2.xbias.ks1                     -7.20072e-19
xr2.xbias.ks2                      8.25393e-19
xr2.xbias.ks3                      2.76794e-19
xr2.xbias.ks4                      7.81385e-19
xr2.xbias.nkg                       -5.726e-19
xr2.xbias.nkm                     -3.62202e-77
xr2.xbias.tok                      4.19188e-21
xr2.xbias.noko                    -1.61646e-24
xr2.xbias.nokl                    -1.30441e-24
xr2.xbias.nokx                     2.67084e-68
xr2.bias_ok                        4.48399e-18
xr2.xtemp.nbg                      1.50237e-18
xr2.xtemp.enb                      1.15919e-18
xr2.xtemp.pb                       7.34628e-18
xr2.xtemp.pcas                     -8.4441e-18
xr2.xtemp.nt                      -4.09203e-19
xr2.xtemp.n1                       7.97096e-19
xr2.xtemp.na                      -1.16918e-18
xr2.xtemp.n2                       9.41657e-20
xr2.xtemp.nb                       1.23597e-18
xr2.xtemp.pg                       8.46829e-19
xr2.xtemp.nz                       9.41657e-20
xr2.xtemp.xrz.11                   9.41657e-20
xr2.xtemp.xrz.21                   9.41657e-20
xr2.xtemp.m1d                     -1.76676e-19
xr2.xtemp.m2d                      1.81756e-19
xr2.xtemp.m3d                      6.39241e-19
xr2.xtemp.nd                      -3.51013e-18
xr2.xtemp.nr                       1.88667e-18
xr2.xtemp.nc                       1.23597e-18
xr2.xtemp.xr1.11                   1.23597e-18
xr2.xtemp.xr1.21                   1.23597e-18
xr2.xtemp.xr2f.11                 -1.24161e-25
xr2.xtemp.xr2f.21                 -1.81044e-26
xr2.xtemp.t5                      -1.80984e-26
xr2.xtemp.xr2t5.11                -1.80925e-26
xr2.xtemp.xr2t5.21                -8.90798e-27
xr2.xtemp.t4                      -8.90206e-27
xr2.xtemp.xr2t4.11                -8.89615e-27
xr2.xtemp.xr2t4.21                -4.31054e-27
xr2.xtemp.t3                      -4.30462e-27
xr2.xtemp.xr2t3.11                -4.29871e-27
xr2.xtemp.xr2t3.21                -2.01252e-27
xr2.xtemp.t2                       -2.0066e-27
xr2.xtemp.xr2t2.11                -2.00069e-27
xr2.xtemp.xr2t2.21                -8.64397e-28
xr2.xtemp.t1                      -8.58482e-28
xr2.xtemp.xr2t1.11                -8.52567e-28
xr2.xtemp.xr2t1.21                 -2.9162e-28
xr2.xtemp.t0                      -2.85705e-28
xr2.xtemp.xr2t0.11                 -2.7979e-28
xr2.xtemp.xr2t0.21                -5.91456e-30
xr2.xtemp.xriso.11                -1.16918e-18
xr2.xtemp.xriso.21                -1.16918e-18
xr2.xcmp.bias_okb                   2.7566e-18
xr2.xcmp.nbg                       4.40207e-18
xr2.xcmp.sns                                 0
xr2.xcmp.xrtop.11                            0
xr2.xcmp.xrtop.21                            0
xr2.xcmp.snsb                                0
xr2.xcmp.xrbot.11                            0
xr2.xcmp.xrbot.21                            0
xr2.xcmp.xrhys.11                            0
xr2.xcmp.xrhys.21                            0
xr2.xcmp.n1                        3.37035e-18
xr2.xcmp.tn                        2.00828e-20
xr2.xcmp.na                         -4.338e-19
xr2.xcmp.cmpo                     -1.35266e-18
xr2.xcmp.vdda                     -1.42033e-19
xr2.por_raw                       -3.31373e-18
xr2.xpor.pdn                      -4.97421e-20
xr2.xpor.ndl                       2.58471e-19
xr2.xpor.ndgp                      3.45763e-19
xr2.xpor.ndg                      -1.67745e-18
xr2.xpor.ndgn                     -7.90371e-20
xr2.xpor.pgdg                      3.72235e-18
xr2.xpor.pgdgb                     -2.1849e-19
xr2.xpor.nts                      -9.03739e-21
xr2.xpor.tim                       1.66955e-18
xr2.xpor.nd1                       3.18816e-19
xr2.xpor.trip                     -3.64581e-19
xr2.xpor.rstb                     -1.78852e-18
xr2.xpor.nnand                       1.743e-18
vddr3                                        0
ptatr3                            -1.79857e-25
ctatr3                            -6.75052e-20
resetnr3                           1.13709e-18
xr3.xbias.na                      -9.28875e-19
xr3.xbias.pg                       8.95402e-19
xr3.xbias.nbtop                    1.19666e-18
xr3.vref                            2.5192e-19
xr3.xbias.nbg                      6.77942e-77
xr3.xbias.xrt.11                   1.19666e-18
xr3.xbias.xrt.21                   1.19666e-18
xr3.xbias.nb                       1.19666e-18
xr3.xbias.xr1.11                   1.19666e-18
xr3.xbias.xr1.21                   1.19666e-18
xr3.xbias.ec                       1.19666e-18
xr3.xbias.xr2.11                    2.5192e-19
xr3.xbias.xr2.21                   2.51921e-19
xr3.xbias.er                       2.51921e-19
xr3.xbias.pb                      -4.88608e-81
xr3.ibias                          1.22635e-18
xr3.xbias.nt                       5.30265e-19
xr3.xbias.n1                      -1.52792e-22
xr3.xbias.n2                      -1.51587e-22
xr3.xbias.nz                      -1.51586e-22
xr3.xbias.xrz.11                  -1.51586e-22
xr3.xbias.xrz.21                  -1.51587e-22
xr3.xbias.ks1                      2.06979e-20
xr3.xbias.ks2                      -1.5687e-19
xr3.xbias.ks3                     -3.39865e-19
xr3.xbias.ks4                      6.42375e-19
xr3.xbias.nkg                      1.87272e-18
xr3.xbias.nkm                     -2.99091e-77
xr3.xbias.tok                      2.59302e-19
xr3.xbias.noko                    -9.10604e-23
xr3.xbias.nokl                     -8.0692e-23
xr3.xbias.nokx                    -2.19449e-68
xr3.bias_ok                        -3.2921e-18
xr3.xtemp.nbg                     -1.54974e-18
xr3.xtemp.enb                      -3.1077e-18
xr3.xtemp.pb                       7.39237e-18
xr3.xtemp.pcas                    -7.45224e-18
xr3.xtemp.nt                        3.6081e-19
xr3.xtemp.n1                       3.14275e-19
xr3.xtemp.na                      -6.75052e-20
xr3.xtemp.n2                      -1.22431e-18
xr3.xtemp.nb                       1.96165e-19
xr3.xtemp.pg                       1.91186e-18
xr3.xtemp.nz                      -1.22431e-18
xr3.xtemp.xrz.11                  -1.22431e-18
xr3.xtemp.xrz.21                  -1.22431e-18
xr3.xtemp.m1d                      3.25443e-19
xr3.xtemp.m2d                      -2.3494e-18
xr3.xtemp.m3d                      9.25948e-19
xr3.xtemp.nd                       2.27677e-18
xr3.xtemp.nr                       3.19502e-18
xr3.xtemp.nc                       1.96166e-19
xr3.xtemp.xr1.11                   1.96165e-19
xr3.xtemp.xr1.21                   1.96166e-19
xr3.xtemp.xr2f.11                 -1.79848e-25
xr3.xtemp.xr2f.21                 -2.62244e-26
xr3.xtemp.t5                      -2.62158e-26
xr3.xtemp.xr2t5.11                -2.62072e-26
xr3.xtemp.xr2t5.21                -1.29033e-26
xr3.xtemp.t4                      -1.28947e-26
xr3.xtemp.xr2t4.11                -1.28862e-26
xr3.xtemp.xr2t4.21                -6.24386e-27
xr3.xtemp.t3                       -6.2353e-27
xr3.xtemp.xr2t3.11                -6.22673e-27
xr3.xtemp.xr2t3.21                -2.91516e-27
xr3.xtemp.t2                      -2.90659e-27
xr3.xtemp.xr2t2.11                -2.89802e-27
xr3.xtemp.xr2t2.21                -1.25209e-27
xr3.xtemp.t1                      -1.24352e-27
xr3.xtemp.xr2t1.11                -1.23495e-27
xr3.xtemp.xr2t1.21                -4.22414e-28
xr3.xtemp.t0                      -4.13847e-28
xr3.xtemp.xr2t0.11                 -4.0528e-28
xr3.xtemp.xr2t0.21                -8.56731e-30
xr3.xtemp.xriso.11                -6.75052e-20
xr3.xtemp.xriso.21                -6.75052e-20
xr3.xcmp.bias_okb                  2.82657e-18
xr3.xcmp.nbg                       3.78309e-18
xr3.xcmp.sns                                 0
xr3.xcmp.xrtop.11                            0
xr3.xcmp.xrtop.21                            0
xr3.xcmp.snsb                                0
xr3.xcmp.xrbot.11                            0
xr3.xcmp.xrbot.21                            0
xr3.xcmp.xrhys.11                            0
xr3.xcmp.xrhys.21                            0
xr3.xcmp.n1                         2.8602e-18
xr3.xcmp.tn                       -6.77179e-20
xr3.xcmp.na                        1.94336e-18
xr3.xcmp.cmpo                      2.91981e-19
xr3.xcmp.vdda                      1.63353e-19
xr3.por_raw                       -3.41208e-18
xr3.xpor.pdn                       -2.0104e-20
xr3.xpor.ndl                      -1.48794e-18
xr3.xpor.ndgp                      4.63079e-19
xr3.xpor.ndg                      -1.57453e-19
xr3.xpor.ndgn                      1.63343e-18
xr3.xpor.pgdg                     -3.12837e-18
xr3.xpor.pgdgb                     7.42495e-18
xr3.xpor.nts                      -2.51507e-21
xr3.xpor.tim                      -1.32743e-18
xr3.xpor.nd1                      -3.19961e-19
xr3.xpor.trip                     -1.86245e-19
xr3.xpor.rstb                     -1.90808e-18
xr3.xpor.nnand                     1.92606e-18
vddr4                                        0
ptatr4                              1.1854e-25
ctatr4                            -3.60503e-19
resetnr4                           1.25057e-18
xr4.xbias.na                      -4.63428e-19
xr4.xbias.pg                      -2.03502e-19
xr4.xbias.nbtop                    6.77011e-19
xr4.vref                          -1.20454e-18
xr4.xbias.nbg                      1.42683e-76
xr4.xbias.xrt.11                   6.77011e-19
xr4.xbias.xrt.21                   6.77011e-19
xr4.xbias.nb                       6.77011e-19
xr4.xbias.xr1.11                   6.77011e-19
xr4.xbias.xr1.21                   6.77012e-19
xr4.xbias.ec                       6.77012e-19
xr4.xbias.xr2.11                  -1.20454e-18
xr4.xbias.xr2.21                  -1.20455e-18
xr4.xbias.er                      -1.20455e-18
xr4.xbias.pb                       2.25272e-81
xr4.ibias                         -5.36389e-18
xr4.xbias.nt                       1.10888e-18
xr4.xbias.n1                      -3.19514e-22
xr4.xbias.n2                      -3.19788e-22
xr4.xbias.nz                      -3.19788e-22
xr4.xbias.xrz.11                  -3.19788e-22
xr4.xbias.xrz.21                  -3.19788e-22
xr4.xbias.ks1                      6.73825e-20
xr4.xbias.ks2                      1.39464e-19
xr4.xbias.ks3                      7.25474e-20
xr4.xbias.ks4                     -5.46798e-20
xr4.xbias.nkg                     -3.23666e-19
xr4.xbias.nkm                     -3.05411e-77
xr4.xbias.tok                      1.80803e-19
xr4.xbias.noko                    -6.31835e-23
xr4.xbias.nokl                    -5.62639e-23
xr4.xbias.nokx                    -1.24833e-69
xr4.bias_ok                        1.07286e-18
xr4.xtemp.nbg                     -2.93082e-18
xr4.xtemp.enb                      1.03903e-18
xr4.xtemp.pb                       7.73264e-18
xr4.xtemp.pcas                    -8.21392e-18
xr4.xtemp.nt                       3.02415e-19
xr4.xtemp.n1                       -1.0236e-18
xr4.xtemp.na                      -3.60503e-19
xr4.xtemp.n2                      -1.47716e-18
xr4.xtemp.nb                       3.87263e-19
xr4.xtemp.pg                       2.17941e-18
xr4.xtemp.nz                      -1.47716e-18
xr4.xtemp.xrz.11                  -1.47716e-18
xr4.xtemp.xrz.21                  -1.47716e-18
xr4.xtemp.m1d                      4.14501e-19
xr4.xtemp.m2d                      4.33523e-19
xr4.xtemp.m3d                     -6.10272e-19
xr4.xtemp.nd                       1.90147e-18
xr4.xtemp.nr                       1.59807e-18
xr4.xtemp.nc                       3.87262e-19
xr4.xtemp.xr1.11                   3.87263e-19
xr4.xtemp.xr1.21                   3.87262e-19
xr4.xtemp.xr2f.11                  1.18534e-25
xr4.xtemp.xr2f.21                  1.72839e-26
xr4.xtemp.t5                       1.72783e-26
xr4.xtemp.xr2t5.11                 1.72726e-26
xr4.xtemp.xr2t5.21                 8.50428e-27
xr4.xtemp.t4                       8.49864e-27
xr4.xtemp.xr2t4.11                 8.49299e-27
xr4.xtemp.xr2t4.21                 4.11519e-27
xr4.xtemp.t3                       4.10955e-27
xr4.xtemp.xr2t3.11                  4.1039e-27
xr4.xtemp.xr2t3.21                 1.92132e-27
xr4.xtemp.t2                       1.91567e-27
xr4.xtemp.xr2t2.11                 1.91002e-27
xr4.xtemp.xr2t2.21                 8.25224e-28
xr4.xtemp.t1                       8.19577e-28
xr4.xtemp.xr2t1.11                 8.13931e-28
xr4.xtemp.xr2t1.21                 2.78404e-28
xr4.xtemp.t0                       2.72757e-28
xr4.xtemp.xr2t0.11                 2.67111e-28
xr4.xtemp.xr2t0.21                 5.64652e-30
xr4.xtemp.xriso.11                -3.60503e-19
xr4.xtemp.xriso.21                -3.60503e-19
xr4.xcmp.bias_okb                  -1.8715e-18
xr4.xcmp.nbg                      -2.51763e-18
xr4.xcmp.sns                                 0
xr4.xcmp.xrtop.11                            0
xr4.xcmp.xrtop.21                            0
xr4.xcmp.snsb                                0
xr4.xcmp.xrbot.11                            0
xr4.xcmp.xrbot.21                            0
xr4.xcmp.xrhys.11                            0
xr4.xcmp.xrhys.21                            0
xr4.xcmp.n1                        2.68067e-18
xr4.xcmp.tn                        2.32188e-20
xr4.xcmp.na                         -4.574e-19
xr4.xcmp.cmpo                     -7.56365e-20
xr4.xcmp.vdda                     -1.99156e-19
xr4.por_raw                        6.29391e-19
xr4.xpor.pdn                       -6.9792e-21
xr4.xpor.ndl                         2.606e-19
xr4.xpor.ndgp                      2.27871e-19
xr4.xpor.ndg                      -1.65495e-19
xr4.xpor.ndgn                      1.84806e-18
xr4.xpor.pgdg                      1.84377e-18
xr4.xpor.pgdgb                      7.4434e-18
xr4.xpor.nts                       9.09951e-21
xr4.xpor.tim                       4.71175e-19
xr4.xpor.nd1                      -3.36335e-20
xr4.xpor.trip                       1.7626e-18
xr4.xpor.rstb                      2.70908e-18
xr4.xpor.nnand                    -1.32925e-19
vr4#branch                        -3.27999e-28
vr3#branch                         6.71747e-28
vr2#branch                         5.93477e-28
vr1#branch                         3.89932e-28

 Reference value :  0.00000e+00
 Reference value :  6.58560e-07
 Reference value :  7.73315e-07
 Reference value :  1.48439e-06
 Reference value :  2.09607e-06
 Reference value :  2.16066e-06
 Reference value :  2.22472e-06
 Reference value :  2.70675e-06
 Reference value :  4.25091e-06
 Reference value :  4.32257e-06
 Reference value :  4.47646e-06
 Reference value :  5.72571e-06
 Reference value :  7.33711e-06
 Reference value :  1.07661e-05
 Reference value :  1.08724e-05
 Reference value :  1.20659e-05
 Reference value :  1.36706e-05
 Reference value :  1.46735e-05
 Reference value :  1.47385e-05
 Reference value :  1.47867e-05
 Reference value :  1.60632e-05
 Reference value :  2.39573e-05
 Reference value :  2.44691e-05
 Reference value :  2.45827e-05
 Reference value :  2.86632e-05
 Reference value :  2.88857e-05
 Reference value :  2.88942e-05
 Reference value :  2.88953e-05
 Reference value :  2.89002e-05
 Reference value :  2.91180e-05
 Reference value :  3.17896e-05
 Reference value :  3.90569e-05
 Reference value :  3.92437e-05
 Reference value :  3.92662e-05
 Reference value :  4.03681e-05
 Reference value :  5.05780e-05
 Reference value :  5.08815e-05
 Reference value :  5.09694e-05
 Reference value :  5.58401e-05
 Reference value :  5.65812e-05
 Reference value :  5.65926e-05
 Reference value :  5.65955e-05
 Reference value :  5.67415e-05
 Reference value :  5.98275e-05
 Reference value :  7.21876e-05
 Reference value :  7.22530e-05
 Reference value :  7.67345e-05
 Reference value :  2.51421e-03
 Reference value :  4.29288e-03
 Reference value :  6.66570e-03
 Reference value :  7.13445e-03
 Reference value :  7.24082e-03
 Reference value :  7.24342e-03
 Reference value :  7.24375e-03
 Reference value :  7.24382e-03
 Reference value :  7.24429e-03
 Reference value :  7.24480e-03
 Reference value :  7.24486e-03
 Reference value :  7.24551e-03
 Reference value :  7.24571e-03
 Reference value :  7.24785e-03
 Reference value :  7.26353e-03
 Reference value :  7.26498e-03
 Reference value :  7.26524e-03
 Reference value :  7.26530e-03
 Reference value :  7.26589e-03
 Reference value :  7.26625e-03
 Reference value :  7.26631e-03
 Reference value :  7.26692e-03
 Reference value :  7.26717e-03
 Reference value :  7.26931e-03
 Reference value :  9.97192e-03
 Reference value :  4.32499e-02
 Reference value :  7.89830e-02
 Reference value :  7.89924e-02
 Reference value :  7.90423e-02
 Reference value :  7.90439e-02
 Reference value :  7.90448e-02
 Reference value :  7.90460e-02
 Reference value :  7.90621e-02
 Reference value :  7.90638e-02
 Reference value :  7.90733e-02
 Reference value :  8.20667e-02
 Reference value :  9.45623e-02
 Reference value :  1.82062e-01
 Reference value :  2.52062e-01
 Reference value :  2.57812e-01
 Reference value :  2.58292e-01
 Reference value :  2.58573e-01
 Reference value :  2.58619e-01
 Reference value :  2.58622e-01
 Reference value :  2.58632e-01
 Reference value :  2.58632e-01
 Reference value :  2.58632e-01
 Reference value :  2.58637e-01
 Reference value :  2.60831e-01
 Reference value :  2.63351e-01
 Reference value :  2.64195e-01
 Reference value :  2.64254e-01
 Reference value :  2.64279e-01
 Reference value :  2.64280e-01
 Reference value :  2.64280e-01
 Reference value :  2.64281e-01
 Reference value :  2.64281e-01
 Reference value :  2.64281e-01
 Reference value :  2.64282e-01
 Reference value :  2.64282e-01
 Reference value :  2.64284e-01
 Reference value :  2.64321e-01
 Reference value :  3.25672e-01
 Reference value :  4.11000e-01
 Reference value :  4.75000e-01
 Reference value :  6.01000e-01
 Reference value :  7.05000e-01
 Reference value :  7.89250e-01
 Reference value :  7.89848e-01
 Reference value :  7.89865e-01
 Reference value :  7.89873e-01
 Reference value :  7.89875e-01
 Reference value :  7.89876e-01
 Reference value :  7.89877e-01
 Reference value :  7.89883e-01
 Reference value :  7.89891e-01
 Reference value :  7.89895e-01
 Reference value :  7.90759e-01
 Reference value :  7.93486e-01
 Reference value :  8.19313e-01
 Reference value :  8.25536e-01
 Reference value :  8.25952e-01
 Reference value :  8.25971e-01
 Reference value :  8.26027e-01
 Reference value :  8.26036e-01
 Reference value :  8.26037e-01
 Reference value :  8.26038e-01
 Reference value :  8.26039e-01
 Reference value :  8.26040e-01
 Reference value :  8.26041e-01
 Reference value :  8.26048e-01
 Reference value :  8.26050e-01
 Reference value :  8.26060e-01
 Reference value :  8.43627e-01
 Reference value :  9.41627e-01
 Reference value :  9.71877e-01
 Reference value :  1.09138e+00
 Reference value :  1.24538e+00
 Reference value :  1.35963e+00
 Reference value :  1.44738e+00
 Reference value :  1.54488e+00
 Reference value :  1.61888e+00
 Reference value :  1.70088e+00
 Reference value :  1.79288e+00
 Reference value :  1.87288e+00
 Reference value :  1.93288e+00
 Reference value :  1.99313e+00
 Reference value :  1.99550e+00
 Reference value :  1.99825e+00
 Reference value :  1.99925e+00
 Reference value :  2.00100e+00
 Reference value :  2.00763e+00
 Reference value :  2.02388e+00
 Reference value :  2.10138e+00
 Reference value :  2.13963e+00
 Reference value :  2.17713e+00
 Reference value :  2.26113e+00
 Reference value :  2.35113e+00
 Reference value :  2.43913e+00
 Reference value :  2.50313e+00
 Reference value :  2.58313e+00
 Reference value :  2.58546e+00
 Reference value :  2.58546e+00
 Reference value :  2.58548e+00
 Reference value :  2.58549e+00
 Reference value :  2.58549e+00
 Reference value :  2.58549e+00
 Reference value :  2.58549e+00
 Reference value :  2.58551e+00
 Reference value :  2.58552e+00
 Reference value :  2.58986e+00
 Reference value :  2.59080e+00
 Reference value :  2.59093e+00
 Reference value :  2.59099e+00
 Reference value :  2.59101e+00
 Reference value :  2.59101e+00
 Reference value :  2.59101e+00
 Reference value :  2.59101e+00
 Reference value :  2.59101e+00
 Reference value :  2.59101e+00
 Reference value :  2.59101e+00
 Reference value :  2.59101e+00
 Reference value :  2.59101e+00
 Reference value :  2.59123e+00
 Reference value :  2.67079e+00
 Reference value :  2.77679e+00
 Reference value :  2.88679e+00
 Reference value :  2.98479e+00
 Reference value :  3.08879e+00
 Reference value :  3.18279e+00
 Reference value :  3.27879e+00
 Reference value :  3.36900e+00
 Reference value :  3.47700e+00
 Reference value :  3.57500e+00
 Reference value :  3.67100e+00
No. of Data Rows : 4810
trel1               =  2.59101e+00
trel1_last          =  2.59101e+00
vddrel1             =  2.59101e+00
rst1_at1v           =  1.24876e-09
rst1_at2v           =  9.03854e-10
trel2               =  2.64280e-01
trel2_last          =  2.64280e-01
vddrel2             =  2.64280e+00
rst2_at1v           =  1.66763e-09
rst2_at2v           =  1.07792e-09
trel3               =  7.24374e-03
trel3_last          =  7.24374e-03
vddrel3             =  3.30000e+00
rst3_at1v           =  4.66218e-06
rst3_at2v           =  1.93559e-06
trel4               =  7.26519e-03
trel4_last          =  7.26519e-03
vddrel4             =  3.30000e+00
rst4_at1v           =  4.75260e-05
rst4_at2v           =  1.94215e-05
vref_rel4           =  1.19758e+00
biasok_rel4         =  3.29996e+00
m_vddrel_1vs_v = 2.5910060000e+00
m_vddrel_10vs_v = 2.6428040000e+00
m_vddrel_100kvs_v = 3.3000000000e+00
m_vddrel_1mvs_v = 3.3000000000e+00
m_chatter_1vs_us = 0.0000000000e+00
m_chatter_10vs_us = 0.0000000000e+00
m_chatter_100kvs_us = 0.0000000000e+00
m_chatter_1mvs_us = 0.0000000000e+00
m_resetn_at_1v_1vs_mv = 1.2487640000e-06
m_resetn_at_2v_1vs_mv = 9.0385450000e-07
m_resetn_at_1v_10vs_mv = 1.6676290000e-06
m_resetn_at_2v_10vs_mv = 1.0779160000e-06
m_resetn_at_1v_100kvs_mv = 4.6621840000e-03
m_resetn_at_2v_100kvs_mv = 1.9355930000e-03
m_resetn_at_1v_1mvs_mv = 4.7526030000e-02
m_resetn_at_2v_1mvs_mv = 1.9421470000e-02
m_t_release_1vs_ms = 2.5910060000e+03
m_t_release_10vs_ms = 2.6428040000e+02
m_t_release_100kvs_ms = 7.2437390000e+00
m_t_release_1mvs_ms = 7.2651870000e+00
m_vref_at_rel_1mvs_v = 1.1975830000e+00
m_biasok_at_rel_1mvs_v = 3.2999610000e+00
Note: Simulation executed from .control section 

Warning: m=xx on .subckt line will override multiplier m hierarchy!

