
Note: Compatibility modes selected: hs a


Circuit: * por-ramp-rate @ res_ss_125c_2.97v -- generated by sim/harness, do not edit

Doing analysis at TEMP = 125.000000 and TNOM = 27.000000

Using SPARSE 1.3 as Direct Linear Solver

Initial Transient Solution
--------------------------

Node                                   Voltage
----                                   -------
vddr1                                        0
ptatr1                            -1.68951e-74
ctatr1                            -3.72622e-57
resetnr1                          -9.93413e-70
xr1.xbias.na                       2.25927e-56
xr1.xbias.pg                       1.22856e-81
xr1.xbias.nbtop                    1.96822e-47
xr1.vref                           1.66428e-57
xr1.xbias.nbg                      2.40112e-87
xr1.xbias.xrt.11                   1.96822e-47
xr1.xbias.xrt.21                   1.96822e-47
xr1.xbias.nb                       1.96822e-47
xr1.xbias.xr1.11                   1.96822e-47
xr1.xbias.xr1.21                   1.96822e-47
xr1.xbias.ec                       1.96822e-47
xr1.xbias.xr2.11                   1.66428e-57
xr1.xbias.xr2.21                   1.66428e-57
xr1.xbias.er                       1.66428e-57
xr1.xbias.pb                      -1.84014e-88
xr1.ibias                          1.98255e-74
xr1.xbias.nt                      -2.91526e-81
xr1.xbias.n1                      -4.47896e-81
xr1.xbias.n2                      -1.96094e-81
xr1.xbias.nz                      -1.96094e-81
xr1.xbias.xrz.11                  -1.96094e-81
xr1.xbias.xrz.21                  -1.96094e-81
xr1.xbias.ks1                     -6.88955e-83
xr1.xbias.ks2                      7.82343e-82
xr1.xbias.ks3                     -8.79958e-81
xr1.xbias.ks4                      9.89891e-80
xr1.xbias.nkg                     -1.11352e-78
xr1.xbias.nkm                     -2.14871e-87
xr1.xbias.tok                     -3.83401e-80
xr1.xbias.noko                    -8.51281e-80
xr1.xbias.nokl                    -1.66127e-80
xr1.xbias.nokx                      2.6896e-85
xr1.bias_ok                        -1.2626e-75
xr1.xtemp.nbg                     -2.03795e-74
xr1.xtemp.enb                     -6.52733e-81
xr1.xtemp.pb                      -5.10525e-79
xr1.xtemp.pcas                    -1.89458e-80
xr1.xtemp.nt                       5.42293e-77
xr1.xtemp.n1                        4.2659e-77
xr1.xtemp.na                      -3.72622e-57
xr1.xtemp.n2                       7.28821e-77
xr1.xtemp.nb                      -6.30937e-48
xr1.xtemp.pg                       -3.6938e-82
xr1.xtemp.nz                       7.28821e-77
xr1.xtemp.xrz.11                   7.28821e-77
xr1.xtemp.xrz.21                   7.28821e-77
xr1.xtemp.m1d                      3.32923e-57
xr1.xtemp.m2d                      1.87513e-48
xr1.xtemp.m3d                      2.64361e-68
xr1.xtemp.nd                      -1.08618e-78
xr1.xtemp.nr                       3.09567e-85
xr1.xtemp.nc                      -6.30937e-48
xr1.xtemp.xr1.11                  -6.30937e-48
xr1.xtemp.xr1.21                  -6.30937e-48
xr1.xtemp.xr2f.11                 -1.68944e-74
xr1.xtemp.xr2f.21                  -2.4623e-75
xr1.xtemp.t5                      -2.46163e-75
xr1.xtemp.xr2t5.11                -2.46096e-75
xr1.xtemp.xr2t5.21                -1.21084e-75
xr1.xtemp.t4                      -1.21017e-75
xr1.xtemp.xr2t4.11                 -1.2095e-75
xr1.xtemp.xr2t4.21                -5.85407e-76
xr1.xtemp.t3                      -5.84736e-76
xr1.xtemp.xr2t3.11                -5.84065e-76
xr1.xtemp.xr2t3.21                -2.72937e-76
xr1.xtemp.t2                      -2.72266e-76
xr1.xtemp.xr2t2.11                -2.71595e-76
xr1.xtemp.xr2t2.21                -1.16961e-76
xr1.xtemp.t1                       -1.1629e-76
xr1.xtemp.xr2t1.11                -1.15619e-76
xr1.xtemp.xr2t1.21                -3.92824e-77
xr1.xtemp.t0                      -3.86116e-77
xr1.xtemp.xr2t0.11                -3.79409e-77
xr1.xtemp.xr2t0.21                -6.70732e-79
xr1.xtemp.xriso.11                -3.72622e-57
xr1.xtemp.xriso.21                -3.72622e-57
xr1.xcmp.bias_okb                 -2.74243e-81
xr1.xcmp.nbg                      -2.00698e-74
xr1.xcmp.sns                      -2.82433e-90
xr1.xcmp.xrtop.11                 -2.82432e-90
xr1.xcmp.xrtop.21                 -2.62219e-96
xr1.xcmp.snsb                     -5.24519e-90
xr1.xcmp.xrbot.11                 -5.24518e-90
xr1.xcmp.xrbot.21                 -2.82433e-90
xr1.xcmp.xrhys.11                 -4.96128e-95
xr1.xcmp.xrhys.21                 -5.24514e-90
xr1.xcmp.n1                       -4.26082e-82
xr1.xcmp.tn                        4.93737e-78
xr1.xcmp.na                       -3.49217e-77
xr1.xcmp.cmpo                       5.2803e-78
xr1.xcmp.vdda                      1.24495e-78
xr1.por_raw                       -1.15011e-82
xr1.xpor.pdn                     -3.31182e-101
xr1.xpor.ndl                     -8.34132e-105
xr1.xpor.ndgp                     -3.60863e-80
xr1.xpor.ndg                       8.08939e-79
xr1.xpor.ndgn                     -1.77555e-78
xr1.xpor.pgdg                      -6.1966e-80
xr1.xpor.pgdgb                    -1.92362e-85
xr1.xpor.nts                       -1.2986e-84
xr1.xpor.tim                       1.08223e-83
xr1.xpor.nd1                      -4.54496e-84
xr1.xpor.trip                     -4.99746e-85
xr1.xpor.rstb                     -5.21812e-75
xr1.xpor.nnand                     1.31507e-74
vddr2                                        0
ptatr2                            -1.68951e-74
ctatr2                            -3.72622e-57
resetnr2                          -9.93413e-70
xr2.xbias.na                       2.25927e-56
xr2.xbias.pg                       1.22856e-81
xr2.xbias.nbtop                    1.96822e-47
xr2.vref                           1.66428e-57
xr2.xbias.nbg                      2.40112e-87
xr2.xbias.xrt.11                   1.96822e-47
xr2.xbias.xrt.21                   1.96822e-47
xr2.xbias.nb                       1.96822e-47
xr2.xbias.xr1.11                   1.96822e-47
xr2.xbias.xr1.21                   1.96822e-47
xr2.xbias.ec                       1.96822e-47
xr2.xbias.xr2.11                   1.66428e-57
xr2.xbias.xr2.21                   1.66428e-57
xr2.xbias.er                       1.66428e-57
xr2.xbias.pb                      -1.84014e-88
xr2.ibias                          1.98255e-74
xr2.xbias.nt                      -2.91526e-81
xr2.xbias.n1                      -4.47896e-81
xr2.xbias.n2                      -1.96094e-81
xr2.xbias.nz                      -1.96094e-81
xr2.xbias.xrz.11                  -1.96094e-81
xr2.xbias.xrz.21                  -1.96094e-81
xr2.xbias.ks1                     -6.88955e-83
xr2.xbias.ks2                      7.82343e-82
xr2.xbias.ks3                     -8.79958e-81
xr2.xbias.ks4                      9.89891e-80
xr2.xbias.nkg                     -1.11352e-78
xr2.xbias.nkm                     -2.14871e-87
xr2.xbias.tok                     -3.83389e-80
xr2.xbias.noko                    -8.51281e-80
xr2.xbias.nokl                    -1.66125e-80
xr2.xbias.nokx                      2.6896e-85
xr2.bias_ok                        -1.2626e-75
xr2.xtemp.nbg                     -2.03795e-74
xr2.xtemp.enb                     -6.52733e-81
xr2.xtemp.pb                      -5.10525e-79
xr2.xtemp.pcas                    -1.89458e-80
xr2.xtemp.nt                       5.42292e-77
xr2.xtemp.n1                       4.26589e-77
xr2.xtemp.na                      -3.72622e-57
xr2.xtemp.n2                        7.2882e-77
xr2.xtemp.nb                      -6.30937e-48
xr2.xtemp.pg                      -3.69379e-82
xr2.xtemp.nz                        7.2882e-77
xr2.xtemp.xrz.11                    7.2882e-77
xr2.xtemp.xrz.21                    7.2882e-77
xr2.xtemp.m1d                      3.32923e-57
xr2.xtemp.m2d                      1.87513e-48
xr2.xtemp.m3d                      2.64361e-68
xr2.xtemp.nd                      -1.08618e-78
xr2.xtemp.nr                       3.09567e-85
xr2.xtemp.nc                      -6.30937e-48
xr2.xtemp.xr1.11                  -6.30937e-48
xr2.xtemp.xr1.21                  -6.30937e-48
xr2.xtemp.xr2f.11                 -1.68944e-74
xr2.xtemp.xr2f.21                  -2.4623e-75
xr2.xtemp.t5                      -2.46163e-75
xr2.xtemp.xr2t5.11                -2.46096e-75
xr2.xtemp.xr2t5.21                -1.21084e-75
xr2.xtemp.t4                      -1.21017e-75
xr2.xtemp.xr2t4.11                 -1.2095e-75
xr2.xtemp.xr2t4.21                -5.85407e-76
xr2.xtemp.t3                      -5.84736e-76
xr2.xtemp.xr2t3.11                -5.84065e-76
xr2.xtemp.xr2t3.21                -2.72937e-76
xr2.xtemp.t2                      -2.72266e-76
xr2.xtemp.xr2t2.11                -2.71595e-76
xr2.xtemp.xr2t2.21                -1.16961e-76
xr2.xtemp.t1                       -1.1629e-76
xr2.xtemp.xr2t1.11                -1.15619e-76
xr2.xtemp.xr2t1.21                -3.92824e-77
xr2.xtemp.t0                      -3.86116e-77
xr2.xtemp.xr2t0.11                -3.79409e-77
xr2.xtemp.xr2t0.21                -6.70732e-79
xr2.xtemp.xriso.11                -3.72622e-57
xr2.xtemp.xriso.21                -3.72622e-57
xr2.xcmp.bias_okb                 -2.74243e-81
xr2.xcmp.nbg                      -2.00698e-74
xr2.xcmp.sns                      -2.82433e-90
xr2.xcmp.xrtop.11                 -2.82432e-90
xr2.xcmp.xrtop.21                 -2.62219e-96
xr2.xcmp.snsb                     -5.24519e-90
xr2.xcmp.xrbot.11                 -5.24518e-90
xr2.xcmp.xrbot.21                 -2.82433e-90
xr2.xcmp.xrhys.11                 -4.96128e-95
xr2.xcmp.xrhys.21                 -5.24514e-90
xr2.xcmp.n1                       -4.26082e-82
xr2.xcmp.tn                         4.9374e-78
xr2.xcmp.na                       -3.49217e-77
xr2.xcmp.cmpo                      5.28033e-78
xr2.xcmp.vdda                      1.24496e-78
xr2.por_raw                       -1.15011e-82
xr2.xpor.pdn                     -3.31182e-101
xr2.xpor.ndl                     -8.34132e-105
xr2.xpor.ndgp                     -3.60863e-80
xr2.xpor.ndg                       8.08939e-79
xr2.xpor.ndgn                     -1.77555e-78
xr2.xpor.pgdg                      -6.1966e-80
xr2.xpor.pgdgb                    -1.92362e-85
xr2.xpor.nts                       -1.2986e-84
xr2.xpor.tim                       1.08223e-83
xr2.xpor.nd1                      -4.54496e-84
xr2.xpor.trip                     -4.99746e-85
xr2.xpor.rstb                     -5.21812e-75
xr2.xpor.nnand                     1.31507e-74
vddr3                                        0
ptatr3                            -1.68951e-74
ctatr3                             -3.7262e-57
resetnr3                          -9.93413e-70
xr3.xbias.na                       2.25927e-56
xr3.xbias.pg                       1.22856e-81
xr3.xbias.nbtop                    1.96822e-47
xr3.vref                           1.66428e-57
xr3.xbias.nbg                      2.40112e-87
xr3.xbias.xrt.11                   1.96822e-47
xr3.xbias.xrt.21                   1.96822e-47
xr3.xbias.nb                       1.96822e-47
xr3.xbias.xr1.11                   1.96822e-47
xr3.xbias.xr1.21                   1.96822e-47
xr3.xbias.ec                       1.96822e-47
xr3.xbias.xr2.11                   1.66428e-57
xr3.xbias.xr2.21                   1.66428e-57
xr3.xbias.er                       1.66428e-57
xr3.xbias.pb                      -1.84014e-88
xr3.ibias                          1.98255e-74
xr3.xbias.nt                      -2.91524e-81
xr3.xbias.n1                      -4.47894e-81
xr3.xbias.n2                      -1.96092e-81
xr3.xbias.nz                      -1.96092e-81
xr3.xbias.xrz.11                  -1.96092e-81
xr3.xbias.xrz.21                  -1.96092e-81
xr3.xbias.ks1                     -6.88955e-83
xr3.xbias.ks2                      7.82343e-82
xr3.xbias.ks3                     -8.79958e-81
xr3.xbias.ks4                      9.89891e-80
xr3.xbias.nkg                     -1.11352e-78
xr3.xbias.nkm                     -2.14871e-87
xr3.xbias.tok                     -3.83387e-80
xr3.xbias.noko                     -8.5128e-80
xr3.xbias.nokl                    -1.66125e-80
xr3.xbias.nokx                      2.6896e-85
xr3.bias_ok                        -1.2626e-75
xr3.xtemp.nbg                     -2.03795e-74
xr3.xtemp.enb                     -6.52733e-81
xr3.xtemp.pb                      -5.10525e-79
xr3.xtemp.pcas                    -1.89458e-80
xr3.xtemp.nt                       5.42292e-77
xr3.xtemp.n1                       4.26589e-77
xr3.xtemp.na                       -3.7262e-57
xr3.xtemp.n2                        7.2882e-77
xr3.xtemp.nb                      -6.30937e-48
xr3.xtemp.pg                      -3.69379e-82
xr3.xtemp.nz                        7.2882e-77
xr3.xtemp.xrz.11                    7.2882e-77
xr3.xtemp.xrz.21                    7.2882e-77
xr3.xtemp.m1d                      3.32924e-57
xr3.xtemp.m2d                      1.87513e-48
xr3.xtemp.m3d                      2.64361e-68
xr3.xtemp.nd                      -1.08618e-78
xr3.xtemp.nr                       3.09567e-85
xr3.xtemp.nc                      -6.30937e-48
xr3.xtemp.xr1.11                  -6.30937e-48
xr3.xtemp.xr1.21                  -6.30937e-48
xr3.xtemp.xr2f.11                 -1.68944e-74
xr3.xtemp.xr2f.21                  -2.4623e-75
xr3.xtemp.t5                      -2.46163e-75
xr3.xtemp.xr2t5.11                -2.46096e-75
xr3.xtemp.xr2t5.21                -1.21084e-75
xr3.xtemp.t4                      -1.21017e-75
xr3.xtemp.xr2t4.11                 -1.2095e-75
xr3.xtemp.xr2t4.21                -5.85407e-76
xr3.xtemp.t3                      -5.84736e-76
xr3.xtemp.xr2t3.11                -5.84065e-76
xr3.xtemp.xr2t3.21                -2.72937e-76
xr3.xtemp.t2                      -2.72266e-76
xr3.xtemp.xr2t2.11                -2.71595e-76
xr3.xtemp.xr2t2.21                -1.16961e-76
xr3.xtemp.t1                       -1.1629e-76
xr3.xtemp.xr2t1.11                -1.15619e-76
xr3.xtemp.xr2t1.21                -3.92824e-77
xr3.xtemp.t0                      -3.86116e-77
xr3.xtemp.xr2t0.11                -3.79409e-77
xr3.xtemp.xr2t0.21                -6.70732e-79
xr3.xtemp.xriso.11                 -3.7262e-57
xr3.xtemp.xriso.21                 -3.7262e-57
xr3.xcmp.bias_okb                 -2.74243e-81
xr3.xcmp.nbg                      -2.00698e-74
xr3.xcmp.sns                      -2.82433e-90
xr3.xcmp.xrtop.11                 -2.82432e-90
xr3.xcmp.xrtop.21                 -2.62219e-96
xr3.xcmp.snsb                     -5.24519e-90
xr3.xcmp.xrbot.11                 -5.24518e-90
xr3.xcmp.xrbot.21                 -2.82433e-90
xr3.xcmp.xrhys.11                 -4.96128e-95
xr3.xcmp.xrhys.21                 -5.24514e-90
xr3.xcmp.n1                       -4.26082e-82
xr3.xcmp.tn                         4.9374e-78
xr3.xcmp.na                       -3.49217e-77
xr3.xcmp.cmpo                      5.28033e-78
xr3.xcmp.vdda                      1.24496e-78
xr3.por_raw                       -1.15011e-82
xr3.xpor.pdn                     -3.31182e-101
xr3.xpor.ndl                     -8.34132e-105
xr3.xpor.ndgp                     -3.60863e-80
xr3.xpor.ndg                       8.08939e-79
xr3.xpor.ndgn                     -1.77555e-78
xr3.xpor.pgdg                      -6.1966e-80
xr3.xpor.pgdgb                    -1.92362e-85
xr3.xpor.nts                       -1.2986e-84
xr3.xpor.tim                       1.08223e-83
xr3.xpor.nd1                      -4.54496e-84
xr3.xpor.trip                     -4.99746e-85
xr3.xpor.rstb                     -5.21812e-75
xr3.xpor.nnand                     1.31507e-74
vddr4                                        0
ptatr4                            -1.68951e-74
ctatr4                            -3.72622e-57
resetnr4                          -9.93413e-70
xr4.xbias.na                       2.25927e-56
xr4.xbias.pg                       1.22856e-81
xr4.xbias.nbtop                    1.96821e-47
xr4.vref                           1.66425e-57
xr4.xbias.nbg                      2.40112e-87
xr4.xbias.xrt.11                   1.96821e-47
xr4.xbias.xrt.21                   1.96821e-47
xr4.xbias.nb                       1.96821e-47
xr4.xbias.xr1.11                   1.96821e-47
xr4.xbias.xr1.21                   1.96821e-47
xr4.xbias.ec                       1.96821e-47
xr4.xbias.xr2.11                   1.66425e-57
xr4.xbias.xr2.21                   1.66425e-57
xr4.xbias.er                       1.66425e-57
xr4.xbias.pb                      -1.84014e-88
xr4.ibias                          1.98255e-74
xr4.xbias.nt                      -2.91524e-81
xr4.xbias.n1                      -4.47894e-81
xr4.xbias.n2                      -1.96092e-81
xr4.xbias.nz                      -1.96092e-81
xr4.xbias.xrz.11                  -1.96092e-81
xr4.xbias.xrz.21                  -1.96092e-81
xr4.xbias.ks1                     -6.88955e-83
xr4.xbias.ks2                      7.82343e-82
xr4.xbias.ks3                     -8.79958e-81
xr4.xbias.ks4                      9.89891e-80
xr4.xbias.nkg                     -1.11352e-78
xr4.xbias.nkm                     -2.14871e-87
xr4.xbias.tok                     -3.83387e-80
xr4.xbias.noko                     -8.5128e-80
xr4.xbias.nokl                    -1.66125e-80
xr4.xbias.nokx                      2.6896e-85
xr4.bias_ok                        -1.2626e-75
xr4.xtemp.nbg                     -2.03795e-74
xr4.xtemp.enb                     -6.52733e-81
xr4.xtemp.pb                      -5.10525e-79
xr4.xtemp.pcas                    -1.89458e-80
xr4.xtemp.nt                       5.42289e-77
xr4.xtemp.n1                       4.26586e-77
xr4.xtemp.na                      -3.72622e-57
xr4.xtemp.n2                       7.28816e-77
xr4.xtemp.nb                      -6.30944e-48
xr4.xtemp.pg                      -3.69379e-82
xr4.xtemp.nz                       7.28816e-77
xr4.xtemp.xrz.11                   7.28816e-77
xr4.xtemp.xrz.21                   7.28816e-77
xr4.xtemp.m1d                      3.32924e-57
xr4.xtemp.m2d                      1.87516e-48
xr4.xtemp.m3d                      2.64361e-68
xr4.xtemp.nd                      -1.08618e-78
xr4.xtemp.nr                       3.09567e-85
xr4.xtemp.nc                      -6.30944e-48
xr4.xtemp.xr1.11                  -6.30944e-48
xr4.xtemp.xr1.21                  -6.30944e-48
xr4.xtemp.xr2f.11                 -1.68944e-74
xr4.xtemp.xr2f.21                  -2.4623e-75
xr4.xtemp.t5                      -2.46163e-75
xr4.xtemp.xr2t5.11                -2.46096e-75
xr4.xtemp.xr2t5.21                -1.21084e-75
xr4.xtemp.t4                      -1.21017e-75
xr4.xtemp.xr2t4.11                 -1.2095e-75
xr4.xtemp.xr2t4.21                -5.85407e-76
xr4.xtemp.t3                      -5.84736e-76
xr4.xtemp.xr2t3.11                -5.84065e-76
xr4.xtemp.xr2t3.21                -2.72937e-76
xr4.xtemp.t2                      -2.72266e-76
xr4.xtemp.xr2t2.11                -2.71595e-76
xr4.xtemp.xr2t2.21                -1.16961e-76
xr4.xtemp.t1                       -1.1629e-76
xr4.xtemp.xr2t1.11                -1.15619e-76
xr4.xtemp.xr2t1.21                -3.92824e-77
xr4.xtemp.t0                      -3.86116e-77
xr4.xtemp.xr2t0.11                -3.79409e-77
xr4.xtemp.xr2t0.21                -6.70732e-79
xr4.xtemp.xriso.11                -3.72622e-57
xr4.xtemp.xriso.21                -3.72622e-57
xr4.xcmp.bias_okb                 -2.74243e-81
xr4.xcmp.nbg                      -2.00698e-74
xr4.xcmp.sns                      -2.82433e-90
xr4.xcmp.xrtop.11                 -2.82432e-90
xr4.xcmp.xrtop.21                 -2.62219e-96
xr4.xcmp.snsb                     -5.24519e-90
xr4.xcmp.xrbot.11                 -5.24518e-90
xr4.xcmp.xrbot.21                 -2.82433e-90
xr4.xcmp.xrhys.11                 -4.96128e-95
xr4.xcmp.xrhys.21                 -5.24514e-90
xr4.xcmp.n1                       -4.26082e-82
xr4.xcmp.tn                         4.9374e-78
xr4.xcmp.na                       -3.49217e-77
xr4.xcmp.cmpo                      5.28033e-78
xr4.xcmp.vdda                      1.24496e-78
xr4.por_raw                       -1.15011e-82
xr4.xpor.pdn                     -3.31182e-101
xr4.xpor.ndl                     -8.34132e-105
xr4.xpor.ndgp                     -3.60863e-80
xr4.xpor.ndg                       8.08939e-79
xr4.xpor.ndgn                     -1.77555e-78
xr4.xpor.pgdg                      -6.1966e-80
xr4.xpor.pgdgb                    -1.92362e-85
xr4.xpor.nts                       -1.2986e-84
xr4.xpor.tim                       1.08223e-83
xr4.xpor.nd1                      -4.54496e-84
xr4.xpor.trip                     -4.99746e-85
xr4.xpor.rstb                     -5.21812e-75
xr4.xpor.nnand                     1.31507e-74
vr4#branch                         1.19659e-59
vr3#branch                         1.19669e-59
vr2#branch                         1.19669e-59
vr1#branch                         1.19669e-59

 Reference value :  0.00000e+00
 Reference value :  5.97416e-07
 Reference value :  7.74193e-07
 Reference value :  1.76844e-06
 Reference value :  2.11143e-06
 Reference value :  2.17718e-06
 Reference value :  2.18997e-06
 Reference value :  2.49843e-06
 Reference value :  3.12604e-06
 Reference value :  4.49267e-06
 Reference value :  4.52243e-06
 Reference value :  4.91292e-06
 Reference value :  6.42760e-06
 Reference value :  1.03223e-05
 Reference value :  1.30755e-05
 Reference value :  1.30884e-05
 Reference value :  1.37504e-05
 Reference value :  1.46309e-05
 Reference value :  1.46605e-05
 Reference value :  1.49548e-05
 Reference value :  2.03377e-05
 Reference value :  2.42562e-05
 Reference value :  2.43029e-05
 Reference value :  2.61039e-05
 Reference value :  3.31321e-05
 Reference value :  4.02579e-05
 Reference value :  4.03955e-05
 Reference value :  4.04036e-05
 Reference value :  4.16926e-05
 Reference value :  5.22448e-05
 Reference value :  5.24936e-05
 Reference value :  5.25033e-05
 Reference value :  5.25042e-05
 Reference value :  5.26125e-05
 Reference value :  5.34877e-05
 Reference value :  5.78802e-05
 Reference value :  7.18743e-05
 Reference value :  9.29349e-05
 Reference value :  1.00036e-04
 Reference value :  1.00224e-04
 Reference value :  1.00229e-04
 Reference value :  1.00232e-04
 Reference value :  1.00485e-04
 Reference value :  1.04769e-04
 Reference value :  1.16506e-04
 Reference value :  1.16619e-04
 Reference value :  1.21709e-04
 Reference value :  2.36630e-04
 Reference value :  8.12038e-03
 Reference value :  8.19520e-03
 Reference value :  8.20802e-03
 Reference value :  8.20868e-03
 Reference value :  8.20881e-03
 Reference value :  8.20911e-03
 Reference value :  8.21001e-03
 Reference value :  8.21018e-03
 Reference value :  8.21033e-03
 Reference value :  8.21124e-03
 Reference value :  8.21138e-03
 Reference value :  8.21447e-03
 Reference value :  8.26275e-03
 Reference value :  8.27596e-03
 Reference value :  8.27697e-03
 Reference value :  8.27712e-03
 Reference value :  8.27733e-03
 Reference value :  8.27829e-03
 Reference value :  8.27850e-03
 Reference value :  8.27862e-03
 Reference value :  8.27956e-03
 Reference value :  8.27972e-03
 Reference value :  8.28326e-03
 Reference value :  1.29867e-02
 Reference value :  5.39833e-02
 Reference value :  6.70286e-02
 Reference value :  6.79366e-02
 Reference value :  6.81475e-02
 Reference value :  6.82113e-02
 Reference value :  6.82222e-02
 Reference value :  6.82226e-02
 Reference value :  6.82334e-02
 Reference value :  6.82400e-02
 Reference value :  6.82438e-02
 Reference value :  6.94619e-02
 Reference value :  8.84306e-02
 Reference value :  1.68181e-01
 Reference value :  1.81681e-01
 Reference value :  2.41681e-01
 Reference value :  2.56819e-01
 Reference value :  2.56912e-01
 Reference value :  2.56959e-01
 Reference value :  2.56961e-01
 Reference value :  2.56971e-01
 Reference value :  2.56973e-01
 Reference value :  2.56973e-01
 Reference value :  2.56978e-01
 Reference value :  2.59255e-01
 Reference value :  2.61005e-01
 Reference value :  2.61880e-01
 Reference value :  2.63943e-01
 Reference value :  2.64125e-01
 Reference value :  2.64170e-01
 Reference value :  2.64185e-01
 Reference value :  2.64186e-01
 Reference value :  2.64186e-01
 Reference value :  2.64186e-01
 Reference value :  2.64187e-01
 Reference value :  2.64188e-01
 Reference value :  2.64188e-01
 Reference value :  2.64189e-01
 Reference value :  2.64189e-01
 Reference value :  2.64191e-01
 Reference value :  2.66902e-01
 Reference value :  3.42000e-01
 Reference value :  3.94000e-01
 Reference value :  4.92000e-01
 Reference value :  5.49789e-01
 Reference value :  6.33522e-01
 Reference value :  6.78926e-01
 Reference value :  6.79107e-01
 Reference value :  6.79216e-01
 Reference value :  6.79217e-01
 Reference value :  6.79217e-01
 Reference value :  6.79222e-01
 Reference value :  6.79241e-01
 Reference value :  7.01398e-01
 Reference value :  7.06148e-01
 Reference value :  7.95148e-01
 Reference value :  8.83148e-01
 Reference value :  9.35398e-01
 Reference value :  1.01290e+00
 Reference value :  1.10090e+00
 Reference value :  1.10915e+00
 Reference value :  1.14090e+00
 Reference value :  1.21840e+00
 Reference value :  1.24465e+00
 Reference value :  1.24840e+00
 Reference value :  1.30390e+00
 Reference value :  1.30477e+00
 Reference value :  1.30640e+00
 Reference value :  1.38740e+00
 Reference value :  1.42165e+00
 Reference value :  1.48515e+00
 Reference value :  1.54140e+00
 Reference value :  1.60115e+00
 Reference value :  1.60265e+00
 Reference value :  1.60440e+00
 Reference value :  1.60615e+00
 Reference value :  1.66415e+00
 Reference value :  1.72990e+00
 Reference value :  1.73140e+00
 Reference value :  1.73602e+00
 Reference value :  1.80027e+00
 Reference value :  1.88977e+00
 Reference value :  1.93177e+00
 Reference value :  1.93552e+00
 Reference value :  1.93752e+00
 Reference value :  1.94077e+00
 Reference value :  1.97277e+00
 Reference value :  2.01077e+00
 Reference value :  2.05277e+00
 Reference value :  2.13077e+00
 Reference value :  2.14502e+00
 Reference value :  2.14640e+00
 Reference value :  2.14965e+00
 Reference value :  2.15027e+00
 Reference value :  2.15115e+00
 Reference value :  2.20690e+00
 Reference value :  2.27890e+00
 Reference value :  2.29915e+00
 Reference value :  2.33865e+00
 Reference value :  2.37865e+00
 Reference value :  2.38240e+00
 Reference value :  2.43440e+00
 Reference value :  2.50040e+00
 Reference value :  2.52665e+00
 Reference value :  2.52990e+00
 Reference value :  2.53165e+00
 Reference value :  2.53340e+00
 Reference value :  2.55940e+00
 Reference value :  2.56854e+00
 Reference value :  2.56870e+00
 Reference value :  2.56873e+00
 Reference value :  2.56874e+00
 Reference value :  2.56875e+00
 Reference value :  2.56875e+00
 Reference value :  2.56875e+00
 Reference value :  2.56877e+00
 Reference value :  2.56878e+00
 Reference value :  2.57210e+00
 Reference value :  2.57563e+00
 Reference value :  2.57570e+00
 Reference value :  2.57574e+00
 Reference value :  2.57576e+00
 Reference value :  2.57576e+00
 Reference value :  2.57576e+00
 Reference value :  2.57576e+00
 Reference value :  2.57576e+00
 Reference value :  2.57576e+00
 Reference value :  2.57576e+00
 Reference value :  2.57576e+00
 Reference value :  2.57576e+00
 Reference value :  2.57577e+00
 Reference value :  2.57793e+00
 Reference value :  2.65220e+00
 Reference value :  2.74820e+00
 Reference value :  2.84420e+00
 Reference value :  2.94020e+00
 Reference value :  3.03100e+00
 Reference value :  3.12700e+00
 Reference value :  3.22300e+00
 Reference value :  3.31700e+00
 Reference value :  3.41300e+00
 Reference value :  3.51300e+00
 Reference value :  3.61300e+00
No. of Data Rows : 4621
trel1               =  2.57576e+00
trel1_last          =  2.57576e+00
vddrel1             =  2.57576e+00
rst1_at1v           =  1.82526e-09
rst1_at2v           =  1.07897e-09
trel2               =  2.64186e-01
trel2_last          =  2.64186e-01
vddrel2             =  2.64186e+00
rst2_at1v           =  2.36863e-09
rst2_at2v           =  1.27283e-09
trel3               =  8.20874e-03
trel3_last          =  8.20874e-03
vddrel3             =  2.97000e+00
rst3_at1v           =  6.05307e-06
rst3_at2v           =  2.15466e-06
trel4               =  8.27706e-03
trel4_last          =  8.27706e-03
vddrel4             =  2.97000e+00
rst4_at1v           =  6.16944e-05
rst4_at2v           =  2.16109e-05
vref_rel4           =  1.19003e+00
biasok_rel4         =  2.96996e+00
m_vddrel_1vs_v = 2.5757610000e+00
m_vddrel_10vs_v = 2.6418610000e+00
m_vddrel_100kvs_v = 2.9700000000e+00
m_vddrel_1mvs_v = 2.9700000000e+00
m_chatter_1vs_us = 0.0000000000e+00
m_chatter_10vs_us = 0.0000000000e+00
m_chatter_100kvs_us = 0.0000000000e+00
m_chatter_1mvs_us = 0.0000000000e+00
m_resetn_at_1v_1vs_mv = 1.8252620000e-06
m_resetn_at_2v_1vs_mv = 1.0789720000e-06
m_resetn_at_1v_10vs_mv = 2.3686290000e-06
m_resetn_at_2v_10vs_mv = 1.2728270000e-06
m_resetn_at_1v_100kvs_mv = 6.0530680000e-03
m_resetn_at_2v_100kvs_mv = 2.1546650000e-03
m_resetn_at_1v_1mvs_mv = 6.1694370000e-02
m_resetn_at_2v_1mvs_mv = 2.1610930000e-02
m_t_release_1vs_ms = 2.5757610000e+03
m_t_release_10vs_ms = 2.6418610000e+02
m_t_release_100kvs_ms = 8.2087360000e+00
m_t_release_1mvs_ms = 8.2770590000e+00
m_vref_at_rel_1mvs_v = 1.1900310000e+00
m_biasok_at_rel_1mvs_v = 2.9699550000e+00
Note: Simulation executed from .control section 

Warning: m=xx on .subckt line will override multiplier m hierarchy!

Note: Starting dynamic gmin stepping
Note: Dynamic gmin stepping completed
