
Note: Compatibility modes selected: hs a


Circuit: * por-ramp-rate @ sf_-40c_3.63v -- generated by sim/harness, do not edit

Doing analysis at TEMP = -40.000000 and TNOM = 27.000000

Using SPARSE 1.3 as Direct Linear Solver

Initial Transient Solution
--------------------------

Node                                   Voltage
----                                   -------
vddr1                                        0
ptatr1                           -2.24568e-105
ctatr1                             1.29271e-76
resetnr1                          5.34838e-101
xr1.xbias.na                      3.89701e-233
xr1.xbias.pg                     -2.45363e-114
xr1.xbias.nbtop                   1.24348e-218
xr1.vref                         -7.20957e-219
xr1.xbias.nbg                      2.35629e-23
xr1.xbias.xrt.11                  1.24348e-218
xr1.xbias.xrt.21                  1.24348e-218
xr1.xbias.nb                      1.24348e-218
xr1.xbias.xr1.11                  1.24348e-218
xr1.xbias.xr1.21                  1.24348e-218
xr1.xbias.ec                      1.24348e-218
xr1.xbias.xr2.11                 -7.20957e-219
xr1.xbias.xr2.21                 -7.20963e-219
xr1.xbias.er                     -7.20963e-219
xr1.xbias.pb                      -2.35629e-23
xr1.ibias                          6.5187e-132
xr1.xbias.nt                      2.37122e-110
xr1.xbias.n1                     -9.32606e-111
xr1.xbias.n2                     -9.32825e-111
xr1.xbias.nz                     -9.32825e-111
xr1.xbias.xrz.11                 -9.32825e-111
xr1.xbias.xrz.21                 -9.32825e-111
xr1.xbias.ks1                    -4.06496e-209
xr1.xbias.ks2                     6.84089e-209
xr1.xbias.ks3                    -7.44498e-209
xr1.xbias.ks4                     5.68528e-209
xr1.xbias.nkg                    -2.11932e-209
xr1.xbias.nkm                      3.70389e-23
xr1.xbias.tok                      8.98321e-24
xr1.xbias.noko                    -1.57086e-23
xr1.xbias.nokl                    -2.35634e-23
xr1.xbias.nokx                     3.70377e-23
xr1.bias_ok                       -1.34725e-23
xr1.xtemp.nbg                     3.89872e-137
xr1.xtemp.enb                    -1.44009e-101
xr1.xtemp.pb                      -4.9354e-111
xr1.xtemp.pcas                     4.6858e-136
xr1.xtemp.nt                      -4.36272e-23
xr1.xtemp.n1                      -4.38071e-22
xr1.xtemp.na                       1.29271e-76
xr1.xtemp.n2                        2.6306e-22
xr1.xtemp.nb                       1.13449e-76
xr1.xtemp.pg                       1.80358e-26
xr1.xtemp.nz                        2.6306e-22
xr1.xtemp.xrz.11                    2.6306e-22
xr1.xtemp.xrz.21                    2.6306e-22
xr1.xtemp.m1d                     -4.78664e-76
xr1.xtemp.m2d                     -1.30898e-75
xr1.xtemp.m3d                      6.44725e-99
xr1.xtemp.nd                      -2.5405e-113
xr1.xtemp.nr                     -4.74763e-147
xr1.xtemp.nc                       1.13449e-76
xr1.xtemp.xr1.11                   1.13449e-76
xr1.xtemp.xr1.21                   1.13449e-76
xr1.xtemp.xr2f.11                -2.24554e-105
xr1.xtemp.xr2f.21                -3.27737e-106
xr1.xtemp.t5                     -3.27602e-106
xr1.xtemp.xr2t5.11               -3.27467e-106
xr1.xtemp.xr2t5.21               -1.61389e-106
xr1.xtemp.t4                     -1.61254e-106
xr1.xtemp.xr2t4.11               -1.61119e-106
xr1.xtemp.xr2t4.21               -7.81992e-107
xr1.xtemp.t3                     -7.80642e-107
xr1.xtemp.xr2t3.11               -7.79292e-107
xr1.xtemp.xr2t3.21               -3.65885e-107
xr1.xtemp.t2                     -3.64535e-107
xr1.xtemp.xr2t2.11               -3.63185e-107
xr1.xtemp.xr2t2.21               -1.57711e-107
xr1.xtemp.t1                     -1.56361e-107
xr1.xtemp.xr2t1.11               -1.55011e-107
xr1.xtemp.xr2t1.21               -5.35753e-108
xr1.xtemp.t0                     -5.22251e-108
xr1.xtemp.xr2t0.11               -5.08748e-108
xr1.xtemp.xr2t0.21               -1.35024e-109
xr1.xtemp.xriso.11                 1.29271e-76
xr1.xtemp.xriso.21                 1.29271e-76
xr1.xcmp.bias_okb                            0
xr1.xcmp.nbg                     -2.60236e-132
xr1.xcmp.sns                                 0
xr1.xcmp.xrtop.11                            0
xr1.xcmp.xrtop.21                            0
xr1.xcmp.snsb                                0
xr1.xcmp.xrbot.11                            0
xr1.xcmp.xrbot.21                            0
xr1.xcmp.xrhys.11                            0
xr1.xcmp.xrhys.21                            0
xr1.xcmp.n1                       9.55527e-120
xr1.xcmp.tn                      -1.29598e-108
xr1.xcmp.na                       4.24256e-107
xr1.xcmp.cmpo                     2.23439e-107
xr1.xcmp.vdda                    -1.54285e-106
xr1.por_raw                       4.82371e-118
xr1.xpor.pdn                     -2.69226e-166
xr1.xpor.ndl                      8.04931e-168
xr1.xpor.ndgp                      9.57698e-65
xr1.xpor.ndg                      -4.27539e-44
xr1.xpor.ndgn                      7.55635e-23
xr1.xpor.pgdg                                0
xr1.xpor.pgdgb                    5.82832e-119
xr1.xpor.nts                     -6.79699e-100
xr1.xpor.tim                      5.33572e-100
xr1.xpor.nd1                     -2.05165e-106
xr1.xpor.trip                     5.11599e-131
xr1.xpor.rstb                      5.77293e-98
xr1.xpor.nnand                    -3.09014e-99
vddr2                                        0
ptatr2                             7.46956e-97
ctatr2                             2.86781e-21
resetnr2                          2.37359e-101
xr2.xbias.na                     -3.85309e-233
xr2.xbias.pg                     -2.45576e-114
xr2.xbias.nbtop                   1.28016e-218
xr2.vref                         -7.20931e-219
xr2.xbias.nbg                      2.35629e-23
xr2.xbias.xrt.11                  1.28016e-218
xr2.xbias.xrt.21                  1.28016e-218
xr2.xbias.nb                      1.28016e-218
xr2.xbias.xr1.11                  1.28016e-218
xr2.xbias.xr1.21                  1.28016e-218
xr2.xbias.ec                      1.28016e-218
xr2.xbias.xr2.11                 -7.20931e-219
xr2.xbias.xr2.21                 -7.20936e-219
xr2.xbias.er                     -7.20936e-219
xr2.xbias.pb                      -2.35629e-23
xr2.ibias                         4.62686e-131
xr2.xbias.nt                      2.37328e-110
xr2.xbias.n1                     -9.33415e-111
xr2.xbias.n2                     -9.33634e-111
xr2.xbias.nz                     -9.33634e-111
xr2.xbias.xrz.11                 -9.33634e-111
xr2.xbias.xrz.21                 -9.33634e-111
xr2.xbias.ks1                    -3.96738e-209
xr2.xbias.ks2                     6.67668e-209
xr2.xbias.ks3                    -7.26626e-209
xr2.xbias.ks4                      5.5488e-209
xr2.xbias.nkg                    -2.06845e-209
xr2.xbias.nkm                      3.70389e-23
xr2.xbias.tok                      8.98401e-24
xr2.xbias.noko                    -1.57086e-23
xr2.xbias.nokl                    -2.35634e-23
xr2.xbias.nokx                     3.70377e-23
xr2.bias_ok                       -1.34725e-23
xr2.xtemp.nbg                     2.76724e-136
xr2.xtemp.enb                    -1.69074e-101
xr2.xtemp.pb                      8.53114e-111
xr2.xtemp.pcas                    1.37876e-136
xr2.xtemp.nt                      -3.06736e-22
xr2.xtemp.n1                       2.63279e-22
xr2.xtemp.na                       2.86781e-21
xr2.xtemp.n2                       1.75541e-22
xr2.xtemp.nb                      8.54706e-131
xr2.xtemp.pg                         1.203e-26
xr2.xtemp.nz                       1.75541e-22
xr2.xtemp.xrz.11                   1.75541e-22
xr2.xtemp.xrz.21                   1.75541e-22
xr2.xtemp.m1d                     -1.43065e-21
xr2.xtemp.m2d                     -9.8616e-130
xr2.xtemp.m3d                     -2.14448e-90
xr2.xtemp.nd                      1.53381e-114
xr2.xtemp.nr                     -1.38891e-177
xr2.xtemp.nc                      8.54705e-131
xr2.xtemp.xr1.11                  8.54706e-131
xr2.xtemp.xr1.21                  8.54705e-131
xr2.xtemp.xr2f.11                  7.46911e-97
xr2.xtemp.xr2f.21                  1.09012e-97
xr2.xtemp.t5                       1.08967e-97
xr2.xtemp.xr2t5.11                 1.08922e-97
xr2.xtemp.xr2t5.21                 5.36811e-98
xr2.xtemp.t4                       5.36362e-98
xr2.xtemp.xr2t4.11                 5.35913e-98
xr2.xtemp.xr2t4.21                 2.60106e-98
xr2.xtemp.t3                       2.59656e-98
xr2.xtemp.xr2t3.11                 2.59207e-98
xr2.xtemp.xr2t3.21                 1.21701e-98
xr2.xtemp.t2                       1.21251e-98
xr2.xtemp.xr2t2.11                 1.20802e-98
xr2.xtemp.xr2t2.21                 5.24578e-99
xr2.xtemp.t1                       5.20086e-99
xr2.xtemp.xr2t1.11                 5.15595e-99
xr2.xtemp.xr2t1.21                 1.78202e-99
xr2.xtemp.t0                       1.73711e-99
xr2.xtemp.xr2t0.11                 1.69219e-99
xr2.xtemp.xr2t0.21                4.49116e-101
xr2.xtemp.xriso.11                 2.86781e-21
xr2.xtemp.xriso.21                 2.86781e-21
xr2.xcmp.bias_okb                            0
xr2.xcmp.nbg                     -3.41083e-132
xr2.xcmp.sns                                 0
xr2.xcmp.xrtop.11                            0
xr2.xcmp.xrtop.21                            0
xr2.xcmp.snsb                                0
xr2.xcmp.xrbot.11                            0
xr2.xcmp.xrbot.21                            0
xr2.xcmp.xrhys.11                            0
xr2.xcmp.xrhys.21                            0
xr2.xcmp.n1                       1.94048e-118
xr2.xcmp.tn                       2.42896e-108
xr2.xcmp.na                      -7.95276e-107
xr2.xcmp.cmpo                    -4.18841e-107
xr2.xcmp.vdda                      2.8921e-106
xr2.por_raw                      -4.90698e-120
xr2.xpor.pdn                     -7.81553e-166
xr2.xpor.ndl                     -2.13354e-167
xr2.xpor.ndgp                      9.57698e-65
xr2.xpor.ndg                      -4.27539e-44
xr2.xpor.ndgn                      7.55635e-23
xr2.xpor.pgdg                                0
xr2.xpor.pgdgb                    5.83051e-119
xr2.xpor.nts                      3.03317e-100
xr2.xpor.tim                     -2.38109e-100
xr2.xpor.nd1                     -2.92313e-106
xr2.xpor.trip                    -5.10161e-131
xr2.xpor.rstb                      1.69545e-98
xr2.xpor.nnand                   -9.07542e-100
vddr3                                        0
ptatr3                               1.188e-55
ctatr3                            -1.97263e-64
resetnr3                          5.40657e-101
xr3.xbias.na                      2.17523e-233
xr3.xbias.pg                     -2.17574e-114
xr3.xbias.nbtop                   1.22252e-218
xr3.vref                         -7.20971e-219
xr3.xbias.nbg                     -2.35629e-23
xr3.xbias.xrt.11                  1.22252e-218
xr3.xbias.xrt.21                  1.22252e-218
xr3.xbias.nb                      1.22252e-218
xr3.xbias.xr1.11                  1.22252e-218
xr3.xbias.xr1.21                  1.22252e-218
xr3.xbias.ec                      1.22252e-218
xr3.xbias.xr2.11                 -7.20971e-219
xr3.xbias.xr2.21                 -7.20976e-219
xr3.xbias.er                     -7.20976e-219
xr3.xbias.pb                      -2.35629e-23
xr3.ibias                          1.63467e-70
xr3.xbias.nt                      2.10265e-110
xr3.xbias.n1                     -8.26975e-111
xr3.xbias.n2                     -8.27175e-111
xr3.xbias.nz                     -8.27175e-111
xr3.xbias.xrz.11                 -8.27175e-111
xr3.xbias.xrz.21                 -8.27175e-111
xr3.xbias.ks1                    -4.06598e-209
xr3.xbias.ks2                     6.84262e-209
xr3.xbias.ks3                    -7.44686e-209
xr3.xbias.ks4                     5.68671e-209
xr3.xbias.nkg                    -2.11986e-209
xr3.xbias.nkm                      3.70389e-23
xr3.xbias.tok                      8.98401e-24
xr3.xbias.noko                     1.57086e-23
xr3.xbias.nokl                     2.35634e-23
xr3.xbias.nokx                     3.70377e-23
xr3.bias_ok                       -1.34725e-23
xr3.xtemp.nbg                      -7.4062e-70
xr3.xtemp.enb                     1.20287e-109
xr3.xtemp.pb                       1.52154e-91
xr3.xtemp.pcas                   -2.24368e-121
xr3.xtemp.nt                       3.06736e-22
xr3.xtemp.n1                      -2.63279e-22
xr3.xtemp.na                      -1.97263e-64
xr3.xtemp.n2                      -1.75541e-22
xr3.xtemp.nb                       3.86162e-85
xr3.xtemp.pg                        -1.203e-26
xr3.xtemp.nz                      -1.75541e-22
xr3.xtemp.xrz.11                  -1.75541e-22
xr3.xtemp.xrz.21                  -1.75541e-22
xr3.xtemp.m1d                      7.34899e-64
xr3.xtemp.m2d                     -4.45554e-84
xr3.xtemp.m3d                      -3.4107e-49
xr3.xtemp.nd                      5.17332e-110
xr3.xtemp.nr                       1.34743e-23
xr3.xtemp.nc                       3.86162e-85
xr3.xtemp.xr1.11                   3.86162e-85
xr3.xtemp.xr1.21                   3.86162e-85
xr3.xtemp.xr2f.11                  1.18793e-55
xr3.xtemp.xr2f.21                  1.73378e-56
xr3.xtemp.t5                       1.73307e-56
xr3.xtemp.xr2t5.11                 1.73235e-56
xr3.xtemp.xr2t5.21                 8.53773e-57
xr3.xtemp.t4                       8.53059e-57
xr3.xtemp.xr2t4.11                 8.52344e-57
xr3.xtemp.xr2t4.21                 4.13686e-57
xr3.xtemp.t3                       4.12972e-57
xr3.xtemp.xr2t3.11                 4.12257e-57
xr3.xtemp.xr2t3.21                 1.93559e-57
xr3.xtemp.t2                       1.92845e-57
xr3.xtemp.xr2t2.11                  1.9213e-57
xr3.xtemp.xr2t2.21                 8.34316e-58
xr3.xtemp.t1                       8.27173e-58
xr3.xtemp.xr2t1.11                  8.2003e-58
xr3.xtemp.xr2t1.21                 2.83422e-58
xr3.xtemp.t0                       2.76279e-58
xr3.xtemp.xr2t0.11                 2.69136e-58
xr3.xtemp.xr2t0.21                 7.14298e-60
xr3.xtemp.xriso.11                -1.97263e-64
xr3.xtemp.xriso.21                -1.97263e-64
xr3.xcmp.bias_okb                            0
xr3.xcmp.nbg                      -3.36544e-73
xr3.xcmp.sns                                 0
xr3.xcmp.xrtop.11                            0
xr3.xcmp.xrtop.21                            0
xr3.xcmp.snsb                                0
xr3.xcmp.xrbot.11                            0
xr3.xcmp.xrbot.21                            0
xr3.xcmp.xrhys.11                            0
xr3.xcmp.xrhys.21                            0
xr3.xcmp.n1                       2.50743e-118
xr3.xcmp.tn                       3.96904e-108
xr3.xcmp.na                      -1.30613e-106
xr3.xcmp.cmpo                    -6.87888e-107
xr3.xcmp.vdda                     4.74991e-106
xr3.por_raw                       3.57363e-118
xr3.xpor.pdn                     -1.20558e-177
xr3.xpor.ndl                     -2.83472e-176
xr3.xpor.ndgp                     -9.57698e-65
xr3.xpor.ndg                       4.27539e-44
xr3.xpor.ndgn                     -7.55635e-23
xr3.xpor.pgdg                                0
xr3.xpor.pgdgb                    5.83054e-119
xr3.xpor.nts                     -7.51163e-101
xr3.xpor.tim                      5.89709e-101
xr3.xpor.nd1                     -2.40566e-106
xr3.xpor.trip                    -2.32774e-131
xr3.xpor.rstb                      2.55667e-99
xr3.xpor.nnand                   -1.36854e-100
vddr4                                        0
ptatr4                           -2.82128e-119
ctatr4                            1.41554e-114
resetnr4                         -1.42496e-101
xr4.xbias.na                      1.07211e-233
xr4.xbias.pg                     -2.05715e-114
xr4.xbias.nbtop                   1.19546e-218
xr4.vref                         -7.20895e-219
xr4.xbias.nbg                      2.35629e-23
xr4.xbias.xrt.11                  1.19546e-218
xr4.xbias.xrt.21                  1.19546e-218
xr4.xbias.nb                      1.19546e-218
xr4.xbias.xr1.11                  1.19546e-218
xr4.xbias.xr1.21                  1.19547e-218
xr4.xbias.ec                      1.19547e-218
xr4.xbias.xr2.11                 -7.20895e-219
xr4.xbias.xr2.21                   -7.209e-219
xr4.xbias.er                       -7.209e-219
xr4.xbias.pb                      -2.35629e-23
xr4.ibias                         6.36222e-114
xr4.xbias.nt                      1.99403e-110
xr4.xbias.n1                     -7.84474e-111
xr4.xbias.n2                     -7.82088e-111
xr4.xbias.nz                     -7.82088e-111
xr4.xbias.xrz.11                 -7.82088e-111
xr4.xbias.xrz.21                 -7.82088e-111
xr4.xbias.ks1                    -4.06202e-209
xr4.xbias.ks2                     6.83596e-209
xr4.xbias.ks3                    -7.43961e-209
xr4.xbias.ks4                     5.68118e-209
xr4.xbias.nkg                    -2.11779e-209
xr4.xbias.nkm                      3.70389e-23
xr4.xbias.tok                      8.98401e-24
xr4.xbias.noko                     1.57086e-23
xr4.xbias.nokl                     2.35634e-23
xr4.xbias.nokx                     3.70377e-23
xr4.bias_ok                       -1.34725e-23
xr4.xtemp.nbg                    -2.90059e-113
xr4.xtemp.enb                     8.09239e-104
xr4.xtemp.pb                     -2.92429e-159
xr4.xtemp.pcas                   -2.88287e-197
xr4.xtemp.nt                      -3.06736e-22
xr4.xtemp.n1                       2.63279e-22
xr4.xtemp.na                      1.41554e-114
xr4.xtemp.n2                       1.75541e-22
xr4.xtemp.nb                      -1.88833e-72
xr4.xtemp.pg                         1.203e-26
xr4.xtemp.nz                       1.75541e-22
xr4.xtemp.xrz.11                   1.75541e-22
xr4.xtemp.xrz.21                   1.75541e-22
xr4.xtemp.m1d                    -5.24263e-114
xr4.xtemp.m2d                      2.17889e-71
xr4.xtemp.m3d                     8.09977e-113
xr4.xtemp.nd                      4.98605e-117
xr4.xtemp.nr                     -3.96743e-137
xr4.xtemp.nc                      -1.88833e-72
xr4.xtemp.xr1.11                  -1.88833e-72
xr4.xtemp.xr1.21                  -1.88833e-72
xr4.xtemp.xr2f.11                -2.82111e-119
xr4.xtemp.xr2f.21                -4.11741e-120
xr4.xtemp.t5                     -4.11571e-120
xr4.xtemp.xr2t5.11               -4.11402e-120
xr4.xtemp.xr2t5.21               -2.02755e-120
xr4.xtemp.t4                     -2.02586e-120
xr4.xtemp.xr2t4.11               -2.02416e-120
xr4.xtemp.xr2t4.21               -9.82427e-121
xr4.xtemp.t3                     -9.80731e-121
xr4.xtemp.xr2t3.11               -9.79034e-121
xr4.xtemp.xr2t3.21               -4.59667e-121
xr4.xtemp.t2                     -4.57971e-121
xr4.xtemp.xr2t2.11               -4.56274e-121
xr4.xtemp.xr2t2.21               -1.98135e-121
xr4.xtemp.t1                     -1.96438e-121
xr4.xtemp.xr2t1.11               -1.94742e-121
xr4.xtemp.xr2t1.21               -6.73074e-122
xr4.xtemp.t0                     -6.56111e-122
xr4.xtemp.xr2t0.11               -6.39148e-122
xr4.xtemp.xr2t0.21               -1.69633e-123
xr4.xtemp.xriso.11                1.41554e-114
xr4.xtemp.xriso.21                1.41554e-114
xr4.xcmp.bias_okb                            0
xr4.xcmp.nbg                      5.91163e-119
xr4.xcmp.sns                                 0
xr4.xcmp.xrtop.11                            0
xr4.xcmp.xrtop.21                            0
xr4.xcmp.snsb                                0
xr4.xcmp.xrbot.11                            0
xr4.xcmp.xrbot.21                            0
xr4.xcmp.xrhys.11                            0
xr4.xcmp.xrhys.21                            0
xr4.xcmp.n1                        3.8921e-119
xr4.xcmp.tn                       7.11616e-108
xr4.xcmp.na                      -2.33005e-106
xr4.xcmp.cmpo                    -1.22717e-106
xr4.xcmp.vdda                     8.47436e-106
xr4.por_raw                      -3.08991e-119
xr4.xpor.pdn                     -2.48423e-177
xr4.xpor.ndl                      1.36704e-176
xr4.xpor.ndgp                      9.57698e-65
xr4.xpor.ndg                      -4.27539e-44
xr4.xpor.ndgn                      7.55635e-23
xr4.xpor.pgdg                                0
xr4.xpor.pgdgb                    5.83218e-119
xr4.xpor.nts                     -5.29899e-100
xr4.xpor.tim                      4.15975e-100
xr4.xpor.nd1                      1.02964e-109
xr4.xpor.trip                    -2.10676e-133
xr4.xpor.rstb                      1.19542e-99
xr4.xpor.nnand                   -6.39886e-101
vr4#branch                        -2.33777e-34
vr3#branch                         3.19047e-34
vr2#branch                        -8.91092e-33
vr1#branch                        -4.92027e-35

 Reference value :  0.00000e+00
 Reference value :  7.86788e-07
 Reference value :  8.40953e-07
 Reference value :  1.03354e-06
 Reference value :  2.14732e-06
 Reference value :  2.41244e-06
 Reference value :  2.45859e-06
 Reference value :  2.46309e-06
 Reference value :  2.55693e-06
 Reference value :  3.45806e-06
 Reference value :  4.74458e-06
 Reference value :  4.82808e-06
 Reference value :  4.90777e-06
 Reference value :  6.36917e-06
 Reference value :  7.34442e-06
 Reference value :  7.78842e-06
 Reference value :  8.94180e-06
 Reference value :  1.59723e-05
 Reference value :  1.66852e-05
 Reference value :  1.67250e-05
 Reference value :  1.75923e-05
 Reference value :  1.84271e-05
 Reference value :  1.84569e-05
 Reference value :  1.84988e-05
 Reference value :  1.93575e-05
 Reference value :  2.57215e-05
 Reference value :  3.07342e-05
 Reference value :  3.07706e-05
 Reference value :  3.12965e-05
 Reference value :  3.63000e-05
 Reference value :  4.17286e-05
 Reference value :  4.30705e-05
 Reference value :  4.32214e-05
 Reference value :  4.32404e-05
 Reference value :  4.56237e-05
 Reference value :  9.68809e-05
 Reference value :  1.08312e-04
 Reference value :  1.09022e-04
 Reference value :  1.09052e-04
 Reference value :  1.09055e-04
 Reference value :  1.09055e-04
 Reference value :  1.09060e-04
 Reference value :  1.09762e-04
 Reference value :  1.37202e-04
 Reference value :  1.56513e-04
 Reference value :  1.57134e-04
 Reference value :  1.57141e-04
 Reference value :  1.57333e-04
 Reference value :  1.57730e-04
 Reference value :  1.57741e-04
 Reference value :  1.58908e-04
 Reference value :  1.73308e-04
 Reference value :  1.75810e-04
 Reference value :  1.75859e-04
 Reference value :  1.86813e-04
 Reference value :  8.47419e-04
 Reference value :  8.98302e-04
 Reference value :  9.41786e-04
 Reference value :  5.12187e-03
 Reference value :  1.15171e-02
 Reference value :  1.23953e-02
 Reference value :  1.24842e-02
 Reference value :  1.24856e-02
 Reference value :  1.24857e-02
 Reference value :  1.24858e-02
 Reference value :  1.24862e-02
 Reference value :  1.24876e-02
 Reference value :  1.24881e-02
 Reference value :  1.24881e-02
 Reference value :  1.24894e-02
 Reference value :  1.24897e-02
 Reference value :  1.24911e-02
 Reference value :  1.24913e-02
 Reference value :  1.24927e-02
 Reference value :  1.24928e-02
 Reference value :  1.24940e-02
 Reference value :  1.24945e-02
 Reference value :  1.24965e-02
 Reference value :  1.33476e-02
 Reference value :  1.34119e-02
 Reference value :  1.34147e-02
 Reference value :  1.34153e-02
 Reference value :  1.34153e-02
 Reference value :  1.34153e-02
 Reference value :  1.34153e-02
 Reference value :  1.34153e-02
 Reference value :  1.34153e-02
 Reference value :  1.34155e-02
 Reference value :  1.35023e-02
 Reference value :  1.42748e-02
 Reference value :  1.48390e-02
 Reference value :  1.48941e-02
 Reference value :  1.49442e-02
 Reference value :  1.49447e-02
 Reference value :  1.49448e-02
 Reference value :  1.49448e-02
 Reference value :  1.49453e-02
 Reference value :  1.49454e-02
 Reference value :  1.49456e-02
 Reference value :  1.49558e-02
 Reference value :  1.49695e-02
 Reference value :  1.73290e-02
 Reference value :  2.09579e-02
 Reference value :  2.68329e-02
 Reference value :  2.71336e-02
 Reference value :  2.71610e-02
 Reference value :  2.71621e-02
 Reference value :  2.71623e-02
 Reference value :  2.71623e-02
 Reference value :  2.71627e-02
 Reference value :  2.71641e-02
 Reference value :  2.71644e-02
 Reference value :  2.71645e-02
 Reference value :  2.71658e-02
 Reference value :  2.71660e-02
 Reference value :  2.71674e-02
 Reference value :  2.71677e-02
 Reference value :  2.71691e-02
 Reference value :  2.71692e-02
 Reference value :  2.71706e-02
 Reference value :  2.71709e-02
 Reference value :  2.71716e-02
 Reference value :  2.71750e-02
 Reference value :  2.97908e-02
 Reference value :  3.71829e-02
 Reference value :  7.06829e-02
 Reference value :  1.02325e-01
 Reference value :  1.20671e-01
 Reference value :  1.20915e-01
 Reference value :  1.21020e-01
 Reference value :  1.21025e-01
 Reference value :  1.21025e-01
 Reference value :  1.21027e-01
 Reference value :  1.21045e-01
 Reference value :  1.21046e-01
 Reference value :  1.21050e-01
 Reference value :  1.21114e-01
 Reference value :  1.21583e-01
 Reference value :  1.38993e-01
 Reference value :  1.58743e-01
 Reference value :  1.74493e-01
 Reference value :  2.18243e-01
 Reference value :  2.27493e-01
 Reference value :  2.53743e-01
 Reference value :  2.58951e-01
 Reference value :  2.58970e-01
 Reference value :  2.58975e-01
 Reference value :  2.58977e-01
 Reference value :  2.58977e-01
 Reference value :  2.58983e-01
 Reference value :  2.58986e-01
 Reference value :  2.58992e-01
 Reference value :  2.58992e-01
 Reference value :  2.58992e-01
 Reference value :  2.59004e-01
 Reference value :  2.65279e-01
 Reference value :  2.67654e-01
 Reference value :  2.68039e-01
 Reference value :  2.68103e-01
 Reference value :  2.68130e-01
 Reference value :  2.68131e-01
 Reference value :  2.68131e-01
 Reference value :  2.68132e-01
 Reference value :  2.68132e-01
 Reference value :  2.68134e-01
 Reference value :  2.68134e-01
 Reference value :  2.68134e-01
 Reference value :  2.68135e-01
 Reference value :  2.68136e-01
 Reference value :  2.68137e-01
 Reference value :  2.68137e-01
 Reference value :  2.68139e-01
 Reference value :  2.68139e-01
 Reference value :  2.68140e-01
 Reference value :  2.68141e-01
 Reference value :  2.68141e-01
 Reference value :  2.68142e-01
 Reference value :  2.68155e-01
 Reference value :  2.69678e-01
 Reference value :  2.73012e-01
 Reference value :  2.76325e-01
 Reference value :  2.82314e-01
 Reference value :  2.92064e-01
 Reference value :  2.95814e-01
 Reference value :  3.03564e-01
 Reference value :  3.11814e-01
 Reference value :  3.17564e-01
 Reference value :  3.23064e-01
 Reference value :  3.50814e-01
 Reference value :  3.54064e-01
 Reference value :  3.70250e-01
 Reference value :  3.77500e-01
 Reference value :  3.89750e-01
 Reference value :  4.33250e-01
 Reference value :  4.37000e-01
 Reference value :  4.42750e-01
 Reference value :  4.99000e-01
 Reference value :  5.56500e-01
 Reference value :  5.72750e-01
 Reference value :  6.04250e-01
 Reference value :  6.22250e-01
 Reference value :  6.42250e-01
 Reference value :  6.54500e-01
 Reference value :  6.60250e-01
 Reference value :  6.95750e-01
 Reference value :  7.07750e-01
 Reference value :  7.35750e-01
 Reference value :  7.54000e-01
 Reference value :  7.59750e-01
 Reference value :  7.83250e-01
 Reference value :  8.11500e-01
 Reference value :  8.29250e-01
 Reference value :  8.42781e-01
 Reference value :  8.47594e-01
 Reference value :  8.75844e-01
 Reference value :  8.77594e-01
 Reference value :  8.84219e-01
 Reference value :  8.97969e-01
 Reference value :  9.17719e-01
 Reference value :  9.23469e-01
 Reference value :  9.30969e-01
 Reference value :  9.48719e-01
 Reference value :  9.55969e-01
 Reference value :  9.59969e-01
 Reference value :  1.00347e+00
 Reference value :  1.02747e+00
 Reference value :  1.04547e+00
 Reference value :  1.05372e+00
 Reference value :  1.08122e+00
 Reference value :  1.14122e+00
 Reference value :  1.19335e+00
 Reference value :  1.19367e+00
 Reference value :  1.19403e+00
 Reference value :  1.19441e+00
 Reference value :  1.19443e+00
 Reference value :  1.19445e+00
 Reference value :  1.19445e+00
 Reference value :  1.19446e+00
 Reference value :  1.19446e+00
 Reference value :  1.19448e+00
 Reference value :  1.19562e+00
 Reference value :  1.21916e+00
 Reference value :  1.29516e+00
 Reference value :  1.38516e+00
 Reference value :  1.47916e+00
 Reference value :  1.57316e+00
 Reference value :  1.68116e+00
 Reference value :  1.78316e+00
 Reference value :  1.87516e+00
 Reference value :  1.97916e+00
 Reference value :  2.08116e+00
 Reference value :  2.17716e+00
 Reference value :  2.27116e+00
 Reference value :  2.35916e+00
 Reference value :  2.45916e+00
 Reference value :  2.55316e+00
 Reference value :  2.58856e+00
 Reference value :  2.58879e+00
 Reference value :  2.58882e+00
 Reference value :  2.58882e+00
 Reference value :  2.58883e+00
 Reference value :  2.58884e+00
 Reference value :  2.58884e+00
 Reference value :  2.58884e+00
 Reference value :  2.58885e+00
 Reference value :  2.58885e+00
 Reference value :  2.58887e+00
 Reference value :  2.59554e+00
 Reference value :  2.59757e+00
 Reference value :  2.59761e+00
 Reference value :  2.59764e+00
 Reference value :  2.59765e+00
 Reference value :  2.59765e+00
 Reference value :  2.59765e+00
 Reference value :  2.59765e+00
 Reference value :  2.59765e+00
 Reference value :  2.59765e+00
 Reference value :  2.59765e+00
 Reference value :  2.59765e+00
 Reference value :  2.59765e+00
 Reference value :  2.59765e+00
 Reference value :  2.59765e+00
 Reference value :  2.59765e+00
 Reference value :  2.59765e+00
 Reference value :  2.59765e+00
 Reference value :  2.59766e+00
 Reference value :  2.59766e+00
 Reference value :  2.59766e+00
 Reference value :  2.61687e+00
 Reference value :  2.71487e+00
 Reference value :  2.81287e+00
 Reference value :  2.91487e+00
 Reference value :  3.01487e+00
 Reference value :  3.11687e+00
 Reference value :  3.21687e+00
 Reference value :  3.31687e+00
 Reference value :  3.41287e+00
 Reference value :  3.51087e+00
 Reference value :  3.60887e+00
 Reference value :  3.69700e+00
No. of Data Rows : 6044
trel1               =  2.59765e+00
trel1_last          =  2.59765e+00
vddrel1             =  2.59765e+00
rst1_at1v           =  1.70095e-09
rst1_at2v           =  5.69779e-10
trel2               =  2.68131e-01
trel2_last          =  2.68131e-01
vddrel2             =  2.68131e+00
rst2_at1v           =  2.38621e-09
rst2_at2v           =  6.92403e-10
trel3               =  1.24857e-02
trel3_last          =  1.24857e-02
vddrel3             =  3.63000e+00
rst3_at1v           =  7.66039e-06
rst3_at2v           =  1.36327e-06
trel4               =  2.71622e-02
trel4_last          =  2.71622e-02
vddrel4             =  3.63000e+00
rst4_at1v           =  8.09352e-05
rst4_at2v           =  1.36417e-05
vref_rel4           =  1.19765e+00
biasok_rel4         =  3.61671e+00
m_vddrel_1vs_v = 2.5976460000e+00
m_vddrel_10vs_v = 2.6813150000e+00
m_vddrel_100kvs_v = 3.6300000000e+00
m_vddrel_1mvs_v = 3.6300000000e+00
m_chatter_1vs_us = 0.0000000000e+00
m_chatter_10vs_us = 0.0000000000e+00
m_chatter_100kvs_us = 0.0000000000e+00
m_chatter_1mvs_us = 0.0000000000e+00
m_resetn_at_1v_1vs_mv = 1.7009500000e-06
m_resetn_at_2v_1vs_mv = 5.6977910000e-07
m_resetn_at_1v_10vs_mv = 2.3862060000e-06
m_resetn_at_2v_10vs_mv = 6.9240250000e-07
m_resetn_at_1v_100kvs_mv = 7.6603870000e-03
m_resetn_at_2v_100kvs_mv = 1.3632650000e-03
m_resetn_at_1v_1mvs_mv = 8.0935160000e-02
m_resetn_at_2v_1mvs_mv = 1.3641720000e-02
m_t_release_1vs_ms = 2.5976460000e+03
m_t_release_10vs_ms = 2.6813150000e+02
m_t_release_100kvs_ms = 1.2485690000e+01
m_t_release_1mvs_ms = 2.7162240000e+01
m_vref_at_rel_1mvs_v = 1.1976460000e+00
m_biasok_at_rel_1mvs_v = 3.6167090000e+00
Note: Simulation executed from .control section 

Warning: m=xx on .subckt line will override multiplier m hierarchy!

