
Note: Compatibility modes selected: hs a


Circuit: * por-ramp-rate @ tt_125c_3.30v -- generated by sim/harness, do not edit

Doing analysis at TEMP = 125.000000 and TNOM = 27.000000

Using SPARSE 1.3 as Direct Linear Solver

Initial Transient Solution
--------------------------

Node                                   Voltage
----                                   -------
vddr1                                        0
ptatr1                            -4.32066e-25
ctatr1                            -7.80418e-19
resetnr1                           1.90162e-18
xr1.xbias.na                       4.81868e-19
xr1.xbias.pg                       1.56412e-18
xr1.xbias.nbtop                   -4.62134e-19
xr1.vref                           9.77529e-19
xr1.xbias.nbg                     -2.05589e-19
xr1.xbias.xrt.11                  -4.62134e-19
xr1.xbias.xrt.21                  -4.62134e-19
xr1.xbias.nb                      -4.62134e-19
xr1.xbias.xr1.11                  -4.62134e-19
xr1.xbias.xr1.21                  -4.62135e-19
xr1.xbias.ec                      -4.62135e-19
xr1.xbias.xr2.11                   9.77529e-19
xr1.xbias.xr2.21                   9.77533e-19
xr1.xbias.er                       9.77533e-19
xr1.xbias.pb                       1.46765e-19
xr1.ibias                          1.22158e-18
xr1.xbias.nt                      -2.75695e-19
xr1.xbias.n1                       1.60837e-18
xr1.xbias.n2                       1.61369e-18
xr1.xbias.nz                       1.61369e-18
xr1.xbias.xrz.11                   1.61369e-18
xr1.xbias.xrz.21                   1.61369e-18
xr1.xbias.ks1                      7.59195e-19
xr1.xbias.ks2                     -1.29297e-18
xr1.xbias.ks3                      7.32571e-19
xr1.xbias.ks4                     -2.24052e-19
xr1.xbias.nkg                      1.52171e-18
xr1.xbias.nkm                      1.14408e-18
xr1.xbias.tok                     -6.66707e-20
xr1.xbias.noko                     1.73883e-18
xr1.xbias.nokl                     1.36273e-18
xr1.xbias.nokx                     -1.3034e-18
xr1.bias_ok                        4.70622e-19
xr1.xtemp.nbg                      4.85411e-19
xr1.xtemp.enb                      2.35201e-18
xr1.xtemp.pb                       1.22988e-23
xr1.xtemp.pcas                     6.72709e-41
xr1.xtemp.nt                      -1.76473e-18
xr1.xtemp.n1                      -1.66508e-18
xr1.xtemp.na                      -7.80418e-19
xr1.xtemp.n2                      -2.18245e-18
xr1.xtemp.nb                      -1.22011e-19
xr1.xtemp.pg                      -1.38989e-20
xr1.xtemp.nz                      -2.18245e-18
xr1.xtemp.xrz.11                  -2.18245e-18
xr1.xtemp.xrz.21                  -2.18245e-18
xr1.xtemp.m1d                      -3.4955e-19
xr1.xtemp.m2d                      -1.7964e-19
xr1.xtemp.m3d                      8.11332e-19
xr1.xtemp.nd                      -2.81173e-18
xr1.xtemp.nr                      -7.42495e-19
xr1.xtemp.nc                      -1.22011e-19
xr1.xtemp.xr1.11                  -1.22011e-19
xr1.xtemp.xr1.21                  -1.22011e-19
xr1.xtemp.xr2f.11                 -4.32045e-25
xr1.xtemp.xr2f.21                 -6.29972e-26
xr1.xtemp.t5                      -6.29766e-26
xr1.xtemp.xr2t5.11                 -6.2956e-26
xr1.xtemp.xr2t5.21                -3.09971e-26
xr1.xtemp.t4                      -3.09765e-26
xr1.xtemp.xr2t4.11                -3.09559e-26
xr1.xtemp.xr2t4.21                -1.49994e-26
xr1.xtemp.t3                      -1.49789e-26
xr1.xtemp.xr2t3.11                -1.49583e-26
xr1.xtemp.xr2t3.21                -7.00301e-27
xr1.xtemp.t2                      -6.98243e-27
xr1.xtemp.xr2t2.11                -6.96185e-27
xr1.xtemp.xr2t2.21                -3.00786e-27
xr1.xtemp.t1                      -2.98728e-27
xr1.xtemp.xr2t1.11                 -2.9667e-27
xr1.xtemp.xr2t1.21                -1.01476e-27
xr1.xtemp.t0                      -9.94176e-28
xr1.xtemp.xr2t0.11                -9.73595e-28
xr1.xtemp.xr2t0.21                -2.05811e-29
xr1.xtemp.xriso.11                -7.80418e-19
xr1.xtemp.xriso.21                -7.80418e-19
xr1.xcmp.bias_okb                 -1.53309e-18
xr1.xcmp.nbg                       9.63635e-19
xr1.xcmp.sns                                 0
xr1.xcmp.xrtop.11                            0
xr1.xcmp.xrtop.21                            0
xr1.xcmp.snsb                                0
xr1.xcmp.xrbot.11                            0
xr1.xcmp.xrbot.21                            0
xr1.xcmp.xrhys.11                            0
xr1.xcmp.xrhys.21                            0
xr1.xcmp.n1                        3.00783e-18
xr1.xcmp.tn                        1.74574e-18
xr1.xcmp.na                        1.06282e-18
xr1.xcmp.cmpo                     -6.09217e-19
xr1.xcmp.vdda                      3.69417e-19
xr1.por_raw                       -7.94144e-19
xr1.xpor.pdn                        2.3426e-22
xr1.xpor.ndl                       4.46934e-37
xr1.xpor.ndgp                      3.63124e-19
xr1.xpor.ndg                       2.34412e-18
xr1.xpor.ndgn                      -2.6445e-19
xr1.xpor.pgdg                     -4.93169e-18
xr1.xpor.pgdgb                    -1.65972e-18
xr1.xpor.nts                       2.93383e-19
xr1.xpor.tim                       1.60797e-19
xr1.xpor.nd1                      -2.77676e-19
xr1.xpor.trip                      8.32419e-20
xr1.xpor.rstb                     -1.53278e-18
xr1.xpor.nnand                    -1.37862e-18
vddr2                                        0
ptatr2                             -7.7294e-25
ctatr2                            -8.27697e-19
resetnr2                           7.78878e-20
xr2.xbias.na                       1.61177e-19
xr2.xbias.pg                       1.54611e-18
xr2.xbias.nbtop                     9.3315e-19
xr2.vref                           9.67968e-19
xr2.xbias.nbg                     -4.25367e-20
xr2.xbias.xrt.11                    9.3315e-19
xr2.xbias.xrt.21                    9.3315e-19
xr2.xbias.nb                        9.3315e-19
xr2.xbias.xr1.11                    9.3315e-19
xr2.xbias.xr1.21                    9.3315e-19
xr2.xbias.ec                        9.3315e-19
xr2.xbias.xr2.11                   9.67968e-19
xr2.xbias.xr2.21                   9.67971e-19
xr2.xbias.er                       9.67971e-19
xr2.xbias.pb                      -2.70341e-19
xr2.ibias                         -2.25719e-19
xr2.xbias.nt                      -5.63371e-19
xr2.xbias.n1                       1.48544e-18
xr2.xbias.n2                       1.53859e-18
xr2.xbias.nz                       1.53859e-18
xr2.xbias.xrz.11                   1.53859e-18
xr2.xbias.xrz.21                   1.53859e-18
xr2.xbias.ks1                      3.78897e-19
xr2.xbias.ks2                     -3.13059e-19
xr2.xbias.ks3                      2.82911e-19
xr2.xbias.ks4                      9.01984e-20
xr2.xbias.nkg                     -9.80996e-19
xr2.xbias.nkm                     -1.94252e-19
xr2.xbias.tok                      4.12282e-20
xr2.xbias.noko                     1.46581e-18
xr2.xbias.nokl                    -5.18035e-19
xr2.xbias.nokx                     1.31594e-18
xr2.bias_ok                       -2.60591e-18
xr2.xtemp.nbg                      5.21713e-18
xr2.xtemp.enb                     -7.55415e-19
xr2.xtemp.pb                       6.00117e-25
xr2.xtemp.pcas                     6.43591e-41
xr2.xtemp.nt                      -1.37428e-18
xr2.xtemp.n1                      -1.23765e-18
xr2.xtemp.na                      -8.27697e-19
xr2.xtemp.n2                      -1.44827e-18
xr2.xtemp.nb                       9.49235e-19
xr2.xtemp.pg                       1.28667e-20
xr2.xtemp.nz                      -1.44827e-18
xr2.xtemp.xrz.11                  -1.44827e-18
xr2.xtemp.xrz.21                  -1.44827e-18
xr2.xtemp.m1d                     -4.88551e-19
xr2.xtemp.m2d                     -2.44431e-19
xr2.xtemp.m3d                      1.45142e-18
xr2.xtemp.nd                      -1.12541e-18
xr2.xtemp.nr                       7.29378e-20
xr2.xtemp.nc                       9.49235e-19
xr2.xtemp.xr1.11                   9.49235e-19
xr2.xtemp.xr1.21                   9.49235e-19
xr2.xtemp.xr2f.11                 -7.72903e-25
xr2.xtemp.xr2f.21                 -1.12698e-25
xr2.xtemp.t5                      -1.12661e-25
xr2.xtemp.xr2t5.11                -1.12625e-25
xr2.xtemp.xr2t5.21                 -5.5452e-26
xr2.xtemp.t4                      -5.54152e-26
xr2.xtemp.xr2t4.11                -5.53783e-26
xr2.xtemp.xr2t4.21                -2.68331e-26
xr2.xtemp.t3                      -2.67963e-26
xr2.xtemp.xr2t3.11                -2.67595e-26
xr2.xtemp.xr2t3.21                 -1.2528e-26
xr2.xtemp.t2                      -1.24912e-26
xr2.xtemp.xr2t2.11                -1.24543e-26
xr2.xtemp.xr2t2.21                -5.38089e-27
xr2.xtemp.t1                      -5.34407e-27
xr2.xtemp.xr2t1.11                -5.30726e-27
xr2.xtemp.xr2t1.21                -1.81534e-27
xr2.xtemp.t0                      -1.77852e-27
xr2.xtemp.xr2t0.11                 -1.7417e-27
xr2.xtemp.xr2t0.21                -3.68183e-29
xr2.xtemp.xriso.11                -8.27697e-19
xr2.xtemp.xriso.21                -8.27697e-19
xr2.xcmp.bias_okb                  -1.6059e-18
xr2.xcmp.nbg                       7.29645e-18
xr2.xcmp.sns                                 0
xr2.xcmp.xrtop.11                            0
xr2.xcmp.xrtop.21                            0
xr2.xcmp.snsb                                0
xr2.xcmp.xrbot.11                            0
xr2.xcmp.xrbot.21                            0
xr2.xcmp.xrhys.11                            0
xr2.xcmp.xrhys.21                            0
xr2.xcmp.n1                       -1.85858e-18
xr2.xcmp.tn                        3.44943e-18
xr2.xcmp.na                        2.47303e-18
xr2.xcmp.cmpo                      1.74826e-18
xr2.xcmp.vdda                      1.13312e-18
xr2.por_raw                       -9.32958e-19
xr2.xpor.pdn                        5.8602e-23
xr2.xpor.ndl                       5.20353e-37
xr2.xpor.ndgp                       2.0284e-18
xr2.xpor.ndg                       3.14545e-18
xr2.xpor.ndgn                       -6.571e-20
xr2.xpor.pgdg                      2.85489e-18
xr2.xpor.pgdgb                    -1.11428e-18
xr2.xpor.nts                      -3.65174e-19
xr2.xpor.tim                       3.98442e-19
xr2.xpor.nd1                      -3.72655e-19
xr2.xpor.trip                     -2.42799e-20
xr2.xpor.rstb                     -1.67342e-18
xr2.xpor.nnand                    -4.28042e-19
vddr3                                        0
ptatr3                            -4.97433e-25
ctatr3                            -1.13586e-18
resetnr3                           2.97547e-18
xr3.xbias.na                      -5.01372e-19
xr3.xbias.pg                      -3.82512e-19
xr3.xbias.nbtop                   -5.76691e-19
xr3.vref                           1.23966e-18
xr3.xbias.nbg                      1.07473e-18
xr3.xbias.xrt.11                  -5.76691e-19
xr3.xbias.xrt.21                  -5.76691e-19
xr3.xbias.nb                      -5.76691e-19
xr3.xbias.xr1.11                  -5.76691e-19
xr3.xbias.xr1.21                  -5.76692e-19
xr3.xbias.ec                      -5.76692e-19
xr3.xbias.xr2.11                   1.23966e-18
xr3.xbias.xr2.21                   1.23966e-18
xr3.xbias.er                       1.23966e-18
xr3.xbias.pb                      -1.23114e-18
xr3.ibias                         -2.99237e-19
xr3.xbias.nt                      -5.60665e-19
xr3.xbias.n1                       1.47269e-18
xr3.xbias.n2                        1.4057e-18
xr3.xbias.nz                        1.4057e-18
xr3.xbias.xrz.11                    1.4057e-18
xr3.xbias.xrz.21                    1.4057e-18
xr3.xbias.ks1                      -4.9536e-19
xr3.xbias.ks2                         7.18e-19
xr3.xbias.ks3                     -8.18217e-19
xr3.xbias.ks4                      5.73538e-19
xr3.xbias.nkg                      1.65821e-18
xr3.xbias.nkm                     -1.13851e-18
xr3.xbias.tok                      1.31805e-19
xr3.xbias.noko                     3.50591e-19
xr3.xbias.nokl                     1.85726e-19
xr3.xbias.nokx                      5.7867e-19
xr3.bias_ok                       -2.89637e-18
xr3.xtemp.nbg                      1.18512e-18
xr3.xtemp.enb                      2.36731e-18
xr3.xtemp.pb                       1.23766e-23
xr3.xtemp.pcas                     6.17207e-41
xr3.xtemp.nt                        6.1556e-19
xr3.xtemp.n1                       4.14163e-19
xr3.xtemp.na                      -1.13586e-18
xr3.xtemp.n2                       1.02724e-18
xr3.xtemp.nb                       2.82912e-20
xr3.xtemp.pg                       2.34264e-20
xr3.xtemp.nz                       1.02724e-18
xr3.xtemp.xrz.11                   1.02724e-18
xr3.xtemp.xrz.21                   1.02724e-18
xr3.xtemp.m1d                     -5.69704e-19
xr3.xtemp.m2d                     -1.08177e-19
xr3.xtemp.m3d                      9.34079e-19
xr3.xtemp.nd                       3.23799e-19
xr3.xtemp.nr                       6.31143e-19
xr3.xtemp.nc                       2.82912e-20
xr3.xtemp.xr1.11                   2.82912e-20
xr3.xtemp.xr1.21                   2.82912e-20
xr3.xtemp.xr2f.11                  -4.9741e-25
xr3.xtemp.xr2f.21                 -7.25281e-26
xr3.xtemp.t5                      -7.25044e-26
xr3.xtemp.xr2t5.11                -7.24807e-26
xr3.xtemp.xr2t5.21                -3.56867e-26
xr3.xtemp.t4                       -3.5663e-26
xr3.xtemp.xr2t4.11                -3.56393e-26
xr3.xtemp.xr2t4.21                -1.72687e-26
xr3.xtemp.t3                       -1.7245e-26
xr3.xtemp.xr2t3.11                -1.72213e-26
xr3.xtemp.xr2t3.21                 -8.0625e-27
xr3.xtemp.t2                       -8.0388e-27
xr3.xtemp.xr2t2.11                -8.01511e-27
xr3.xtemp.xr2t2.21                -3.46293e-27
xr3.xtemp.t1                      -3.43923e-27
xr3.xtemp.xr2t1.11                -3.41554e-27
xr3.xtemp.xr2t1.21                -1.16828e-27
xr3.xtemp.t0                      -1.14459e-27
xr3.xtemp.xr2t0.11                -1.12089e-27
xr3.xtemp.xr2t0.21                -2.36948e-29
xr3.xtemp.xriso.11                -1.13586e-18
xr3.xtemp.xriso.21                -1.13586e-18
xr3.xcmp.bias_okb                  8.19747e-19
xr3.xcmp.nbg                      -4.09164e-18
xr3.xcmp.sns                                 0
xr3.xcmp.xrtop.11                            0
xr3.xcmp.xrtop.21                            0
xr3.xcmp.snsb                                0
xr3.xcmp.xrbot.11                            0
xr3.xcmp.xrbot.21                            0
xr3.xcmp.xrhys.11                            0
xr3.xcmp.xrhys.21                            0
xr3.xcmp.n1                       -1.65997e-18
xr3.xcmp.tn                       -1.35413e-18
xr3.xcmp.na                       -1.35989e-18
xr3.xcmp.cmpo                     -1.36577e-18
xr3.xcmp.vdda                       2.6523e-20
xr3.por_raw                        2.76475e-18
xr3.xpor.pdn                        2.0615e-23
xr3.xpor.ndl                       2.06484e-37
xr3.xpor.ndgp                     -5.38625e-19
xr3.xpor.ndg                      -2.97365e-18
xr3.xpor.ndgn                     -7.49718e-19
xr3.xpor.pgdg                     -1.77473e-18
xr3.xpor.pgdgb                    -9.52509e-19
xr3.xpor.nts                      -4.44264e-19
xr3.xpor.tim                       2.93207e-19
xr3.xpor.nd1                       3.76483e-19
xr3.xpor.trip                     -3.49252e-22
xr3.xpor.rstb                      2.48422e-18
xr3.xpor.nnand                    -9.75959e-19
vddr4                                        0
ptatr4                             1.28775e-25
ctatr4                             1.07146e-18
resetnr4                           1.92992e-18
xr4.xbias.na                       1.03729e-18
xr4.xbias.pg                       1.43386e-18
xr4.xbias.nbtop                    2.19484e-18
xr4.vref                           1.46406e-18
xr4.xbias.nbg                     -2.56428e-19
xr4.xbias.xrt.11                   2.19484e-18
xr4.xbias.xrt.21                   2.19484e-18
xr4.xbias.nb                       2.19484e-18
xr4.xbias.xr1.11                   2.19484e-18
xr4.xbias.xr1.21                   2.19484e-18
xr4.xbias.ec                       2.19484e-18
xr4.xbias.xr2.11                   1.46406e-18
xr4.xbias.xr2.21                   1.46407e-18
xr4.xbias.er                       1.46407e-18
xr4.xbias.pb                      -1.12738e-18
xr4.ibias                         -3.78835e-18
xr4.xbias.nt                       5.59773e-19
xr4.xbias.n1                      -2.82399e-19
xr4.xbias.n2                       1.52138e-18
xr4.xbias.nz                       1.52138e-18
xr4.xbias.xrz.11                   1.52138e-18
xr4.xbias.xrz.21                   1.52138e-18
xr4.xbias.ks1                     -1.55319e-19
xr4.xbias.ks2                     -8.98857e-20
xr4.xbias.ks3                      1.10897e-19
xr4.xbias.ks4                      1.43995e-19
xr4.xbias.nkg                      3.46851e-19
xr4.xbias.nkm                     -3.11294e-19
xr4.xbias.tok                     -1.75422e-20
xr4.xbias.noko                    -8.52432e-19
xr4.xbias.nokl                      1.5821e-18
xr4.xbias.nokx                     7.27806e-19
xr4.bias_ok                        1.79652e-18
xr4.xtemp.nbg                      -6.3683e-18
xr4.xtemp.enb                      1.72332e-18
xr4.xtemp.pb                        1.0327e-24
xr4.xtemp.pcas                      6.2447e-41
xr4.xtemp.nt                      -7.47236e-19
xr4.xtemp.n1                      -8.44117e-19
xr4.xtemp.na                       1.07146e-18
xr4.xtemp.n2                      -3.82166e-19
xr4.xtemp.nb                       2.94151e-18
xr4.xtemp.pg                       1.78504e-20
xr4.xtemp.nz                      -3.82166e-19
xr4.xtemp.xrz.11                  -3.82166e-19
xr4.xtemp.xrz.21                  -3.82166e-19
xr4.xtemp.m1d                      9.98708e-19
xr4.xtemp.m2d                     -1.77391e-19
xr4.xtemp.m3d                     -2.41813e-19
xr4.xtemp.nd                      -2.63153e-18
xr4.xtemp.nr                       1.19322e-18
xr4.xtemp.nc                       2.94151e-18
xr4.xtemp.xr1.11                   2.94151e-18
xr4.xtemp.xr1.21                   2.94151e-18
xr4.xtemp.xr2f.11                  1.28769e-25
xr4.xtemp.xr2f.21                   1.8776e-26
xr4.xtemp.t5                       1.87698e-26
xr4.xtemp.xr2t5.11                 1.87637e-26
xr4.xtemp.xr2t5.21                 9.23851e-27
xr4.xtemp.t4                       9.23238e-27
xr4.xtemp.xr2t4.11                 9.22624e-27
xr4.xtemp.xr2t4.21                  4.4705e-27
xr4.xtemp.t3                       4.46437e-27
xr4.xtemp.xr2t3.11                 4.45823e-27
xr4.xtemp.xr2t3.21                 2.08721e-27
xr4.xtemp.t2                       2.08107e-27
xr4.xtemp.xr2t2.11                 2.07494e-27
xr4.xtemp.xr2t2.21                 8.96477e-28
xr4.xtemp.t1                       8.90343e-28
xr4.xtemp.xr2t1.11                 8.84209e-28
xr4.xtemp.xr2t1.21                 3.02443e-28
xr4.xtemp.t0                       2.96309e-28
xr4.xtemp.xr2t0.11                 2.90175e-28
xr4.xtemp.xr2t0.21                 6.13407e-30
xr4.xtemp.xriso.11                 1.07146e-18
xr4.xtemp.xriso.21                 1.07146e-18
xr4.xcmp.bias_okb                  1.44335e-18
xr4.xcmp.nbg                      -3.80539e-18
xr4.xcmp.sns                                 0
xr4.xcmp.xrtop.11                            0
xr4.xcmp.xrtop.21                            0
xr4.xcmp.snsb                                0
xr4.xcmp.xrbot.11                            0
xr4.xcmp.xrbot.21                            0
xr4.xcmp.xrhys.11                            0
xr4.xcmp.xrhys.21                            0
xr4.xcmp.n1                        1.54222e-18
xr4.xcmp.tn                        3.11879e-18
xr4.xcmp.na                        2.72593e-18
xr4.xcmp.cmpo                      2.33678e-19
xr4.xcmp.vdda                     -1.78654e-18
xr4.por_raw                        2.29699e-18
xr4.xpor.pdn                       3.10934e-22
xr4.xpor.ndl                      -2.20711e-37
xr4.xpor.ndgp                     -2.04521e-21
xr4.xpor.ndg                      -1.51454e-18
xr4.xpor.ndgn                     -8.19524e-19
xr4.xpor.pgdg                     -2.82473e-18
xr4.xpor.pgdgb                     4.06569e-19
xr4.xpor.nts                       8.81362e-19
xr4.xpor.tim                       1.35098e-18
xr4.xpor.nd1                      -5.36239e-19
xr4.xpor.trip                       1.0333e-21
xr4.xpor.rstb                     -5.33301e-19
xr4.xpor.nnand                    -2.33127e-18
vr4#branch                         2.34327e-28
vr3#branch                        -3.46104e-28
vr2#branch                          4.2766e-28
vr1#branch                         6.12358e-28

 Reference value :  0.00000e+00
 Reference value :  5.99686e-07
 Reference value :  7.56868e-07
 Reference value :  1.44931e-06
 Reference value :  2.08285e-06
 Reference value :  2.16002e-06
 Reference value :  2.16529e-06
 Reference value :  2.32801e-06
 Reference value :  3.10014e-06
 Reference value :  4.08271e-06
 Reference value :  4.11989e-06
 Reference value :  4.29977e-06
 Reference value :  5.06819e-06
 Reference value :  6.99115e-06
 Reference value :  1.09567e-05
 Reference value :  1.10496e-05
 Reference value :  1.11045e-05
 Reference value :  1.36545e-05
 Reference value :  1.45015e-05
 Reference value :  1.46525e-05
 Reference value :  1.46597e-05
 Reference value :  1.51349e-05
 Reference value :  2.32299e-05
 Reference value :  2.38191e-05
 Reference value :  2.38471e-05
 Reference value :  2.46231e-05
 Reference value :  2.98735e-05
 Reference value :  3.86698e-05
 Reference value :  3.91108e-05
 Reference value :  3.92556e-05
 Reference value :  3.92824e-05
 Reference value :  4.14777e-05
 Reference value :  4.70280e-05
 Reference value :  4.71221e-05
 Reference value :  4.71331e-05
 Reference value :  4.71341e-05
 Reference value :  4.71402e-05
 Reference value :  4.73271e-05
 Reference value :  5.01333e-05
 Reference value :  5.05395e-05
 Reference value :  5.05835e-05
 Reference value :  5.51847e-05
 Reference value :  6.82385e-05
 Reference value :  8.45203e-05
 Reference value :  8.67902e-05
 Reference value :  8.68416e-05
 Reference value :  8.68462e-05
 Reference value :  8.68492e-05
 Reference value :  8.69030e-05
 Reference value :  8.85213e-05
 Reference value :  1.00194e-04
 Reference value :  1.00623e-04
 Reference value :  1.01100e-04
 Reference value :  1.06526e-04
 Reference value :  3.07299e-03
 Reference value :  3.82299e-03
 Reference value :  4.69799e-03
 Reference value :  5.94799e-03
 Reference value :  6.57299e-03
 Reference value :  7.33861e-03
 Reference value :  7.45677e-03
 Reference value :  7.47303e-03
 Reference value :  7.47433e-03
 Reference value :  7.47449e-03
 Reference value :  7.47455e-03
 Reference value :  7.47514e-03
 Reference value :  7.47560e-03
 Reference value :  7.47565e-03
 Reference value :  7.47598e-03
 Reference value :  7.47655e-03
 Reference value :  7.47678e-03
 Reference value :  7.48060e-03
 Reference value :  7.51630e-03
 Reference value :  7.52422e-03
 Reference value :  7.52456e-03
 Reference value :  7.52470e-03
 Reference value :  7.52489e-03
 Reference value :  7.52562e-03
 Reference value :  7.52581e-03
 Reference value :  7.52586e-03
 Reference value :  7.52660e-03
 Reference value :  7.52677e-03
 Reference value :  7.52754e-03
 Reference value :  7.53979e-03
 Reference value :  3.08731e-02
 Reference value :  6.91231e-02
 Reference value :  6.97003e-02
 Reference value :  6.97640e-02
 Reference value :  6.98273e-02
 Reference value :  6.98340e-02
 Reference value :  6.98349e-02
 Reference value :  6.98355e-02
 Reference value :  6.98374e-02
 Reference value :  6.98483e-02
 Reference value :  6.98504e-02
 Reference value :  6.98545e-02
 Reference value :  7.16080e-02
 Reference value :  1.22057e-01
 Reference value :  1.68307e-01
 Reference value :  1.69182e-01
 Reference value :  2.38682e-01
 Reference value :  2.56932e-01
 Reference value :  2.58595e-01
 Reference value :  2.58620e-01
 Reference value :  2.58623e-01
 Reference value :  2.58632e-01
 Reference value :  2.58633e-01
 Reference value :  2.58633e-01
 Reference value :  2.58638e-01
 Reference value :  2.59924e-01
 Reference value :  2.64122e-01
 Reference value :  2.64341e-01
 Reference value :  2.64419e-01
 Reference value :  2.64515e-01
 Reference value :  2.64532e-01
 Reference value :  2.64532e-01
 Reference value :  2.64533e-01
 Reference value :  2.64533e-01
 Reference value :  2.64534e-01
 Reference value :  2.64534e-01
 Reference value :  2.64534e-01
 Reference value :  2.64535e-01
 Reference value :  2.64535e-01
 Reference value :  2.64537e-01
 Reference value :  2.65867e-01
 Reference value :  3.31400e-01
 Reference value :  3.89000e-01
 Reference value :  4.79000e-01
 Reference value :  5.51000e-01
 Reference value :  6.26809e-01
 Reference value :  6.90809e-01
 Reference value :  6.94974e-01
 Reference value :  6.95064e-01
 Reference value :  6.95066e-01
 Reference value :  6.95084e-01
 Reference value :  6.95086e-01
 Reference value :  6.95087e-01
 Reference value :  6.95091e-01
 Reference value :  6.95107e-01
 Reference value :  7.06571e-01
 Reference value :  7.98071e-01
 Reference value :  9.34321e-01
 Reference value :  9.37571e-01
 Reference value :  1.02357e+00
 Reference value :  1.10782e+00
 Reference value :  1.11157e+00
 Reference value :  1.13932e+00
 Reference value :  1.14107e+00
 Reference value :  1.22657e+00
 Reference value :  1.24682e+00
 Reference value :  1.30257e+00
 Reference value :  1.30320e+00
 Reference value :  1.30407e+00
 Reference value :  1.30495e+00
 Reference value :  1.30582e+00
 Reference value :  1.37157e+00
 Reference value :  1.42182e+00
 Reference value :  1.49332e+00
 Reference value :  1.53957e+00
 Reference value :  1.54482e+00
 Reference value :  1.59907e+00
 Reference value :  1.60282e+00
 Reference value :  1.60432e+00
 Reference value :  1.60607e+00
 Reference value :  1.66182e+00
 Reference value :  1.66407e+00
 Reference value :  1.72982e+00
 Reference value :  1.73132e+00
 Reference value :  1.73220e+00
 Reference value :  1.73482e+00
 Reference value :  1.79682e+00
 Reference value :  1.80457e+00
 Reference value :  1.89257e+00
 Reference value :  1.93282e+00
 Reference value :  1.93457e+00
 Reference value :  1.93632e+00
 Reference value :  1.93807e+00
 Reference value :  1.98957e+00
 Reference value :  2.03582e+00
 Reference value :  2.12532e+00
 Reference value :  2.14357e+00
 Reference value :  2.14595e+00
 Reference value :  2.14970e+00
 Reference value :  2.18170e+00
 Reference value :  2.27570e+00
 Reference value :  2.31770e+00
 Reference value :  2.37970e+00
 Reference value :  2.42370e+00
 Reference value :  2.49970e+00
 Reference value :  2.52970e+00
 Reference value :  2.53770e+00
 Reference value :  2.58438e+00
 Reference value :  2.58540e+00
 Reference value :  2.58549e+00
 Reference value :  2.58550e+00
 Reference value :  2.58551e+00
 Reference value :  2.58551e+00
 Reference value :  2.58552e+00
 Reference value :  2.58553e+00
 Reference value :  2.58553e+00
 Reference value :  2.58788e+00
 Reference value :  2.58962e+00
 Reference value :  2.59114e+00
 Reference value :  2.59122e+00
 Reference value :  2.59126e+00
 Reference value :  2.59127e+00
 Reference value :  2.59128e+00
 Reference value :  2.59128e+00
 Reference value :  2.59128e+00
 Reference value :  2.59128e+00
 Reference value :  2.59128e+00
 Reference value :  2.59128e+00
 Reference value :  2.59128e+00
 Reference value :  2.59128e+00
 Reference value :  2.59128e+00
 Reference value :  2.59368e+00
 Reference value :  2.67686e+00
 Reference value :  2.77286e+00
 Reference value :  2.86886e+00
 Reference value :  2.96686e+00
 Reference value :  3.06286e+00
 Reference value :  3.15886e+00
 Reference value :  3.25486e+00
 Reference value :  3.34300e+00
 Reference value :  3.43900e+00
 Reference value :  3.53900e+00
 Reference value :  3.63100e+00
No. of Data Rows : 4664
trel1               =  2.59128e+00
trel1_last          =  2.59128e+00
vddrel1             =  2.59128e+00
rst1_at1v           =  1.82526e-09
rst1_at2v           =  1.07897e-09
trel2               =  2.64532e-01
trel2_last          =  2.64532e-01
vddrel2             =  2.64532e+00
rst2_at1v           =  2.36861e-09
rst2_at2v           =  1.27284e-09
trel3               =  7.47443e-03
trel3_last          =  7.47443e-03
vddrel3             =  3.30000e+00
rst3_at1v           =  6.05147e-06
rst3_at2v           =  2.15546e-06
trel4               =  7.52461e-03
trel4_last          =  7.52461e-03
vddrel4             =  3.30000e+00
rst4_at1v           =  6.16314e-05
rst4_at2v           =  2.16356e-05
vref_rel4           =  1.19764e+00
biasok_rel4         =  3.29995e+00
m_vddrel_1vs_v = 2.5912760000e+00
m_vddrel_10vs_v = 2.6453250000e+00
m_vddrel_100kvs_v = 3.3000000000e+00
m_vddrel_1mvs_v = 3.3000000000e+00
m_chatter_1vs_us = 0.0000000000e+00
m_chatter_10vs_us = 0.0000000000e+00
m_chatter_100kvs_us = 0.0000000000e+00
m_chatter_1mvs_us = 0.0000000000e+00
m_resetn_at_1v_1vs_mv = 1.8252590000e-06
m_resetn_at_2v_1vs_mv = 1.0789720000e-06
m_resetn_at_1v_10vs_mv = 2.3686070000e-06
m_resetn_at_2v_10vs_mv = 1.2728360000e-06
m_resetn_at_1v_100kvs_mv = 6.0514730000e-03
m_resetn_at_2v_100kvs_mv = 2.1554650000e-03
m_resetn_at_1v_1mvs_mv = 6.1631370000e-02
m_resetn_at_2v_1mvs_mv = 2.1635580000e-02
m_t_release_1vs_ms = 2.5912760000e+03
m_t_release_10vs_ms = 2.6453250000e+02
m_t_release_100kvs_ms = 7.4744290000e+00
m_t_release_1mvs_ms = 7.5246100000e+00
m_vref_at_rel_1mvs_v = 1.1976400000e+00
m_biasok_at_rel_1mvs_v = 3.2999480000e+00
Note: Simulation executed from .control section 

Warning: m=xx on .subckt line will override multiplier m hierarchy!

