
Note: Compatibility modes selected: hs a


Circuit: * por-output-chain-deglitch @ res_ss_125c_2.97v -- generated by sim/harness, do not edit

Doing analysis at TEMP = 125.000000 and TNOM = 27.000000

Using SPARSE 1.3 as Direct Linear Solver

Initial Transient Solution
--------------------------

Node                                   Voltage
----                                   -------
vdd                                          0
por_raw                                      0
nib1                               4.45633e-19
ibias1                             4.45633e-19
nib2                               4.45633e-19
ibias2                             4.45633e-19
vdd1                                         0
vdd2                                         0
resetn1                           -3.39949e-18
resetn2                            5.61627e-18
xdut1.pdn                          1.62347e-19
xdut1.ndl                         -6.30912e-30
xdut1.ndgp                         1.40663e-18
xdut1.ndg                         -1.20987e-18
xdut1.ndgn                         6.79298e-20
xdut1.pgdg                         4.59233e-18
xdut1.pgdgb                       -5.12041e-19
xdut1.nts                         -6.43141e-19
xdut1.tim                          -5.5104e-19
xdut1.nd1                          5.52971e-19
xdut1.trip                         1.04442e-18
xdut1.rstb                        -1.11793e-18
xdut1.nnand                       -3.29118e-19
xdut2.pdn                          1.62347e-19
xdut2.ndl                         -6.30912e-30
xdut2.ndgp                         1.47807e-18
xdut2.ndg                         -7.23936e-19
xdut2.ndgn                        -2.32681e-18
xdut2.pgdg                          -4.802e-19
xdut2.pgdgb                       -1.52894e-19
xdut2.nts                          6.72905e-22
xdut2.tim                           2.3721e-18
xdut2.nd1                          8.20153e-19
xdut2.trip                          3.9414e-18
xdut2.rstb                         3.83683e-19
xdut2.nnand                        1.66872e-18
vd2#branch                         7.83827e-30
vd1#branch                         1.19805e-28
vib2#branch                                  0
vib1#branch                                  0
vpr#branch                                   0
vsup#branch                       -1.27643e-28

 Reference value :  0.00000e+00
 Reference value :  8.92604e-05
 Reference value :  3.09485e-04
 Reference value :  7.37093e-04
 Reference value :  1.09993e-03
 Reference value :  1.20104e-03
 Reference value :  2.09554e-03
 Reference value :  3.46354e-03
 Reference value :  4.73354e-03
 Reference value :  5.95622e-03
 Reference value :  7.05316e-03
 Reference value :  8.30316e-03
 Reference value :  9.58916e-03
 Reference value :  1.08112e-02
 Reference value :  1.10619e-02
 Reference value :  1.11999e-02
 Reference value :  1.17521e-02
 Reference value :  1.20025e-02
 Reference value :  1.20051e-02
 Reference value :  1.20205e-02
No. of Data Rows : 9677
tpgr1               =  3.09434e-04
trel1               =  5.95772e-03
pgdgmin1            =  2.96788e+00 at=  1.20102e-03
vmax_chat1          =  1.70375e-09 at=  1.00103e-03
vmin_hold1          =  2.97000e+00 at=  1.09999e-02
tpgf1               =  1.20025e-02
tpgf2               =  1.20048e-02
tasrt1              =  1.20025e-02
tvalid1             =  1.20025e-02
vmin_dip1           =  -1.94776e-07 at=  1.20175e-02
vmax_after1         =  1.07794e-09 at=  1.20528e-02
iasrt1              =  3.00944e-08 from=  1.50000e-04 to=  2.90049e-04
m_dwell_pgdg_1x_us = 2.4700000000e+00
m_dwell_pgdg_halfib_us = 4.8000000000e+00
m_dwell_resetn_1x_us = 2.4700000000e+00
m_reassert_validlow_us = 2.4700000000e+00
m_dwell_rise_1x_us = 9.3343000000e+00
m_tpulse_after_chatter_ms = 5.6576190000e+00
m_pgdg_min_during_chatter = 2.9678750000e+00
m_resetn_max_during_chatter = 1.7037490000e-09
m_resetn_min_after_release = 2.9699990000e+00
m_resetn_min_during_dip = -1.947765000e-07
m_resetn_max_after_dip = 1.0779440000e-09
m_iq_asserted_1x_na = 3.0094370000e+01
Note: Simulation executed from .control section 

Warning: m=xx on .subckt line will override multiplier m hierarchy!

