
Note: Compatibility modes selected: hs a


Circuit: * por-output-chain-deglitch @ ss_-40c_3.63v -- generated by sim/harness, do not edit

Doing analysis at TEMP = -40.000000 and TNOM = 27.000000

Using SPARSE 1.3 as Direct Linear Solver

Initial Transient Solution
--------------------------

Node                                   Voltage
----                                   -------
vdd                                          0
por_raw                                      0
nib1                               6.12382e-99
ibias1                             6.12382e-99
nib2                               6.12382e-99
ibias2                             6.12382e-99
vdd1                                         0
vdd2                                         0
resetn1                            8.05993e-22
resetn2                            4.99365e-22
xdut1.pdn                          8.22828e-90
xdut1.ndl                          3.80146e-84
xdut1.ndgp                        -1.27207e-59
xdut1.ndg                          3.45923e-45
xdut1.ndgn                         -3.1945e-23
xdut1.pgdg                         5.82068e-82
xdut1.pgdgb                       -1.25952e-66
xdut1.nts                         -6.87046e-70
xdut1.tim                          -1.0391e-70
xdut1.nd1                         -3.87337e-71
xdut1.trip                        -1.63973e-76
xdut1.rstb                         1.54961e-21
xdut1.nnand                        1.90839e-21
xdut2.pdn                          8.22828e-90
xdut2.ndl                          3.80146e-84
xdut2.ndgp                        -1.27207e-59
xdut2.ndg                          3.45923e-45
xdut2.ndgn                         -3.1945e-23
xdut2.pgdg                         5.82068e-82
xdut2.pgdgb                       -1.25952e-66
xdut2.nts                          1.61031e-69
xdut2.tim                         -1.65145e-71
xdut2.nd1                          -3.9573e-71
xdut2.trip                         1.21283e-76
xdut2.rstb                        -5.14208e-21
xdut2.nnand                        1.90628e-21
vd2#branch                        -1.05247e-33
vd1#branch                         6.13509e-33
vib2#branch                                  0
vib1#branch                                  0
vpr#branch                                   0
vsup#branch                       -5.08263e-33

 Reference value :  0.00000e+00
 Reference value :  7.90137e-05
 Reference value :  1.32969e-04
 Reference value :  3.17680e-04
 Reference value :  8.31863e-04
 Reference value :  1.09998e-03
 Reference value :  1.20127e-03
 Reference value :  2.21696e-03
 Reference value :  3.51896e-03
 Reference value :  4.83896e-03
 Reference value :  6.12696e-03
 Reference value :  6.79695e-03
 Reference value :  8.02895e-03
 Reference value :  9.33495e-03
 Reference value :  1.08009e-02
 Reference value :  1.11001e-02
 Reference value :  1.12017e-02
 Reference value :  1.20045e-02
 Reference value :  1.20088e-02
 Reference value :  1.20148e-02
No. of Data Rows : 9626
tpgr1               =  3.12131e-04
trel1               =  6.73610e-03
pgdgmin1            =  3.62970e+00 at=  1.00103e-03
vmax_chat1          =  9.61300e-10 at=  1.20103e-03
vmin_hold1          =  3.63000e+00 at=  1.10999e-02
tpgf1               =  1.20046e-02
tpgf2               =  1.20089e-02
tasrt1              =  1.20046e-02
tvalid1             =  1.20046e-02
vmin_dip1           =  -1.85760e-07 at=  1.20148e-02
vmax_after1         =  7.13666e-10 at=  1.24777e-02
iasrt1              =  2.53993e-08 from=  1.50000e-04 to=  2.91161e-04
m_dwell_pgdg_1x_us = 4.5800000000e+00
m_dwell_pgdg_halfib_us = 8.8800000000e+00
m_dwell_resetn_1x_us = 4.5700000000e+00
m_reassert_validlow_us = 4.5700000000e+00
m_dwell_rise_1x_us = 1.2030800000e+01
m_tpulse_after_chatter_ms = 6.4360030000e+00
m_pgdg_min_during_chatter = 3.6296980000e+00
m_resetn_max_during_chatter = 9.6129970000e-10
m_resetn_min_after_release = 3.6300000000e+00
m_resetn_min_during_dip = -1.857605000e-07
m_resetn_max_after_dip = 7.1366550000e-10
m_iq_asserted_1x_na = 2.5399310000e+01
Note: Simulation executed from .control section 

Warning: m=xx on .subckt line will override multiplier m hierarchy!

