
Note: Compatibility modes selected: hs a


Circuit: * por-output-chain-deglitch @ ss_27c_2.97v -- generated by sim/harness, do not edit

Doing analysis at TEMP = 27.000000 and TNOM = 27.000000

Using SPARSE 1.3 as Direct Linear Solver

Initial Transient Solution
--------------------------

Node                                   Voltage
----                                   -------
vdd                                          0
por_raw                                      0
nib1                              -2.64675e-49
ibias1                            -2.64675e-49
nib2                              -2.64675e-49
ibias2                            -2.64675e-49
vdd1                                         0
vdd2                                         0
resetn1                           -9.21688e-18
resetn2                           -9.05654e-18
xdut1.pdn                         4.25986e-100
xdut1.ndl                         -3.73854e-64
xdut1.ndgp                        -1.65244e-39
xdut1.ndg                          5.85538e-38
xdut1.ndgn                         -4.8694e-38
xdut1.pgdg                         5.84463e-33
xdut1.pgdgb                        4.79438e-28
xdut1.nts                         -2.35753e-24
xdut1.tim                          -1.7596e-22
xdut1.nd1                         -2.37261e-43
xdut1.trip                          8.4662e-93
xdut1.rstb                         5.23626e-18
xdut1.nnand                       -1.96683e-17
xdut2.pdn                         4.25986e-100
xdut2.ndl                         -3.73854e-64
xdut2.ndgp                        -1.32316e-39
xdut2.ndg                          4.68857e-38
xdut2.ndgn                        -3.89907e-38
xdut2.pgdg                         9.34267e-32
xdut2.pgdgb                       -3.25463e-28
xdut2.nts                          1.55295e-24
xdut2.tim                          1.21367e-22
xdut2.nd1                          -2.3652e-43
xdut2.trip                         8.39925e-93
xdut2.rstb                         5.18523e-18
xdut2.nnand                       -1.94727e-17
vd2#branch                        -6.28911e-30
vd1#branch                        -6.25617e-30
vib2#branch                                  0
vib1#branch                                  0
vpr#branch                                   0
vsup#branch                        1.25453e-29

 Reference value :  0.00000e+00
 Reference value :  8.52191e-05
 Reference value :  2.21751e-04
 Reference value :  3.18655e-04
 Reference value :  9.99935e-04
 Reference value :  1.10110e-03
 Reference value :  1.30577e-03
 Reference value :  2.57777e-03
 Reference value :  3.86377e-03
 Reference value :  5.11777e-03
 Reference value :  5.81776e-03
 Reference value :  7.13443e-03
 Reference value :  8.32643e-03
 Reference value :  9.69243e-03
 Reference value :  1.07009e-02
 Reference value :  1.10999e-02
 Reference value :  1.12012e-02
 Reference value :  1.20036e-02
 Reference value :  1.20069e-02
 Reference value :  1.20107e-02
 Reference value :  1.21663e-02
No. of Data Rows : 9867
tpgr1               =  3.09808e-04
trel1               =  5.81213e-03
pgdgmin1            =  2.96957e+00 at=  1.20103e-03
vmax_chat1          =  1.16666e-09 at=  1.20103e-03
vmin_hold1          =  2.97000e+00 at=  1.09999e-02
tpgf1               =  1.20039e-02
tpgf2               =  1.20075e-02
tasrt1              =  1.20039e-02
tvalid1             =  1.20039e-02
vmin_dip1           =  -5.40085e-05 at=  1.20039e-02
vmax_after1         =  7.95771e-10 at=  1.23223e-02
iasrt1              =  2.68540e-08 from=  1.50000e-04 to=  2.91751e-04
m_dwell_pgdg_1x_us = 3.8600000000e+00
m_dwell_pgdg_halfib_us = 7.4800000000e+00
m_dwell_resetn_1x_us = 3.8500000000e+00
m_reassert_validlow_us = 3.8500000000e+00
m_dwell_rise_1x_us = 9.7084000000e+00
m_tpulse_after_chatter_ms = 5.5120310000e+00
m_pgdg_min_during_chatter = 2.9695710000e+00
m_resetn_max_during_chatter = 1.1666560000e-09
m_resetn_min_after_release = 2.9700000000e+00
m_resetn_min_during_dip = -5.400854000e-05
m_resetn_max_after_dip = 7.9577060000e-10
m_iq_asserted_1x_na = 2.6854040000e+01
Note: Simulation executed from .control section 

Warning: m=xx on .subckt line will override multiplier m hierarchy!

