
Note: Compatibility modes selected: hs a


Circuit: * bias-core-startup @ res_ff_27c_3.30v -- generated by sim/harness, do not edit

Doing analysis at TEMP = 27.000000 and TNOM = 27.000000

Using SPARSE 1.3 as Direct Linear Solver

Initial Transient Solution
--------------------------

Node                                   Voltage
----                                   -------
vddq                                         0
nibq                               -1.5809e-31
ibiasq                             -1.5809e-31
xqs.na                            -1.60959e-36
xqs.pg                            -2.11831e-29
xqs.nbtop                          1.98344e-35
vrefq                              1.68774e-34
xqs.nbg                            -9.6725e-36
xqs.xrt.11                         1.98344e-35
xqs.xrt.21                         1.98344e-35
xqs.nb                             1.98344e-35
xqs.xr1.11                         1.98344e-35
xqs.xr1.21                         1.98344e-35
xqs.ec                             1.98344e-35
xqs.xr2.11                         1.68774e-34
xqs.xr2.21                         1.68774e-34
xqs.er                             1.68774e-34
xqs.pb                            -4.59729e-35
xqs.nt                            -2.94806e-33
xqs.n1                            -3.24265e-33
xqs.n2                             5.43663e-32
xqs.nz                             5.43663e-32
xqs.xrz.11                         5.43663e-32
xqs.xrz.21                         5.43663e-32
xqs.ks1                           -4.26015e-29
xqs.ks2                            5.31035e-28
xqs.ks3                           -6.57301e-27
xqs.ks4                            8.13516e-26
xqs.nkg                           -1.00683e-24
xqs.nkm                            2.93774e-37
xqs.tok                           -2.22562e-27
xqs.noko                           4.19546e-29
xqs.nokl                           7.18632e-26
xqs.nokx                          -6.04402e-21
bias_okq                          -8.51166e-20
relq                                        -1
vddf                                         0
nibf                              -9.08387e-32
ibiasf                            -9.08387e-32
xqf.na                            -5.79581e-37
xqf.pg                               5.703e-29
xqf.nbtop                           8.8462e-35
vreff                             -2.07108e-34
xqf.nbg                            4.17389e-34
xqf.xrt.11                          8.8462e-35
xqf.xrt.21                          8.8462e-35
xqf.nb                              8.8462e-35
xqf.xr1.11                          8.8462e-35
xqf.xr1.21                          8.8462e-35
xqf.ec                              8.8462e-35
xqf.xr2.11                        -2.07108e-34
xqf.xr2.21                        -2.07108e-34
xqf.er                            -2.07108e-34
xqf.pb                            -1.14154e-35
xqf.nt                            -5.85996e-33
xqf.n1                            -2.83901e-33
xqf.n2                             1.44628e-31
xqf.nz                             1.44628e-31
xqf.xrz.11                         1.44628e-31
xqf.xrz.21                         1.44628e-31
xqf.ks1                           -4.49091e-30
xqf.ks2                            5.58775e-29
xqf.ks3                           -6.91462e-28
xqf.ks4                            8.55758e-27
xqf.nkg                           -1.05907e-25
xqf.nkm                            2.85778e-37
xqf.tok                           -1.15514e-28
xqf.noko                          -7.66711e-29
xqf.nokl                           3.90066e-27
xqf.nokx                          -4.06695e-21
bias_okf                          -6.91487e-20
vddb                                         0
nibb                              -2.17095e-31
ibiasb                            -2.17095e-31
xbo.na                             6.63015e-38
xbo.pg                             3.29255e-29
xbo.nbtop                          5.18961e-35
vrefb                              6.86879e-35
xbo.nbg                           -3.87708e-34
xbo.xrt.11                         5.18961e-35
xbo.xrt.21                         5.18961e-35
xbo.nb                             5.18961e-35
xbo.xr1.11                         5.18961e-35
xbo.xr1.21                         5.18961e-35
xbo.ec                             5.18961e-35
xbo.xr2.11                         6.86879e-35
xbo.xr2.21                         6.86879e-35
xbo.er                             6.86879e-35
xbo.pb                              2.1727e-35
xbo.nt                            -9.74411e-33
xbo.n1                            -1.23615e-33
xbo.n2                             2.12139e-31
xbo.nz                             2.12139e-31
xbo.xrz.11                         2.12139e-31
xbo.xrz.21                         2.12139e-31
xbo.ks1                            3.60196e-30
xbo.ks2                            -4.4767e-29
xbo.ks3                            5.53892e-28
xbo.ks4                           -6.85493e-27
xbo.nkg                            8.48326e-26
xbo.nkm                            2.81542e-37
xbo.tok                           -2.21661e-27
xbo.noko                           2.37508e-29
xbo.nokl                           7.15948e-26
xbo.nokx                           -1.9842e-21
bias_okb                           1.58952e-19
brelq#branch                                 0
vibb#branch                        1.96705e-43
vbo#branch                         1.56374e-31
vibf#branch                        8.23587e-44
vqf#branch                        -7.28956e-32
vibq#branch                        1.42934e-43
vqs#branch                        -9.07536e-32

 Reference value :  0.00000e+00
 Reference value :  2.20830e-03
 Reference value :  2.49959e-03
 Reference value :  2.70034e-03
 Reference value :  3.75909e-03
 Reference value :  5.89659e-03
 Reference value :  6.20659e-03
 Reference value :  7.70841e-03
 Reference value :  9.25720e-03
 Reference value :  1.15832e-02
 Reference value :  1.60032e-02
 Reference value :  2.03032e-02
 Reference value :  2.45032e-02
 Reference value :  2.87232e-02
 Reference value :  3.20400e-02
 Reference value :  3.23757e-02
 Reference value :  3.40365e-02
 Reference value :  3.78611e-02
 Reference value :  4.04536e-02
 Reference value :  4.35101e-02
 Reference value :  4.50522e-02
 Reference value :  4.83292e-02
 Reference value :  5.22492e-02
 Reference value :  5.62692e-02
 Reference value :  6.04692e-02
 Reference value :  6.47692e-02
 Reference value :  6.87863e-02
No. of Data Rows : 3995
vstart              =  1.14993e+00
vok                 =  1.12035e+00
vokl                =  1.12035e+00
vrefok              =  1.07744e+00
relv                =  2.62044e+00
vokf                =  1.20992e+00
vref140             =  1.20483e+00
vref200             =  1.20899e+00
vref247             =  1.20936e+00
vref297             =  1.20954e+00
ok100               =  4.83076e-09
ok200               =  2.00000e+00
ok247               =  2.47000e+00
vrefend             =  1.20650e+00
vddend              =  3.63000e+00
okend               =  3.63000e+00
nokoend             =  1.72272e+00
nkgend              =  1.81600e-05
okbodip             =  -7.66038e-03
vrefbodip           =  2.11754e-01
vokbo               =  1.09491e+00
okboend             =  3.63000e+00
vrefboend           =  1.20650e+00
m_v_core_up_v = 1.1499320000e+00
m_v_bias_ok_v = 1.1203480000e+00
m_ok_chatter_mv = 0.0000000000e+00
m_startup_margin_v = -2.958400000e-02
m_release_margin_v = 1.3496520000e+00
m_relv_qs_v = 2.6204410000e+00
m_qs_rate_delta_mv = 8.9576000000e+01
m_qs_lag_est_mv = 2.9858666667e+01
m_vref_final_v = 1.2065030000e+00
m_vref_err_247_pct = 2.3696584260e-01
m_vref_err_297_pct = 2.5180210907e-01
m_vref_err_200_pct = 2.0580139461e-01
m_vref_at_ok_pct = 8.9302388805e+01
m_vref_at_140_v = 1.2048350000e+00
m_ok_at_100_mv = 4.8307560000e-06
m_ok_at_200_v = 2.0000000000e+00
m_ok_at_247_v = 2.4700000000e+00
m_ok_final_droop_mv = 0.0000000000e+00
m_noko_final_v = 1.7227160000e+00
m_nkg_final_v = 1.8160040000e-05
m_ok_bo_dip_mv = -7.660383000e+00
m_vref_bo_dip_v = 2.1175380000e-01
m_v_bias_ok_restart_v = 1.0949090000e+00
m_ok_bo_end_droop_mv = 0.0000000000e+00
m_vref_bo_end_delta_ppm = 0.0000000000e+00
Note: Simulation executed from .control section 

Warning: m=xx on .subckt line will override multiplier m hierarchy!

