
Note: Compatibility modes selected: hs a


Circuit: * bias-core-startup @ res_ff_-40c_3.63v -- generated by sim/harness, do not edit

Doing analysis at TEMP = -40.000000 and TNOM = 27.000000

Using SPARSE 1.3 as Direct Linear Solver

Initial Transient Solution
--------------------------

Node                                   Voltage
----                                   -------
vddq                                         0
nibq                              -4.79424e-22
ibiasq                            -4.79424e-22
xqs.na                            -8.86613e-27
xqs.pg                            -7.88272e-22
xqs.nbtop                          7.96373e-22
vrefq                              5.20001e-21
xqs.nbg                            3.40905e-22
xqs.xrt.11                         7.96373e-22
xqs.xrt.21                         7.96368e-22
xqs.nb                             7.96368e-22
xqs.xr1.11                         7.96368e-22
xqs.xr1.21                         7.96356e-22
xqs.ec                             7.96356e-22
xqs.xr2.11                         5.20001e-21
xqs.xr2.21                         5.19999e-21
xqs.er                             5.19999e-21
xqs.pb                            -3.40905e-22
xqs.nt                             1.54917e-32
xqs.n1                             9.93992e-37
xqs.n2                            -3.00185e-25
xqs.nz                            -3.00186e-25
xqs.xrz.11                        -3.00186e-25
xqs.xrz.21                        -3.00185e-25
xqs.ks1                            7.16315e-51
xqs.ks2                           -9.69465e-50
xqs.ks3                           -1.99167e-46
xqs.ks4                            2.19853e-42
xqs.nkg                           -1.58224e-21
xqs.nkm                            3.40937e-22
xqs.tok                            6.14037e-28
xqs.noko                           2.27294e-22
xqs.nokl                           3.40936e-22
xqs.nokx                                     0
bias_okq                           4.30154e-51
relq                              -1.12667e-20
vddf                                         0
nibf                              -3.96502e-22
ibiasf                            -3.96502e-22
xqf.na                            -8.93623e-27
xqf.pg                            -7.88272e-22
xqf.nbtop                         -4.53183e-22
vreff                             -5.89629e-21
xqf.nbg                            3.40905e-22
xqf.xrt.11                        -4.53183e-22
xqf.xrt.21                         -4.5319e-22
xqf.nb                             -4.5319e-22
xqf.xr1.11                         -4.5319e-22
xqf.xr1.21                         -4.5318e-22
xqf.ec                             -4.5318e-22
xqf.xr2.11                        -5.89629e-21
xqf.xr2.21                        -5.89626e-21
xqf.er                            -5.89626e-21
xqf.pb                            -3.40905e-22
xqf.nt                             1.54917e-32
xqf.n1                             9.94028e-37
xqf.n2                            -3.00185e-25
xqf.nz                            -3.00186e-25
xqf.xrz.11                        -3.00186e-25
xqf.xrz.21                        -3.00185e-25
xqf.ks1                            4.72754e-50
xqf.ks2                           -6.50511e-49
xqf.ks3                            7.15808e-46
xqf.ks4                            5.57615e-42
xqf.nkg                           -1.58224e-21
xqf.nkm                            3.40937e-22
xqf.tok                             1.2221e-28
xqf.noko                          -2.27294e-22
xqf.nokl                           3.40936e-22
xqf.nokx                                     0
bias_okf                           6.26539e-51
vddb                                         0
nibb                              -1.04304e-22
ibiasb                            -1.04304e-22
xbo.na                            -8.86596e-27
xbo.pg                            -7.88281e-22
xbo.nbtop                          1.48647e-22
vrefb                             -1.99303e-22
xbo.nbg                            3.40905e-22
xbo.xrt.11                         1.48647e-22
xbo.xrt.21                         1.48643e-22
xbo.nb                             1.48643e-22
xbo.xr1.11                         1.48643e-22
xbo.xr1.21                         1.48651e-22
xbo.ec                             1.48651e-22
xbo.xr2.11                        -1.99303e-22
xbo.xr2.21                        -1.99302e-22
xbo.er                            -1.99302e-22
xbo.pb                            -3.40897e-22
xbo.nt                             1.54867e-32
xbo.n1                             9.94193e-37
xbo.n2                            -3.00188e-25
xbo.nz                            -3.00189e-25
xbo.xrz.11                        -3.00189e-25
xbo.xrz.21                        -3.00188e-25
xbo.ks1                            5.88778e-50
xbo.ks2                           -8.35161e-49
xbo.ks3                            1.50919e-48
xbo.ks4                           -6.02365e-42
xbo.nkg                           -1.58224e-21
xbo.nkm                            3.40937e-22
xbo.tok                            -6.1474e-28
xbo.noko                          -2.27294e-22
xbo.nokl                          -3.40936e-22
xbo.nokx                                     0
bias_okb                           1.35298e-51
brelq#branch                                 0
vibb#branch                        4.76757e-35
vbo#branch                        -1.96478e-33
vibf#branch                        3.38482e-34
vqf#branch                         8.89716e-33
vibq#branch                        4.22265e-34
vqs#branch                        -1.18581e-32

 Reference value :  0.00000e+00
 Reference value :  2.54764e-03
 Reference value :  2.80391e-03
 Reference value :  2.98794e-03
 Reference value :  3.01282e-03
 Reference value :  4.11073e-03
 Reference value :  4.97823e-03
 Reference value :  5.43823e-03
 Reference value :  5.73843e-03
 Reference value :  6.52843e-03
 Reference value :  6.97218e-03
 Reference value :  7.53868e-03
 Reference value :  8.17254e-03
 Reference value :  8.89629e-03
 Reference value :  9.46879e-03
 Reference value :  1.09142e-02
 Reference value :  1.18129e-02
 Reference value :  1.62326e-02
 Reference value :  2.05926e-02
 Reference value :  2.50526e-02
 Reference value :  2.94926e-02
 Reference value :  3.20439e-02
 Reference value :  3.27253e-02
 Reference value :  3.46059e-02
 Reference value :  3.80300e-02
 Reference value :  3.88050e-02
 Reference value :  3.93019e-02
 Reference value :  4.01294e-02
 Reference value :  4.09419e-02
 Reference value :  4.14769e-02
 Reference value :  4.22844e-02
 Reference value :  4.28241e-02
 Reference value :  4.37741e-02
 Reference value :  4.50958e-02
 Reference value :  4.73098e-02
 Reference value :  4.94325e-02
 Reference value :  5.31725e-02
 Reference value :  5.70725e-02
 Reference value :  6.08725e-02
 Reference value :  6.46925e-02
 Reference value :  6.84470e-02
No. of Data Rows : 4151
vstart              =  1.34857e+00
vok                 =  1.38634e+00
vokl                =  1.38634e+00
vrefok              =  1.24692e+00
relv                =  2.61433e+00
vokf                =  1.45766e+00
vref140             =  1.23339e+00
vref200             =  1.20638e+00
vref247             =  1.20658e+00
vref297             =  1.20665e+00
ok100               =  7.27839e-09
ok200               =  2.00000e+00
ok247               =  2.47000e+00
vrefend             =  1.20348e+00
vddend              =  3.63000e+00
okend               =  3.63000e+00
nokoend             =  1.66841e+00
nkgend              =  2.97984e-08
okbodip             =  -4.77392e-02
vrefbodip           =  2.97821e-01
vokbo               =  1.36855e+00
okboend             =  3.63000e+00
vrefboend           =  1.20348e+00
m_v_core_up_v = 1.3485750000e+00
m_v_bias_ok_v = 1.3863430000e+00
m_ok_chatter_mv = 0.0000000000e+00
m_startup_margin_v = 3.7768000000e-02
m_release_margin_v = 1.0836570000e+00
m_relv_qs_v = 2.6143290000e+00
m_qs_rate_delta_mv = 7.1322000000e+01
m_qs_lag_est_mv = 2.3774000000e+01
m_vref_final_v = 1.2034840000e+00
m_vref_err_247_pct = 2.5741929265e-01
m_vref_err_297_pct = 2.6331883099e-01
m_vref_err_200_pct = 2.4096705897e-01
m_vref_at_ok_pct = 1.0360935418e+02
m_vref_at_140_v = 1.2333880000e+00
m_ok_at_100_mv = 7.2783920000e-06
m_ok_at_200_v = 2.0000000000e+00
m_ok_at_247_v = 2.4700000000e+00
m_ok_final_droop_mv = 0.0000000000e+00
m_noko_final_v = 1.6684110000e+00
m_nkg_final_v = 2.9798410000e-08
m_ok_bo_dip_mv = -4.773916000e+01
m_vref_bo_dip_v = 2.9782070000e-01
m_v_bias_ok_restart_v = 1.3685540000e+00
m_ok_bo_end_droop_mv = 0.0000000000e+00
m_vref_bo_end_delta_ppm = 0.0000000000e+00
Note: Simulation executed from .control section 

Warning: m=xx on .subckt line will override multiplier m hierarchy!

