
Note: Compatibility modes selected: hs a


Circuit: * por-brownout-slew @ bjt_ss_125c_3.30v -- generated by sim/harness, do not edit

Doing analysis at TEMP = 125.000000 and TNOM = 27.000000

Using SPARSE 1.3 as Direct Linear Solver

Initial Transient Solution
--------------------------

Node                                   Voltage
----                                   -------
vdd                                          0
ptat                               3.83078e-28
ctat                              -3.71165e-19
resetn                             1.77525e-18
xdut.xtemp__pg                    -1.14569e-19
xdut.xtemp__nz                     6.52817e-20
xdut.xbias__nbg                   -1.23611e-19
xdut.xbias__pb                    -5.64073e-19
xdut.xbias__n1                    -5.00927e-19
xdut.xbias__n2                    -3.20521e-19
xdut.xbias__pg                      4.9706e-20
xdut.xbias__ks1                    5.83924e-21
xdut.xbias__ks2                   -1.15354e-19
xdut.xbias__ks3                   -1.96024e-20
xdut.xbias__ks4                    1.61021e-19
xdut.xbias__nkg                    6.95639e-19
xdut.xbias__nkm                    6.07223e-19
xdut.xbias__nokl                   4.36463e-20
xdut.xbias__noko                  -1.56758e-19
xdut.xbias__nokx                   4.42126e-19
xdut.bias_ok                      -1.44315e-18
xdut.xcmp__na                     -1.26827e-18
xdut.xcmp__sns                               0
xdut.xcmp__tn                      1.82475e-20
xdut.xcmp__cmpo                    1.14913e-18
xdut.vref                         -7.94614e-19
xdut.xcmp__nbg                      1.6937e-18
xdut.ibias                         1.10083e-18
xdut.xcmp__bias_okb                1.00138e-18
xdut.xcmp__snsb                              0
xdut.xcmp__n1                     -5.32585e-19
xdut.por_raw                       8.36676e-19
xdut.xpor__pdn                    -8.05537e-81
xdut.xpor__ndl                     9.25935e-54
xdut.xpor__ndgn                   -1.62378e-18
xdut.xpor__ndg                    -1.70071e-19
xdut.xpor__pgdg                    9.77606e-19
xdut.xpor__pgdgb                   5.36465e-19
xdut.xpor__tim                     2.28879e-19
xdut.xpor__nd1                     1.39949e-20
xdut.xpor__trip                    1.34991e-30
xdut.xpor__rstb                    -7.9386e-19
xdut.xpor__nnand                  -1.01135e-18
xdut.xtemp__n1                    -8.02618e-19
xdut.xtemp__n2                     6.52817e-20
xdut.xtemp__nbg                     -1.801e-18
xdut.xtemp__enb                   -2.45082e-19
xdut.xtemp__pb                     5.84283e-19
xdut.xtemp__pcas                  -2.89103e-19
xdut.xtemp__nd                     1.47384e-18
xdut.xtemp__nr                     1.42831e-19
xdut.xtemp__nt                    -6.99451e-19
xdut.xtemp__t5                     5.59009e-29
xdut.xtemp__t4                     2.75707e-29
xdut.xtemp__t3                     1.33896e-29
xdut.xtemp__t2                     6.28288e-30
xdut.xtemp__t1                     2.71407e-30
xdut.xtemp__t0                     9.15419e-31
xdut.xbias__na                    -2.54409e-19
xdut.xbias__nbtop                  -6.3789e-20
xdut.xbias__nt                    -3.74631e-19
xdut.xbias__nb                     -6.3789e-20
xdut.xbias__tok                   -1.27368e-20
xdut.xcmp__vdda                    1.60206e-20
xdut.xpor__ndgp                     9.8354e-19
xdut.xpor__nts                    -4.52539e-20
xdut.xtemp__na                    -3.71165e-19
xdut.xtemp__nb                    -1.41416e-18
xdut.xtemp__m1d                    3.87541e-20
xdut.xtemp__m2d                    7.53972e-20
xdut.xtemp__m3d                   -4.41082e-22
xdut.xbias__ec                     -6.3789e-20
xdut.xbias__er                    -7.94615e-19
xdut.xtemp__nc                    -1.41416e-18
xdut.xbias__nz                    -3.20521e-19
xdut.x162.11                      -1.41416e-18
xdut.x162.21                      -1.41416e-18
xdut.xtemp__xr1__1                -1.41416e-18
xdut.x163.11                      -1.41416e-18
xdut.x163.21                      -1.41416e-18
xdut.x164.11                      -3.71165e-19
xdut.x164.21                      -3.71165e-19
xdut.xtemp__xriso__1              -3.71165e-19
xdut.x165.11                      -3.71165e-19
xdut.x165.21                      -3.71165e-19
xdut.x166.11                       6.52817e-20
xdut.x166.21                       6.52817e-20
xdut.xtemp__xrz__1                 6.52817e-20
xdut.xtemp__xrz__2                 6.52817e-20
xdut.x167.11                       6.52817e-20
xdut.x167.21                       6.52817e-20
xdut.x168.11                       6.52817e-20
xdut.x168.21                       6.52817e-20
xdut.xtemp__xrz__3                 6.52817e-20
xdut.xtemp__xrz__4                 6.52817e-20
xdut.x169.11                       6.52817e-20
xdut.x169.21                       6.52817e-20
xdut.x170.11                       6.52817e-20
xdut.x170.21                       6.52817e-20
xdut.xtemp__xrz__5                 6.52817e-20
xdut.xtemp__xrz__6                 6.52817e-20
xdut.x171.11                       6.52817e-20
xdut.x171.21                       6.52817e-20
xdut.x172.11                       6.52817e-20
xdut.x172.21                       6.52817e-20
xdut.xtemp__xrz__7                 6.52817e-20
xdut.xtemp__xrz__8                 6.52817e-20
xdut.x173.11                       6.52817e-20
xdut.x173.21                       6.52817e-20
xdut.x174.11                       6.52817e-20
xdut.x174.21                       6.52817e-20
xdut.xtemp__xrz__9                 6.52817e-20
xdut.x175.11                       6.52817e-20
xdut.x175.21                       6.52817e-20
xdut.x176.11                        3.8306e-28
xdut.x176.21                       3.69464e-28
xdut.xtemp__xr2f__1                3.69446e-28
xdut.xtemp__xr2f__2                3.55814e-28
xdut.x177.11                       3.55832e-28
xdut.x177.21                       3.69428e-28
xdut.x178.11                       3.55795e-28
xdut.x178.21                       3.42199e-28
xdut.xtemp__xr2f__3                3.42181e-28
xdut.xtemp__xr2f__4                3.28549e-28
xdut.x179.11                       3.28567e-28
xdut.x179.21                       3.42163e-28
xdut.x180.11                       3.28531e-28
xdut.x180.21                       3.14935e-28
xdut.xtemp__xr2f__5                3.14916e-28
xdut.xtemp__xr2f__6                3.01284e-28
xdut.x181.11                       3.01302e-28
xdut.x181.21                       3.14898e-28
xdut.x182.11                       3.01266e-28
xdut.x182.21                        2.8767e-28
xdut.xtemp__xr2f__7                2.87652e-28
xdut.xtemp__xr2f__8                2.74019e-28
xdut.x183.11                       2.74037e-28
xdut.x183.21                       2.87633e-28
xdut.x184.11                       2.74001e-28
xdut.x184.21                       2.60405e-28
xdut.xtemp__xr2f__9                2.60387e-28
xdut.xtemp__xr2f__10               2.46754e-28
xdut.x185.11                       2.46773e-28
xdut.x185.21                       2.60369e-28
xdut.x186.11                       2.46736e-28
xdut.x186.21                        2.3314e-28
xdut.xtemp__xr2f__11               2.33122e-28
xdut.xtemp__xr2f__12                2.1949e-28
xdut.x187.11                       2.19508e-28
xdut.x187.21                       2.33104e-28
xdut.x188.11                       2.19471e-28
xdut.x188.21                       2.05875e-28
xdut.xtemp__xr2f__13               2.05857e-28
xdut.xtemp__xr2f__14               1.92225e-28
xdut.x189.11                       1.92243e-28
xdut.x189.21                       2.05839e-28
xdut.x190.11                       1.92207e-28
xdut.x190.21                       1.78611e-28
xdut.xtemp__xr2f__15               1.78593e-28
xdut.xtemp__xr2f__16                1.6496e-28
xdut.x191.11                       1.64978e-28
xdut.x191.21                       1.78574e-28
xdut.x192.11                       1.64942e-28
xdut.x192.21                       1.51346e-28
xdut.xtemp__xr2f__17               1.51328e-28
xdut.xtemp__xr2f__18               1.37695e-28
xdut.x193.11                       1.37714e-28
xdut.x193.21                        1.5131e-28
xdut.x194.11                       1.37677e-28
xdut.x194.21                       1.24081e-28
xdut.xtemp__xr2f__19               1.24063e-28
xdut.xtemp__xr2f__20               1.10431e-28
xdut.x195.11                       1.10449e-28
xdut.x195.21                       1.24045e-28
xdut.x196.11                       1.10412e-28
xdut.x196.21                       9.68163e-29
xdut.xtemp__xr2f__21               9.67981e-29
xdut.xtemp__xr2f__22               8.31657e-29
xdut.x197.11                       8.31839e-29
xdut.x197.21                       9.67799e-29
xdut.x198.11                       8.31475e-29
xdut.x198.21                       6.95515e-29
xdut.xtemp__xr2f__23               6.95333e-29
xdut.x199.11                       5.59191e-29
xdut.x199.21                       6.95151e-29
xdut.x200.11                       5.58827e-29
xdut.x200.21                        4.1754e-29
xdut.xtemp__xr2t5__1               4.17358e-29
xdut.x201.11                       2.75889e-29
xdut.x201.21                       4.17176e-29
xdut.x202.11                       2.75525e-29
xdut.x202.21                       2.04983e-29
xdut.xtemp__xr2t4__1               2.04801e-29
xdut.x203.11                       1.34078e-29
xdut.x203.21                       2.04619e-29
xdut.x204.11                       1.33714e-29
xdut.x204.21                       9.85442e-30
xdut.xtemp__xr2t3__1               9.83622e-30
xdut.x205.11                       6.30108e-30
xdut.x205.21                       9.81802e-30
xdut.x206.11                       6.26469e-30
xdut.x206.21                       4.51667e-30
xdut.xtemp__xr2t2__1               4.49848e-30
xdut.x207.11                       2.73227e-30
xdut.x207.21                       4.48028e-30
xdut.x208.11                       2.69587e-30
xdut.x208.21                       1.83294e-30
xdut.xtemp__xr2t1__1               1.81475e-30
xdut.x209.11                       9.33616e-31
xdut.x209.21                       1.79655e-30
xdut.x210.11                       8.97221e-31
xdut.x210.21                       4.75907e-31
xdut.xtemp__xr2t0__1               4.57709e-31
xdut.x211.11                       1.81973e-32
xdut.x211.21                       4.39512e-31
xdut.x212.11                                 0
xdut.x212.21                                 0
xdut.x213.11                                 0
xdut.x213.21                                 0
xdut.x214.11                                 0
xdut.x214.21                                 0
xdut.x215.11                      -7.94614e-19
xdut.x215.21                      -7.94614e-19
xdut.xbias__xr2__1                -7.94614e-19
xdut.xbias__xr2__2                -7.94614e-19
xdut.x216.11                      -7.94614e-19
xdut.x216.21                      -7.94614e-19
xdut.x217.11                      -7.94614e-19
xdut.x217.21                      -7.94614e-19
xdut.xbias__xr2__3                -7.94614e-19
xdut.xbias__xr2__4                -7.94614e-19
xdut.x218.11                      -7.94614e-19
xdut.x218.21                      -7.94614e-19
xdut.x219.11                      -7.94614e-19
xdut.x219.21                      -7.94614e-19
xdut.xbias__xr2__5                -7.94614e-19
xdut.xbias__xr2__6                -7.94614e-19
xdut.x220.11                      -7.94614e-19
xdut.x220.21                      -7.94614e-19
xdut.x221.11                      -7.94614e-19
xdut.x221.21                      -7.94615e-19
xdut.xbias__xr2__7                -7.94615e-19
xdut.xbias__xr2__8                -7.94615e-19
xdut.x222.11                      -7.94615e-19
xdut.x222.21                      -7.94615e-19
xdut.x223.11                      -7.94615e-19
xdut.x223.21                      -7.94615e-19
xdut.xbias__xr2__9                -7.94615e-19
xdut.xbias__xr2__10               -7.94615e-19
xdut.x224.11                      -7.94615e-19
xdut.x224.21                      -7.94615e-19
xdut.x225.11                      -7.94615e-19
xdut.x225.21                      -7.94615e-19
xdut.xbias__xr2__11               -7.94615e-19
xdut.xbias__xr2__12               -7.94615e-19
xdut.x226.11                      -7.94615e-19
xdut.x226.21                      -7.94615e-19
xdut.x227.11                      -7.94615e-19
xdut.x227.21                      -7.94615e-19
xdut.xbias__xr2__13               -7.94615e-19
xdut.xbias__xr2__14               -7.94615e-19
xdut.x228.11                      -7.94615e-19
xdut.x228.21                      -7.94615e-19
xdut.x229.11                      -7.94615e-19
xdut.x229.21                      -7.94615e-19
xdut.xbias__xr2__15               -7.94615e-19
xdut.x230.11                      -7.94615e-19
xdut.x230.21                      -7.94615e-19
xdut.x231.11                      -3.20521e-19
xdut.x231.21                      -3.20521e-19
xdut.xbias__xrz__1                -3.20521e-19
xdut.xbias__xrz__2                -3.20521e-19
xdut.x232.11                      -3.20521e-19
xdut.x232.21                      -3.20521e-19
xdut.x233.11                      -3.20521e-19
xdut.x233.21                      -3.20521e-19
xdut.xbias__xrz__3                -3.20521e-19
xdut.x234.11                      -3.20521e-19
xdut.x234.21                      -3.20521e-19
xdut.x235.11                       -6.3789e-20
xdut.x235.21                       -6.3789e-20
xdut.xbias__xr1__1                 -6.3789e-20
xdut.x236.11                       -6.3789e-20
xdut.x236.21                       -6.3789e-20
xdut.x237.11                       -6.3789e-20
xdut.x237.21                       -6.3789e-20
xdut.xbias__xrt__1                 -6.3789e-20
xdut.x238.11                       -6.3789e-20
xdut.x238.21                       -6.3789e-20
xdut.xbias__nt__par               -3.74631e-19
xdut.xtemp__xrz__2__par            6.52817e-20
xdut.xtemp__xrz__4__par            6.52817e-20
xdut.xtemp__xrz__6__par            6.52817e-20
xdut.xtemp__xrz__8__par            6.52817e-20
xdut.xbias__n1__par               -5.00927e-19
xdut.xtemp__xr2f__2__par           3.55814e-28
xdut.xtemp__xr2f__4__par           3.28549e-28
xdut.xtemp__xr2f__6__par           3.01284e-28
xdut.xtemp__xr2f__8__par           2.74019e-28
xdut.xtemp__xr2f__10__par          2.46754e-28
xdut.xtemp__xr2f__12__par           2.1949e-28
xdut.xtemp__xr2f__14__par          1.92225e-28
xdut.xtemp__xr2f__16__par           1.6496e-28
xdut.xtemp__xr2f__18__par          1.37695e-28
xdut.xtemp__xr2f__20__par          1.10431e-28
xdut.xbias__n2__par               -3.20521e-19
xdut.xtemp__xr2f__22__par          8.31657e-29
xdut.xtemp__xr2t0__1__par          4.57709e-31
xdut.xtemp__xr2t1__1__par          1.81475e-30
xdut.xbias__tok__par              -1.27368e-20
xdut.xtemp__xr2t2__1__par          4.49848e-30
xdut.xtemp__xr2t3__1__par          9.83622e-30
xdut.xbias__noko__par             -1.56758e-19
xdut.xtemp__xriso__1__par         -3.71165e-19
xdut.xtemp__xr2t4__1__par          2.04801e-29
xdut.xtemp__xr1__1__par           -1.41416e-18
xdut.xtemp__xrz__1__par            6.52817e-20
xdut.xtemp__xrz__3__par            6.52817e-20
xdut.xtemp__xrz__5__par            6.52817e-20
xdut.xbias__nokl__par              4.36463e-20
xdut.xtemp__xrz__7__par            6.52817e-20
xdut.xtemp__xrz__9__par            6.52817e-20
xdut.xtemp__xr2f__1__par           3.69446e-28
xdut.xtemp__xr2f__3__par           3.42181e-28
xdut.xtemp__xr2f__5__par           3.14916e-28
xdut.xtemp__xr2f__7__par           2.87652e-28
xdut.xtemp__xr2f__9__par           2.60387e-28
xdut.xtemp__xr2f__11__par          2.33122e-28
xdut.xtemp__xr2f__13__par          2.05857e-28
xdut.xtemp__xr2f__15__par          1.78593e-28
xdut.xbias__nkg__par               6.95639e-19
xdut.xtemp__xr2f__17__par          1.51328e-28
xdut.xtemp__xr2f__19__par          1.24063e-28
xdut.xtemp__xr2f__21__par          9.67981e-29
xdut.xtemp__xr2f__23__par          6.95333e-29
xdut.xtemp__xr2t5__1__par          4.17358e-29
xdut.xbias__nb__par                -6.3789e-20
xdut.xcmp__vdda__par               1.60206e-20
xdut.xcmp__na__par                -1.26827e-18
xdut.xcmp__cmpo__par               1.14913e-18
xdut.xcmp__n1__par                -5.32585e-19
xdut.xcmp__tn__par                 1.82475e-20
xdut.xcmp__sns__par                          0
xdut.xcmp__nbg__par                 1.6937e-18
xdut.xcmp__snsb__par                         0
xdut.xpor__pdn__par               -8.05537e-81
xdut.xpor__ndl__par                9.25935e-54
xdut.xpor__ndgn__par              -1.62378e-18
xdut.xpor__pgdg__par               9.77606e-19
xdut.xpor__pgdgb__par              5.36465e-19
xdut.xpor__nd1__par                1.39949e-20
xdut.xpor__nnand__par             -1.01135e-18
xdut.xpor__ndgp__par                9.8354e-19
xdut.xpor__nts__par               -4.52539e-20
xdut.xpor__rstb__par               -7.9386e-19
xdut.xbias__nkm__par               6.07223e-19
xdut.xbias__nokx__par              4.42126e-19
xdut.xbias__ks1__par               5.83924e-21
xdut.xbias__ks2__par              -1.15354e-19
xdut.xbias__ks3__par              -1.96024e-20
xdut.xbias__ks4__par               1.61021e-19
xdut.xbias__ec__par                -6.3789e-20
xdut.xbias__nz__par               -3.20521e-19
xdut.xpor__ndg__par               -1.70071e-19
xdut.xpor__tim__par                2.28879e-19
xdut.xpor__trip__par               1.34991e-30
xdut.xbias__xr2__2__par           -7.94614e-19
xdut.xbias__xr2__4__par           -7.94614e-19
xdut.xbias__xr2__6__par           -7.94614e-19
xdut.xbias__xr2__8__par           -7.94615e-19
xdut.xbias__xr2__10__par          -7.94615e-19
xdut.xbias__xr2__12__par          -7.94615e-19
xdut.xbias__pg__par                 4.9706e-20
xdut.xbias__xr2__14__par          -7.94615e-19
xdut.xbias__xrz__2__par           -3.20521e-19
xdut.xbias__xrt__1__par            -6.3789e-20
xdut.xbias__na__par               -2.54409e-19
xdut.xbias__er__par               -7.94615e-19
xdut.xbias__nbtop__par             -6.3789e-20
xdut.xbias__nbg__par              -1.23611e-19
xdut.xbias__xrz__1__par           -3.20521e-19
xdut.xbias__xrz__3__par           -3.20521e-19
xdut.xbias__xr1__1__par            -6.3789e-20
xdut.xbias__xr2__13__par          -7.94615e-19
xdut.xbias__xr2__11__par          -7.94615e-19
xdut.xbias__xr2__1__par           -7.94614e-19
xdut.xbias__xr2__3__par           -7.94614e-19
xdut.xbias__xr2__5__par           -7.94614e-19
xdut.xbias__xr2__7__par           -7.94615e-19
xdut.xbias__xr2__9__par           -7.94615e-19
xdut.xbias__pb__par               -5.64073e-19
xdut.xbias__xr2__15__par          -7.94615e-19
xdut.bias_ok__par                 -1.44315e-18
xdut.xcmp__bias_okb__par           1.00138e-18
xdut.ctat__par                    -3.71165e-19
xdut.resetn__par                   1.77525e-18
xdut.xtemp__enb__par              -2.45082e-19
xdut.ibias__par                    1.10083e-18
xdut.xtemp__m1d__par               3.87541e-20
xdut.xtemp__m2d__par               7.53972e-20
xdut.xtemp__m3d__par              -4.41082e-22
xdut.xtemp__n1__par               -8.02618e-19
xdut.xtemp__n2__par                6.52817e-20
xdut.xtemp__na__par               -3.71165e-19
xdut.xtemp__nb__par               -1.41416e-18
xdut.xtemp__nbg__par                -1.801e-18
xdut.xtemp__nc__par               -1.41416e-18
xdut.xtemp__nd__par                1.47384e-18
xdut.xtemp__nr__par                1.42831e-19
xdut.xtemp__nt__par               -6.99451e-19
xdut.xtemp__nz__par                6.52817e-20
xdut.xtemp__pb__par                5.84283e-19
xdut.xtemp__pcas__par             -2.89103e-19
xdut.xtemp__pg__par               -1.14569e-19
xdut.por_raw__par                  8.36676e-19
xdut.ptat__par                     3.83078e-28
xdut.xtemp__t0__par                9.15419e-31
xdut.xtemp__t1__par                2.71407e-30
xdut.xtemp__t2__par                6.28288e-30
xdut.xtemp__t3__par                1.33896e-29
xdut.xtemp__t4__par                2.75707e-29
xdut.xtemp__t5__par                5.59009e-29
xdut.vdd__par                                0
xdut.vref__par                    -7.94614e-19
xdut.vss__par                                0
vsup#branch                        4.49067e-29

 Reference value :  0.00000e+00
 Reference value :  2.29393e-04
 Reference value :  3.47777e-04
 Reference value :  3.64398e-04
 Reference value :  8.40674e-04
 Reference value :  8.60394e-04
 Reference value :  8.70563e-04
 Reference value :  3.56834e-03
 Reference value :  7.06834e-03
 Reference value :  8.43255e-03
 Reference value :  8.43455e-03
 Reference value :  8.43711e-03
 Reference value :  1.02143e-02
 Reference value :  1.37143e-02
 Reference value :  1.70543e-02
 Reference value :  2.01852e-02
 Reference value :  2.02054e-02
 Reference value :  2.02104e-02
 Reference value :  2.02124e-02
 Reference value :  2.03036e-02
 Reference value :  2.10628e-02
 Reference value :  2.17979e-02
 Reference value :  2.18175e-02
 Reference value :  2.18279e-02
No. of Data Rows : 2539
vrst_pre            =  3.30000e+00
rst_r_min_overall   =  -5.06830e-07 at=  2.02124e-02
vdd_settled         =  3.30000e+00
bok_r_min           =  -7.89062e-08 at=  2.10000e-02
rst_r_min           =  -5.06830e-07 at=  2.02124e-02
praw_r_min          =  -1.97259e-04 at=  2.02054e-02
vrst_floor          =  1.91249e-09
vdd_dip             =  1.00000e+00
m_resetn_pre_dip_v = 3.2999990000e+00
m_vdd_dip_v = 1.0000000000e+00
m_bias_ok_ratio_min_in_dip = -7.890617000e-08
m_resetn_ratio_min_in_dip = -5.068301000e-07
m_por_raw_ratio_min_in_dip = -1.972585000e-04
m_resetn_ratio_min_overall = -5.068301000e-07
m_resetn_floor_in_dip_mv = 1.9124860000e-06
Note: Simulation executed from .control section 

Warning: m=xx on .subckt line will override multiplier m hierarchy!

