
Note: Compatibility modes selected: hs a


Circuit: * por-threshold-mc mc @ hysteresis-min_ff_125c_2.97v_s0241 -- generated by sim/harness, do not edit

Doing analysis at TEMP = 125.000000 and TNOM = 27.000000

Using SPARSE 1.3 as Direct Linear Solver

Initial Transient Solution
--------------------------

Node                                   Voltage
----                                   -------
vdd                                          0
bias_ok                                   2.97
vref                                       1.2
ibias                                 0.498279
xdut.tn                            3.87942e-21
xdut.nbg                              0.498278
xdut.bias_okb                                0
xdut.n1                            3.09685e-18
xdut.cmpo                          3.90608e-21
por_raw                            3.33072e-19
xdut.na                            3.41752e-19
xdut.sns                          3.59923e-260
xdut.snsb                        -1.67203e-260
xdut.vdda                           3.6747e-18
xdut.x19.11                       3.59922e-260
xdut.x19.21                       8.51966e-266
xdut.x20.11                      -1.67204e-260
xdut.x20.21                       3.59924e-260
xdut.x21.11                      -8.33688e-266
xdut.x21.21                      -1.67203e-260
xdut.sns__par                     3.59923e-260
xdut.nbg__par                         0.498278
xdut.snsb__par                   -1.67203e-260
xdut.vdda__par                      3.6747e-18
xdut.na__par                       3.41752e-19
xdut.cmpo__par                     3.90608e-21
xdut.n1__par                       3.09685e-18
xdut.tn__par                       3.87942e-21
xdut.bias_ok__par                         2.97
xdut.bias_okb__par                           0
xdut.ibias__par                       0.498279
xdut.por_raw__par                  3.33072e-19
xdut.vdd__par                                0
xdut.vref__par                             1.2
xdut.vss__par                                0
vref#branch                       -1.20509e-19
vok#branch                         1.31304e-19
vsup#branch                             -5e-07

 Reference value :  4.40049e-03
 Reference value :  1.40971e-02
No. of Data Rows : 3245
vpor_rise           =  2.61507e+00
vpor_rise_last      =  2.61507e+00
vpor_fall           =  2.45377e+00
vpor_fall_last      =  2.45377e+00
sns_rise            =  1.20570e+00
sns_fall            =  1.18945e+00
m_vpor_rise_v = 2.6150730000e+00
m_vpor_fall_v = 2.4537650000e+00
m_v_hys_mv = 1.6130800000e+02
m_rise_chatter_mv = 0.0000000000e+00
m_fall_chatter_mv = 0.0000000000e+00
m_comp_offs_rise_mv = 5.6970000000e+00
m_comp_offs_fall_mv = -1.054600000e+01
Note: Simulation executed from .control section 

Warning: m=xx on .subckt line will override multiplier m hierarchy!

