
Note: Compatibility modes selected: hs a


Circuit: * por-threshold-mc mc @ hysteresis-min_ff_125c_2.97v_s0038 -- generated by sim/harness, do not edit

Doing analysis at TEMP = 125.000000 and TNOM = 27.000000

Using SPARSE 1.3 as Direct Linear Solver

Initial Transient Solution
--------------------------

Node                                   Voltage
----                                   -------
vdd                                          0
bias_ok                                   2.97
vref                                       1.2
ibias                                  0.50992
xdut.tn                           -6.80378e-22
xdut.nbg                               0.50992
xdut.bias_okb                                0
xdut.n1                            1.98221e-18
xdut.cmpo                         -6.79476e-22
por_raw                           -2.00412e-18
xdut.na                            8.44562e-18
xdut.sns                         -7.70503e-260
xdut.snsb                        -1.34837e-260
xdut.vdda                          4.33856e-18
xdut.x19.11                      -7.70505e-260
xdut.x19.21                        1.2234e-265
xdut.x20.11                      -1.34838e-260
xdut.x20.21                      -7.70502e-260
xdut.x21.11                      -1.20761e-265
xdut.x21.21                      -1.34836e-260
xdut.sns__par                    -7.70503e-260
xdut.nbg__par                          0.50992
xdut.snsb__par                   -1.34837e-260
xdut.vdda__par                     4.33856e-18
xdut.na__par                       8.44562e-18
xdut.cmpo__par                    -6.79476e-22
xdut.n1__par                       1.98221e-18
xdut.tn__par                      -6.80378e-22
xdut.bias_ok__par                         2.97
xdut.bias_okb__par                           0
xdut.ibias__par                        0.50992
xdut.por_raw__par                 -2.00412e-18
xdut.vdd__par                                0
xdut.vref__par                             1.2
xdut.vss__par                                0
vref#branch                       -1.20509e-19
vok#branch                         1.31304e-19
vsup#branch                             -5e-07

 Reference value :  4.24629e-03
 Reference value :  1.38045e-02
No. of Data Rows : 3246
vpor_rise           =  2.59091e+00
vpor_rise_last      =  2.59091e+00
vpor_fall           =  2.43285e+00
vpor_fall_last      =  2.43285e+00
sns_rise            =  1.19455e+00
sns_fall            =  1.18007e+00
m_vpor_rise_v = 2.5909130000e+00
m_vpor_fall_v = 2.4328490000e+00
m_v_hys_mv = 1.5806400000e+02
m_rise_chatter_mv = 0.0000000000e+00
m_fall_chatter_mv = 0.0000000000e+00
m_comp_offs_rise_mv = -5.454000000e+00
m_comp_offs_fall_mv = -1.992700000e+01
Note: Simulation executed from .control section 

Warning: m=xx on .subckt line will override multiplier m hierarchy!

