
Note: Compatibility modes selected: hs a


Circuit: * por-threshold-mc mc @ hysteresis-min_ff_125c_2.97v_s0406 -- generated by sim/harness, do not edit

Doing analysis at TEMP = 125.000000 and TNOM = 27.000000

Using SPARSE 1.3 as Direct Linear Solver

Initial Transient Solution
--------------------------

Node                                   Voltage
----                                   -------
vdd                                          0
bias_ok                                   2.97
vref                                       1.2
ibias                                 0.503335
xdut.tn                            -2.8392e-18
xdut.nbg                              0.503335
xdut.bias_okb                                0
xdut.n1                           -3.29488e-18
xdut.cmpo                         -2.83917e-18
por_raw                            4.63743e-18
xdut.na                           -9.31921e-18
xdut.sns                         -5.41892e-243
xdut.snsb                        -8.22465e-243
xdut.vdda                          6.16593e-18
xdut.x19.11                      -5.41892e-243
xdut.x19.21                       3.79441e-249
xdut.x20.11                      -8.22465e-243
xdut.x20.21                      -5.41891e-243
xdut.x21.11                      -2.81392e-249
xdut.x21.21                      -8.22464e-243
xdut.sns__par                    -5.41892e-243
xdut.nbg__par                         0.503335
xdut.snsb__par                   -8.22465e-243
xdut.vdda__par                     6.16593e-18
xdut.na__par                      -9.31921e-18
xdut.cmpo__par                    -2.83917e-18
xdut.n1__par                      -3.29488e-18
xdut.tn__par                       -2.8392e-18
xdut.bias_ok__par                         2.97
xdut.bias_okb__par                           0
xdut.ibias__par                       0.503335
xdut.por_raw__par                  4.63743e-18
xdut.vdd__par                                0
xdut.vref__par                             1.2
xdut.vss__par                                0
vref#branch                       -1.20509e-19
vok#branch                         1.31304e-19
vsup#branch                             -5e-07

 Reference value :  4.31129e-03
 Reference value :  1.38916e-02
No. of Data Rows : 3245
vpor_rise           =  2.60068e+00
vpor_rise_last      =  2.60068e+00
vpor_fall           =  2.44120e+00
vpor_fall_last      =  2.44120e+00
sns_rise            =  1.19906e+00
sns_fall            =  1.18363e+00
m_vpor_rise_v = 2.6006830000e+00
m_vpor_fall_v = 2.4412020000e+00
m_v_hys_mv = 1.5948100000e+02
m_rise_chatter_mv = 0.0000000000e+00
m_fall_chatter_mv = 0.0000000000e+00
m_comp_offs_rise_mv = -9.440000000e-01
m_comp_offs_fall_mv = -1.636800000e+01
Note: Simulation executed from .control section 

Warning: m=xx on .subckt line will override multiplier m hierarchy!

