
Note: Compatibility modes selected: hs a


Circuit: * por-threshold-mc mc @ hysteresis-min_ff_125c_2.97v_s0008 -- generated by sim/harness, do not edit

Doing analysis at TEMP = 125.000000 and TNOM = 27.000000

Using SPARSE 1.3 as Direct Linear Solver

Initial Transient Solution
--------------------------

Node                                   Voltage
----                                   -------
vdd                                          0
bias_ok                                   2.97
vref                                       1.2
ibias                                 0.504614
xdut.tn                           -8.21378e-22
xdut.nbg                              0.504614
xdut.bias_okb                                0
xdut.n1                             9.7113e-19
xdut.cmpo                         -8.27555e-22
por_raw                              1.678e-18
xdut.na                           -7.21395e-19
xdut.sns                         -1.01926e-259
xdut.snsb                        -2.92822e-259
xdut.vdda                          3.45053e-19
xdut.x19.11                      -1.01926e-259
xdut.x19.21                      -1.63327e-265
xdut.x20.11                      -2.92822e-259
xdut.x20.21                      -1.01926e-259
xdut.x21.11                       1.96932e-265
xdut.x21.21                      -2.92822e-259
xdut.sns__par                    -1.01926e-259
xdut.nbg__par                         0.504614
xdut.snsb__par                   -2.92822e-259
xdut.vdda__par                     3.45053e-19
xdut.na__par                      -7.21395e-19
xdut.cmpo__par                    -8.27555e-22
xdut.n1__par                        9.7113e-19
xdut.tn__par                      -8.21378e-22
xdut.bias_ok__par                         2.97
xdut.bias_okb__par                           0
xdut.ibias__par                       0.504614
xdut.por_raw__par                    1.678e-18
xdut.vdd__par                                0
xdut.vref__par                             1.2
xdut.vss__par                                0
vref#branch                       -1.20509e-19
vok#branch                         1.31304e-19
vsup#branch                             -5e-07

 Reference value :  4.21129e-03
 Reference value :  1.39697e-02
No. of Data Rows : 3246
vpor_rise           =  2.60478e+00
vpor_rise_last      =  2.60478e+00
vpor_fall           =  2.44515e+00
vpor_fall_last      =  2.44515e+00
sns_rise            =  1.20095e+00
sns_fall            =  1.18560e+00
m_vpor_rise_v = 2.6047820000e+00
m_vpor_fall_v = 2.4451490000e+00
m_v_hys_mv = 1.5963300000e+02
m_rise_chatter_mv = 0.0000000000e+00
m_fall_chatter_mv = 0.0000000000e+00
m_comp_offs_rise_mv = 9.4700000000e-01
m_comp_offs_fall_mv = -1.440100000e+01
Note: Simulation executed from .control section 

Warning: m=xx on .subckt line will override multiplier m hierarchy!

