
Note: Compatibility modes selected: hs a


Circuit: * por-threshold-mc mc @ hysteresis-min_ff_125c_2.97v_s0065 -- generated by sim/harness, do not edit

Doing analysis at TEMP = 125.000000 and TNOM = 27.000000

Using SPARSE 1.3 as Direct Linear Solver

Initial Transient Solution
--------------------------

Node                                   Voltage
----                                   -------
vdd                                          0
bias_ok                                   2.97
vref                                       1.2
ibias                                 0.505905
xdut.tn                           -2.74259e-18
xdut.nbg                              0.505905
xdut.bias_okb                                0
xdut.n1                            1.49458e-18
xdut.cmpo                         -2.74256e-18
por_raw                            4.59504e-18
xdut.na                           -2.29765e-20
xdut.sns                          1.81088e-244
xdut.snsb                         1.37764e-243
xdut.vdda                         -2.58847e-18
xdut.x19.11                       1.81089e-244
xdut.x19.21                      -5.22479e-250
xdut.x20.11                       1.37764e-243
xdut.x20.21                       1.81088e-244
xdut.x21.11                       3.66086e-250
xdut.x21.21                       1.37764e-243
xdut.sns__par                     1.81088e-244
xdut.nbg__par                         0.505905
xdut.snsb__par                    1.37764e-243
xdut.vdda__par                    -2.58847e-18
xdut.na__par                      -2.29765e-20
xdut.cmpo__par                    -2.74256e-18
xdut.n1__par                       1.49458e-18
xdut.tn__par                      -2.74259e-18
xdut.bias_ok__par                         2.97
xdut.bias_okb__par                           0
xdut.ibias__par                       0.505905
xdut.por_raw__par                  4.59504e-18
xdut.vdd__par                                0
xdut.vref__par                             1.2
xdut.vss__par                                0
vref#branch                       -1.20509e-19
vok#branch                         1.31304e-19
vsup#branch                             -5e-07

 Reference value :  4.37484e-03
 Reference value :  1.40950e-02
No. of Data Rows : 3245
vpor_rise           =  2.59953e+00
vpor_rise_last      =  2.59953e+00
vpor_fall           =  2.43950e+00
vpor_fall_last      =  2.43950e+00
sns_rise            =  1.19852e+00
sns_fall            =  1.18266e+00
m_vpor_rise_v = 2.5995270000e+00
m_vpor_fall_v = 2.4394960000e+00
m_v_hys_mv = 1.6003100000e+02
m_rise_chatter_mv = 0.0000000000e+00
m_fall_chatter_mv = 0.0000000000e+00
m_comp_offs_rise_mv = -1.478000000e+00
m_comp_offs_fall_mv = -1.734300000e+01
Note: Simulation executed from .control section 

Warning: m=xx on .subckt line will override multiplier m hierarchy!

