
Note: Compatibility modes selected: hs a


Circuit: * por-threshold-mc mc @ hysteresis-min_ff_125c_2.97v_s0449 -- generated by sim/harness, do not edit

Doing analysis at TEMP = 125.000000 and TNOM = 27.000000

Using SPARSE 1.3 as Direct Linear Solver

Initial Transient Solution
--------------------------

Node                                   Voltage
----                                   -------
vdd                                          0
bias_ok                                   2.97
vref                                       1.2
ibias                                 0.503677
xdut.tn                            5.91385e-18
xdut.nbg                              0.503676
xdut.bias_okb                                0
xdut.n1                            4.39945e-19
xdut.cmpo                          5.91382e-18
por_raw                           -3.02422e-18
xdut.na                           -7.10064e-19
xdut.sns                          2.93114e-244
xdut.snsb                         1.21793e-244
xdut.vdda                          2.48807e-18
xdut.x19.11                       2.93114e-244
xdut.x19.21                       -3.5655e-250
xdut.x20.11                       1.21793e-244
xdut.x20.21                       2.93113e-244
xdut.x21.11                       3.43481e-250
xdut.x21.21                       1.21792e-244
xdut.sns__par                     2.93114e-244
xdut.nbg__par                         0.503676
xdut.snsb__par                    1.21793e-244
xdut.vdda__par                     2.48807e-18
xdut.na__par                      -7.10064e-19
xdut.cmpo__par                     5.91382e-18
xdut.n1__par                       4.39945e-19
xdut.tn__par                       5.91385e-18
xdut.bias_ok__par                         2.97
xdut.bias_okb__par                           0
xdut.ibias__par                       0.503677
xdut.por_raw__par                 -3.02422e-18
xdut.vdd__par                                0
xdut.vref__par                             1.2
xdut.vss__par                                0
vref#branch                       -1.20509e-19
vok#branch                         1.31304e-19
vsup#branch                             -5e-07

 Reference value :  4.39199e-03
 Reference value :  1.39561e-02
No. of Data Rows : 3247
vpor_rise           =  2.61010e+00
vpor_rise_last      =  2.61010e+00
vpor_fall           =  2.45014e+00
vpor_fall_last      =  2.45014e+00
sns_rise            =  1.20340e+00
sns_fall            =  1.18807e+00
m_vpor_rise_v = 2.6101050000e+00
m_vpor_fall_v = 2.4501360000e+00
m_v_hys_mv = 1.5996900000e+02
m_rise_chatter_mv = 0.0000000000e+00
m_fall_chatter_mv = 0.0000000000e+00
m_comp_offs_rise_mv = 3.4040000000e+00
m_comp_offs_fall_mv = -1.193300000e+01
Note: Simulation executed from .control section 

Warning: m=xx on .subckt line will override multiplier m hierarchy!

