
Note: Compatibility modes selected: hs a


Circuit: * por-threshold-mc mc @ hysteresis-min_ff_125c_2.97v_s0077 -- generated by sim/harness, do not edit

Doing analysis at TEMP = 125.000000 and TNOM = 27.000000

Using SPARSE 1.3 as Direct Linear Solver

Initial Transient Solution
--------------------------

Node                                   Voltage
----                                   -------
vdd                                          0
bias_ok                                   2.97
vref                                       1.2
ibias                                 0.503488
xdut.tn                            2.07024e-21
xdut.nbg                              0.503488
xdut.bias_okb                                0
xdut.n1                           -2.17244e-18
xdut.cmpo                          2.07838e-21
por_raw                           -2.34098e-18
xdut.na                           -5.58347e-19
xdut.sns                          2.80109e-262
xdut.snsb                         9.72656e-263
xdut.vdda                          8.15963e-18
xdut.x19.11                        2.8011e-262
xdut.x19.21                      -1.55324e-267
xdut.x20.11                       9.72671e-263
xdut.x20.21                       2.80107e-262
xdut.x21.11                       1.54225e-267
xdut.x21.21                        9.7264e-263
xdut.sns__par                     2.80109e-262
xdut.nbg__par                         0.503488
xdut.snsb__par                    9.72656e-263
xdut.vdda__par                     8.15963e-18
xdut.na__par                      -5.58347e-19
xdut.cmpo__par                     2.07838e-21
xdut.n1__par                      -2.17244e-18
xdut.tn__par                       2.07024e-21
xdut.bias_ok__par                         2.97
xdut.bias_okb__par                           0
xdut.ibias__par                       0.503488
xdut.por_raw__par                 -2.34098e-18
xdut.vdd__par                                0
xdut.vref__par                             1.2
xdut.vss__par                                0
vref#branch                       -1.20509e-19
vok#branch                         1.31304e-19
vsup#branch                             -5e-07

 Reference value :  4.20629e-03
 Reference value :  1.37035e-02
No. of Data Rows : 3246
vpor_rise           =  2.59941e+00
vpor_rise_last      =  2.59941e+00
vpor_fall           =  2.43998e+00
vpor_fall_last      =  2.43998e+00
sns_rise            =  1.19847e+00
sns_fall            =  1.18289e+00
m_vpor_rise_v = 2.5994080000e+00
m_vpor_fall_v = 2.4399820000e+00
m_v_hys_mv = 1.5942600000e+02
m_rise_chatter_mv = 0.0000000000e+00
m_fall_chatter_mv = 0.0000000000e+00
m_comp_offs_rise_mv = -1.533000000e+00
m_comp_offs_fall_mv = -1.711300000e+01
Note: Simulation executed from .control section 

Warning: m=xx on .subckt line will override multiplier m hierarchy!

