
Note: Compatibility modes selected: hs a


Circuit: * por-threshold-mc mc @ hysteresis-min_ff_125c_2.97v_s0005 -- generated by sim/harness, do not edit

Doing analysis at TEMP = 125.000000 and TNOM = 27.000000

Using SPARSE 1.3 as Direct Linear Solver

Initial Transient Solution
--------------------------

Node                                   Voltage
----                                   -------
vdd                                          0
bias_ok                                   2.97
vref                                       1.2
ibias                                  0.50201
xdut.tn                           -3.04887e-19
xdut.nbg                               0.50201
xdut.bias_okb                                0
xdut.n1                            4.35484e-18
xdut.cmpo                         -3.04846e-19
por_raw                            3.18925e-18
xdut.na                            2.22882e-18
xdut.sns                          3.73062e-230
xdut.snsb                         1.91352e-230
xdut.vdda                          2.65349e-19
xdut.x19.11                       3.73062e-230
xdut.x19.21                       2.19717e-236
xdut.x20.11                       1.91351e-230
xdut.x20.21                       3.73062e-230
xdut.x21.11                      -2.41892e-236
xdut.x21.21                       1.91352e-230
xdut.sns__par                     3.73062e-230
xdut.nbg__par                          0.50201
xdut.snsb__par                    1.91352e-230
xdut.vdda__par                     2.65349e-19
xdut.na__par                       2.22882e-18
xdut.cmpo__par                    -3.04846e-19
xdut.n1__par                       4.35484e-18
xdut.tn__par                      -3.04887e-19
xdut.bias_ok__par                         2.97
xdut.bias_okb__par                           0
xdut.ibias__par                        0.50201
xdut.por_raw__par                  3.18925e-18
xdut.vdd__par                                0
xdut.vref__par                             1.2
xdut.vss__par                                0
vref#branch                       -1.20509e-19
vok#branch                         1.31304e-19
vsup#branch                             -5e-07

 Reference value :  4.15129e-03
 Reference value :  1.38090e-02
No. of Data Rows : 3245
vpor_rise           =  2.59958e+00
vpor_rise_last      =  2.59958e+00
vpor_fall           =  2.43996e+00
vpor_fall_last      =  2.43996e+00
sns_rise            =  1.19855e+00
sns_fall            =  1.18269e+00
m_vpor_rise_v = 2.5995790000e+00
m_vpor_fall_v = 2.4399550000e+00
m_v_hys_mv = 1.5962400000e+02
m_rise_chatter_mv = 0.0000000000e+00
m_fall_chatter_mv = 0.0000000000e+00
m_comp_offs_rise_mv = -1.454000000e+00
m_comp_offs_fall_mv = -1.731400000e+01
Note: Simulation executed from .control section 

Warning: m=xx on .subckt line will override multiplier m hierarchy!

