
Note: Compatibility modes selected: hs a


Circuit: * por-threshold-mc mc @ hysteresis-min_ff_125c_2.97v_s0184 -- generated by sim/harness, do not edit

Doing analysis at TEMP = 125.000000 and TNOM = 27.000000

Using SPARSE 1.3 as Direct Linear Solver

Initial Transient Solution
--------------------------

Node                                   Voltage
----                                   -------
vdd                                          0
bias_ok                                   2.97
vref                                       1.2
ibias                                 0.503915
xdut.tn                           -4.02475e-18
xdut.nbg                              0.503915
xdut.bias_okb                                0
xdut.n1                            3.28652e-19
xdut.cmpo                         -4.02478e-18
por_raw                            4.95063e-18
xdut.na                           -3.46071e-18
xdut.sns                         -8.36107e-246
xdut.snsb                        -1.17378e-245
xdut.vdda                         -3.76981e-18
xdut.x19.11                      -8.36108e-246
xdut.x19.21                       7.39606e-252
xdut.x20.11                      -1.17378e-245
xdut.x20.21                      -8.36107e-246
xdut.x21.11                      -5.96891e-252
xdut.x21.21                      -1.17378e-245
xdut.sns__par                    -8.36107e-246
xdut.nbg__par                         0.503915
xdut.snsb__par                   -1.17378e-245
xdut.vdda__par                    -3.76981e-18
xdut.na__par                      -3.46071e-18
xdut.cmpo__par                    -4.02478e-18
xdut.n1__par                       3.28652e-19
xdut.tn__par                      -4.02475e-18
xdut.bias_ok__par                         2.97
xdut.bias_okb__par                           0
xdut.ibias__par                       0.503915
xdut.por_raw__par                  4.95063e-18
xdut.vdd__par                                0
xdut.vref__par                             1.2
xdut.vss__par                                0
vref#branch                       -1.20509e-19
vok#branch                         1.31304e-19
vsup#branch                             -5e-07

 Reference value :  4.33062e-03
 Reference value :  1.40023e-02
No. of Data Rows : 3246
vpor_rise           =  2.58402e+00
vpor_rise_last      =  2.58402e+00
vpor_fall           =  2.42574e+00
vpor_fall_last      =  2.42574e+00
sns_rise            =  1.19137e+00
sns_fall            =  1.17601e+00
m_vpor_rise_v = 2.5840230000e+00
m_vpor_fall_v = 2.4257430000e+00
m_v_hys_mv = 1.5828000000e+02
m_rise_chatter_mv = 0.0000000000e+00
m_fall_chatter_mv = 0.0000000000e+00
m_comp_offs_rise_mv = -8.634000000e+00
m_comp_offs_fall_mv = -2.398800000e+01
Note: Simulation executed from .control section 

Warning: m=xx on .subckt line will override multiplier m hierarchy!

