
Note: Compatibility modes selected: hs a


Circuit: * por-threshold-mc mc @ hysteresis-min_ff_125c_2.97v_s0388 -- generated by sim/harness, do not edit

Doing analysis at TEMP = 125.000000 and TNOM = 27.000000

Using SPARSE 1.3 as Direct Linear Solver

Initial Transient Solution
--------------------------

Node                                   Voltage
----                                   -------
vdd                                          0
bias_ok                                   2.97
vref                                       1.2
ibias                                 0.504313
xdut.tn                           -1.43357e-20
xdut.nbg                              0.504313
xdut.bias_okb                                0
xdut.n1                            2.30995e-18
xdut.cmpo                         -1.44279e-20
por_raw                            1.72495e-18
xdut.na                            1.61878e-18
xdut.sns                          1.74012e-263
xdut.snsb                        -1.60087e-260
xdut.vdda                          2.36755e-18
xdut.x19.11                       1.74011e-263
xdut.x19.21                       1.61254e-268
xdut.x20.11                      -1.60087e-260
xdut.x20.21                       1.74014e-263
xdut.x21.11                       1.66457e-267
xdut.x21.21                      -1.60087e-260
xdut.sns__par                     1.74012e-263
xdut.nbg__par                         0.504313
xdut.snsb__par                   -1.60087e-260
xdut.vdda__par                     2.36755e-18
xdut.na__par                       1.61878e-18
xdut.cmpo__par                    -1.44279e-20
xdut.n1__par                       2.30995e-18
xdut.tn__par                      -1.43357e-20
xdut.bias_ok__par                         2.97
xdut.bias_okb__par                           0
xdut.ibias__par                       0.504313
xdut.por_raw__par                  1.72495e-18
xdut.vdd__par                                0
xdut.vref__par                             1.2
xdut.vss__par                                0
vref#branch                       -1.20509e-19
vok#branch                         1.31304e-19
vsup#branch                             -5e-07

 Reference value :  4.34831e-03
 Reference value :  1.38507e-02
No. of Data Rows : 3246
vpor_rise           =  2.58535e+00
vpor_rise_last      =  2.58535e+00
vpor_fall           =  2.42681e+00
vpor_fall_last      =  2.42681e+00
sns_rise            =  1.19198e+00
sns_fall            =  1.17701e+00
m_vpor_rise_v = 2.5853450000e+00
m_vpor_fall_v = 2.4268140000e+00
m_v_hys_mv = 1.5853100000e+02
m_rise_chatter_mv = 0.0000000000e+00
m_fall_chatter_mv = 0.0000000000e+00
m_comp_offs_rise_mv = -8.024000000e+00
m_comp_offs_fall_mv = -2.299300000e+01
Note: Simulation executed from .control section 

Warning: m=xx on .subckt line will override multiplier m hierarchy!

