
Note: Compatibility modes selected: hs a


Circuit: * por-threshold-mc mc @ hysteresis-min_ff_125c_2.97v_s0156 -- generated by sim/harness, do not edit

Doing analysis at TEMP = 125.000000 and TNOM = 27.000000

Using SPARSE 1.3 as Direct Linear Solver

Initial Transient Solution
--------------------------

Node                                   Voltage
----                                   -------
vdd                                          0
bias_ok                                   2.97
vref                                       1.2
ibias                                 0.504325
xdut.tn                            3.71332e-21
xdut.nbg                              0.504324
xdut.bias_okb                                0
xdut.n1                           -2.85202e-18
xdut.cmpo                          3.74227e-21
por_raw                            6.49732e-18
xdut.na                            1.80076e-18
xdut.sns                          1.25004e-259
xdut.snsb                         2.76749e-259
xdut.vdda                         -9.59363e-19
xdut.x19.11                       1.25004e-259
xdut.x19.21                       1.66191e-265
xdut.x20.11                       2.76748e-259
xdut.x20.21                       1.25004e-259
xdut.x21.11                      -1.96649e-265
xdut.x21.21                       2.76749e-259
xdut.sns__par                     1.25004e-259
xdut.nbg__par                         0.504324
xdut.snsb__par                    2.76749e-259
xdut.vdda__par                    -9.59363e-19
xdut.na__par                       1.80076e-18
xdut.cmpo__par                     3.74227e-21
xdut.n1__par                      -2.85202e-18
xdut.tn__par                       3.71332e-21
xdut.bias_ok__par                         2.97
xdut.bias_okb__par                           0
xdut.ibias__par                       0.504325
xdut.por_raw__par                  6.49732e-18
xdut.vdd__par                                0
xdut.vref__par                             1.2
xdut.vss__par                                0
vref#branch                       -1.20509e-19
vok#branch                         1.31304e-19
vsup#branch                             -5e-07

 Reference value :  4.20629e-03
 Reference value :  1.38487e-02
No. of Data Rows : 3245
vpor_rise           =  2.60608e+00
vpor_rise_last      =  2.60608e+00
vpor_fall           =  2.44598e+00
vpor_fall_last      =  2.44598e+00
sns_rise            =  1.20155e+00
sns_fall            =  1.18574e+00
m_vpor_rise_v = 2.6060830000e+00
m_vpor_fall_v = 2.4459850000e+00
m_v_hys_mv = 1.6009800000e+02
m_rise_chatter_mv = 0.0000000000e+00
m_fall_chatter_mv = 0.0000000000e+00
m_comp_offs_rise_mv = 1.5480000000e+00
m_comp_offs_fall_mv = -1.426300000e+01
Note: Simulation executed from .control section 

Warning: m=xx on .subckt line will override multiplier m hierarchy!

