
Note: Compatibility modes selected: hs a


Circuit: * por-threshold-mc mc @ hysteresis-min_ff_125c_2.97v_s0115 -- generated by sim/harness, do not edit

Doing analysis at TEMP = 125.000000 and TNOM = 27.000000

Using SPARSE 1.3 as Direct Linear Solver

Initial Transient Solution
--------------------------

Node                                   Voltage
----                                   -------
vdd                                          0
bias_ok                                   2.97
vref                                       1.2
ibias                                  0.50752
xdut.tn                            -1.2958e-18
xdut.nbg                              0.507519
xdut.bias_okb                                0
xdut.n1                            1.67151e-18
xdut.cmpo                         -1.29586e-18
por_raw                            1.92997e-18
xdut.na                           -1.51384e-19
xdut.sns                          1.91405e-243
xdut.snsb                         2.65258e-243
xdut.vdda                          -6.1077e-19
xdut.x19.11                       1.91405e-243
xdut.x19.21                       2.67237e-249
xdut.x20.11                       2.65257e-243
xdut.x20.21                       1.91406e-243
xdut.x21.11                      -2.96547e-249
xdut.x21.21                       2.65258e-243
xdut.sns__par                     1.91405e-243
xdut.nbg__par                         0.507519
xdut.snsb__par                    2.65258e-243
xdut.vdda__par                     -6.1077e-19
xdut.na__par                      -1.51384e-19
xdut.cmpo__par                    -1.29586e-18
xdut.n1__par                       1.67151e-18
xdut.tn__par                       -1.2958e-18
xdut.bias_ok__par                         2.97
xdut.bias_okb__par                           0
xdut.ibias__par                        0.50752
xdut.por_raw__par                  1.92997e-18
xdut.vdd__par                                0
xdut.vref__par                             1.2
xdut.vss__par                                0
vref#branch                       -1.20509e-19
vok#branch                         1.31304e-19
vsup#branch                             -5e-07

 Reference value :  4.07129e-03
 Reference value :  1.38360e-02
No. of Data Rows : 3245
vpor_rise           =  2.61768e+00
vpor_rise_last      =  2.61768e+00
vpor_fall           =  2.45722e+00
vpor_fall_last      =  2.45722e+00
sns_rise            =  1.20690e+00
sns_fall            =  1.19140e+00
m_vpor_rise_v = 2.6176800000e+00
m_vpor_fall_v = 2.4572180000e+00
m_v_hys_mv = 1.6046200000e+02
m_rise_chatter_mv = 0.0000000000e+00
m_fall_chatter_mv = 0.0000000000e+00
m_comp_offs_rise_mv = 6.9000000000e+00
m_comp_offs_fall_mv = -8.605000000e+00
Note: Simulation executed from .control section 

Warning: m=xx on .subckt line will override multiplier m hierarchy!

