
Note: Compatibility modes selected: hs a


Circuit: * por-threshold-mc mc @ hysteresis-min_ff_125c_2.97v_s0452 -- generated by sim/harness, do not edit

Doing analysis at TEMP = 125.000000 and TNOM = 27.000000

Using SPARSE 1.3 as Direct Linear Solver

Initial Transient Solution
--------------------------

Node                                   Voltage
----                                   -------
vdd                                          0
bias_ok                                   2.97
vref                                       1.2
ibias                                 0.500566
xdut.tn                           -1.02773e-18
xdut.nbg                              0.500565
xdut.bias_okb                                0
xdut.n1                            1.77848e-18
xdut.cmpo                         -1.02773e-18
por_raw                            2.28811e-18
xdut.na                           -5.25806e-18
xdut.sns                          6.76412e-242
xdut.snsb                        -1.95167e-242
xdut.vdda                         -1.40463e-18
xdut.x19.11                       6.76411e-242
xdut.x19.21                       8.12574e-248
xdut.x20.11                      -1.95168e-242
xdut.x20.21                       6.76413e-242
xdut.x21.11                      -7.92225e-248
xdut.x21.21                      -1.95166e-242
xdut.sns__par                     6.76412e-242
xdut.nbg__par                         0.500565
xdut.snsb__par                   -1.95167e-242
xdut.vdda__par                    -1.40463e-18
xdut.na__par                      -5.25806e-18
xdut.cmpo__par                    -1.02773e-18
xdut.n1__par                       1.77848e-18
xdut.tn__par                      -1.02773e-18
xdut.bias_ok__par                         2.97
xdut.bias_okb__par                           0
xdut.ibias__par                       0.500566
xdut.por_raw__par                  2.28811e-18
xdut.vdd__par                                0
xdut.vref__par                             1.2
xdut.vss__par                                0
vref#branch                       -1.20509e-19
vok#branch                         1.31304e-19
vsup#branch                             -5e-07

 Reference value :  4.36390e-03
 Reference value :  1.40199e-02
No. of Data Rows : 3246
vpor_rise           =  2.59357e+00
vpor_rise_last      =  2.59357e+00
vpor_fall           =  2.43379e+00
vpor_fall_last      =  2.43379e+00
sns_rise            =  1.19577e+00
sns_fall            =  1.17996e+00
m_vpor_rise_v = 2.5935710000e+00
m_vpor_fall_v = 2.4337860000e+00
m_v_hys_mv = 1.5978500000e+02
m_rise_chatter_mv = 0.0000000000e+00
m_fall_chatter_mv = 0.0000000000e+00
m_comp_offs_rise_mv = -4.227000000e+00
m_comp_offs_fall_mv = -2.004000000e+01
Note: Simulation executed from .control section 

Warning: m=xx on .subckt line will override multiplier m hierarchy!

