
Note: Compatibility modes selected: hs a


Circuit: * por-threshold-mc mc @ hysteresis-min_ff_125c_2.97v_s0029 -- generated by sim/harness, do not edit

Doing analysis at TEMP = 125.000000 and TNOM = 27.000000

Using SPARSE 1.3 as Direct Linear Solver

Initial Transient Solution
--------------------------

Node                                   Voltage
----                                   -------
vdd                                          0
bias_ok                                   2.97
vref                                       1.2
ibias                                 0.506005
xdut.tn                            1.30735e-21
xdut.nbg                              0.506005
xdut.bias_okb                                0
xdut.n1                             2.4274e-18
xdut.cmpo                          1.31198e-21
por_raw                           -3.83833e-19
xdut.na                            3.26548e-18
xdut.sns                         -1.44248e-244
xdut.snsb                        -1.40825e-244
xdut.vdda                          4.94776e-18
xdut.x19.11                      -1.44247e-244
xdut.x19.21                      -2.44264e-250
xdut.x20.11                      -1.40824e-244
xdut.x20.21                      -1.44248e-244
xdut.x21.11                        2.6042e-250
xdut.x21.21                      -1.40825e-244
xdut.sns__par                    -1.44248e-244
xdut.nbg__par                         0.506005
xdut.snsb__par                   -1.40825e-244
xdut.vdda__par                     4.94776e-18
xdut.na__par                       3.26548e-18
xdut.cmpo__par                     1.31198e-21
xdut.n1__par                        2.4274e-18
xdut.tn__par                       1.30735e-21
xdut.bias_ok__par                         2.97
xdut.bias_okb__par                           0
xdut.ibias__par                       0.506005
xdut.por_raw__par                 -3.83833e-19
xdut.vdd__par                                0
xdut.vref__par                             1.2
xdut.vss__par                                0
vref#branch                       -1.20509e-19
vok#branch                         1.31304e-19
vsup#branch                             -5e-07

 Reference value :  4.33629e-03
 Reference value :  1.39582e-02
No. of Data Rows : 3246
vpor_rise           =  2.60153e+00
vpor_rise_last      =  2.60153e+00
vpor_fall           =  2.44262e+00
vpor_fall_last      =  2.44262e+00
sns_rise            =  1.19945e+00
sns_fall            =  1.18458e+00
m_vpor_rise_v = 2.6015310000e+00
m_vpor_fall_v = 2.4426150000e+00
m_v_hys_mv = 1.5891600000e+02
m_rise_chatter_mv = 0.0000000000e+00
m_fall_chatter_mv = 0.0000000000e+00
m_comp_offs_rise_mv = -5.530000000e-01
m_comp_offs_fall_mv = -1.542200000e+01
Note: Simulation executed from .control section 

Warning: m=xx on .subckt line will override multiplier m hierarchy!

