
Note: Compatibility modes selected: hs a


Circuit: * por-threshold-mc mc @ hysteresis-min_ff_125c_2.97v_s0177 -- generated by sim/harness, do not edit

Doing analysis at TEMP = 125.000000 and TNOM = 27.000000

Using SPARSE 1.3 as Direct Linear Solver

Initial Transient Solution
--------------------------

Node                                   Voltage
----                                   -------
vdd                                          0
bias_ok                                   2.97
vref                                       1.2
ibias                                 0.503667
xdut.tn                           -3.75096e-18
xdut.nbg                              0.503667
xdut.bias_okb                                0
xdut.n1                           -1.81363e-18
xdut.cmpo                         -3.75083e-18
por_raw                           -2.45707e-19
xdut.na                             1.2816e-18
xdut.sns                          4.90908e-242
xdut.snsb                         5.26839e-242
xdut.vdda                          2.35283e-19
xdut.x19.11                       4.90908e-242
xdut.x19.21                       7.33369e-248
xdut.x20.11                       5.26838e-242
xdut.x20.21                       4.90909e-242
xdut.x21.11                      -7.96897e-248
xdut.x21.21                        5.2684e-242
xdut.sns__par                     4.90908e-242
xdut.nbg__par                         0.503667
xdut.snsb__par                    5.26839e-242
xdut.vdda__par                     2.35283e-19
xdut.na__par                        1.2816e-18
xdut.cmpo__par                    -3.75083e-18
xdut.n1__par                      -1.81363e-18
xdut.tn__par                      -3.75096e-18
xdut.bias_ok__par                         2.97
xdut.bias_okb__par                           0
xdut.ibias__par                       0.503667
xdut.por_raw__par                 -2.45707e-19
xdut.vdd__par                                0
xdut.vref__par                             1.2
xdut.vss__par                                0
vref#branch                       -1.20509e-19
vok#branch                         1.31304e-19
vsup#branch                             -5e-07

 Reference value :  4.35608e-03
 Reference value :  1.40643e-02
No. of Data Rows : 3246
vpor_rise           =  2.58959e+00
vpor_rise_last      =  2.58959e+00
vpor_fall           =  2.43064e+00
vpor_fall_last      =  2.43064e+00
sns_rise            =  1.19394e+00
sns_fall            =  1.17845e+00
m_vpor_rise_v = 2.5895920000e+00
m_vpor_fall_v = 2.4306430000e+00
m_v_hys_mv = 1.5894900000e+02
m_rise_chatter_mv = 0.0000000000e+00
m_fall_chatter_mv = 0.0000000000e+00
m_comp_offs_rise_mv = -6.063000000e+00
m_comp_offs_fall_mv = -2.154500000e+01
Note: Simulation executed from .control section 

Warning: m=xx on .subckt line will override multiplier m hierarchy!

