
Note: Compatibility modes selected: hs a


Circuit: * por-threshold-mc mc @ hysteresis-min_ff_125c_2.97v_s0462 -- generated by sim/harness, do not edit

Doing analysis at TEMP = 125.000000 and TNOM = 27.000000

Using SPARSE 1.3 as Direct Linear Solver

Initial Transient Solution
--------------------------

Node                                   Voltage
----                                   -------
vdd                                          0
bias_ok                                   2.97
vref                                       1.2
ibias                                  0.49927
xdut.tn                           -1.21879e-17
xdut.nbg                               0.49927
xdut.bias_okb                                0
xdut.n1                            4.82993e-19
xdut.cmpo                         -1.21877e-17
por_raw                            1.24571e-18
xdut.na                           -4.02736e-18
xdut.sns                          9.85311e-228
xdut.snsb                        -1.48043e-227
xdut.vdda                         -3.05904e-18
xdut.x19.11                       9.85312e-228
xdut.x19.21                      -1.11729e-233
xdut.x20.11                      -1.48042e-227
xdut.x20.21                        9.8531e-228
xdut.x21.11                       1.26913e-233
xdut.x21.21                      -1.48043e-227
xdut.sns__par                     9.85311e-228
xdut.nbg__par                          0.49927
xdut.snsb__par                   -1.48043e-227
xdut.vdda__par                    -3.05904e-18
xdut.na__par                      -4.02736e-18
xdut.cmpo__par                    -1.21877e-17
xdut.n1__par                       4.82993e-19
xdut.tn__par                      -1.21879e-17
xdut.bias_ok__par                         2.97
xdut.bias_okb__par                           0
xdut.ibias__par                        0.49927
xdut.por_raw__par                  1.24571e-18
xdut.vdd__par                                0
xdut.vref__par                             1.2
xdut.vss__par                                0
vref#branch                       -1.20509e-19
vok#branch                         1.31304e-19
vsup#branch                             -5e-07

 Reference value :  4.19129e-03
 Reference value :  1.38234e-02
No. of Data Rows : 3244
vpor_rise           =  2.60510e+00
vpor_rise_last      =  2.60510e+00
vpor_fall           =  2.44454e+00
vpor_fall_last      =  2.44454e+00
sns_rise            =  1.20109e+00
sns_fall            =  1.18501e+00
m_vpor_rise_v = 2.6050960000e+00
m_vpor_fall_v = 2.4445380000e+00
m_v_hys_mv = 1.6055800000e+02
m_rise_chatter_mv = 0.0000000000e+00
m_fall_chatter_mv = 0.0000000000e+00
m_comp_offs_rise_mv = 1.0930000000e+00
m_comp_offs_fall_mv = -1.499400000e+01
Note: Simulation executed from .control section 

Warning: m=xx on .subckt line will override multiplier m hierarchy!

