
Note: Compatibility modes selected: hs a


Circuit: * por-threshold-mc mc @ vth-rise-min_bjt_ff_125c_2.97v_s0334 -- generated by sim/harness, do not edit

Doing analysis at TEMP = 125.000000 and TNOM = 27.000000

Using SPARSE 1.3 as Direct Linear Solver

Initial Transient Solution
--------------------------

Node                                   Voltage
----                                   -------
vdd                                          0
bias_ok                                   2.97
vref                                       1.2
ibias                                 0.612496
xdut.tn                            2.71184e-23
xdut.nbg                              0.612496
xdut.bias_okb                                0
xdut.n1                           -8.05579e-19
xdut.cmpo                          2.73516e-23
por_raw                            9.24843e-18
xdut.na                           -1.84496e-20
xdut.sns                           4.38762e-86
xdut.snsb                          8.24168e-86
xdut.vdda                          9.32876e-19
xdut.x19.11                        4.38762e-86
xdut.x19.21                       -4.16603e-92
xdut.x20.11                        8.24168e-86
xdut.x20.21                        4.38761e-86
xdut.x21.11                        4.06098e-92
xdut.x21.21                        8.24167e-86
xdut.sns__par                      4.38762e-86
xdut.nbg__par                         0.612496
xdut.snsb__par                     8.24168e-86
xdut.vdda__par                     9.32876e-19
xdut.na__par                      -1.84496e-20
xdut.cmpo__par                     2.73516e-23
xdut.n1__par                      -8.05579e-19
xdut.tn__par                       2.71184e-23
xdut.bias_ok__par                         2.97
xdut.bias_okb__par                           0
xdut.ibias__par                       0.612496
xdut.por_raw__par                  9.24843e-18
xdut.vdd__par                                0
xdut.vref__par                             1.2
xdut.vss__par                                0
vref#branch                       -1.20509e-19
vok#branch                         1.31304e-19
vsup#branch                             -5e-07

 Reference value :  4.07800e-03
 Reference value :  1.37364e-02
No. of Data Rows : 3246
vpor_rise           =  2.61694e+00
vpor_rise_last      =  2.61694e+00
vpor_fall           =  2.45196e+00
vpor_fall_last      =  2.45196e+00
sns_rise            =  1.20612e+00
sns_fall            =  1.19521e+00
m_vpor_rise_v = 2.6169380000e+00
m_vpor_fall_v = 2.4519570000e+00
m_v_hys_mv = 1.6498100000e+02
m_rise_chatter_mv = 0.0000000000e+00
m_fall_chatter_mv = 0.0000000000e+00
m_comp_offs_rise_mv = 6.1180000000e+00
m_comp_offs_fall_mv = -4.790000000e+00
Note: Simulation executed from .control section 

Warning: m=xx on .subckt line will override multiplier m hierarchy!

