
Note: Compatibility modes selected: hs a


Circuit: * por-threshold-mc mc @ vth-rise-max_ss_-40c_3.63v_s0096 -- generated by sim/harness, do not edit

Doing analysis at TEMP = -40.000000 and TNOM = 27.000000

Using SPARSE 1.3 as Direct Linear Solver

Initial Transient Solution
--------------------------

Node                                   Voltage
----                                   -------
vdd                                          0
bias_ok                                   3.63
vref                                       1.2
ibias                                  0.88721
xdut.tn                            4.96588e-28
xdut.nbg                               0.88721
xdut.bias_okb                                0
xdut.n1                           -4.52256e-36
xdut.cmpo                           5.0209e-28
por_raw                            1.73665e-30
xdut.na                           -6.43367e-22
xdut.sns                          1.05914e-181
xdut.snsb                        -8.79441e-183
xdut.vdda                          2.73341e-24
xdut.x19.11                       1.05914e-181
xdut.x19.21                       9.51849e-188
xdut.x20.11                      -8.79451e-183
xdut.x20.21                       1.05914e-181
xdut.x21.11                      -9.51847e-188
xdut.x21.21                      -8.79432e-183
xdut.sns__par                     1.05914e-181
xdut.nbg__par                          0.88721
xdut.snsb__par                   -8.79441e-183
xdut.vdda__par                     2.73341e-24
xdut.na__par                      -6.43367e-22
xdut.cmpo__par                      5.0209e-28
xdut.n1__par                      -4.52256e-36
xdut.tn__par                       4.96588e-28
xdut.bias_ok__par                         3.63
xdut.bias_okb__par                           0
xdut.ibias__par                        0.88721
xdut.por_raw__par                  1.73665e-30
xdut.vdd__par                                0
xdut.vref__par                             1.2
xdut.vss__par                                0
vref#branch                       -1.20509e-19
vok#branch                         8.38809e-20
vsup#branch                             -5e-07

 Reference value :  3.58783e-03
 Reference value :  1.29200e-02
No. of Data Rows : 3307
vpor_rise           =  2.61050e+00
vpor_rise_last      =  2.61050e+00
vpor_fall           =  2.43985e+00
vpor_fall_last      =  2.43985e+00
sns_rise            =  1.20144e+00
sns_fall            =  1.19530e+00
m_vpor_rise_v = 2.6104950000e+00
m_vpor_fall_v = 2.4398510000e+00
m_v_hys_mv = 1.7064400000e+02
m_rise_chatter_mv = 0.0000000000e+00
m_fall_chatter_mv = 0.0000000000e+00
m_comp_offs_rise_mv = 1.4410000000e+00
m_comp_offs_fall_mv = -4.703000000e+00
Note: Simulation executed from .control section 

Warning: m=xx on .subckt line will override multiplier m hierarchy!

