
Note: Compatibility modes selected: hs a


Circuit: * por-threshold-mc mc @ vth-rise-max_ss_-40c_3.63v_s0397 -- generated by sim/harness, do not edit

Doing analysis at TEMP = -40.000000 and TNOM = 27.000000

Using SPARSE 1.3 as Direct Linear Solver

Initial Transient Solution
--------------------------

Node                                   Voltage
----                                   -------
vdd                                          0
bias_ok                                   3.63
vref                                       1.2
ibias                                 0.882148
xdut.tn                            6.36951e-44
xdut.nbg                              0.882148
xdut.bias_okb                                0
xdut.n1                           -2.06363e-36
xdut.cmpo                          6.36936e-44
por_raw                            6.35341e-23
xdut.na                           -1.21192e-36
xdut.sns                                     0
xdut.snsb                                    0
xdut.vdda                          3.67112e-37
xdut.x19.11                                  0
xdut.x19.21                                  0
xdut.x20.11                                  0
xdut.x20.21                                  0
xdut.x21.11                                  0
xdut.x21.21                                  0
xdut.sns__par                                0
xdut.nbg__par                         0.882148
xdut.snsb__par                               0
xdut.vdda__par                     3.67112e-37
xdut.na__par                      -1.21192e-36
xdut.cmpo__par                     6.36936e-44
xdut.n1__par                      -2.06363e-36
xdut.tn__par                       6.36951e-44
xdut.bias_ok__par                         3.63
xdut.bias_okb__par                           0
xdut.ibias__par                       0.882148
xdut.por_raw__par                  6.35341e-23
xdut.vdd__par                                0
xdut.vref__par                             1.2
xdut.vss__par                                0
vref#branch                       -1.20509e-19
vok#branch                         8.38809e-20
vsup#branch                             -5e-07

 Reference value :  3.61395e-03
 Reference value :  1.36348e-02
No. of Data Rows : 3311
vpor_rise           =  2.62374e+00
vpor_rise_last      =  2.62374e+00
vpor_fall           =  2.45159e+00
vpor_fall_last      =  2.45159e+00
sns_rise            =  1.20755e+00
sns_fall            =  1.20101e+00
m_vpor_rise_v = 2.6237390000e+00
m_vpor_fall_v = 2.4515880000e+00
m_v_hys_mv = 1.7215100000e+02
m_rise_chatter_mv = 0.0000000000e+00
m_fall_chatter_mv = 0.0000000000e+00
m_comp_offs_rise_mv = 7.5540000000e+00
m_comp_offs_fall_mv = 1.0130000000e+00
Note: Simulation executed from .control section 

Warning: m=xx on .subckt line will override multiplier m hierarchy!

