
Note: Compatibility modes selected: hs a


Circuit: * por-threshold-mc mc @ vth-rise-max_ss_-40c_3.63v_s0018 -- generated by sim/harness, do not edit

Doing analysis at TEMP = -40.000000 and TNOM = 27.000000

Using SPARSE 1.3 as Direct Linear Solver

Initial Transient Solution
--------------------------

Node                                   Voltage
----                                   -------
vdd                                          0
bias_ok                                   3.63
vref                                       1.2
ibias                                 0.881695
xdut.tn                            7.52112e-28
xdut.nbg                              0.881695
xdut.bias_okb                                0
xdut.n1                                      0
xdut.cmpo                          7.59825e-28
por_raw                            5.47046e-47
xdut.na                            1.10696e-24
xdut.sns                         -6.21199e-275
xdut.snsb                        -1.15365e-274
xdut.vdda                          8.95888e-25
xdut.x19.11                      -6.21198e-275
xdut.x19.21                      -7.95567e-281
xdut.x20.11                      -1.15365e-274
xdut.x20.21                      -6.21199e-275
xdut.x21.11                      -1.50523e-279
xdut.x21.21                      -1.15364e-274
xdut.sns__par                    -6.21199e-275
xdut.nbg__par                         0.881695
xdut.snsb__par                   -1.15365e-274
xdut.vdda__par                     8.95888e-25
xdut.na__par                       1.10696e-24
xdut.cmpo__par                     7.59825e-28
xdut.n1__par                                 0
xdut.tn__par                       7.52112e-28
xdut.bias_ok__par                         3.63
xdut.bias_okb__par                           0
xdut.ibias__par                       0.881695
xdut.por_raw__par                  5.47046e-47
xdut.vdd__par                                0
xdut.vref__par                             1.2
xdut.vss__par                                0
vref#branch                       -1.20509e-19
vok#branch                         8.38809e-20
vsup#branch                             -5e-07

 Reference value :  3.61786e-03
 Reference value :  1.33479e-02
No. of Data Rows : 3311
vpor_rise           =  2.62709e+00
vpor_rise_last      =  2.62709e+00
vpor_fall           =  2.45501e+00
vpor_fall_last      =  2.45501e+00
sns_rise            =  1.20910e+00
sns_fall            =  1.20272e+00
m_vpor_rise_v = 2.6270900000e+00
m_vpor_fall_v = 2.4550060000e+00
m_v_hys_mv = 1.7208400000e+02
m_rise_chatter_mv = 0.0000000000e+00
m_fall_chatter_mv = 0.0000000000e+00
m_comp_offs_rise_mv = 9.1000000000e+00
m_comp_offs_fall_mv = 2.7200000000e+00
Note: Simulation executed from .control section 

Warning: m=xx on .subckt line will override multiplier m hierarchy!

