
Note: Compatibility modes selected: hs a


Circuit: * por-threshold-mc mc @ vth-rise-max_ss_-40c_3.63v_s0499 -- generated by sim/harness, do not edit

Doing analysis at TEMP = -40.000000 and TNOM = 27.000000

Using SPARSE 1.3 as Direct Linear Solver

Initial Transient Solution
--------------------------

Node                                   Voltage
----                                   -------
vdd                                          0
bias_ok                                   3.63
vref                                       1.2
ibias                                  0.88684
xdut.tn                            3.65755e-56
xdut.nbg                               0.88684
xdut.bias_okb                                0
xdut.n1                            9.57013e-26
xdut.cmpo                          3.65749e-56
por_raw                            1.31437e-21
xdut.na                           -8.26142e-49
xdut.sns                                     0
xdut.snsb                                    0
xdut.vdda                          1.19415e-49
xdut.x19.11                                  0
xdut.x19.21                                  0
xdut.x20.11                                  0
xdut.x20.21                                  0
xdut.x21.11                                  0
xdut.x21.21                                  0
xdut.sns__par                                0
xdut.nbg__par                          0.88684
xdut.snsb__par                               0
xdut.vdda__par                     1.19415e-49
xdut.na__par                      -8.26142e-49
xdut.cmpo__par                     3.65749e-56
xdut.n1__par                       9.57013e-26
xdut.tn__par                       3.65755e-56
xdut.bias_ok__par                         3.63
xdut.bias_okb__par                           0
xdut.ibias__par                        0.88684
xdut.por_raw__par                  1.31437e-21
xdut.vdd__par                                0
xdut.vref__par                             1.2
xdut.vss__par                                0
vref#branch                       -1.20509e-19
vok#branch                         8.38809e-20
vsup#branch                             -5e-07

 Reference value :  3.59877e-03
 Reference value :  1.36886e-02
No. of Data Rows : 3309
vpor_rise           =  2.61302e+00
vpor_rise_last      =  2.61302e+00
vpor_fall           =  2.44248e+00
vpor_fall_last      =  2.44248e+00
sns_rise            =  1.20261e+00
sns_fall            =  1.19659e+00
m_vpor_rise_v = 2.6130240000e+00
m_vpor_fall_v = 2.4424830000e+00
m_v_hys_mv = 1.7054100000e+02
m_rise_chatter_mv = 0.0000000000e+00
m_fall_chatter_mv = 0.0000000000e+00
m_comp_offs_rise_mv = 2.6080000000e+00
m_comp_offs_fall_mv = -3.411000000e+00
Note: Simulation executed from .control section 

Warning: m=xx on .subckt line will override multiplier m hierarchy!

