
Note: Compatibility modes selected: hs a


Circuit: * por-threshold-mc mc @ vth-rise-max_ss_-40c_3.63v_s0333 -- generated by sim/harness, do not edit

Doing analysis at TEMP = -40.000000 and TNOM = 27.000000

Using SPARSE 1.3 as Direct Linear Solver

Initial Transient Solution
--------------------------

Node                                   Voltage
----                                   -------
vdd                                          0
bias_ok                                   3.63
vref                                       1.2
ibias                                 0.879712
xdut.tn                            8.84371e-36
xdut.nbg                              0.879712
xdut.bias_okb                                0
xdut.n1                           -2.71841e-37
xdut.cmpo                          8.84247e-36
por_raw                            4.11985e-26
xdut.na                           -1.73988e-28
xdut.sns                         -1.48069e-164
xdut.snsb                        -1.16809e-164
xdut.vdda                          1.33399e-28
xdut.x19.11                      -1.48069e-164
xdut.x19.21                       3.01618e-171
xdut.x20.11                      -1.16809e-164
xdut.x20.21                      -1.48069e-164
xdut.x21.11                      -3.01593e-171
xdut.x21.21                      -1.16809e-164
xdut.sns__par                    -1.48069e-164
xdut.nbg__par                         0.879712
xdut.snsb__par                   -1.16809e-164
xdut.vdda__par                     1.33399e-28
xdut.na__par                      -1.73988e-28
xdut.cmpo__par                     8.84247e-36
xdut.n1__par                      -2.71841e-37
xdut.tn__par                       8.84371e-36
xdut.bias_ok__par                         3.63
xdut.bias_okb__par                           0
xdut.ibias__par                       0.879712
xdut.por_raw__par                  4.11985e-26
xdut.vdd__par                                0
xdut.vref__par                             1.2
xdut.vss__par                                0
vref#branch                       -1.20509e-19
vok#branch                         8.38809e-20
vsup#branch                             -5e-07

 Reference value :  3.57639e-03
 Reference value :  1.35113e-02
No. of Data Rows : 3311
vpor_rise           =  2.59648e+00
vpor_rise_last      =  2.59648e+00
vpor_fall           =  2.42637e+00
vpor_fall_last      =  2.42637e+00
sns_rise            =  1.19497e+00
sns_fall            =  1.18875e+00
m_vpor_rise_v = 2.5964780000e+00
m_vpor_fall_v = 2.4263680000e+00
m_v_hys_mv = 1.7011000000e+02
m_rise_chatter_mv = 0.0000000000e+00
m_fall_chatter_mv = 0.0000000000e+00
m_comp_offs_rise_mv = -5.029000000e+00
m_comp_offs_fall_mv = -1.124800000e+01
Note: Simulation executed from .control section 

Warning: m=xx on .subckt line will override multiplier m hierarchy!

