
Note: Compatibility modes selected: hs a


Circuit: * por-threshold-mc mc @ vth-fall-max_bjt_ss_125c_2.97v_s0034 -- generated by sim/harness, do not edit

Doing analysis at TEMP = 125.000000 and TNOM = 27.000000

Using SPARSE 1.3 as Direct Linear Solver

Initial Transient Solution
--------------------------

Node                                   Voltage
----                                   -------
vdd                                          0
bias_ok                                   2.97
vref                                       1.2
ibias                                 0.618916
xdut.tn                           -1.73025e-23
xdut.nbg                              0.618916
xdut.bias_okb                                0
xdut.n1                           -4.33293e-18
xdut.cmpo                         -1.72818e-23
por_raw                            3.59907e-18
xdut.na                           -4.81677e-20
xdut.sns                          1.63203e-295
xdut.snsb                        -5.29348e-296
xdut.vdda                         -1.58895e-18
xdut.x19.11                       1.63204e-295
xdut.x19.21                      -7.20133e-301
xdut.x20.11                      -5.29341e-296
xdut.x20.21                       1.63202e-295
xdut.x21.11                       7.20793e-301
xdut.x21.21                      -5.29355e-296
xdut.sns__par                     1.63203e-295
xdut.nbg__par                         0.618916
xdut.snsb__par                   -5.29348e-296
xdut.vdda__par                    -1.58895e-18
xdut.na__par                      -4.81677e-20
xdut.cmpo__par                    -1.72818e-23
xdut.n1__par                      -4.33293e-18
xdut.tn__par                      -1.73025e-23
xdut.bias_ok__par                         2.97
xdut.bias_okb__par                           0
xdut.ibias__par                       0.618916
xdut.por_raw__par                  3.59907e-18
xdut.vdd__par                                0
xdut.vref__par                             1.2
xdut.vss__par                                0
vref#branch                       -1.20509e-19
vok#branch                         1.31304e-19
vsup#branch                             -5e-07

 Reference value :  4.37205e-03
 Reference value :  1.41710e-02
No. of Data Rows : 3247
vpor_rise           =  2.59706e+00
vpor_rise_last      =  2.59706e+00
vpor_fall           =  2.43370e+00
vpor_fall_last      =  2.43370e+00
sns_rise            =  1.19694e+00
sns_fall            =  1.18655e+00
m_vpor_rise_v = 2.5970580000e+00
m_vpor_fall_v = 2.4337010000e+00
m_v_hys_mv = 1.6335700000e+02
m_rise_chatter_mv = 0.0000000000e+00
m_fall_chatter_mv = 0.0000000000e+00
m_comp_offs_rise_mv = -3.058000000e+00
m_comp_offs_fall_mv = -1.344600000e+01
Note: Simulation executed from .control section 

Warning: m=xx on .subckt line will override multiplier m hierarchy!

