
Note: Compatibility modes selected: hs a


Circuit: * por-threshold-mc mc @ vth-fall-max_bjt_ss_125c_2.97v_s0180 -- generated by sim/harness, do not edit

Doing analysis at TEMP = 125.000000 and TNOM = 27.000000

Using SPARSE 1.3 as Direct Linear Solver

Initial Transient Solution
--------------------------

Node                                   Voltage
----                                   -------
vdd                                          0
bias_ok                                   2.97
vref                                       1.2
ibias                                 0.613546
xdut.tn                           -3.74075e-23
xdut.nbg                              0.613546
xdut.bias_okb                                0
xdut.n1                           -8.31671e-18
xdut.cmpo                         -3.74143e-23
por_raw                            1.04623e-17
xdut.na                            3.09956e-18
xdut.sns                         -2.37515e-246
xdut.snsb                         -6.5274e-246
xdut.vdda                          4.23981e-19
xdut.x19.11                      -2.37514e-246
xdut.x19.21                      -2.80651e-252
xdut.x20.11                       -6.5274e-246
xdut.x20.21                      -2.37515e-246
xdut.x21.11                       2.89113e-252
xdut.x21.21                      -6.52741e-246
xdut.sns__par                    -2.37515e-246
xdut.nbg__par                         0.613546
xdut.snsb__par                    -6.5274e-246
xdut.vdda__par                     4.23981e-19
xdut.na__par                       3.09956e-18
xdut.cmpo__par                    -3.74143e-23
xdut.n1__par                      -8.31671e-18
xdut.tn__par                      -3.74075e-23
xdut.bias_ok__par                         2.97
xdut.bias_okb__par                           0
xdut.ibias__par                       0.613546
xdut.por_raw__par                  1.04623e-17
xdut.vdd__par                                0
xdut.vref__par                             1.2
xdut.vss__par                                0
vref#branch                       -1.20509e-19
vok#branch                         1.31304e-19
vsup#branch                             -5e-07

 Reference value :  4.16300e-03
 Reference value :  1.34649e-02
No. of Data Rows : 3247
vpor_rise           =  2.60177e+00
vpor_rise_last      =  2.60177e+00
vpor_fall           =  2.43738e+00
vpor_fall_last      =  2.43738e+00
sns_rise            =  1.19912e+00
sns_fall            =  1.18813e+00
m_vpor_rise_v = 2.6017700000e+00
m_vpor_fall_v = 2.4373780000e+00
m_v_hys_mv = 1.6439200000e+02
m_rise_chatter_mv = 0.0000000000e+00
m_fall_chatter_mv = 0.0000000000e+00
m_comp_offs_rise_mv = -8.830000000e-01
m_comp_offs_fall_mv = -1.186800000e+01
Note: Simulation executed from .control section 

Warning: m=xx on .subckt line will override multiplier m hierarchy!

