
Note: Compatibility modes selected: hs a


Circuit: * por-threshold-mc mc @ vth-fall-max_bjt_ss_125c_2.97v_s0123 -- generated by sim/harness, do not edit

Doing analysis at TEMP = 125.000000 and TNOM = 27.000000

Using SPARSE 1.3 as Direct Linear Solver

Initial Transient Solution
--------------------------

Node                                   Voltage
----                                   -------
vdd                                          0
bias_ok                                   2.97
vref                                       1.2
ibias                                 0.617807
xdut.tn                           -4.87932e-22
xdut.nbg                              0.617807
xdut.bias_okb                                0
xdut.n1                            1.65999e-18
xdut.cmpo                         -4.93555e-22
por_raw                            5.83615e-19
xdut.na                           -3.33008e-18
xdut.sns                          1.19327e-307
xdut.snsb                         1.92149e-307
xdut.vdda                         -3.96487e-18
xdut.x19.11                       1.19327e-307
xdut.x19.21                       1.04603e-313
xdut.x20.11                       1.92148e-307
xdut.x20.21                       1.19327e-307
xdut.x21.11                      -1.07089e-313
xdut.x21.21                       1.92149e-307
xdut.sns__par                     1.19327e-307
xdut.nbg__par                         0.617807
xdut.snsb__par                    1.92149e-307
xdut.vdda__par                    -3.96487e-18
xdut.na__par                      -3.33008e-18
xdut.cmpo__par                    -4.93555e-22
xdut.n1__par                       1.65999e-18
xdut.tn__par                      -4.87932e-22
xdut.bias_ok__par                         2.97
xdut.bias_okb__par                           0
xdut.ibias__par                       0.617807
xdut.por_raw__par                  5.83615e-19
xdut.vdd__par                                0
xdut.vref__par                             1.2
xdut.vss__par                                0
vref#branch                       -1.20509e-19
vok#branch                         1.31304e-19
vsup#branch                             -5e-07

 Reference value :  4.05300e-03
 Reference value :  1.35018e-02
No. of Data Rows : 3246
vpor_rise           =  2.59627e+00
vpor_rise_last      =  2.59627e+00
vpor_fall           =  2.43298e+00
vpor_fall_last      =  2.43298e+00
sns_rise            =  1.19658e+00
sns_fall            =  1.18614e+00
m_vpor_rise_v = 2.5962740000e+00
m_vpor_fall_v = 2.4329820000e+00
m_v_hys_mv = 1.6329200000e+02
m_rise_chatter_mv = 0.0000000000e+00
m_fall_chatter_mv = 0.0000000000e+00
m_comp_offs_rise_mv = -3.420000000e+00
m_comp_offs_fall_mv = -1.385900000e+01
Note: Simulation executed from .control section 

Warning: m=xx on .subckt line will override multiplier m hierarchy!

