
Note: Compatibility modes selected: hs a


Circuit: * por-threshold-mc mc @ vth-rise-max_ss_-40c_3.63v_s0090 -- generated by sim/harness, do not edit

Doing analysis at TEMP = -40.000000 and TNOM = 27.000000

Using SPARSE 1.3 as Direct Linear Solver

Initial Transient Solution
--------------------------

Node                                   Voltage
----                                   -------
vdd                                          0
bias_ok                                   3.63
vref                                       1.2
ibias                                 0.885676
xdut.tn                           -1.42984e-76
xdut.nbg                              0.885676
xdut.bias_okb                                0
xdut.n1                           -8.50612e-49
xdut.cmpo                         -1.44742e-76
por_raw                           -8.20413e-24
xdut.na                           -4.19102e-70
xdut.sns                          4.11172e-317
xdut.snsb                        -3.18714e-318
xdut.vdda                          4.45298e-67
xdut.x19.11                       4.11171e-317
xdut.x19.21                       5.43472e-323
xdut.x20.11                      -3.18719e-318
xdut.x20.21                       4.11172e-317
xdut.x21.11                      -3.95253e-323
xdut.x21.21                       -3.1871e-318
xdut.sns__par                     4.11172e-317
xdut.nbg__par                         0.885676
xdut.snsb__par                   -3.18714e-318
xdut.vdda__par                     4.45298e-67
xdut.na__par                      -4.19102e-70
xdut.cmpo__par                    -1.44742e-76
xdut.n1__par                      -8.50612e-49
xdut.tn__par                      -1.42984e-76
xdut.bias_ok__par                         3.63
xdut.bias_okb__par                           0
xdut.ibias__par                       0.885676
xdut.por_raw__par                 -8.20413e-24
xdut.vdd__par                                0
xdut.vref__par                             1.2
xdut.vss__par                                0
vref#branch                       -1.20509e-19
vok#branch                         8.38809e-20
vsup#branch                             -5e-07

 Reference value :  3.58935e-03
 Reference value :  1.35476e-02
No. of Data Rows : 3307
vpor_rise           =  2.60599e+00
vpor_rise_last      =  2.60599e+00
vpor_fall           =  2.43514e+00
vpor_fall_last      =  2.43514e+00
sns_rise            =  1.19936e+00
sns_fall            =  1.19299e+00
m_vpor_rise_v = 2.6059910000e+00
m_vpor_fall_v = 2.4351430000e+00
m_v_hys_mv = 1.7084800000e+02
m_rise_chatter_mv = 0.0000000000e+00
m_fall_chatter_mv = 0.0000000000e+00
m_comp_offs_rise_mv = -6.380000000e-01
m_comp_offs_fall_mv = -7.010000000e+00
Note: Simulation executed from .control section 

Warning: m=xx on .subckt line will override multiplier m hierarchy!

