
Note: Compatibility modes selected: hs a


Circuit: * por-threshold-mc mc @ vth-rise-max_ss_-40c_3.63v_s0317 -- generated by sim/harness, do not edit

Doing analysis at TEMP = -40.000000 and TNOM = 27.000000

Using SPARSE 1.3 as Direct Linear Solver

Initial Transient Solution
--------------------------

Node                                   Voltage
----                                   -------
vdd                                          0
bias_ok                                   3.63
vref                                       1.2
ibias                                 0.888146
xdut.tn                            2.44878e-27
xdut.nbg                              0.888146
xdut.bias_okb                                0
xdut.n1                                      0
xdut.cmpo                          2.47708e-27
por_raw                           -2.87703e-22
xdut.na                           -1.86977e-21
xdut.sns                          4.51315e-223
xdut.snsb                         8.38151e-223
xdut.vdda                         -1.78878e-21
xdut.x19.11                       4.51315e-223
xdut.x19.21                       5.77996e-229
xdut.x20.11                       8.38151e-223
xdut.x20.21                       4.51316e-223
xdut.x21.11                       1.09358e-227
xdut.x21.21                       8.38141e-223
xdut.sns__par                     4.51315e-223
xdut.nbg__par                         0.888146
xdut.snsb__par                    8.38151e-223
xdut.vdda__par                    -1.78878e-21
xdut.na__par                      -1.86977e-21
xdut.cmpo__par                     2.47708e-27
xdut.n1__par                                 0
xdut.tn__par                       2.44878e-27
xdut.bias_ok__par                         3.63
xdut.bias_okb__par                           0
xdut.ibias__par                       0.888146
xdut.por_raw__par                 -2.87703e-22
xdut.vdd__par                                0
xdut.vref__par                             1.2
xdut.vss__par                                0
vref#branch                       -1.20509e-19
vok#branch                         8.38809e-20
vsup#branch                             -5e-07

 Reference value :  3.59069e-03
 Reference value :  1.35592e-02
No. of Data Rows : 3311
vpor_rise           =  2.60685e+00
vpor_rise_last      =  2.60685e+00
vpor_fall           =  2.43770e+00
vpor_fall_last      =  2.43770e+00
sns_rise            =  1.19976e+00
sns_fall            =  1.19429e+00
m_vpor_rise_v = 2.6068490000e+00
m_vpor_fall_v = 2.4377020000e+00
m_v_hys_mv = 1.6914700000e+02
m_rise_chatter_mv = 0.0000000000e+00
m_fall_chatter_mv = 0.0000000000e+00
m_comp_offs_rise_mv = -2.420000000e-01
m_comp_offs_fall_mv = -5.708000000e+00
Note: Simulation executed from .control section 

Warning: m=xx on .subckt line will override multiplier m hierarchy!

