
Note: Compatibility modes selected: hs a


Circuit: * por-threshold-mc mc @ vth-rise-min_bjt_ff_125c_2.97v_s0416 -- generated by sim/harness, do not edit

Doing analysis at TEMP = 125.000000 and TNOM = 27.000000

Using SPARSE 1.3 as Direct Linear Solver

Initial Transient Solution
--------------------------

Node                                   Voltage
----                                   -------
vdd                                          0
bias_ok                                   2.97
vref                                       1.2
ibias                                  0.61681
xdut.tn                            2.96576e-25
xdut.nbg                               0.61681
xdut.bias_okb                                0
xdut.n1                            1.64943e-18
xdut.cmpo                          2.97673e-25
por_raw                           -1.05836e-17
xdut.na                            6.65336e-22
xdut.sns                          -4.47604e-52
xdut.snsb                         -8.45077e-52
xdut.vdda                         -2.55035e-19
xdut.x19.11                       -4.47602e-52
xdut.x19.21                       -2.26905e-57
xdut.x20.11                       -8.45074e-52
xdut.x20.21                       -4.47606e-52
xdut.x21.11                        2.27962e-57
xdut.x21.21                       -8.45079e-52
xdut.sns__par                     -4.47604e-52
xdut.nbg__par                          0.61681
xdut.snsb__par                    -8.45077e-52
xdut.vdda__par                    -2.55035e-19
xdut.na__par                       6.65336e-22
xdut.cmpo__par                     2.97673e-25
xdut.n1__par                       1.64943e-18
xdut.tn__par                       2.96576e-25
xdut.bias_ok__par                         2.97
xdut.bias_okb__par                           0
xdut.ibias__par                        0.61681
xdut.por_raw__par                 -1.05836e-17
xdut.vdd__par                                0
xdut.vref__par                             1.2
xdut.vss__par                                0
vref#branch                       -1.20509e-19
vok#branch                         1.31304e-19
vsup#branch                             -5e-07

 Reference value :  4.27800e-03
No. of Data Rows : 3246
vpor_rise           =  2.61219e+00
vpor_rise_last      =  2.61219e+00
vpor_fall           =  2.44750e+00
vpor_fall_last      =  2.44750e+00
sns_rise            =  1.20392e+00
sns_fall            =  1.19312e+00
m_vpor_rise_v = 2.6121860000e+00
m_vpor_fall_v = 2.4475020000e+00
m_v_hys_mv = 1.6468400000e+02
m_rise_chatter_mv = 0.0000000000e+00
m_fall_chatter_mv = 0.0000000000e+00
m_comp_offs_rise_mv = 3.9250000000e+00
m_comp_offs_fall_mv = -6.877000000e+00
Note: Simulation executed from .control section 

Warning: m=xx on .subckt line will override multiplier m hierarchy!

