
Note: Compatibility modes selected: hs a


Circuit: * por-threshold-mc mc @ vth-fall-min_res_ss_-40c_3.63v_s0395 -- generated by sim/harness, do not edit

Doing analysis at TEMP = -40.000000 and TNOM = 27.000000

Using SPARSE 1.3 as Direct Linear Solver

Initial Transient Solution
--------------------------

Node                                   Voltage
----                                   -------
vdd                                          0
bias_ok                                   3.63
vref                                       1.2
ibias                                 0.777223
xdut.tn                           -1.82262e-86
xdut.nbg                              0.777223
xdut.bias_okb                                0
xdut.n1                           -1.17936e-29
xdut.cmpo                         -1.83859e-86
por_raw                            1.67401e-21
xdut.na                            9.99105e-81
xdut.sns                                     0
xdut.snsb                                    0
xdut.vdda                          1.37318e-78
xdut.x19.11                                  0
xdut.x19.21                                  0
xdut.x20.11                                  0
xdut.x20.21                                  0
xdut.x21.11                                  0
xdut.x21.21                                  0
xdut.sns__par                                0
xdut.nbg__par                         0.777223
xdut.snsb__par                               0
xdut.vdda__par                     1.37318e-78
xdut.na__par                       9.99105e-81
xdut.cmpo__par                    -1.83859e-86
xdut.n1__par                      -1.17936e-29
xdut.tn__par                      -1.82262e-86
xdut.bias_ok__par                         3.63
xdut.bias_okb__par                           0
xdut.ibias__par                       0.777223
xdut.por_raw__par                  1.67401e-21
xdut.vdd__par                                0
xdut.vref__par                             1.2
xdut.vss__par                                0
vref#branch                       -1.20509e-19
vok#branch                         8.38809e-20
vsup#branch                             -5e-07

 Reference value :  3.62274e-03
 Reference value :  1.33387e-02
No. of Data Rows : 3313
vpor_rise           =  2.63017e+00
vpor_rise_last      =  2.63017e+00
vpor_fall           =  2.45887e+00
vpor_fall_last      =  2.45887e+00
sns_rise            =  1.21052e+00
sns_fall            =  1.20438e+00
m_vpor_rise_v = 2.6301700000e+00
m_vpor_fall_v = 2.4588700000e+00
m_v_hys_mv = 1.7130000000e+02
m_rise_chatter_mv = 0.0000000000e+00
m_fall_chatter_mv = 0.0000000000e+00
m_comp_offs_rise_mv = 1.0521000000e+01
m_comp_offs_fall_mv = 4.3830000000e+00
Note: Simulation executed from .control section 

Warning: m=xx on .subckt line will override multiplier m hierarchy!

