
Note: Compatibility modes selected: hs a


Circuit: * por-threshold-mc mc @ vth-rise-max_ss_-40c_3.63v_s0301 -- generated by sim/harness, do not edit

Doing analysis at TEMP = -40.000000 and TNOM = 27.000000

Using SPARSE 1.3 as Direct Linear Solver

Initial Transient Solution
--------------------------

Node                                   Voltage
----                                   -------
vdd                                          0
bias_ok                                   3.63
vref                                       1.2
ibias                                 0.883957
xdut.tn                           -1.07228e-27
xdut.nbg                              0.883957
xdut.bias_okb                                0
xdut.n1                                      0
xdut.cmpo                          -1.0837e-27
por_raw                            6.43687e-39
xdut.na                            2.05207e-21
xdut.sns                          7.19591e-300
xdut.snsb                         1.33637e-299
xdut.vdda                          -2.3772e-23
xdut.x19.11                        7.1959e-300
xdut.x19.21                        9.2158e-306
xdut.x20.11                       1.33637e-299
xdut.x20.21                       7.19592e-300
xdut.x21.11                       1.74364e-304
xdut.x21.21                       1.33636e-299
xdut.sns__par                     7.19591e-300
xdut.nbg__par                         0.883957
xdut.snsb__par                    1.33637e-299
xdut.vdda__par                     -2.3772e-23
xdut.na__par                       2.05207e-21
xdut.cmpo__par                     -1.0837e-27
xdut.n1__par                                 0
xdut.tn__par                      -1.07228e-27
xdut.bias_ok__par                         3.63
xdut.bias_okb__par                           0
xdut.ibias__par                       0.883957
xdut.por_raw__par                  6.43687e-39
xdut.vdd__par                                0
xdut.vref__par                             1.2
xdut.vss__par                                0
vref#branch                       -1.20509e-19
vok#branch                         8.38809e-20
vsup#branch                             -5e-07

 Reference value :  3.57859e-03
 Reference value :  1.33725e-02
No. of Data Rows : 3309
vpor_rise           =  2.59809e+00
vpor_rise_last      =  2.59809e+00
vpor_fall           =  2.42869e+00
vpor_fall_last      =  2.42869e+00
sns_rise            =  1.19571e+00
sns_fall            =  1.18988e+00
m_vpor_rise_v = 2.5980860000e+00
m_vpor_fall_v = 2.4286850000e+00
m_v_hys_mv = 1.6940100000e+02
m_rise_chatter_mv = 0.0000000000e+00
m_fall_chatter_mv = 0.0000000000e+00
m_comp_offs_rise_mv = -4.287000000e+00
m_comp_offs_fall_mv = -1.012400000e+01
Note: Simulation executed from .control section 

Warning: m=xx on .subckt line will override multiplier m hierarchy!

