
Note: Compatibility modes selected: hs a


Circuit: * por-threshold-mc mc @ vth-rise-min_bjt_ff_125c_2.97v_s0387 -- generated by sim/harness, do not edit

Doing analysis at TEMP = 125.000000 and TNOM = 27.000000

Using SPARSE 1.3 as Direct Linear Solver

Initial Transient Solution
--------------------------

Node                                   Voltage
----                                   -------
vdd                                          0
bias_ok                                   2.97
vref                                       1.2
ibias                                 0.622837
xdut.tn                            1.48145e-23
xdut.nbg                              0.622837
xdut.bias_okb                                0
xdut.n1                            3.17435e-18
xdut.cmpo                           1.4803e-23
por_raw                            -7.9118e-18
xdut.na                            3.64101e-20
xdut.sns                         -3.23395e-315
xdut.snsb                         8.74166e-316
xdut.vdda                          3.17767e-19
xdut.x19.11                      -3.23395e-315
xdut.x19.21                      -2.48515e-321
xdut.x20.11                       8.74169e-316
xdut.x20.21                      -3.23395e-315
xdut.x21.11                       2.47033e-321
xdut.x21.21                       8.74164e-316
xdut.sns__par                    -3.23395e-315
xdut.nbg__par                         0.622837
xdut.snsb__par                    8.74166e-316
xdut.vdda__par                     3.17767e-19
xdut.na__par                       3.64101e-20
xdut.cmpo__par                      1.4803e-23
xdut.n1__par                       3.17435e-18
xdut.tn__par                       1.48145e-23
xdut.bias_ok__par                         2.97
xdut.bias_okb__par                           0
xdut.ibias__par                       0.622837
xdut.por_raw__par                  -7.9118e-18
xdut.vdd__par                                0
xdut.vref__par                             1.2
xdut.vss__par                                0
vref#branch                       -1.20509e-19
vok#branch                         1.31304e-19
vsup#branch                             -5e-07

 Reference value :  4.17300e-03
 Reference value :  1.37752e-02
No. of Data Rows : 3247
vpor_rise           =  2.59118e+00
vpor_rise_last      =  2.59118e+00
vpor_fall           =  2.42956e+00
vpor_fall_last      =  2.42956e+00
sns_rise            =  1.19423e+00
sns_fall            =  1.18474e+00
m_vpor_rise_v = 2.5911770000e+00
m_vpor_fall_v = 2.4295610000e+00
m_v_hys_mv = 1.6161600000e+02
m_rise_chatter_mv = 0.0000000000e+00
m_fall_chatter_mv = 0.0000000000e+00
m_comp_offs_rise_mv = -5.772000000e+00
m_comp_offs_fall_mv = -1.526300000e+01
Note: Simulation executed from .control section 

Warning: m=xx on .subckt line will override multiplier m hierarchy!

