
Note: Compatibility modes selected: hs a


Circuit: * por-threshold-mc mc @ vth-rise-max_ss_-40c_3.63v_s0037 -- generated by sim/harness, do not edit

Doing analysis at TEMP = -40.000000 and TNOM = 27.000000

Using SPARSE 1.3 as Direct Linear Solver

Initial Transient Solution
--------------------------

Node                                   Voltage
----                                   -------
vdd                                          0
bias_ok                                   3.63
vref                                       1.2
ibias                                 0.887211
xdut.tn                           -5.66926e-73
xdut.nbg                              0.887211
xdut.bias_okb                                0
xdut.n1                                      0
xdut.cmpo                         -5.73749e-73
por_raw                           -3.62371e-23
xdut.na                           -1.31939e-66
xdut.sns                          1.68453e-285
xdut.snsb                         3.12842e-285
xdut.vdda                          1.80684e-63
xdut.x19.11                       1.68453e-285
xdut.x19.21                       2.15738e-291
xdut.x20.11                       3.12842e-285
xdut.x20.21                       1.68454e-285
xdut.x21.11                       4.08181e-290
xdut.x21.21                       3.12838e-285
xdut.sns__par                     1.68453e-285
xdut.nbg__par                         0.887211
xdut.snsb__par                    3.12842e-285
xdut.vdda__par                     1.80684e-63
xdut.na__par                      -1.31939e-66
xdut.cmpo__par                    -5.73749e-73
xdut.n1__par                                 0
xdut.tn__par                      -5.66926e-73
xdut.bias_ok__par                         3.63
xdut.bias_okb__par                           0
xdut.ibias__par                       0.887211
xdut.por_raw__par                 -3.62371e-23
xdut.vdd__par                                0
xdut.vref__par                             1.2
xdut.vss__par                                0
vref#branch                       -1.20509e-19
vok#branch                         8.38809e-20
vsup#branch                             -5e-07

 Reference value :  3.60716e-03
 Reference value :  1.33478e-02
No. of Data Rows : 3308
vpor_rise           =  2.61897e+00
vpor_rise_last      =  2.61897e+00
vpor_fall           =  2.44813e+00
vpor_fall_last      =  2.44813e+00
sns_rise            =  1.20535e+00
sns_fall            =  1.19936e+00
m_vpor_rise_v = 2.6189720000e+00
m_vpor_fall_v = 2.4481310000e+00
m_v_hys_mv = 1.7084100000e+02
m_rise_chatter_mv = 0.0000000000e+00
m_fall_chatter_mv = 0.0000000000e+00
m_comp_offs_rise_mv = 5.3530000000e+00
m_comp_offs_fall_mv = -6.400000000e-01
Note: Simulation executed from .control section 

Warning: m=xx on .subckt line will override multiplier m hierarchy!

