
Note: Compatibility modes selected: hs a


Circuit: * por-threshold-mc mc @ vth-fall-min_res_ss_-40c_3.63v_s0264 -- generated by sim/harness, do not edit

Doing analysis at TEMP = -40.000000 and TNOM = 27.000000

Using SPARSE 1.3 as Direct Linear Solver

Initial Transient Solution
--------------------------

Node                                   Voltage
----                                   -------
vdd                                          0
bias_ok                                   3.63
vref                                       1.2
ibias                                 0.774452
xdut.tn                           -1.81896e-35
xdut.nbg                              0.774452
xdut.bias_okb                                0
xdut.n1                           -4.41317e-30
xdut.cmpo                         -1.83308e-35
por_raw                           -1.98983e-21
xdut.na                            9.34638e-24
xdut.sns                         -2.64823e-167
xdut.snsb                         7.29494e-167
xdut.vdda                         -6.23091e-24
xdut.x19.11                      -2.64823e-167
xdut.x19.21                       -9.6651e-174
xdut.x20.11                       7.29494e-167
xdut.x20.21                      -2.64823e-167
xdut.x21.11                        9.6635e-174
xdut.x21.21                       7.29494e-167
xdut.sns__par                    -2.64823e-167
xdut.nbg__par                         0.774452
xdut.snsb__par                    7.29494e-167
xdut.vdda__par                    -6.23091e-24
xdut.na__par                       9.34638e-24
xdut.cmpo__par                    -1.83308e-35
xdut.n1__par                      -4.41317e-30
xdut.tn__par                      -1.81896e-35
xdut.bias_ok__par                         3.63
xdut.bias_okb__par                           0
xdut.ibias__par                       0.774452
xdut.por_raw__par                 -1.98983e-21
xdut.vdd__par                                0
xdut.vref__par                             1.2
xdut.vss__par                                0
vref#branch                       -1.20509e-19
vok#branch                         8.38809e-20
vsup#branch                             -5e-07

 Reference value :  3.60818e-03
 Reference value :  1.37300e-02
No. of Data Rows : 3303
vpor_rise           =  2.61984e+00
vpor_rise_last      =  2.61984e+00
vpor_fall           =  2.44801e+00
vpor_fall_last      =  2.44801e+00
sns_rise            =  1.20575e+00
sns_fall            =  1.19906e+00
m_vpor_rise_v = 2.6198420000e+00
m_vpor_fall_v = 2.4480080000e+00
m_v_hys_mv = 1.7183400000e+02
m_rise_chatter_mv = 0.0000000000e+00
m_fall_chatter_mv = 0.0000000000e+00
m_comp_offs_rise_mv = 5.7540000000e+00
m_comp_offs_fall_mv = -9.380000000e-01
Note: Simulation executed from .control section 

Warning: m=xx on .subckt line will override multiplier m hierarchy!

