
Note: Compatibility modes selected: hs a


Circuit: * por-threshold-mc mc @ vth-fall-max_bjt_ss_125c_2.97v_s0320 -- generated by sim/harness, do not edit

Doing analysis at TEMP = 125.000000 and TNOM = 27.000000

Using SPARSE 1.3 as Direct Linear Solver

Initial Transient Solution
--------------------------

Node                                   Voltage
----                                   -------
vdd                                          0
bias_ok                                   2.97
vref                                       1.2
ibias                                 0.615755
xdut.tn                            3.05233e-27
xdut.nbg                              0.615755
xdut.bias_okb                                0
xdut.n1                           -4.94683e-18
xdut.cmpo                          9.27481e-27
por_raw                            9.39909e-19
xdut.na                           -8.34865e-22
xdut.sns                                     0
xdut.snsb                                    0
xdut.vdda                         -1.22368e-18
xdut.x19.11                                  0
xdut.x19.21                                  0
xdut.x20.11                                  0
xdut.x20.21                                  0
xdut.x21.11                                  0
xdut.x21.21                                  0
xdut.sns__par                                0
xdut.nbg__par                         0.615755
xdut.snsb__par                               0
xdut.vdda__par                    -1.22368e-18
xdut.na__par                      -8.34865e-22
xdut.cmpo__par                     9.27481e-27
xdut.n1__par                      -4.94683e-18
xdut.tn__par                       3.05233e-27
xdut.bias_ok__par                         2.97
xdut.bias_okb__par                           0
xdut.ibias__par                       0.615755
xdut.por_raw__par                  9.39909e-19
xdut.vdd__par                                0
xdut.vref__par                             1.2
xdut.vss__par                                0
vref#branch                       -1.20509e-19
vok#branch                         1.31304e-19
vsup#branch                             -5e-07

 Reference value :  4.25300e-03
 Reference value :  1.37826e-02
No. of Data Rows : 3247
vpor_rise           =  2.59680e+00
vpor_rise_last      =  2.59680e+00
vpor_fall           =  2.43339e+00
vpor_fall_last      =  2.43339e+00
sns_rise            =  1.19682e+00
sns_fall            =  1.18628e+00
m_vpor_rise_v = 2.5968040000e+00
m_vpor_fall_v = 2.4333880000e+00
m_v_hys_mv = 1.6341600000e+02
m_rise_chatter_mv = 0.0000000000e+00
m_fall_chatter_mv = 0.0000000000e+00
m_comp_offs_rise_mv = -3.175000000e+00
m_comp_offs_fall_mv = -1.371700000e+01
Note: Simulation executed from .control section 

Warning: m=xx on .subckt line will override multiplier m hierarchy!

