
Note: Compatibility modes selected: hs a


Circuit: * por-threshold-mc mc @ vth-rise-max_ss_-40c_3.63v_s0435 -- generated by sim/harness, do not edit

Doing analysis at TEMP = -40.000000 and TNOM = 27.000000

Using SPARSE 1.3 as Direct Linear Solver

Initial Transient Solution
--------------------------

Node                                   Voltage
----                                   -------
vdd                                          0
bias_ok                                   3.63
vref                                       1.2
ibias                                 0.885552
xdut.tn                           -9.14169e-48
xdut.nbg                              0.885552
xdut.bias_okb                                0
xdut.n1                           -2.07731e-52
xdut.cmpo                          -9.1417e-48
por_raw                           -1.03259e-25
xdut.na                            2.18655e-40
xdut.sns                                     0
xdut.snsb                                    0
xdut.vdda                         -6.94653e-42
xdut.x19.11                                  0
xdut.x19.21                                  0
xdut.x20.11                                  0
xdut.x20.21                                  0
xdut.x21.11                                  0
xdut.x21.21                                  0
xdut.sns__par                                0
xdut.nbg__par                         0.885552
xdut.snsb__par                               0
xdut.vdda__par                    -6.94653e-42
xdut.na__par                       2.18655e-40
xdut.cmpo__par                     -9.1417e-48
xdut.n1__par                      -2.07731e-52
xdut.tn__par                      -9.14169e-48
xdut.bias_ok__par                         3.63
xdut.bias_okb__par                           0
xdut.ibias__par                       0.885552
xdut.por_raw__par                 -1.03259e-25
xdut.vdd__par                                0
xdut.vref__par                             1.2
xdut.vss__par                                0
vref#branch                       -1.20509e-19
vok#branch                         8.38809e-20
vsup#branch                             -5e-07

 Reference value :  3.61019e-03
 Reference value :  1.41928e-02
No. of Data Rows : 3312
vpor_rise           =  2.62056e+00
vpor_rise_last      =  2.62056e+00
vpor_fall           =  2.44874e+00
vpor_fall_last      =  2.44874e+00
sns_rise            =  1.20609e+00
sns_fall            =  1.19966e+00
m_vpor_rise_v = 2.6205620000e+00
m_vpor_fall_v = 2.4487440000e+00
m_v_hys_mv = 1.7181800000e+02
m_rise_chatter_mv = 0.0000000000e+00
m_fall_chatter_mv = 0.0000000000e+00
m_comp_offs_rise_mv = 6.0870000000e+00
m_comp_offs_fall_mv = -3.440000000e-01
Note: Simulation executed from .control section 

Warning: m=xx on .subckt line will override multiplier m hierarchy!

