
Note: Compatibility modes selected: hs a


Circuit: * por-threshold-mc mc @ vth-fall-min_res_ss_-40c_3.63v_s0157 -- generated by sim/harness, do not edit

Doing analysis at TEMP = -40.000000 and TNOM = 27.000000

Using SPARSE 1.3 as Direct Linear Solver

Initial Transient Solution
--------------------------

Node                                   Voltage
----                                   -------
vdd                                          0
bias_ok                                   3.63
vref                                       1.2
ibias                                 0.774995
xdut.tn                            -1.2359e-35
xdut.nbg                              0.774995
xdut.bias_okb                                0
xdut.n1                           -1.35126e-24
xdut.cmpo                         -1.24601e-35
por_raw                           -3.20237e-26
xdut.na                            6.66341e-24
xdut.sns                                     0
xdut.snsb                                    0
xdut.vdda                         -4.44227e-24
xdut.x19.11                                  0
xdut.x19.21                                  0
xdut.x20.11                                  0
xdut.x20.21                                  0
xdut.x21.11                                  0
xdut.x21.21                                  0
xdut.sns__par                                0
xdut.nbg__par                         0.774995
xdut.snsb__par                               0
xdut.vdda__par                    -4.44227e-24
xdut.na__par                       6.66341e-24
xdut.cmpo__par                    -1.24601e-35
xdut.n1__par                      -1.35126e-24
xdut.tn__par                       -1.2359e-35
xdut.bias_ok__par                         3.63
xdut.bias_okb__par                           0
xdut.ibias__par                       0.774995
xdut.por_raw__par                 -3.20237e-26
xdut.vdd__par                                0
xdut.vref__par                             1.2
xdut.vss__par                                0
vref#branch                       -1.20509e-19
vok#branch                         8.38809e-20
vsup#branch                             -5e-07

 Reference value :  3.59549e-03
 Reference value :  1.36191e-02
No. of Data Rows : 3303
vpor_rise           =  2.61053e+00
vpor_rise_last      =  2.61053e+00
vpor_fall           =  2.44086e+00
vpor_fall_last      =  2.44086e+00
sns_rise            =  1.20146e+00
sns_fall            =  1.19562e+00
m_vpor_rise_v = 2.6105310000e+00
m_vpor_fall_v = 2.4408640000e+00
m_v_hys_mv = 1.6966700000e+02
m_rise_chatter_mv = 0.0000000000e+00
m_fall_chatter_mv = 0.0000000000e+00
m_comp_offs_rise_mv = 1.4560000000e+00
m_comp_offs_fall_mv = -4.376000000e+00
Note: Simulation executed from .control section 

Warning: m=xx on .subckt line will override multiplier m hierarchy!

