
Note: Compatibility modes selected: hs a


Circuit: * por-threshold-mc mc @ vth-fall-min_res_ss_-40c_3.63v_s0356 -- generated by sim/harness, do not edit

Doing analysis at TEMP = -40.000000 and TNOM = 27.000000

Using SPARSE 1.3 as Direct Linear Solver

Initial Transient Solution
--------------------------

Node                                   Voltage
----                                   -------
vdd                                          0
bias_ok                                   3.63
vref                                       1.2
ibias                                 0.773668
xdut.tn                            3.71842e-70
xdut.nbg                              0.773668
xdut.bias_okb                                0
xdut.n1                           -4.92876e-27
xdut.cmpo                          3.71839e-70
por_raw                           -7.48151e-22
xdut.na                           -5.11592e-64
xdut.sns                          1.59311e-194
xdut.snsb                          4.4316e-194
xdut.vdda                          3.18965e-65
xdut.x19.11                       1.59311e-194
xdut.x19.21                       2.24396e-200
xdut.x20.11                       4.43159e-194
xdut.x20.21                       1.59311e-194
xdut.x21.11                      -2.24405e-200
xdut.x21.21                        4.4316e-194
xdut.sns__par                     1.59311e-194
xdut.nbg__par                         0.773668
xdut.snsb__par                     4.4316e-194
xdut.vdda__par                     3.18965e-65
xdut.na__par                      -5.11592e-64
xdut.cmpo__par                     3.71839e-70
xdut.n1__par                      -4.92876e-27
xdut.tn__par                       3.71842e-70
xdut.bias_ok__par                         3.63
xdut.bias_okb__par                           0
xdut.ibias__par                       0.773668
xdut.por_raw__par                 -7.48151e-22
xdut.vdd__par                                0
xdut.vref__par                             1.2
xdut.vss__par                                0
vref#branch                       -1.20509e-19
vok#branch                         8.38809e-20
vsup#branch                             -5e-07

 Reference value :  3.56205e-03
 Reference value :  1.37265e-02
No. of Data Rows : 3306
vpor_rise           =  2.58606e+00
vpor_rise_last      =  2.58606e+00
vpor_fall           =  2.41756e+00
vpor_fall_last      =  2.41756e+00
sns_rise            =  1.19016e+00
sns_fall            =  1.18426e+00
m_vpor_rise_v = 2.5860590000e+00
m_vpor_fall_v = 2.4175600000e+00
m_v_hys_mv = 1.6849900000e+02
m_rise_chatter_mv = 0.0000000000e+00
m_fall_chatter_mv = 0.0000000000e+00
m_comp_offs_rise_mv = -9.839000000e+00
m_comp_offs_fall_mv = -1.574500000e+01
Note: Simulation executed from .control section 

Warning: m=xx on .subckt line will override multiplier m hierarchy!

