
Note: Compatibility modes selected: hs a


Circuit: * por-threshold-mc mc @ vth-fall-max_bjt_ss_125c_2.97v_s0347 -- generated by sim/harness, do not edit

Doing analysis at TEMP = 125.000000 and TNOM = 27.000000

Using SPARSE 1.3 as Direct Linear Solver

Initial Transient Solution
--------------------------

Node                                   Voltage
----                                   -------
vdd                                          0
bias_ok                                   2.97
vref                                       1.2
ibias                                  0.61812
xdut.tn                              1.381e-25
xdut.nbg                               0.61812
xdut.bias_okb                                0
xdut.n1                           -2.60812e-18
xdut.cmpo                          8.50696e-26
por_raw                            1.02621e-18
xdut.na                           -2.35304e-20
xdut.sns                          2.54642e-317
xdut.snsb                        -1.97217e-318
xdut.vdda                          5.10193e-19
xdut.x19.11                       2.54642e-317
xdut.x19.21                       2.96439e-323
xdut.x20.11                      -1.97219e-318
xdut.x20.21                       2.54642e-317
xdut.x21.11                      -2.47033e-323
xdut.x21.21                      -1.97215e-318
xdut.sns__par                     2.54642e-317
xdut.nbg__par                          0.61812
xdut.snsb__par                   -1.97217e-318
xdut.vdda__par                     5.10193e-19
xdut.na__par                      -2.35304e-20
xdut.cmpo__par                     8.50696e-26
xdut.n1__par                      -2.60812e-18
xdut.tn__par                         1.381e-25
xdut.bias_ok__par                         2.97
xdut.bias_okb__par                           0
xdut.ibias__par                        0.61812
xdut.por_raw__par                  1.02621e-18
xdut.vdd__par                                0
xdut.vref__par                             1.2
xdut.vss__par                                0
vref#branch                       -1.20509e-19
vok#branch                         1.31304e-19
vsup#branch                             -5e-07

 Reference value :  4.05300e-03
 Reference value :  1.36512e-02
No. of Data Rows : 3247
vpor_rise           =  2.59357e+00
vpor_rise_last      =  2.59357e+00
vpor_fall           =  2.43046e+00
vpor_fall_last      =  2.43046e+00
sns_rise            =  1.19533e+00
sns_fall            =  1.18491e+00
m_vpor_rise_v = 2.5935710000e+00
m_vpor_fall_v = 2.4304630000e+00
m_v_hys_mv = 1.6310800000e+02
m_rise_chatter_mv = 0.0000000000e+00
m_fall_chatter_mv = 0.0000000000e+00
m_comp_offs_rise_mv = -4.667000000e+00
m_comp_offs_fall_mv = -1.509300000e+01
Note: Simulation executed from .control section 

Warning: m=xx on .subckt line will override multiplier m hierarchy!

