
Note: Compatibility modes selected: hs a


Circuit: * por-threshold-mc mc @ vth-fall-min_res_ss_-40c_3.63v_s0148 -- generated by sim/harness, do not edit

Doing analysis at TEMP = -40.000000 and TNOM = 27.000000

Using SPARSE 1.3 as Direct Linear Solver

Initial Transient Solution
--------------------------

Node                                   Voltage
----                                   -------
vdd                                          0
bias_ok                                   3.63
vref                                       1.2
ibias                                 0.775959
xdut.tn                             1.2272e-38
xdut.nbg                              0.775959
xdut.bias_okb                                0
xdut.n1                                      0
xdut.cmpo                          1.22731e-38
por_raw                            1.02872e-21
xdut.na                           -1.66504e-32
xdut.sns                                     0
xdut.snsb                                    0
xdut.vdda                         -8.61428e-33
xdut.x19.11                                  0
xdut.x19.21                                  0
xdut.x20.11                                  0
xdut.x20.21                                  0
xdut.x21.11                                  0
xdut.x21.21                                  0
xdut.sns__par                                0
xdut.nbg__par                         0.775959
xdut.snsb__par                               0
xdut.vdda__par                    -8.61428e-33
xdut.na__par                      -1.66504e-32
xdut.cmpo__par                     1.22731e-38
xdut.n1__par                                 0
xdut.tn__par                        1.2272e-38
xdut.bias_ok__par                         3.63
xdut.bias_okb__par                           0
xdut.ibias__par                       0.775959
xdut.por_raw__par                  1.02872e-21
xdut.vdd__par                                0
xdut.vref__par                             1.2
xdut.vss__par                                0
vref#branch                       -1.20509e-19
vok#branch                         8.38809e-20
vsup#branch                             -5e-07

 Reference value :  3.60060e-03
 Reference value :  1.33486e-02
No. of Data Rows : 3306
vpor_rise           =  2.61407e+00
vpor_rise_last      =  2.61407e+00
vpor_fall           =  2.44375e+00
vpor_fall_last      =  2.44375e+00
sns_rise            =  1.20309e+00
sns_fall            =  1.19703e+00
m_vpor_rise_v = 2.6140690000e+00
m_vpor_fall_v = 2.4437500000e+00
m_v_hys_mv = 1.7031900000e+02
m_rise_chatter_mv = 0.0000000000e+00
m_fall_chatter_mv = 0.0000000000e+00
m_comp_offs_rise_mv = 3.0890000000e+00
m_comp_offs_fall_mv = -2.966000000e+00
Note: Simulation executed from .control section 

Warning: m=xx on .subckt line will override multiplier m hierarchy!

