
Note: Compatibility modes selected: hs a


Circuit: * por-threshold-mc mc @ vth-fall-min_res_ss_-40c_3.63v_s0429 -- generated by sim/harness, do not edit

Doing analysis at TEMP = -40.000000 and TNOM = 27.000000

Using SPARSE 1.3 as Direct Linear Solver

Initial Transient Solution
--------------------------

Node                                   Voltage
----                                   -------
vdd                                          0
bias_ok                                   3.63
vref                                       1.2
ibias                                 0.776398
xdut.tn                           -6.24154e-28
xdut.nbg                              0.776398
xdut.bias_okb                                0
xdut.n1                            1.02452e-23
xdut.cmpo                         -6.26451e-28
por_raw                             3.7362e-26
xdut.na                            2.30811e-22
xdut.sns                          2.79597e-315
xdut.snsb                         1.64366e-315
xdut.vdda                          5.01839e-24
xdut.x19.11                       2.79597e-315
xdut.x19.21                       3.47328e-321
xdut.x20.11                       1.64366e-315
xdut.x20.21                       2.79597e-315
xdut.x21.11                      -3.44858e-321
xdut.x21.21                       1.64366e-315
xdut.sns__par                     2.79597e-315
xdut.nbg__par                         0.776398
xdut.snsb__par                    1.64366e-315
xdut.vdda__par                     5.01839e-24
xdut.na__par                       2.30811e-22
xdut.cmpo__par                    -6.26451e-28
xdut.n1__par                       1.02452e-23
xdut.tn__par                      -6.24154e-28
xdut.bias_ok__par                         3.63
xdut.bias_okb__par                           0
xdut.ibias__par                       0.776398
xdut.por_raw__par                   3.7362e-26
xdut.vdd__par                                0
xdut.vref__par                             1.2
xdut.vss__par                                0
vref#branch                       -1.20509e-19
vok#branch                         8.38809e-20
vsup#branch                             -5e-07

 Reference value :  3.60011e-03
 Reference value :  1.34831e-02
No. of Data Rows : 3303
vpor_rise           =  2.61385e+00
vpor_rise_last      =  2.61385e+00
vpor_fall           =  2.44371e+00
vpor_fall_last      =  2.44371e+00
sns_rise            =  1.20299e+00
sns_fall            =  1.19700e+00
m_vpor_rise_v = 2.6138530000e+00
m_vpor_fall_v = 2.4437100000e+00
m_v_hys_mv = 1.7014300000e+02
m_rise_chatter_mv = 0.0000000000e+00
m_fall_chatter_mv = 0.0000000000e+00
m_comp_offs_rise_mv = 2.9890000000e+00
m_comp_offs_fall_mv = -2.997000000e+00
Note: Simulation executed from .control section 

Warning: m=xx on .subckt line will override multiplier m hierarchy!

