
Note: Compatibility modes selected: hs a


Circuit: * por-threshold-mc mc @ vth-fall-max_bjt_ss_125c_2.97v_s0205 -- generated by sim/harness, do not edit

Doing analysis at TEMP = 125.000000 and TNOM = 27.000000

Using SPARSE 1.3 as Direct Linear Solver

Initial Transient Solution
--------------------------

Node                                   Voltage
----                                   -------
vdd                                          0
bias_ok                                   2.97
vref                                       1.2
ibias                                 0.613789
xdut.tn                             2.8431e-18
xdut.nbg                              0.613789
xdut.bias_okb                                0
xdut.n1                           -1.48299e-18
xdut.cmpo                          2.84309e-18
por_raw                           -1.53637e-18
xdut.na                            7.35774e-18
xdut.sns                         -1.03027e-279
xdut.snsb                        -6.59913e-280
xdut.vdda                          3.25724e-18
xdut.x19.11                      -1.03027e-279
xdut.x19.21                      -1.20672e-285
xdut.x20.11                      -6.59912e-280
xdut.x20.21                      -1.03027e-279
xdut.x21.11                       1.21446e-285
xdut.x21.21                      -6.59914e-280
xdut.sns__par                    -1.03027e-279
xdut.nbg__par                         0.613789
xdut.snsb__par                   -6.59913e-280
xdut.vdda__par                     3.25724e-18
xdut.na__par                       7.35774e-18
xdut.cmpo__par                     2.84309e-18
xdut.n1__par                      -1.48299e-18
xdut.tn__par                        2.8431e-18
xdut.bias_ok__par                         2.97
xdut.bias_okb__par                           0
xdut.ibias__par                       0.613789
xdut.por_raw__par                 -1.53637e-18
xdut.vdd__par                                0
xdut.vref__par                             1.2
xdut.vss__par                                0
vref#branch                       -1.20509e-19
vok#branch                         1.31304e-19
vsup#branch                             -5e-07

 Reference value :  4.13300e-03
 Reference value :  1.36503e-02
No. of Data Rows : 3246
vpor_rise           =  2.60249e+00
vpor_rise_last      =  2.60249e+00
vpor_fall           =  2.43831e+00
vpor_fall_last      =  2.43831e+00
sns_rise            =  1.19945e+00
sns_fall            =  1.18873e+00
m_vpor_rise_v = 2.6024920000e+00
m_vpor_fall_v = 2.4383070000e+00
m_v_hys_mv = 1.6418500000e+02
m_rise_chatter_mv = 0.0000000000e+00
m_fall_chatter_mv = 0.0000000000e+00
m_comp_offs_rise_mv = -5.500000000e-01
m_comp_offs_fall_mv = -1.127000000e+01
Note: Simulation executed from .control section 

Warning: m=xx on .subckt line will override multiplier m hierarchy!

