
Note: Compatibility modes selected: hs a


Circuit: * por-threshold-mc mc @ vth-fall-min_res_ss_-40c_3.63v_s0230 -- generated by sim/harness, do not edit

Doing analysis at TEMP = -40.000000 and TNOM = 27.000000

Using SPARSE 1.3 as Direct Linear Solver

Initial Transient Solution
--------------------------

Node                                   Voltage
----                                   -------
vdd                                          0
bias_ok                                   3.63
vref                                       1.2
ibias                                 0.772623
xdut.tn                            8.53274e-28
xdut.nbg                              0.772623
xdut.bias_okb                                0
xdut.n1                                      0
xdut.cmpo                          8.57752e-28
por_raw                            2.05319e-21
xdut.na                           -2.12524e-22
xdut.sns                         -3.15515e-243
xdut.snsb                        -5.85958e-243
xdut.vdda                          1.32292e-24
xdut.x19.11                      -3.15515e-243
xdut.x19.21                       -4.0408e-249
xdut.x20.11                      -5.85957e-243
xdut.x20.21                      -3.15516e-243
xdut.x21.11                      -7.64528e-248
xdut.x21.21                       -5.8595e-243
xdut.sns__par                    -3.15515e-243
xdut.nbg__par                         0.772623
xdut.snsb__par                   -5.85958e-243
xdut.vdda__par                     1.32292e-24
xdut.na__par                      -2.12524e-22
xdut.cmpo__par                     8.57752e-28
xdut.n1__par                                 0
xdut.tn__par                       8.53274e-28
xdut.bias_ok__par                         3.63
xdut.bias_okb__par                           0
xdut.ibias__par                       0.772623
xdut.por_raw__par                  2.05319e-21
xdut.vdd__par                                0
xdut.vref__par                             1.2
xdut.vss__par                                0
vref#branch                       -1.20509e-19
vok#branch                         8.38809e-20
vsup#branch                             -5e-07

 Reference value :  3.61279e-03
 Reference value :  1.35467e-02
No. of Data Rows : 3307
vpor_rise           =  2.62290e+00
vpor_rise_last      =  2.62290e+00
vpor_fall           =  2.45182e+00
vpor_fall_last      =  2.45182e+00
sns_rise            =  1.20717e+00
sns_fall            =  1.20093e+00
m_vpor_rise_v = 2.6229000000e+00
m_vpor_fall_v = 2.4518160000e+00
m_v_hys_mv = 1.7108400000e+02
m_rise_chatter_mv = 0.0000000000e+00
m_fall_chatter_mv = 0.0000000000e+00
m_comp_offs_rise_mv = 7.1650000000e+00
m_comp_offs_fall_mv = 9.3000000000e-01
Note: Simulation executed from .control section 

Warning: m=xx on .subckt line will override multiplier m hierarchy!

