
Note: Compatibility modes selected: hs a


Circuit: * por-threshold-mc mc @ vth-rise-max_ss_-40c_3.63v_s0440 -- generated by sim/harness, do not edit

Doing analysis at TEMP = -40.000000 and TNOM = 27.000000

Using SPARSE 1.3 as Direct Linear Solver

Initial Transient Solution
--------------------------

Node                                   Voltage
----                                   -------
vdd                                          0
bias_ok                                   3.63
vref                                       1.2
ibias                                  0.88232
xdut.tn                            -2.9199e-27
xdut.nbg                               0.88232
xdut.bias_okb                                0
xdut.n1                           -3.48533e-26
xdut.cmpo                         -2.94978e-27
por_raw                            2.95251e-29
xdut.na                             3.8072e-21
xdut.sns                          7.08664e-132
xdut.snsb                        -8.43035e-133
xdut.vdda                          6.14789e-21
xdut.x19.11                       7.08665e-132
xdut.x19.21                      -1.23924e-137
xdut.x20.11                      -8.43022e-133
xdut.x20.21                       7.08663e-132
xdut.x21.11                       1.23924e-137
xdut.x21.21                      -8.43047e-133
xdut.sns__par                     7.08664e-132
xdut.nbg__par                          0.88232
xdut.snsb__par                   -8.43035e-133
xdut.vdda__par                     6.14789e-21
xdut.na__par                        3.8072e-21
xdut.cmpo__par                    -2.94978e-27
xdut.n1__par                      -3.48533e-26
xdut.tn__par                       -2.9199e-27
xdut.bias_ok__par                         3.63
xdut.bias_okb__par                           0
xdut.ibias__par                        0.88232
xdut.por_raw__par                  2.95251e-29
xdut.vdd__par                                0
xdut.vref__par                             1.2
xdut.vss__par                                0
vref#branch                       -1.20509e-19
vok#branch                         8.38809e-20
vsup#branch                             -5e-07

 Reference value :  3.61258e-03
 Reference value :  1.37510e-02
No. of Data Rows : 3309
vpor_rise           =  2.62273e+00
vpor_rise_last      =  2.62273e+00
vpor_fall           =  2.45080e+00
vpor_fall_last      =  2.45080e+00
sns_rise            =  1.20709e+00
sns_fall            =  1.20063e+00
m_vpor_rise_v = 2.6227270000e+00
m_vpor_fall_v = 2.4508000000e+00
m_v_hys_mv = 1.7192700000e+02
m_rise_chatter_mv = 0.0000000000e+00
m_fall_chatter_mv = 0.0000000000e+00
m_comp_offs_rise_mv = 7.0860000000e+00
m_comp_offs_fall_mv = 6.3200000000e-01
Note: Simulation executed from .control section 

Warning: m=xx on .subckt line will override multiplier m hierarchy!

