
Note: Compatibility modes selected: hs a


Circuit: * por-threshold-mc mc @ vth-rise-max_ss_-40c_3.63v_s0402 -- generated by sim/harness, do not edit

Doing analysis at TEMP = -40.000000 and TNOM = 27.000000

Using SPARSE 1.3 as Direct Linear Solver

Initial Transient Solution
--------------------------

Node                                   Voltage
----                                   -------
vdd                                          0
bias_ok                                   3.63
vref                                       1.2
ibias                                 0.883517
xdut.tn                            6.90717e-41
xdut.nbg                              0.883517
xdut.bias_okb                                0
xdut.n1                           -1.46167e-25
xdut.cmpo                          6.90845e-41
por_raw                            3.39974e-26
xdut.na                           -1.50066e-33
xdut.sns                                     0
xdut.snsb                                    0
xdut.vdda                         -2.81558e-33
xdut.x19.11                                  0
xdut.x19.21                                  0
xdut.x20.11                                  0
xdut.x20.21                                  0
xdut.x21.11                                  0
xdut.x21.21                                  0
xdut.sns__par                                0
xdut.nbg__par                         0.883517
xdut.snsb__par                               0
xdut.vdda__par                    -2.81558e-33
xdut.na__par                      -1.50066e-33
xdut.cmpo__par                     6.90845e-41
xdut.n1__par                      -1.46167e-25
xdut.tn__par                       6.90717e-41
xdut.bias_ok__par                         3.63
xdut.bias_okb__par                           0
xdut.ibias__par                       0.883517
xdut.por_raw__par                  3.39974e-26
xdut.vdd__par                                0
xdut.vref__par                             1.2
xdut.vss__par                                0
vref#branch                       -1.20509e-19
vok#branch                         8.38809e-20
vsup#branch                             -5e-07

 Reference value :  3.56523e-03
 Reference value :  1.34601e-02
No. of Data Rows : 3311
vpor_rise           =  2.58847e+00
vpor_rise_last      =  2.58847e+00
vpor_fall           =  2.41943e+00
vpor_fall_last      =  2.41943e+00
sns_rise            =  1.19127e+00
sns_fall            =  1.18538e+00
m_vpor_rise_v = 2.5884660000e+00
m_vpor_fall_v = 2.4194260000e+00
m_v_hys_mv = 1.6904000000e+02
m_rise_chatter_mv = 0.0000000000e+00
m_fall_chatter_mv = 0.0000000000e+00
m_comp_offs_rise_mv = -8.726000000e+00
m_comp_offs_fall_mv = -1.462300000e+01
Note: Simulation executed from .control section 

Warning: m=xx on .subckt line will override multiplier m hierarchy!

