
Note: Compatibility modes selected: hs a


Circuit: * por-threshold-mc mc @ vth-rise-min_bjt_ff_125c_2.97v_s0232 -- generated by sim/harness, do not edit

Doing analysis at TEMP = 125.000000 and TNOM = 27.000000

Using SPARSE 1.3 as Direct Linear Solver

Initial Transient Solution
--------------------------

Node                                   Voltage
----                                   -------
vdd                                          0
bias_ok                                   2.97
vref                                       1.2
ibias                                 0.612623
xdut.tn                            2.80218e-18
xdut.nbg                              0.612623
xdut.bias_okb                                0
xdut.n1                            1.15524e-18
xdut.cmpo                          2.80218e-18
por_raw                           -3.91376e-19
xdut.na                            5.08883e-18
xdut.sns                                     0
xdut.snsb                                    0
xdut.vdda                         -4.64876e-19
xdut.x19.11                                  0
xdut.x19.21                                  0
xdut.x20.11                                  0
xdut.x20.21                                  0
xdut.x21.11                                  0
xdut.x21.21                                  0
xdut.sns__par                                0
xdut.nbg__par                         0.612623
xdut.snsb__par                               0
xdut.vdda__par                    -4.64876e-19
xdut.na__par                       5.08883e-18
xdut.cmpo__par                     2.80218e-18
xdut.n1__par                       1.15524e-18
xdut.tn__par                       2.80218e-18
xdut.bias_ok__par                         2.97
xdut.bias_okb__par                           0
xdut.ibias__par                       0.612623
xdut.por_raw__par                 -3.91376e-19
xdut.vdd__par                                0
xdut.vref__par                             1.2
xdut.vss__par                                0
vref#branch                       -1.20509e-19
vok#branch                         1.31304e-19
vsup#branch                             -5e-07

 Reference value :  4.32361e-03
 Reference value :  1.39460e-02
No. of Data Rows : 3248
vpor_rise           =  2.57583e+00
vpor_rise_last      =  2.57583e+00
vpor_fall           =  2.41401e+00
vpor_fall_last      =  2.41401e+00
sns_rise            =  1.18714e+00
sns_fall            =  1.17713e+00
m_vpor_rise_v = 2.5758260000e+00
m_vpor_fall_v = 2.4140060000e+00
m_v_hys_mv = 1.6182000000e+02
m_rise_chatter_mv = 0.0000000000e+00
m_fall_chatter_mv = 0.0000000000e+00
m_comp_offs_rise_mv = -1.285700000e+01
m_comp_offs_fall_mv = -2.287200000e+01
Note: Simulation executed from .control section 

Warning: m=xx on .subckt line will override multiplier m hierarchy!

