
Note: Compatibility modes selected: hs a


Circuit: * por-threshold-mc mc @ vth-rise-max_ss_-40c_3.63v_s0483 -- generated by sim/harness, do not edit

Doing analysis at TEMP = -40.000000 and TNOM = 27.000000

Using SPARSE 1.3 as Direct Linear Solver

Initial Transient Solution
--------------------------

Node                                   Voltage
----                                   -------
vdd                                          0
bias_ok                                   3.63
vref                                       1.2
ibias                                 0.887962
xdut.tn                            -1.0314e-28
xdut.nbg                              0.887962
xdut.bias_okb                                0
xdut.n1                           -1.22487e-21
xdut.cmpo                          -1.0426e-28
por_raw                           -6.42488e-23
xdut.na                            1.65679e-24
xdut.sns                                     0
xdut.snsb                                    0
xdut.vdda                         -2.42255e-22
xdut.x19.11                                  0
xdut.x19.21                                  0
xdut.x20.11                                  0
xdut.x20.21                                  0
xdut.x21.11                                  0
xdut.x21.21                                  0
xdut.sns__par                                0
xdut.nbg__par                         0.887962
xdut.snsb__par                               0
xdut.vdda__par                    -2.42255e-22
xdut.na__par                       1.65679e-24
xdut.cmpo__par                     -1.0426e-28
xdut.n1__par                      -1.22487e-21
xdut.tn__par                       -1.0314e-28
xdut.bias_ok__par                         3.63
xdut.bias_okb__par                           0
xdut.ibias__par                       0.887962
xdut.por_raw__par                 -6.42488e-23
xdut.vdd__par                                0
xdut.vref__par                             1.2
xdut.vss__par                                0
vref#branch                       -1.20509e-19
vok#branch                         8.38809e-20
vsup#branch                             -5e-07

 Reference value :  3.57498e-03
 Reference value :  1.37205e-02
No. of Data Rows : 3309
vpor_rise           =  2.59542e+00
vpor_rise_last      =  2.59542e+00
vpor_fall           =  2.42646e+00
vpor_fall_last      =  2.42646e+00
sns_rise            =  1.19448e+00
sns_fall            =  1.18880e+00
m_vpor_rise_v = 2.5954190000e+00
m_vpor_fall_v = 2.4264630000e+00
m_v_hys_mv = 1.6895600000e+02
m_rise_chatter_mv = 0.0000000000e+00
m_fall_chatter_mv = 0.0000000000e+00
m_comp_offs_rise_mv = -5.517000000e+00
m_comp_offs_fall_mv = -1.120100000e+01
Note: Simulation executed from .control section 

Warning: m=xx on .subckt line will override multiplier m hierarchy!

