
Note: Compatibility modes selected: hs a


Circuit: * por-threshold-mc mc @ vth-fall-max_bjt_ss_125c_2.97v_s0232 -- generated by sim/harness, do not edit

Doing analysis at TEMP = 125.000000 and TNOM = 27.000000

Using SPARSE 1.3 as Direct Linear Solver

Initial Transient Solution
--------------------------

Node                                   Voltage
----                                   -------
vdd                                          0
bias_ok                                   2.97
vref                                       1.2
ibias                                 0.615317
xdut.tn                           -1.60527e-22
xdut.nbg                              0.615316
xdut.bias_okb                                0
xdut.n1                           -2.77077e-18
xdut.cmpo                         -1.60984e-22
por_raw                            3.25319e-18
xdut.na                            1.53047e-18
xdut.sns                          -3.50045e-36
xdut.snsb                         -6.50086e-36
xdut.vdda                         -2.43513e-18
xdut.x19.11                       -3.50045e-36
xdut.x19.21                       -4.06241e-42
xdut.x20.11                       -6.50085e-36
xdut.x20.21                       -3.50046e-36
xdut.x21.11                       -7.68619e-41
xdut.x21.21                       -6.50078e-36
xdut.sns__par                     -3.50045e-36
xdut.nbg__par                         0.615316
xdut.snsb__par                    -6.50086e-36
xdut.vdda__par                    -2.43513e-18
xdut.na__par                       1.53047e-18
xdut.cmpo__par                    -1.60984e-22
xdut.n1__par                      -2.77077e-18
xdut.tn__par                      -1.60527e-22
xdut.bias_ok__par                         2.97
xdut.bias_okb__par                           0
xdut.ibias__par                       0.615317
xdut.por_raw__par                  3.25319e-18
xdut.vdd__par                                0
xdut.vref__par                             1.2
xdut.vss__par                                0
vref#branch                       -1.20509e-19
vok#branch                         1.31304e-19
vsup#branch                             -5e-07

 Reference value :  4.22300e-03
 Reference value :  1.38656e-02
No. of Data Rows : 3246
vpor_rise           =  2.61020e+00
vpor_rise_last      =  2.61020e+00
vpor_fall           =  2.44610e+00
vpor_fall_last      =  2.44610e+00
sns_rise            =  1.20301e+00
sns_fall            =  1.19250e+00
m_vpor_rise_v = 2.6101980000e+00
m_vpor_fall_v = 2.4461000000e+00
m_v_hys_mv = 1.6409800000e+02
m_rise_chatter_mv = 0.0000000000e+00
m_fall_chatter_mv = 0.0000000000e+00
m_comp_offs_rise_mv = 3.0070000000e+00
m_comp_offs_fall_mv = -7.501000000e+00
Note: Simulation executed from .control section 

Warning: m=xx on .subckt line will override multiplier m hierarchy!

