
Note: Compatibility modes selected: hs a


Circuit: * por-threshold-mc mc @ vth-fall-min_res_ss_-40c_3.63v_s0358 -- generated by sim/harness, do not edit

Doing analysis at TEMP = -40.000000 and TNOM = 27.000000

Using SPARSE 1.3 as Direct Linear Solver

Initial Transient Solution
--------------------------

Node                                   Voltage
----                                   -------
vdd                                          0
bias_ok                                   3.63
vref                                       1.2
ibias                                 0.777557
xdut.tn                           -1.99029e-27
xdut.nbg                              0.777557
xdut.bias_okb                                0
xdut.n1                                      0
xdut.cmpo                         -1.99811e-27
por_raw                           -9.33186e-26
xdut.na                            6.66822e-22
xdut.sns                          1.08934e-118
xdut.snsb                         2.02306e-118
xdut.vdda                          1.30087e-21
xdut.x19.11                       1.08933e-118
xdut.x19.21                       1.39511e-124
xdut.x20.11                       2.02305e-118
xdut.x20.21                       1.08934e-118
xdut.x21.11                       2.63958e-123
xdut.x21.21                       2.02303e-118
xdut.sns__par                     1.08934e-118
xdut.nbg__par                         0.777557
xdut.snsb__par                    2.02306e-118
xdut.vdda__par                     1.30087e-21
xdut.na__par                       6.66822e-22
xdut.cmpo__par                    -1.99811e-27
xdut.n1__par                                 0
xdut.tn__par                      -1.99029e-27
xdut.bias_ok__par                         3.63
xdut.bias_okb__par                           0
xdut.ibias__par                       0.777557
xdut.por_raw__par                 -9.33186e-26
xdut.vdd__par                                0
xdut.vref__par                             1.2
xdut.vss__par                                0
vref#branch                       -1.20509e-19
vok#branch                         8.38809e-20
vsup#branch                             -5e-07

 Reference value :  3.58970e-03
 Reference value :  1.38546e-02
No. of Data Rows : 3304
vpor_rise           =  2.60612e+00
vpor_rise_last      =  2.60612e+00
vpor_fall           =  2.43617e+00
vpor_fall_last      =  2.43617e+00
sns_rise            =  1.19942e+00
sns_fall            =  1.19333e+00
m_vpor_rise_v = 2.6061170000e+00
m_vpor_fall_v = 2.4361690000e+00
m_v_hys_mv = 1.6994800000e+02
m_rise_chatter_mv = 0.0000000000e+00
m_fall_chatter_mv = 0.0000000000e+00
m_comp_offs_rise_mv = -5.810000000e-01
m_comp_offs_fall_mv = -6.666000000e+00
Note: Simulation executed from .control section 

Warning: m=xx on .subckt line will override multiplier m hierarchy!

