
Note: Compatibility modes selected: hs a


Circuit: * por-threshold-mc mc @ vth-rise-max_ss_-40c_3.63v_s0477 -- generated by sim/harness, do not edit

Doing analysis at TEMP = -40.000000 and TNOM = 27.000000

Using SPARSE 1.3 as Direct Linear Solver

Initial Transient Solution
--------------------------

Node                                   Voltage
----                                   -------
vdd                                          0
bias_ok                                   3.63
vref                                       1.2
ibias                                 0.886839
xdut.tn                           -8.39539e-28
xdut.nbg                              0.886839
xdut.bias_okb                                0
xdut.n1                           -2.69456e-35
xdut.cmpo                         -8.48624e-28
por_raw                             2.5647e-26
xdut.na                           -6.28385e-25
xdut.sns                         -2.83524e-229
xdut.snsb                          2.7149e-228
xdut.vdda                          4.78261e-25
xdut.x19.11                      -2.83524e-229
xdut.x19.21                      -9.93365e-236
xdut.x20.11                        2.7149e-228
xdut.x20.21                      -2.83525e-229
xdut.x21.11                       9.92772e-236
xdut.x21.21                        2.7149e-228
xdut.sns__par                    -2.83524e-229
xdut.nbg__par                         0.886839
xdut.snsb__par                     2.7149e-228
xdut.vdda__par                     4.78261e-25
xdut.na__par                      -6.28385e-25
xdut.cmpo__par                    -8.48624e-28
xdut.n1__par                      -2.69456e-35
xdut.tn__par                      -8.39539e-28
xdut.bias_ok__par                         3.63
xdut.bias_okb__par                           0
xdut.ibias__par                       0.886839
xdut.por_raw__par                   2.5647e-26
xdut.vdd__par                                0
xdut.vref__par                             1.2
xdut.vss__par                                0
vref#branch                       -1.20509e-19
vok#branch                         8.38809e-20
vsup#branch                             -5e-07

 Reference value :  3.61231e-03
 Reference value :  1.31733e-02
No. of Data Rows : 3307
vpor_rise           =  2.62536e+00
vpor_rise_last      =  2.62536e+00
vpor_fall           =  2.45322e+00
vpor_fall_last      =  2.45322e+00
sns_rise            =  1.20830e+00
sns_fall            =  1.20180e+00
m_vpor_rise_v = 2.6253630000e+00
m_vpor_fall_v = 2.4532160000e+00
m_v_hys_mv = 1.7214700000e+02
m_rise_chatter_mv = 0.0000000000e+00
m_fall_chatter_mv = 0.0000000000e+00
m_comp_offs_rise_mv = 8.3030000000e+00
m_comp_offs_fall_mv = 1.8000000000e+00
Note: Simulation executed from .control section 

Warning: m=xx on .subckt line will override multiplier m hierarchy!

