
Note: Compatibility modes selected: hs a


Circuit: * por-threshold-mc mc @ vth-rise-max_ss_-40c_3.63v_s0432 -- generated by sim/harness, do not edit

Doing analysis at TEMP = -40.000000 and TNOM = 27.000000

Using SPARSE 1.3 as Direct Linear Solver

Initial Transient Solution
--------------------------

Node                                   Voltage
----                                   -------
vdd                                          0
bias_ok                                   3.63
vref                                       1.2
ibias                                 0.882566
xdut.tn                           -5.24042e-73
xdut.nbg                              0.882566
xdut.bias_okb                                0
xdut.n1                           -5.80619e-26
xdut.cmpo                         -5.25679e-73
por_raw                           -2.37585e-22
xdut.na                            7.47241e-66
xdut.sns                         -4.19883e-151
xdut.snsb                         8.52112e-152
xdut.vdda                          3.61347e-64
xdut.x19.11                      -4.19883e-151
xdut.x19.21                      -1.70227e-157
xdut.x20.11                       8.52114e-152
xdut.x20.21                      -4.19883e-151
xdut.x21.11                       1.70225e-157
xdut.x21.21                        8.5211e-152
xdut.sns__par                    -4.19883e-151
xdut.nbg__par                         0.882566
xdut.snsb__par                    8.52112e-152
xdut.vdda__par                     3.61347e-64
xdut.na__par                       7.47241e-66
xdut.cmpo__par                    -5.25679e-73
xdut.n1__par                      -5.80619e-26
xdut.tn__par                      -5.24042e-73
xdut.bias_ok__par                         3.63
xdut.bias_okb__par                           0
xdut.ibias__par                       0.882566
xdut.por_raw__par                 -2.37585e-22
xdut.vdd__par                                0
xdut.vref__par                             1.2
xdut.vss__par                                0
vref#branch                       -1.20509e-19
vok#branch                         8.38809e-20
vsup#branch                             -5e-07

 Reference value :  3.60046e-03
 Reference value :  1.38536e-02
No. of Data Rows : 3310
vpor_rise           =  2.61393e+00
vpor_rise_last      =  2.61393e+00
vpor_fall           =  2.44301e+00
vpor_fall_last      =  2.44301e+00
sns_rise            =  1.20303e+00
sns_fall            =  1.19685e+00
m_vpor_rise_v = 2.6139300000e+00
m_vpor_fall_v = 2.4430050000e+00
m_v_hys_mv = 1.7092500000e+02
m_rise_chatter_mv = 0.0000000000e+00
m_fall_chatter_mv = 0.0000000000e+00
m_comp_offs_rise_mv = 3.0260000000e+00
m_comp_offs_fall_mv = -3.155000000e+00
Note: Simulation executed from .control section 

Warning: m=xx on .subckt line will override multiplier m hierarchy!

