
Note: Compatibility modes selected: hs a


Circuit: * por-threshold-mc mc @ vth-rise-min_bjt_ff_125c_2.97v_s0101 -- generated by sim/harness, do not edit

Doing analysis at TEMP = 125.000000 and TNOM = 27.000000

Using SPARSE 1.3 as Direct Linear Solver

Initial Transient Solution
--------------------------

Node                                   Voltage
----                                   -------
vdd                                          0
bias_ok                                   2.97
vref                                       1.2
ibias                                 0.613406
xdut.tn                             1.3113e-24
xdut.nbg                              0.613406
xdut.bias_okb                                0
xdut.n1                            9.06999e-18
xdut.cmpo                          1.31627e-24
por_raw                           -3.84247e-18
xdut.na                           -1.06814e-19
xdut.sns                          -2.86114e-27
xdut.snsb                         -5.31355e-27
xdut.vdda                         -1.14785e-18
xdut.x19.11                       -2.86114e-27
xdut.x19.21                       -3.32046e-33
xdut.x20.11                       -5.31355e-27
xdut.x20.21                       -2.86114e-27
xdut.x21.11                        -6.2824e-32
xdut.x21.21                       -5.31349e-27
xdut.sns__par                     -2.86114e-27
xdut.nbg__par                         0.613406
xdut.snsb__par                    -5.31355e-27
xdut.vdda__par                    -1.14785e-18
xdut.na__par                      -1.06814e-19
xdut.cmpo__par                     1.31627e-24
xdut.n1__par                       9.06999e-18
xdut.tn__par                        1.3113e-24
xdut.bias_ok__par                         2.97
xdut.bias_okb__par                           0
xdut.ibias__par                       0.613406
xdut.por_raw__par                 -3.84247e-18
xdut.vdd__par                                0
xdut.vref__par                             1.2
xdut.vss__par                                0
vref#branch                       -1.20509e-19
vok#branch                         1.31304e-19
vsup#branch                             -5e-07

 Reference value :  4.29300e-03
 Reference value :  1.39152e-02
No. of Data Rows : 3247
vpor_rise           =  2.59137e+00
vpor_rise_last      =  2.59137e+00
vpor_fall           =  2.42789e+00
vpor_fall_last      =  2.42789e+00
sns_rise            =  1.19432e+00
sns_fall            =  1.18378e+00
m_vpor_rise_v = 2.5913710000e+00
m_vpor_fall_v = 2.4278850000e+00
m_v_hys_mv = 1.6348600000e+02
m_rise_chatter_mv = 0.0000000000e+00
m_fall_chatter_mv = 0.0000000000e+00
m_comp_offs_rise_mv = -5.682000000e+00
m_comp_offs_fall_mv = -1.622100000e+01
Note: Simulation executed from .control section 

Warning: m=xx on .subckt line will override multiplier m hierarchy!

