
Note: Compatibility modes selected: hs a


Circuit: * por-threshold-mc mc @ vth-fall-min_res_ss_-40c_3.63v_s0336 -- generated by sim/harness, do not edit

Doing analysis at TEMP = -40.000000 and TNOM = 27.000000

Using SPARSE 1.3 as Direct Linear Solver

Initial Transient Solution
--------------------------

Node                                   Voltage
----                                   -------
vdd                                          0
bias_ok                                   3.63
vref                                       1.2
ibias                                 0.775874
xdut.tn                            2.26308e-28
xdut.nbg                              0.775874
xdut.bias_okb                                0
xdut.n1                             2.1677e-37
xdut.cmpo                          2.28989e-28
por_raw                            3.38881e-38
xdut.na                            7.55888e-23
xdut.sns                         -1.62555e-228
xdut.snsb                         1.66208e-227
xdut.vdda                         -5.65812e-24
xdut.x19.11                      -1.62551e-228
xdut.x19.21                      -3.65485e-233
xdut.x20.11                       1.66208e-227
xdut.x20.21                      -1.62558e-228
xdut.x21.11                       3.65481e-233
xdut.x21.21                       1.66208e-227
xdut.sns__par                    -1.62555e-228
xdut.nbg__par                         0.775874
xdut.snsb__par                    1.66208e-227
xdut.vdda__par                    -5.65812e-24
xdut.na__par                       7.55888e-23
xdut.cmpo__par                     2.28989e-28
xdut.n1__par                        2.1677e-37
xdut.tn__par                       2.26308e-28
xdut.bias_ok__par                         3.63
xdut.bias_okb__par                           0
xdut.ibias__par                       0.775874
xdut.por_raw__par                  3.38881e-38
xdut.vdd__par                                0
xdut.vref__par                             1.2
xdut.vss__par                                0
vref#branch                       -1.20509e-19
vok#branch                         8.38809e-20
vsup#branch                             -5e-07

 Reference value :  3.56091e-03
 Reference value :  1.33005e-02
No. of Data Rows : 3304
vpor_rise           =  2.58553e+00
vpor_rise_last      =  2.58553e+00
vpor_fall           =  2.41794e+00
vpor_fall_last      =  2.41794e+00
sns_rise            =  1.18992e+00
sns_fall            =  1.18444e+00
m_vpor_rise_v = 2.5855320000e+00
m_vpor_fall_v = 2.4179350000e+00
m_v_hys_mv = 1.6759700000e+02
m_rise_chatter_mv = 0.0000000000e+00
m_fall_chatter_mv = 0.0000000000e+00
m_comp_offs_rise_mv = -1.008200000e+01
m_comp_offs_fall_mv = -1.555500000e+01
Note: Simulation executed from .control section 

Warning: m=xx on .subckt line will override multiplier m hierarchy!

