
Note: Compatibility modes selected: hs a


Circuit: * por-threshold-mc mc @ vth-fall-min_res_ss_-40c_3.63v_s0311 -- generated by sim/harness, do not edit

Doing analysis at TEMP = -40.000000 and TNOM = 27.000000

Using SPARSE 1.3 as Direct Linear Solver

Initial Transient Solution
--------------------------

Node                                   Voltage
----                                   -------
vdd                                          0
bias_ok                                   3.63
vref                                       1.2
ibias                                 0.778171
xdut.tn                            1.09399e-28
xdut.nbg                              0.778171
xdut.bias_okb                                0
xdut.n1                           -4.42517e-35
xdut.cmpo                          1.13792e-28
por_raw                           -4.94749e-35
xdut.na                            2.65113e-21
xdut.sns                         -1.25875e-309
xdut.snsb                         8.10626e-309
xdut.vdda                          -4.0811e-21
xdut.x19.11                      -1.25874e-309
xdut.x19.21                       -1.4951e-315
xdut.x20.11                       8.10626e-309
xdut.x20.21                      -1.25875e-309
xdut.x21.11                       1.49492e-315
xdut.x21.21                       8.10626e-309
xdut.sns__par                    -1.25875e-309
xdut.nbg__par                         0.778171
xdut.snsb__par                    8.10626e-309
xdut.vdda__par                     -4.0811e-21
xdut.na__par                       2.65113e-21
xdut.cmpo__par                     1.13792e-28
xdut.n1__par                      -4.42517e-35
xdut.tn__par                       1.09399e-28
xdut.bias_ok__par                         3.63
xdut.bias_okb__par                           0
xdut.ibias__par                       0.778171
xdut.por_raw__par                 -4.94749e-35
xdut.vdd__par                                0
xdut.vref__par                             1.2
xdut.vss__par                                0
vref#branch                       -1.20509e-19
vok#branch                         8.38809e-20
vsup#branch                             -5e-07

 Reference value :  3.59701e-03
 Reference value :  1.33622e-02
No. of Data Rows : 3308
vpor_rise           =  2.61157e+00
vpor_rise_last      =  2.61157e+00
vpor_fall           =  2.44210e+00
vpor_fall_last      =  2.44210e+00
sns_rise            =  1.20194e+00
sns_fall            =  1.19623e+00
m_vpor_rise_v = 2.6115710000e+00
m_vpor_fall_v = 2.4421020000e+00
m_v_hys_mv = 1.6946900000e+02
m_rise_chatter_mv = 0.0000000000e+00
m_fall_chatter_mv = 0.0000000000e+00
m_comp_offs_rise_mv = 1.9370000000e+00
m_comp_offs_fall_mv = -3.769000000e+00
Note: Simulation executed from .control section 

Warning: m=xx on .subckt line will override multiplier m hierarchy!

