
Note: Compatibility modes selected: hs a


Circuit: * por-threshold-mc mc @ vth-fall-min_res_ss_-40c_3.63v_s0060 -- generated by sim/harness, do not edit

Doing analysis at TEMP = -40.000000 and TNOM = 27.000000

Using SPARSE 1.3 as Direct Linear Solver

Initial Transient Solution
--------------------------

Node                                   Voltage
----                                   -------
vdd                                          0
bias_ok                                   3.63
vref                                       1.2
ibias                                 0.777957
xdut.tn                           -1.13725e-85
xdut.nbg                              0.777957
xdut.bias_okb                                0
xdut.n1                            1.44637e-33
xdut.cmpo                         -1.13724e-85
por_raw                           -1.27318e-21
xdut.na                             1.6117e-79
xdut.sns                           -1.758e-213
xdut.snsb                        -2.09033e-213
xdut.vdda                         -7.29003e-81
xdut.x19.11                      -1.75799e-213
xdut.x19.21                      -2.63927e-219
xdut.x20.11                      -2.09033e-213
xdut.x20.21                        -1.758e-213
xdut.x21.11                       2.63932e-219
xdut.x21.21                      -2.09033e-213
xdut.sns__par                      -1.758e-213
xdut.nbg__par                         0.777957
xdut.snsb__par                   -2.09033e-213
xdut.vdda__par                    -7.29003e-81
xdut.na__par                        1.6117e-79
xdut.cmpo__par                    -1.13724e-85
xdut.n1__par                       1.44637e-33
xdut.tn__par                      -1.13725e-85
xdut.bias_ok__par                         3.63
xdut.bias_okb__par                           0
xdut.ibias__par                       0.777957
xdut.por_raw__par                 -1.27318e-21
xdut.vdd__par                                0
xdut.vref__par                             1.2
xdut.vss__par                                0
vref#branch                       -1.20509e-19
vok#branch                         8.38809e-20
vsup#branch                             -5e-07

 Reference value :  3.59202e-03
 Reference value :  1.34591e-02
No. of Data Rows : 3304
vpor_rise           =  2.60783e+00
vpor_rise_last      =  2.60783e+00
vpor_fall           =  2.43885e+00
vpor_fall_last      =  2.43885e+00
sns_rise            =  1.20021e+00
sns_fall            =  1.19462e+00
m_vpor_rise_v = 2.6078300000e+00
m_vpor_fall_v = 2.4388550000e+00
m_v_hys_mv = 1.6897500000e+02
m_rise_chatter_mv = 0.0000000000e+00
m_fall_chatter_mv = 0.0000000000e+00
m_comp_offs_rise_mv = 2.1000000000e-01
m_comp_offs_fall_mv = -5.379000000e+00
Note: Simulation executed from .control section 

Warning: m=xx on .subckt line will override multiplier m hierarchy!

