
Note: Compatibility modes selected: hs a


Circuit: * por-threshold-mc mc @ vth-rise-max_ss_-40c_3.63v_s0209 -- generated by sim/harness, do not edit

Doing analysis at TEMP = -40.000000 and TNOM = 27.000000

Using SPARSE 1.3 as Direct Linear Solver

Initial Transient Solution
--------------------------

Node                                   Voltage
----                                   -------
vdd                                          0
bias_ok                                   3.63
vref                                       1.2
ibias                                 0.882462
xdut.tn                           -9.82692e-28
xdut.nbg                              0.882462
xdut.bias_okb                                0
xdut.n1                           -1.66528e-27
xdut.cmpo                         -9.93144e-28
por_raw                           -4.21089e-26
xdut.na                            2.33526e-24
xdut.sns                           6.7567e-150
xdut.snsb                        -1.48084e-149
xdut.vdda                          9.77593e-25
xdut.x19.11                       6.75669e-150
xdut.x19.21                       8.63084e-156
xdut.x20.11                      -1.48084e-149
xdut.x20.21                       6.75671e-150
xdut.x21.11                      -8.63051e-156
xdut.x21.21                      -1.48084e-149
xdut.sns__par                      6.7567e-150
xdut.nbg__par                         0.882462
xdut.snsb__par                   -1.48084e-149
xdut.vdda__par                     9.77593e-25
xdut.na__par                       2.33526e-24
xdut.cmpo__par                    -9.93144e-28
xdut.n1__par                      -1.66528e-27
xdut.tn__par                      -9.82692e-28
xdut.bias_ok__par                         3.63
xdut.bias_okb__par                           0
xdut.ibias__par                       0.882462
xdut.por_raw__par                 -4.21089e-26
xdut.vdd__par                                0
xdut.vref__par                             1.2
xdut.vss__par                                0
vref#branch                       -1.20509e-19
vok#branch                         8.38809e-20
vsup#branch                             -5e-07

 Reference value :  3.58922e-03
 Reference value :  1.36095e-02
No. of Data Rows : 3310
vpor_rise           =  2.60582e+00
vpor_rise_last      =  2.60582e+00
vpor_fall           =  2.43533e+00
vpor_fall_last      =  2.43533e+00
sns_rise            =  1.19928e+00
sns_fall            =  1.19310e+00
m_vpor_rise_v = 2.6058220000e+00
m_vpor_fall_v = 2.4353310000e+00
m_v_hys_mv = 1.7049100000e+02
m_rise_chatter_mv = 0.0000000000e+00
m_fall_chatter_mv = 0.0000000000e+00
m_comp_offs_rise_mv = -7.160000000e-01
m_comp_offs_fall_mv = -6.902000000e+00
Note: Simulation executed from .control section 

Warning: m=xx on .subckt line will override multiplier m hierarchy!

