
Note: Compatibility modes selected: hs a


Circuit: * por-threshold-mc mc @ vth-rise-max_ss_-40c_3.63v_s0046 -- generated by sim/harness, do not edit

Doing analysis at TEMP = -40.000000 and TNOM = 27.000000

Using SPARSE 1.3 as Direct Linear Solver

Initial Transient Solution
--------------------------

Node                                   Voltage
----                                   -------
vdd                                          0
bias_ok                                   3.63
vref                                       1.2
ibias                                 0.885695
xdut.tn                            -3.9177e-29
xdut.nbg                              0.885695
xdut.bias_okb                                0
xdut.n1                           -1.17061e-36
xdut.cmpo                         -3.96717e-29
por_raw                           -9.70943e-33
xdut.na                           -7.23578e-22
xdut.sns                          3.66744e-181
xdut.snsb                         1.32515e-180
xdut.vdda                          2.95841e-24
xdut.x19.11                       3.66744e-181
xdut.x19.21                       3.09523e-187
xdut.x20.11                       1.32515e-180
xdut.x20.21                       3.66745e-181
xdut.x21.11                      -3.09552e-187
xdut.x21.21                       1.32515e-180
xdut.sns__par                     3.66744e-181
xdut.nbg__par                         0.885695
xdut.snsb__par                    1.32515e-180
xdut.vdda__par                     2.95841e-24
xdut.na__par                      -7.23578e-22
xdut.cmpo__par                    -3.96717e-29
xdut.n1__par                      -1.17061e-36
xdut.tn__par                       -3.9177e-29
xdut.bias_ok__par                         3.63
xdut.bias_okb__par                           0
xdut.ibias__par                       0.885695
xdut.por_raw__par                 -9.70943e-33
xdut.vdd__par                                0
xdut.vref__par                             1.2
xdut.vss__par                                0
vref#branch                       -1.20509e-19
vok#branch                         8.38809e-20
vsup#branch                             -5e-07

 Reference value :  3.57461e-03
 Reference value :  1.37898e-02
No. of Data Rows : 3309
vpor_rise           =  2.59518e+00
vpor_rise_last      =  2.59518e+00
vpor_fall           =  2.42532e+00
vpor_fall_last      =  2.42532e+00
sns_rise            =  1.19437e+00
sns_fall            =  1.18821e+00
m_vpor_rise_v = 2.5951820000e+00
m_vpor_fall_v = 2.4253250000e+00
m_v_hys_mv = 1.6985700000e+02
m_rise_chatter_mv = 0.0000000000e+00
m_fall_chatter_mv = 0.0000000000e+00
m_comp_offs_rise_mv = -5.627000000e+00
m_comp_offs_fall_mv = -1.178900000e+01
Note: Simulation executed from .control section 

Warning: m=xx on .subckt line will override multiplier m hierarchy!

