
Note: Compatibility modes selected: hs a


Circuit: * por-threshold-mc mc @ vth-rise-max_ss_-40c_3.63v_s0173 -- generated by sim/harness, do not edit

Doing analysis at TEMP = -40.000000 and TNOM = 27.000000

Using SPARSE 1.3 as Direct Linear Solver

Initial Transient Solution
--------------------------

Node                                   Voltage
----                                   -------
vdd                                          0
bias_ok                                   3.63
vref                                       1.2
ibias                                 0.883121
xdut.tn                            9.91751e-77
xdut.nbg                              0.883121
xdut.bias_okb                                0
xdut.n1                                      0
xdut.cmpo                           1.0029e-76
por_raw                            1.96204e-21
xdut.na                            1.30544e-70
xdut.sns                          4.06296e-276
xdut.snsb                         7.54549e-276
xdut.vdda                          -2.5404e-67
xdut.x19.11                       4.06295e-276
xdut.x19.21                       5.20342e-282
xdut.x20.11                       7.54549e-276
xdut.x20.21                       4.06296e-276
xdut.x21.11                         9.845e-281
xdut.x21.21                       7.54539e-276
xdut.sns__par                     4.06296e-276
xdut.nbg__par                         0.883121
xdut.snsb__par                    7.54549e-276
xdut.vdda__par                     -2.5404e-67
xdut.na__par                       1.30544e-70
xdut.cmpo__par                      1.0029e-76
xdut.n1__par                                 0
xdut.tn__par                       9.91751e-77
xdut.bias_ok__par                         3.63
xdut.bias_okb__par                           0
xdut.ibias__par                       0.883121
xdut.por_raw__par                  1.96204e-21
xdut.vdd__par                                0
xdut.vref__par                             1.2
xdut.vss__par                                0
vref#branch                       -1.20509e-19
vok#branch                         8.38809e-20
vsup#branch                             -5e-07

 Reference value :  3.57715e-03
 Reference value :  1.45427e-02
No. of Data Rows : 3307
vpor_rise           =  2.59419e+00
vpor_rise_last      =  2.59419e+00
vpor_fall           =  2.42487e+00
vpor_fall_last      =  2.42487e+00
sns_rise            =  1.19392e+00
sns_fall            =  1.18799e+00
m_vpor_rise_v = 2.5941920000e+00
m_vpor_fall_v = 2.4248700000e+00
m_v_hys_mv = 1.6932200000e+02
m_rise_chatter_mv = 0.0000000000e+00
m_fall_chatter_mv = 0.0000000000e+00
m_comp_offs_rise_mv = -6.084000000e+00
m_comp_offs_fall_mv = -1.201100000e+01
Note: Simulation executed from .control section 

Warning: m=xx on .subckt line will override multiplier m hierarchy!

