
Note: Compatibility modes selected: hs a


Circuit: * por-threshold-mc mc @ vth-fall-max_bjt_ss_125c_2.97v_s0152 -- generated by sim/harness, do not edit

Doing analysis at TEMP = 125.000000 and TNOM = 27.000000

Using SPARSE 1.3 as Direct Linear Solver

Initial Transient Solution
--------------------------

Node                                   Voltage
----                                   -------
vdd                                          0
bias_ok                                   2.97
vref                                       1.2
ibias                                 0.616984
xdut.tn                           -1.79083e-24
xdut.nbg                              0.616984
xdut.bias_okb                                0
xdut.n1                            4.58384e-19
xdut.cmpo                         -1.79793e-24
por_raw                            7.78737e-18
xdut.na                           -4.44065e-21
xdut.sns                           2.42449e-30
xdut.snsb                          4.50264e-30
xdut.vdda                          1.67535e-18
xdut.x19.11                        2.42449e-30
xdut.x19.21                        2.81372e-36
xdut.x20.11                        4.50263e-30
xdut.x20.21                        2.42449e-30
xdut.x21.11                        5.32363e-35
xdut.x21.21                        4.50258e-30
xdut.sns__par                      2.42449e-30
xdut.nbg__par                         0.616984
xdut.snsb__par                     4.50264e-30
xdut.vdda__par                     1.67535e-18
xdut.na__par                      -4.44065e-21
xdut.cmpo__par                    -1.79793e-24
xdut.n1__par                       4.58384e-19
xdut.tn__par                      -1.79083e-24
xdut.bias_ok__par                         2.97
xdut.bias_okb__par                           0
xdut.ibias__par                       0.616984
xdut.por_raw__par                  7.78737e-18
xdut.vdd__par                                0
xdut.vref__par                             1.2
xdut.vss__par                                0
vref#branch                       -1.20509e-19
vok#branch                         1.31304e-19
vsup#branch                             -5e-07

 Reference value :  4.07800e-03
 Reference value :  1.35254e-02
No. of Data Rows : 3247
vpor_rise           =  2.60996e+00
vpor_rise_last      =  2.60996e+00
vpor_fall           =  2.44567e+00
vpor_fall_last      =  2.44567e+00
sns_rise            =  1.20290e+00
sns_fall            =  1.19216e+00
m_vpor_rise_v = 2.6099630000e+00
m_vpor_fall_v = 2.4456740000e+00
m_v_hys_mv = 1.6428900000e+02
m_rise_chatter_mv = 0.0000000000e+00
m_fall_chatter_mv = 0.0000000000e+00
m_comp_offs_rise_mv = 2.8990000000e+00
m_comp_offs_fall_mv = -7.835000000e+00
Note: Simulation executed from .control section 

Warning: m=xx on .subckt line will override multiplier m hierarchy!

