
Note: Compatibility modes selected: hs a


Circuit: * por-threshold-mc mc @ vth-fall-min_res_ss_-40c_3.63v_s0191 -- generated by sim/harness, do not edit

Doing analysis at TEMP = -40.000000 and TNOM = 27.000000

Using SPARSE 1.3 as Direct Linear Solver

Initial Transient Solution
--------------------------

Node                                   Voltage
----                                   -------
vdd                                          0
bias_ok                                   3.63
vref                                       1.2
ibias                                 0.774127
xdut.tn                           -2.83725e-77
xdut.nbg                              0.774127
xdut.bias_okb                                0
xdut.n1                           -2.19337e-30
xdut.cmpo                         -2.83725e-77
por_raw                            1.16496e-21
xdut.na                            3.89673e-71
xdut.sns                                     0
xdut.snsb                                    0
xdut.vdda                         -4.29322e-73
xdut.x19.11                                  0
xdut.x19.21                                  0
xdut.x20.11                                  0
xdut.x20.21                                  0
xdut.x21.11                                  0
xdut.x21.21                                  0
xdut.sns__par                                0
xdut.nbg__par                         0.774127
xdut.snsb__par                               0
xdut.vdda__par                    -4.29322e-73
xdut.na__par                       3.89673e-71
xdut.cmpo__par                    -2.83725e-77
xdut.n1__par                      -2.19337e-30
xdut.tn__par                      -2.83725e-77
xdut.bias_ok__par                         3.63
xdut.bias_okb__par                           0
xdut.ibias__par                       0.774127
xdut.por_raw__par                  1.16496e-21
xdut.vdd__par                                0
xdut.vref__par                             1.2
xdut.vss__par                                0
vref#branch                       -1.20509e-19
vok#branch                         8.38809e-20
vsup#branch                             -5e-07

 Reference value :  3.56947e-03
 Reference value :  1.31577e-02
No. of Data Rows : 3306
vpor_rise           =  2.59178e+00
vpor_rise_last      =  2.59178e+00
vpor_fall           =  2.42345e+00
vpor_fall_last      =  2.42345e+00
sns_rise            =  1.19280e+00
sns_fall            =  1.18713e+00
m_vpor_rise_v = 2.5917790000e+00
m_vpor_fall_v = 2.4234500000e+00
m_v_hys_mv = 1.6832900000e+02
m_rise_chatter_mv = 0.0000000000e+00
m_fall_chatter_mv = 0.0000000000e+00
m_comp_offs_rise_mv = -7.198000000e+00
m_comp_offs_fall_mv = -1.287200000e+01
Note: Simulation executed from .control section 

Warning: m=xx on .subckt line will override multiplier m hierarchy!

