
Note: Compatibility modes selected: hs a


Circuit: * por-threshold-mc mc @ vth-fall-max_bjt_ss_125c_2.97v_s0415 -- generated by sim/harness, do not edit

Doing analysis at TEMP = 125.000000 and TNOM = 27.000000

Using SPARSE 1.3 as Direct Linear Solver

Initial Transient Solution
--------------------------

Node                                   Voltage
----                                   -------
vdd                                          0
bias_ok                                   2.97
vref                                       1.2
ibias                                 0.619157
xdut.tn                            5.61841e-18
xdut.nbg                              0.619157
xdut.bias_okb                                0
xdut.n1                           -1.73046e-18
xdut.cmpo                          5.61839e-18
por_raw                           -8.81713e-19
xdut.na                            5.93216e-18
xdut.sns                         -1.86378e-259
xdut.snsb                         -2.0165e-259
xdut.vdda                         -4.28021e-19
xdut.x19.11                      -1.86378e-259
xdut.x19.21                       1.25264e-265
xdut.x20.11                       -2.0165e-259
xdut.x20.21                      -1.86378e-259
xdut.x21.11                      -1.22641e-265
xdut.x21.21                       -2.0165e-259
xdut.sns__par                    -1.86378e-259
xdut.nbg__par                         0.619157
xdut.snsb__par                    -2.0165e-259
xdut.vdda__par                    -4.28021e-19
xdut.na__par                       5.93216e-18
xdut.cmpo__par                     5.61839e-18
xdut.n1__par                      -1.73046e-18
xdut.tn__par                       5.61841e-18
xdut.bias_ok__par                         2.97
xdut.bias_okb__par                           0
xdut.ibias__par                       0.619157
xdut.por_raw__par                 -8.81713e-19
xdut.vdd__par                                0
xdut.vref__par                             1.2
xdut.vss__par                                0
vref#branch                       -1.20509e-19
vok#branch                         1.31304e-19
vsup#branch                             -5e-07

 Reference value :  4.13800e-03
 Reference value :  1.36281e-02
No. of Data Rows : 3248
vpor_rise           =  2.59864e+00
vpor_rise_last      =  2.59864e+00
vpor_fall           =  2.43576e+00
vpor_fall_last      =  2.43576e+00
sns_rise            =  1.19767e+00
sns_fall            =  1.18763e+00
m_vpor_rise_v = 2.5986390000e+00
m_vpor_fall_v = 2.4357640000e+00
m_v_hys_mv = 1.6287500000e+02
m_rise_chatter_mv = 0.0000000000e+00
m_fall_chatter_mv = 0.0000000000e+00
m_comp_offs_rise_mv = -2.328000000e+00
m_comp_offs_fall_mv = -1.236900000e+01
Note: Simulation executed from .control section 

Warning: m=xx on .subckt line will override multiplier m hierarchy!

