
Note: Compatibility modes selected: hs a


Circuit: * por-threshold-mc mc @ vth-rise-max_ss_-40c_3.63v_s0226 -- generated by sim/harness, do not edit

Doing analysis at TEMP = -40.000000 and TNOM = 27.000000

Using SPARSE 1.3 as Direct Linear Solver

Initial Transient Solution
--------------------------

Node                                   Voltage
----                                   -------
vdd                                          0
bias_ok                                   3.63
vref                                       1.2
ibias                                 0.888207
xdut.tn                           -5.99519e-49
xdut.nbg                              0.888207
xdut.bias_okb                                0
xdut.n1                                      0
xdut.cmpo                         -6.00538e-49
por_raw                           -7.95159e-22
xdut.na                            9.43738e-42
xdut.sns                          6.28012e-255
xdut.snsb                         1.16631e-254
xdut.vdda                          2.15868e-40
xdut.x19.11                       6.28011e-255
xdut.x19.21                       8.04293e-261
xdut.x20.11                       1.16631e-254
xdut.x20.21                       6.28012e-255
xdut.x21.11                       1.52175e-259
xdut.x21.21                       1.16629e-254
xdut.sns__par                     6.28012e-255
xdut.nbg__par                         0.888207
xdut.snsb__par                    1.16631e-254
xdut.vdda__par                     2.15868e-40
xdut.na__par                       9.43738e-42
xdut.cmpo__par                    -6.00538e-49
xdut.n1__par                                 0
xdut.tn__par                      -5.99519e-49
xdut.bias_ok__par                         3.63
xdut.bias_okb__par                           0
xdut.ibias__par                       0.888207
xdut.por_raw__par                 -7.95159e-22
xdut.vdd__par                                0
xdut.vref__par                             1.2
xdut.vss__par                                0
vref#branch                       -1.20509e-19
vok#branch                         8.38809e-20
vsup#branch                             -5e-07

 Reference value :  3.56821e-03
 Reference value :  1.39532e-02
No. of Data Rows : 3309
vpor_rise           =  2.59048e+00
vpor_rise_last      =  2.59048e+00
vpor_fall           =  2.42204e+00
vpor_fall_last      =  2.42204e+00
sns_rise            =  1.19220e+00
sns_fall            =  1.18663e+00
m_vpor_rise_v = 2.5904760000e+00
m_vpor_fall_v = 2.4220450000e+00
m_v_hys_mv = 1.6843100000e+02
m_rise_chatter_mv = 0.0000000000e+00
m_fall_chatter_mv = 0.0000000000e+00
m_comp_offs_rise_mv = -7.799000000e+00
m_comp_offs_fall_mv = -1.337300000e+01
Note: Simulation executed from .control section 

Warning: m=xx on .subckt line will override multiplier m hierarchy!

