
Note: No compatibility mode selected!


Circuit: * bias_core ramp-feedthrough control -- postlayout @ fs_125c_3.30v, tramp=4 ms -- generated by run_ramp_feedthrough.py, do not edit

Doing analysis at TEMP = 125.000000 and TNOM = 27.000000

Using SPARSE 1.3 as Direct Linear Solver

Initial Transient Solution
--------------------------

Node                                   Voltage
----                                   -------
vdd                                          0
nib                                1.81447e-18
ibias                              1.81447e-18
xdut.ks1                           1.02242e-18
xdut.ks2                           8.34712e-19
xdut.ks3                           5.45465e-19
xdut.ks4                           -1.1895e-18
xdut.nkg                          -2.22721e-18
xdut.pg                           -3.13353e-22
xdut.nbg                           1.20269e-46
xdut.pb                           -4.34638e-50
xdut.nkm                           1.56225e-47
xdut.nokl                         -2.72194e-22
xdut.noko                          6.84018e-20
xdut.nokx                         -1.62232e-15
xdut.n1                            2.56521e-18
xdut.n2                            1.64267e-18
bias_ok                             2.0461e-16
xdut.tok                            1.2954e-18
xdut.nt                            3.10103e-18
xdut.na                            1.18402e-18
xdut.nbtop                          5.9725e-19
vref                              -1.53092e-18
xdut.nb                             5.9725e-19
xdut.ec                             5.9725e-19
xdut.er                           -1.53093e-18
xdut.nz                            1.64267e-18
xdut.x47.11                       -1.53092e-18
xdut.x47.21                       -1.53092e-18
xdut.xr2__1                       -1.53092e-18
xdut.xr2__2                       -1.53092e-18
xdut.x48.11                       -1.53092e-18
xdut.x48.21                       -1.53092e-18
xdut.x49.11                       -1.53092e-18
xdut.x49.21                       -1.53092e-18
xdut.xr2__3                       -1.53092e-18
xdut.xr2__4                       -1.53092e-18
xdut.x50.11                       -1.53092e-18
xdut.x50.21                       -1.53092e-18
xdut.x51.11                       -1.53092e-18
xdut.x51.21                       -1.53092e-18
xdut.xr2__5                       -1.53092e-18
xdut.xr2__6                       -1.53092e-18
xdut.x52.11                       -1.53092e-18
xdut.x52.21                       -1.53092e-18
xdut.x53.11                       -1.53092e-18
xdut.x53.21                       -1.53092e-18
xdut.xr2__7                       -1.53092e-18
xdut.xr2__8                       -1.53092e-18
xdut.x54.11                       -1.53092e-18
xdut.x54.21                       -1.53092e-18
xdut.x55.11                       -1.53092e-18
xdut.x55.21                       -1.53092e-18
xdut.xr2__9                       -1.53092e-18
xdut.xr2__10                      -1.53092e-18
xdut.x56.11                       -1.53092e-18
xdut.x56.21                       -1.53092e-18
xdut.x57.11                       -1.53092e-18
xdut.x57.21                       -1.53092e-18
xdut.xr2__11                      -1.53092e-18
xdut.xr2__12                      -1.53092e-18
xdut.x58.11                       -1.53092e-18
xdut.x58.21                       -1.53092e-18
xdut.x59.11                       -1.53092e-18
xdut.x59.21                       -1.53092e-18
xdut.xr2__13                      -1.53092e-18
xdut.xr2__14                      -1.53093e-18
xdut.x60.11                       -1.53093e-18
xdut.x60.21                       -1.53092e-18
xdut.x61.11                       -1.53093e-18
xdut.x61.21                       -1.53093e-18
xdut.xr2__15                      -1.53093e-18
xdut.x62.11                       -1.53093e-18
xdut.x62.21                       -1.53093e-18
xdut.x63.11                        1.64267e-18
xdut.x63.21                        1.64267e-18
xdut.xrz__1                        1.64267e-18
xdut.xrz__2                        1.64267e-18
xdut.x64.11                        1.64267e-18
xdut.x64.21                        1.64267e-18
xdut.x65.11                        1.64267e-18
xdut.x65.21                        1.64267e-18
xdut.xrz__3                        1.64267e-18
xdut.x66.11                        1.64267e-18
xdut.x66.21                        1.64267e-18
xdut.x67.11                         5.9725e-19
xdut.x67.21                         5.9725e-19
xdut.xr1__1                         5.9725e-19
xdut.x68.11                         5.9725e-19
xdut.x68.21                         5.9725e-19
xdut.x69.11                         5.9725e-19
xdut.x69.21                         5.9725e-19
xdut.xrt__1                         5.9725e-19
xdut.x70.11                         5.9725e-19
xdut.x70.21                         5.9725e-19
xdut.n1__par                       2.56521e-18
xdut.n2__par                       1.64267e-18
xdut.nkm__par                      1.56225e-47
xdut.tok__par                       1.2954e-18
xdut.noko__par                     6.84018e-20
xdut.nokl__par                    -2.72194e-22
xdut.nokx__par                    -1.62232e-15
xdut.ks1__par                      1.02242e-18
xdut.ks2__par                      8.34712e-19
xdut.ks3__par                      5.45465e-19
xdut.ks4__par                      -1.1895e-18
xdut.nkg__par                     -2.22721e-18
xdut.nb__par                        5.9725e-19
xdut.ec__par                        5.9725e-19
xdut.nz__par                       1.64267e-18
xdut.xrz__2__par                   1.64267e-18
xdut.xr2__14__par                 -1.53093e-18
xdut.xr2__12__par                 -1.53092e-18
xdut.pg__par                      -3.13353e-22
xdut.xr2__10__par                 -1.53092e-18
xdut.xr2__8__par                  -1.53092e-18
xdut.xr2__6__par                  -1.53092e-18
xdut.xr2__4__par                  -1.53092e-18
xdut.xr2__2__par                  -1.53092e-18
xdut.na__par                       1.18402e-18
xdut.er__par                      -1.53093e-18
xdut.xrt__1__par                    5.9725e-19
xdut.nbtop__par                     5.9725e-19
xdut.xr1__1__par                    5.9725e-19
xdut.xrz__3__par                   1.64267e-18
xdut.xrz__1__par                   1.64267e-18
xdut.xr2__13__par                 -1.53092e-18
xdut.xr2__11__par                 -1.53092e-18
xdut.xr2__1__par                  -1.53092e-18
xdut.xr2__3__par                  -1.53092e-18
xdut.xr2__5__par                  -1.53092e-18
xdut.xr2__7__par                  -1.53092e-18
xdut.xr2__9__par                  -1.53092e-18
xdut.xr2__15__par                 -1.53093e-18
xdut.nbg__par                      1.20269e-46
xdut.pb__par                      -4.34638e-50
xdut.nt__par                       3.10103e-18
xdut.bias_ok__par                   2.0461e-16
xdut.ibias__par                    1.81447e-18
xdut.vdd__par                                0
xdut.vref__par                    -1.53092e-18
xdut.vss__par                                0
vib#branch                        -1.22727e-30
vsup#branch                       -1.84953e-26

 Reference value :  2.19620e-03
 Reference value :  6.07750e-03
 Reference value :  9.91750e-03
No. of Data Rows : 2452
vref_settle         =  1.19772e+00
vref_up             =  1.20605e+00
vref_dn             =  1.18890e+00
Note: Simulation executed from .control section 

