
Note: No compatibility mode selected!


Circuit: * bias_core ramp-feedthrough control -- postlayout @ fs_-40c_2.97v, tramp=16 ms -- generated by run_ramp_feedthrough.py, do not edit

Doing analysis at TEMP = -40.000000 and TNOM = 27.000000

Using SPARSE 1.3 as Direct Linear Solver

Initial Transient Solution
--------------------------

Node                                   Voltage
----                                   -------
vdd                                          0
nib                                -2.2068e-24
ibias                              -2.2068e-24
xdut.ks1                           6.65635e-54
xdut.ks2                          -1.02299e-52
xdut.ks3                            1.5624e-51
xdut.ks4                          -2.38561e-50
xdut.nkg                           3.64249e-49
xdut.pg                           -3.80825e-46
xdut.nbg                          -3.73952e-48
xdut.pb                            6.33674e-42
xdut.nkm                           -3.2935e-48
xdut.nokl                         -7.49462e-52
xdut.noko                         -3.69593e-48
xdut.nokx                         -1.83251e-52
xdut.n1                             7.4192e-51
xdut.n2                           -3.72297e-49
bias_ok                           -9.31694e-43
xdut.tok                          -1.83117e-55
xdut.nt                           -3.57335e-56
xdut.na                           -1.20887e-26
xdut.nbtop                         3.74361e-22
vref                              -6.39039e-23
xdut.nb                            3.74361e-22
xdut.ec                            3.74359e-22
xdut.er                           -6.39034e-23
xdut.nz                           -3.72297e-49
xdut.x47.11                       -6.39039e-23
xdut.x47.21                       -6.39038e-23
xdut.xr2__1                       -6.39038e-23
xdut.xr2__2                       -6.39038e-23
xdut.x48.11                       -6.39038e-23
xdut.x48.21                       -6.39038e-23
xdut.x49.11                       -6.39038e-23
xdut.x49.21                       -6.39038e-23
xdut.xr2__3                       -6.39038e-23
xdut.xr2__4                       -6.39037e-23
xdut.x50.11                       -6.39037e-23
xdut.x50.21                       -6.39038e-23
xdut.x51.11                       -6.39037e-23
xdut.x51.21                       -6.39037e-23
xdut.xr2__5                       -6.39037e-23
xdut.xr2__6                       -6.39037e-23
xdut.x52.11                       -6.39037e-23
xdut.x52.21                       -6.39037e-23
xdut.x53.11                       -6.39037e-23
xdut.x53.21                       -6.39037e-23
xdut.xr2__7                       -6.39037e-23
xdut.xr2__8                       -6.39036e-23
xdut.x54.11                       -6.39036e-23
xdut.x54.21                       -6.39037e-23
xdut.x55.11                       -6.39036e-23
xdut.x55.21                       -6.39036e-23
xdut.xr2__9                       -6.39036e-23
xdut.xr2__10                      -6.39036e-23
xdut.x56.11                       -6.39036e-23
xdut.x56.21                       -6.39036e-23
xdut.x57.11                       -6.39036e-23
xdut.x57.21                       -6.39035e-23
xdut.xr2__11                      -6.39035e-23
xdut.xr2__12                      -6.39035e-23
xdut.x58.11                       -6.39035e-23
xdut.x58.21                       -6.39035e-23
xdut.x59.11                       -6.39035e-23
xdut.x59.21                       -6.39035e-23
xdut.xr2__13                      -6.39035e-23
xdut.xr2__14                      -6.39035e-23
xdut.x60.11                       -6.39035e-23
xdut.x60.21                       -6.39035e-23
xdut.x61.11                       -6.39035e-23
xdut.x61.21                       -6.39034e-23
xdut.xr2__15                      -6.39034e-23
xdut.x62.11                       -6.39034e-23
xdut.x62.21                       -6.39034e-23
xdut.x63.11                       -3.72297e-49
xdut.x63.21                       -3.72297e-49
xdut.xrz__1                       -3.72297e-49
xdut.xrz__2                       -3.72297e-49
xdut.x64.11                       -3.72297e-49
xdut.x64.21                       -3.72297e-49
xdut.x65.11                       -3.72297e-49
xdut.x65.21                       -3.72297e-49
xdut.xrz__3                       -3.72297e-49
xdut.x66.11                       -3.72297e-49
xdut.x66.21                       -3.72297e-49
xdut.x67.11                        3.74361e-22
xdut.x67.21                         3.7436e-22
xdut.xr1__1                         3.7436e-22
xdut.x68.11                        3.74359e-22
xdut.x68.21                         3.7436e-22
xdut.x69.11                        3.74361e-22
xdut.x69.21                        3.74361e-22
xdut.xrt__1                        3.74361e-22
xdut.x70.11                        3.74361e-22
xdut.x70.21                        3.74361e-22
xdut.n1__par                        7.4192e-51
xdut.n2__par                      -3.72297e-49
xdut.nkm__par                      -3.2935e-48
xdut.tok__par                     -1.83117e-55
xdut.noko__par                    -3.69593e-48
xdut.nokl__par                    -7.49462e-52
xdut.nokx__par                    -1.83251e-52
xdut.ks1__par                      6.65635e-54
xdut.ks2__par                     -1.02299e-52
xdut.ks3__par                       1.5624e-51
xdut.ks4__par                     -2.38561e-50
xdut.nkg__par                      3.64249e-49
xdut.nb__par                       3.74361e-22
xdut.ec__par                       3.74359e-22
xdut.nz__par                      -3.72297e-49
xdut.xrz__2__par                  -3.72297e-49
xdut.xr2__14__par                 -6.39035e-23
xdut.xr2__12__par                 -6.39035e-23
xdut.pg__par                      -3.80825e-46
xdut.xr2__10__par                 -6.39036e-23
xdut.xr2__8__par                  -6.39036e-23
xdut.xr2__6__par                  -6.39037e-23
xdut.xr2__4__par                  -6.39037e-23
xdut.xr2__2__par                  -6.39038e-23
xdut.na__par                      -1.20887e-26
xdut.er__par                      -6.39034e-23
xdut.xrt__1__par                   3.74361e-22
xdut.nbtop__par                    3.74361e-22
xdut.xr1__1__par                    3.7436e-22
xdut.xrz__3__par                  -3.72297e-49
xdut.xrz__1__par                  -3.72297e-49
xdut.xr2__13__par                 -6.39035e-23
xdut.xr2__11__par                 -6.39035e-23
xdut.xr2__1__par                  -6.39038e-23
xdut.xr2__3__par                  -6.39038e-23
xdut.xr2__5__par                  -6.39037e-23
xdut.xr2__7__par                  -6.39037e-23
xdut.xr2__9__par                  -6.39036e-23
xdut.xr2__15__par                 -6.39034e-23
xdut.nbg__par                     -3.73952e-48
xdut.pb__par                       6.33674e-42
xdut.nt__par                      -3.57335e-56
xdut.bias_ok__par                 -9.31694e-43
xdut.ibias__par                    -2.2068e-24
xdut.vdd__par                                0
xdut.vref__par                    -6.39039e-23
xdut.vss__par                                0
vib#branch                         2.19572e-36
vsup#branch                       -2.92113e-33

 Reference value :  1.94570e-03
 Reference value :  5.83070e-03
 Reference value :  9.71070e-03
 Reference value :  1.35857e-02
 Reference value :  1.74575e-02
 Reference value :  2.13325e-02
 Reference value :  2.54125e-02
 Reference value :  2.93875e-02
 Reference value :  3.32075e-02
No. of Data Rows : 7266
vref_settle         =  1.19782e+00
vref_up             =  1.19978e+00
vref_dn             =  1.19555e+00
Note: Simulation executed from .control section 

