
Note: No compatibility mode selected!


Circuit: * bias_core ramp-feedthrough control -- postlayout @ bjt_ss_125c_3.63v, tramp=16 ms -- generated by run_ramp_feedthrough.py, do not edit

Doing analysis at TEMP = 125.000000 and TNOM = 27.000000

Using SPARSE 1.3 as Direct Linear Solver

Initial Transient Solution
--------------------------

Node                                   Voltage
----                                   -------
vdd                                          0
nib                                5.98981e-19
ibias                              5.98981e-19
xdut.ks1                           8.11246e-21
xdut.ks2                            5.8247e-19
xdut.ks3                           1.58089e-18
xdut.ks4                           1.41201e-18
xdut.nkg                           7.56499e-19
xdut.pg                           -3.34211e-19
xdut.nbg                          -1.04716e-18
xdut.pb                            1.08977e-18
xdut.nkm                           1.46828e-18
xdut.nokl                          5.09253e-18
xdut.noko                          1.83893e-19
xdut.nokx                          -1.3703e-18
xdut.n1                               1.18e-18
xdut.n2                           -7.26796e-19
bias_ok                            6.16009e-19
xdut.tok                           1.42349e-18
xdut.nt                           -2.58186e-18
xdut.na                            3.48746e-18
xdut.nbtop                         2.34518e-16
vref                               2.91651e-17
xdut.nb                            2.34518e-16
xdut.ec                            2.34517e-16
xdut.er                            2.91639e-17
xdut.nz                           -7.26796e-19
xdut.x47.11                        2.91651e-17
xdut.x47.21                         2.9165e-17
xdut.xr2__1                         2.9165e-17
xdut.xr2__2                        2.91649e-17
xdut.x48.11                        2.91649e-17
xdut.x48.21                         2.9165e-17
xdut.x49.11                        2.91649e-17
xdut.x49.21                        2.91649e-17
xdut.xr2__3                        2.91649e-17
xdut.xr2__4                        2.91648e-17
xdut.x50.11                        2.91648e-17
xdut.x50.21                        2.91649e-17
xdut.x51.11                        2.91648e-17
xdut.x51.21                        2.91647e-17
xdut.xr2__5                        2.91647e-17
xdut.xr2__6                        2.91646e-17
xdut.x52.11                        2.91646e-17
xdut.x52.21                        2.91647e-17
xdut.x53.11                        2.91646e-17
xdut.x53.21                        2.91646e-17
xdut.xr2__7                        2.91646e-17
xdut.xr2__8                        2.91645e-17
xdut.x54.11                        2.91645e-17
xdut.x54.21                        2.91646e-17
xdut.x55.11                        2.91645e-17
xdut.x55.21                        2.91644e-17
xdut.xr2__9                        2.91644e-17
xdut.xr2__10                       2.91644e-17
xdut.x56.11                        2.91644e-17
xdut.x56.21                        2.91644e-17
xdut.x57.11                        2.91644e-17
xdut.x57.21                        2.91643e-17
xdut.xr2__11                       2.91643e-17
xdut.xr2__12                       2.91642e-17
xdut.x58.11                        2.91642e-17
xdut.x58.21                        2.91643e-17
xdut.x59.11                        2.91642e-17
xdut.x59.21                        2.91642e-17
xdut.xr2__13                       2.91642e-17
xdut.xr2__14                       2.91641e-17
xdut.x60.11                        2.91641e-17
xdut.x60.21                        2.91642e-17
xdut.x61.11                        2.91641e-17
xdut.x61.21                         2.9164e-17
xdut.xr2__15                        2.9164e-17
xdut.x62.11                        2.91639e-17
xdut.x62.21                         2.9164e-17
xdut.x63.11                       -7.26796e-19
xdut.x63.21                       -7.26796e-19
xdut.xrz__1                       -7.26796e-19
xdut.xrz__2                       -7.26796e-19
xdut.x64.11                       -7.26796e-19
xdut.x64.21                       -7.26796e-19
xdut.x65.11                       -7.26796e-19
xdut.x65.21                       -7.26796e-19
xdut.xrz__3                       -7.26796e-19
xdut.x66.11                       -7.26796e-19
xdut.x66.21                       -7.26796e-19
xdut.x67.11                        2.34518e-16
xdut.x67.21                        2.34517e-16
xdut.xr1__1                        2.34517e-16
xdut.x68.11                        2.34517e-16
xdut.x68.21                        2.34517e-16
xdut.x69.11                        2.34518e-16
xdut.x69.21                        2.34518e-16
xdut.xrt__1                        2.34518e-16
xdut.x70.11                        2.34518e-16
xdut.x70.21                        2.34518e-16
xdut.n1__par                          1.18e-18
xdut.n2__par                      -7.26796e-19
xdut.nkm__par                      1.46828e-18
xdut.tok__par                      1.42349e-18
xdut.noko__par                     1.83893e-19
xdut.nokl__par                     5.09253e-18
xdut.nokx__par                     -1.3703e-18
xdut.ks1__par                      8.11246e-21
xdut.ks2__par                       5.8247e-19
xdut.ks3__par                      1.58089e-18
xdut.ks4__par                      1.41201e-18
xdut.nkg__par                      7.56499e-19
xdut.nb__par                       2.34518e-16
xdut.ec__par                       2.34517e-16
xdut.nz__par                      -7.26796e-19
xdut.xrz__2__par                  -7.26796e-19
xdut.xr2__14__par                  2.91641e-17
xdut.xr2__12__par                  2.91642e-17
xdut.pg__par                      -3.34211e-19
xdut.xr2__10__par                  2.91644e-17
xdut.xr2__8__par                   2.91645e-17
xdut.xr2__6__par                   2.91646e-17
xdut.xr2__4__par                   2.91648e-17
xdut.xr2__2__par                   2.91649e-17
xdut.na__par                       3.48746e-18
xdut.er__par                       2.91639e-17
xdut.xrt__1__par                   2.34518e-16
xdut.nbtop__par                    2.34518e-16
xdut.xr1__1__par                   2.34517e-16
xdut.xrz__3__par                  -7.26796e-19
xdut.xrz__1__par                  -7.26796e-19
xdut.xr2__13__par                  2.91642e-17
xdut.xr2__11__par                  2.91643e-17
xdut.xr2__1__par                    2.9165e-17
xdut.xr2__3__par                   2.91649e-17
xdut.xr2__5__par                   2.91647e-17
xdut.xr2__7__par                   2.91646e-17
xdut.xr2__9__par                   2.91644e-17
xdut.xr2__15__par                   2.9164e-17
xdut.nbg__par                     -1.04716e-18
xdut.pb__par                       1.08977e-18
xdut.nt__par                      -2.58186e-18
xdut.bias_ok__par                  6.16009e-19
xdut.ibias__par                    5.98981e-19
xdut.vdd__par                                0
xdut.vref__par                     2.91651e-17
xdut.vss__par                                0
vib#branch                        -2.68013e-29
vsup#branch                        -1.3692e-27

 Reference value :  2.67556e-03
 Reference value :  6.76056e-03
 Reference value :  1.09606e-02
 Reference value :  1.58306e-02
 Reference value :  2.06075e-02
 Reference value :  2.53375e-02
 Reference value :  3.01575e-02
 Reference value :  3.48925e-02
No. of Data Rows : 7257
vref_settle         =  1.20907e+00
vref_up             =  1.21269e+00
vref_dn             =  1.20742e+00
Note: Simulation executed from .control section 

