
Note: No compatibility mode selected!


Circuit: * bias_core ramp-feedthrough control -- schematic @ fs_27c_2.97v, tramp=16 ms -- generated by run_ramp_feedthrough.py, do not edit

Doing analysis at TEMP = 27.000000 and TNOM = 27.000000

Using SPARSE 1.3 as Direct Linear Solver

Initial Transient Solution
--------------------------

Node                                   Voltage
----                                   -------
vdd                                          0
nib                                3.51056e-19
ibias                              3.51056e-19
xdut.na                            3.35942e-23
xdut.pg                           -7.54605e-20
xdut.nbtop                         1.97706e-20
vref                               1.63593e-21
xdut.nbg                           2.47986e-21
xdut.xrt.11                        1.97706e-20
xdut.xrt.21                        1.97706e-20
xdut.nb                            1.97706e-20
xdut.xr1.11                        1.97706e-20
xdut.xr1.21                        1.97707e-20
xdut.ec                            1.97707e-20
xdut.xr2.11                        1.63593e-21
xdut.xr2.21                        1.63594e-21
xdut.er                            1.63594e-21
xdut.pb                           -1.24556e-20
xdut.nt                           -1.05798e-23
xdut.n1                           -3.72543e-22
xdut.n2                            1.77915e-20
xdut.nz                            1.77915e-20
xdut.xrz.11                        1.77915e-20
xdut.xrz.21                        1.77915e-20
xdut.ks1                           2.73967e-21
xdut.ks2                          -6.11645e-21
xdut.ks3                           9.46023e-21
xdut.ks4                          -2.07518e-20
xdut.nkg                           1.79325e-19
xdut.nkm                          -1.09543e-21
xdut.tok                          -3.69571e-24
xdut.noko                          4.32808e-20
xdut.nokl                         -1.74862e-20
xdut.nokx                          -2.6543e-20
bias_ok                              4.529e-22
vib#branch                         -3.5283e-31
vsup#branch                        3.14862e-31

 Reference value :  4.41639e-03
 Reference value :  1.18014e-02
 Reference value :  1.91775e-02
 Reference value :  2.65875e-02
 Reference value :  3.43125e-02
No. of Data Rows : 7263
vref_settle         =  1.19933e+00
vref_up             =  1.20095e+00
vref_dn             =  1.19728e+00
Note: Simulation executed from .control section 

