
Note: Compatibility modes selected: hs a


Circuit: * bias-core-startup @ ff_125c_2.97v -- generated by sim/harness, do not edit

Doing analysis at TEMP = 125.000000 and TNOM = 27.000000

Using SPARSE 1.3 as Direct Linear Solver

Initial Transient Solution
--------------------------

Node                                   Voltage
----                                   -------
vddq                                         0
nibq                                2.1659e-18
ibiasq                              2.1659e-18
xqs.ks1                           -5.20354e-19
xqs.ks2                           -1.04402e-18
xqs.ks3                           -1.57432e-18
xqs.ks4                           -2.11463e-18
xqs.nkg                            -2.6684e-18
xqs.pg                            -5.31911e-19
xqs.nbg                            1.73354e-18
xqs.pb                            -1.84385e-18
xqs.nkm                            4.49512e-19
xqs.nokl                           1.94123e-18
xqs.noko                           3.61724e-19
xqs.nokx                          -9.20109e-19
xqs.n1                             -1.8376e-18
xqs.n2                            -2.21061e-18
bias_okq                          -2.92498e-18
xqs.tok                            1.67789e-18
xqs.nt                            -5.26869e-19
xqs.na                            -4.59268e-19
xqs.nbtop                          2.34794e-18
vrefq                              5.88882e-19
xqs.nb                             2.34794e-18
xqs.ec                             2.34798e-18
xqs.er                             5.88815e-19
xqs.nz                            -2.21061e-18
xqs.x47.11                         5.88882e-19
xqs.x47.21                         5.88878e-19
xqs.xr2__1                         5.88878e-19
xqs.xr2__2                         5.88874e-19
xqs.x48.11                         5.88874e-19
xqs.x48.21                         5.88878e-19
xqs.x49.11                         5.88874e-19
xqs.x49.21                          5.8887e-19
xqs.xr2__3                          5.8887e-19
xqs.xr2__4                         5.88866e-19
xqs.x50.11                         5.88866e-19
xqs.x50.21                          5.8887e-19
xqs.x51.11                         5.88866e-19
xqs.x51.21                         5.88861e-19
xqs.xr2__5                         5.88861e-19
xqs.xr2__6                         5.88857e-19
xqs.x52.11                         5.88857e-19
xqs.x52.21                         5.88861e-19
xqs.x53.11                         5.88857e-19
xqs.x53.21                         5.88853e-19
xqs.xr2__7                         5.88853e-19
xqs.xr2__8                         5.88849e-19
xqs.x54.11                         5.88849e-19
xqs.x54.21                         5.88853e-19
xqs.x55.11                         5.88849e-19
xqs.x55.21                         5.88845e-19
xqs.xr2__9                         5.88845e-19
xqs.xr2__10                        5.88841e-19
xqs.x56.11                         5.88841e-19
xqs.x56.21                         5.88845e-19
xqs.x57.11                         5.88841e-19
xqs.x57.21                         5.88836e-19
xqs.xr2__11                        5.88836e-19
xqs.xr2__12                        5.88832e-19
xqs.x58.11                         5.88832e-19
xqs.x58.21                         5.88836e-19
xqs.x59.11                         5.88832e-19
xqs.x59.21                         5.88828e-19
xqs.xr2__13                        5.88828e-19
xqs.xr2__14                        5.88824e-19
xqs.x60.11                         5.88824e-19
xqs.x60.21                         5.88828e-19
xqs.x61.11                         5.88824e-19
xqs.x61.21                          5.8882e-19
xqs.xr2__15                         5.8882e-19
xqs.x62.11                         5.88815e-19
xqs.x62.21                          5.8882e-19
xqs.x63.11                        -2.21061e-18
xqs.x63.21                        -2.21061e-18
xqs.xrz__1                        -2.21061e-18
xqs.xrz__2                        -2.21061e-18
xqs.x64.11                        -2.21061e-18
xqs.x64.21                        -2.21061e-18
xqs.x65.11                        -2.21061e-18
xqs.x65.21                        -2.21061e-18
xqs.xrz__3                        -2.21061e-18
xqs.x66.11                        -2.21061e-18
xqs.x66.21                        -2.21061e-18
xqs.x67.11                         2.34794e-18
xqs.x67.21                         2.34796e-18
xqs.xr1__1                         2.34796e-18
xqs.x68.11                         2.34798e-18
xqs.x68.21                         2.34796e-18
xqs.x69.11                         2.34794e-18
xqs.x69.21                         2.34794e-18
xqs.xrt__1                         2.34794e-18
xqs.x70.11                         2.34794e-18
xqs.x70.21                         2.34794e-18
xqs.n1__par                        -1.8376e-18
xqs.n2__par                       -2.21061e-18
xqs.nkm__par                       4.49512e-19
xqs.tok__par                       1.67789e-18
xqs.noko__par                      3.61724e-19
xqs.nokl__par                      1.94123e-18
xqs.nokx__par                     -9.20109e-19
xqs.ks1__par                      -5.20354e-19
xqs.ks2__par                      -1.04402e-18
xqs.ks3__par                      -1.57432e-18
xqs.ks4__par                      -2.11463e-18
xqs.nkg__par                       -2.6684e-18
xqs.nb__par                        2.34794e-18
xqs.ec__par                        2.34798e-18
xqs.nz__par                       -2.21061e-18
xqs.xrz__2__par                   -2.21061e-18
xqs.xr2__14__par                   5.88824e-19
xqs.xr2__12__par                   5.88832e-19
xqs.pg__par                       -5.31911e-19
xqs.xr2__10__par                   5.88841e-19
xqs.xr2__8__par                    5.88849e-19
xqs.xr2__6__par                    5.88857e-19
xqs.xr2__4__par                    5.88866e-19
xqs.xr2__2__par                    5.88874e-19
xqs.na__par                       -4.59268e-19
xqs.er__par                        5.88815e-19
xqs.xrt__1__par                    2.34794e-18
xqs.nbtop__par                     2.34794e-18
xqs.xr1__1__par                    2.34796e-18
xqs.xrz__3__par                   -2.21061e-18
xqs.xrz__1__par                   -2.21061e-18
xqs.xr2__13__par                   5.88828e-19
xqs.xr2__11__par                   5.88836e-19
xqs.xr2__1__par                    5.88878e-19
xqs.xr2__3__par                     5.8887e-19
xqs.xr2__5__par                    5.88861e-19
xqs.xr2__7__par                    5.88853e-19
xqs.xr2__9__par                    5.88845e-19
xqs.xr2__15__par                    5.8882e-19
xqs.nbg__par                       1.73354e-18
xqs.pb__par                       -1.84385e-18
xqs.nt__par                       -5.26869e-19
xqs.bias_ok__par                  -2.92498e-18
xqs.ibias__par                      2.1659e-18
xqs.vdd__par                                 0
xqs.vref__par                      5.88882e-19
xqs.vss__par                                 0
relq                                        -1
vddf                                         0
nibf                              -1.90591e-18
ibiasf                            -1.90591e-18
xqf.ks1                             5.9085e-20
xqf.ks2                            1.18546e-19
xqf.ks3                             1.7876e-19
xqf.ks4                            2.40112e-19
xqf.nkg                             3.0299e-19
xqf.pg                            -5.36573e-19
xqf.nbg                           -1.47768e-18
xqf.pb                            -3.30258e-19
xqf.nkm                            4.58163e-19
xqf.nokl                          -5.24061e-19
xqf.noko                           1.41429e-19
xqf.nokx                          -5.52171e-19
xqf.n1                            -4.25144e-19
xqf.n2                            -3.26821e-19
bias_okf                           1.34284e-18
xqf.tok                            1.77562e-18
xqf.nt                            -5.97584e-21
xqf.na                            -2.91643e-19
xqf.nbtop                          1.19989e-18
vreff                              1.91057e-19
xqf.nb                             1.19989e-18
xqf.ec                             1.19994e-18
xqf.er                             1.91196e-19
xqf.nz                            -3.26821e-19
xqf.x47.11                         1.91057e-19
xqf.x47.21                         1.91066e-19
xqf.xr2__1                         1.91066e-19
xqf.xr2__2                         1.91075e-19
xqf.x48.11                         1.91075e-19
xqf.x48.21                         1.91066e-19
xqf.x49.11                         1.91075e-19
xqf.x49.21                         1.91083e-19
xqf.xr2__3                         1.91083e-19
xqf.xr2__4                         1.91092e-19
xqf.x50.11                         1.91092e-19
xqf.x50.21                         1.91083e-19
xqf.x51.11                         1.91092e-19
xqf.x51.21                         1.91101e-19
xqf.xr2__5                         1.91101e-19
xqf.xr2__6                         1.91109e-19
xqf.x52.11                         1.91109e-19
xqf.x52.21                         1.91101e-19
xqf.x53.11                         1.91109e-19
xqf.x53.21                         1.91118e-19
xqf.xr2__7                         1.91118e-19
xqf.xr2__8                         1.91127e-19
xqf.x54.11                         1.91127e-19
xqf.x54.21                         1.91118e-19
xqf.x55.11                         1.91127e-19
xqf.x55.21                         1.91135e-19
xqf.xr2__9                         1.91135e-19
xqf.xr2__10                        1.91144e-19
xqf.x56.11                         1.91144e-19
xqf.x56.21                         1.91135e-19
xqf.x57.11                         1.91144e-19
xqf.x57.21                         1.91153e-19
xqf.xr2__11                        1.91153e-19
xqf.xr2__12                        1.91161e-19
xqf.x58.11                         1.91161e-19
xqf.x58.21                         1.91153e-19
xqf.x59.11                         1.91161e-19
xqf.x59.21                          1.9117e-19
xqf.xr2__13                         1.9117e-19
xqf.xr2__14                        1.91179e-19
xqf.x60.11                         1.91179e-19
xqf.x60.21                          1.9117e-19
xqf.x61.11                         1.91179e-19
xqf.x61.21                         1.91187e-19
xqf.xr2__15                        1.91187e-19
xqf.x62.11                         1.91196e-19
xqf.x62.21                         1.91187e-19
xqf.x63.11                        -3.26821e-19
xqf.x63.21                        -3.26821e-19
xqf.xrz__1                        -3.26821e-19
xqf.xrz__2                        -3.26821e-19
xqf.x64.11                        -3.26821e-19
xqf.x64.21                        -3.26821e-19
xqf.x65.11                        -3.26821e-19
xqf.x65.21                        -3.26821e-19
xqf.xrz__3                        -3.26821e-19
xqf.x66.11                        -3.26821e-19
xqf.x66.21                        -3.26821e-19
xqf.x67.11                         1.19989e-18
xqf.x67.21                         1.19992e-18
xqf.xr1__1                         1.19992e-18
xqf.x68.11                         1.19994e-18
xqf.x68.21                         1.19992e-18
xqf.x69.11                         1.19989e-18
xqf.x69.21                         1.19989e-18
xqf.xrt__1                         1.19989e-18
xqf.x70.11                         1.19989e-18
xqf.x70.21                         1.19989e-18
xqf.n1__par                       -4.25144e-19
xqf.n2__par                       -3.26821e-19
xqf.nkm__par                       4.58163e-19
xqf.tok__par                       1.77562e-18
xqf.noko__par                      1.41429e-19
xqf.nokl__par                     -5.24061e-19
xqf.nokx__par                     -5.52171e-19
xqf.ks1__par                        5.9085e-20
xqf.ks2__par                       1.18546e-19
xqf.ks3__par                        1.7876e-19
xqf.ks4__par                       2.40112e-19
xqf.nkg__par                        3.0299e-19
xqf.nb__par                        1.19989e-18
xqf.ec__par                        1.19994e-18
xqf.nz__par                       -3.26821e-19
xqf.xrz__2__par                   -3.26821e-19
xqf.xr2__14__par                   1.91179e-19
xqf.xr2__12__par                   1.91161e-19
xqf.pg__par                       -5.36573e-19
xqf.xr2__10__par                   1.91144e-19
xqf.xr2__8__par                    1.91127e-19
xqf.xr2__6__par                    1.91109e-19
xqf.xr2__4__par                    1.91092e-19
xqf.xr2__2__par                    1.91075e-19
xqf.na__par                       -2.91643e-19
xqf.er__par                        1.91196e-19
xqf.xrt__1__par                    1.19989e-18
xqf.nbtop__par                     1.19989e-18
xqf.xr1__1__par                    1.19992e-18
xqf.xrz__3__par                   -3.26821e-19
xqf.xrz__1__par                   -3.26821e-19
xqf.xr2__13__par                    1.9117e-19
xqf.xr2__11__par                   1.91153e-19
xqf.xr2__1__par                    1.91066e-19
xqf.xr2__3__par                    1.91083e-19
xqf.xr2__5__par                    1.91101e-19
xqf.xr2__7__par                    1.91118e-19
xqf.xr2__9__par                    1.91135e-19
xqf.xr2__15__par                   1.91187e-19
xqf.nbg__par                      -1.47768e-18
xqf.pb__par                       -3.30258e-19
xqf.nt__par                       -5.97584e-21
xqf.bias_ok__par                   1.34284e-18
xqf.ibias__par                    -1.90591e-18
xqf.vdd__par                                 0
xqf.vref__par                      1.91057e-19
xqf.vss__par                                 0
vddb                                         0
nibb                               1.91165e-18
ibiasb                             1.91165e-18
xbo.ks1                           -4.91427e-19
xbo.ks2                           -9.85978e-19
xbo.ks3                            -1.4868e-18
xbo.ks4                           -1.99708e-18
xbo.nkg                           -2.52006e-18
xbo.pg                             -5.4114e-19
xbo.nbg                           -7.49183e-19
xbo.pb                            -4.84175e-19
xbo.nkm                            4.49148e-19
xbo.nokl                           1.61038e-18
xbo.noko                           3.80205e-19
xbo.nokx                          -2.36755e-19
xbo.n1                            -2.17153e-18
xbo.n2                            -2.24163e-19
bias_okb                          -1.99514e-18
xbo.tok                            1.55052e-18
xbo.nt                            -2.72578e-20
xbo.na                            -2.23919e-18
xbo.nbtop                           1.1363e-18
vrefb                              7.13794e-20
xbo.nb                              1.1363e-18
xbo.ec                             1.13634e-18
xbo.er                             7.14313e-20
xbo.nz                            -2.24163e-19
xbo.x47.11                         7.13794e-20
xbo.x47.21                         7.13827e-20
xbo.xr2__1                         7.13827e-20
xbo.xr2__2                         7.13859e-20
xbo.x48.11                         7.13859e-20
xbo.x48.21                         7.13827e-20
xbo.x49.11                         7.13859e-20
xbo.x49.21                         7.13891e-20
xbo.xr2__3                         7.13891e-20
xbo.xr2__4                         7.13924e-20
xbo.x50.11                         7.13924e-20
xbo.x50.21                         7.13891e-20
xbo.x51.11                         7.13924e-20
xbo.x51.21                         7.13956e-20
xbo.xr2__5                         7.13956e-20
xbo.xr2__6                         7.13989e-20
xbo.x52.11                         7.13989e-20
xbo.x52.21                         7.13956e-20
xbo.x53.11                         7.13989e-20
xbo.x53.21                         7.14021e-20
xbo.xr2__7                         7.14021e-20
xbo.xr2__8                         7.14054e-20
xbo.x54.11                         7.14054e-20
xbo.x54.21                         7.14021e-20
xbo.x55.11                         7.14054e-20
xbo.x55.21                         7.14086e-20
xbo.xr2__9                         7.14086e-20
xbo.xr2__10                        7.14118e-20
xbo.x56.11                         7.14118e-20
xbo.x56.21                         7.14086e-20
xbo.x57.11                         7.14118e-20
xbo.x57.21                         7.14151e-20
xbo.xr2__11                        7.14151e-20
xbo.xr2__12                        7.14183e-20
xbo.x58.11                         7.14183e-20
xbo.x58.21                         7.14151e-20
xbo.x59.11                         7.14183e-20
xbo.x59.21                         7.14216e-20
xbo.xr2__13                        7.14216e-20
xbo.xr2__14                        7.14248e-20
xbo.x60.11                         7.14248e-20
xbo.x60.21                         7.14216e-20
xbo.x61.11                         7.14248e-20
xbo.x61.21                         7.14281e-20
xbo.xr2__15                        7.14281e-20
xbo.x62.11                         7.14313e-20
xbo.x62.21                         7.14281e-20
xbo.x63.11                        -2.24163e-19
xbo.x63.21                        -2.24163e-19
xbo.xrz__1                        -2.24163e-19
xbo.xrz__2                        -2.24163e-19
xbo.x64.11                        -2.24163e-19
xbo.x64.21                        -2.24163e-19
xbo.x65.11                        -2.24163e-19
xbo.x65.21                        -2.24163e-19
xbo.xrz__3                        -2.24163e-19
xbo.x66.11                        -2.24163e-19
xbo.x66.21                        -2.24163e-19
xbo.x67.11                          1.1363e-18
xbo.x67.21                         1.13632e-18
xbo.xr1__1                         1.13632e-18
xbo.x68.11                         1.13634e-18
xbo.x68.21                         1.13632e-18
xbo.x69.11                          1.1363e-18
xbo.x69.21                          1.1363e-18
xbo.xrt__1                          1.1363e-18
xbo.x70.11                          1.1363e-18
xbo.x70.21                          1.1363e-18
xbo.n1__par                       -2.17153e-18
xbo.n2__par                       -2.24163e-19
xbo.nkm__par                       4.49148e-19
xbo.tok__par                       1.55052e-18
xbo.noko__par                      3.80205e-19
xbo.nokl__par                      1.61038e-18
xbo.nokx__par                     -2.36755e-19
xbo.ks1__par                      -4.91427e-19
xbo.ks2__par                      -9.85978e-19
xbo.ks3__par                       -1.4868e-18
xbo.ks4__par                      -1.99708e-18
xbo.nkg__par                      -2.52006e-18
xbo.nb__par                         1.1363e-18
xbo.ec__par                        1.13634e-18
xbo.nz__par                       -2.24163e-19
xbo.xrz__2__par                   -2.24163e-19
xbo.xr2__14__par                   7.14248e-20
xbo.xr2__12__par                   7.14183e-20
xbo.pg__par                        -5.4114e-19
xbo.xr2__10__par                   7.14118e-20
xbo.xr2__8__par                    7.14054e-20
xbo.xr2__6__par                    7.13989e-20
xbo.xr2__4__par                    7.13924e-20
xbo.xr2__2__par                    7.13859e-20
xbo.na__par                       -2.23919e-18
xbo.er__par                        7.14313e-20
xbo.xrt__1__par                     1.1363e-18
xbo.nbtop__par                      1.1363e-18
xbo.xr1__1__par                    1.13632e-18
xbo.xrz__3__par                   -2.24163e-19
xbo.xrz__1__par                   -2.24163e-19
xbo.xr2__13__par                   7.14216e-20
xbo.xr2__11__par                   7.14151e-20
xbo.xr2__1__par                    7.13827e-20
xbo.xr2__3__par                    7.13891e-20
xbo.xr2__5__par                    7.13956e-20
xbo.xr2__7__par                    7.14021e-20
xbo.xr2__9__par                    7.14086e-20
xbo.xr2__15__par                   7.14281e-20
xbo.nbg__par                      -7.49183e-19
xbo.pb__par                       -4.84175e-19
xbo.nt__par                       -2.72578e-20
xbo.bias_ok__par                  -1.99514e-18
xbo.ibias__par                     1.91165e-18
xbo.vdd__par                                 0
xbo.vref__par                      7.13794e-20
xbo.vss__par                                 0
brelq#branch                                 0
vibb#branch                       -8.31093e-31
vbo#branch                        -3.13706e-28
vibf#branch                          8.286e-31
vqf#branch                         4.84345e-28
vibq#branch                       -5.23261e-31
vqs#branch                        -6.41765e-28

 Reference value :  4.00000e-07
 Reference value :  1.41611e-03
 Reference value :  2.65106e-03
 Reference value :  5.15865e-03
 Reference value :  7.37088e-03
 Reference value :  1.13184e-02
 Reference value :  1.53984e-02
 Reference value :  1.95184e-02
 Reference value :  2.35984e-02
 Reference value :  2.75584e-02
 Reference value :  3.14753e-02
 Reference value :  3.21353e-02
 Reference value :  3.29283e-02
 Reference value :  3.60682e-02
 Reference value :  3.97282e-02
 Reference value :  4.11781e-02
 Reference value :  4.46944e-02
 Reference value :  4.88344e-02
 Reference value :  5.29744e-02
 Reference value :  5.70144e-02
 Reference value :  6.09144e-02
 Reference value :  6.49144e-02
 Reference value :  6.88353e-02
No. of Data Rows : 3937
vstart              =  1.18143e+00
vok                 =  1.00006e+00
vokl                =  1.00006e+00
vrefok              =  9.48193e-01
relv                =  2.60218e+00
vokf                =  1.00007e+00
vref140             =  1.19375e+00
vref200             =  1.20028e+00
vref247             =  1.20089e+00
vref297             =  1.20119e+00
ok100               =  9.99939e-01
ok200               =  1.99998e+00
ok247               =  2.46998e+00
vrefend             =  1.19773e+00
vddend              =  3.63000e+00
okend               =  3.62998e+00
nokoend             =  1.37739e+00
nkgend              =  5.47916e-03
okbodip             =  -2.06382e-09
vrefbodip           =  2.19803e-02
vokbo               =  1.00006e+00
okboend             =  3.62998e+00
vrefboend           =  1.19773e+00
m_v_core_up_v = 1.1814280000e+00
m_v_bias_ok_v = 1.0000610000e+00
m_ok_chatter_mv = 0.0000000000e+00
m_startup_margin_v = -1.813670000e-01
m_release_margin_v = 1.4699390000e+00
m_relv_qs_v = 2.6021790000e+00
m_qs_rate_delta_mv = 6.9999999999e-03
m_qs_lag_est_mv = 2.3333333333e-03
m_vref_final_v = 1.1977350000e+00
m_vref_err_247_pct = 2.6383131494e-01
m_vref_err_297_pct = 2.8862811891e-01
m_vref_err_200_pct = 2.1240090671e-01
m_vref_at_ok_pct = 7.9165474834e+01
m_vref_at_140_v = 1.1937500000e+00
m_ok_at_100_mv = 9.9993930000e+02
m_ok_at_200_v = 1.9999770000e+00
m_ok_at_247_v = 2.4699810000e+00
m_ok_final_droop_mv = 1.5000000000e-02
m_noko_final_v = 1.3773910000e+00
m_nkg_final_v = 5.4791560000e-03
m_ok_bo_dip_mv = -2.063825000e-06
m_vref_bo_dip_v = 2.1980310000e-02
m_v_bias_ok_restart_v = 1.0000610000e+00
m_ok_bo_end_droop_mv = 1.5000000000e-02
m_vref_bo_end_delta_ppm = 0.0000000000e+00
Note: Simulation executed from .control section 

Warning: m=xx on .subckt line will override multiplier m hierarchy!

