
Note: Compatibility modes selected: hs a


Circuit: * bias-core-designer-check @ bjt_ff_27c_2.97v -- generated by sim/harness, do not edit

Doing analysis at TEMP = 27.000000 and TNOM = 27.000000

Using SPARSE 1.3 as Direct Linear Solver

Initial Transient Solution
--------------------------

Node                                   Voltage
----                                   -------
vddst                                     2.97
nibst                                 0.714163
ibiasst                               0.714163
xst.ks1                                2.02673
xst.ks2                                1.28095
xst.ks3                               0.711973
xst.ks4                               0.294521
xst.nkg                            2.01418e-06
xst.pg                                 2.19373
xst.nbg                               0.579263
xst.pb                                  2.1901
xst.nkm                               0.551719
xst.nokl                              0.521179
xst.noko                               1.58781
xst.nokx                           0.000199288
xst.n1                                0.544645
xst.n2                                 0.54174
bias_okst                                 2.97
xst.tok                                1.70531
xst.nt                                 1.70373
xst.na                                0.563957
xst.nbtop                             0.566718
vrefst                                 1.19322
xst.nb                                0.563962
xst.ec                                0.510066
xst.er                                 0.56386
xst.nz                                 0.54174
xst.x47.11                             1.19322
xst.x47.21                             1.15389
xst.xr2__1                             1.15389
xst.xr2__2                             1.11455
xst.x48.11                             1.11456
xst.x48.21                             1.15389
xst.x49.11                             1.11455
xst.x49.21                             1.07522
xst.xr2__3                             1.07522
xst.xr2__4                             1.03588
xst.x50.11                             1.03589
xst.x50.21                             1.07522
xst.x51.11                             1.03588
xst.x51.21                             0.99655
xst.xr2__5                            0.996548
xst.xr2__6                            0.957213
xst.x52.11                            0.957214
xst.x52.21                            0.996546
xst.x53.11                            0.957211
xst.x53.21                            0.917879
xst.xr2__7                            0.917877
xst.xr2__8                            0.878542
xst.x54.11                            0.878544
xst.x54.21                            0.917876
xst.x55.11                            0.878541
xst.x55.21                            0.839209
xst.xr2__9                            0.839207
xst.xr2__10                           0.799872
xst.x56.11                            0.799873
xst.x56.21                            0.839205
xst.x57.11                             0.79987
xst.x57.21                            0.760538
xst.xr2__11                           0.760536
xst.xr2__12                           0.721201
xst.x58.11                            0.721203
xst.x58.21                            0.760535
xst.x59.11                            0.721199
xst.x59.21                            0.681867
xst.xr2__13                           0.681866
xst.xr2__14                            0.64253
xst.x60.11                            0.642532
xst.x60.21                            0.681864
xst.x61.11                            0.642529
xst.x61.21                            0.603197
xst.xr2__15                           0.603195
xst.x62.11                            0.563862
xst.x62.21                            0.603193
xst.x63.11                             0.54174
xst.x63.21                             0.54174
xst.xrz__1                             0.54174
xst.xrz__2                             0.54174
xst.x64.11                             0.54174
xst.x64.21                             0.54174
xst.x65.11                             0.54174
xst.x65.21                             0.54174
xst.xrz__3                             0.54174
xst.x66.11                             0.54174
xst.x66.21                             0.54174
xst.x67.11                            0.563961
xst.x67.21                            0.537016
xst.xr1__1                            0.537014
xst.x68.11                            0.510068
xst.x68.21                            0.537013
xst.x69.11                            0.566716
xst.x69.21                            0.565342
xst.xrt__1                             0.56534
xst.x70.11                            0.563964
xst.x70.21                            0.565338
xst.n1__par                           0.544645
xst.n2__par                            0.54174
xst.nkm__par                          0.551719
xst.tok__par                           1.70531
xst.noko__par                          1.58781
xst.nokl__par                         0.521179
xst.nokx__par                      0.000199288
xst.ks1__par                           2.02673
xst.ks2__par                           1.28095
xst.ks3__par                          0.711973
xst.ks4__par                          0.294521
xst.nkg__par                       2.01418e-06
xst.nb__par                           0.563962
xst.ec__par                           0.510066
xst.nz__par                            0.54174
xst.xrz__2__par                        0.54174
xst.xr2__14__par                       0.64253
xst.xr2__12__par                      0.721201
xst.pg__par                            2.19373
xst.xr2__10__par                      0.799872
xst.xr2__8__par                       0.878542
xst.xr2__6__par                       0.957213
xst.xr2__4__par                        1.03588
xst.xr2__2__par                        1.11455
xst.na__par                           0.563957
xst.er__par                            0.56386
xst.xrt__1__par                        0.56534
xst.nbtop__par                        0.566718
xst.xr1__1__par                       0.537014
xst.xrz__3__par                        0.54174
xst.xrz__1__par                        0.54174
xst.xr2__13__par                      0.681866
xst.xr2__11__par                      0.760536
xst.xr2__1__par                        1.15389
xst.xr2__3__par                        1.07522
xst.xr2__5__par                       0.996548
xst.xr2__7__par                       0.917877
xst.xr2__9__par                       0.839207
xst.xr2__15__par                      0.603195
xst.nbg__par                          0.579263
xst.pb__par                             2.1901
xst.nt__par                            1.70373
xst.bias_ok__par                          2.97
xst.ibias__par                        0.714163
xst.vdd__par                              2.97
xst.vref__par                          1.19322
xst.vss__par                                 0
vdds                                         0
nibs                                         0
ibiass                                       0
xs.ks1                                       0
xs.ks2                                       0
xs.ks3                                       0
xs.ks4                                       0
xs.nkg                                       0
xs.pg                                        0
xs.nbg                                       0
xs.pb                                        0
xs.nkm                                       0
xs.nokl                                      0
xs.noko                                      0
xs.nokx                                      0
xs.n1                                        0
xs.n2                                        0
bias_oks                                     0
xs.tok                                       0
xs.nt                                        0
xs.na                                        0
xs.nbtop                                     0
vrefs                                        0
xs.nb                                        0
xs.ec                                        0
xs.er                                        0
xs.nz                                        0
xs.x47.11                                    0
xs.x47.21                                    0
xs.xr2__1                                    0
xs.xr2__2                                    0
xs.x48.11                                    0
xs.x48.21                                    0
xs.x49.11                                    0
xs.x49.21                                    0
xs.xr2__3                                    0
xs.xr2__4                                    0
xs.x50.11                                    0
xs.x50.21                                    0
xs.x51.11                                    0
xs.x51.21                                    0
xs.xr2__5                                    0
xs.xr2__6                                    0
xs.x52.11                                    0
xs.x52.21                                    0
xs.x53.11                                    0
xs.x53.21                                    0
xs.xr2__7                                    0
xs.xr2__8                                    0
xs.x54.11                                    0
xs.x54.21                                    0
xs.x55.11                                    0
xs.x55.21                                    0
xs.xr2__9                                    0
xs.xr2__10                                   0
xs.x56.11                                    0
xs.x56.21                                    0
xs.x57.11                                    0
xs.x57.21                                    0
xs.xr2__11                                   0
xs.xr2__12                                   0
xs.x58.11                                    0
xs.x58.21                                    0
xs.x59.11                                    0
xs.x59.21                                    0
xs.xr2__13                                   0
xs.xr2__14                                   0
xs.x60.11                                    0
xs.x60.21                                    0
xs.x61.11                                    0
xs.x61.21                                    0
xs.xr2__15                                   0
xs.x62.11                                    0
xs.x62.21                                    0
xs.x63.11                                    0
xs.x63.21                                    0
xs.xrz__1                                    0
xs.xrz__2                                    0
xs.x64.11                                    0
xs.x64.21                                    0
xs.x65.11                                    0
xs.x65.21                                    0
xs.xrz__3                                    0
xs.x66.11                                    0
xs.x66.21                                    0
xs.x67.11                                    0
xs.x67.21                                    0
xs.xr1__1                                    0
xs.x68.11                                    0
xs.x68.21                                    0
xs.x69.11                                    0
xs.x69.21                                    0
xs.xrt__1                                    0
xs.x70.11                                    0
xs.x70.21                                    0
xs.n1__par                                   0
xs.n2__par                                   0
xs.nkm__par                                  0
xs.tok__par                                  0
xs.noko__par                                 0
xs.nokl__par                                 0
xs.nokx__par                                 0
xs.ks1__par                                  0
xs.ks2__par                                  0
xs.ks3__par                                  0
xs.ks4__par                                  0
xs.nkg__par                                  0
xs.nb__par                                   0
xs.ec__par                                   0
xs.nz__par                                   0
xs.xrz__2__par                               0
xs.xr2__14__par                              0
xs.xr2__12__par                              0
xs.pg__par                                   0
xs.xr2__10__par                              0
xs.xr2__8__par                               0
xs.xr2__6__par                               0
xs.xr2__4__par                               0
xs.xr2__2__par                               0
xs.na__par                                   0
xs.er__par                                   0
xs.xrt__1__par                               0
xs.nbtop__par                                0
xs.xr1__1__par                               0
xs.xrz__3__par                               0
xs.xrz__1__par                               0
xs.xr2__13__par                              0
xs.xr2__11__par                              0
xs.xr2__1__par                               0
xs.xr2__3__par                               0
xs.xr2__5__par                               0
xs.xr2__7__par                               0
xs.xr2__9__par                               0
xs.xr2__15__par                              0
xs.nbg__par                                  0
xs.pb__par                                   0
xs.nt__par                                   0
xs.bias_ok__par                              0
xs.ibias__par                                0
xs.vdd__par                                  0
xs.vref__par                                 0
xs.vss__par                                  0
es                                     1.19322
rels                                        -1
rr9s                                   -1.0739
fos                                          0
vddf                                         0
nibf                                         0
ibiasf                                       0
xf.ks1                                       0
xf.ks2                                       0
xf.ks3                                       0
xf.ks4                                       0
xf.nkg                                       0
xf.pg                                        0
xf.nbg                                       0
xf.pb                                        0
xf.nkm                                       0
xf.nokl                                      0
xf.noko                                      0
xf.nokx                                      0
xf.n1                                        0
xf.n2                                        0
bias_okf                                     0
xf.tok                                       0
xf.nt                                        0
xf.na                                        0
xf.nbtop                                     0
vreff                                        0
xf.nb                                        0
xf.ec                                        0
xf.er                                        0
xf.nz                                        0
xf.x47.11                                    0
xf.x47.21                                    0
xf.xr2__1                                    0
xf.xr2__2                                    0
xf.x48.11                                    0
xf.x48.21                                    0
xf.x49.11                                    0
xf.x49.21                                    0
xf.xr2__3                                    0
xf.xr2__4                                    0
xf.x50.11                                    0
xf.x50.21                                    0
xf.x51.11                                    0
xf.x51.21                                    0
xf.xr2__5                                    0
xf.xr2__6                                    0
xf.x52.11                                    0
xf.x52.21                                    0
xf.x53.11                                    0
xf.x53.21                                    0
xf.xr2__7                                    0
xf.xr2__8                                    0
xf.x54.11                                    0
xf.x54.21                                    0
xf.x55.11                                    0
xf.x55.21                                    0
xf.xr2__9                                    0
xf.xr2__10                                   0
xf.x56.11                                    0
xf.x56.21                                    0
xf.x57.11                                    0
xf.x57.21                                    0
xf.xr2__11                                   0
xf.xr2__12                                   0
xf.x58.11                                    0
xf.x58.21                                    0
xf.x59.11                                    0
xf.x59.21                                    0
xf.xr2__13                                   0
xf.xr2__14                                   0
xf.x60.11                                    0
xf.x60.21                                    0
xf.x61.11                                    0
xf.x61.21                                    0
xf.xr2__15                                   0
xf.x62.11                                    0
xf.x62.21                                    0
xf.x63.11                                    0
xf.x63.21                                    0
xf.xrz__1                                    0
xf.xrz__2                                    0
xf.x64.11                                    0
xf.x64.21                                    0
xf.x65.11                                    0
xf.x65.21                                    0
xf.xrz__3                                    0
xf.x66.11                                    0
xf.x66.21                                    0
xf.x67.11                                    0
xf.x67.21                                    0
xf.xr1__1                                    0
xf.x68.11                                    0
xf.x68.21                                    0
xf.x69.11                                    0
xf.x69.21                                    0
xf.xrt__1                                    0
xf.x70.11                                    0
xf.x70.21                                    0
xf.n1__par                                   0
xf.n2__par                                   0
xf.nkm__par                                  0
xf.tok__par                                  0
xf.noko__par                                 0
xf.nokl__par                                 0
xf.nokx__par                                 0
xf.ks1__par                                  0
xf.ks2__par                                  0
xf.ks3__par                                  0
xf.ks4__par                                  0
xf.nkg__par                                  0
xf.nb__par                                   0
xf.ec__par                                   0
xf.nz__par                                   0
xf.xrz__2__par                               0
xf.xr2__14__par                              0
xf.xr2__12__par                              0
xf.pg__par                                   0
xf.xr2__10__par                              0
xf.xr2__8__par                               0
xf.xr2__6__par                               0
xf.xr2__4__par                               0
xf.xr2__2__par                               0
xf.na__par                                   0
xf.er__par                                   0
xf.xrt__1__par                               0
xf.nbtop__par                                0
xf.xr1__1__par                               0
xf.xrz__3__par                               0
xf.xrz__1__par                               0
xf.xr2__13__par                              0
xf.xr2__11__par                              0
xf.xr2__1__par                               0
xf.xr2__3__par                               0
xf.xr2__5__par                               0
xf.xr2__7__par                               0
xf.xr2__9__par                               0
xf.xr2__15__par                              0
xf.nbg__par                                  0
xf.pb__par                                   0
xf.nt__par                                   0
xf.bias_ok__par                              0
xf.ibias__par                                0
xf.vdd__par                                  0
xf.vref__par                                 0
xf.vss__par                                  0
ef                                     1.19322
relf                                        -1
fof                                          0
vddb                                         0
nibb                                         0
ibiasb                                       0
xb.ks1                                       0
xb.ks2                                       0
xb.ks3                                       0
xb.ks4                                       0
xb.nkg                                       0
xb.pg                                        0
xb.nbg                                       0
xb.pb                                        0
xb.nkm                                       0
xb.nokl                                      0
xb.noko                                      0
xb.nokx                                      0
xb.n1                                        0
xb.n2                                        0
bias_okb                                     0
xb.tok                                       0
xb.nt                                        0
xb.na                                        0
xb.nbtop                          1.08787e-312
vrefb                                        0
xb.nb                             1.08787e-312
xb.ec                             1.08786e-312
xb.er                                        0
xb.nz                                        0
xb.x47.11                                    0
xb.x47.21                                    0
xb.xr2__1                                    0
xb.xr2__2                                    0
xb.x48.11                                    0
xb.x48.21                                    0
xb.x49.11                                    0
xb.x49.21                                    0
xb.xr2__3                                    0
xb.xr2__4                                    0
xb.x50.11                                    0
xb.x50.21                                    0
xb.x51.11                                    0
xb.x51.21                                    0
xb.xr2__5                                    0
xb.xr2__6                                    0
xb.x52.11                                    0
xb.x52.21                                    0
xb.x53.11                                    0
xb.x53.21                                    0
xb.xr2__7                                    0
xb.xr2__8                                    0
xb.x54.11                                    0
xb.x54.21                                    0
xb.x55.11                                    0
xb.x55.21                                    0
xb.xr2__9                                    0
xb.xr2__10                                   0
xb.x56.11                                    0
xb.x56.21                                    0
xb.x57.11                                    0
xb.x57.21                                    0
xb.xr2__11                                   0
xb.xr2__12                                   0
xb.x58.11                                    0
xb.x58.21                                    0
xb.x59.11                                    0
xb.x59.21                                    0
xb.xr2__13                                   0
xb.xr2__14                                   0
xb.x60.11                                    0
xb.x60.21                                    0
xb.x61.11                                    0
xb.x61.21                                    0
xb.xr2__15                                   0
xb.x62.11                                    0
xb.x62.21                                    0
xb.x63.11                                    0
xb.x63.21                                    0
xb.xrz__1                                    0
xb.xrz__2                                    0
xb.x64.11                                    0
xb.x64.21                                    0
xb.x65.11                                    0
xb.x65.21                                    0
xb.xrz__3                                    0
xb.x66.11                                    0
xb.x66.21                                    0
xb.x67.11                         1.08787e-312
xb.x67.21                         1.08787e-312
xb.xr1__1                         1.08787e-312
xb.x68.11                         1.08786e-312
xb.x68.21                         1.08787e-312
xb.x69.11                         1.08787e-312
xb.x69.21                         1.08787e-312
xb.xrt__1                         1.08787e-312
xb.x70.11                         1.08787e-312
xb.x70.21                         1.08787e-312
xb.n1__par                                   0
xb.n2__par                                   0
xb.nkm__par                                  0
xb.tok__par                                  0
xb.noko__par                                 0
xb.nokl__par                                 0
xb.nokx__par                                 0
xb.ks1__par                                  0
xb.ks2__par                                  0
xb.ks3__par                                  0
xb.ks4__par                                  0
xb.nkg__par                                  0
xb.nb__par                        1.08787e-312
xb.ec__par                        1.08786e-312
xb.nz__par                                   0
xb.xrz__2__par                               0
xb.xr2__14__par                              0
xb.xr2__12__par                              0
xb.pg__par                                   0
xb.xr2__10__par                              0
xb.xr2__8__par                               0
xb.xr2__6__par                               0
xb.xr2__4__par                               0
xb.xr2__2__par                               0
xb.na__par                                   0
xb.er__par                                   0
xb.xrt__1__par                    1.08787e-312
xb.nbtop__par                     1.08787e-312
xb.xr1__1__par                    1.08787e-312
xb.xrz__3__par                               0
xb.xrz__1__par                               0
xb.xr2__13__par                              0
xb.xr2__11__par                              0
xb.xr2__1__par                               0
xb.xr2__3__par                               0
xb.xr2__5__par                               0
xb.xr2__7__par                               0
xb.xr2__9__par                               0
xb.xr2__15__par                              0
xb.nbg__par                                  0
xb.pb__par                                   0
xb.nt__par                                   0
xb.bias_ok__par                              0
xb.ibias__par                                0
xb.vdd__par                                  0
xb.vref__par                                 0
xb.vss__par                                  0
fob                                          0
vddd                                         0
nibd                                         0
ibiasd                                       0
xd.ks1                                       0
xd.ks2                                       0
xd.ks3                                       0
xd.ks4                                       0
xd.nkg                                       0
xd.pg                                        0
xd.nbg                                       0
xd.pb                                        0
xd.nkm                                       0
xd.nokl                                      0
xd.noko                                      0
xd.nokx                                      0
xd.n1                                        0
xd.n2                                        0
bias_okd                                     0
xd.tok                                       0
xd.nt                                        0
xd.na                                        0
xd.nbtop                                     0
vrefd                                        0
xd.nb                                        0
xd.ec                                        0
xd.er                                        0
xd.nz                                        0
xd.x47.11                                    0
xd.x47.21                                    0
xd.xr2__1                                    0
xd.xr2__2                                    0
xd.x48.11                                    0
xd.x48.21                                    0
xd.x49.11                                    0
xd.x49.21                                    0
xd.xr2__3                                    0
xd.xr2__4                                    0
xd.x50.11                                    0
xd.x50.21                                    0
xd.x51.11                                    0
xd.x51.21                                    0
xd.xr2__5                                    0
xd.xr2__6                                    0
xd.x52.11                                    0
xd.x52.21                                    0
xd.x53.11                                    0
xd.x53.21                                    0
xd.xr2__7                                    0
xd.xr2__8                                    0
xd.x54.11                                    0
xd.x54.21                                    0
xd.x55.11                                    0
xd.x55.21                                    0
xd.xr2__9                                    0
xd.xr2__10                                   0
xd.x56.11                                    0
xd.x56.21                                    0
xd.x57.11                                    0
xd.x57.21                                    0
xd.xr2__11                                   0
xd.xr2__12                                   0
xd.x58.11                                    0
xd.x58.21                                    0
xd.x59.11                                    0
xd.x59.21                                    0
xd.xr2__13                                   0
xd.xr2__14                                   0
xd.x60.11                                    0
xd.x60.21                                    0
xd.x61.11                                    0
xd.x61.21                                    0
xd.xr2__15                                   0
xd.x62.11                                    0
xd.x62.21                                    0
xd.x63.11                                    0
xd.x63.21                                    0
xd.xrz__1                                    0
xd.xrz__2                                    0
xd.x64.11                                    0
xd.x64.21                                    0
xd.x65.11                                    0
xd.x65.21                                    0
xd.xrz__3                                    0
xd.x66.11                                    0
xd.x66.21                                    0
xd.x67.11                                    0
xd.x67.21                                    0
xd.xr1__1                                    0
xd.x68.11                                    0
xd.x68.21                                    0
xd.x69.11                                    0
xd.x69.21                                    0
xd.xrt__1                                    0
xd.x70.11                                    0
xd.x70.21                                    0
xd.n1__par                                   0
xd.n2__par                                   0
xd.nkm__par                                  0
xd.tok__par                                  0
xd.noko__par                                 0
xd.nokl__par                                 0
xd.nokx__par                                 0
xd.ks1__par                                  0
xd.ks2__par                                  0
xd.ks3__par                                  0
xd.ks4__par                                  0
xd.nkg__par                                  0
xd.nb__par                                   0
xd.ec__par                                   0
xd.nz__par                                   0
xd.xrz__2__par                               0
xd.xr2__14__par                              0
xd.xr2__12__par                              0
xd.pg__par                                   0
xd.xr2__10__par                              0
xd.xr2__8__par                               0
xd.xr2__6__par                               0
xd.xr2__4__par                               0
xd.xr2__2__par                               0
xd.na__par                                   0
xd.er__par                                   0
xd.xrt__1__par                               0
xd.nbtop__par                                0
xd.xr1__1__par                               0
xd.xrz__3__par                               0
xd.xrz__1__par                               0
xd.xr2__13__par                              0
xd.xr2__11__par                              0
xd.xr2__1__par                               0
xd.xr2__3__par                               0
xd.xr2__5__par                               0
xd.xr2__7__par                               0
xd.xr2__9__par                               0
xd.xr2__15__par                              0
xd.nbg__par                                  0
xd.pb__par                                   0
xd.nt__par                                   0
xd.bias_ok__par                              0
xd.ibias__par                                0
xd.vdd__par                                  0
xd.vref__par                                 0
xd.vss__par                                  0
fod                                          0
bfod#branch                                  0
bfob#branch                                  0
bfof#branch                                  0
brelf#branch                                 0
bef#branch                                   0
bfos#branch                                  0
brr9s#branch                                 0
brels#branch                                 0
bes#branch                                   0
vibd#branch                                  0
vsupd#branch                                 0
vibb#branch                                  0
vsupb#branch                                 0
vibf#branch                                  0
vsupf#branch                                 0
vibs#branch                                  0
vsups#branch                                 0
vibst#branch                       5.36906e-07
vsupst#branch                     -9.81524e-07

 Reference value :  0.00000e+00
 Reference value :  2.38289e-06
 Reference value :  3.08372e-06
 Reference value :  4.20585e-06
 Reference value :  3.44809e-05
 Reference value :  4.89729e-05
 Reference value :  5.46866e-05
 Reference value :  1.04958e-04
 Reference value :  2.10504e-04
 Reference value :  2.45836e-04
 Reference value :  2.72815e-04
 Reference value :  3.24813e-04
 Reference value :  4.00072e-04
 Reference value :  4.33063e-04
 Reference value :  4.36804e-04
 Reference value :  5.50019e-04
 Reference value :  5.57406e-04
 Reference value :  5.64136e-04
 Reference value :  7.72633e-04
 Reference value :  9.56977e-04
 Reference value :  1.06543e-03
 Reference value :  1.10429e-03
 Reference value :  1.10805e-03
 Reference value :  1.12337e-03
 Reference value :  1.23096e-03
 Reference value :  1.27254e-03
 Reference value :  1.27576e-03
 Reference value :  1.42973e-03
 Reference value :  1.70973e-03
 Reference value :  1.98973e-03
 Reference value :  2.27373e-03
 Reference value :  2.54173e-03
 Reference value :  2.81373e-03
 Reference value :  3.09373e-03
 Reference value :  3.37373e-03
 Reference value :  3.64573e-03
 Reference value :  3.92573e-03
 Reference value :  4.20173e-03
 Reference value :  4.47773e-03
 Reference value :  4.74973e-03
 Reference value :  5.03373e-03
 Reference value :  5.31773e-03
 Reference value :  5.60173e-03
 Reference value :  5.88173e-03
 Reference value :  6.17373e-03
 Reference value :  6.45773e-03
 Reference value :  6.72973e-03
 Reference value :  7.01373e-03
 Reference value :  7.29773e-03
 Reference value :  7.58173e-03
 Reference value :  7.86173e-03
 Reference value :  8.14173e-03
 Reference value :  8.41773e-03
 Reference value :  8.69373e-03
 Reference value :  8.96573e-03
 Reference value :  9.25773e-03
 Reference value :  9.53773e-03
 Reference value :  9.82173e-03
 Reference value :  1.01057e-02
 Reference value :  1.03777e-02
 Reference value :  1.06457e-02
 Reference value :  1.09217e-02
 Reference value :  1.12017e-02
 Reference value :  1.14737e-02
 Reference value :  1.17497e-02
 Reference value :  1.20177e-02
 Reference value :  1.22897e-02
 Reference value :  1.25537e-02
 Reference value :  1.28217e-02
 Reference value :  1.30977e-02
 Reference value :  1.33897e-02
 Reference value :  1.36617e-02
 Reference value :  1.39337e-02
 Reference value :  1.42097e-02
 Reference value :  1.44817e-02
 Reference value :  1.47537e-02
 Reference value :  1.50257e-02
 Reference value :  1.53017e-02
 Reference value :  1.55737e-02
 Reference value :  1.58577e-02
 Reference value :  1.61297e-02
 Reference value :  1.64097e-02
 Reference value :  1.66817e-02
 Reference value :  1.69657e-02
 Reference value :  1.72337e-02
 Reference value :  1.75017e-02
 Reference value :  1.77937e-02
 Reference value :  1.80617e-02
 Reference value :  1.83297e-02
 Reference value :  1.85977e-02
 Reference value :  1.88617e-02
 Reference value :  1.91377e-02
 Reference value :  1.94337e-02
 Reference value :  1.97057e-02
 Reference value :  1.99777e-02
 Reference value :  2.02497e-02
 Reference value :  2.05297e-02
 Reference value :  2.08857e-02
 Reference value :  2.12097e-02
 Reference value :  2.14777e-02
 Reference value :  2.17497e-02
 Reference value :  2.20177e-02
 Reference value :  2.22857e-02
 Reference value :  2.25537e-02
 Reference value :  2.28217e-02
 Reference value :  2.30897e-02
 Reference value :  2.33577e-02
 Reference value :  2.36297e-02
 Reference value :  2.39097e-02
 Reference value :  2.41817e-02
 Reference value :  2.44497e-02
 Reference value :  2.47137e-02
 Reference value :  2.49857e-02
 Reference value :  2.52577e-02
 Reference value :  2.55257e-02
 Reference value :  2.57977e-02
 Reference value :  2.60777e-02
 Reference value :  2.63457e-02
 Reference value :  2.66217e-02
 Reference value :  2.68937e-02
 Reference value :  2.71577e-02
 Reference value :  2.74257e-02
 Reference value :  2.76937e-02
 Reference value :  2.79577e-02
 Reference value :  2.82217e-02
 Reference value :  2.84897e-02
 Reference value :  2.87617e-02
 Reference value :  2.90377e-02
 Reference value :  2.93137e-02
 Reference value :  2.95857e-02
 Reference value :  2.98497e-02
No. of Data Rows : 8157
vref_op             =  1.19322e+00
vref_st             =  1.19322e+00
ok_st               =  2.97000e+00
vdd_st              =  2.97000e+00
iq_st               =  -9.81524e-07
ib_st               =  5.36906e-07
t_set               =  5.18730e-04
vdd_drop            =  1.41567e+00
t_oks               =  2.46311e-04
err_at_ok           =  1.40411e-01
relv_slow           =  2.89694e+00
err_at_relv         =  1.43821e-01
relv_fast           =  2.97000e+00
okf_at_1v           =  2.80467e-03
errf_end            =  2.13871e-09
bo_pre              =  1.19322e+00
bo_mid              =  1.19322e+00
bo_dpre             =  1.19322e+00
bo_post             =  1.19322e+00
ok_bo_dip           =  2.97280e-01
t_bo_rec            =  1.27481e-03
t_false_s           =  0.00000e+00 from=  0.00000e+00 to=  3.00000e-02
t_false_f           =  3.11992e-04 from=  0.00000e+00 to=  3.00000e-02
t_false_b           =  1.96044e-04 from=  0.00000e+00 to=  3.00000e-02
t_false_d           =  2.64830e-04 from=  0.00000e+00 to=  3.00000e-02
ok_bo_end           =  2.97000e+00
vdd_bo              =  2.97000e+00
m_vref_op_v = 1.1932250000e+00
m_vref_v = 1.1932250000e+00
m_ok_droop_mv = 0.0000000000e+00
m_iq_por_ua = 9.8152410000e-01
m_ibias_na = 5.3690600000e+02
m_iq_own_ua = 4.4461810000e-01
m_t_settle_us = 1.8730000000e+01
m_err_at_relv_mv = 1.4382120000e+02
m_vdd_ref90_v = 1.4156730000e+00
m_t_bo_recover_us = 1.6480800000e+02
m_t_false_ok_slow_us = 0.0000000000e+00
m_t_false_ok_fast_us = 3.1199220000e+02
m_t_false_ok_brownout_us = 4.6087370000e+02
m_err_at_ok_mv = 1.4041110000e+02
m_t_ok_us = 2.4631060000e+02
m_relv_slow_v = 2.8969370000e+00
m_relv_fast_v = 2.9700000000e+00
m_okf_at_1v_mv = 2.8046740000e+00
m_err_fast_end_mv = 2.1387120000e-06
m_bo_shallow_ppm = 0.0000000000e+00
m_bo_deep_ppm = 0.0000000000e+00
m_ok_bo_dip_mv = 2.9728040000e+02
m_ok_bo_end_droop_mv = -1.000000000e-03
Note: Simulation executed from .control section 

Warning: m=xx on .subckt line will override multiplier m hierarchy!

Note: Starting dynamic gmin stepping
Warning: Dynamic gmin stepping failed
Note: Starting true gmin stepping
Note: True gmin stepping completed
