
Note: Compatibility modes selected: hs a


Circuit: * bias-core-designer-check @ bjt_ff_125c_3.63v -- generated by sim/harness, do not edit

Doing analysis at TEMP = 125.000000 and TNOM = 27.000000

Using SPARSE 1.3 as Direct Linear Solver

Initial Transient Solution
--------------------------

Node                                   Voltage
----                                   -------
vddst                                     3.63
nibst                                 0.658746
ibiasst                               0.658746
xst.ks1                                2.52537
xst.ks2                                1.62914
xst.ks3                               0.923907
xst.ks4                               0.389082
xst.nkg                            0.000766269
xst.pg                                 2.93873
xst.nbg                               0.485618
xst.pb                                 2.93219
xst.nkm                                0.45067
xst.nokl                              0.411091
xst.noko                               1.49208
xst.nokx                           0.000496964
xst.n1                                0.447452
xst.n2                                0.444241
bias_okst                                 3.63
xst.tok                                1.59839
xst.nt                                 1.59636
xst.na                                0.354546
xst.nbtop                             0.358206
vrefst                                  1.1877
xst.nb                                0.354551
xst.ec                                 0.28305
xst.er                                0.354349
xst.nz                                0.444241
xst.x47.11                              1.1877
xst.x47.21                             1.13562
xst.xr2__1                             1.13562
xst.xr2__2                             1.08353
xst.x48.11                             1.08354
xst.x48.21                             1.13562
xst.x49.11                             1.08353
xst.x49.21                             1.03145
xst.xr2__3                             1.03145
xst.xr2__4                            0.979365
xst.x50.11                            0.979366
xst.x50.21                             1.03145
xst.x51.11                            0.979363
xst.x51.21                            0.927282
xst.xr2__5                             0.92728
xst.xr2__6                            0.875195
xst.x52.11                            0.875197
xst.x52.21                            0.927278
xst.x53.11                            0.875193
xst.x53.21                            0.823113
xst.xr2__7                            0.823111
xst.xr2__8                            0.771026
xst.x54.11                            0.771028
xst.x54.21                            0.823109
xst.x55.11                            0.771024
xst.x55.21                            0.718943
xst.xr2__9                            0.718941
xst.xr2__10                           0.666857
xst.x56.11                            0.666859
xst.x56.21                             0.71894
xst.x57.11                            0.666855
xst.x57.21                            0.614774
xst.xr2__11                           0.614772
xst.xr2__12                           0.562688
xst.x58.11                            0.562689
xst.x58.21                             0.61477
xst.x59.11                            0.562686
xst.x59.21                            0.510605
xst.xr2__13                           0.510603
xst.xr2__14                           0.458518
xst.x60.11                             0.45852
xst.x60.21                            0.510601
xst.x61.11                            0.458517
xst.x61.21                            0.406436
xst.xr2__15                           0.406434
xst.x62.11                            0.354351
xst.x62.21                            0.406432
xst.x63.11                            0.444241
xst.x63.21                            0.444241
xst.xrz__1                            0.444241
xst.xrz__2                            0.444241
xst.x64.11                            0.444241
xst.x64.21                            0.444241
xst.x65.11                            0.444241
xst.x65.21                            0.444241
xst.xrz__3                            0.444241
xst.x66.11                            0.444241
xst.x66.21                            0.444241
xst.x67.11                            0.354549
xst.x67.21                            0.318802
xst.xr1__1                            0.318801
xst.x68.11                            0.283052
xst.x68.21                            0.318799
xst.x69.11                            0.358204
xst.x69.21                             0.35638
xst.xrt__1                            0.356379
xst.x70.11                            0.354553
xst.x70.21                            0.356377
xst.n1__par                           0.447452
xst.n2__par                           0.444241
xst.nkm__par                           0.45067
xst.tok__par                           1.59839
xst.noko__par                          1.49208
xst.nokl__par                         0.411091
xst.nokx__par                      0.000496964
xst.ks1__par                           2.52537
xst.ks2__par                           1.62914
xst.ks3__par                          0.923907
xst.ks4__par                          0.389082
xst.nkg__par                       0.000766269
xst.nb__par                           0.354551
xst.ec__par                            0.28305
xst.nz__par                           0.444241
xst.xrz__2__par                       0.444241
xst.xr2__14__par                      0.458518
xst.xr2__12__par                      0.562688
xst.pg__par                            2.93873
xst.xr2__10__par                      0.666857
xst.xr2__8__par                       0.771026
xst.xr2__6__par                       0.875195
xst.xr2__4__par                       0.979365
xst.xr2__2__par                        1.08353
xst.na__par                           0.354546
xst.er__par                           0.354349
xst.xrt__1__par                       0.356379
xst.nbtop__par                        0.358206
xst.xr1__1__par                       0.318801
xst.xrz__3__par                       0.444241
xst.xrz__1__par                       0.444241
xst.xr2__13__par                      0.510603
xst.xr2__11__par                      0.614772
xst.xr2__1__par                        1.13562
xst.xr2__3__par                        1.03145
xst.xr2__5__par                        0.92728
xst.xr2__7__par                       0.823111
xst.xr2__9__par                       0.718941
xst.xr2__15__par                      0.406434
xst.nbg__par                          0.485618
xst.pb__par                            2.93219
xst.nt__par                            1.59636
xst.bias_ok__par                          3.63
xst.ibias__par                        0.658746
xst.vdd__par                              3.63
xst.vref__par                           1.1877
xst.vss__par                                 0
vdds                                         0
nibs                              1.39375e-216
ibiass                            1.39375e-216
xs.ks1                           -1.12607e-214
xs.ks2                            1.30615e-213
xs.ks3                           -1.50378e-212
xs.ks4                             1.7312e-211
xs.nkg                           -1.99302e-210
xs.pg                             4.54691e-222
xs.nbg                            1.26466e-271
xs.pb                             6.58898e-267
xs.nkm                           -9.15196e-270
xs.nokl                          -1.64011e-219
xs.noko                          -4.13663e-217
xs.nokx                                      0
xs.n1                             1.02827e-228
xs.n2                              7.1363e-227
bias_oks                         -2.73388e-205
xs.tok                            2.22223e-218
xs.nt                             7.56747e-228
xs.na                             4.69134e-234
xs.nbtop                         -6.12269e-233
vrefs                                        0
xs.nb                            -6.12269e-233
xs.ec                             -6.1227e-233
xs.er                                        0
xs.nz                             7.13677e-227
xs.x47.11                                    0
xs.x47.21                                    0
xs.xr2__1                                    0
xs.xr2__2                                    0
xs.x48.11                                    0
xs.x48.21                                    0
xs.x49.11                                    0
xs.x49.21                                    0
xs.xr2__3                                    0
xs.xr2__4                                    0
xs.x50.11                                    0
xs.x50.21                                    0
xs.x51.11                                    0
xs.x51.21                                    0
xs.xr2__5                                    0
xs.xr2__6                                    0
xs.x52.11                                    0
xs.x52.21                                    0
xs.x53.11                                    0
xs.x53.21                                    0
xs.xr2__7                                    0
xs.xr2__8                                    0
xs.x54.11                                    0
xs.x54.21                                    0
xs.x55.11                                    0
xs.x55.21                                    0
xs.xr2__9                                    0
xs.xr2__10                                   0
xs.x56.11                                    0
xs.x56.21                                    0
xs.x57.11                                    0
xs.x57.21                                    0
xs.xr2__11                                   0
xs.xr2__12                                   0
xs.x58.11                                    0
xs.x58.21                                    0
xs.x59.11                                    0
xs.x59.21                                    0
xs.xr2__13                                   0
xs.xr2__14                                   0
xs.x60.11                                    0
xs.x60.21                                    0
xs.x61.11                                    0
xs.x61.21                                    0
xs.xr2__15                                   0
xs.x62.11                                    0
xs.x62.21                                    0
xs.x63.11                         7.13677e-227
xs.x63.21                         7.13665e-227
xs.xrz__1                         7.13665e-227
xs.xrz__2                         7.13653e-227
xs.x64.11                         7.13653e-227
xs.x64.21                         7.13665e-227
xs.x65.11                         7.13653e-227
xs.x65.21                         7.13641e-227
xs.xrz__3                         7.13641e-227
xs.x66.11                          7.1363e-227
xs.x66.21                         7.13641e-227
xs.x67.11                        -6.12269e-233
xs.x67.21                         -6.1227e-233
xs.xr1__1                         -6.1227e-233
xs.x68.11                         -6.1227e-233
xs.x68.21                         -6.1227e-233
xs.x69.11                        -6.12269e-233
xs.x69.21                        -6.12269e-233
xs.xrt__1                        -6.12269e-233
xs.x70.11                        -6.12269e-233
xs.x70.21                        -6.12269e-233
xs.n1__par                        1.02827e-228
xs.n2__par                         7.1363e-227
xs.nkm__par                      -9.15196e-270
xs.tok__par                       2.22223e-218
xs.noko__par                     -4.13663e-217
xs.nokl__par                     -1.64011e-219
xs.nokx__par                                 0
xs.ks1__par                      -1.12607e-214
xs.ks2__par                       1.30615e-213
xs.ks3__par                      -1.50378e-212
xs.ks4__par                        1.7312e-211
xs.nkg__par                      -1.99302e-210
xs.nb__par                       -6.12269e-233
xs.ec__par                        -6.1227e-233
xs.nz__par                        7.13677e-227
xs.xrz__2__par                    7.13653e-227
xs.xr2__14__par                              0
xs.xr2__12__par                              0
xs.pg__par                        4.54691e-222
xs.xr2__10__par                              0
xs.xr2__8__par                               0
xs.xr2__6__par                               0
xs.xr2__4__par                               0
xs.xr2__2__par                               0
xs.na__par                        4.69134e-234
xs.er__par                                   0
xs.xrt__1__par                   -6.12269e-233
xs.nbtop__par                    -6.12269e-233
xs.xr1__1__par                    -6.1227e-233
xs.xrz__3__par                    7.13641e-227
xs.xrz__1__par                    7.13665e-227
xs.xr2__13__par                              0
xs.xr2__11__par                              0
xs.xr2__1__par                               0
xs.xr2__3__par                               0
xs.xr2__5__par                               0
xs.xr2__7__par                               0
xs.xr2__9__par                               0
xs.xr2__15__par                              0
xs.nbg__par                       1.26466e-271
xs.pb__par                        6.58898e-267
xs.nt__par                        7.56747e-228
xs.bias_ok__par                  -2.73388e-205
xs.ibias__par                     1.39375e-216
xs.vdd__par                                  0
xs.vref__par                                 0
xs.vss__par                                  0
es                                      1.1877
rels                                        -1
rr9s                                  -1.06893
fos                                          0
vddf                                         0
nibf                              1.39375e-216
ibiasf                            1.39375e-216
xf.ks1                           -1.12607e-214
xf.ks2                            1.30615e-213
xf.ks3                           -1.50378e-212
xf.ks4                             1.7312e-211
xf.nkg                           -1.99302e-210
xf.pg                             4.54691e-222
xf.nbg                            1.26466e-271
xf.pb                             6.58898e-267
xf.nkm                           -9.15196e-270
xf.nokl                          -1.64011e-219
xf.noko                          -4.13663e-217
xf.nokx                                      0
xf.n1                             1.02827e-228
xf.n2                              7.1363e-227
bias_okf                         -2.73388e-205
xf.tok                            2.22223e-218
xf.nt                             7.56747e-228
xf.na                              4.6919e-234
xf.nbtop                         -6.12271e-233
vreff                                        0
xf.nb                            -6.12271e-233
xf.ec                            -6.12271e-233
xf.er                                        0
xf.nz                             7.13677e-227
xf.x47.11                                    0
xf.x47.21                                    0
xf.xr2__1                                    0
xf.xr2__2                                    0
xf.x48.11                                    0
xf.x48.21                                    0
xf.x49.11                                    0
xf.x49.21                                    0
xf.xr2__3                                    0
xf.xr2__4                                    0
xf.x50.11                                    0
xf.x50.21                                    0
xf.x51.11                                    0
xf.x51.21                                    0
xf.xr2__5                                    0
xf.xr2__6                                    0
xf.x52.11                                    0
xf.x52.21                                    0
xf.x53.11                                    0
xf.x53.21                                    0
xf.xr2__7                                    0
xf.xr2__8                                    0
xf.x54.11                                    0
xf.x54.21                                    0
xf.x55.11                                    0
xf.x55.21                                    0
xf.xr2__9                                    0
xf.xr2__10                                   0
xf.x56.11                                    0
xf.x56.21                                    0
xf.x57.11                                    0
xf.x57.21                                    0
xf.xr2__11                                   0
xf.xr2__12                                   0
xf.x58.11                                    0
xf.x58.21                                    0
xf.x59.11                                    0
xf.x59.21                                    0
xf.xr2__13                                   0
xf.xr2__14                                   0
xf.x60.11                                    0
xf.x60.21                                    0
xf.x61.11                                    0
xf.x61.21                                    0
xf.xr2__15                                   0
xf.x62.11                                    0
xf.x62.21                                    0
xf.x63.11                         7.13677e-227
xf.x63.21                         7.13665e-227
xf.xrz__1                         7.13665e-227
xf.xrz__2                         7.13653e-227
xf.x64.11                         7.13653e-227
xf.x64.21                         7.13665e-227
xf.x65.11                         7.13653e-227
xf.x65.21                         7.13641e-227
xf.xrz__3                         7.13641e-227
xf.x66.11                          7.1363e-227
xf.x66.21                         7.13641e-227
xf.x67.11                        -6.12271e-233
xf.x67.21                        -6.12271e-233
xf.xr1__1                        -6.12271e-233
xf.x68.11                        -6.12271e-233
xf.x68.21                        -6.12271e-233
xf.x69.11                        -6.12271e-233
xf.x69.21                        -6.12271e-233
xf.xrt__1                        -6.12271e-233
xf.x70.11                        -6.12271e-233
xf.x70.21                        -6.12271e-233
xf.n1__par                        1.02827e-228
xf.n2__par                         7.1363e-227
xf.nkm__par                      -9.15196e-270
xf.tok__par                       2.22223e-218
xf.noko__par                     -4.13663e-217
xf.nokl__par                     -1.64011e-219
xf.nokx__par                                 0
xf.ks1__par                      -1.12607e-214
xf.ks2__par                       1.30615e-213
xf.ks3__par                      -1.50378e-212
xf.ks4__par                        1.7312e-211
xf.nkg__par                      -1.99302e-210
xf.nb__par                       -6.12271e-233
xf.ec__par                       -6.12271e-233
xf.nz__par                        7.13677e-227
xf.xrz__2__par                    7.13653e-227
xf.xr2__14__par                              0
xf.xr2__12__par                              0
xf.pg__par                        4.54691e-222
xf.xr2__10__par                              0
xf.xr2__8__par                               0
xf.xr2__6__par                               0
xf.xr2__4__par                               0
xf.xr2__2__par                               0
xf.na__par                         4.6919e-234
xf.er__par                                   0
xf.xrt__1__par                   -6.12271e-233
xf.nbtop__par                    -6.12271e-233
xf.xr1__1__par                   -6.12271e-233
xf.xrz__3__par                    7.13641e-227
xf.xrz__1__par                    7.13665e-227
xf.xr2__13__par                              0
xf.xr2__11__par                              0
xf.xr2__1__par                               0
xf.xr2__3__par                               0
xf.xr2__5__par                               0
xf.xr2__7__par                               0
xf.xr2__9__par                               0
xf.xr2__15__par                              0
xf.nbg__par                       1.26466e-271
xf.pb__par                        6.58898e-267
xf.nt__par                        7.56747e-228
xf.bias_ok__par                  -2.73388e-205
xf.ibias__par                     1.39375e-216
xf.vdd__par                                  0
xf.vref__par                                 0
xf.vss__par                                  0
ef                                      1.1877
relf                                        -1
fof                                          0
vddb                                         0
nibb                              1.39375e-216
ibiasb                            1.39375e-216
xb.ks1                           -1.12607e-214
xb.ks2                            1.30615e-213
xb.ks3                           -1.50378e-212
xb.ks4                             1.7312e-211
xb.nkg                           -1.99302e-210
xb.pg                             4.54691e-222
xb.nbg                            1.26466e-271
xb.pb                             6.58898e-267
xb.nkm                           -9.15196e-270
xb.nokl                          -1.64011e-219
xb.noko                          -4.13663e-217
xb.nokx                                      0
xb.n1                             1.02827e-228
xb.n2                              7.1363e-227
bias_okb                         -2.73388e-205
xb.tok                            2.22223e-218
xb.nt                             7.56747e-228
xb.na                              4.6919e-234
xb.nbtop                         -6.12271e-233
vrefb                                        0
xb.nb                            -6.12271e-233
xb.ec                            -6.12272e-233
xb.er                                        0
xb.nz                             7.13677e-227
xb.x47.11                                    0
xb.x47.21                                    0
xb.xr2__1                                    0
xb.xr2__2                                    0
xb.x48.11                                    0
xb.x48.21                                    0
xb.x49.11                                    0
xb.x49.21                                    0
xb.xr2__3                                    0
xb.xr2__4                                    0
xb.x50.11                                    0
xb.x50.21                                    0
xb.x51.11                                    0
xb.x51.21                                    0
xb.xr2__5                                    0
xb.xr2__6                                    0
xb.x52.11                                    0
xb.x52.21                                    0
xb.x53.11                                    0
xb.x53.21                                    0
xb.xr2__7                                    0
xb.xr2__8                                    0
xb.x54.11                                    0
xb.x54.21                                    0
xb.x55.11                                    0
xb.x55.21                                    0
xb.xr2__9                                    0
xb.xr2__10                                   0
xb.x56.11                                    0
xb.x56.21                                    0
xb.x57.11                                    0
xb.x57.21                                    0
xb.xr2__11                                   0
xb.xr2__12                                   0
xb.x58.11                                    0
xb.x58.21                                    0
xb.x59.11                                    0
xb.x59.21                                    0
xb.xr2__13                                   0
xb.xr2__14                                   0
xb.x60.11                                    0
xb.x60.21                                    0
xb.x61.11                                    0
xb.x61.21                                    0
xb.xr2__15                                   0
xb.x62.11                                    0
xb.x62.21                                    0
xb.x63.11                         7.13677e-227
xb.x63.21                         7.13665e-227
xb.xrz__1                         7.13665e-227
xb.xrz__2                         7.13653e-227
xb.x64.11                         7.13653e-227
xb.x64.21                         7.13665e-227
xb.x65.11                         7.13653e-227
xb.x65.21                         7.13641e-227
xb.xrz__3                         7.13641e-227
xb.x66.11                          7.1363e-227
xb.x66.21                         7.13641e-227
xb.x67.11                        -6.12271e-233
xb.x67.21                        -6.12272e-233
xb.xr1__1                        -6.12272e-233
xb.x68.11                        -6.12272e-233
xb.x68.21                        -6.12272e-233
xb.x69.11                        -6.12271e-233
xb.x69.21                        -6.12271e-233
xb.xrt__1                        -6.12271e-233
xb.x70.11                        -6.12271e-233
xb.x70.21                        -6.12271e-233
xb.n1__par                        1.02827e-228
xb.n2__par                         7.1363e-227
xb.nkm__par                      -9.15196e-270
xb.tok__par                       2.22223e-218
xb.noko__par                     -4.13663e-217
xb.nokl__par                     -1.64011e-219
xb.nokx__par                                 0
xb.ks1__par                      -1.12607e-214
xb.ks2__par                       1.30615e-213
xb.ks3__par                      -1.50378e-212
xb.ks4__par                        1.7312e-211
xb.nkg__par                      -1.99302e-210
xb.nb__par                       -6.12271e-233
xb.ec__par                       -6.12272e-233
xb.nz__par                        7.13677e-227
xb.xrz__2__par                    7.13653e-227
xb.xr2__14__par                              0
xb.xr2__12__par                              0
xb.pg__par                        4.54691e-222
xb.xr2__10__par                              0
xb.xr2__8__par                               0
xb.xr2__6__par                               0
xb.xr2__4__par                               0
xb.xr2__2__par                               0
xb.na__par                         4.6919e-234
xb.er__par                                   0
xb.xrt__1__par                   -6.12271e-233
xb.nbtop__par                    -6.12271e-233
xb.xr1__1__par                   -6.12272e-233
xb.xrz__3__par                    7.13641e-227
xb.xrz__1__par                    7.13665e-227
xb.xr2__13__par                              0
xb.xr2__11__par                              0
xb.xr2__1__par                               0
xb.xr2__3__par                               0
xb.xr2__5__par                               0
xb.xr2__7__par                               0
xb.xr2__9__par                               0
xb.xr2__15__par                              0
xb.nbg__par                       1.26466e-271
xb.pb__par                        6.58898e-267
xb.nt__par                        7.56747e-228
xb.bias_ok__par                  -2.73388e-205
xb.ibias__par                     1.39375e-216
xb.vdd__par                                  0
xb.vref__par                                 0
xb.vss__par                                  0
fob                                          0
vddd                                         0
nibd                              1.39375e-216
ibiasd                            1.39375e-216
xd.ks1                           -1.12607e-214
xd.ks2                            1.30615e-213
xd.ks3                           -1.50378e-212
xd.ks4                             1.7312e-211
xd.nkg                           -1.99302e-210
xd.pg                             4.54691e-222
xd.nbg                            1.26466e-271
xd.pb                             6.58898e-267
xd.nkm                           -9.15196e-270
xd.nokl                          -1.64011e-219
xd.noko                          -4.13663e-217
xd.nokx                                      0
xd.n1                             1.02827e-228
xd.n2                              7.1363e-227
bias_okd                         -2.73388e-205
xd.tok                            2.22223e-218
xd.nt                             7.56747e-228
xd.na                             4.69134e-234
xd.nbtop                          -6.1227e-233
vrefd                                        0
xd.nb                             -6.1227e-233
xd.ec                             -6.1227e-233
xd.er                                        0
xd.nz                             7.13676e-227
xd.x47.11                                    0
xd.x47.21                                    0
xd.xr2__1                                    0
xd.xr2__2                                    0
xd.x48.11                                    0
xd.x48.21                                    0
xd.x49.11                                    0
xd.x49.21                                    0
xd.xr2__3                                    0
xd.xr2__4                                    0
xd.x50.11                                    0
xd.x50.21                                    0
xd.x51.11                                    0
xd.x51.21                                    0
xd.xr2__5                                    0
xd.xr2__6                                    0
xd.x52.11                                    0
xd.x52.21                                    0
xd.x53.11                                    0
xd.x53.21                                    0
xd.xr2__7                                    0
xd.xr2__8                                    0
xd.x54.11                                    0
xd.x54.21                                    0
xd.x55.11                                    0
xd.x55.21                                    0
xd.xr2__9                                    0
xd.xr2__10                                   0
xd.x56.11                                    0
xd.x56.21                                    0
xd.x57.11                                    0
xd.x57.21                                    0
xd.xr2__11                                   0
xd.xr2__12                                   0
xd.x58.11                                    0
xd.x58.21                                    0
xd.x59.11                                    0
xd.x59.21                                    0
xd.xr2__13                                   0
xd.xr2__14                                   0
xd.x60.11                                    0
xd.x60.21                                    0
xd.x61.11                                    0
xd.x61.21                                    0
xd.xr2__15                                   0
xd.x62.11                                    0
xd.x62.21                                    0
xd.x63.11                         7.13676e-227
xd.x63.21                         7.13665e-227
xd.xrz__1                         7.13665e-227
xd.xrz__2                         7.13653e-227
xd.x64.11                         7.13653e-227
xd.x64.21                         7.13665e-227
xd.x65.11                         7.13653e-227
xd.x65.21                         7.13641e-227
xd.xrz__3                         7.13641e-227
xd.x66.11                          7.1363e-227
xd.x66.21                         7.13641e-227
xd.x67.11                         -6.1227e-233
xd.x67.21                         -6.1227e-233
xd.xr1__1                         -6.1227e-233
xd.x68.11                         -6.1227e-233
xd.x68.21                         -6.1227e-233
xd.x69.11                         -6.1227e-233
xd.x69.21                         -6.1227e-233
xd.xrt__1                         -6.1227e-233
xd.x70.11                         -6.1227e-233
xd.x70.21                         -6.1227e-233
xd.n1__par                        1.02827e-228
xd.n2__par                         7.1363e-227
xd.nkm__par                      -9.15196e-270
xd.tok__par                       2.22223e-218
xd.noko__par                     -4.13663e-217
xd.nokl__par                     -1.64011e-219
xd.nokx__par                                 0
xd.ks1__par                      -1.12607e-214
xd.ks2__par                       1.30615e-213
xd.ks3__par                      -1.50378e-212
xd.ks4__par                        1.7312e-211
xd.nkg__par                      -1.99302e-210
xd.nb__par                        -6.1227e-233
xd.ec__par                        -6.1227e-233
xd.nz__par                        7.13676e-227
xd.xrz__2__par                    7.13653e-227
xd.xr2__14__par                              0
xd.xr2__12__par                              0
xd.pg__par                        4.54691e-222
xd.xr2__10__par                              0
xd.xr2__8__par                               0
xd.xr2__6__par                               0
xd.xr2__4__par                               0
xd.xr2__2__par                               0
xd.na__par                        4.69134e-234
xd.er__par                                   0
xd.xrt__1__par                    -6.1227e-233
xd.nbtop__par                     -6.1227e-233
xd.xr1__1__par                    -6.1227e-233
xd.xrz__3__par                    7.13641e-227
xd.xrz__1__par                    7.13665e-227
xd.xr2__13__par                              0
xd.xr2__11__par                              0
xd.xr2__1__par                               0
xd.xr2__3__par                               0
xd.xr2__5__par                               0
xd.xr2__7__par                               0
xd.xr2__9__par                               0
xd.xr2__15__par                              0
xd.nbg__par                       1.26466e-271
xd.pb__par                        6.58898e-267
xd.nt__par                        7.56747e-228
xd.bias_ok__par                  -2.73388e-205
xd.ibias__par                     1.39375e-216
xd.vdd__par                                  0
xd.vref__par                                 0
xd.vss__par                                  0
fod                                          0
bfod#branch                                  0
bfob#branch                                  0
bfof#branch                                  0
brelf#branch                                 0
bef#branch                                   0
bfos#branch                                  0
brr9s#branch                                 0
brels#branch                                 0
bes#branch                                   0
vibd#branch                       2.04267e-229
vsupd#branch                     -2.63586e-217
vibb#branch                       2.04267e-229
vsupb#branch                     -2.63586e-217
vibf#branch                       2.04267e-229
vsupf#branch                     -2.63586e-217
vibs#branch                       2.04267e-229
vsups#branch                     -2.63586e-217
vibst#branch                       8.30814e-07
vsupst#branch                     -1.51442e-06

 Reference value :  0.00000e+00
 Reference value :  1.97749e-06
 Reference value :  2.49483e-06
 Reference value :  6.74905e-06
 Reference value :  3.36484e-05
 Reference value :  3.84700e-05
 Reference value :  7.97488e-05
 Reference value :  9.51439e-05
 Reference value :  1.31057e-04
 Reference value :  1.61410e-04
 Reference value :  1.64499e-04
 Reference value :  1.72939e-04
 Reference value :  3.48385e-04
 Reference value :  4.10069e-04
 Reference value :  5.50101e-04
 Reference value :  5.55172e-04
 Reference value :  5.58763e-04
 Reference value :  6.12462e-04
 Reference value :  6.41056e-04
 Reference value :  6.92543e-04
 Reference value :  7.07547e-04
 Reference value :  9.04237e-04
 Reference value :  9.60013e-04
 Reference value :  1.10109e-03
 Reference value :  1.10391e-03
 Reference value :  1.10625e-03
 Reference value :  1.11740e-03
 Reference value :  1.20161e-03
 Reference value :  1.22787e-03
 Reference value :  1.26859e-03
 Reference value :  1.39153e-03
 Reference value :  1.66753e-03
 Reference value :  1.93953e-03
 Reference value :  2.21953e-03
 Reference value :  2.49153e-03
 Reference value :  2.76753e-03
 Reference value :  3.04353e-03
 Reference value :  3.32353e-03
 Reference value :  3.59153e-03
 Reference value :  3.86353e-03
 Reference value :  4.13553e-03
 Reference value :  4.42353e-03
 Reference value :  4.70353e-03
 Reference value :  4.97153e-03
 Reference value :  5.23953e-03
 Reference value :  5.51153e-03
 Reference value :  5.78753e-03
 Reference value :  6.05553e-03
 Reference value :  6.32353e-03
 Reference value :  6.79153e-03
 Reference value :  7.25153e-03
 Reference value :  7.56353e-03
 Reference value :  7.83153e-03
 Reference value :  8.10353e-03
 Reference value :  8.37553e-03
 Reference value :  8.64353e-03
 Reference value :  8.91153e-03
 Reference value :  9.18353e-03
 Reference value :  9.45953e-03
 Reference value :  9.73553e-03
 Reference value :  1.00235e-02
 Reference value :  1.03835e-02
 Reference value :  1.06595e-02
 Reference value :  1.09275e-02
 Reference value :  1.11995e-02
 Reference value :  1.14755e-02
 Reference value :  1.17475e-02
 Reference value :  1.20195e-02
 Reference value :  1.22915e-02
 Reference value :  1.25875e-02
 Reference value :  1.28835e-02
 Reference value :  1.31635e-02
 Reference value :  1.34555e-02
 Reference value :  1.37315e-02
 Reference value :  1.39995e-02
 Reference value :  1.42755e-02
 Reference value :  1.45475e-02
 Reference value :  1.48235e-02
 Reference value :  1.50995e-02
 Reference value :  1.53755e-02
 Reference value :  1.56555e-02
 Reference value :  1.59195e-02
 Reference value :  1.61955e-02
 Reference value :  1.64715e-02
 Reference value :  1.67475e-02
 Reference value :  1.70195e-02
 Reference value :  1.72915e-02
 Reference value :  1.75715e-02
 Reference value :  1.78435e-02
 Reference value :  1.81155e-02
 Reference value :  1.83915e-02
 Reference value :  1.86635e-02
 Reference value :  1.89315e-02
 Reference value :  1.91995e-02
 Reference value :  1.94755e-02
 Reference value :  1.97475e-02
 Reference value :  2.00235e-02
 Reference value :  2.02995e-02
 Reference value :  2.05795e-02
 Reference value :  2.08555e-02
 Reference value :  2.11235e-02
 Reference value :  2.14035e-02
 Reference value :  2.16675e-02
 Reference value :  2.19355e-02
 Reference value :  2.22075e-02
 Reference value :  2.24795e-02
 Reference value :  2.27515e-02
 Reference value :  2.30275e-02
 Reference value :  2.33035e-02
 Reference value :  2.35755e-02
 Reference value :  2.38515e-02
 Reference value :  2.41315e-02
 Reference value :  2.44115e-02
 Reference value :  2.46835e-02
 Reference value :  2.49595e-02
 Reference value :  2.52315e-02
 Reference value :  2.55075e-02
 Reference value :  2.57835e-02
 Reference value :  2.60635e-02
 Reference value :  2.63395e-02
 Reference value :  2.66115e-02
 Reference value :  2.68915e-02
 Reference value :  2.71715e-02
 Reference value :  2.74395e-02
 Reference value :  2.77275e-02
 Reference value :  2.80035e-02
 Reference value :  2.82755e-02
 Reference value :  2.85475e-02
 Reference value :  2.88235e-02
 Reference value :  2.91035e-02
 Reference value :  2.93755e-02
 Reference value :  2.96515e-02
 Reference value :  2.99355e-02
No. of Data Rows : 8278
vref_op             =  1.18770e+00
vref_st             =  1.18770e+00
ok_st               =  3.63000e+00
vdd_st              =  3.63000e+00
iq_st               =  -1.51442e-06
ib_st               =  8.30814e-07
t_set               =  5.16499e-04
vdd_drop            =  1.16049e+00
t_oks               =  1.92854e-04
err_at_ok           =  1.06923e-01
relv_slow           =  2.91814e+00
err_at_relv         =  1.59130e-01
relv_fast           =  3.63000e+00
okf_at_1v           =  1.45301e-04
errf_end            =  8.12061e-11
bo_pre              =  1.18770e+00
bo_mid              =  1.18770e+00
bo_dpre             =  1.18770e+00
bo_post             =  1.18770e+00
ok_bo_dip           =  1.39541e-01
t_bo_rec            =  1.26856e-03
t_false_s           =  0.00000e+00 from=  0.00000e+00 to=  3.00000e-02
t_false_f           =  8.44447e-05 from=  0.00000e+00 to=  3.00000e-02
t_false_b           =  2.29882e-04 from=  0.00000e+00 to=  3.00000e-02
t_false_d           =  2.37482e-04 from=  0.00000e+00 to=  3.00000e-02
ok_bo_end           =  3.63002e+00
vdd_bo              =  3.63000e+00
m_vref_op_v = 1.1877030000e+00
m_vref_v = 1.1877030000e+00
m_ok_droop_mv = 1.9999999998e-03
m_iq_por_ua = 1.5144200000e+00
m_ibias_na = 8.3081430000e+02
m_iq_own_ua = 6.8360570000e-01
m_t_settle_us = 1.6499000000e+01
m_err_at_relv_mv = 1.5913020000e+02
m_vdd_ref90_v = 1.1604900000e+00
m_t_bo_recover_us = 1.5855900000e+02
m_t_false_ok_slow_us = 0.0000000000e+00
m_t_false_ok_fast_us = 8.4444730000e+01
m_t_false_ok_brownout_us = 4.6736360000e+02
m_err_at_ok_mv = 1.0692270000e+02
m_t_ok_us = 1.9285370000e+02
m_relv_slow_v = 2.9181430000e+00
m_relv_fast_v = 3.6300000000e+00
m_okf_at_1v_mv = 1.4530090000e-01
m_err_fast_end_mv = 8.1206070000e-08
m_bo_shallow_ppm = 0.0000000000e+00
m_bo_deep_ppm = 0.0000000000e+00
m_ok_bo_dip_mv = 1.3954110000e+02
m_ok_bo_end_droop_mv = -1.900000000e-02
Note: Simulation executed from .control section 

Warning: m=xx on .subckt line will override multiplier m hierarchy!

Note: Starting dynamic gmin stepping
Note: Dynamic gmin stepping completed
