
Note: Compatibility modes selected: hs a


Circuit: * bias-core-designer-check @ bjt_ff_125c_3.30v -- generated by sim/harness, do not edit

Doing analysis at TEMP = 125.000000 and TNOM = 27.000000

Using SPARSE 1.3 as Direct Linear Solver

Initial Transient Solution
--------------------------

Node                                   Voltage
----                                   -------
vddst                                      3.3
nibst                                 0.657117
ibiasst                               0.657117
xst.ks1                                2.28494
xst.ks2                                1.46733
xst.ks3                               0.828735
xst.ks4                               0.347784
xst.nkg                            0.000361029
xst.pg                                 2.60851
xst.nbg                               0.485658
xst.pb                                 2.60341
xst.nkm                               0.449633
xst.nokl                              0.410198
xst.noko                               1.42433
xst.nokx                            0.00051962
xst.n1                                0.446463
xst.n2                                0.443978
bias_okst                                  3.3
xst.tok                                1.52665
xst.nt                                 1.52462
xst.na                                0.354544
xst.nbtop                             0.358203
vrefst                                   1.189
xst.nb                                0.354548
xst.ec                                0.283049
xst.er                                0.354401
xst.nz                                0.443978
xst.x47.11                               1.189
xst.x47.21                             1.13684
xst.xr2__1                             1.13684
xst.xr2__2                             1.08468
xst.x48.11                             1.08468
xst.x48.21                             1.13684
xst.x49.11                             1.08468
xst.x49.21                             1.03252
xst.xr2__3                             1.03252
xst.xr2__4                            0.980354
xst.x50.11                            0.980356
xst.x50.21                             1.03251
xst.x51.11                            0.980352
xst.x51.21                            0.928193
xst.xr2__5                            0.928191
xst.xr2__6                            0.876028
xst.x52.11                             0.87603
xst.x52.21                            0.928189
xst.x53.11                            0.876027
xst.x53.21                            0.823867
xst.xr2__7                            0.823866
xst.xr2__8                            0.771703
xst.x54.11                            0.771705
xst.x54.21                            0.823864
xst.x55.11                            0.771701
xst.x55.21                            0.719542
xst.xr2__9                             0.71954
xst.xr2__10                           0.667377
xst.x56.11                            0.667379
xst.x56.21                            0.719538
xst.x57.11                            0.667375
xst.x57.21                            0.615216
xst.xr2__11                           0.615215
xst.xr2__12                           0.563052
xst.x58.11                            0.563054
xst.x58.21                            0.615213
xst.x59.11                             0.56305
xst.x59.21                            0.510891
xst.xr2__13                           0.510889
xst.xr2__14                           0.458726
xst.x60.11                            0.458728
xst.x60.21                            0.510887
xst.x61.11                            0.458724
xst.x61.21                            0.406565
xst.xr2__15                           0.406563
xst.x62.11                            0.354403
xst.x62.21                            0.406562
xst.x63.11                            0.443978
xst.x63.21                            0.443978
xst.xrz__1                            0.443978
xst.xrz__2                            0.443978
xst.x64.11                            0.443978
xst.x64.21                            0.443978
xst.x65.11                            0.443978
xst.x65.21                            0.443978
xst.xrz__3                            0.443978
xst.x66.11                            0.443978
xst.x66.21                            0.443978
xst.x67.11                            0.354546
xst.x67.21                              0.3188
xst.xr1__1                            0.318799
xst.x68.11                            0.283051
xst.x68.21                            0.318797
xst.x69.11                            0.358201
xst.x69.21                            0.356377
xst.xrt__1                            0.356375
xst.x70.11                             0.35455
xst.x70.21                            0.356374
xst.n1__par                           0.446463
xst.n2__par                           0.443978
xst.nkm__par                          0.449633
xst.tok__par                           1.52665
xst.noko__par                          1.42433
xst.nokl__par                         0.410198
xst.nokx__par                       0.00051962
xst.ks1__par                           2.28494
xst.ks2__par                           1.46733
xst.ks3__par                          0.828735
xst.ks4__par                          0.347784
xst.nkg__par                       0.000361029
xst.nb__par                           0.354548
xst.ec__par                           0.283049
xst.nz__par                           0.443978
xst.xrz__2__par                       0.443978
xst.xr2__14__par                      0.458726
xst.xr2__12__par                      0.563052
xst.pg__par                            2.60851
xst.xr2__10__par                      0.667377
xst.xr2__8__par                       0.771703
xst.xr2__6__par                       0.876028
xst.xr2__4__par                       0.980354
xst.xr2__2__par                        1.08468
xst.na__par                           0.354544
xst.er__par                           0.354401
xst.xrt__1__par                       0.356375
xst.nbtop__par                        0.358203
xst.xr1__1__par                       0.318799
xst.xrz__3__par                       0.443978
xst.xrz__1__par                       0.443978
xst.xr2__13__par                      0.510889
xst.xr2__11__par                      0.615215
xst.xr2__1__par                        1.13684
xst.xr2__3__par                        1.03252
xst.xr2__5__par                       0.928191
xst.xr2__7__par                       0.823866
xst.xr2__9__par                        0.71954
xst.xr2__15__par                      0.406563
xst.nbg__par                          0.485658
xst.pb__par                            2.60341
xst.nt__par                            1.52462
xst.bias_ok__par                           3.3
xst.ibias__par                        0.657117
xst.vdd__par                               3.3
xst.vref__par                            1.189
xst.vss__par                                 0
vdds                                         0
nibs                              1.59575e-167
ibiass                            1.59575e-167
xs.ks1                           -2.42938e-168
xs.ks2                            2.81789e-167
xs.ks3                           -3.24424e-166
xs.ks4                            3.73488e-165
xs.nkg                           -4.29973e-164
xs.pg                             7.67886e-172
xs.nbg                            5.81433e-207
xs.pb                             7.62303e-204
xs.nkm                           -3.91229e-206
xs.nokl                          -1.56757e-170
xs.noko                          -3.97213e-168
xs.nokx                                      0
xs.n1                             1.76005e-178
xs.n2                             1.15842e-176
bias_oks                         -1.01882e-159
xs.tok                            2.13385e-169
xs.nt                             1.25596e-177
xs.na                             1.51403e-172
xs.nbtop                         -2.05647e-169
vrefs                             1.70103e-268
xs.nb                            -2.05647e-169
xs.ec                            -2.05647e-169
xs.er                             1.70142e-268
xs.nz                              1.1585e-176
xs.x47.11                         1.70103e-268
xs.x47.21                         1.70105e-268
xs.xr2__1                         1.70105e-268
xs.xr2__2                         1.70108e-268
xs.x48.11                         1.70108e-268
xs.x48.21                         1.70105e-268
xs.x49.11                         1.70108e-268
xs.x49.21                          1.7011e-268
xs.xr2__3                          1.7011e-268
xs.xr2__4                         1.70113e-268
xs.x50.11                         1.70113e-268
xs.x50.21                          1.7011e-268
xs.x51.11                         1.70113e-268
xs.x51.21                         1.70115e-268
xs.xr2__5                         1.70115e-268
xs.xr2__6                         1.70118e-268
xs.x52.11                         1.70118e-268
xs.x52.21                         1.70115e-268
xs.x53.11                         1.70118e-268
xs.x53.21                          1.7012e-268
xs.xr2__7                          1.7012e-268
xs.xr2__8                         1.70123e-268
xs.x54.11                         1.70123e-268
xs.x54.21                          1.7012e-268
xs.x55.11                         1.70123e-268
xs.x55.21                         1.70125e-268
xs.xr2__9                         1.70125e-268
xs.xr2__10                        1.70127e-268
xs.x56.11                         1.70127e-268
xs.x56.21                         1.70125e-268
xs.x57.11                         1.70127e-268
xs.x57.21                          1.7013e-268
xs.xr2__11                         1.7013e-268
xs.xr2__12                        1.70132e-268
xs.x58.11                         1.70132e-268
xs.x58.21                          1.7013e-268
xs.x59.11                         1.70132e-268
xs.x59.21                         1.70135e-268
xs.xr2__13                        1.70135e-268
xs.xr2__14                        1.70137e-268
xs.x60.11                         1.70137e-268
xs.x60.21                         1.70135e-268
xs.x61.11                         1.70137e-268
xs.x61.21                          1.7014e-268
xs.xr2__15                         1.7014e-268
xs.x62.11                         1.70142e-268
xs.x62.21                          1.7014e-268
xs.x63.11                          1.1585e-176
xs.x63.21                         1.15848e-176
xs.xrz__1                         1.15848e-176
xs.xrz__2                         1.15846e-176
xs.x64.11                         1.15846e-176
xs.x64.21                         1.15848e-176
xs.x65.11                         1.15846e-176
xs.x65.21                         1.15844e-176
xs.xrz__3                         1.15844e-176
xs.x66.11                         1.15842e-176
xs.x66.21                         1.15844e-176
xs.x67.11                        -2.05647e-169
xs.x67.21                        -2.05647e-169
xs.xr1__1                        -2.05647e-169
xs.x68.11                        -2.05647e-169
xs.x68.21                        -2.05647e-169
xs.x69.11                        -2.05647e-169
xs.x69.21                        -2.05647e-169
xs.xrt__1                        -2.05647e-169
xs.x70.11                        -2.05647e-169
xs.x70.21                        -2.05647e-169
xs.n1__par                        1.76005e-178
xs.n2__par                        1.15842e-176
xs.nkm__par                      -3.91229e-206
xs.tok__par                       2.13385e-169
xs.noko__par                     -3.97213e-168
xs.nokl__par                     -1.56757e-170
xs.nokx__par                                 0
xs.ks1__par                      -2.42938e-168
xs.ks2__par                       2.81789e-167
xs.ks3__par                      -3.24424e-166
xs.ks4__par                       3.73488e-165
xs.nkg__par                      -4.29973e-164
xs.nb__par                       -2.05647e-169
xs.ec__par                       -2.05647e-169
xs.nz__par                         1.1585e-176
xs.xrz__2__par                    1.15846e-176
xs.xr2__14__par                   1.70137e-268
xs.xr2__12__par                   1.70132e-268
xs.pg__par                        7.67886e-172
xs.xr2__10__par                   1.70127e-268
xs.xr2__8__par                    1.70123e-268
xs.xr2__6__par                    1.70118e-268
xs.xr2__4__par                    1.70113e-268
xs.xr2__2__par                    1.70108e-268
xs.na__par                        1.51403e-172
xs.er__par                        1.70142e-268
xs.xrt__1__par                   -2.05647e-169
xs.nbtop__par                    -2.05647e-169
xs.xr1__1__par                   -2.05647e-169
xs.xrz__3__par                    1.15844e-176
xs.xrz__1__par                    1.15848e-176
xs.xr2__13__par                   1.70135e-268
xs.xr2__11__par                    1.7013e-268
xs.xr2__1__par                    1.70105e-268
xs.xr2__3__par                     1.7011e-268
xs.xr2__5__par                    1.70115e-268
xs.xr2__7__par                     1.7012e-268
xs.xr2__9__par                    1.70125e-268
xs.xr2__15__par                    1.7014e-268
xs.nbg__par                       5.81433e-207
xs.pb__par                        7.62303e-204
xs.nt__par                        1.25596e-177
xs.bias_ok__par                  -1.01882e-159
xs.ibias__par                     1.59575e-167
xs.vdd__par                                  0
xs.vref__par                      1.70103e-268
xs.vss__par                                  0
es                                       1.189
rels                                        -1
rr9s                                   -1.0701
fos                                          0
vddf                                         0
nibf                              1.59575e-167
ibiasf                            1.59575e-167
xf.ks1                           -2.42938e-168
xf.ks2                            2.81789e-167
xf.ks3                           -3.24424e-166
xf.ks4                            3.73488e-165
xf.nkg                           -4.29973e-164
xf.pg                             7.67886e-172
xf.nbg                            5.81433e-207
xf.pb                             7.62303e-204
xf.nkm                           -3.91229e-206
xf.nokl                          -1.56757e-170
xf.noko                          -3.97213e-168
xf.nokx                                      0
xf.n1                             1.76005e-178
xf.n2                             1.15842e-176
bias_okf                         -1.01882e-159
xf.tok                            2.13385e-169
xf.nt                             1.25596e-177
xf.na                             1.51421e-172
xf.nbtop                         -2.05647e-169
vreff                             1.70103e-268
xf.nb                            -2.05647e-169
xf.ec                            -2.05647e-169
xf.er                             1.70142e-268
xf.nz                              1.1585e-176
xf.x47.11                         1.70103e-268
xf.x47.21                         1.70105e-268
xf.xr2__1                         1.70105e-268
xf.xr2__2                         1.70108e-268
xf.x48.11                         1.70108e-268
xf.x48.21                         1.70105e-268
xf.x49.11                         1.70108e-268
xf.x49.21                          1.7011e-268
xf.xr2__3                          1.7011e-268
xf.xr2__4                         1.70113e-268
xf.x50.11                         1.70113e-268
xf.x50.21                          1.7011e-268
xf.x51.11                         1.70113e-268
xf.x51.21                         1.70115e-268
xf.xr2__5                         1.70115e-268
xf.xr2__6                         1.70118e-268
xf.x52.11                         1.70118e-268
xf.x52.21                         1.70115e-268
xf.x53.11                         1.70118e-268
xf.x53.21                          1.7012e-268
xf.xr2__7                          1.7012e-268
xf.xr2__8                         1.70122e-268
xf.x54.11                         1.70122e-268
xf.x54.21                          1.7012e-268
xf.x55.11                         1.70122e-268
xf.x55.21                         1.70125e-268
xf.xr2__9                         1.70125e-268
xf.xr2__10                        1.70127e-268
xf.x56.11                         1.70127e-268
xf.x56.21                         1.70125e-268
xf.x57.11                         1.70127e-268
xf.x57.21                          1.7013e-268
xf.xr2__11                         1.7013e-268
xf.xr2__12                        1.70132e-268
xf.x58.11                         1.70132e-268
xf.x58.21                          1.7013e-268
xf.x59.11                         1.70132e-268
xf.x59.21                         1.70135e-268
xf.xr2__13                        1.70135e-268
xf.xr2__14                        1.70137e-268
xf.x60.11                         1.70137e-268
xf.x60.21                         1.70135e-268
xf.x61.11                         1.70137e-268
xf.x61.21                         1.70139e-268
xf.xr2__15                        1.70139e-268
xf.x62.11                         1.70142e-268
xf.x62.21                         1.70139e-268
xf.x63.11                          1.1585e-176
xf.x63.21                         1.15848e-176
xf.xrz__1                         1.15848e-176
xf.xrz__2                         1.15846e-176
xf.x64.11                         1.15846e-176
xf.x64.21                         1.15848e-176
xf.x65.11                         1.15846e-176
xf.x65.21                         1.15844e-176
xf.xrz__3                         1.15844e-176
xf.x66.11                         1.15842e-176
xf.x66.21                         1.15844e-176
xf.x67.11                        -2.05647e-169
xf.x67.21                        -2.05647e-169
xf.xr1__1                        -2.05647e-169
xf.x68.11                        -2.05647e-169
xf.x68.21                        -2.05647e-169
xf.x69.11                        -2.05647e-169
xf.x69.21                        -2.05647e-169
xf.xrt__1                        -2.05647e-169
xf.x70.11                        -2.05647e-169
xf.x70.21                        -2.05647e-169
xf.n1__par                        1.76005e-178
xf.n2__par                        1.15842e-176
xf.nkm__par                      -3.91229e-206
xf.tok__par                       2.13385e-169
xf.noko__par                     -3.97213e-168
xf.nokl__par                     -1.56757e-170
xf.nokx__par                                 0
xf.ks1__par                      -2.42938e-168
xf.ks2__par                       2.81789e-167
xf.ks3__par                      -3.24424e-166
xf.ks4__par                       3.73488e-165
xf.nkg__par                      -4.29973e-164
xf.nb__par                       -2.05647e-169
xf.ec__par                       -2.05647e-169
xf.nz__par                         1.1585e-176
xf.xrz__2__par                    1.15846e-176
xf.xr2__14__par                   1.70137e-268
xf.xr2__12__par                   1.70132e-268
xf.pg__par                        7.67886e-172
xf.xr2__10__par                   1.70127e-268
xf.xr2__8__par                    1.70122e-268
xf.xr2__6__par                    1.70118e-268
xf.xr2__4__par                    1.70113e-268
xf.xr2__2__par                    1.70108e-268
xf.na__par                        1.51421e-172
xf.er__par                        1.70142e-268
xf.xrt__1__par                   -2.05647e-169
xf.nbtop__par                    -2.05647e-169
xf.xr1__1__par                   -2.05647e-169
xf.xrz__3__par                    1.15844e-176
xf.xrz__1__par                    1.15848e-176
xf.xr2__13__par                   1.70135e-268
xf.xr2__11__par                    1.7013e-268
xf.xr2__1__par                    1.70105e-268
xf.xr2__3__par                     1.7011e-268
xf.xr2__5__par                    1.70115e-268
xf.xr2__7__par                     1.7012e-268
xf.xr2__9__par                    1.70125e-268
xf.xr2__15__par                   1.70139e-268
xf.nbg__par                       5.81433e-207
xf.pb__par                        7.62303e-204
xf.nt__par                        1.25596e-177
xf.bias_ok__par                  -1.01882e-159
xf.ibias__par                     1.59575e-167
xf.vdd__par                                  0
xf.vref__par                      1.70103e-268
xf.vss__par                                  0
ef                                       1.189
relf                                        -1
fof                                          0
vddb                                         0
nibb                              1.59575e-167
ibiasb                            1.59575e-167
xb.ks1                           -2.42938e-168
xb.ks2                            2.81789e-167
xb.ks3                           -3.24424e-166
xb.ks4                            3.73488e-165
xb.nkg                           -4.29973e-164
xb.pg                             7.67886e-172
xb.nbg                            5.81433e-207
xb.pb                             7.62303e-204
xb.nkm                           -3.91229e-206
xb.nokl                          -1.56757e-170
xb.noko                          -3.97213e-168
xb.nokx                                      0
xb.n1                             1.76005e-178
xb.n2                             1.15842e-176
bias_okb                         -1.01882e-159
xb.tok                            2.13385e-169
xb.nt                             1.25596e-177
xb.na                             1.51421e-172
xb.nbtop                         -2.05648e-169
vrefb                             1.70103e-268
xb.nb                            -2.05648e-169
xb.ec                            -2.05648e-169
xb.er                             1.70142e-268
xb.nz                              1.1585e-176
xb.x47.11                         1.70103e-268
xb.x47.21                         1.70105e-268
xb.xr2__1                         1.70105e-268
xb.xr2__2                         1.70108e-268
xb.x48.11                         1.70108e-268
xb.x48.21                         1.70105e-268
xb.x49.11                         1.70108e-268
xb.x49.21                          1.7011e-268
xb.xr2__3                          1.7011e-268
xb.xr2__4                         1.70113e-268
xb.x50.11                         1.70113e-268
xb.x50.21                          1.7011e-268
xb.x51.11                         1.70113e-268
xb.x51.21                         1.70115e-268
xb.xr2__5                         1.70115e-268
xb.xr2__6                         1.70118e-268
xb.x52.11                         1.70118e-268
xb.x52.21                         1.70115e-268
xb.x53.11                         1.70118e-268
xb.x53.21                          1.7012e-268
xb.xr2__7                          1.7012e-268
xb.xr2__8                         1.70122e-268
xb.x54.11                         1.70122e-268
xb.x54.21                          1.7012e-268
xb.x55.11                         1.70122e-268
xb.x55.21                         1.70125e-268
xb.xr2__9                         1.70125e-268
xb.xr2__10                        1.70127e-268
xb.x56.11                         1.70127e-268
xb.x56.21                         1.70125e-268
xb.x57.11                         1.70127e-268
xb.x57.21                          1.7013e-268
xb.xr2__11                         1.7013e-268
xb.xr2__12                        1.70132e-268
xb.x58.11                         1.70132e-268
xb.x58.21                          1.7013e-268
xb.x59.11                         1.70132e-268
xb.x59.21                         1.70135e-268
xb.xr2__13                        1.70135e-268
xb.xr2__14                        1.70137e-268
xb.x60.11                         1.70137e-268
xb.x60.21                         1.70135e-268
xb.x61.11                         1.70137e-268
xb.x61.21                         1.70139e-268
xb.xr2__15                        1.70139e-268
xb.x62.11                         1.70142e-268
xb.x62.21                         1.70139e-268
xb.x63.11                          1.1585e-176
xb.x63.21                         1.15848e-176
xb.xrz__1                         1.15848e-176
xb.xrz__2                         1.15846e-176
xb.x64.11                         1.15846e-176
xb.x64.21                         1.15848e-176
xb.x65.11                         1.15846e-176
xb.x65.21                         1.15844e-176
xb.xrz__3                         1.15844e-176
xb.x66.11                         1.15842e-176
xb.x66.21                         1.15844e-176
xb.x67.11                        -2.05648e-169
xb.x67.21                        -2.05648e-169
xb.xr1__1                        -2.05648e-169
xb.x68.11                        -2.05648e-169
xb.x68.21                        -2.05648e-169
xb.x69.11                        -2.05648e-169
xb.x69.21                        -2.05648e-169
xb.xrt__1                        -2.05648e-169
xb.x70.11                        -2.05648e-169
xb.x70.21                        -2.05648e-169
xb.n1__par                        1.76005e-178
xb.n2__par                        1.15842e-176
xb.nkm__par                      -3.91229e-206
xb.tok__par                       2.13385e-169
xb.noko__par                     -3.97213e-168
xb.nokl__par                     -1.56757e-170
xb.nokx__par                                 0
xb.ks1__par                      -2.42938e-168
xb.ks2__par                       2.81789e-167
xb.ks3__par                      -3.24424e-166
xb.ks4__par                       3.73488e-165
xb.nkg__par                      -4.29973e-164
xb.nb__par                       -2.05648e-169
xb.ec__par                       -2.05648e-169
xb.nz__par                         1.1585e-176
xb.xrz__2__par                    1.15846e-176
xb.xr2__14__par                   1.70137e-268
xb.xr2__12__par                   1.70132e-268
xb.pg__par                        7.67886e-172
xb.xr2__10__par                   1.70127e-268
xb.xr2__8__par                    1.70122e-268
xb.xr2__6__par                    1.70118e-268
xb.xr2__4__par                    1.70113e-268
xb.xr2__2__par                    1.70108e-268
xb.na__par                        1.51421e-172
xb.er__par                        1.70142e-268
xb.xrt__1__par                   -2.05648e-169
xb.nbtop__par                    -2.05648e-169
xb.xr1__1__par                   -2.05648e-169
xb.xrz__3__par                    1.15844e-176
xb.xrz__1__par                    1.15848e-176
xb.xr2__13__par                   1.70135e-268
xb.xr2__11__par                    1.7013e-268
xb.xr2__1__par                    1.70105e-268
xb.xr2__3__par                     1.7011e-268
xb.xr2__5__par                    1.70115e-268
xb.xr2__7__par                     1.7012e-268
xb.xr2__9__par                    1.70125e-268
xb.xr2__15__par                   1.70139e-268
xb.nbg__par                       5.81433e-207
xb.pb__par                        7.62303e-204
xb.nt__par                        1.25596e-177
xb.bias_ok__par                  -1.01882e-159
xb.ibias__par                     1.59575e-167
xb.vdd__par                                  0
xb.vref__par                      1.70103e-268
xb.vss__par                                  0
fob                                          0
vddd                                         0
nibd                              1.59575e-167
ibiasd                            1.59575e-167
xd.ks1                           -2.42938e-168
xd.ks2                            2.81789e-167
xd.ks3                           -3.24424e-166
xd.ks4                            3.73488e-165
xd.nkg                           -4.29973e-164
xd.pg                             7.67886e-172
xd.nbg                            5.81433e-207
xd.pb                             7.62303e-204
xd.nkm                           -3.91229e-206
xd.nokl                          -1.56757e-170
xd.noko                          -3.97213e-168
xd.nokx                                      0
xd.n1                             1.76005e-178
xd.n2                             1.15842e-176
bias_okd                         -1.01882e-159
xd.tok                            2.13385e-169
xd.nt                             1.25596e-177
xd.na                             1.51403e-172
xd.nbtop                         -2.05647e-169
vrefd                             1.70103e-268
xd.nb                            -2.05647e-169
xd.ec                            -2.05647e-169
xd.er                             1.70142e-268
xd.nz                              1.1585e-176
xd.x47.11                         1.70103e-268
xd.x47.21                         1.70105e-268
xd.xr2__1                         1.70105e-268
xd.xr2__2                         1.70108e-268
xd.x48.11                         1.70108e-268
xd.x48.21                         1.70105e-268
xd.x49.11                         1.70108e-268
xd.x49.21                          1.7011e-268
xd.xr2__3                          1.7011e-268
xd.xr2__4                         1.70112e-268
xd.x50.11                         1.70112e-268
xd.x50.21                          1.7011e-268
xd.x51.11                         1.70112e-268
xd.x51.21                         1.70115e-268
xd.xr2__5                         1.70115e-268
xd.xr2__6                         1.70117e-268
xd.x52.11                         1.70117e-268
xd.x52.21                         1.70115e-268
xd.x53.11                         1.70117e-268
xd.x53.21                          1.7012e-268
xd.xr2__7                          1.7012e-268
xd.xr2__8                         1.70122e-268
xd.x54.11                         1.70122e-268
xd.x54.21                          1.7012e-268
xd.x55.11                         1.70122e-268
xd.x55.21                         1.70125e-268
xd.xr2__9                         1.70125e-268
xd.xr2__10                        1.70127e-268
xd.x56.11                         1.70127e-268
xd.x56.21                         1.70125e-268
xd.x57.11                         1.70127e-268
xd.x57.21                         1.70129e-268
xd.xr2__11                        1.70129e-268
xd.xr2__12                        1.70132e-268
xd.x58.11                         1.70132e-268
xd.x58.21                         1.70129e-268
xd.x59.11                         1.70132e-268
xd.x59.21                         1.70134e-268
xd.xr2__13                        1.70134e-268
xd.xr2__14                        1.70137e-268
xd.x60.11                         1.70137e-268
xd.x60.21                         1.70134e-268
xd.x61.11                         1.70137e-268
xd.x61.21                         1.70139e-268
xd.xr2__15                        1.70139e-268
xd.x62.11                         1.70142e-268
xd.x62.21                         1.70139e-268
xd.x63.11                          1.1585e-176
xd.x63.21                         1.15848e-176
xd.xrz__1                         1.15848e-176
xd.xrz__2                         1.15846e-176
xd.x64.11                         1.15846e-176
xd.x64.21                         1.15848e-176
xd.x65.11                         1.15846e-176
xd.x65.21                         1.15844e-176
xd.xrz__3                         1.15844e-176
xd.x66.11                         1.15842e-176
xd.x66.21                         1.15844e-176
xd.x67.11                        -2.05647e-169
xd.x67.21                        -2.05647e-169
xd.xr1__1                        -2.05647e-169
xd.x68.11                        -2.05647e-169
xd.x68.21                        -2.05647e-169
xd.x69.11                        -2.05647e-169
xd.x69.21                        -2.05647e-169
xd.xrt__1                        -2.05647e-169
xd.x70.11                        -2.05647e-169
xd.x70.21                        -2.05647e-169
xd.n1__par                        1.76005e-178
xd.n2__par                        1.15842e-176
xd.nkm__par                      -3.91229e-206
xd.tok__par                       2.13385e-169
xd.noko__par                     -3.97213e-168
xd.nokl__par                     -1.56757e-170
xd.nokx__par                                 0
xd.ks1__par                      -2.42938e-168
xd.ks2__par                       2.81789e-167
xd.ks3__par                      -3.24424e-166
xd.ks4__par                       3.73488e-165
xd.nkg__par                      -4.29973e-164
xd.nb__par                       -2.05647e-169
xd.ec__par                       -2.05647e-169
xd.nz__par                         1.1585e-176
xd.xrz__2__par                    1.15846e-176
xd.xr2__14__par                   1.70137e-268
xd.xr2__12__par                   1.70132e-268
xd.pg__par                        7.67886e-172
xd.xr2__10__par                   1.70127e-268
xd.xr2__8__par                    1.70122e-268
xd.xr2__6__par                    1.70117e-268
xd.xr2__4__par                    1.70112e-268
xd.xr2__2__par                    1.70108e-268
xd.na__par                        1.51403e-172
xd.er__par                        1.70142e-268
xd.xrt__1__par                   -2.05647e-169
xd.nbtop__par                    -2.05647e-169
xd.xr1__1__par                   -2.05647e-169
xd.xrz__3__par                    1.15844e-176
xd.xrz__1__par                    1.15848e-176
xd.xr2__13__par                   1.70134e-268
xd.xr2__11__par                   1.70129e-268
xd.xr2__1__par                    1.70105e-268
xd.xr2__3__par                     1.7011e-268
xd.xr2__5__par                    1.70115e-268
xd.xr2__7__par                     1.7012e-268
xd.xr2__9__par                    1.70125e-268
xd.xr2__15__par                   1.70139e-268
xd.nbg__par                       5.81433e-207
xd.pb__par                        7.62303e-204
xd.nt__par                        1.25596e-177
xd.bias_ok__par                  -1.01882e-159
xd.ibias__par                     1.59575e-167
xd.vdd__par                                  0
xd.vref__par                      1.70103e-268
xd.vss__par                                  0
fod                                          0
bfod#branch                                  0
bfob#branch                                  0
bfof#branch                                  0
brelf#branch                                 0
bef#branch                                   0
bfos#branch                                  0
brr9s#branch                                 0
brels#branch                                 0
bes#branch                                   0
vibd#branch                       2.33873e-180
vsupd#branch                     -9.82291e-172
vibb#branch                       2.33873e-180
vsupb#branch                     -9.82291e-172
vibf#branch                       2.33873e-180
vsupf#branch                     -9.82291e-172
vibs#branch                       2.33873e-180
vsups#branch                     -9.82291e-172
vibst#branch                       8.15781e-07
vsupst#branch                     -1.49535e-06

 Reference value :  0.00000e+00
 Reference value :  2.25203e-06
 Reference value :  2.73339e-06
 Reference value :  8.64522e-06
 Reference value :  3.71059e-05
 Reference value :  4.20099e-05
 Reference value :  9.27637e-05
 Reference value :  1.00640e-04
 Reference value :  1.53680e-04
 Reference value :  1.66231e-04
 Reference value :  1.85315e-04
 Reference value :  2.03809e-04
 Reference value :  4.04880e-04
 Reference value :  4.87749e-04
 Reference value :  5.53548e-04
 Reference value :  5.57535e-04
 Reference value :  5.74371e-04
 Reference value :  6.15445e-04
 Reference value :  6.48321e-04
 Reference value :  6.62184e-04
 Reference value :  7.93668e-04
 Reference value :  9.55001e-04
 Reference value :  1.02928e-03
 Reference value :  1.10355e-03
 Reference value :  1.10567e-03
 Reference value :  1.11003e-03
 Reference value :  1.18751e-03
 Reference value :  1.20099e-03
 Reference value :  1.26751e-03
 Reference value :  1.26951e-03
 Reference value :  1.42372e-03
 Reference value :  1.69972e-03
 Reference value :  1.97172e-03
 Reference value :  2.23972e-03
 Reference value :  2.50772e-03
 Reference value :  2.77972e-03
 Reference value :  3.05172e-03
 Reference value :  3.33172e-03
 Reference value :  3.61572e-03
 Reference value :  3.88772e-03
 Reference value :  4.16372e-03
 Reference value :  4.44372e-03
 Reference value :  4.71572e-03
 Reference value :  4.99972e-03
 Reference value :  5.27572e-03
 Reference value :  5.55172e-03
 Reference value :  5.82372e-03
 Reference value :  6.10372e-03
 Reference value :  6.39172e-03
 Reference value :  6.65972e-03
 Reference value :  6.93172e-03
 Reference value :  7.20372e-03
 Reference value :  7.47972e-03
 Reference value :  7.77972e-03
 Reference value :  8.05572e-03
 Reference value :  8.33172e-03
 Reference value :  8.60372e-03
 Reference value :  8.88372e-03
 Reference value :  9.16372e-03
 Reference value :  9.43572e-03
 Reference value :  9.80372e-03
 Reference value :  1.02677e-02
 Reference value :  1.06677e-02
 Reference value :  1.09357e-02
 Reference value :  1.12157e-02
 Reference value :  1.14917e-02
 Reference value :  1.17717e-02
 Reference value :  1.20397e-02
 Reference value :  1.23077e-02
 Reference value :  1.25837e-02
 Reference value :  1.28637e-02
 Reference value :  1.31437e-02
 Reference value :  1.34757e-02
 Reference value :  1.37917e-02
 Reference value :  1.40677e-02
 Reference value :  1.43437e-02
 Reference value :  1.46157e-02
 Reference value :  1.48877e-02
 Reference value :  1.51597e-02
 Reference value :  1.54357e-02
 Reference value :  1.57197e-02
 Reference value :  1.60197e-02
 Reference value :  1.62997e-02
 Reference value :  1.65877e-02
 Reference value :  1.68677e-02
 Reference value :  1.71357e-02
 Reference value :  1.74317e-02
 Reference value :  1.77037e-02
 Reference value :  1.79797e-02
 Reference value :  1.82597e-02
 Reference value :  1.85317e-02
 Reference value :  1.88197e-02
 Reference value :  1.90877e-02
 Reference value :  1.93637e-02
 Reference value :  1.96437e-02
 Reference value :  1.99197e-02
 Reference value :  2.01997e-02
 Reference value :  2.04837e-02
 Reference value :  2.07517e-02
 Reference value :  2.10237e-02
 Reference value :  2.12917e-02
 Reference value :  2.15717e-02
 Reference value :  2.18477e-02
 Reference value :  2.21237e-02
 Reference value :  2.23957e-02
 Reference value :  2.26757e-02
 Reference value :  2.29517e-02
 Reference value :  2.32237e-02
 Reference value :  2.34957e-02
 Reference value :  2.37717e-02
 Reference value :  2.40517e-02
 Reference value :  2.43237e-02
 Reference value :  2.45957e-02
 Reference value :  2.48637e-02
 Reference value :  2.51357e-02
 Reference value :  2.54117e-02
 Reference value :  2.56877e-02
 Reference value :  2.59597e-02
 Reference value :  2.62397e-02
 Reference value :  2.65077e-02
 Reference value :  2.67797e-02
 Reference value :  2.70557e-02
 Reference value :  2.73317e-02
 Reference value :  2.76077e-02
 Reference value :  2.78757e-02
 Reference value :  2.81637e-02
 Reference value :  2.84397e-02
 Reference value :  2.87157e-02
 Reference value :  2.89877e-02
 Reference value :  2.92637e-02
 Reference value :  2.95397e-02
 Reference value :  2.98157e-02
No. of Data Rows : 8269
vref_op             =  1.18900e+00
vref_st             =  1.18900e+00
ok_st               =  3.30000e+00
vdd_st              =  3.30000e+00
iq_st               =  -1.49535e-06
ib_st               =  8.15781e-07
t_set               =  5.16339e-04
vdd_drop            =  1.15227e+00
t_oks               =  2.12136e-04
err_at_ok           =  1.01006e-01
relv_slow           =  2.89115e+00
err_at_relv         =  1.45368e-01
relv_fast           =  3.30000e+00
okf_at_1v           =  1.29403e-04
errf_end            =  -1.09795e-10
bo_pre              =  1.18900e+00
bo_mid              =  1.18900e+00
bo_dpre             =  1.18900e+00
bo_post             =  1.18900e+00
ok_bo_dip           =  1.40881e-01
t_bo_rec            =  1.26895e-03
t_false_s           =  0.00000e+00 from=  0.00000e+00 to=  3.00000e-02
t_false_f           =  8.66458e-05 from=  0.00000e+00 to=  3.00000e-02
t_false_b           =  2.04878e-04 from=  0.00000e+00 to=  3.00000e-02
t_false_d           =  2.36413e-04 from=  0.00000e+00 to=  3.00000e-02
ok_bo_end           =  3.29997e+00
vdd_bo              =  3.30000e+00
m_vref_op_v = 1.1890050000e+00
m_vref_v = 1.1890050000e+00
m_ok_droop_mv = 1.9999999998e-03
m_iq_por_ua = 1.4953520000e+00
m_ibias_na = 8.1578070000e+02
m_iq_own_ua = 6.7957130000e-01
m_t_settle_us = 1.6338500000e+01
m_err_at_relv_mv = 1.4536810000e+02
m_vdd_ref90_v = 1.1522710000e+00
m_t_bo_recover_us = 1.5895500000e+02
m_t_false_ok_slow_us = 0.0000000000e+00
m_t_false_ok_fast_us = 8.6645790000e+01
m_t_false_ok_brownout_us = 4.4129160000e+02
m_err_at_ok_mv = 1.0100580000e+02
m_t_ok_us = 2.1213600000e+02
m_relv_slow_v = 2.8911460000e+00
m_relv_fast_v = 3.3000000000e+00
m_okf_at_1v_mv = 1.2940290000e-01
m_err_fast_end_mv = -1.097947000e-07
m_bo_shallow_ppm = 0.0000000000e+00
m_bo_deep_ppm = 0.0000000000e+00
m_ok_bo_dip_mv = 1.4088080000e+02
m_ok_bo_end_droop_mv = 2.5000000000e-02
Note: Simulation executed from .control section 

Warning: m=xx on .subckt line will override multiplier m hierarchy!

Note: Starting dynamic gmin stepping
Note: Dynamic gmin stepping completed
