
Note: Compatibility modes selected: hs a


Circuit: * bias-core-designer-check @ bjt_ss_27c_2.97v -- generated by sim/harness, do not edit

Doing analysis at TEMP = 27.000000 and TNOM = 27.000000

Using SPARSE 1.3 as Direct Linear Solver

Initial Transient Solution
--------------------------

Node                                   Voltage
----                                   -------
vddst                                     2.97
nibst                                 0.714194
ibiasst                               0.714194
xst.ks1                                2.02666
xst.ks2                                 1.2809
xst.ks3                                0.71194
xst.ks4                                 0.2945
xst.nkg                            2.01216e-06
xst.pg                                 2.19371
xst.nbg                               0.579284
xst.pb                                 2.19007
xst.nkm                               0.551739
xst.nokl                              0.521187
xst.noko                                1.5975
xst.nokx                           0.000197557
xst.n1                                0.544662
xst.n2                                 0.54176
bias_okst                                 2.97
xst.tok                                1.71668
xst.nt                                 1.71511
xst.na                                0.578883
xst.nbtop                             0.581644
vrefst                                 1.20839
xst.nb                                0.578887
xst.ec                                 0.52497
xst.er                                0.578785
xst.nz                                 0.54176
xst.x47.11                             1.20839
xst.x47.21                             1.16904
xst.xr2__1                             1.16904
xst.xr2__2                             1.12969
xst.x48.11                             1.12969
xst.x48.21                             1.16904
xst.x49.11                             1.12969
xst.x49.21                             1.09034
xst.xr2__3                             1.09034
xst.xr2__4                             1.05099
xst.x50.11                             1.05099
xst.x50.21                             1.09034
xst.x51.11                             1.05099
xst.x51.21                             1.01164
xst.xr2__5                             1.01164
xst.xr2__6                            0.972289
xst.x52.11                            0.972291
xst.x52.21                             1.01164
xst.x53.11                            0.972288
xst.x53.21                            0.932941
xst.xr2__7                            0.932939
xst.xr2__8                            0.893588
xst.x54.11                             0.89359
xst.x54.21                            0.932937
xst.x55.11                            0.893587
xst.x55.21                             0.85424
xst.xr2__9                            0.854238
xst.xr2__10                           0.814888
xst.x56.11                            0.814889
xst.x56.21                            0.854236
xst.x57.11                            0.814886
xst.x57.21                            0.775539
xst.xr2__11                           0.775537
xst.xr2__12                           0.736187
xst.x58.11                            0.736188
xst.x58.21                            0.775535
xst.x59.11                            0.736185
xst.x59.21                            0.696838
xst.xr2__13                           0.696836
xst.xr2__14                           0.657486
xst.x60.11                            0.657487
xst.x60.21                            0.696835
xst.x61.11                            0.657484
xst.x61.21                            0.618137
xst.xr2__15                           0.618135
xst.x62.11                            0.578787
xst.x62.21                            0.618134
xst.x63.11                             0.54176
xst.x63.21                             0.54176
xst.xrz__1                             0.54176
xst.xrz__2                             0.54176
xst.x64.11                             0.54176
xst.x64.21                             0.54176
xst.x65.11                             0.54176
xst.x65.21                             0.54176
xst.xrz__3                             0.54176
xst.x66.11                             0.54176
xst.x66.21                             0.54176
xst.x67.11                            0.578886
xst.x67.21                            0.551931
xst.xr1__1                            0.551929
xst.x68.11                            0.524972
xst.x68.21                            0.551927
xst.x69.11                            0.581643
xst.x69.21                            0.580268
xst.xrt__1                            0.580266
xst.x70.11                            0.578889
xst.x70.21                            0.580264
xst.n1__par                           0.544662
xst.n2__par                            0.54176
xst.nkm__par                          0.551739
xst.tok__par                           1.71668
xst.noko__par                           1.5975
xst.nokl__par                         0.521187
xst.nokx__par                      0.000197557
xst.ks1__par                           2.02666
xst.ks2__par                            1.2809
xst.ks3__par                           0.71194
xst.ks4__par                            0.2945
xst.nkg__par                       2.01216e-06
xst.nb__par                           0.578887
xst.ec__par                            0.52497
xst.nz__par                            0.54176
xst.xrz__2__par                        0.54176
xst.xr2__14__par                      0.657486
xst.xr2__12__par                      0.736187
xst.pg__par                            2.19371
xst.xr2__10__par                      0.814888
xst.xr2__8__par                       0.893588
xst.xr2__6__par                       0.972289
xst.xr2__4__par                        1.05099
xst.xr2__2__par                        1.12969
xst.na__par                           0.578883
xst.er__par                           0.578785
xst.xrt__1__par                       0.580266
xst.nbtop__par                        0.581644
xst.xr1__1__par                       0.551929
xst.xrz__3__par                        0.54176
xst.xrz__1__par                        0.54176
xst.xr2__13__par                      0.696836
xst.xr2__11__par                      0.775537
xst.xr2__1__par                        1.16904
xst.xr2__3__par                        1.09034
xst.xr2__5__par                        1.01164
xst.xr2__7__par                       0.932939
xst.xr2__9__par                       0.854238
xst.xr2__15__par                      0.618135
xst.nbg__par                          0.579284
xst.pb__par                            2.19007
xst.nt__par                            1.71511
xst.bias_ok__par                          2.97
xst.ibias__par                        0.714194
xst.vdd__par                              2.97
xst.vref__par                          1.20839
xst.vss__par                                 0
vdds                                         0
nibs                                         0
ibiass                                       0
xs.ks1                                       0
xs.ks2                                       0
xs.ks3                                       0
xs.ks4                                       0
xs.nkg                                       0
xs.pg                                        0
xs.nbg                                       0
xs.pb                                        0
xs.nkm                                       0
xs.nokl                                      0
xs.noko                                      0
xs.nokx                                      0
xs.n1                                        0
xs.n2                                        0
bias_oks                                     0
xs.tok                                       0
xs.nt                                        0
xs.na                                        0
xs.nbtop                                     0
vrefs                                        0
xs.nb                                        0
xs.ec                                        0
xs.er                                        0
xs.nz                                        0
xs.x47.11                                    0
xs.x47.21                                    0
xs.xr2__1                                    0
xs.xr2__2                                    0
xs.x48.11                                    0
xs.x48.21                                    0
xs.x49.11                                    0
xs.x49.21                                    0
xs.xr2__3                                    0
xs.xr2__4                                    0
xs.x50.11                                    0
xs.x50.21                                    0
xs.x51.11                                    0
xs.x51.21                                    0
xs.xr2__5                                    0
xs.xr2__6                                    0
xs.x52.11                                    0
xs.x52.21                                    0
xs.x53.11                                    0
xs.x53.21                                    0
xs.xr2__7                                    0
xs.xr2__8                                    0
xs.x54.11                                    0
xs.x54.21                                    0
xs.x55.11                                    0
xs.x55.21                                    0
xs.xr2__9                                    0
xs.xr2__10                                   0
xs.x56.11                                    0
xs.x56.21                                    0
xs.x57.11                                    0
xs.x57.21                                    0
xs.xr2__11                                   0
xs.xr2__12                                   0
xs.x58.11                                    0
xs.x58.21                                    0
xs.x59.11                                    0
xs.x59.21                                    0
xs.xr2__13                                   0
xs.xr2__14                                   0
xs.x60.11                                    0
xs.x60.21                                    0
xs.x61.11                                    0
xs.x61.21                                    0
xs.xr2__15                                   0
xs.x62.11                                    0
xs.x62.21                                    0
xs.x63.11                                    0
xs.x63.21                                    0
xs.xrz__1                                    0
xs.xrz__2                                    0
xs.x64.11                                    0
xs.x64.21                                    0
xs.x65.11                                    0
xs.x65.21                                    0
xs.xrz__3                                    0
xs.x66.11                                    0
xs.x66.21                                    0
xs.x67.11                                    0
xs.x67.21                                    0
xs.xr1__1                                    0
xs.x68.11                                    0
xs.x68.21                                    0
xs.x69.11                                    0
xs.x69.21                                    0
xs.xrt__1                                    0
xs.x70.11                                    0
xs.x70.21                                    0
xs.n1__par                                   0
xs.n2__par                                   0
xs.nkm__par                                  0
xs.tok__par                                  0
xs.noko__par                                 0
xs.nokl__par                                 0
xs.nokx__par                                 0
xs.ks1__par                                  0
xs.ks2__par                                  0
xs.ks3__par                                  0
xs.ks4__par                                  0
xs.nkg__par                                  0
xs.nb__par                                   0
xs.ec__par                                   0
xs.nz__par                                   0
xs.xrz__2__par                               0
xs.xr2__14__par                              0
xs.xr2__12__par                              0
xs.pg__par                                   0
xs.xr2__10__par                              0
xs.xr2__8__par                               0
xs.xr2__6__par                               0
xs.xr2__4__par                               0
xs.xr2__2__par                               0
xs.na__par                                   0
xs.er__par                                   0
xs.xrt__1__par                               0
xs.nbtop__par                                0
xs.xr1__1__par                               0
xs.xrz__3__par                               0
xs.xrz__1__par                               0
xs.xr2__13__par                              0
xs.xr2__11__par                              0
xs.xr2__1__par                               0
xs.xr2__3__par                               0
xs.xr2__5__par                               0
xs.xr2__7__par                               0
xs.xr2__9__par                               0
xs.xr2__15__par                              0
xs.nbg__par                                  0
xs.pb__par                                   0
xs.nt__par                                   0
xs.bias_ok__par                              0
xs.ibias__par                                0
xs.vdd__par                                  0
xs.vref__par                                 0
xs.vss__par                                  0
es                                     1.20839
rels                                        -1
rr9s                                  -1.08755
fos                                          0
vddf                                         0
nibf                                         0
ibiasf                                       0
xf.ks1                                       0
xf.ks2                                       0
xf.ks3                                       0
xf.ks4                                       0
xf.nkg                                       0
xf.pg                                        0
xf.nbg                                       0
xf.pb                                        0
xf.nkm                                       0
xf.nokl                                      0
xf.noko                                      0
xf.nokx                                      0
xf.n1                                        0
xf.n2                                        0
bias_okf                                     0
xf.tok                                       0
xf.nt                                        0
xf.na                                        0
xf.nbtop                                     0
vreff                                        0
xf.nb                                        0
xf.ec                                        0
xf.er                                        0
xf.nz                                        0
xf.x47.11                                    0
xf.x47.21                                    0
xf.xr2__1                                    0
xf.xr2__2                                    0
xf.x48.11                                    0
xf.x48.21                                    0
xf.x49.11                                    0
xf.x49.21                                    0
xf.xr2__3                                    0
xf.xr2__4                                    0
xf.x50.11                                    0
xf.x50.21                                    0
xf.x51.11                                    0
xf.x51.21                                    0
xf.xr2__5                                    0
xf.xr2__6                                    0
xf.x52.11                                    0
xf.x52.21                                    0
xf.x53.11                                    0
xf.x53.21                                    0
xf.xr2__7                                    0
xf.xr2__8                                    0
xf.x54.11                                    0
xf.x54.21                                    0
xf.x55.11                                    0
xf.x55.21                                    0
xf.xr2__9                                    0
xf.xr2__10                                   0
xf.x56.11                                    0
xf.x56.21                                    0
xf.x57.11                                    0
xf.x57.21                                    0
xf.xr2__11                                   0
xf.xr2__12                                   0
xf.x58.11                                    0
xf.x58.21                                    0
xf.x59.11                                    0
xf.x59.21                                    0
xf.xr2__13                                   0
xf.xr2__14                                   0
xf.x60.11                                    0
xf.x60.21                                    0
xf.x61.11                                    0
xf.x61.21                                    0
xf.xr2__15                                   0
xf.x62.11                                    0
xf.x62.21                                    0
xf.x63.11                                    0
xf.x63.21                                    0
xf.xrz__1                                    0
xf.xrz__2                                    0
xf.x64.11                                    0
xf.x64.21                                    0
xf.x65.11                                    0
xf.x65.21                                    0
xf.xrz__3                                    0
xf.x66.11                                    0
xf.x66.21                                    0
xf.x67.11                                    0
xf.x67.21                                    0
xf.xr1__1                                    0
xf.x68.11                                    0
xf.x68.21                                    0
xf.x69.11                                    0
xf.x69.21                                    0
xf.xrt__1                                    0
xf.x70.11                                    0
xf.x70.21                                    0
xf.n1__par                                   0
xf.n2__par                                   0
xf.nkm__par                                  0
xf.tok__par                                  0
xf.noko__par                                 0
xf.nokl__par                                 0
xf.nokx__par                                 0
xf.ks1__par                                  0
xf.ks2__par                                  0
xf.ks3__par                                  0
xf.ks4__par                                  0
xf.nkg__par                                  0
xf.nb__par                                   0
xf.ec__par                                   0
xf.nz__par                                   0
xf.xrz__2__par                               0
xf.xr2__14__par                              0
xf.xr2__12__par                              0
xf.pg__par                                   0
xf.xr2__10__par                              0
xf.xr2__8__par                               0
xf.xr2__6__par                               0
xf.xr2__4__par                               0
xf.xr2__2__par                               0
xf.na__par                                   0
xf.er__par                                   0
xf.xrt__1__par                               0
xf.nbtop__par                                0
xf.xr1__1__par                               0
xf.xrz__3__par                               0
xf.xrz__1__par                               0
xf.xr2__13__par                              0
xf.xr2__11__par                              0
xf.xr2__1__par                               0
xf.xr2__3__par                               0
xf.xr2__5__par                               0
xf.xr2__7__par                               0
xf.xr2__9__par                               0
xf.xr2__15__par                              0
xf.nbg__par                                  0
xf.pb__par                                   0
xf.nt__par                                   0
xf.bias_ok__par                              0
xf.ibias__par                                0
xf.vdd__par                                  0
xf.vref__par                                 0
xf.vss__par                                  0
ef                                     1.20839
relf                                        -1
fof                                          0
vddb                                         0
nibb                                         0
ibiasb                                       0
xb.ks1                                       0
xb.ks2                                       0
xb.ks3                                       0
xb.ks4                                       0
xb.nkg                                       0
xb.pg                                        0
xb.nbg                                       0
xb.pb                                        0
xb.nkm                                       0
xb.nokl                                      0
xb.noko                                      0
xb.nokx                                      0
xb.n1                                        0
xb.n2                                        0
bias_okb                                     0
xb.tok                                       0
xb.nt                                        0
xb.na                                        0
xb.nbtop                                     0
vrefb                                        0
xb.nb                                        0
xb.ec                                        0
xb.er                                        0
xb.nz                                        0
xb.x47.11                                    0
xb.x47.21                                    0
xb.xr2__1                                    0
xb.xr2__2                                    0
xb.x48.11                                    0
xb.x48.21                                    0
xb.x49.11                                    0
xb.x49.21                                    0
xb.xr2__3                                    0
xb.xr2__4                                    0
xb.x50.11                                    0
xb.x50.21                                    0
xb.x51.11                                    0
xb.x51.21                                    0
xb.xr2__5                                    0
xb.xr2__6                                    0
xb.x52.11                                    0
xb.x52.21                                    0
xb.x53.11                                    0
xb.x53.21                                    0
xb.xr2__7                                    0
xb.xr2__8                                    0
xb.x54.11                                    0
xb.x54.21                                    0
xb.x55.11                                    0
xb.x55.21                                    0
xb.xr2__9                                    0
xb.xr2__10                                   0
xb.x56.11                                    0
xb.x56.21                                    0
xb.x57.11                                    0
xb.x57.21                                    0
xb.xr2__11                                   0
xb.xr2__12                                   0
xb.x58.11                                    0
xb.x58.21                                    0
xb.x59.11                                    0
xb.x59.21                                    0
xb.xr2__13                                   0
xb.xr2__14                                   0
xb.x60.11                                    0
xb.x60.21                                    0
xb.x61.11                                    0
xb.x61.21                                    0
xb.xr2__15                                   0
xb.x62.11                                    0
xb.x62.21                                    0
xb.x63.11                                    0
xb.x63.21                                    0
xb.xrz__1                                    0
xb.xrz__2                                    0
xb.x64.11                                    0
xb.x64.21                                    0
xb.x65.11                                    0
xb.x65.21                                    0
xb.xrz__3                                    0
xb.x66.11                                    0
xb.x66.21                                    0
xb.x67.11                                    0
xb.x67.21                                    0
xb.xr1__1                                    0
xb.x68.11                                    0
xb.x68.21                                    0
xb.x69.11                                    0
xb.x69.21                                    0
xb.xrt__1                                    0
xb.x70.11                                    0
xb.x70.21                                    0
xb.n1__par                                   0
xb.n2__par                                   0
xb.nkm__par                                  0
xb.tok__par                                  0
xb.noko__par                                 0
xb.nokl__par                                 0
xb.nokx__par                                 0
xb.ks1__par                                  0
xb.ks2__par                                  0
xb.ks3__par                                  0
xb.ks4__par                                  0
xb.nkg__par                                  0
xb.nb__par                                   0
xb.ec__par                                   0
xb.nz__par                                   0
xb.xrz__2__par                               0
xb.xr2__14__par                              0
xb.xr2__12__par                              0
xb.pg__par                                   0
xb.xr2__10__par                              0
xb.xr2__8__par                               0
xb.xr2__6__par                               0
xb.xr2__4__par                               0
xb.xr2__2__par                               0
xb.na__par                                   0
xb.er__par                                   0
xb.xrt__1__par                               0
xb.nbtop__par                                0
xb.xr1__1__par                               0
xb.xrz__3__par                               0
xb.xrz__1__par                               0
xb.xr2__13__par                              0
xb.xr2__11__par                              0
xb.xr2__1__par                               0
xb.xr2__3__par                               0
xb.xr2__5__par                               0
xb.xr2__7__par                               0
xb.xr2__9__par                               0
xb.xr2__15__par                              0
xb.nbg__par                                  0
xb.pb__par                                   0
xb.nt__par                                   0
xb.bias_ok__par                              0
xb.ibias__par                                0
xb.vdd__par                                  0
xb.vref__par                                 0
xb.vss__par                                  0
fob                                          0
vddd                                         0
nibd                                         0
ibiasd                                       0
xd.ks1                                       0
xd.ks2                                       0
xd.ks3                                       0
xd.ks4                                       0
xd.nkg                                       0
xd.pg                                        0
xd.nbg                                       0
xd.pb                                        0
xd.nkm                                       0
xd.nokl                                      0
xd.noko                                      0
xd.nokx                                      0
xd.n1                                        0
xd.n2                                        0
bias_okd                                     0
xd.tok                                       0
xd.nt                                        0
xd.na                                        0
xd.nbtop                                     0
vrefd                                        0
xd.nb                                        0
xd.ec                                        0
xd.er                                        0
xd.nz                                        0
xd.x47.11                                    0
xd.x47.21                                    0
xd.xr2__1                                    0
xd.xr2__2                                    0
xd.x48.11                                    0
xd.x48.21                                    0
xd.x49.11                                    0
xd.x49.21                                    0
xd.xr2__3                                    0
xd.xr2__4                                    0
xd.x50.11                                    0
xd.x50.21                                    0
xd.x51.11                                    0
xd.x51.21                                    0
xd.xr2__5                                    0
xd.xr2__6                                    0
xd.x52.11                                    0
xd.x52.21                                    0
xd.x53.11                                    0
xd.x53.21                                    0
xd.xr2__7                                    0
xd.xr2__8                                    0
xd.x54.11                                    0
xd.x54.21                                    0
xd.x55.11                                    0
xd.x55.21                                    0
xd.xr2__9                                    0
xd.xr2__10                                   0
xd.x56.11                                    0
xd.x56.21                                    0
xd.x57.11                                    0
xd.x57.21                                    0
xd.xr2__11                                   0
xd.xr2__12                                   0
xd.x58.11                                    0
xd.x58.21                                    0
xd.x59.11                                    0
xd.x59.21                                    0
xd.xr2__13                                   0
xd.xr2__14                                   0
xd.x60.11                                    0
xd.x60.21                                    0
xd.x61.11                                    0
xd.x61.21                                    0
xd.xr2__15                                   0
xd.x62.11                                    0
xd.x62.21                                    0
xd.x63.11                                    0
xd.x63.21                                    0
xd.xrz__1                                    0
xd.xrz__2                                    0
xd.x64.11                                    0
xd.x64.21                                    0
xd.x65.11                                    0
xd.x65.21                                    0
xd.xrz__3                                    0
xd.x66.11                                    0
xd.x66.21                                    0
xd.x67.11                                    0
xd.x67.21                                    0
xd.xr1__1                                    0
xd.x68.11                                    0
xd.x68.21                                    0
xd.x69.11                                    0
xd.x69.21                                    0
xd.xrt__1                                    0
xd.x70.11                                    0
xd.x70.21                                    0
xd.n1__par                                   0
xd.n2__par                                   0
xd.nkm__par                                  0
xd.tok__par                                  0
xd.noko__par                                 0
xd.nokl__par                                 0
xd.nokx__par                                 0
xd.ks1__par                                  0
xd.ks2__par                                  0
xd.ks3__par                                  0
xd.ks4__par                                  0
xd.nkg__par                                  0
xd.nb__par                                   0
xd.ec__par                                   0
xd.nz__par                                   0
xd.xrz__2__par                               0
xd.xr2__14__par                              0
xd.xr2__12__par                              0
xd.pg__par                                   0
xd.xr2__10__par                              0
xd.xr2__8__par                               0
xd.xr2__6__par                               0
xd.xr2__4__par                               0
xd.xr2__2__par                               0
xd.na__par                                   0
xd.er__par                                   0
xd.xrt__1__par                               0
xd.nbtop__par                                0
xd.xr1__1__par                               0
xd.xrz__3__par                               0
xd.xrz__1__par                               0
xd.xr2__13__par                              0
xd.xr2__11__par                              0
xd.xr2__1__par                               0
xd.xr2__3__par                               0
xd.xr2__5__par                               0
xd.xr2__7__par                               0
xd.xr2__9__par                               0
xd.xr2__15__par                              0
xd.nbg__par                                  0
xd.pb__par                                   0
xd.nt__par                                   0
xd.bias_ok__par                              0
xd.ibias__par                                0
xd.vdd__par                                  0
xd.vref__par                                 0
xd.vss__par                                  0
fod                                          0
bfod#branch                                  0
bfob#branch                                  0
bfof#branch                                  0
brelf#branch                                 0
bef#branch                                   0
bfos#branch                                  0
brr9s#branch                                 0
brels#branch                                 0
bes#branch                                   0
vibd#branch                                  0
vsupd#branch                                 0
vibb#branch                                  0
vsupb#branch                                 0
vibf#branch                                  0
vsupf#branch                                 0
vibs#branch                                  0
vsups#branch                                 0
vibst#branch                        5.3716e-07
vsupst#branch                      -9.8196e-07

 Reference value :  0.00000e+00
 Reference value :  2.29961e-06
 Reference value :  3.08075e-06
 Reference value :  3.92915e-06
 Reference value :  3.18156e-05
 Reference value :  4.87251e-05
 Reference value :  5.47100e-05
 Reference value :  1.11637e-04
 Reference value :  2.19560e-04
 Reference value :  2.46223e-04
 Reference value :  3.13548e-04
 Reference value :  3.37391e-04
 Reference value :  4.06532e-04
 Reference value :  4.45274e-04
 Reference value :  4.50844e-04
 Reference value :  5.51879e-04
 Reference value :  5.59021e-04
 Reference value :  6.12519e-04
 Reference value :  8.84519e-04
 Reference value :  9.60362e-04
 Reference value :  1.10248e-03
 Reference value :  1.10691e-03
 Reference value :  1.11036e-03
 Reference value :  1.21067e-03
 Reference value :  1.22596e-03
 Reference value :  1.24490e-03
 Reference value :  1.45764e-03
 Reference value :  1.90164e-03
 Reference value :  2.25364e-03
 Reference value :  2.52964e-03
 Reference value :  2.79764e-03
 Reference value :  3.07364e-03
 Reference value :  3.35764e-03
 Reference value :  3.62964e-03
 Reference value :  3.89764e-03
 Reference value :  4.17764e-03
 Reference value :  4.45364e-03
 Reference value :  4.73364e-03
 Reference value :  5.10164e-03
 Reference value :  5.38964e-03
 Reference value :  5.66164e-03
 Reference value :  5.92964e-03
 Reference value :  6.20164e-03
 Reference value :  6.47364e-03
 Reference value :  6.74564e-03
 Reference value :  7.01364e-03
 Reference value :  7.30164e-03
 Reference value :  7.58964e-03
 Reference value :  7.86964e-03
 Reference value :  8.15364e-03
 Reference value :  8.43764e-03
 Reference value :  8.70564e-03
 Reference value :  8.97364e-03
 Reference value :  9.24564e-03
 Reference value :  9.51764e-03
 Reference value :  9.79764e-03
 Reference value :  1.00896e-02
 Reference value :  1.03616e-02
 Reference value :  1.06296e-02
 Reference value :  1.09056e-02
 Reference value :  1.11776e-02
 Reference value :  1.14536e-02
 Reference value :  1.17296e-02
 Reference value :  1.20096e-02
 Reference value :  1.22856e-02
 Reference value :  1.25536e-02
 Reference value :  1.28296e-02
 Reference value :  1.31056e-02
 Reference value :  1.33776e-02
 Reference value :  1.36456e-02
 Reference value :  1.39136e-02
 Reference value :  1.41936e-02
 Reference value :  1.44656e-02
 Reference value :  1.47496e-02
 Reference value :  1.50136e-02
 Reference value :  1.52976e-02
 Reference value :  1.55736e-02
 Reference value :  1.58496e-02
 Reference value :  1.61256e-02
 Reference value :  1.63976e-02
 Reference value :  1.66816e-02
 Reference value :  1.69576e-02
 Reference value :  1.72256e-02
 Reference value :  1.74976e-02
 Reference value :  1.77776e-02
 Reference value :  1.80536e-02
 Reference value :  1.83256e-02
 Reference value :  1.86016e-02
 Reference value :  1.88736e-02
 Reference value :  1.91496e-02
 Reference value :  1.94256e-02
 Reference value :  1.97016e-02
 Reference value :  1.99776e-02
 Reference value :  2.02496e-02
 Reference value :  2.05216e-02
 Reference value :  2.08016e-02
 Reference value :  2.10776e-02
 Reference value :  2.13536e-02
 Reference value :  2.16256e-02
 Reference value :  2.19016e-02
 Reference value :  2.21776e-02
 Reference value :  2.24616e-02
 Reference value :  2.27336e-02
 Reference value :  2.30016e-02
 Reference value :  2.32856e-02
 Reference value :  2.35696e-02
 Reference value :  2.38456e-02
 Reference value :  2.41216e-02
 Reference value :  2.44016e-02
 Reference value :  2.46816e-02
 Reference value :  2.49536e-02
 Reference value :  2.52256e-02
 Reference value :  2.54976e-02
 Reference value :  2.57696e-02
 Reference value :  2.60376e-02
 Reference value :  2.63136e-02
 Reference value :  2.65776e-02
 Reference value :  2.68496e-02
 Reference value :  2.71296e-02
 Reference value :  2.74016e-02
 Reference value :  2.76776e-02
 Reference value :  2.79536e-02
 Reference value :  2.82296e-02
 Reference value :  2.85136e-02
 Reference value :  2.87856e-02
 Reference value :  2.90576e-02
 Reference value :  2.93376e-02
 Reference value :  2.96296e-02
 Reference value :  2.99416e-02
No. of Data Rows : 8139
vref_op             =  1.20839e+00
vref_st             =  1.20839e+00
ok_st               =  2.97000e+00
vdd_st              =  2.97000e+00
iq_st               =  -9.81960e-07
ib_st               =  5.37160e-07
t_set               =  5.18540e-04
vdd_drop            =  1.41616e+00
t_oks               =  2.46422e-04
err_at_ok           =  1.37131e-01
relv_slow           =  2.92932e+00
err_at_relv         =  1.43598e-01
relv_fast           =  2.97000e+00
okf_at_1v           =  2.45980e-03
errf_end            =  3.67151e-10
bo_pre              =  1.20839e+00
bo_mid              =  1.20839e+00
bo_dpre             =  1.20839e+00
bo_post             =  1.20839e+00
ok_bo_dip           =  2.98319e-01
t_bo_rec            =  1.24504e-03
t_false_s           =  0.00000e+00 from=  0.00000e+00 to=  3.00000e-02
t_false_f           =  3.24424e-04 from=  0.00000e+00 to=  3.00000e-02
t_false_b           =  1.96136e-04 from=  0.00000e+00 to=  3.00000e-02
t_false_d           =  2.54528e-04 from=  0.00000e+00 to=  3.00000e-02
ok_bo_end           =  2.97000e+00
vdd_bo              =  2.97000e+00
m_vref_op_v = 1.2083920000e+00
m_vref_v = 1.2083920000e+00
m_ok_droop_mv = 0.0000000000e+00
m_iq_por_ua = 9.8196010000e-01
m_ibias_na = 5.3716020000e+02
m_iq_own_ua = 4.4479990000e-01
m_t_settle_us = 1.8539500000e+01
m_err_at_relv_mv = 1.4359830000e+02
m_vdd_ref90_v = 1.4161570000e+00
m_t_bo_recover_us = 1.3504300000e+02
m_t_false_ok_slow_us = 0.0000000000e+00
m_t_false_ok_fast_us = 3.2442390000e+02
m_t_false_ok_brownout_us = 4.5066420000e+02
m_err_at_ok_mv = 1.3713050000e+02
m_t_ok_us = 2.4642210000e+02
m_relv_slow_v = 2.9293170000e+00
m_relv_fast_v = 2.9700000000e+00
m_okf_at_1v_mv = 2.4598040000e+00
m_err_fast_end_mv = 3.6715090000e-07
m_bo_shallow_ppm = 0.0000000000e+00
m_bo_deep_ppm = 0.0000000000e+00
m_ok_bo_dip_mv = 2.9831910000e+02
m_ok_bo_end_droop_mv = 9.9999999970e-04
Note: Simulation executed from .control section 

Warning: m=xx on .subckt line will override multiplier m hierarchy!

Note: Starting dynamic gmin stepping
Note: Dynamic gmin stepping completed
