
Note: Compatibility modes selected: hs a


Circuit: * bias-core-designer-check @ ff_-40c_3.30v -- generated by sim/harness, do not edit

Doing analysis at TEMP = -40.000000 and TNOM = 27.000000

Using SPARSE 1.3 as Direct Linear Solver

Initial Transient Solution
--------------------------

Node                                   Voltage
----                                   -------
vddst                                      3.3
nibst                                  0.66588
ibiasst                                0.66588
xst.ks1                                2.30282
xst.ks2                                1.48993
xst.ks3                               0.847339
xst.ks4                               0.357625
xst.nkg                            4.26356e-06
xst.pg                                 2.57662
xst.nbg                               0.548582
xst.pb                                 2.57207
xst.nkm                               0.527832
xst.nokl                              0.503022
xst.noko                               1.56187
xst.nokx                            0.00011584
xst.n1                                0.518213
xst.n2                                0.513734
bias_okst                                  3.3
xst.tok                                1.85073
xst.nt                                 1.84938
xst.na                                0.710275
xst.nbtop                             0.712425
vrefst                                 1.19916
xst.nb                                0.710282
xst.ec                                0.668425
xst.er                                0.710207
xst.nz                                0.513734
xst.x47.11                             1.19916
xst.x47.21                              1.1686
xst.xr2__1                              1.1686
xst.xr2__2                             1.13804
xst.x48.11                             1.13804
xst.x48.21                              1.1686
xst.x49.11                             1.13804
xst.x49.21                             1.10748
xst.xr2__3                             1.10748
xst.xr2__4                             1.07692
xst.x50.11                             1.07692
xst.x50.21                             1.10748
xst.x51.11                             1.07692
xst.x51.21                             1.04637
xst.xr2__5                             1.04636
xst.xr2__6                              1.0158
xst.x52.11                             1.01581
xst.x52.21                             1.04636
xst.x53.11                              1.0158
xst.x53.21                            0.985246
xst.xr2__7                            0.985244
xst.xr2__8                            0.954684
xst.x54.11                            0.954686
xst.x54.21                            0.985242
xst.x55.11                            0.954682
xst.x55.21                            0.924127
xst.xr2__9                            0.924125
xst.xr2__10                           0.893565
xst.x56.11                            0.893567
xst.x56.21                            0.924123
xst.x57.11                            0.893563
xst.x57.21                            0.863007
xst.xr2__11                           0.863005
xst.xr2__12                           0.832446
xst.x58.11                            0.832448
xst.x58.21                            0.863003
xst.x59.11                            0.832444
xst.x59.21                            0.801888
xst.xr2__13                           0.801886
xst.xr2__14                           0.771326
xst.x60.11                            0.771328
xst.x60.21                            0.801884
xst.x61.11                            0.771324
xst.x61.21                            0.740769
xst.xr2__15                           0.740767
xst.x62.11                            0.710209
xst.x62.21                            0.740765
xst.x63.11                            0.513734
xst.x63.21                            0.513734
xst.xrz__1                            0.513734
xst.xrz__2                            0.513734
xst.x64.11                            0.513734
xst.x64.21                            0.513734
xst.x65.11                            0.513734
xst.x65.21                            0.513734
xst.xrz__3                            0.513734
xst.x66.11                            0.513734
xst.x66.21                            0.513734
xst.x67.11                             0.71028
xst.x67.21                            0.689356
xst.xr1__1                            0.689354
xst.x68.11                            0.668427
xst.x68.21                            0.689352
xst.x69.11                            0.712423
xst.x69.21                            0.711356
xst.xrt__1                            0.711354
xst.x70.11                            0.710284
xst.x70.21                            0.711352
xst.n1__par                           0.518213
xst.n2__par                           0.513734
xst.nkm__par                          0.527832
xst.tok__par                           1.85073
xst.noko__par                          1.56187
xst.nokl__par                         0.503022
xst.nokx__par                       0.00011584
xst.ks1__par                           2.30282
xst.ks2__par                           1.48993
xst.ks3__par                          0.847339
xst.ks4__par                          0.357625
xst.nkg__par                       4.26356e-06
xst.nb__par                           0.710282
xst.ec__par                           0.668425
xst.nz__par                           0.513734
xst.xrz__2__par                       0.513734
xst.xr2__14__par                      0.771326
xst.xr2__12__par                      0.832446
xst.pg__par                            2.57662
xst.xr2__10__par                      0.893565
xst.xr2__8__par                       0.954684
xst.xr2__6__par                         1.0158
xst.xr2__4__par                        1.07692
xst.xr2__2__par                        1.13804
xst.na__par                           0.710275
xst.er__par                           0.710207
xst.xrt__1__par                       0.711354
xst.nbtop__par                        0.712425
xst.xr1__1__par                       0.689354
xst.xrz__3__par                       0.513734
xst.xrz__1__par                       0.513734
xst.xr2__13__par                      0.801886
xst.xr2__11__par                      0.863005
xst.xr2__1__par                         1.1686
xst.xr2__3__par                        1.10748
xst.xr2__5__par                        1.04636
xst.xr2__7__par                       0.985244
xst.xr2__9__par                       0.924125
xst.xr2__15__par                      0.740767
xst.nbg__par                          0.548582
xst.pb__par                            2.57207
xst.nt__par                            1.84938
xst.bias_ok__par                           3.3
xst.ibias__par                         0.66588
xst.vdd__par                               3.3
xst.vref__par                          1.19916
xst.vss__par                                 0
vdds                                         0
nibs                                         0
ibiass                                       0
xs.ks1                             7.65072e-21
xs.ks2                            -7.65072e-21
xs.ks3                             7.65072e-21
xs.ks4                            -7.65072e-21
xs.nkg                             3.82535e-21
xs.pg                                        0
xs.nbg                             1.27864e-20
xs.pb                             -1.27864e-20
xs.nkm                             1.27864e-20
xs.nokl                            1.27864e-20
xs.noko                            8.52428e-21
xs.nokx                            -1.2786e-20
xs.n1                                        0
xs.n2                                        0
bias_oks                                     0
xs.tok                             4.73169e-30
xs.nt                                        0
xs.na                                        0
xs.nbtop                                     0
vrefs                                        0
xs.nb                                        0
xs.ec                                        0
xs.er                                        0
xs.nz                                        0
xs.x47.11                                    0
xs.x47.21                                    0
xs.xr2__1                                    0
xs.xr2__2                                    0
xs.x48.11                                    0
xs.x48.21                                    0
xs.x49.11                                    0
xs.x49.21                                    0
xs.xr2__3                                    0
xs.xr2__4                                    0
xs.x50.11                                    0
xs.x50.21                                    0
xs.x51.11                                    0
xs.x51.21                                    0
xs.xr2__5                                    0
xs.xr2__6                                    0
xs.x52.11                                    0
xs.x52.21                                    0
xs.x53.11                                    0
xs.x53.21                                    0
xs.xr2__7                                    0
xs.xr2__8                                    0
xs.x54.11                                    0
xs.x54.21                                    0
xs.x55.11                                    0
xs.x55.21                                    0
xs.xr2__9                                    0
xs.xr2__10                                   0
xs.x56.11                                    0
xs.x56.21                                    0
xs.x57.11                                    0
xs.x57.21                                    0
xs.xr2__11                                   0
xs.xr2__12                                   0
xs.x58.11                                    0
xs.x58.21                                    0
xs.x59.11                                    0
xs.x59.21                                    0
xs.xr2__13                                   0
xs.xr2__14                                   0
xs.x60.11                                    0
xs.x60.21                                    0
xs.x61.11                                    0
xs.x61.21                                    0
xs.xr2__15                                   0
xs.x62.11                                    0
xs.x62.21                                    0
xs.x63.11                                    0
xs.x63.21                                    0
xs.xrz__1                                    0
xs.xrz__2                                    0
xs.x64.11                                    0
xs.x64.21                                    0
xs.x65.11                                    0
xs.x65.21                                    0
xs.xrz__3                                    0
xs.x66.11                                    0
xs.x66.21                                    0
xs.x67.11                                    0
xs.x67.21                                    0
xs.xr1__1                                    0
xs.x68.11                                    0
xs.x68.21                                    0
xs.x69.11                                    0
xs.x69.21                                    0
xs.xrt__1                                    0
xs.x70.11                                    0
xs.x70.21                                    0
xs.n1__par                                   0
xs.n2__par                                   0
xs.nkm__par                        1.27864e-20
xs.tok__par                        4.73169e-30
xs.noko__par                       8.52428e-21
xs.nokl__par                       1.27864e-20
xs.nokx__par                       -1.2786e-20
xs.ks1__par                        7.65072e-21
xs.ks2__par                       -7.65072e-21
xs.ks3__par                        7.65072e-21
xs.ks4__par                       -7.65072e-21
xs.nkg__par                        3.82535e-21
xs.nb__par                                   0
xs.ec__par                                   0
xs.nz__par                                   0
xs.xrz__2__par                               0
xs.xr2__14__par                              0
xs.xr2__12__par                              0
xs.pg__par                                   0
xs.xr2__10__par                              0
xs.xr2__8__par                               0
xs.xr2__6__par                               0
xs.xr2__4__par                               0
xs.xr2__2__par                               0
xs.na__par                                   0
xs.er__par                                   0
xs.xrt__1__par                               0
xs.nbtop__par                                0
xs.xr1__1__par                               0
xs.xrz__3__par                               0
xs.xrz__1__par                               0
xs.xr2__13__par                              0
xs.xr2__11__par                              0
xs.xr2__1__par                               0
xs.xr2__3__par                               0
xs.xr2__5__par                               0
xs.xr2__7__par                               0
xs.xr2__9__par                               0
xs.xr2__15__par                              0
xs.nbg__par                        1.27864e-20
xs.pb__par                        -1.27864e-20
xs.nt__par                                   0
xs.bias_ok__par                              0
xs.ibias__par                                0
xs.vdd__par                                  0
xs.vref__par                                 0
xs.vss__par                                  0
es                                     1.19916
rels                                        -1
rr9s                                  -1.07925
fos                                          0
vddf                                         0
nibf                                         0
ibiasf                                       0
xf.ks1                             7.65072e-21
xf.ks2                            -7.65072e-21
xf.ks3                             7.65072e-21
xf.ks4                            -7.65072e-21
xf.nkg                             3.82535e-21
xf.pg                                        0
xf.nbg                             1.27864e-20
xf.pb                             -1.27864e-20
xf.nkm                             1.27864e-20
xf.nokl                            1.27864e-20
xf.noko                           -8.52428e-21
xf.nokx                            -1.2786e-20
xf.n1                                        0
xf.n2                                        0
bias_okf                                     0
xf.tok                            -1.54239e-31
xf.nt                                        0
xf.na                                        0
xf.nbtop                                     0
vreff                                        0
xf.nb                                        0
xf.ec                                        0
xf.er                                        0
xf.nz                                        0
xf.x47.11                                    0
xf.x47.21                                    0
xf.xr2__1                                    0
xf.xr2__2                                    0
xf.x48.11                                    0
xf.x48.21                                    0
xf.x49.11                                    0
xf.x49.21                                    0
xf.xr2__3                                    0
xf.xr2__4                                    0
xf.x50.11                                    0
xf.x50.21                                    0
xf.x51.11                                    0
xf.x51.21                                    0
xf.xr2__5                                    0
xf.xr2__6                                    0
xf.x52.11                                    0
xf.x52.21                                    0
xf.x53.11                                    0
xf.x53.21                                    0
xf.xr2__7                                    0
xf.xr2__8                                    0
xf.x54.11                                    0
xf.x54.21                                    0
xf.x55.11                                    0
xf.x55.21                                    0
xf.xr2__9                                    0
xf.xr2__10                                   0
xf.x56.11                                    0
xf.x56.21                                    0
xf.x57.11                                    0
xf.x57.21                                    0
xf.xr2__11                                   0
xf.xr2__12                                   0
xf.x58.11                                    0
xf.x58.21                                    0
xf.x59.11                                    0
xf.x59.21                                    0
xf.xr2__13                                   0
xf.xr2__14                                   0
xf.x60.11                                    0
xf.x60.21                                    0
xf.x61.11                                    0
xf.x61.21                                    0
xf.xr2__15                                   0
xf.x62.11                                    0
xf.x62.21                                    0
xf.x63.11                                    0
xf.x63.21                                    0
xf.xrz__1                                    0
xf.xrz__2                                    0
xf.x64.11                                    0
xf.x64.21                                    0
xf.x65.11                                    0
xf.x65.21                                    0
xf.xrz__3                                    0
xf.x66.11                                    0
xf.x66.21                                    0
xf.x67.11                                    0
xf.x67.21                                    0
xf.xr1__1                                    0
xf.x68.11                                    0
xf.x68.21                                    0
xf.x69.11                                    0
xf.x69.21                                    0
xf.xrt__1                                    0
xf.x70.11                                    0
xf.x70.21                                    0
xf.n1__par                                   0
xf.n2__par                                   0
xf.nkm__par                        1.27864e-20
xf.tok__par                       -1.54239e-31
xf.noko__par                      -8.52428e-21
xf.nokl__par                       1.27864e-20
xf.nokx__par                       -1.2786e-20
xf.ks1__par                        7.65072e-21
xf.ks2__par                       -7.65072e-21
xf.ks3__par                        7.65072e-21
xf.ks4__par                       -7.65072e-21
xf.nkg__par                        3.82535e-21
xf.nb__par                                   0
xf.ec__par                                   0
xf.nz__par                                   0
xf.xrz__2__par                               0
xf.xr2__14__par                              0
xf.xr2__12__par                              0
xf.pg__par                                   0
xf.xr2__10__par                              0
xf.xr2__8__par                               0
xf.xr2__6__par                               0
xf.xr2__4__par                               0
xf.xr2__2__par                               0
xf.na__par                                   0
xf.er__par                                   0
xf.xrt__1__par                               0
xf.nbtop__par                                0
xf.xr1__1__par                               0
xf.xrz__3__par                               0
xf.xrz__1__par                               0
xf.xr2__13__par                              0
xf.xr2__11__par                              0
xf.xr2__1__par                               0
xf.xr2__3__par                               0
xf.xr2__5__par                               0
xf.xr2__7__par                               0
xf.xr2__9__par                               0
xf.xr2__15__par                              0
xf.nbg__par                        1.27864e-20
xf.pb__par                        -1.27864e-20
xf.nt__par                                   0
xf.bias_ok__par                              0
xf.ibias__par                                0
xf.vdd__par                                  0
xf.vref__par                                 0
xf.vss__par                                  0
ef                                     1.19916
relf                                        -1
fof                                          0
vddb                                         0
nibb                                         0
ibiasb                                       0
xb.ks1                             7.65072e-21
xb.ks2                            -7.65072e-21
xb.ks3                             7.65072e-21
xb.ks4                            -7.65072e-21
xb.nkg                             3.82535e-21
xb.pg                                        0
xb.nbg                             1.27864e-20
xb.pb                             -1.27864e-20
xb.nkm                             1.27864e-20
xb.nokl                            1.27864e-20
xb.noko                            8.52428e-21
xb.nokx                            -1.2786e-20
xb.n1                                        0
xb.n2                                        0
bias_okb                                     0
xb.tok                             4.73169e-30
xb.nt                                        0
xb.na                                        0
xb.nbtop                                     0
vrefb                                        0
xb.nb                                        0
xb.ec                                        0
xb.er                                        0
xb.nz                                        0
xb.x47.11                                    0
xb.x47.21                                    0
xb.xr2__1                                    0
xb.xr2__2                                    0
xb.x48.11                                    0
xb.x48.21                                    0
xb.x49.11                                    0
xb.x49.21                                    0
xb.xr2__3                                    0
xb.xr2__4                                    0
xb.x50.11                                    0
xb.x50.21                                    0
xb.x51.11                                    0
xb.x51.21                                    0
xb.xr2__5                                    0
xb.xr2__6                                    0
xb.x52.11                                    0
xb.x52.21                                    0
xb.x53.11                                    0
xb.x53.21                                    0
xb.xr2__7                                    0
xb.xr2__8                                    0
xb.x54.11                                    0
xb.x54.21                                    0
xb.x55.11                                    0
xb.x55.21                                    0
xb.xr2__9                                    0
xb.xr2__10                                   0
xb.x56.11                                    0
xb.x56.21                                    0
xb.x57.11                                    0
xb.x57.21                                    0
xb.xr2__11                                   0
xb.xr2__12                                   0
xb.x58.11                                    0
xb.x58.21                                    0
xb.x59.11                                    0
xb.x59.21                                    0
xb.xr2__13                                   0
xb.xr2__14                                   0
xb.x60.11                                    0
xb.x60.21                                    0
xb.x61.11                                    0
xb.x61.21                                    0
xb.xr2__15                                   0
xb.x62.11                                    0
xb.x62.21                                    0
xb.x63.11                                    0
xb.x63.21                                    0
xb.xrz__1                                    0
xb.xrz__2                                    0
xb.x64.11                                    0
xb.x64.21                                    0
xb.x65.11                                    0
xb.x65.21                                    0
xb.xrz__3                                    0
xb.x66.11                                    0
xb.x66.21                                    0
xb.x67.11                                    0
xb.x67.21                                    0
xb.xr1__1                                    0
xb.x68.11                                    0
xb.x68.21                                    0
xb.x69.11                                    0
xb.x69.21                                    0
xb.xrt__1                                    0
xb.x70.11                                    0
xb.x70.21                                    0
xb.n1__par                                   0
xb.n2__par                                   0
xb.nkm__par                        1.27864e-20
xb.tok__par                        4.73169e-30
xb.noko__par                       8.52428e-21
xb.nokl__par                       1.27864e-20
xb.nokx__par                       -1.2786e-20
xb.ks1__par                        7.65072e-21
xb.ks2__par                       -7.65072e-21
xb.ks3__par                        7.65072e-21
xb.ks4__par                       -7.65072e-21
xb.nkg__par                        3.82535e-21
xb.nb__par                                   0
xb.ec__par                                   0
xb.nz__par                                   0
xb.xrz__2__par                               0
xb.xr2__14__par                              0
xb.xr2__12__par                              0
xb.pg__par                                   0
xb.xr2__10__par                              0
xb.xr2__8__par                               0
xb.xr2__6__par                               0
xb.xr2__4__par                               0
xb.xr2__2__par                               0
xb.na__par                                   0
xb.er__par                                   0
xb.xrt__1__par                               0
xb.nbtop__par                                0
xb.xr1__1__par                               0
xb.xrz__3__par                               0
xb.xrz__1__par                               0
xb.xr2__13__par                              0
xb.xr2__11__par                              0
xb.xr2__1__par                               0
xb.xr2__3__par                               0
xb.xr2__5__par                               0
xb.xr2__7__par                               0
xb.xr2__9__par                               0
xb.xr2__15__par                              0
xb.nbg__par                        1.27864e-20
xb.pb__par                        -1.27864e-20
xb.nt__par                                   0
xb.bias_ok__par                              0
xb.ibias__par                                0
xb.vdd__par                                  0
xb.vref__par                                 0
xb.vss__par                                  0
fob                                          0
vddd                                         0
nibd                                         0
ibiasd                                       0
xd.ks1                             7.65072e-21
xd.ks2                            -7.65072e-21
xd.ks3                             7.65072e-21
xd.ks4                            -7.65072e-21
xd.nkg                             3.82535e-21
xd.pg                                        0
xd.nbg                             1.27864e-20
xd.pb                             -1.27864e-20
xd.nkm                             1.27864e-20
xd.nokl                            1.27864e-20
xd.noko                           -8.52428e-21
xd.nokx                            -1.2786e-20
xd.n1                                        0
xd.n2                                        0
bias_okd                                     0
xd.tok                            -1.54239e-31
xd.nt                                        0
xd.na                                        0
xd.nbtop                                     0
vrefd                                        0
xd.nb                                        0
xd.ec                                        0
xd.er                                        0
xd.nz                                        0
xd.x47.11                                    0
xd.x47.21                                    0
xd.xr2__1                                    0
xd.xr2__2                                    0
xd.x48.11                                    0
xd.x48.21                                    0
xd.x49.11                                    0
xd.x49.21                                    0
xd.xr2__3                                    0
xd.xr2__4                                    0
xd.x50.11                                    0
xd.x50.21                                    0
xd.x51.11                                    0
xd.x51.21                                    0
xd.xr2__5                                    0
xd.xr2__6                                    0
xd.x52.11                                    0
xd.x52.21                                    0
xd.x53.11                                    0
xd.x53.21                                    0
xd.xr2__7                                    0
xd.xr2__8                                    0
xd.x54.11                                    0
xd.x54.21                                    0
xd.x55.11                                    0
xd.x55.21                                    0
xd.xr2__9                                    0
xd.xr2__10                                   0
xd.x56.11                                    0
xd.x56.21                                    0
xd.x57.11                                    0
xd.x57.21                                    0
xd.xr2__11                                   0
xd.xr2__12                                   0
xd.x58.11                                    0
xd.x58.21                                    0
xd.x59.11                                    0
xd.x59.21                                    0
xd.xr2__13                                   0
xd.xr2__14                                   0
xd.x60.11                                    0
xd.x60.21                                    0
xd.x61.11                                    0
xd.x61.21                                    0
xd.xr2__15                                   0
xd.x62.11                                    0
xd.x62.21                                    0
xd.x63.11                                    0
xd.x63.21                                    0
xd.xrz__1                                    0
xd.xrz__2                                    0
xd.x64.11                                    0
xd.x64.21                                    0
xd.x65.11                                    0
xd.x65.21                                    0
xd.xrz__3                                    0
xd.x66.11                                    0
xd.x66.21                                    0
xd.x67.11                                    0
xd.x67.21                                    0
xd.xr1__1                                    0
xd.x68.11                                    0
xd.x68.21                                    0
xd.x69.11                                    0
xd.x69.21                                    0
xd.xrt__1                                    0
xd.x70.11                                    0
xd.x70.21                                    0
xd.n1__par                                   0
xd.n2__par                                   0
xd.nkm__par                        1.27864e-20
xd.tok__par                       -1.54239e-31
xd.noko__par                      -8.52428e-21
xd.nokl__par                       1.27864e-20
xd.nokx__par                       -1.2786e-20
xd.ks1__par                        7.65072e-21
xd.ks2__par                       -7.65072e-21
xd.ks3__par                        7.65072e-21
xd.ks4__par                       -7.65072e-21
xd.nkg__par                        3.82535e-21
xd.nb__par                                   0
xd.ec__par                                   0
xd.nz__par                                   0
xd.xrz__2__par                               0
xd.xr2__14__par                              0
xd.xr2__12__par                              0
xd.pg__par                                   0
xd.xr2__10__par                              0
xd.xr2__8__par                               0
xd.xr2__6__par                               0
xd.xr2__4__par                               0
xd.xr2__2__par                               0
xd.na__par                                   0
xd.er__par                                   0
xd.xrt__1__par                               0
xd.nbtop__par                                0
xd.xr1__1__par                               0
xd.xrz__3__par                               0
xd.xrz__1__par                               0
xd.xr2__13__par                              0
xd.xr2__11__par                              0
xd.xr2__1__par                               0
xd.xr2__3__par                               0
xd.xr2__5__par                               0
xd.xr2__7__par                               0
xd.xr2__9__par                               0
xd.xr2__15__par                              0
xd.nbg__par                        1.27864e-20
xd.pb__par                        -1.27864e-20
xd.nt__par                                   0
xd.bias_ok__par                              0
xd.ibias__par                                0
xd.vdd__par                                  0
xd.vref__par                                 0
xd.vss__par                                  0
fod                                          0
bfod#branch                                  0
bfob#branch                                  0
bfof#branch                                  0
brelf#branch                                 0
bef#branch                                   0
bfos#branch                                  0
brr9s#branch                                 0
brels#branch                                 0
bes#branch                                   0
vibd#branch                                  0
vsupd#branch                      -3.38902e-33
vibb#branch                                  0
vsupb#branch                       1.36595e-32
vibf#branch                                  0
vsupf#branch                      -3.38902e-33
vibs#branch                                  0
vsups#branch                       1.36595e-32
vibst#branch                       5.13923e-07
vsupst#branch                     -9.23825e-07

 Reference value :  0.00000e+00
 Reference value :  1.84264e-06
 Reference value :  2.59001e-06
 Reference value :  3.01135e-06
 Reference value :  6.74155e-06
 Reference value :  3.75570e-05
 Reference value :  4.61470e-05
 Reference value :  4.76056e-05
 Reference value :  1.08170e-04
 Reference value :  1.82736e-04
 Reference value :  2.14040e-04
 Reference value :  2.23061e-04
 Reference value :  4.03353e-04
 Reference value :  4.43366e-04
 Reference value :  5.51272e-04
 Reference value :  5.56899e-04
 Reference value :  5.60978e-04
 Reference value :  6.99213e-04
 Reference value :  9.23213e-04
 Reference value :  9.60002e-04
 Reference value :  1.10076e-03
 Reference value :  1.10535e-03
 Reference value :  1.10715e-03
 Reference value :  1.11312e-03
 Reference value :  1.29592e-03
 Reference value :  1.56392e-03
 Reference value :  1.82392e-03
 Reference value :  2.08392e-03
 Reference value :  2.28392e-03
 Reference value :  2.33688e-03
 Reference value :  2.42074e-03
 Reference value :  2.43970e-03
 Reference value :  2.58167e-03
 Reference value :  2.85367e-03
 Reference value :  3.12167e-03
 Reference value :  3.39367e-03
 Reference value :  3.66167e-03
 Reference value :  3.92567e-03
 Reference value :  4.19367e-03
 Reference value :  4.28050e-03
 Reference value :  4.38432e-03
 Reference value :  4.40067e-03
 Reference value :  4.48208e-03
 Reference value :  4.75008e-03
 Reference value :  5.01808e-03
 Reference value :  5.29408e-03
 Reference value :  5.57408e-03
 Reference value :  5.84208e-03
 Reference value :  6.10208e-03
 Reference value :  6.47408e-03
 Reference value :  6.82608e-03
 Reference value :  7.15808e-03
 Reference value :  7.51008e-03
 Reference value :  7.84608e-03
 Reference value :  8.17008e-03
 Reference value :  8.62208e-03
 Reference value :  9.11408e-03
 Reference value :  9.59808e-03
 Reference value :  1.00221e-02
 Reference value :  1.03901e-02
 Reference value :  1.06581e-02
 Reference value :  1.09221e-02
 Reference value :  1.11741e-02
 Reference value :  1.14341e-02
 Reference value :  1.16981e-02
 Reference value :  1.19581e-02
 Reference value :  1.22181e-02
 Reference value :  1.24861e-02
 Reference value :  1.27421e-02
 Reference value :  1.30061e-02
 Reference value :  1.32821e-02
 Reference value :  1.35421e-02
 Reference value :  1.37981e-02
 Reference value :  1.40581e-02
 Reference value :  1.43181e-02
 Reference value :  1.45781e-02
 Reference value :  1.48421e-02
 Reference value :  1.51061e-02
 Reference value :  1.53701e-02
 Reference value :  1.56261e-02
 Reference value :  1.58941e-02
 Reference value :  1.61621e-02
 Reference value :  1.64221e-02
 Reference value :  1.66901e-02
 Reference value :  1.69541e-02
 Reference value :  1.72101e-02
 Reference value :  1.74701e-02
 Reference value :  1.77341e-02
 Reference value :  1.79981e-02
 Reference value :  1.82621e-02
 Reference value :  1.85261e-02
 Reference value :  1.87861e-02
 Reference value :  1.90461e-02
 Reference value :  1.93101e-02
 Reference value :  1.95741e-02
 Reference value :  1.98421e-02
 Reference value :  2.01181e-02
 Reference value :  2.03901e-02
 Reference value :  2.06661e-02
 Reference value :  2.09421e-02
 Reference value :  2.12101e-02
 Reference value :  2.14821e-02
 Reference value :  2.17501e-02
 Reference value :  2.20141e-02
 Reference value :  2.22861e-02
 Reference value :  2.25541e-02
 Reference value :  2.28461e-02
 Reference value :  2.31941e-02
 Reference value :  2.34901e-02
 Reference value :  2.38141e-02
 Reference value :  2.40941e-02
 Reference value :  2.43901e-02
 Reference value :  2.46661e-02
 Reference value :  2.49221e-02
 Reference value :  2.51821e-02
 Reference value :  2.54461e-02
 Reference value :  2.57101e-02
 Reference value :  2.59981e-02
 Reference value :  2.63421e-02
 Reference value :  2.66221e-02
 Reference value :  2.69101e-02
 Reference value :  2.72341e-02
 Reference value :  2.75181e-02
 Reference value :  2.77821e-02
 Reference value :  2.81061e-02
 Reference value :  2.83701e-02
 Reference value :  2.86661e-02
 Reference value :  2.89461e-02
 Reference value :  2.92141e-02
 Reference value :  2.95101e-02
 Reference value :  2.97981e-02
No. of Data Rows : 8195
vref_op             =  1.19916e+00
vref_st             =  1.19916e+00
ok_st               =  3.30000e+00
vdd_st              =  3.30000e+00
iq_st               =  -9.23825e-07
ib_st               =  5.13923e-07
t_set               =  5.13684e-04
vdd_drop            =  1.38250e+00
t_oks               =  2.15018e-04
err_at_ok           =  1.59914e-01
relv_slow           =  2.85730e+00
err_at_relv         =  1.19592e-01
relv_fast           =  3.30000e+00
okf_at_1v           =  3.82621e-03
errf_end            =  -3.94319e-10
bo_pre              =  1.19916e+00
bo_mid              =  1.19916e+00
bo_dpre             =  1.19916e+00
bo_post             =  1.19916e+00
ok_bo_dip           =  3.16144e-01
t_bo_rec            =  2.43918e-03
t_false_s           =  0.00000e+00 from=  0.00000e+00 to=  3.00000e-02
t_false_f           =  4.26718e-03 from=  0.00000e+00 to=  3.00000e-02
t_false_b           =  3.30563e-04 from=  0.00000e+00 to=  3.00000e-02
t_false_d           =  1.37511e-03 from=  0.00000e+00 to=  3.00000e-02
ok_bo_end           =  3.30000e+00
vdd_bo              =  3.30000e+00
m_vref_op_v = 1.1991620000e+00
m_vref_v = 1.1991620000e+00
m_ok_droop_mv = 0.0000000000e+00
m_iq_por_ua = 9.2382540000e-01
m_ibias_na = 5.1392260000e+02
m_iq_own_ua = 4.0990280000e-01
m_t_settle_us = 1.3683600000e+01
m_err_at_relv_mv = 1.1959180000e+02
m_vdd_ref90_v = 1.3824980000e+00
m_t_bo_recover_us = 1.3291760000e+03
m_t_false_ok_slow_us = 0.0000000000e+00
m_t_false_ok_fast_us = 4.2671830000e+03
m_t_false_ok_brownout_us = 1.7056723000e+03
m_err_at_ok_mv = 1.5991360000e+02
m_t_ok_us = 2.1501790000e+02
m_relv_slow_v = 2.8573030000e+00
m_relv_fast_v = 3.3000000000e+00
m_okf_at_1v_mv = 3.8262150000e+00
m_err_fast_end_mv = -3.943185000e-07
m_bo_shallow_ppm = 8.3391637999e-01
m_bo_deep_ppm = 8.3391637999e-01
m_ok_bo_dip_mv = 3.1614380000e+02
m_ok_bo_end_droop_mv = 0.0000000000e+00
Note: Simulation executed from .control section 

Warning: m=xx on .subckt line will override multiplier m hierarchy!

Note: Starting dynamic gmin stepping
Warning: Dynamic gmin stepping failed
Note: Starting true gmin stepping
Note: True gmin stepping completed
