
Note: Compatibility modes selected: hs a


Circuit: * bias-core-designer-check @ res_ff_-40c_3.30v -- generated by sim/harness, do not edit

Doing analysis at TEMP = -40.000000 and TNOM = 27.000000

Using SPARSE 1.3 as Direct Linear Solver

Initial Transient Solution
--------------------------

Node                                   Voltage
----                                   -------
vddst                                      3.3
nibst                                  0.77612
ibiasst                                0.77612
xst.ks1                                2.20724
xst.ks2                                1.33867
xst.ks3                               0.681568
xst.ks4                               0.221706
xst.nkg                            7.78296e-10
xst.pg                                 2.45178
xst.nbg                               0.657651
xst.pb                                 2.44776
xst.nkm                               0.635914
xst.nokl                              0.610768
xst.noko                               1.66195
xst.nokx                           0.000122442
xst.n1                                0.626402
xst.n2                                 0.62228
bias_okst                                  3.3
xst.tok                                1.97008
xst.nt                                 1.96884
xst.na                                0.714707
xst.nbtop                             0.716857
vrefst                                 1.20368
xst.nb                                0.714714
xst.ec                                0.672852
xst.er                                 0.71464
xst.nz                                 0.62228
xst.x47.11                             1.20367
xst.x47.21                             1.17311
xst.xr2__1                             1.17311
xst.xr2__2                             1.14255
xst.x48.11                             1.14255
xst.x48.21                             1.17311
xst.x49.11                             1.14254
xst.x49.21                             1.11198
xst.xr2__3                             1.11198
xst.xr2__4                             1.08142
xst.x50.11                             1.08142
xst.x50.21                             1.11198
xst.x51.11                             1.08142
xst.x51.21                             1.05085
xst.xr2__5                             1.05085
xst.xr2__6                             1.02029
xst.x52.11                             1.02029
xst.x52.21                             1.05085
xst.x53.11                             1.02029
xst.x53.21                            0.989725
xst.xr2__7                            0.989723
xst.xr2__8                            0.959158
xst.x54.11                             0.95916
xst.x54.21                            0.989721
xst.x55.11                            0.959156
xst.x55.21                            0.928595
xst.xr2__9                            0.928593
xst.xr2__10                           0.898029
xst.x56.11                            0.898031
xst.x56.21                            0.928591
xst.x57.11                            0.898027
xst.x57.21                            0.867466
xst.xr2__11                           0.867464
xst.xr2__12                           0.836899
xst.x58.11                            0.836901
xst.x58.21                            0.867462
xst.x59.11                            0.836897
xst.x59.21                            0.806337
xst.xr2__13                           0.806335
xst.xr2__14                            0.77577
xst.x60.11                            0.775772
xst.x60.21                            0.806333
xst.x61.11                            0.775768
xst.x61.21                            0.745207
xst.xr2__15                           0.745205
xst.x62.11                            0.714642
xst.x62.21                            0.745203
xst.x63.11                             0.62228
xst.x63.21                             0.62228
xst.xrz__1                             0.62228
xst.xrz__2                             0.62228
xst.x64.11                             0.62228
xst.x64.21                             0.62228
xst.x65.11                             0.62228
xst.x65.21                             0.62228
xst.xrz__3                             0.62228
xst.x66.11                             0.62228
xst.x66.21                             0.62228
xst.x67.11                            0.714712
xst.x67.21                            0.693785
xst.xr1__1                            0.693783
xst.x68.11                            0.672854
xst.x68.21                            0.693781
xst.x69.11                            0.716855
xst.x69.21                            0.715788
xst.xrt__1                            0.715786
xst.x70.11                            0.714716
xst.x70.21                            0.715784
xst.n1__par                           0.626402
xst.n2__par                            0.62228
xst.nkm__par                          0.635914
xst.tok__par                           1.97008
xst.noko__par                          1.66195
xst.nokl__par                         0.610768
xst.nokx__par                      0.000122442
xst.ks1__par                           2.20724
xst.ks2__par                           1.33867
xst.ks3__par                          0.681568
xst.ks4__par                          0.221706
xst.nkg__par                       7.78296e-10
xst.nb__par                           0.714714
xst.ec__par                           0.672852
xst.nz__par                            0.62228
xst.xrz__2__par                        0.62228
xst.xr2__14__par                       0.77577
xst.xr2__12__par                      0.836899
xst.pg__par                            2.45178
xst.xr2__10__par                      0.898029
xst.xr2__8__par                       0.959158
xst.xr2__6__par                        1.02029
xst.xr2__4__par                        1.08142
xst.xr2__2__par                        1.14255
xst.na__par                           0.714707
xst.er__par                            0.71464
xst.xrt__1__par                       0.715786
xst.nbtop__par                        0.716857
xst.xr1__1__par                       0.693783
xst.xrz__3__par                        0.62228
xst.xrz__1__par                        0.62228
xst.xr2__13__par                      0.806335
xst.xr2__11__par                      0.867464
xst.xr2__1__par                        1.17311
xst.xr2__3__par                        1.11198
xst.xr2__5__par                        1.05085
xst.xr2__7__par                       0.989723
xst.xr2__9__par                       0.928593
xst.xr2__15__par                      0.745205
xst.nbg__par                          0.657651
xst.pb__par                            2.44776
xst.nt__par                            1.96884
xst.bias_ok__par                           3.3
xst.ibias__par                         0.77612
xst.vdd__par                               3.3
xst.vref__par                          1.20368
xst.vss__par                                 0
vdds                                         0
nibs                               2.80294e-23
ibiass                             2.80294e-23
xs.ks1                            -1.14144e-39
xs.ks2                             -1.4438e-35
xs.ks3                             2.96286e-34
xs.ks4                            -4.50234e-33
xs.nkg                            -1.58294e-21
xs.pg                              7.88145e-22
xs.nbg                             3.40922e-22
xs.pb                             -3.40922e-22
xs.nkm                             3.40922e-22
xs.nokl                            3.40922e-22
xs.noko                            2.27281e-22
xs.nokx                            3.40911e-22
xs.n1                             -1.28712e-39
xs.n2                              3.00065e-25
bias_oks                                     0
xs.tok                             6.14724e-28
xs.nt                              2.34626e-37
xs.na                                        0
xs.nbtop                                     0
vrefs                                        0
xs.nb                                        0
xs.ec                                        0
xs.er                                        0
xs.nz                              3.00065e-25
xs.x47.11                                    0
xs.x47.21                                    0
xs.xr2__1                                    0
xs.xr2__2                                    0
xs.x48.11                                    0
xs.x48.21                                    0
xs.x49.11                                    0
xs.x49.21                                    0
xs.xr2__3                                    0
xs.xr2__4                                    0
xs.x50.11                                    0
xs.x50.21                                    0
xs.x51.11                                    0
xs.x51.21                                    0
xs.xr2__5                                    0
xs.xr2__6                                    0
xs.x52.11                                    0
xs.x52.21                                    0
xs.x53.11                                    0
xs.x53.21                                    0
xs.xr2__7                                    0
xs.xr2__8                                    0
xs.x54.11                                    0
xs.x54.21                                    0
xs.x55.11                                    0
xs.x55.21                                    0
xs.xr2__9                                    0
xs.xr2__10                                   0
xs.x56.11                                    0
xs.x56.21                                    0
xs.x57.11                                    0
xs.x57.21                                    0
xs.xr2__11                                   0
xs.xr2__12                                   0
xs.x58.11                                    0
xs.x58.21                                    0
xs.x59.11                                    0
xs.x59.21                                    0
xs.xr2__13                                   0
xs.xr2__14                                   0
xs.x60.11                                    0
xs.x60.21                                    0
xs.x61.11                                    0
xs.x61.21                                    0
xs.xr2__15                                   0
xs.x62.11                                    0
xs.x62.21                                    0
xs.x63.11                          3.00065e-25
xs.x63.21                          3.00065e-25
xs.xrz__1                          3.00065e-25
xs.xrz__2                          3.00065e-25
xs.x64.11                          3.00065e-25
xs.x64.21                          3.00065e-25
xs.x65.11                          3.00065e-25
xs.x65.21                          3.00065e-25
xs.xrz__3                          3.00065e-25
xs.x66.11                          3.00065e-25
xs.x66.21                          3.00065e-25
xs.x67.11                                    0
xs.x67.21                                    0
xs.xr1__1                                    0
xs.x68.11                                    0
xs.x68.21                                    0
xs.x69.11                                    0
xs.x69.21                                    0
xs.xrt__1                                    0
xs.x70.11                                    0
xs.x70.21                                    0
xs.n1__par                        -1.28712e-39
xs.n2__par                         3.00065e-25
xs.nkm__par                        3.40922e-22
xs.tok__par                        6.14724e-28
xs.noko__par                       2.27281e-22
xs.nokl__par                       3.40922e-22
xs.nokx__par                       3.40911e-22
xs.ks1__par                       -1.14144e-39
xs.ks2__par                        -1.4438e-35
xs.ks3__par                        2.96286e-34
xs.ks4__par                       -4.50234e-33
xs.nkg__par                       -1.58294e-21
xs.nb__par                                   0
xs.ec__par                                   0
xs.nz__par                         3.00065e-25
xs.xrz__2__par                     3.00065e-25
xs.xr2__14__par                              0
xs.xr2__12__par                              0
xs.pg__par                         7.88145e-22
xs.xr2__10__par                              0
xs.xr2__8__par                               0
xs.xr2__6__par                               0
xs.xr2__4__par                               0
xs.xr2__2__par                               0
xs.na__par                                   0
xs.er__par                                   0
xs.xrt__1__par                               0
xs.nbtop__par                                0
xs.xr1__1__par                               0
xs.xrz__3__par                     3.00065e-25
xs.xrz__1__par                     3.00065e-25
xs.xr2__13__par                              0
xs.xr2__11__par                              0
xs.xr2__1__par                               0
xs.xr2__3__par                               0
xs.xr2__5__par                               0
xs.xr2__7__par                               0
xs.xr2__9__par                               0
xs.xr2__15__par                              0
xs.nbg__par                        3.40922e-22
xs.pb__par                        -3.40922e-22
xs.nt__par                         2.34626e-37
xs.bias_ok__par                              0
xs.ibias__par                      2.80294e-23
xs.vdd__par                                  0
xs.vref__par                                 0
xs.vss__par                                  0
es                                     1.20368
rels                                        -1
rr9s                                  -1.08331
fos                                          0
vddf                                         0
nibf                               2.80294e-23
ibiasf                             2.80294e-23
xf.ks1                            -1.14144e-39
xf.ks2                             -1.4438e-35
xf.ks3                             2.96286e-34
xf.ks4                            -4.50234e-33
xf.nkg                            -1.58294e-21
xf.pg                              7.88145e-22
xf.nbg                             3.40922e-22
xf.pb                             -3.40922e-22
xf.nkm                             3.40922e-22
xf.nokl                            3.40922e-22
xf.noko                            2.27281e-22
xf.nokx                            3.40911e-22
xf.n1                             -1.28713e-39
xf.n2                              3.00066e-25
bias_okf                                     0
xf.tok                             6.14724e-28
xf.nt                              2.34629e-37
xf.na                                        0
xf.nbtop                                     0
vreff                                        0
xf.nb                                        0
xf.ec                                        0
xf.er                                        0
xf.nz                              3.00067e-25
xf.x47.11                                    0
xf.x47.21                                    0
xf.xr2__1                                    0
xf.xr2__2                                    0
xf.x48.11                                    0
xf.x48.21                                    0
xf.x49.11                                    0
xf.x49.21                                    0
xf.xr2__3                                    0
xf.xr2__4                                    0
xf.x50.11                                    0
xf.x50.21                                    0
xf.x51.11                                    0
xf.x51.21                                    0
xf.xr2__5                                    0
xf.xr2__6                                    0
xf.x52.11                                    0
xf.x52.21                                    0
xf.x53.11                                    0
xf.x53.21                                    0
xf.xr2__7                                    0
xf.xr2__8                                    0
xf.x54.11                                    0
xf.x54.21                                    0
xf.x55.11                                    0
xf.x55.21                                    0
xf.xr2__9                                    0
xf.xr2__10                                   0
xf.x56.11                                    0
xf.x56.21                                    0
xf.x57.11                                    0
xf.x57.21                                    0
xf.xr2__11                                   0
xf.xr2__12                                   0
xf.x58.11                                    0
xf.x58.21                                    0
xf.x59.11                                    0
xf.x59.21                                    0
xf.xr2__13                                   0
xf.xr2__14                                   0
xf.x60.11                                    0
xf.x60.21                                    0
xf.x61.11                                    0
xf.x61.21                                    0
xf.xr2__15                                   0
xf.x62.11                                    0
xf.x62.21                                    0
xf.x63.11                          3.00067e-25
xf.x63.21                          3.00067e-25
xf.xrz__1                          3.00067e-25
xf.xrz__2                          3.00067e-25
xf.x64.11                          3.00067e-25
xf.x64.21                          3.00067e-25
xf.x65.11                          3.00067e-25
xf.x65.21                          3.00067e-25
xf.xrz__3                          3.00067e-25
xf.x66.11                          3.00066e-25
xf.x66.21                          3.00067e-25
xf.x67.11                                    0
xf.x67.21                                    0
xf.xr1__1                                    0
xf.x68.11                                    0
xf.x68.21                                    0
xf.x69.11                                    0
xf.x69.21                                    0
xf.xrt__1                                    0
xf.x70.11                                    0
xf.x70.21                                    0
xf.n1__par                        -1.28713e-39
xf.n2__par                         3.00066e-25
xf.nkm__par                        3.40922e-22
xf.tok__par                        6.14724e-28
xf.noko__par                       2.27281e-22
xf.nokl__par                       3.40922e-22
xf.nokx__par                       3.40911e-22
xf.ks1__par                       -1.14144e-39
xf.ks2__par                        -1.4438e-35
xf.ks3__par                        2.96286e-34
xf.ks4__par                       -4.50234e-33
xf.nkg__par                       -1.58294e-21
xf.nb__par                                   0
xf.ec__par                                   0
xf.nz__par                         3.00067e-25
xf.xrz__2__par                     3.00067e-25
xf.xr2__14__par                              0
xf.xr2__12__par                              0
xf.pg__par                         7.88145e-22
xf.xr2__10__par                              0
xf.xr2__8__par                               0
xf.xr2__6__par                               0
xf.xr2__4__par                               0
xf.xr2__2__par                               0
xf.na__par                                   0
xf.er__par                                   0
xf.xrt__1__par                               0
xf.nbtop__par                                0
xf.xr1__1__par                               0
xf.xrz__3__par                     3.00067e-25
xf.xrz__1__par                     3.00067e-25
xf.xr2__13__par                              0
xf.xr2__11__par                              0
xf.xr2__1__par                               0
xf.xr2__3__par                               0
xf.xr2__5__par                               0
xf.xr2__7__par                               0
xf.xr2__9__par                               0
xf.xr2__15__par                              0
xf.nbg__par                        3.40922e-22
xf.pb__par                        -3.40922e-22
xf.nt__par                         2.34629e-37
xf.bias_ok__par                              0
xf.ibias__par                      2.80294e-23
xf.vdd__par                                  0
xf.vref__par                                 0
xf.vss__par                                  0
ef                                     1.20368
relf                                        -1
fof                                          0
vddb                                         0
nibb                               2.80294e-23
ibiasb                             2.80294e-23
xb.ks1                            -1.14144e-39
xb.ks2                             -1.4438e-35
xb.ks3                             2.96286e-34
xb.ks4                            -4.50234e-33
xb.nkg                            -1.58294e-21
xb.pg                              7.88145e-22
xb.nbg                             3.40922e-22
xb.pb                             -3.40922e-22
xb.nkm                             3.40922e-22
xb.nokl                            3.40922e-22
xb.noko                            2.27281e-22
xb.nokx                            3.40911e-22
xb.n1                             -1.28711e-39
xb.n2                              3.00064e-25
bias_okb                                     0
xb.tok                             6.14724e-28
xb.nt                              2.34626e-37
xb.na                                        0
xb.nbtop                                     0
vrefb                                        0
xb.nb                                        0
xb.ec                                        0
xb.er                                        0
xb.nz                              3.00065e-25
xb.x47.11                                    0
xb.x47.21                                    0
xb.xr2__1                                    0
xb.xr2__2                                    0
xb.x48.11                                    0
xb.x48.21                                    0
xb.x49.11                                    0
xb.x49.21                                    0
xb.xr2__3                                    0
xb.xr2__4                                    0
xb.x50.11                                    0
xb.x50.21                                    0
xb.x51.11                                    0
xb.x51.21                                    0
xb.xr2__5                                    0
xb.xr2__6                                    0
xb.x52.11                                    0
xb.x52.21                                    0
xb.x53.11                                    0
xb.x53.21                                    0
xb.xr2__7                                    0
xb.xr2__8                                    0
xb.x54.11                                    0
xb.x54.21                                    0
xb.x55.11                                    0
xb.x55.21                                    0
xb.xr2__9                                    0
xb.xr2__10                                   0
xb.x56.11                                    0
xb.x56.21                                    0
xb.x57.11                                    0
xb.x57.21                                    0
xb.xr2__11                                   0
xb.xr2__12                                   0
xb.x58.11                                    0
xb.x58.21                                    0
xb.x59.11                                    0
xb.x59.21                                    0
xb.xr2__13                                   0
xb.xr2__14                                   0
xb.x60.11                                    0
xb.x60.21                                    0
xb.x61.11                                    0
xb.x61.21                                    0
xb.xr2__15                                   0
xb.x62.11                                    0
xb.x62.21                                    0
xb.x63.11                          3.00065e-25
xb.x63.21                          3.00065e-25
xb.xrz__1                          3.00065e-25
xb.xrz__2                          3.00065e-25
xb.x64.11                          3.00065e-25
xb.x64.21                          3.00065e-25
xb.x65.11                          3.00065e-25
xb.x65.21                          3.00064e-25
xb.xrz__3                          3.00064e-25
xb.x66.11                          3.00064e-25
xb.x66.21                          3.00064e-25
xb.x67.11                                    0
xb.x67.21                                    0
xb.xr1__1                                    0
xb.x68.11                                    0
xb.x68.21                                    0
xb.x69.11                                    0
xb.x69.21                                    0
xb.xrt__1                                    0
xb.x70.11                                    0
xb.x70.21                                    0
xb.n1__par                        -1.28711e-39
xb.n2__par                         3.00064e-25
xb.nkm__par                        3.40922e-22
xb.tok__par                        6.14724e-28
xb.noko__par                       2.27281e-22
xb.nokl__par                       3.40922e-22
xb.nokx__par                       3.40911e-22
xb.ks1__par                       -1.14144e-39
xb.ks2__par                        -1.4438e-35
xb.ks3__par                        2.96286e-34
xb.ks4__par                       -4.50234e-33
xb.nkg__par                       -1.58294e-21
xb.nb__par                                   0
xb.ec__par                                   0
xb.nz__par                         3.00065e-25
xb.xrz__2__par                     3.00065e-25
xb.xr2__14__par                              0
xb.xr2__12__par                              0
xb.pg__par                         7.88145e-22
xb.xr2__10__par                              0
xb.xr2__8__par                               0
xb.xr2__6__par                               0
xb.xr2__4__par                               0
xb.xr2__2__par                               0
xb.na__par                                   0
xb.er__par                                   0
xb.xrt__1__par                               0
xb.nbtop__par                                0
xb.xr1__1__par                               0
xb.xrz__3__par                     3.00064e-25
xb.xrz__1__par                     3.00065e-25
xb.xr2__13__par                              0
xb.xr2__11__par                              0
xb.xr2__1__par                               0
xb.xr2__3__par                               0
xb.xr2__5__par                               0
xb.xr2__7__par                               0
xb.xr2__9__par                               0
xb.xr2__15__par                              0
xb.nbg__par                        3.40922e-22
xb.pb__par                        -3.40922e-22
xb.nt__par                         2.34626e-37
xb.bias_ok__par                              0
xb.ibias__par                      2.80294e-23
xb.vdd__par                                  0
xb.vref__par                                 0
xb.vss__par                                  0
fob                                          0
vddd                                         0
nibd                               2.80294e-23
ibiasd                             2.80294e-23
xd.ks1                            -1.14144e-39
xd.ks2                             -1.4438e-35
xd.ks3                             2.96286e-34
xd.ks4                            -4.50234e-33
xd.nkg                            -1.58294e-21
xd.pg                              7.88145e-22
xd.nbg                             3.40922e-22
xd.pb                             -3.40922e-22
xd.nkm                             3.40922e-22
xd.nokl                            3.40922e-22
xd.noko                            2.27281e-22
xd.nokx                            3.40911e-22
xd.n1                             -1.28713e-39
xd.n2                              3.00067e-25
bias_okd                                     0
xd.tok                             6.14724e-28
xd.nt                               2.3463e-37
xd.na                                        0
xd.nbtop                                     0
vrefd                                        0
xd.nb                                        0
xd.ec                                        0
xd.er                                        0
xd.nz                              3.00068e-25
xd.x47.11                                    0
xd.x47.21                                    0
xd.xr2__1                                    0
xd.xr2__2                                    0
xd.x48.11                                    0
xd.x48.21                                    0
xd.x49.11                                    0
xd.x49.21                                    0
xd.xr2__3                                    0
xd.xr2__4                                    0
xd.x50.11                                    0
xd.x50.21                                    0
xd.x51.11                                    0
xd.x51.21                                    0
xd.xr2__5                                    0
xd.xr2__6                                    0
xd.x52.11                                    0
xd.x52.21                                    0
xd.x53.11                                    0
xd.x53.21                                    0
xd.xr2__7                                    0
xd.xr2__8                                    0
xd.x54.11                                    0
xd.x54.21                                    0
xd.x55.11                                    0
xd.x55.21                                    0
xd.xr2__9                                    0
xd.xr2__10                                   0
xd.x56.11                                    0
xd.x56.21                                    0
xd.x57.11                                    0
xd.x57.21                                    0
xd.xr2__11                                   0
xd.xr2__12                                   0
xd.x58.11                                    0
xd.x58.21                                    0
xd.x59.11                                    0
xd.x59.21                                    0
xd.xr2__13                                   0
xd.xr2__14                                   0
xd.x60.11                                    0
xd.x60.21                                    0
xd.x61.11                                    0
xd.x61.21                                    0
xd.xr2__15                                   0
xd.x62.11                                    0
xd.x62.21                                    0
xd.x63.11                          3.00068e-25
xd.x63.21                          3.00068e-25
xd.xrz__1                          3.00068e-25
xd.xrz__2                          3.00067e-25
xd.x64.11                          3.00067e-25
xd.x64.21                          3.00068e-25
xd.x65.11                          3.00067e-25
xd.x65.21                          3.00067e-25
xd.xrz__3                          3.00067e-25
xd.x66.11                          3.00067e-25
xd.x66.21                          3.00067e-25
xd.x67.11                                    0
xd.x67.21                                    0
xd.xr1__1                                    0
xd.x68.11                                    0
xd.x68.21                                    0
xd.x69.11                                    0
xd.x69.21                                    0
xd.xrt__1                                    0
xd.x70.11                                    0
xd.x70.21                                    0
xd.n1__par                        -1.28713e-39
xd.n2__par                         3.00067e-25
xd.nkm__par                        3.40922e-22
xd.tok__par                        6.14724e-28
xd.noko__par                       2.27281e-22
xd.nokl__par                       3.40922e-22
xd.nokx__par                       3.40911e-22
xd.ks1__par                       -1.14144e-39
xd.ks2__par                        -1.4438e-35
xd.ks3__par                        2.96286e-34
xd.ks4__par                       -4.50234e-33
xd.nkg__par                       -1.58294e-21
xd.nb__par                                   0
xd.ec__par                                   0
xd.nz__par                         3.00068e-25
xd.xrz__2__par                     3.00067e-25
xd.xr2__14__par                              0
xd.xr2__12__par                              0
xd.pg__par                         7.88145e-22
xd.xr2__10__par                              0
xd.xr2__8__par                               0
xd.xr2__6__par                               0
xd.xr2__4__par                               0
xd.xr2__2__par                               0
xd.na__par                                   0
xd.er__par                                   0
xd.xrt__1__par                               0
xd.nbtop__par                                0
xd.xr1__1__par                               0
xd.xrz__3__par                     3.00067e-25
xd.xrz__1__par                     3.00068e-25
xd.xr2__13__par                              0
xd.xr2__11__par                              0
xd.xr2__1__par                               0
xd.xr2__3__par                               0
xd.xr2__5__par                               0
xd.xr2__7__par                               0
xd.xr2__9__par                               0
xd.xr2__15__par                              0
xd.nbg__par                        3.40922e-22
xd.pb__par                        -3.40922e-22
xd.nt__par                          2.3463e-37
xd.bias_ok__par                              0
xd.ibias__par                      2.80294e-23
xd.vdd__par                                  0
xd.vref__par                                 0
xd.vss__par                                  0
fod                                          0
bfod#branch                                  0
bfob#branch                                  0
bfof#branch                                  0
brelf#branch                                 0
bef#branch                                   0
bfos#branch                                  0
brr9s#branch                                 0
brels#branch                                 0
bes#branch                                   0
vibd#branch                        2.82481e-35
vsupd#branch                       2.01026e-33
vibb#branch                        2.82481e-35
vsupb#branch                       2.01026e-33
vibf#branch                        2.82481e-35
vsupf#branch                       2.01026e-33
vibs#branch                        2.82481e-35
vsups#branch                       2.01026e-33
vibst#branch                       5.06554e-07
vsupst#branch                      -9.1453e-07

 Reference value :  0.00000e+00
 Reference value :  2.11588e-06
 Reference value :  2.83316e-06
 Reference value :  3.08238e-06
 Reference value :  5.87596e-06
 Reference value :  4.29143e-05
 Reference value :  5.26925e-05
 Reference value :  5.51223e-05
 Reference value :  1.00000e-04
 Reference value :  2.04748e-04
 Reference value :  2.49708e-04
 Reference value :  2.51507e-04
 Reference value :  4.00164e-04
 Reference value :  4.37526e-04
 Reference value :  5.51483e-04
 Reference value :  5.57754e-04
 Reference value :  5.69175e-04
 Reference value :  7.50262e-04
 Reference value :  7.72830e-04
 Reference value :  8.80726e-04
 Reference value :  8.83500e-04
 Reference value :  9.55914e-04
 Reference value :  1.00560e-03
 Reference value :  1.10322e-03
 Reference value :  1.10764e-03
 Reference value :  1.11714e-03
 Reference value :  1.38049e-03
 Reference value :  1.66849e-03
 Reference value :  1.76901e-03
 Reference value :  1.87033e-03
 Reference value :  1.88857e-03
 Reference value :  2.22857e-03
 Reference value :  2.60857e-03
 Reference value :  3.08857e-03
 Reference value :  3.55657e-03
 Reference value :  4.03257e-03
 Reference value :  4.50057e-03
 Reference value :  4.96857e-03
 Reference value :  5.44457e-03
 Reference value :  5.90057e-03
 Reference value :  6.21657e-03
 Reference value :  6.49257e-03
 Reference value :  6.76457e-03
 Reference value :  7.02457e-03
 Reference value :  7.28857e-03
 Reference value :  7.56057e-03
 Reference value :  7.82457e-03
 Reference value :  8.08457e-03
 Reference value :  8.36457e-03
 Reference value :  8.62457e-03
 Reference value :  8.87657e-03
 Reference value :  9.14457e-03
 Reference value :  9.40457e-03
 Reference value :  9.66057e-03
 Reference value :  9.92057e-03
 Reference value :  1.01766e-02
 Reference value :  1.04326e-02
 Reference value :  1.06886e-02
 Reference value :  1.10966e-02
 Reference value :  1.14006e-02
 Reference value :  1.16806e-02
 Reference value :  1.19406e-02
 Reference value :  1.22046e-02
 Reference value :  1.24606e-02
 Reference value :  1.27486e-02
 Reference value :  1.30286e-02
 Reference value :  1.32966e-02
 Reference value :  1.35566e-02
 Reference value :  1.38126e-02
 Reference value :  1.40726e-02
 Reference value :  1.43406e-02
 Reference value :  1.46006e-02
 Reference value :  1.48686e-02
 Reference value :  1.51446e-02
 Reference value :  1.54246e-02
 Reference value :  1.56846e-02
 Reference value :  1.59446e-02
 Reference value :  1.62126e-02
 Reference value :  1.65566e-02
 Reference value :  1.68406e-02
 Reference value :  1.71046e-02
 Reference value :  1.73886e-02
 Reference value :  1.77566e-02
 Reference value :  1.80526e-02
 Reference value :  1.83846e-02
 Reference value :  1.87486e-02
 Reference value :  1.90806e-02
 Reference value :  1.94246e-02
 Reference value :  1.97366e-02
 Reference value :  2.00806e-02
 Reference value :  2.04606e-02
 Reference value :  2.09366e-02
 Reference value :  2.14126e-02
 Reference value :  2.18806e-02
 Reference value :  2.23486e-02
 Reference value :  2.28286e-02
 Reference value :  2.32966e-02
 Reference value :  2.37726e-02
 Reference value :  2.42606e-02
 Reference value :  2.47446e-02
 Reference value :  2.52246e-02
 Reference value :  2.56406e-02
 Reference value :  2.59446e-02
 Reference value :  2.62126e-02
 Reference value :  2.64726e-02
 Reference value :  2.67326e-02
 Reference value :  2.69886e-02
 Reference value :  2.72566e-02
 Reference value :  2.75206e-02
 Reference value :  2.77846e-02
 Reference value :  2.80486e-02
 Reference value :  2.83206e-02
 Reference value :  2.86086e-02
 Reference value :  2.88686e-02
 Reference value :  2.91286e-02
 Reference value :  2.93886e-02
 Reference value :  2.96486e-02
 Reference value :  2.99126e-02
No. of Data Rows : 8197
vref_op             =  1.20368e+00
vref_st             =  1.20368e+00
ok_st               =  3.30000e+00
vdd_st              =  3.30000e+00
iq_st               =  -9.14530e-07
ib_st               =  5.06554e-07
t_set               =  5.14862e-04
vdd_drop            =  1.35691e+00
t_oks               =  2.51381e-04
err_at_ok           =  2.37541e-01
relv_slow           =  2.90036e+00
err_at_relv         =  1.34948e-01
relv_fast           =  3.30000e+00
okf_at_1v           =  2.95617e-02
errf_end            =  3.94870e-09
bo_pre              =  1.20368e+00
bo_mid              =  1.20368e+00
bo_dpre             =  1.20368e+00
bo_post             =  1.20368e+00
ok_bo_dip           =  3.54317e-01
t_bo_rec            =  1.87094e-03
t_false_s           =  0.00000e+00 from=  0.00000e+00 to=  3.00000e-02
t_false_f           =  7.57382e-04 from=  0.00000e+00 to=  3.00000e-02
t_false_b           =  2.93886e-04 from=  0.00000e+00 to=  3.00000e-02
t_false_d           =  8.06917e-04 from=  0.00000e+00 to=  3.00000e-02
ok_bo_end           =  3.30001e+00
vdd_bo              =  3.30000e+00
m_vref_op_v = 1.2036760000e+00
m_vref_v = 1.2036760000e+00
m_ok_droop_mv = 0.0000000000e+00
m_iq_por_ua = 9.1452980000e-01
m_ibias_na = 5.0655350000e+02
m_iq_own_ua = 4.0797630000e-01
m_t_settle_us = 1.4861500000e+01
m_err_at_relv_mv = 1.3494850000e+02
m_vdd_ref90_v = 1.3569060000e+00
m_t_bo_recover_us = 7.6094000000e+02
m_t_false_ok_slow_us = 0.0000000000e+00
m_t_false_ok_fast_us = 7.5738240000e+02
m_t_false_ok_brownout_us = 1.1008022000e+03
m_err_at_ok_mv = 2.3754070000e+02
m_t_ok_us = 2.5138110000e+02
m_relv_slow_v = 2.9003580000e+00
m_relv_fast_v = 3.3000000000e+00
m_okf_at_1v_mv = 2.9561720000e+01
m_err_fast_end_mv = 3.9487010000e-06
m_bo_shallow_ppm = 8.3078904182e-01
m_bo_deep_ppm = 0.0000000000e+00
m_ok_bo_dip_mv = 3.5431680000e+02
m_ok_bo_end_droop_mv = -1.300000000e-02
Note: Simulation executed from .control section 

Warning: m=xx on .subckt line will override multiplier m hierarchy!

Note: Starting dynamic gmin stepping
Note: Dynamic gmin stepping completed
