
Note: Compatibility modes selected: hs a


Circuit: * bias-core-designer-check @ sf_27c_3.30v -- generated by sim/harness, do not edit

Doing analysis at TEMP = 27.000000 and TNOM = 27.000000

Using SPARSE 1.3 as Direct Linear Solver

Initial Transient Solution
--------------------------

Node                                   Voltage
----                                   -------
vddst                                      3.3
nibst                                  0.79638
ibiasst                                0.79638
xst.ks1                                2.22625
xst.ks2                                1.38155
xst.ks3                               0.747334
xst.ks4                               0.298855
xst.nkg                            2.63433e-07
xst.pg                                 2.61448
xst.nbg                               0.659156
xst.pb                                 2.60999
xst.nkm                               0.632163
xst.nokl                              0.601448
xst.noko                               1.60138
xst.nokx                           0.000225737
xst.n1                                0.625058
xst.n2                                0.621495
bias_okst                                  3.3
xst.tok                                1.70621
xst.nt                                 1.70448
xst.na                                0.570055
xst.nbtop                             0.572817
vrefst                                 1.19942
xst.nb                                0.570061
xst.ec                                0.516156
xst.er                                0.569957
xst.nz                                0.621495
xst.x47.11                             1.19942
xst.x47.21                             1.16008
xst.xr2__1                             1.16008
xst.xr2__2                             1.12074
xst.x48.11                             1.12074
xst.x48.21                             1.16008
xst.x49.11                             1.12073
xst.x49.21                              1.0814
xst.xr2__3                             1.08139
xst.xr2__4                             1.04205
xst.x50.11                             1.04205
xst.x50.21                             1.08139
xst.x51.11                             1.04205
xst.x51.21                             1.00271
xst.xr2__5                             1.00271
xst.xr2__6                            0.963371
xst.x52.11                            0.963372
xst.x52.21                             1.00271
xst.x53.11                            0.963369
xst.x53.21                            0.924031
xst.xr2__7                            0.924029
xst.xr2__8                            0.884688
xst.x54.11                             0.88469
xst.x54.21                            0.924028
xst.x55.11                            0.884686
xst.x55.21                            0.845348
xst.xr2__9                            0.845347
xst.xr2__10                           0.806005
xst.x56.11                            0.806007
xst.x56.21                            0.845345
xst.x57.11                            0.806004
xst.x57.21                            0.766666
xst.xr2__11                           0.766664
xst.xr2__12                           0.727323
xst.x58.11                            0.727324
xst.x58.21                            0.766662
xst.x59.11                            0.727321
xst.x59.21                            0.687983
xst.xr2__13                           0.687981
xst.xr2__14                            0.64864
xst.x60.11                            0.648642
xst.x60.21                             0.68798
xst.x61.11                            0.648638
xst.x61.21                              0.6093
xst.xr2__15                           0.609299
xst.x62.11                            0.569959
xst.x62.21                            0.609297
xst.x63.11                            0.621495
xst.x63.21                            0.621495
xst.xrz__1                            0.621495
xst.xrz__2                            0.621495
xst.x64.11                            0.621495
xst.x64.21                            0.621495
xst.x65.11                            0.621495
xst.x65.21                            0.621495
xst.xrz__3                            0.621495
xst.x66.11                            0.621495
xst.x66.21                            0.621495
xst.x67.11                            0.570059
xst.x67.21                             0.54311
xst.xr1__1                            0.543109
xst.x68.11                            0.516158
xst.x68.21                            0.543107
xst.x69.11                            0.572815
xst.x69.21                            0.571441
xst.xrt__1                            0.571439
xst.x70.11                            0.570063
xst.x70.21                            0.571437
xst.n1__par                           0.625058
xst.n2__par                           0.621495
xst.nkm__par                          0.632163
xst.tok__par                           1.70621
xst.noko__par                          1.60138
xst.nokl__par                         0.601448
xst.nokx__par                      0.000225737
xst.ks1__par                           2.22625
xst.ks2__par                           1.38155
xst.ks3__par                          0.747334
xst.ks4__par                          0.298855
xst.nkg__par                       2.63433e-07
xst.nb__par                           0.570061
xst.ec__par                           0.516156
xst.nz__par                           0.621495
xst.xrz__2__par                       0.621495
xst.xr2__14__par                       0.64864
xst.xr2__12__par                      0.727323
xst.pg__par                            2.61448
xst.xr2__10__par                      0.806005
xst.xr2__8__par                       0.884688
xst.xr2__6__par                       0.963371
xst.xr2__4__par                        1.04205
xst.xr2__2__par                        1.12074
xst.na__par                           0.570055
xst.er__par                           0.569957
xst.xrt__1__par                       0.571439
xst.nbtop__par                        0.572817
xst.xr1__1__par                       0.543109
xst.xrz__3__par                       0.621495
xst.xrz__1__par                       0.621495
xst.xr2__13__par                      0.687981
xst.xr2__11__par                      0.766664
xst.xr2__1__par                        1.16008
xst.xr2__3__par                        1.08139
xst.xr2__5__par                        1.00271
xst.xr2__7__par                       0.924029
xst.xr2__9__par                       0.845347
xst.xr2__15__par                      0.609299
xst.nbg__par                          0.659156
xst.pb__par                            2.60999
xst.nt__par                            1.70448
xst.bias_ok__par                           3.3
xst.ibias__par                         0.79638
xst.vdd__par                               3.3
xst.vref__par                          1.19942
xst.vss__par                                 0
vdds                                         0
nibs                                         0
ibiass                                       0
xs.ks1                                       0
xs.ks2                                       0
xs.ks3                                       0
xs.ks4                                       0
xs.nkg                                       0
xs.pg                                        0
xs.nbg                                       0
xs.pb                                        0
xs.nkm                                       0
xs.nokl                                      0
xs.noko                                      0
xs.nokx                                      0
xs.n1                                        0
xs.n2                                        0
bias_oks                                     0
xs.tok                                       0
xs.nt                                        0
xs.na                                        0
xs.nbtop                                     0
vrefs                                        0
xs.nb                                        0
xs.ec                                        0
xs.er                                        0
xs.nz                                        0
xs.x47.11                                    0
xs.x47.21                                    0
xs.xr2__1                                    0
xs.xr2__2                                    0
xs.x48.11                                    0
xs.x48.21                                    0
xs.x49.11                                    0
xs.x49.21                                    0
xs.xr2__3                                    0
xs.xr2__4                                    0
xs.x50.11                                    0
xs.x50.21                                    0
xs.x51.11                                    0
xs.x51.21                                    0
xs.xr2__5                                    0
xs.xr2__6                                    0
xs.x52.11                                    0
xs.x52.21                                    0
xs.x53.11                                    0
xs.x53.21                                    0
xs.xr2__7                                    0
xs.xr2__8                                    0
xs.x54.11                                    0
xs.x54.21                                    0
xs.x55.11                                    0
xs.x55.21                                    0
xs.xr2__9                                    0
xs.xr2__10                                   0
xs.x56.11                                    0
xs.x56.21                                    0
xs.x57.11                                    0
xs.x57.21                                    0
xs.xr2__11                                   0
xs.xr2__12                                   0
xs.x58.11                                    0
xs.x58.21                                    0
xs.x59.11                                    0
xs.x59.21                                    0
xs.xr2__13                                   0
xs.xr2__14                                   0
xs.x60.11                                    0
xs.x60.21                                    0
xs.x61.11                                    0
xs.x61.21                                    0
xs.xr2__15                                   0
xs.x62.11                                    0
xs.x62.21                                    0
xs.x63.11                                    0
xs.x63.21                                    0
xs.xrz__1                                    0
xs.xrz__2                                    0
xs.x64.11                                    0
xs.x64.21                                    0
xs.x65.11                                    0
xs.x65.21                                    0
xs.xrz__3                                    0
xs.x66.11                                    0
xs.x66.21                                    0
xs.x67.11                                    0
xs.x67.21                                    0
xs.xr1__1                                    0
xs.x68.11                                    0
xs.x68.21                                    0
xs.x69.11                                    0
xs.x69.21                                    0
xs.xrt__1                                    0
xs.x70.11                                    0
xs.x70.21                                    0
xs.n1__par                                   0
xs.n2__par                                   0
xs.nkm__par                                  0
xs.tok__par                                  0
xs.noko__par                                 0
xs.nokl__par                                 0
xs.nokx__par                                 0
xs.ks1__par                                  0
xs.ks2__par                                  0
xs.ks3__par                                  0
xs.ks4__par                                  0
xs.nkg__par                                  0
xs.nb__par                                   0
xs.ec__par                                   0
xs.nz__par                                   0
xs.xrz__2__par                               0
xs.xr2__14__par                              0
xs.xr2__12__par                              0
xs.pg__par                                   0
xs.xr2__10__par                              0
xs.xr2__8__par                               0
xs.xr2__6__par                               0
xs.xr2__4__par                               0
xs.xr2__2__par                               0
xs.na__par                                   0
xs.er__par                                   0
xs.xrt__1__par                               0
xs.nbtop__par                                0
xs.xr1__1__par                               0
xs.xrz__3__par                               0
xs.xrz__1__par                               0
xs.xr2__13__par                              0
xs.xr2__11__par                              0
xs.xr2__1__par                               0
xs.xr2__3__par                               0
xs.xr2__5__par                               0
xs.xr2__7__par                               0
xs.xr2__9__par                               0
xs.xr2__15__par                              0
xs.nbg__par                                  0
xs.pb__par                                   0
xs.nt__par                                   0
xs.bias_ok__par                              0
xs.ibias__par                                0
xs.vdd__par                                  0
xs.vref__par                                 0
xs.vss__par                                  0
es                                     1.19942
rels                                        -1
rr9s                                  -1.07948
fos                                          0
vddf                                         0
nibf                                         0
ibiasf                                       0
xf.ks1                                       0
xf.ks2                                       0
xf.ks3                                       0
xf.ks4                                       0
xf.nkg                                       0
xf.pg                                        0
xf.nbg                                       0
xf.pb                                        0
xf.nkm                                       0
xf.nokl                                      0
xf.noko                                      0
xf.nokx                                      0
xf.n1                                        0
xf.n2                                        0
bias_okf                                     0
xf.tok                                       0
xf.nt                                        0
xf.na                                        0
xf.nbtop                                     0
vreff                                        0
xf.nb                                        0
xf.ec                                        0
xf.er                                        0
xf.nz                                        0
xf.x47.11                                    0
xf.x47.21                                    0
xf.xr2__1                                    0
xf.xr2__2                                    0
xf.x48.11                                    0
xf.x48.21                                    0
xf.x49.11                                    0
xf.x49.21                                    0
xf.xr2__3                                    0
xf.xr2__4                                    0
xf.x50.11                                    0
xf.x50.21                                    0
xf.x51.11                                    0
xf.x51.21                                    0
xf.xr2__5                                    0
xf.xr2__6                                    0
xf.x52.11                                    0
xf.x52.21                                    0
xf.x53.11                                    0
xf.x53.21                                    0
xf.xr2__7                                    0
xf.xr2__8                                    0
xf.x54.11                                    0
xf.x54.21                                    0
xf.x55.11                                    0
xf.x55.21                                    0
xf.xr2__9                                    0
xf.xr2__10                                   0
xf.x56.11                                    0
xf.x56.21                                    0
xf.x57.11                                    0
xf.x57.21                                    0
xf.xr2__11                                   0
xf.xr2__12                                   0
xf.x58.11                                    0
xf.x58.21                                    0
xf.x59.11                                    0
xf.x59.21                                    0
xf.xr2__13                                   0
xf.xr2__14                                   0
xf.x60.11                                    0
xf.x60.21                                    0
xf.x61.11                                    0
xf.x61.21                                    0
xf.xr2__15                                   0
xf.x62.11                                    0
xf.x62.21                                    0
xf.x63.11                                    0
xf.x63.21                                    0
xf.xrz__1                                    0
xf.xrz__2                                    0
xf.x64.11                                    0
xf.x64.21                                    0
xf.x65.11                                    0
xf.x65.21                                    0
xf.xrz__3                                    0
xf.x66.11                                    0
xf.x66.21                                    0
xf.x67.11                                    0
xf.x67.21                                    0
xf.xr1__1                                    0
xf.x68.11                                    0
xf.x68.21                                    0
xf.x69.11                                    0
xf.x69.21                                    0
xf.xrt__1                                    0
xf.x70.11                                    0
xf.x70.21                                    0
xf.n1__par                                   0
xf.n2__par                                   0
xf.nkm__par                                  0
xf.tok__par                                  0
xf.noko__par                                 0
xf.nokl__par                                 0
xf.nokx__par                                 0
xf.ks1__par                                  0
xf.ks2__par                                  0
xf.ks3__par                                  0
xf.ks4__par                                  0
xf.nkg__par                                  0
xf.nb__par                                   0
xf.ec__par                                   0
xf.nz__par                                   0
xf.xrz__2__par                               0
xf.xr2__14__par                              0
xf.xr2__12__par                              0
xf.pg__par                                   0
xf.xr2__10__par                              0
xf.xr2__8__par                               0
xf.xr2__6__par                               0
xf.xr2__4__par                               0
xf.xr2__2__par                               0
xf.na__par                                   0
xf.er__par                                   0
xf.xrt__1__par                               0
xf.nbtop__par                                0
xf.xr1__1__par                               0
xf.xrz__3__par                               0
xf.xrz__1__par                               0
xf.xr2__13__par                              0
xf.xr2__11__par                              0
xf.xr2__1__par                               0
xf.xr2__3__par                               0
xf.xr2__5__par                               0
xf.xr2__7__par                               0
xf.xr2__9__par                               0
xf.xr2__15__par                              0
xf.nbg__par                                  0
xf.pb__par                                   0
xf.nt__par                                   0
xf.bias_ok__par                              0
xf.ibias__par                                0
xf.vdd__par                                  0
xf.vref__par                                 0
xf.vss__par                                  0
ef                                     1.19942
relf                                        -1
fof                                          0
vddb                                         0
nibb                                         0
ibiasb                                       0
xb.ks1                                       0
xb.ks2                                       0
xb.ks3                                       0
xb.ks4                                       0
xb.nkg                                       0
xb.pg                                        0
xb.nbg                                       0
xb.pb                                        0
xb.nkm                                       0
xb.nokl                                      0
xb.noko                                      0
xb.nokx                                      0
xb.n1                                        0
xb.n2                                        0
bias_okb                                     0
xb.tok                                       0
xb.nt                                        0
xb.na                                        0
xb.nbtop                                     0
vrefb                                        0
xb.nb                                        0
xb.ec                                        0
xb.er                                        0
xb.nz                                        0
xb.x47.11                                    0
xb.x47.21                                    0
xb.xr2__1                                    0
xb.xr2__2                                    0
xb.x48.11                                    0
xb.x48.21                                    0
xb.x49.11                                    0
xb.x49.21                                    0
xb.xr2__3                                    0
xb.xr2__4                                    0
xb.x50.11                                    0
xb.x50.21                                    0
xb.x51.11                                    0
xb.x51.21                                    0
xb.xr2__5                                    0
xb.xr2__6                                    0
xb.x52.11                                    0
xb.x52.21                                    0
xb.x53.11                                    0
xb.x53.21                                    0
xb.xr2__7                                    0
xb.xr2__8                                    0
xb.x54.11                                    0
xb.x54.21                                    0
xb.x55.11                                    0
xb.x55.21                                    0
xb.xr2__9                                    0
xb.xr2__10                                   0
xb.x56.11                                    0
xb.x56.21                                    0
xb.x57.11                                    0
xb.x57.21                                    0
xb.xr2__11                                   0
xb.xr2__12                                   0
xb.x58.11                                    0
xb.x58.21                                    0
xb.x59.11                                    0
xb.x59.21                                    0
xb.xr2__13                                   0
xb.xr2__14                                   0
xb.x60.11                                    0
xb.x60.21                                    0
xb.x61.11                                    0
xb.x61.21                                    0
xb.xr2__15                                   0
xb.x62.11                                    0
xb.x62.21                                    0
xb.x63.11                                    0
xb.x63.21                                    0
xb.xrz__1                                    0
xb.xrz__2                                    0
xb.x64.11                                    0
xb.x64.21                                    0
xb.x65.11                                    0
xb.x65.21                                    0
xb.xrz__3                                    0
xb.x66.11                                    0
xb.x66.21                                    0
xb.x67.11                                    0
xb.x67.21                                    0
xb.xr1__1                                    0
xb.x68.11                                    0
xb.x68.21                                    0
xb.x69.11                                    0
xb.x69.21                                    0
xb.xrt__1                                    0
xb.x70.11                                    0
xb.x70.21                                    0
xb.n1__par                                   0
xb.n2__par                                   0
xb.nkm__par                                  0
xb.tok__par                                  0
xb.noko__par                                 0
xb.nokl__par                                 0
xb.nokx__par                                 0
xb.ks1__par                                  0
xb.ks2__par                                  0
xb.ks3__par                                  0
xb.ks4__par                                  0
xb.nkg__par                                  0
xb.nb__par                                   0
xb.ec__par                                   0
xb.nz__par                                   0
xb.xrz__2__par                               0
xb.xr2__14__par                              0
xb.xr2__12__par                              0
xb.pg__par                                   0
xb.xr2__10__par                              0
xb.xr2__8__par                               0
xb.xr2__6__par                               0
xb.xr2__4__par                               0
xb.xr2__2__par                               0
xb.na__par                                   0
xb.er__par                                   0
xb.xrt__1__par                               0
xb.nbtop__par                                0
xb.xr1__1__par                               0
xb.xrz__3__par                               0
xb.xrz__1__par                               0
xb.xr2__13__par                              0
xb.xr2__11__par                              0
xb.xr2__1__par                               0
xb.xr2__3__par                               0
xb.xr2__5__par                               0
xb.xr2__7__par                               0
xb.xr2__9__par                               0
xb.xr2__15__par                              0
xb.nbg__par                                  0
xb.pb__par                                   0
xb.nt__par                                   0
xb.bias_ok__par                              0
xb.ibias__par                                0
xb.vdd__par                                  0
xb.vref__par                                 0
xb.vss__par                                  0
fob                                          0
vddd                                         0
nibd                                         0
ibiasd                                       0
xd.ks1                                       0
xd.ks2                                       0
xd.ks3                                       0
xd.ks4                                       0
xd.nkg                                       0
xd.pg                                        0
xd.nbg                                       0
xd.pb                                        0
xd.nkm                                       0
xd.nokl                                      0
xd.noko                                      0
xd.nokx                                      0
xd.n1                                        0
xd.n2                                        0
bias_okd                                     0
xd.tok                                       0
xd.nt                                        0
xd.na                                        0
xd.nbtop                                     0
vrefd                                        0
xd.nb                                        0
xd.ec                                        0
xd.er                                        0
xd.nz                            -3.84193e-318
xd.x47.11                                    0
xd.x47.21                                    0
xd.xr2__1                                    0
xd.xr2__2                                    0
xd.x48.11                                    0
xd.x48.21                                    0
xd.x49.11                                    0
xd.x49.21                                    0
xd.xr2__3                                    0
xd.xr2__4                                    0
xd.x50.11                                    0
xd.x50.21                                    0
xd.x51.11                                    0
xd.x51.21                                    0
xd.xr2__5                                    0
xd.xr2__6                                    0
xd.x52.11                                    0
xd.x52.21                                    0
xd.x53.11                                    0
xd.x53.21                                    0
xd.xr2__7                                    0
xd.xr2__8                                    0
xd.x54.11                                    0
xd.x54.21                                    0
xd.x55.11                                    0
xd.x55.21                                    0
xd.xr2__9                                    0
xd.xr2__10                                   0
xd.x56.11                                    0
xd.x56.21                                    0
xd.x57.11                                    0
xd.x57.21                                    0
xd.xr2__11                                   0
xd.xr2__12                                   0
xd.x58.11                                    0
xd.x58.21                                    0
xd.x59.11                                    0
xd.x59.21                                    0
xd.xr2__13                                   0
xd.xr2__14                                   0
xd.x60.11                                    0
xd.x60.21                                    0
xd.x61.11                                    0
xd.x61.21                                    0
xd.xr2__15                                   0
xd.x62.11                                    0
xd.x62.21                                    0
xd.x63.11                        -3.84193e-318
xd.x63.21                        -3.84193e-318
xd.xrz__1                        -3.84193e-318
xd.xrz__2                        -9.60404e-319
xd.x64.11                        -9.60449e-319
xd.x64.21                        -3.84189e-318
xd.x65.11                         -9.6036e-319
xd.x65.21                                    0
xd.xrz__3                                    0
xd.x66.11                                    0
xd.x66.21                                    0
xd.x67.11                                    0
xd.x67.21                                    0
xd.xr1__1                                    0
xd.x68.11                                    0
xd.x68.21                                    0
xd.x69.11                                    0
xd.x69.21                                    0
xd.xrt__1                                    0
xd.x70.11                                    0
xd.x70.21                                    0
xd.n1__par                                   0
xd.n2__par                                   0
xd.nkm__par                                  0
xd.tok__par                                  0
xd.noko__par                                 0
xd.nokl__par                                 0
xd.nokx__par                                 0
xd.ks1__par                                  0
xd.ks2__par                                  0
xd.ks3__par                                  0
xd.ks4__par                                  0
xd.nkg__par                                  0
xd.nb__par                                   0
xd.ec__par                                   0
xd.nz__par                       -3.84193e-318
xd.xrz__2__par                   -9.60404e-319
xd.xr2__14__par                              0
xd.xr2__12__par                              0
xd.pg__par                                   0
xd.xr2__10__par                              0
xd.xr2__8__par                               0
xd.xr2__6__par                               0
xd.xr2__4__par                               0
xd.xr2__2__par                               0
xd.na__par                                   0
xd.er__par                                   0
xd.xrt__1__par                               0
xd.nbtop__par                                0
xd.xr1__1__par                               0
xd.xrz__3__par                               0
xd.xrz__1__par                   -3.84193e-318
xd.xr2__13__par                              0
xd.xr2__11__par                              0
xd.xr2__1__par                               0
xd.xr2__3__par                               0
xd.xr2__5__par                               0
xd.xr2__7__par                               0
xd.xr2__9__par                               0
xd.xr2__15__par                              0
xd.nbg__par                                  0
xd.pb__par                                   0
xd.nt__par                                   0
xd.bias_ok__par                              0
xd.ibias__par                                0
xd.vdd__par                                  0
xd.vref__par                                 0
xd.vss__par                                  0
fod                                          0
bfod#branch                                  0
bfob#branch                                  0
bfof#branch                                  0
brelf#branch                                 0
bef#branch                                   0
bfos#branch                                  0
brr9s#branch                                 0
brels#branch                                 0
bes#branch                                   0
vibd#branch                                  0
vsupd#branch                                 0
vibb#branch                                  0
vsupb#branch                                 0
vibf#branch                                  0
vsupf#branch                                 0
vibs#branch                                  0
vsups#branch                                 0
vibst#branch                       5.45526e-07
vsupst#branch                     -9.92203e-07

 Reference value :  0.00000e+00
 Reference value :  1.98452e-06
 Reference value :  2.72594e-06
 Reference value :  3.33515e-06
 Reference value :  1.23225e-05
 Reference value :  3.85067e-05
 Reference value :  4.86080e-05
 Reference value :  5.44700e-05
 Reference value :  1.57444e-04
 Reference value :  2.17084e-04
 Reference value :  2.24378e-04
 Reference value :  4.06035e-04
 Reference value :  5.04872e-04
 Reference value :  5.55160e-04
 Reference value :  5.60022e-04
 Reference value :  6.14594e-04
 Reference value :  6.66853e-04
 Reference value :  7.39919e-04
 Reference value :  8.28805e-04
 Reference value :  9.57076e-04
 Reference value :  1.07654e-03
 Reference value :  1.10406e-03
 Reference value :  1.10658e-03
 Reference value :  1.11270e-03
 Reference value :  1.26905e-03
 Reference value :  1.31730e-03
 Reference value :  1.43070e-03
 Reference value :  1.44482e-03
 Reference value :  1.52559e-03
 Reference value :  1.79359e-03
 Reference value :  2.05759e-03
 Reference value :  2.32959e-03
 Reference value :  2.59759e-03
 Reference value :  2.86559e-03
 Reference value :  3.13359e-03
 Reference value :  3.40559e-03
 Reference value :  3.66959e-03
 Reference value :  3.93359e-03
 Reference value :  4.19759e-03
 Reference value :  4.46159e-03
 Reference value :  4.72959e-03
 Reference value :  4.98959e-03
 Reference value :  5.25359e-03
 Reference value :  5.52159e-03
 Reference value :  5.78559e-03
 Reference value :  5.90848e-03
 Reference value :  6.08950e-03
 Reference value :  6.14112e-03
 Reference value :  6.27659e-03
 Reference value :  6.54859e-03
 Reference value :  6.81659e-03
 Reference value :  7.08059e-03
 Reference value :  7.34459e-03
 Reference value :  7.61659e-03
 Reference value :  7.88459e-03
 Reference value :  8.15659e-03
 Reference value :  8.42859e-03
 Reference value :  8.70059e-03
 Reference value :  8.96459e-03
 Reference value :  9.22459e-03
 Reference value :  9.49259e-03
 Reference value :  9.75259e-03
 Reference value :  1.00206e-02
 Reference value :  1.02926e-02
 Reference value :  1.05566e-02
 Reference value :  1.08206e-02
 Reference value :  1.10926e-02
 Reference value :  1.13726e-02
 Reference value :  1.16366e-02
 Reference value :  1.19006e-02
 Reference value :  1.21646e-02
 Reference value :  1.24246e-02
 Reference value :  1.26806e-02
 Reference value :  1.29606e-02
 Reference value :  1.32326e-02
 Reference value :  1.35006e-02
 Reference value :  1.37726e-02
 Reference value :  1.40366e-02
 Reference value :  1.43046e-02
 Reference value :  1.45846e-02
 Reference value :  1.48526e-02
 Reference value :  1.51166e-02
 Reference value :  1.53766e-02
 Reference value :  1.58206e-02
 Reference value :  1.62406e-02
 Reference value :  1.65206e-02
 Reference value :  1.68046e-02
 Reference value :  1.70726e-02
 Reference value :  1.73446e-02
 Reference value :  1.76126e-02
 Reference value :  1.78766e-02
 Reference value :  1.81686e-02
 Reference value :  1.84766e-02
 Reference value :  1.87486e-02
 Reference value :  1.90086e-02
 Reference value :  1.92766e-02
 Reference value :  1.95326e-02
 Reference value :  1.97966e-02
 Reference value :  2.00526e-02
 Reference value :  2.03166e-02
 Reference value :  2.05766e-02
 Reference value :  2.08326e-02
 Reference value :  2.10966e-02
 Reference value :  2.13566e-02
 Reference value :  2.16166e-02
 Reference value :  2.18726e-02
 Reference value :  2.21366e-02
 Reference value :  2.23966e-02
 Reference value :  2.26566e-02
 Reference value :  2.29206e-02
 Reference value :  2.31806e-02
 Reference value :  2.34366e-02
 Reference value :  2.37006e-02
 Reference value :  2.39646e-02
 Reference value :  2.42246e-02
 Reference value :  2.44926e-02
 Reference value :  2.47526e-02
 Reference value :  2.50086e-02
 Reference value :  2.52886e-02
 Reference value :  2.55446e-02
 Reference value :  2.58046e-02
 Reference value :  2.60646e-02
 Reference value :  2.63206e-02
 Reference value :  2.65926e-02
 Reference value :  2.68526e-02
 Reference value :  2.71126e-02
 Reference value :  2.73686e-02
 Reference value :  2.76126e-02
 Reference value :  2.78726e-02
 Reference value :  2.81326e-02
 Reference value :  2.83966e-02
 Reference value :  2.86526e-02
 Reference value :  2.89166e-02
 Reference value :  2.91846e-02
 Reference value :  2.94446e-02
 Reference value :  2.97046e-02
 Reference value :  2.99646e-02
No. of Data Rows : 8238
vref_op             =  1.19942e+00
vref_st             =  1.19942e+00
ok_st               =  3.30000e+00
vdd_st              =  3.30000e+00
iq_st               =  -9.92203e-07
ib_st               =  5.45526e-07
t_set               =  5.18238e-04
vdd_drop            =  1.41160e+00
t_oks               =  2.23447e-04
err_at_ok           =  1.50320e-01
relv_slow           =  2.93500e+00
err_at_relv         =  1.55195e-01
relv_fast           =  3.30000e+00
okf_at_1v           =  2.28680e-02
errf_end            =  -4.61018e-10
bo_pre              =  1.19942e+00
bo_mid              =  1.19942e+00
bo_dpre             =  1.19942e+00
bo_post             =  1.19942e+00
ok_bo_dip           =  2.13942e-01
t_bo_rec            =  6.14104e-03
t_false_s           =  0.00000e+00 from=  0.00000e+00 to=  3.00000e-02
t_false_f           =  6.01673e-04 from=  0.00000e+00 to=  3.00000e-02
t_false_b           =  9.03776e-04 from=  0.00000e+00 to=  3.00000e-02
t_false_d           =  4.93022e-03 from=  0.00000e+00 to=  3.00000e-02
ok_bo_end           =  3.29999e+00
vdd_bo              =  3.30000e+00
m_vref_op_v = 1.1994180000e+00
m_vref_v = 1.1994180000e+00
m_ok_droop_mv = 0.0000000000e+00
m_iq_por_ua = 9.9220290000e-01
m_ibias_na = 5.4552590000e+02
m_iq_own_ua = 4.4667700000e-01
m_t_settle_us = 1.8238200000e+01
m_err_at_relv_mv = 1.5519530000e+02
m_vdd_ref90_v = 1.4115950000e+00
m_t_bo_recover_us = 5.0310450000e+03
m_t_false_ok_slow_us = 0.0000000000e+00
m_t_false_ok_fast_us = 6.0167300000e+02
m_t_false_ok_brownout_us = 5.8339941000e+03
m_err_at_ok_mv = 1.5031980000e+02
m_t_ok_us = 2.2344730000e+02
m_relv_slow_v = 2.9350010000e+00
m_relv_fast_v = 3.3000000000e+00
m_okf_at_1v_mv = 2.2868010000e+01
m_err_fast_end_mv = -4.610177000e-07
m_bo_shallow_ppm = 0.0000000000e+00
m_bo_deep_ppm = 8.3373769605e-01
m_ok_bo_dip_mv = 2.1394180000e+02
m_ok_bo_end_droop_mv = 1.4000000000e-02
Note: Simulation executed from .control section 

Warning: m=xx on .subckt line will override multiplier m hierarchy!

Note: Starting dynamic gmin stepping
Warning: Dynamic gmin stepping failed
Note: Starting true gmin stepping
Note: True gmin stepping completed
