
Note: Compatibility modes selected: hs a


Circuit: * bias-core-designer-check @ ss_27c_3.63v -- generated by sim/harness, do not edit

Doing analysis at TEMP = 27.000000 and TNOM = 27.000000

Using SPARSE 1.3 as Direct Linear Solver

Initial Transient Solution
--------------------------

Node                                   Voltage
----                                   -------
vddst                                     3.63
nibst                                 0.813252
ibiasst                               0.813252
xst.ks1                                2.45573
xst.ks2                                1.52822
xst.ks3                               0.828824
xst.ks4                               0.332031
xst.nkg                            3.75621e-07
xst.pg                                 2.74051
xst.nbg                               0.678665
xst.pb                                 2.73555
xst.nkm                               0.652135
xst.nokl                              0.621326
xst.noko                               1.82144
xst.nokx                           0.000157046
xst.n1                                0.645067
xst.n2                                0.641326
bias_okst                                 3.63
xst.tok                                1.97656
xst.nt                                 1.97507
xst.na                                0.573106
xst.nbtop                             0.575868
vrefst                                  1.2023
xst.nb                                0.573112
xst.ec                                0.519185
xst.er                                0.572991
xst.nz                                0.641326
xst.x47.11                              1.2023
xst.x47.21                             1.16297
xst.xr2__1                             1.16297
xst.xr2__2                             1.12364
xst.x48.11                             1.12364
xst.x48.21                             1.16297
xst.x49.11                             1.12364
xst.x49.21                             1.08431
xst.xr2__3                             1.08431
xst.xr2__4                             1.04497
xst.x50.11                             1.04497
xst.x50.21                              1.0843
xst.x51.11                             1.04497
xst.x51.21                             1.00564
xst.xr2__5                             1.00564
xst.xr2__6                            0.966309
xst.x52.11                            0.966311
xst.x52.21                             1.00564
xst.x53.11                            0.966308
xst.x53.21                            0.926979
xst.xr2__7                            0.926978
xst.xr2__8                            0.887646
xst.x54.11                            0.887647
xst.x54.21                            0.926976
xst.x55.11                            0.887644
xst.x55.21                            0.848315
xst.xr2__9                            0.848314
xst.xr2__10                           0.808982
xst.x56.11                            0.808983
xst.x56.21                            0.848313
xst.x57.11                            0.808981
xst.x57.21                            0.769651
xst.xr2__11                            0.76965
xst.xr2__12                           0.730318
xst.x58.11                             0.73032
xst.x58.21                            0.769649
xst.x59.11                            0.730317
xst.x59.21                            0.690988
xst.xr2__13                           0.690986
xst.xr2__14                           0.651654
xst.x60.11                            0.651656
xst.x60.21                            0.690985
xst.x61.11                            0.651653
xst.x61.21                            0.612324
xst.xr2__15                           0.612323
xst.x62.11                            0.572992
xst.x62.21                            0.612321
xst.x63.11                            0.641326
xst.x63.21                            0.641326
xst.xrz__1                            0.641326
xst.xrz__2                            0.641326
xst.x64.11                            0.641326
xst.x64.21                            0.641326
xst.x65.11                            0.641326
xst.x65.21                            0.641326
xst.xrz__3                            0.641326
xst.x66.11                            0.641326
xst.x66.21                            0.641326
xst.x67.11                            0.573111
xst.x67.21                             0.54615
xst.xr1__1                            0.546149
xst.x68.11                            0.519187
xst.x68.21                            0.546147
xst.x69.11                            0.575867
xst.x69.21                            0.574491
xst.xrt__1                             0.57449
xst.x70.11                            0.573113
xst.x70.21                            0.574489
xst.n1__par                           0.645067
xst.n2__par                           0.641326
xst.nkm__par                          0.652135
xst.tok__par                           1.97656
xst.noko__par                          1.82144
xst.nokl__par                         0.621326
xst.nokx__par                      0.000157046
xst.ks1__par                           2.45573
xst.ks2__par                           1.52822
xst.ks3__par                          0.828824
xst.ks4__par                          0.332031
xst.nkg__par                       3.75621e-07
xst.nb__par                           0.573112
xst.ec__par                           0.519185
xst.nz__par                           0.641326
xst.xrz__2__par                       0.641326
xst.xr2__14__par                      0.651654
xst.xr2__12__par                      0.730318
xst.pg__par                            2.74051
xst.xr2__10__par                      0.808982
xst.xr2__8__par                       0.887646
xst.xr2__6__par                       0.966309
xst.xr2__4__par                        1.04497
xst.xr2__2__par                        1.12364
xst.na__par                           0.573106
xst.er__par                           0.572991
xst.xrt__1__par                        0.57449
xst.nbtop__par                        0.575868
xst.xr1__1__par                       0.546149
xst.xrz__3__par                       0.641326
xst.xrz__1__par                       0.641326
xst.xr2__13__par                      0.690986
xst.xr2__11__par                       0.76965
xst.xr2__1__par                        1.16297
xst.xr2__3__par                        1.08431
xst.xr2__5__par                        1.00564
xst.xr2__7__par                       0.926978
xst.xr2__9__par                       0.848314
xst.xr2__15__par                      0.612323
xst.nbg__par                          0.678665
xst.pb__par                            2.73555
xst.nt__par                            1.97507
xst.bias_ok__par                          3.63
xst.ibias__par                        0.813252
xst.vdd__par                              3.63
xst.vref__par                           1.2023
xst.vss__par                                 0
vdds                                         0
nibs                                         0
ibiass                                       0
xs.ks1                                       0
xs.ks2                                       0
xs.ks3                                       0
xs.ks4                                       0
xs.nkg                                       0
xs.pg                                        0
xs.nbg                                       0
xs.pb                                        0
xs.nkm                                       0
xs.nokl                                      0
xs.noko                                      0
xs.nokx                                      0
xs.n1                                        0
xs.n2                                        0
bias_oks                                     0
xs.tok                                       0
xs.nt                                        0
xs.na                                        0
xs.nbtop                                     0
vrefs                                        0
xs.nb                                        0
xs.ec                                        0
xs.er                                        0
xs.nz                                        0
xs.x47.11                                    0
xs.x47.21                                    0
xs.xr2__1                                    0
xs.xr2__2                                    0
xs.x48.11                                    0
xs.x48.21                                    0
xs.x49.11                                    0
xs.x49.21                                    0
xs.xr2__3                                    0
xs.xr2__4                                    0
xs.x50.11                                    0
xs.x50.21                                    0
xs.x51.11                                    0
xs.x51.21                                    0
xs.xr2__5                                    0
xs.xr2__6                                    0
xs.x52.11                                    0
xs.x52.21                                    0
xs.x53.11                                    0
xs.x53.21                                    0
xs.xr2__7                                    0
xs.xr2__8                                    0
xs.x54.11                                    0
xs.x54.21                                    0
xs.x55.11                                    0
xs.x55.21                                    0
xs.xr2__9                                    0
xs.xr2__10                                   0
xs.x56.11                                    0
xs.x56.21                                    0
xs.x57.11                                    0
xs.x57.21                                    0
xs.xr2__11                                   0
xs.xr2__12                                   0
xs.x58.11                                    0
xs.x58.21                                    0
xs.x59.11                                    0
xs.x59.21                                    0
xs.xr2__13                                   0
xs.xr2__14                                   0
xs.x60.11                                    0
xs.x60.21                                    0
xs.x61.11                                    0
xs.x61.21                                    0
xs.xr2__15                                   0
xs.x62.11                                    0
xs.x62.21                                    0
xs.x63.11                                    0
xs.x63.21                                    0
xs.xrz__1                                    0
xs.xrz__2                                    0
xs.x64.11                                    0
xs.x64.21                                    0
xs.x65.11                                    0
xs.x65.21                                    0
xs.xrz__3                                    0
xs.x66.11                                    0
xs.x66.21                                    0
xs.x67.11                                    0
xs.x67.21                                    0
xs.xr1__1                                    0
xs.x68.11                                    0
xs.x68.21                                    0
xs.x69.11                                    0
xs.x69.21                                    0
xs.xrt__1                                    0
xs.x70.11                                    0
xs.x70.21                                    0
xs.n1__par                                   0
xs.n2__par                                   0
xs.nkm__par                                  0
xs.tok__par                                  0
xs.noko__par                                 0
xs.nokl__par                                 0
xs.nokx__par                                 0
xs.ks1__par                                  0
xs.ks2__par                                  0
xs.ks3__par                                  0
xs.ks4__par                                  0
xs.nkg__par                                  0
xs.nb__par                                   0
xs.ec__par                                   0
xs.nz__par                                   0
xs.xrz__2__par                               0
xs.xr2__14__par                              0
xs.xr2__12__par                              0
xs.pg__par                                   0
xs.xr2__10__par                              0
xs.xr2__8__par                               0
xs.xr2__6__par                               0
xs.xr2__4__par                               0
xs.xr2__2__par                               0
xs.na__par                                   0
xs.er__par                                   0
xs.xrt__1__par                               0
xs.nbtop__par                                0
xs.xr1__1__par                               0
xs.xrz__3__par                               0
xs.xrz__1__par                               0
xs.xr2__13__par                              0
xs.xr2__11__par                              0
xs.xr2__1__par                               0
xs.xr2__3__par                               0
xs.xr2__5__par                               0
xs.xr2__7__par                               0
xs.xr2__9__par                               0
xs.xr2__15__par                              0
xs.nbg__par                                  0
xs.pb__par                                   0
xs.nt__par                                   0
xs.bias_ok__par                              0
xs.ibias__par                                0
xs.vdd__par                                  0
xs.vref__par                                 0
xs.vss__par                                  0
es                                      1.2023
rels                                        -1
rr9s                                  -1.08207
fos                                          0
vddf                                         0
nibf                                         0
ibiasf                                       0
xf.ks1                                       0
xf.ks2                                       0
xf.ks3                                       0
xf.ks4                                       0
xf.nkg                                       0
xf.pg                                        0
xf.nbg                                       0
xf.pb                                        0
xf.nkm                                       0
xf.nokl                                      0
xf.noko                                      0
xf.nokx                                      0
xf.n1                                        0
xf.n2                                        0
bias_okf                                     0
xf.tok                                       0
xf.nt                                        0
xf.na                                        0
xf.nbtop                                     0
vreff                                        0
xf.nb                                        0
xf.ec                                        0
xf.er                                        0
xf.nz                                        0
xf.x47.11                                    0
xf.x47.21                                    0
xf.xr2__1                                    0
xf.xr2__2                                    0
xf.x48.11                                    0
xf.x48.21                                    0
xf.x49.11                                    0
xf.x49.21                                    0
xf.xr2__3                                    0
xf.xr2__4                                    0
xf.x50.11                                    0
xf.x50.21                                    0
xf.x51.11                                    0
xf.x51.21                                    0
xf.xr2__5                                    0
xf.xr2__6                                    0
xf.x52.11                                    0
xf.x52.21                                    0
xf.x53.11                                    0
xf.x53.21                                    0
xf.xr2__7                                    0
xf.xr2__8                                    0
xf.x54.11                                    0
xf.x54.21                                    0
xf.x55.11                                    0
xf.x55.21                                    0
xf.xr2__9                                    0
xf.xr2__10                                   0
xf.x56.11                                    0
xf.x56.21                                    0
xf.x57.11                                    0
xf.x57.21                                    0
xf.xr2__11                                   0
xf.xr2__12                                   0
xf.x58.11                                    0
xf.x58.21                                    0
xf.x59.11                                    0
xf.x59.21                                    0
xf.xr2__13                                   0
xf.xr2__14                                   0
xf.x60.11                                    0
xf.x60.21                                    0
xf.x61.11                                    0
xf.x61.21                                    0
xf.xr2__15                                   0
xf.x62.11                                    0
xf.x62.21                                    0
xf.x63.11                                    0
xf.x63.21                                    0
xf.xrz__1                                    0
xf.xrz__2                                    0
xf.x64.11                                    0
xf.x64.21                                    0
xf.x65.11                                    0
xf.x65.21                                    0
xf.xrz__3                                    0
xf.x66.11                                    0
xf.x66.21                                    0
xf.x67.11                                    0
xf.x67.21                                    0
xf.xr1__1                                    0
xf.x68.11                                    0
xf.x68.21                                    0
xf.x69.11                                    0
xf.x69.21                                    0
xf.xrt__1                                    0
xf.x70.11                                    0
xf.x70.21                                    0
xf.n1__par                                   0
xf.n2__par                                   0
xf.nkm__par                                  0
xf.tok__par                                  0
xf.noko__par                                 0
xf.nokl__par                                 0
xf.nokx__par                                 0
xf.ks1__par                                  0
xf.ks2__par                                  0
xf.ks3__par                                  0
xf.ks4__par                                  0
xf.nkg__par                                  0
xf.nb__par                                   0
xf.ec__par                                   0
xf.nz__par                                   0
xf.xrz__2__par                               0
xf.xr2__14__par                              0
xf.xr2__12__par                              0
xf.pg__par                                   0
xf.xr2__10__par                              0
xf.xr2__8__par                               0
xf.xr2__6__par                               0
xf.xr2__4__par                               0
xf.xr2__2__par                               0
xf.na__par                                   0
xf.er__par                                   0
xf.xrt__1__par                               0
xf.nbtop__par                                0
xf.xr1__1__par                               0
xf.xrz__3__par                               0
xf.xrz__1__par                               0
xf.xr2__13__par                              0
xf.xr2__11__par                              0
xf.xr2__1__par                               0
xf.xr2__3__par                               0
xf.xr2__5__par                               0
xf.xr2__7__par                               0
xf.xr2__9__par                               0
xf.xr2__15__par                              0
xf.nbg__par                                  0
xf.pb__par                                   0
xf.nt__par                                   0
xf.bias_ok__par                              0
xf.ibias__par                                0
xf.vdd__par                                  0
xf.vref__par                                 0
xf.vss__par                                  0
ef                                      1.2023
relf                                        -1
fof                                          0
vddb                                         0
nibb                                         0
ibiasb                                       0
xb.ks1                                       0
xb.ks2                                       0
xb.ks3                                       0
xb.ks4                                       0
xb.nkg                                       0
xb.pg                                        0
xb.nbg                                       0
xb.pb                                        0
xb.nkm                                       0
xb.nokl                                      0
xb.noko                                      0
xb.nokx                                      0
xb.n1                                        0
xb.n2                                        0
bias_okb                                     0
xb.tok                                       0
xb.nt                                        0
xb.na                                        0
xb.nbtop                                     0
vrefb                                        0
xb.nb                                        0
xb.ec                                        0
xb.er                                        0
xb.nz                                        0
xb.x47.11                                    0
xb.x47.21                                    0
xb.xr2__1                                    0
xb.xr2__2                                    0
xb.x48.11                                    0
xb.x48.21                                    0
xb.x49.11                                    0
xb.x49.21                                    0
xb.xr2__3                                    0
xb.xr2__4                                    0
xb.x50.11                                    0
xb.x50.21                                    0
xb.x51.11                                    0
xb.x51.21                                    0
xb.xr2__5                                    0
xb.xr2__6                                    0
xb.x52.11                                    0
xb.x52.21                                    0
xb.x53.11                                    0
xb.x53.21                                    0
xb.xr2__7                                    0
xb.xr2__8                                    0
xb.x54.11                                    0
xb.x54.21                                    0
xb.x55.11                                    0
xb.x55.21                                    0
xb.xr2__9                                    0
xb.xr2__10                                   0
xb.x56.11                                    0
xb.x56.21                                    0
xb.x57.11                                    0
xb.x57.21                                    0
xb.xr2__11                                   0
xb.xr2__12                                   0
xb.x58.11                                    0
xb.x58.21                                    0
xb.x59.11                                    0
xb.x59.21                                    0
xb.xr2__13                                   0
xb.xr2__14                                   0
xb.x60.11                                    0
xb.x60.21                                    0
xb.x61.11                                    0
xb.x61.21                                    0
xb.xr2__15                                   0
xb.x62.11                                    0
xb.x62.21                                    0
xb.x63.11                                    0
xb.x63.21                                    0
xb.xrz__1                                    0
xb.xrz__2                                    0
xb.x64.11                                    0
xb.x64.21                                    0
xb.x65.11                                    0
xb.x65.21                                    0
xb.xrz__3                                    0
xb.x66.11                                    0
xb.x66.21                                    0
xb.x67.11                                    0
xb.x67.21                                    0
xb.xr1__1                                    0
xb.x68.11                                    0
xb.x68.21                                    0
xb.x69.11                                    0
xb.x69.21                                    0
xb.xrt__1                                    0
xb.x70.11                                    0
xb.x70.21                                    0
xb.n1__par                                   0
xb.n2__par                                   0
xb.nkm__par                                  0
xb.tok__par                                  0
xb.noko__par                                 0
xb.nokl__par                                 0
xb.nokx__par                                 0
xb.ks1__par                                  0
xb.ks2__par                                  0
xb.ks3__par                                  0
xb.ks4__par                                  0
xb.nkg__par                                  0
xb.nb__par                                   0
xb.ec__par                                   0
xb.nz__par                                   0
xb.xrz__2__par                               0
xb.xr2__14__par                              0
xb.xr2__12__par                              0
xb.pg__par                                   0
xb.xr2__10__par                              0
xb.xr2__8__par                               0
xb.xr2__6__par                               0
xb.xr2__4__par                               0
xb.xr2__2__par                               0
xb.na__par                                   0
xb.er__par                                   0
xb.xrt__1__par                               0
xb.nbtop__par                                0
xb.xr1__1__par                               0
xb.xrz__3__par                               0
xb.xrz__1__par                               0
xb.xr2__13__par                              0
xb.xr2__11__par                              0
xb.xr2__1__par                               0
xb.xr2__3__par                               0
xb.xr2__5__par                               0
xb.xr2__7__par                               0
xb.xr2__9__par                               0
xb.xr2__15__par                              0
xb.nbg__par                                  0
xb.pb__par                                   0
xb.nt__par                                   0
xb.bias_ok__par                              0
xb.ibias__par                                0
xb.vdd__par                                  0
xb.vref__par                                 0
xb.vss__par                                  0
fob                                          0
vddd                                         0
nibd                                         0
ibiasd                                       0
xd.ks1                                       0
xd.ks2                                       0
xd.ks3                                       0
xd.ks4                                       0
xd.nkg                                       0
xd.pg                                        0
xd.nbg                                       0
xd.pb                                        0
xd.nkm                                       0
xd.nokl                                      0
xd.noko                                      0
xd.nokx                                      0
xd.n1                                        0
xd.n2                                        0
bias_okd                                     0
xd.tok                                       0
xd.nt                                        0
xd.na                                        0
xd.nbtop                                     0
vrefd                                        0
xd.nb                            -1.69158e-319
xd.ec                            -1.69158e-319
xd.er                                        0
xd.nz                                        0
xd.x47.11                                    0
xd.x47.21                                    0
xd.xr2__1                                    0
xd.xr2__2                                    0
xd.x48.11                                    0
xd.x48.21                                    0
xd.x49.11                                    0
xd.x49.21                                    0
xd.xr2__3                                    0
xd.xr2__4                                    0
xd.x50.11                                    0
xd.x50.21                                    0
xd.x51.11                                    0
xd.x51.21                                    0
xd.xr2__5                                    0
xd.xr2__6                                    0
xd.x52.11                                    0
xd.x52.21                                    0
xd.x53.11                                    0
xd.x53.21                                    0
xd.xr2__7                                    0
xd.xr2__8                                    0
xd.x54.11                                    0
xd.x54.21                                    0
xd.x55.11                                    0
xd.x55.21                                    0
xd.xr2__9                                    0
xd.xr2__10                                   0
xd.x56.11                                    0
xd.x56.21                                    0
xd.x57.11                                    0
xd.x57.21                                    0
xd.xr2__11                                   0
xd.xr2__12                                   0
xd.x58.11                                    0
xd.x58.21                                    0
xd.x59.11                                    0
xd.x59.21                                    0
xd.xr2__13                                   0
xd.xr2__14                                   0
xd.x60.11                                    0
xd.x60.21                                    0
xd.x61.11                                    0
xd.x61.21                                    0
xd.xr2__15                                   0
xd.x62.11                                    0
xd.x62.21                                    0
xd.x63.11                                    0
xd.x63.21                                    0
xd.xrz__1                                    0
xd.xrz__2                                    0
xd.x64.11                                    0
xd.x64.21                                    0
xd.x65.11                                    0
xd.x65.21                                    0
xd.xrz__3                                    0
xd.x66.11                                    0
xd.x66.21                                    0
xd.x67.11                        -1.69158e-319
xd.x67.21                        -1.69158e-319
xd.xr1__1                        -1.69158e-319
xd.x68.11                        -1.69158e-319
xd.x68.21                        -1.69158e-319
xd.x69.11                        -3.95253e-323
xd.x69.21                        -4.22031e-320
xd.xrt__1                        -4.22476e-320
xd.x70.11                        -1.69114e-319
xd.x70.21                         -4.2292e-320
xd.n1__par                                   0
xd.n2__par                                   0
xd.nkm__par                                  0
xd.tok__par                                  0
xd.noko__par                                 0
xd.nokl__par                                 0
xd.nokx__par                                 0
xd.ks1__par                                  0
xd.ks2__par                                  0
xd.ks3__par                                  0
xd.ks4__par                                  0
xd.nkg__par                                  0
xd.nb__par                       -1.69158e-319
xd.ec__par                       -1.69158e-319
xd.nz__par                                   0
xd.xrz__2__par                               0
xd.xr2__14__par                              0
xd.xr2__12__par                              0
xd.pg__par                                   0
xd.xr2__10__par                              0
xd.xr2__8__par                               0
xd.xr2__6__par                               0
xd.xr2__4__par                               0
xd.xr2__2__par                               0
xd.na__par                                   0
xd.er__par                                   0
xd.xrt__1__par                   -4.22476e-320
xd.nbtop__par                                0
xd.xr1__1__par                   -1.69158e-319
xd.xrz__3__par                               0
xd.xrz__1__par                               0
xd.xr2__13__par                              0
xd.xr2__11__par                              0
xd.xr2__1__par                               0
xd.xr2__3__par                               0
xd.xr2__5__par                               0
xd.xr2__7__par                               0
xd.xr2__9__par                               0
xd.xr2__15__par                              0
xd.nbg__par                                  0
xd.pb__par                                   0
xd.nt__par                                   0
xd.bias_ok__par                              0
xd.ibias__par                                0
xd.vdd__par                                  0
xd.vref__par                                 0
xd.vss__par                                  0
fod                                          0
bfod#branch                                  0
bfob#branch                                  0
bfof#branch                                  0
brelf#branch                                 0
bef#branch                                   0
bfos#branch                                  0
brr9s#branch                                 0
brels#branch                                 0
bes#branch                                   0
vibd#branch                                  0
vsupd#branch                                 0
vibb#branch                                  0
vsupb#branch                                 0
vibf#branch                                  0
vsupf#branch                                 0
vibs#branch                                  0
vsups#branch                                 0
vibst#branch                       4.40757e-07
vsupst#branch                       -7.987e-07

 Reference value :  0.00000e+00
 Reference value :  2.82148e-06
 Reference value :  3.75261e-06
 Reference value :  3.44640e-05
 Reference value :  4.70683e-05
 Reference value :  5.26115e-05
 Reference value :  8.69659e-05
 Reference value :  1.94585e-04
 Reference value :  2.34649e-04
 Reference value :  2.36786e-04
 Reference value :  4.04124e-04
 Reference value :  4.60437e-04
 Reference value :  5.56219e-04
 Reference value :  5.65038e-04
 Reference value :  6.66964e-04
 Reference value :  7.33215e-04
 Reference value :  7.93102e-04
 Reference value :  8.21650e-04
 Reference value :  8.25407e-04
 Reference value :  8.84131e-04
 Reference value :  8.87648e-04
 Reference value :  9.56558e-04
 Reference value :  1.04055e-03
 Reference value :  1.10329e-03
 Reference value :  1.10858e-03
 Reference value :  1.16417e-03
 Reference value :  1.40817e-03
 Reference value :  1.66417e-03
 Reference value :  1.86417e-03
 Reference value :  1.91082e-03
 Reference value :  2.04984e-03
 Reference value :  2.07130e-03
 Reference value :  2.28450e-03
 Reference value :  2.55250e-03
 Reference value :  2.81650e-03
 Reference value :  3.07650e-03
 Reference value :  3.33650e-03
 Reference value :  3.60050e-03
 Reference value :  3.86050e-03
 Reference value :  4.12450e-03
 Reference value :  4.38850e-03
 Reference value :  4.65250e-03
 Reference value :  4.91650e-03
 Reference value :  5.18450e-03
 Reference value :  5.44450e-03
 Reference value :  5.70450e-03
 Reference value :  5.97650e-03
 Reference value :  6.24450e-03
 Reference value :  6.50850e-03
 Reference value :  6.76850e-03
 Reference value :  7.03250e-03
 Reference value :  7.30050e-03
 Reference value :  7.56850e-03
 Reference value :  7.83650e-03
 Reference value :  8.10450e-03
 Reference value :  8.39250e-03
 Reference value :  8.66050e-03
 Reference value :  8.93250e-03
 Reference value :  9.20050e-03
 Reference value :  9.48450e-03
 Reference value :  9.88050e-03
 Reference value :  1.02005e-02
 Reference value :  1.05565e-02
 Reference value :  1.08885e-02
 Reference value :  1.12405e-02
 Reference value :  1.15845e-02
 Reference value :  1.19285e-02
 Reference value :  1.22405e-02
 Reference value :  1.26285e-02
 Reference value :  1.30805e-02
 Reference value :  1.35445e-02
 Reference value :  1.40165e-02
 Reference value :  1.45005e-02
 Reference value :  1.49765e-02
 Reference value :  1.54485e-02
 Reference value :  1.59245e-02
 Reference value :  1.64045e-02
 Reference value :  1.68805e-02
 Reference value :  1.73365e-02
 Reference value :  1.76405e-02
 Reference value :  1.79245e-02
 Reference value :  1.81885e-02
 Reference value :  1.84445e-02
 Reference value :  1.87085e-02
 Reference value :  1.89685e-02
 Reference value :  1.92325e-02
 Reference value :  1.95005e-02
 Reference value :  1.97645e-02
 Reference value :  2.00245e-02
 Reference value :  2.02965e-02
 Reference value :  2.05565e-02
 Reference value :  2.08125e-02
 Reference value :  2.10805e-02
 Reference value :  2.13405e-02
 Reference value :  2.15965e-02
 Reference value :  2.18645e-02
 Reference value :  2.21245e-02
 Reference value :  2.23845e-02
 Reference value :  2.26485e-02
 Reference value :  2.29045e-02
 Reference value :  2.31685e-02
 Reference value :  2.34325e-02
 Reference value :  2.36925e-02
 Reference value :  2.39605e-02
 Reference value :  2.42205e-02
 Reference value :  2.44845e-02
 Reference value :  2.47445e-02
 Reference value :  2.50085e-02
 Reference value :  2.52685e-02
 Reference value :  2.55285e-02
 Reference value :  2.57845e-02
 Reference value :  2.60445e-02
 Reference value :  2.63045e-02
 Reference value :  2.65645e-02
 Reference value :  2.68285e-02
 Reference value :  2.70885e-02
 Reference value :  2.73565e-02
 Reference value :  2.76125e-02
 Reference value :  2.78765e-02
 Reference value :  2.81445e-02
 Reference value :  2.84045e-02
 Reference value :  2.86605e-02
 Reference value :  2.89285e-02
 Reference value :  2.91965e-02
 Reference value :  2.94725e-02
 Reference value :  2.97445e-02
No. of Data Rows : 8251
vref_op             =  1.20230e+00
vref_st             =  1.20230e+00
ok_st               =  3.63000e+00
vdd_st              =  3.63000e+00
iq_st               =  -7.98700e-07
ib_st               =  4.40757e-07
t_set               =  5.26570e-04
vdd_drop            =  1.41309e+00
t_oks               =  2.36371e-04
err_at_ok           =  2.54384e-01
relv_slow           =  3.08790e+00
err_at_relv         =  2.22883e-01
relv_fast           =  3.63000e+00
okf_at_1v           =  2.72588e-02
errf_end            =  2.58131e-11
bo_pre              =  1.20230e+00
bo_mid              =  1.20230e+00
bo_dpre             =  1.20230e+00
bo_post             =  1.20230e+00
ok_bo_dip           =  3.46312e-01
t_bo_rec            =  2.06805e-03
t_false_s           =  0.00000e+00 from=  0.00000e+00 to=  3.00000e-02
t_false_f           =  6.50163e-04 from=  0.00000e+00 to=  3.00000e-02
t_false_b           =  3.75189e-04 from=  0.00000e+00 to=  3.00000e-02
t_false_d           =  9.43639e-04 from=  0.00000e+00 to=  3.00000e-02
ok_bo_end           =  3.62992e+00
vdd_bo              =  3.63000e+00
m_vref_op_v = 1.2023010000e+00
m_vref_v = 1.2023010000e+00
m_ok_droop_mv = 0.0000000000e+00
m_iq_por_ua = 7.9870030000e-01
m_ibias_na = 4.4075720000e+02
m_iq_own_ua = 3.5794310000e-01
m_t_settle_us = 2.6569900000e+01
m_err_at_relv_mv = 2.2288250000e+02
m_vdd_ref90_v = 1.4130910000e+00
m_t_bo_recover_us = 9.5804900000e+02
m_t_false_ok_slow_us = 0.0000000000e+00
m_t_false_ok_fast_us = 6.5016350000e+02
m_t_false_ok_brownout_us = 1.3188273000e+03
m_err_at_ok_mv = 2.5438410000e+02
m_t_ok_us = 2.3637060000e+02
m_relv_slow_v = 3.0879020000e+00
m_relv_fast_v = 3.6300000000e+00
m_okf_at_1v_mv = 2.7258840000e+01
m_err_fast_end_mv = 2.5813070000e-08
m_bo_shallow_ppm = 8.3173916671e-01
m_bo_deep_ppm = 0.0000000000e+00
m_ok_bo_dip_mv = 3.4631210000e+02
m_ok_bo_end_droop_mv = 7.6000000000e-02
Note: Simulation executed from .control section 

Warning: m=xx on .subckt line will override multiplier m hierarchy!

Note: Starting dynamic gmin stepping
Note: Dynamic gmin stepping completed
