
Note: Compatibility modes selected: hs a


Circuit: * bias-core-designer-check @ tt_-40c_3.30v -- generated by sim/harness, do not edit

Doing analysis at TEMP = -40.000000 and TNOM = 27.000000

Using SPARSE 1.3 as Direct Linear Solver

Initial Transient Solution
--------------------------

Node                                   Voltage
----                                   -------
vddst                                      3.3
nibst                                   0.7611
ibiasst                                 0.7611
xst.ks1                                2.20725
xst.ks2                                1.33867
xst.ks3                               0.681572
xst.ks4                               0.221708
xst.nkg                            9.99819e-10
xst.pg                                 2.46387
xst.nbg                               0.647028
xst.pb                                 2.45982
xst.nkm                               0.626144
xst.nokl                              0.601504
xst.noko                               1.65366
xst.nokx                           9.34581e-05
xst.n1                                0.616494
xst.n2                                0.612345
bias_okst                                  3.3
xst.tok                                1.95897
xst.nt                                 1.95766
xst.na                                0.708923
xst.nbtop                             0.711071
vrefst                                 1.19786
xst.nb                                 0.70893
xst.ec                                0.667062
xst.er                                0.708852
xst.nz                                0.612345
xst.x47.11                             1.19786
xst.x47.21                              1.1673
xst.xr2__1                              1.1673
xst.xr2__2                             1.13674
xst.x48.11                             1.13674
xst.x48.21                              1.1673
xst.x49.11                             1.13673
xst.x49.21                             1.10617
xst.xr2__3                             1.10617
xst.xr2__4                             1.07561
xst.x50.11                             1.07561
xst.x50.21                             1.10617
xst.x51.11                             1.07561
xst.x51.21                             1.04505
xst.xr2__5                             1.04505
xst.xr2__6                             1.01448
xst.x52.11                             1.01448
xst.x52.21                             1.04504
xst.x53.11                             1.01448
xst.x53.21                            0.983921
xst.xr2__7                             0.98392
xst.xr2__8                            0.953356
xst.x54.11                            0.953358
xst.x54.21                            0.983918
xst.x55.11                            0.953355
xst.x55.21                            0.922795
xst.xr2__9                            0.922793
xst.xr2__10                            0.89223
xst.x56.11                            0.892232
xst.x56.21                            0.922792
xst.x57.11                            0.892229
xst.x57.21                            0.861669
xst.xr2__11                           0.861667
xst.xr2__12                           0.831104
xst.x58.11                            0.831106
xst.x58.21                            0.861666
xst.x59.11                            0.831103
xst.x59.21                            0.800542
xst.xr2__13                           0.800541
xst.xr2__14                           0.769978
xst.x60.11                            0.769979
xst.x60.21                            0.800539
xst.x61.11                            0.769976
xst.x61.21                            0.739416
xst.xr2__15                           0.739415
xst.x62.11                            0.708853
xst.x62.21                            0.739413
xst.x63.11                            0.612345
xst.x63.21                            0.612345
xst.xrz__1                            0.612345
xst.xrz__2                            0.612345
xst.x64.11                            0.612345
xst.x64.21                            0.612345
xst.x65.11                            0.612345
xst.x65.21                            0.612345
xst.xrz__3                            0.612345
xst.x66.11                            0.612345
xst.x66.21                            0.612345
xst.x67.11                            0.708929
xst.x67.21                            0.687997
xst.xr1__1                            0.687996
xst.x68.11                            0.667063
xst.x68.21                            0.687994
xst.x69.11                             0.71107
xst.x69.21                            0.710002
xst.xrt__1                            0.710001
xst.x70.11                            0.708932
xst.x70.21                            0.709999
xst.n1__par                           0.616494
xst.n2__par                           0.612345
xst.nkm__par                          0.626144
xst.tok__par                           1.95897
xst.noko__par                          1.65366
xst.nokl__par                         0.601504
xst.nokx__par                      9.34581e-05
xst.ks1__par                           2.20725
xst.ks2__par                           1.33867
xst.ks3__par                          0.681572
xst.ks4__par                          0.221708
xst.nkg__par                       9.99819e-10
xst.nb__par                            0.70893
xst.ec__par                           0.667062
xst.nz__par                           0.612345
xst.xrz__2__par                       0.612345
xst.xr2__14__par                      0.769978
xst.xr2__12__par                      0.831104
xst.pg__par                            2.46387
xst.xr2__10__par                       0.89223
xst.xr2__8__par                       0.953356
xst.xr2__6__par                        1.01448
xst.xr2__4__par                        1.07561
xst.xr2__2__par                        1.13674
xst.na__par                           0.708923
xst.er__par                           0.708852
xst.xrt__1__par                       0.710001
xst.nbtop__par                        0.711071
xst.xr1__1__par                       0.687996
xst.xrz__3__par                       0.612345
xst.xrz__1__par                       0.612345
xst.xr2__13__par                      0.800541
xst.xr2__11__par                      0.861667
xst.xr2__1__par                         1.1673
xst.xr2__3__par                        1.10617
xst.xr2__5__par                        1.04505
xst.xr2__7__par                        0.98392
xst.xr2__9__par                       0.922793
xst.xr2__15__par                      0.739415
xst.nbg__par                          0.647028
xst.pb__par                            2.45982
xst.nt__par                            1.95766
xst.bias_ok__par                           3.3
xst.ibias__par                          0.7611
xst.vdd__par                               3.3
xst.vref__par                          1.19786
xst.vss__par                                 0
vdds                                         0
nibs                              -2.81387e-23
ibiass                            -2.81387e-23
xs.ks1                             9.53607e-50
xs.ks2                            -1.39781e-48
xs.ks3                             2.53197e-48
xs.ks4                            -5.06987e-43
xs.nkg                            -1.58294e-21
xs.pg                             -7.88145e-22
xs.nbg                             3.40922e-22
xs.pb                              3.40922e-22
xs.nkm                             3.40922e-22
xs.nokl                           -3.40922e-22
xs.noko                           -2.27281e-22
xs.nokx                           -3.40911e-22
xs.n1                              2.05158e-52
xs.n2                             -3.00072e-25
bias_oks                                     0
xs.tok                            -6.14724e-28
xs.nt                             -2.01746e-47
xs.na                                        0
xs.nbtop                                     0
vrefs                                        0
xs.nb                                        0
xs.ec                                        0
xs.er                                        0
xs.nz                             -3.00073e-25
xs.x47.11                                    0
xs.x47.21                                    0
xs.xr2__1                                    0
xs.xr2__2                                    0
xs.x48.11                                    0
xs.x48.21                                    0
xs.x49.11                                    0
xs.x49.21                                    0
xs.xr2__3                                    0
xs.xr2__4                                    0
xs.x50.11                                    0
xs.x50.21                                    0
xs.x51.11                                    0
xs.x51.21                                    0
xs.xr2__5                                    0
xs.xr2__6                                    0
xs.x52.11                                    0
xs.x52.21                                    0
xs.x53.11                                    0
xs.x53.21                                    0
xs.xr2__7                                    0
xs.xr2__8                                    0
xs.x54.11                                    0
xs.x54.21                                    0
xs.x55.11                                    0
xs.x55.21                                    0
xs.xr2__9                                    0
xs.xr2__10                                   0
xs.x56.11                                    0
xs.x56.21                                    0
xs.x57.11                                    0
xs.x57.21                                    0
xs.xr2__11                                   0
xs.xr2__12                                   0
xs.x58.11                                    0
xs.x58.21                                    0
xs.x59.11                                    0
xs.x59.21                                    0
xs.xr2__13                                   0
xs.xr2__14                                   0
xs.x60.11                                    0
xs.x60.21                                    0
xs.x61.11                                    0
xs.x61.21                                    0
xs.xr2__15                                   0
xs.x62.11                                    0
xs.x62.21                                    0
xs.x63.11                         -3.00073e-25
xs.x63.21                         -3.00073e-25
xs.xrz__1                         -3.00073e-25
xs.xrz__2                         -3.00073e-25
xs.x64.11                         -3.00073e-25
xs.x64.21                         -3.00073e-25
xs.x65.11                         -3.00073e-25
xs.x65.21                         -3.00072e-25
xs.xrz__3                         -3.00072e-25
xs.x66.11                         -3.00072e-25
xs.x66.21                         -3.00072e-25
xs.x67.11                                    0
xs.x67.21                                    0
xs.xr1__1                                    0
xs.x68.11                                    0
xs.x68.21                                    0
xs.x69.11                                    0
xs.x69.21                                    0
xs.xrt__1                                    0
xs.x70.11                                    0
xs.x70.21                                    0
xs.n1__par                         2.05158e-52
xs.n2__par                        -3.00072e-25
xs.nkm__par                        3.40922e-22
xs.tok__par                       -6.14724e-28
xs.noko__par                      -2.27281e-22
xs.nokl__par                      -3.40922e-22
xs.nokx__par                      -3.40911e-22
xs.ks1__par                        9.53607e-50
xs.ks2__par                       -1.39781e-48
xs.ks3__par                        2.53197e-48
xs.ks4__par                       -5.06987e-43
xs.nkg__par                       -1.58294e-21
xs.nb__par                                   0
xs.ec__par                                   0
xs.nz__par                        -3.00073e-25
xs.xrz__2__par                    -3.00073e-25
xs.xr2__14__par                              0
xs.xr2__12__par                              0
xs.pg__par                        -7.88145e-22
xs.xr2__10__par                              0
xs.xr2__8__par                               0
xs.xr2__6__par                               0
xs.xr2__4__par                               0
xs.xr2__2__par                               0
xs.na__par                                   0
xs.er__par                                   0
xs.xrt__1__par                               0
xs.nbtop__par                                0
xs.xr1__1__par                               0
xs.xrz__3__par                    -3.00072e-25
xs.xrz__1__par                    -3.00073e-25
xs.xr2__13__par                              0
xs.xr2__11__par                              0
xs.xr2__1__par                               0
xs.xr2__3__par                               0
xs.xr2__5__par                               0
xs.xr2__7__par                               0
xs.xr2__9__par                               0
xs.xr2__15__par                              0
xs.nbg__par                        3.40922e-22
xs.pb__par                         3.40922e-22
xs.nt__par                        -2.01746e-47
xs.bias_ok__par                              0
xs.ibias__par                     -2.81387e-23
xs.vdd__par                                  0
xs.vref__par                                 0
xs.vss__par                                  0
es                                     1.19786
rels                                        -1
rr9s                                  -1.07808
fos                                          0
vddf                                         0
nibf                              -2.81387e-23
ibiasf                            -2.81387e-23
xf.ks1                             9.53607e-50
xf.ks2                            -1.39781e-48
xf.ks3                             2.53197e-48
xf.ks4                            -5.06987e-43
xf.nkg                            -1.58294e-21
xf.pg                             -7.88145e-22
xf.nbg                             3.40922e-22
xf.pb                              3.40922e-22
xf.nkm                             3.40922e-22
xf.nokl                            3.40922e-22
xf.noko                            2.27281e-22
xf.nokx                           -3.40911e-22
xf.n1                              2.04996e-52
xf.n2                             -3.00069e-25
bias_okf                                     0
xf.tok                             6.14724e-28
xf.nt                             -3.15822e-47
xf.na                                        0
xf.nbtop                                     0
vreff                                        0
xf.nb                                        0
xf.ec                                        0
xf.er                                        0
xf.nz                              -3.0007e-25
xf.x47.11                                    0
xf.x47.21                                    0
xf.xr2__1                                    0
xf.xr2__2                                    0
xf.x48.11                                    0
xf.x48.21                                    0
xf.x49.11                                    0
xf.x49.21                                    0
xf.xr2__3                                    0
xf.xr2__4                                    0
xf.x50.11                                    0
xf.x50.21                                    0
xf.x51.11                                    0
xf.x51.21                                    0
xf.xr2__5                                    0
xf.xr2__6                                    0
xf.x52.11                                    0
xf.x52.21                                    0
xf.x53.11                                    0
xf.x53.21                                    0
xf.xr2__7                                    0
xf.xr2__8                                    0
xf.x54.11                                    0
xf.x54.21                                    0
xf.x55.11                                    0
xf.x55.21                                    0
xf.xr2__9                                    0
xf.xr2__10                                   0
xf.x56.11                                    0
xf.x56.21                                    0
xf.x57.11                                    0
xf.x57.21                                    0
xf.xr2__11                                   0
xf.xr2__12                                   0
xf.x58.11                                    0
xf.x58.21                                    0
xf.x59.11                                    0
xf.x59.21                                    0
xf.xr2__13                                   0
xf.xr2__14                                   0
xf.x60.11                                    0
xf.x60.21                                    0
xf.x61.11                                    0
xf.x61.21                                    0
xf.xr2__15                                   0
xf.x62.11                                    0
xf.x62.21                                    0
xf.x63.11                          -3.0007e-25
xf.x63.21                         -3.00069e-25
xf.xrz__1                         -3.00069e-25
xf.xrz__2                         -3.00069e-25
xf.x64.11                         -3.00069e-25
xf.x64.21                         -3.00069e-25
xf.x65.11                         -3.00069e-25
xf.x65.21                         -3.00069e-25
xf.xrz__3                         -3.00069e-25
xf.x66.11                         -3.00069e-25
xf.x66.21                         -3.00069e-25
xf.x67.11                                    0
xf.x67.21                                    0
xf.xr1__1                                    0
xf.x68.11                                    0
xf.x68.21                                    0
xf.x69.11                                    0
xf.x69.21                                    0
xf.xrt__1                                    0
xf.x70.11                                    0
xf.x70.21                                    0
xf.n1__par                         2.04996e-52
xf.n2__par                        -3.00069e-25
xf.nkm__par                        3.40922e-22
xf.tok__par                        6.14724e-28
xf.noko__par                       2.27281e-22
xf.nokl__par                       3.40922e-22
xf.nokx__par                      -3.40911e-22
xf.ks1__par                        9.53607e-50
xf.ks2__par                       -1.39781e-48
xf.ks3__par                        2.53197e-48
xf.ks4__par                       -5.06987e-43
xf.nkg__par                       -1.58294e-21
xf.nb__par                                   0
xf.ec__par                                   0
xf.nz__par                         -3.0007e-25
xf.xrz__2__par                    -3.00069e-25
xf.xr2__14__par                              0
xf.xr2__12__par                              0
xf.pg__par                        -7.88145e-22
xf.xr2__10__par                              0
xf.xr2__8__par                               0
xf.xr2__6__par                               0
xf.xr2__4__par                               0
xf.xr2__2__par                               0
xf.na__par                                   0
xf.er__par                                   0
xf.xrt__1__par                               0
xf.nbtop__par                                0
xf.xr1__1__par                               0
xf.xrz__3__par                    -3.00069e-25
xf.xrz__1__par                    -3.00069e-25
xf.xr2__13__par                              0
xf.xr2__11__par                              0
xf.xr2__1__par                               0
xf.xr2__3__par                               0
xf.xr2__5__par                               0
xf.xr2__7__par                               0
xf.xr2__9__par                               0
xf.xr2__15__par                              0
xf.nbg__par                        3.40922e-22
xf.pb__par                         3.40922e-22
xf.nt__par                        -3.15822e-47
xf.bias_ok__par                              0
xf.ibias__par                     -2.81387e-23
xf.vdd__par                                  0
xf.vref__par                                 0
xf.vss__par                                  0
ef                                     1.19786
relf                                        -1
fof                                          0
vddb                                         0
nibb                              -2.81387e-23
ibiasb                            -2.81387e-23
xb.ks1                             9.53607e-50
xb.ks2                            -1.39781e-48
xb.ks3                             2.53197e-48
xb.ks4                            -5.06987e-43
xb.nkg                            -1.58294e-21
xb.pg                              7.88145e-22
xb.nbg                             3.40922e-22
xb.pb                              3.40922e-22
xb.nkm                             3.40922e-22
xb.nokl                            3.40922e-22
xb.noko                           -2.27281e-22
xb.nokx                           -3.40911e-22
xb.n1                             -2.07944e-52
xb.n2                              3.00069e-25
bias_okb                                     0
xb.tok                             1.22945e-28
xb.nt                              3.55378e-47
xb.na                                        0
xb.nbtop                                     0
vrefb                                        0
xb.nb                                        0
xb.ec                                        0
xb.er                                        0
xb.nz                               3.0007e-25
xb.x47.11                                    0
xb.x47.21                                    0
xb.xr2__1                                    0
xb.xr2__2                                    0
xb.x48.11                                    0
xb.x48.21                                    0
xb.x49.11                                    0
xb.x49.21                                    0
xb.xr2__3                                    0
xb.xr2__4                                    0
xb.x50.11                                    0
xb.x50.21                                    0
xb.x51.11                                    0
xb.x51.21                                    0
xb.xr2__5                                    0
xb.xr2__6                                    0
xb.x52.11                                    0
xb.x52.21                                    0
xb.x53.11                                    0
xb.x53.21                                    0
xb.xr2__7                                    0
xb.xr2__8                                    0
xb.x54.11                                    0
xb.x54.21                                    0
xb.x55.11                                    0
xb.x55.21                                    0
xb.xr2__9                                    0
xb.xr2__10                                   0
xb.x56.11                                    0
xb.x56.21                                    0
xb.x57.11                                    0
xb.x57.21                                    0
xb.xr2__11                                   0
xb.xr2__12                                   0
xb.x58.11                                    0
xb.x58.21                                    0
xb.x59.11                                    0
xb.x59.21                                    0
xb.xr2__13                                   0
xb.xr2__14                                   0
xb.x60.11                                    0
xb.x60.21                                    0
xb.x61.11                                    0
xb.x61.21                                    0
xb.xr2__15                                   0
xb.x62.11                                    0
xb.x62.21                                    0
xb.x63.11                           3.0007e-25
xb.x63.21                           3.0007e-25
xb.xrz__1                           3.0007e-25
xb.xrz__2                          3.00069e-25
xb.x64.11                          3.00069e-25
xb.x64.21                           3.0007e-25
xb.x65.11                          3.00069e-25
xb.x65.21                          3.00069e-25
xb.xrz__3                          3.00069e-25
xb.x66.11                          3.00069e-25
xb.x66.21                          3.00069e-25
xb.x67.11                                    0
xb.x67.21                                    0
xb.xr1__1                                    0
xb.x68.11                                    0
xb.x68.21                                    0
xb.x69.11                                    0
xb.x69.21                                    0
xb.xrt__1                                    0
xb.x70.11                                    0
xb.x70.21                                    0
xb.n1__par                        -2.07944e-52
xb.n2__par                         3.00069e-25
xb.nkm__par                        3.40922e-22
xb.tok__par                        1.22945e-28
xb.noko__par                      -2.27281e-22
xb.nokl__par                       3.40922e-22
xb.nokx__par                      -3.40911e-22
xb.ks1__par                        9.53607e-50
xb.ks2__par                       -1.39781e-48
xb.ks3__par                        2.53197e-48
xb.ks4__par                       -5.06987e-43
xb.nkg__par                       -1.58294e-21
xb.nb__par                                   0
xb.ec__par                                   0
xb.nz__par                          3.0007e-25
xb.xrz__2__par                     3.00069e-25
xb.xr2__14__par                              0
xb.xr2__12__par                              0
xb.pg__par                         7.88145e-22
xb.xr2__10__par                              0
xb.xr2__8__par                               0
xb.xr2__6__par                               0
xb.xr2__4__par                               0
xb.xr2__2__par                               0
xb.na__par                                   0
xb.er__par                                   0
xb.xrt__1__par                               0
xb.nbtop__par                                0
xb.xr1__1__par                               0
xb.xrz__3__par                     3.00069e-25
xb.xrz__1__par                      3.0007e-25
xb.xr2__13__par                              0
xb.xr2__11__par                              0
xb.xr2__1__par                               0
xb.xr2__3__par                               0
xb.xr2__5__par                               0
xb.xr2__7__par                               0
xb.xr2__9__par                               0
xb.xr2__15__par                              0
xb.nbg__par                        3.40922e-22
xb.pb__par                         3.40922e-22
xb.nt__par                         3.55378e-47
xb.bias_ok__par                              0
xb.ibias__par                     -2.81387e-23
xb.vdd__par                                  0
xb.vref__par                                 0
xb.vss__par                                  0
fob                                          0
vddd                                         0
nibd                              -2.81387e-23
ibiasd                            -2.81387e-23
xd.ks1                             9.53607e-50
xd.ks2                            -1.39781e-48
xd.ks3                             2.53197e-48
xd.ks4                            -5.06987e-43
xd.nkg                            -1.58294e-21
xd.pg                              7.88145e-22
xd.nbg                             3.40922e-22
xd.pb                              3.40922e-22
xd.nkm                             3.40922e-22
xd.nokl                            3.40922e-22
xd.noko                            2.27281e-22
xd.nokx                           -3.40911e-22
xd.n1                             -2.08025e-52
xd.n2                              3.00071e-25
bias_okd                                     0
xd.tok                             6.14724e-28
xd.nt                                9.011e-48
xd.na                                        0
xd.nbtop                                     0
vrefd                                        0
xd.nb                                        0
xd.ec                                        0
xd.er                                        0
xd.nz                              3.00072e-25
xd.x47.11                                    0
xd.x47.21                                    0
xd.xr2__1                                    0
xd.xr2__2                                    0
xd.x48.11                                    0
xd.x48.21                                    0
xd.x49.11                                    0
xd.x49.21                                    0
xd.xr2__3                                    0
xd.xr2__4                                    0
xd.x50.11                                    0
xd.x50.21                                    0
xd.x51.11                                    0
xd.x51.21                                    0
xd.xr2__5                                    0
xd.xr2__6                                    0
xd.x52.11                                    0
xd.x52.21                                    0
xd.x53.11                                    0
xd.x53.21                                    0
xd.xr2__7                                    0
xd.xr2__8                                    0
xd.x54.11                                    0
xd.x54.21                                    0
xd.x55.11                                    0
xd.x55.21                                    0
xd.xr2__9                                    0
xd.xr2__10                                   0
xd.x56.11                                    0
xd.x56.21                                    0
xd.x57.11                                    0
xd.x57.21                                    0
xd.xr2__11                                   0
xd.xr2__12                                   0
xd.x58.11                                    0
xd.x58.21                                    0
xd.x59.11                                    0
xd.x59.21                                    0
xd.xr2__13                                   0
xd.xr2__14                                   0
xd.x60.11                                    0
xd.x60.21                                    0
xd.x61.11                                    0
xd.x61.21                                    0
xd.xr2__15                                   0
xd.x62.11                                    0
xd.x62.21                                    0
xd.x63.11                          3.00072e-25
xd.x63.21                          3.00072e-25
xd.xrz__1                          3.00072e-25
xd.xrz__2                          3.00072e-25
xd.x64.11                          3.00072e-25
xd.x64.21                          3.00072e-25
xd.x65.11                          3.00072e-25
xd.x65.21                          3.00071e-25
xd.xrz__3                          3.00071e-25
xd.x66.11                          3.00071e-25
xd.x66.21                          3.00071e-25
xd.x67.11                                    0
xd.x67.21                                    0
xd.xr1__1                                    0
xd.x68.11                                    0
xd.x68.21                                    0
xd.x69.11                                    0
xd.x69.21                                    0
xd.xrt__1                                    0
xd.x70.11                                    0
xd.x70.21                                    0
xd.n1__par                        -2.08025e-52
xd.n2__par                         3.00071e-25
xd.nkm__par                        3.40922e-22
xd.tok__par                        6.14724e-28
xd.noko__par                       2.27281e-22
xd.nokl__par                       3.40922e-22
xd.nokx__par                      -3.40911e-22
xd.ks1__par                        9.53607e-50
xd.ks2__par                       -1.39781e-48
xd.ks3__par                        2.53197e-48
xd.ks4__par                       -5.06987e-43
xd.nkg__par                       -1.58294e-21
xd.nb__par                                   0
xd.ec__par                                   0
xd.nz__par                         3.00072e-25
xd.xrz__2__par                     3.00072e-25
xd.xr2__14__par                              0
xd.xr2__12__par                              0
xd.pg__par                         7.88145e-22
xd.xr2__10__par                              0
xd.xr2__8__par                               0
xd.xr2__6__par                               0
xd.xr2__4__par                               0
xd.xr2__2__par                               0
xd.na__par                                   0
xd.er__par                                   0
xd.xrt__1__par                               0
xd.nbtop__par                                0
xd.xr1__1__par                               0
xd.xrz__3__par                     3.00071e-25
xd.xrz__1__par                     3.00072e-25
xd.xr2__13__par                              0
xd.xr2__11__par                              0
xd.xr2__1__par                               0
xd.xr2__3__par                               0
xd.xr2__5__par                               0
xd.xr2__7__par                               0
xd.xr2__9__par                               0
xd.xr2__15__par                              0
xd.nbg__par                        3.40922e-22
xd.pb__par                         3.40922e-22
xd.nt__par                           9.011e-48
xd.bias_ok__par                              0
xd.ibias__par                     -2.81387e-23
xd.vdd__par                                  0
xd.vref__par                                 0
xd.vss__par                                  0
fod                                          0
bfod#branch                                  0
bfob#branch                                  0
bfof#branch                                  0
brelf#branch                                 0
bef#branch                                   0
bfos#branch                                  0
brr9s#branch                                 0
brels#branch                                 0
bes#branch                                   0
vibd#branch                       -2.81393e-35
vsupd#branch                       2.06662e-33
vibb#branch                       -2.81393e-35
vsupb#branch                       1.61206e-33
vibf#branch                       -2.81393e-35
vsupf#branch                       4.89732e-34
vibs#branch                       -2.81393e-35
vsups#branch                      -6.46678e-34
vibst#branch                       3.81979e-07
vsupst#branch                     -6.88594e-07

 Reference value :  0.00000e+00
 Reference value :  2.06862e-06
 Reference value :  2.85240e-06
 Reference value :  3.39819e-06
 Reference value :  1.23684e-05
 Reference value :  4.47353e-05
 Reference value :  5.43416e-05
 Reference value :  5.53595e-05
 Reference value :  1.05241e-04
 Reference value :  2.07060e-04
 Reference value :  2.50261e-04
 Reference value :  2.67936e-04
 Reference value :  4.06811e-04
 Reference value :  5.04789e-04
 Reference value :  5.56283e-04
 Reference value :  5.59016e-04
 Reference value :  6.15721e-04
 Reference value :  6.55358e-04
 Reference value :  7.38121e-04
 Reference value :  7.61472e-04
 Reference value :  9.35361e-04
 Reference value :  9.60251e-04
 Reference value :  1.10221e-03
 Reference value :  1.10689e-03
 Reference value :  1.10944e-03
 Reference value :  1.18834e-03
 Reference value :  1.45234e-03
 Reference value :  1.73234e-03
 Reference value :  2.00834e-03
 Reference value :  2.23234e-03
 Reference value :  2.30566e-03
 Reference value :  2.38304e-03
 Reference value :  2.45952e-03
 Reference value :  2.46638e-03
 Reference value :  2.72168e-03
 Reference value :  2.99368e-03
 Reference value :  3.25768e-03
 Reference value :  3.52168e-03
 Reference value :  3.78568e-03
 Reference value :  4.04968e-03
 Reference value :  4.31368e-03
 Reference value :  4.58568e-03
 Reference value :  4.84968e-03
 Reference value :  5.14168e-03
 Reference value :  5.52968e-03
 Reference value :  5.89768e-03
 Reference value :  6.22568e-03
 Reference value :  6.58568e-03
 Reference value :  6.92568e-03
 Reference value :  7.24968e-03
 Reference value :  7.70968e-03
 Reference value :  8.20568e-03
 Reference value :  8.69368e-03
 Reference value :  9.18568e-03
 Reference value :  9.56568e-03
 Reference value :  9.83368e-03
 Reference value :  1.01657e-02
 Reference value :  1.05177e-02
 Reference value :  1.08337e-02
 Reference value :  1.10977e-02
 Reference value :  1.13737e-02
 Reference value :  1.16457e-02
 Reference value :  1.19057e-02
 Reference value :  1.21777e-02
 Reference value :  1.24617e-02
 Reference value :  1.27257e-02
 Reference value :  1.29897e-02
 Reference value :  1.32577e-02
 Reference value :  1.35217e-02
 Reference value :  1.37817e-02
 Reference value :  1.40497e-02
 Reference value :  1.43097e-02
 Reference value :  1.45697e-02
 Reference value :  1.48337e-02
 Reference value :  1.50937e-02
 Reference value :  1.53657e-02
 Reference value :  1.56297e-02
 Reference value :  1.59017e-02
 Reference value :  1.61657e-02
 Reference value :  1.64297e-02
 Reference value :  1.67017e-02
 Reference value :  1.69657e-02
 Reference value :  1.72337e-02
 Reference value :  1.74977e-02
 Reference value :  1.77657e-02
 Reference value :  1.80337e-02
 Reference value :  1.83017e-02
 Reference value :  1.85737e-02
 Reference value :  1.88337e-02
 Reference value :  1.91097e-02
 Reference value :  1.93737e-02
 Reference value :  1.96337e-02
 Reference value :  1.98977e-02
 Reference value :  2.01657e-02
 Reference value :  2.04297e-02
 Reference value :  2.06937e-02
 Reference value :  2.09537e-02
 Reference value :  2.12337e-02
 Reference value :  2.14977e-02
 Reference value :  2.17777e-02
 Reference value :  2.20417e-02
 Reference value :  2.23097e-02
 Reference value :  2.25857e-02
 Reference value :  2.28657e-02
 Reference value :  2.31457e-02
 Reference value :  2.34177e-02
 Reference value :  2.36937e-02
 Reference value :  2.39537e-02
 Reference value :  2.42257e-02
 Reference value :  2.44897e-02
 Reference value :  2.47577e-02
 Reference value :  2.51577e-02
 Reference value :  2.54977e-02
 Reference value :  2.58537e-02
 Reference value :  2.61937e-02
 Reference value :  2.65697e-02
 Reference value :  2.68817e-02
 Reference value :  2.73017e-02
 Reference value :  2.77777e-02
 Reference value :  2.82697e-02
 Reference value :  2.87497e-02
 Reference value :  2.92337e-02
 Reference value :  2.97177e-02
No. of Data Rows : 8197
vref_op             =  1.19786e+00
vref_st             =  1.19786e+00
ok_st               =  3.30000e+00
vdd_st              =  3.30000e+00
iq_st               =  -6.88594e-07
ib_st               =  3.81979e-07
t_set               =  5.21281e-04
vdd_drop            =  1.34958e+00
t_oks               =  2.51173e-04
err_at_ok           =  2.77371e-01
relv_slow           =  2.95675e+00
err_at_relv         =  1.66792e-01
relv_fast           =  3.30000e+00
okf_at_1v           =  2.93449e-02
errf_end            =  1.30071e-09
bo_pre              =  1.19786e+00
bo_mid              =  1.19786e+00
bo_dpre             =  1.19786e+00
bo_post             =  1.19786e+00
ok_bo_dip           =  3.55069e-01
t_bo_rec            =  2.45965e-03
t_false_s           =  0.00000e+00 from=  0.00000e+00 to=  3.00000e-02
t_false_f           =  6.35894e-04 from=  0.00000e+00 to=  3.00000e-02
t_false_b           =  3.79549e-04 from=  0.00000e+00 to=  3.00000e-02
t_false_d           =  1.34121e-03 from=  0.00000e+00 to=  3.00000e-02
ok_bo_end           =  3.30000e+00
vdd_bo              =  3.30000e+00
m_vref_op_v = 1.1978610000e+00
m_vref_v = 1.1978610000e+00
m_ok_droop_mv = 0.0000000000e+00
m_iq_por_ua = 6.8859430000e-01
m_ibias_na = 3.8197910000e+02
m_iq_own_ua = 3.0661520000e-01
m_t_settle_us = 2.1281300000e+01
m_err_at_relv_mv = 1.6679240000e+02
m_vdd_ref90_v = 1.3495790000e+00
m_t_bo_recover_us = 1.3496510000e+03
m_t_false_ok_slow_us = 0.0000000000e+00
m_t_false_ok_fast_us = 6.3589410000e+02
m_t_false_ok_brownout_us = 1.7207624000e+03
m_err_at_ok_mv = 2.7737070000e+02
m_t_ok_us = 2.5117330000e+02
m_relv_slow_v = 2.9567540000e+00
m_relv_fast_v = 3.3000000000e+00
m_okf_at_1v_mv = 2.9344880000e+01
m_err_fast_end_mv = 1.3007070000e-06
m_bo_shallow_ppm = 8.3482209953e-01
m_bo_deep_ppm = 0.0000000000e+00
m_ok_bo_dip_mv = 3.5506950000e+02
m_ok_bo_end_droop_mv = -4.000000000e-03
Note: Simulation executed from .control section 

Warning: m=xx on .subckt line will override multiplier m hierarchy!

Note: Starting dynamic gmin stepping
Warning: Dynamic gmin stepping failed
Note: Starting true gmin stepping
Note: True gmin stepping completed
