
Note: Compatibility modes selected: hs a


Circuit: * por-output-chain-deglitch @ ff_27c_2.97v -- generated by sim/harness, do not edit

Doing analysis at TEMP = 27.000000 and TNOM = 27.000000

Using SPARSE 1.3 as Direct Linear Solver

Initial Transient Solution
--------------------------

Node                                   Voltage
----                                   -------
vdd                                          0
por_raw                                      0
nib1                              -7.47159e-20
ibias1                            -7.47159e-20
nib2                              -7.47159e-20
ibias2                            -7.47159e-20
vdd1                                         0
vdd2                                         0
resetn1                           -2.30255e-17
resetn2                           -2.27201e-17
xdut1.pdn                         -9.65583e-28
xdut1.ndl                         -3.27984e-21
xdut1.ndgp                         3.48455e-19
xdut1.ndg                          5.11919e-18
xdut1.ndgn                        -1.47202e-19
xdut1.pgdg                        -1.03415e-18
xdut1.pgdgb                       -1.03601e-19
xdut1.nts                         -8.61183e-21
xdut1.tim                          1.18105e-19
xdut1.nd1                          1.17013e-18
xdut1.trip                         -9.8249e-21
xdut1.rstb                        -3.69692e-18
xdut1.nnand                       -5.61019e-18
xdut2.pdn                         -9.65583e-28
xdut2.ndl                         -3.26995e-21
xdut2.ndgp                         3.48132e-19
xdut2.ndg                          5.14194e-18
xdut2.ndgn                        -6.05781e-21
xdut2.pgdg                        -2.63397e-19
xdut2.pgdgb                        2.21413e-19
xdut2.nts                         -1.42664e-20
xdut2.tim                          1.99435e-19
xdut2.nd1                         -5.01556e-19
xdut2.trip                        -1.26316e-20
xdut2.rstb                         2.31276e-19
xdut2.nnand                        1.57635e-19
vd2#branch                         2.26455e-29
vd1#branch                         3.61512e-29
vib2#branch                                  0
vib1#branch                                  0
vpr#branch                                   0
vsup#branch                       -5.87967e-29

 Reference value :  2.41590e-05
 Reference value :  3.00022e-04
 Reference value :  9.20374e-04
 Reference value :  1.19993e-03
 Reference value :  2.59107e-03
 Reference value :  4.90107e-03
 Reference value :  6.97833e-03
 Reference value :  8.98433e-03
 Reference value :  1.09999e-02
 Reference value :  1.12006e-02
 Reference value :  1.20023e-02
 Reference value :  1.20387e-02
 Reference value :  1.31000e-02
No. of Data Rows : 10382
tpgr1               =  3.08429e-04
trel1               =  4.95758e-03
pgdgmin1            =  2.96893e+00 at=  1.00102e-03
vmax_chat1          =  8.24067e-10 at=  9.99929e-04
timpre1             =  3.71981e-01
timlo1              =  3.72467e-01 at=  9.99900e-04
pgdgminw            =  2.96864e+00 at=  1.30011e-02
timpre3             =  5.28998e-01
timlo3              =  5.29485e-01 at=  1.29999e-02
vmin_hold1          =  2.97000e+00 at=  1.09999e-02
tpgf1               =  1.20023e-02
pgdgmin2            =  2.72403e+00 at=  1.20100e-02
tasrt1              =  1.20023e-02
tvalid1             =  1.20023e-02
vmin_dip1           =  -1.78905e-07 at=  1.20023e-02
vmax_after1         =  6.75222e-10 at=  1.20967e-02
iasrt1              =  2.83088e-08 from=  1.50000e-04 to=  2.90313e-04
m_dwell_pgdg_1x_us = 2.3100000000e+00
m_pgdg_min_during_halfib_dip_v = 2.7240270000e+00
m_dwell_resetn_1x_us = 2.3000000000e+00
m_reassert_validlow_us = 2.3000000000e+00
m_dwell_rise_1x_us = 8.3287000000e+00
m_tpulse_after_chatter_ms = 4.6574790000e+00
m_pgdg_min_during_chatter = 2.9689350000e+00
m_resetn_max_during_chatter = 8.2406680000e-10
m_resetn_min_after_release = 2.9700000000e+00
m_resetn_min_during_dip = -1.789048000e-07
m_resetn_max_after_dip = 6.7522220000e-10
m_pgdg_min_during_wide_chatter = 2.9686410000e+00
m_tim_min_during_wide_chatter_v = 5.2948520000e-01
m_tim_loss_wide_pct = -9.206080474e-02
m_tim_loss_1us_pct = -1.304365943e-01
m_iq_asserted_1x_na = 2.8308820000e+01
Note: Simulation executed from .control section 

Warning: m=xx on .subckt line will override multiplier m hierarchy!

