
Note: Compatibility modes selected: hs a


Circuit: * por-output-chain-deglitch @ tt_-40c_3.30v -- generated by sim/harness, do not edit

Doing analysis at TEMP = -40.000000 and TNOM = 27.000000

Using SPARSE 1.3 as Direct Linear Solver

Initial Transient Solution
--------------------------

Node                                   Voltage
----                                   -------
vdd                                          0
por_raw                                      0
nib1                              -1.50745e-21
ibias1                            -1.50745e-21
nib2                              -1.50745e-21
ibias2                            -1.50745e-21
vdd1                                         0
vdd2                                         0
resetn1                            -1.4451e-22
resetn2                           -1.43182e-22
xdut1.pdn                         -7.44141e-84
xdut1.ndl                          1.90359e-22
xdut1.ndgp                         -1.8476e-60
xdut1.ndg                          1.06147e-62
xdut1.ndgn                         3.69277e-64
xdut1.pgdg                         3.76621e-59
xdut1.pgdgb                       -2.82901e-60
xdut1.nts                          1.06156e-60
xdut1.tim                         -6.67031e-62
xdut1.nd1                          1.08289e-64
xdut1.trip                        -2.08269e-22
xdut1.rstb                        -6.44548e-23
xdut1.nnand                         1.8101e-22
xdut2.pdn                         -7.44141e-84
xdut2.ndl                          1.90359e-22
xdut2.ndgp                        -1.84254e-60
xdut2.ndg                          1.06887e-62
xdut2.ndgn                         2.32781e-64
xdut2.pgdg                         7.01799e-58
xdut2.pgdgb                       -2.89847e-60
xdut2.nts                          1.06591e-60
xdut2.tim                          -6.6019e-62
xdut2.nd1                          1.08507e-64
xdut2.trip                         -2.0855e-22
xdut2.rstb                        -6.44586e-23
xdut2.nnand                        1.81151e-22
vd2#branch                        -7.30576e-34
vd1#branch                        -7.29404e-34
vib2#branch                                  0
vib1#branch                                  0
vpr#branch                                   0
vsup#branch                        1.45998e-33

 Reference value :  2.41673e-05
 Reference value :  2.14861e-04
 Reference value :  5.42163e-04
 Reference value :  1.10755e-03
 Reference value :  2.42988e-03
 Reference value :  4.54588e-03
 Reference value :  6.10908e-03
 Reference value :  8.33708e-03
 Reference value :  1.04911e-02
 Reference value :  1.11030e-02
 Reference value :  1.20033e-02
 Reference value :  1.20160e-02
 Reference value :  1.30100e-02
 Reference value :  1.35357e-02
No. of Data Rows : 10464
tpgr1               =  3.10026e-04
trel1               =  5.55144e-03
pgdgmin1            =  3.29968e+00 at=  1.20103e-03
vmax_chat1          =  7.22591e-10 at=  1.19993e-03
timpre1             =  3.42328e-01
timlo1              =  3.42776e-01 at=  9.99900e-04
pgdgminw            =  3.29967e+00 at=  1.32011e-02
timpre3             =  4.88735e-01
timlo3              =  4.89184e-01 at=  1.29999e-02
vmin_hold1          =  3.30000e+00 at=  1.09999e-02
tpgf1               =  1.20036e-02
pgdgmin2            =  3.29982e+00 at=  1.20100e-02
tasrt1              =  1.20035e-02
tvalid1             =  1.20035e-02
vmin_dip1           =  -2.37895e-07 at=  1.20158e-02
vmax_after1         =  6.21058e-10 at=  1.21315e-02
iasrt1              =  2.58127e-08 from=  1.50000e-04 to=  2.91243e-04
m_dwell_pgdg_1x_us = 3.5600000000e+00
m_pgdg_min_during_halfib_dip_v = 3.2998230000e+00
m_dwell_resetn_1x_us = 3.5500000000e+00
m_reassert_validlow_us = 3.5500000000e+00
m_dwell_rise_1x_us = 9.9263000000e+00
m_tpulse_after_chatter_ms = 5.2513430000e+00
m_pgdg_min_during_chatter = 3.2996750000e+00
m_resetn_max_during_chatter = 7.2259120000e-10
m_resetn_min_after_release = 3.3000000000e+00
m_resetn_min_during_dip = -2.378951000e-07
m_resetn_max_after_dip = 6.2105770000e-10
m_pgdg_min_during_wide_chatter = 3.2996740000e+00
m_tim_min_during_wide_chatter_v = 4.8918390000e-01
m_tim_loss_wide_pct = -9.182888645e-02
m_tim_loss_1us_pct = -1.308101789e-01
m_iq_asserted_1x_na = 2.5812750000e+01
Note: Simulation executed from .control section 

Warning: m=xx on .subckt line will override multiplier m hierarchy!

