
Note: No compatibility mode selected!


Circuit: * temp-core-designer-check @ fs_-15c_3.30v -- generated by sim/harness, do not edit

Doing analysis at TEMP = -15.000000 and TNOM = 27.000000

Using SPARSE 1.3 as Direct Linear Solver
 Reference value :  0.00000e+00
No. of Data Rows : 1
m_vptat = 1.1126945218e+00
m_vctat = 7.3045589869e-01
m_ptat_k_mvk = 4.3102634972e+00
m_terr_untrim_c = 8.5164298957e-02
m_terr_supply_c = 7.3271325707e-08
m_vout_margin_v = 5.3045589869e-01
m_iq_ua = 9.8662821562e+00
m_iq_dis_ua = 5.0503550777e-05
m_ibias_dis_na = 1.3190430872e-03
m_vibias_dis_v = 6.5744049384e-01
m_vptat_dis_mv = 2.3422782931e-05
m_vctat_dis_mv = 2.3571831650e-05
m_load10m_err_pct = -6.563022854e+00
m_dvbe_mv = 4.6335368835e+01
m_aoffs_uv = -4.380535276e+00
m_vnd_mv = 3.4970160547e+00
m_mp3_hdr_v = 3.0502003049e-01
m_rtrim_nom_k = 5.1895823284e+02
m_rtrim_lsb_pct = 2.3969409823e-01
m_rtrim_range_pct = 1.5682943427e+01
Note: Simulation executed from .control section 

Note: Starting dynamic gmin stepping
Warning: Dynamic gmin stepping failed
Note: Starting true gmin stepping
Note: True gmin stepping completed
