
Note: No compatibility mode selected!


Circuit: * temp-core-designer-check @ fs_90c_2.97v -- generated by sim/harness, do not edit

Doing analysis at TEMP = 90.000000 and TNOM = 27.000000

Using SPARSE 1.3 as Direct Linear Solver
 Reference value :  0.00000e+00
No. of Data Rows : 1
m_vptat = 1.5660077472e+00
m_vctat = 5.3541564004e-01
m_ptat_k_mvk = 4.3122889913e+00
m_terr_untrim_c = 2.9051305992e-01
m_terr_supply_c = -9.768524553e-03
m_vout_margin_v = 3.3541564004e-01
m_iq_ua = 1.2610450379e+01
m_iq_dis_ua = 1.0322798691e-04
m_ibias_dis_na = 1.5633204911e-02
m_vibias_dis_v = 5.6114481772e-01
m_vptat_dis_mv = 3.4965566652e-05
m_vctat_dis_mv = 3.5315347024e-05
m_load10m_err_pct = -5.729173450e+00
m_dvbe_mv = 6.5204445620e+01
m_aoffs_uv = -1.752110932e+00
m_vnd_mv = 3.5890579157e+00
m_mp3_hdr_v = 3.4594296373e-01
m_rtrim_nom_k = 5.1500113842e+02
m_rtrim_lsb_pct = 2.3331035344e-01
m_rtrim_range_pct = 1.5642951481e+01
Note: Simulation executed from .control section 

Note: Starting dynamic gmin stepping
Warning: Dynamic gmin stepping failed
Note: Starting true gmin stepping
Note: True gmin stepping completed
