
Note: No compatibility mode selected!


Circuit: * temp-core-designer-check @ res_ss_125c_3.30v -- generated by sim/harness, do not edit

Doing analysis at TEMP = 125.000000 and TNOM = 27.000000

Using SPARSE 1.3 as Direct Linear Solver
 Reference value :  0.00000e+00
No. of Data Rows : 1
m_vptat = 1.7177288558e+00
m_vctat = 4.6273470477e-01
m_ptat_k_mvk = 4.3142756644e+00
m_terr_untrim_c = 5.0208698409e-01
m_terr_supply_c = -3.678191156e-08
m_vout_margin_v = 2.6273470477e-01
m_iq_ua = 1.1826079117e+01
m_iq_dis_ua = 1.3418539768e-04
m_ibias_dis_na = 1.8988069823e-02
m_vibias_dis_v = 6.1149710925e-01
m_vptat_dis_mv = 6.1724608009e-05
m_vctat_dis_mv = 6.2288374699e-05
m_load10m_err_pct = -6.602054986e+00
m_dvbe_mv = 7.1496697357e+01
m_aoffs_uv = -2.150360474e+00
m_vnd_mv = 4.2641562422e+00
m_mp3_hdr_v = 3.6836507201e-01
m_rtrim_nom_k = 6.1846022890e+02
m_rtrim_lsb_pct = 2.3244721713e-01
m_rtrim_range_pct = 1.5640617801e+01
Note: Simulation executed from .control section 

Note: Starting dynamic gmin stepping
Warning: Dynamic gmin stepping failed
Note: Starting true gmin stepping
Note: True gmin stepping completed
