
Note: No compatibility mode selected!


Circuit: * temp-core-designer-check @ ss_125c_3.30v -- generated by sim/harness, do not edit

Doing analysis at TEMP = 125.000000 and TNOM = 27.000000

Using SPARSE 1.3 as Direct Linear Solver
 Reference value :  0.00000e+00
No. of Data Rows : 1
m_vptat = 1.7179529777e+00
m_vctat = 4.7506364980e-01
m_ptat_k_mvk = 4.3148385728e+00
m_terr_untrim_c = 5.5410141476e-01
m_terr_supply_c = -9.109851796e-08
m_vout_margin_v = 2.7506364980e-01
m_iq_ua = 1.1798476346e+01
m_iq_dis_ua = 7.5013176375e-05
m_ibias_dis_na = 4.2843289138e-03
m_vibias_dis_v = 7.2453863101e-01
m_vptat_dis_mv = 6.4333222759e-05
m_vctat_dis_mv = 6.4978430130e-05
m_load10m_err_pct = -6.622950313e+00
m_dvbe_mv = 7.1504267280e+01
m_aoffs_uv = -2.441491920e+00
m_vnd_mv = 4.2673598028e+00
m_mp3_hdr_v = 3.7859091556e-01
m_rtrim_nom_k = 6.1846992447e+02
m_rtrim_lsb_pct = 2.3122579685e-01
m_rtrim_range_pct = 1.5632506574e+01
Note: Simulation executed from .control section 

Note: Starting dynamic gmin stepping
Warning: Dynamic gmin stepping failed
Note: Starting true gmin stepping
Note: True gmin stepping completed
