
Note: No compatibility mode selected!


Circuit: * temp-core-designer-check @ ss_125c_2.97v -- generated by sim/harness, do not edit

Doing analysis at TEMP = 125.000000 and TNOM = 27.000000

Using SPARSE 1.3 as Direct Linear Solver
 Reference value :  0.00000e+00
No. of Data Rows : 1
m_vptat = 1.7179242867e+00
m_vctat = 4.7506330505e-01
m_ptat_k_mvk = 4.3147665118e+00
m_terr_untrim_c = 5.4744276698e-01
m_terr_supply_c = -6.658696646e-03
m_vout_margin_v = 2.7506330505e-01
m_iq_ua = 1.1769596554e+01
m_iq_dis_ua = 6.8957274651e-05
m_ibias_dis_na = 4.2843289120e-03
m_vibias_dis_v = 7.2453863101e-01
m_vptat_dis_mv = 6.5247218593e-05
m_vctat_dis_mv = 6.5961671811e-05
m_load10m_err_pct = -6.622556527e+00
m_dvbe_mv = 7.1503550943e+01
m_aoffs_uv = -1.725519578e+00
m_vnd_mv = 4.2183864668e+00
m_mp3_hdr_v = 3.7575218481e-01
m_rtrim_nom_k = 6.1847936716e+02
m_rtrim_lsb_pct = 2.3009447164e-01
m_rtrim_range_pct = 1.5624794087e+01
Note: Simulation executed from .control section 

Note: Starting dynamic gmin stepping
Warning: Dynamic gmin stepping failed
Note: Starting true gmin stepping
Note: True gmin stepping completed
