
Note: No compatibility mode selected!


Circuit: * temp-core-designer-check @ ss_60c_3.63v -- generated by sim/harness, do not edit

Doing analysis at TEMP = 60.000000 and TNOM = 27.000000

Using SPARSE 1.3 as Direct Linear Solver
 Reference value :  0.00000e+00
No. of Data Rows : 1
m_vptat = 1.4369633655e+00
m_vctat = 5.9661463281e-01
m_ptat_k_mvk = 4.3132623907e+00
m_terr_untrim_c = 3.4177469374e-01
m_terr_supply_c = -9.513818908e-03
m_vout_margin_v = 3.9661463281e-01
m_iq_ua = 1.0430824655e+01
m_iq_dis_ua = 5.8720386866e-05
m_ibias_dis_na = 1.5921892137e-03
m_vibias_dis_v = 7.8171378032e-01
m_vptat_dis_mv = 3.7944665574e-05
m_vctat_dis_mv = 3.8235113775e-05
m_load10m_err_pct = -7.028669625e+00
m_dvbe_mv = 5.9815524778e+01
m_aoffs_uv = -4.035635247e+00
m_vnd_mv = 4.2260148141e+00
m_mp3_hdr_v = 3.5461794615e-01
m_rtrim_nom_k = 6.1829910950e+02
m_rtrim_lsb_pct = 2.3506042918e-01
m_rtrim_range_pct = 1.5656838304e+01
Note: Simulation executed from .control section 

Note: Starting dynamic gmin stepping
Warning: Dynamic gmin stepping failed
Note: Starting true gmin stepping
Note: True gmin stepping completed
