
Note: Compatibility modes selected: hs a


Circuit: * por-brownout-slew @ tt_27c_3.30v -- generated by sim/harness, do not edit

Doing analysis at TEMP = 27.000000 and TNOM = 27.000000

Using SPARSE 1.3 as Direct Linear Solver

Initial Transient Solution
--------------------------

Node                                   Voltage
----                                   -------
vdd                                          0
ptat                              -7.98628e-41
ctat                              -2.47101e-25
resetn                             1.02271e-27
xdut.xtemp__pg                     1.68496e-18
xdut.xtemp__nz                    -4.53249e-17
xdut.xbias__nbg                   -5.49825e-92
xdut.xbias__pb                    -7.47962e-92
xdut.xbias__n1                    -1.10084e-75
xdut.xbias__n2                    -1.77366e-73
xdut.xbias__pg                    -1.04617e-70
xdut.xbias__ks1                   -4.20103e-57
xdut.xbias__ks2                    5.23397e-56
xdut.xbias__ks3                   -6.47887e-55
xdut.xbias__ks4                    8.01953e-54
xdut.xbias__nkg                   -9.92655e-53
xdut.xbias__nkm                    8.70545e-94
xdut.xbias__nokl                   1.02111e-81
xdut.xbias__noko                    2.1031e-84
xdut.xbias__nokx                   2.43967e-80
xdut.bias_ok                      -3.63817e-52
xdut.xcmp__na                      2.02229e-49
xdut.xcmp__sns                               0
xdut.xcmp__tn                     -3.14912e-49
xdut.xcmp__cmpo                    1.94573e-49
xdut.vref                         -1.1158e-166
xdut.xcmp__nbg                     8.05437e-21
xdut.ibias                        -4.05417e-21
xdut.xcmp__bias_okb                          0
xdut.xcmp__snsb                              0
xdut.xcmp__n1                      -9.7522e-58
xdut.por_raw                       1.57548e-60
xdut.xpor__pdn                     2.37846e-40
xdut.xpor__ndl                    -1.85424e-35
xdut.xpor__ndgn                   -2.40487e-37
xdut.xpor__ndg                     1.32485e-37
xdut.xpor__pgdg                   -1.21451e-31
xdut.xpor__pgdgb                   2.30471e-39
xdut.xpor__tim                     1.15549e-31
xdut.xpor__nd1                    -5.84969e-31
xdut.xpor__trip                    7.56154e-31
xdut.xpor__rstb                   -2.71321e-24
xdut.xpor__nnand                   9.96734e-24
xdut.xtemp__n1                    -9.50511e-18
xdut.xtemp__n2                    -4.53249e-17
xdut.xtemp__nbg                    3.18755e-21
xdut.xtemp__enb                    2.83173e-36
xdut.xtemp__pb                    -4.58852e-50
xdut.xtemp__pcas                  -7.35467e-22
xdut.xtemp__nd                    -5.79618e-22
xdut.xtemp__nr                     7.13024e-22
xdut.xtemp__nt                    -2.14936e-17
xdut.xtemp__t5                    -1.16622e-41
xdut.xtemp__t4                    -5.75662e-42
xdut.xtemp__t3                    -2.79937e-42
xdut.xtemp__t2                    -1.31622e-42
xdut.xtemp__t1                    -5.70239e-43
xdut.xtemp__t0                    -1.93102e-43
xdut.xbias__na                    1.80886e-169
xdut.xbias__nbtop                -1.88897e-154
xdut.xbias__nt                     6.69001e-75
xdut.xbias__nb                   -1.88897e-154
xdut.xbias__tok                   -3.17293e-83
xdut.xcmp__vdda                    5.42976e-50
xdut.xpor__ndgp                    1.57112e-38
xdut.xpor__nts                     2.46082e-33
xdut.xtemp__na                    -2.47101e-25
xdut.xtemp__nb                    -2.60291e-29
xdut.xtemp__m1d                    6.41894e-26
xdut.xtemp__m2d                    4.44264e-29
xdut.xtemp__m3d                    3.61994e-35
xdut.xbias__ec                   -1.88897e-154
xdut.xbias__er                    -1.1158e-166
xdut.xtemp__nc                    -2.60291e-29
xdut.xbias__nz                    -1.77366e-73
xdut.x162.11                      -2.60291e-29
xdut.x162.21                      -2.60291e-29
xdut.xtemp__xr1__1                -2.60291e-29
xdut.x163.11                      -2.60291e-29
xdut.x163.21                      -2.60291e-29
xdut.x164.11                      -2.47101e-25
xdut.x164.21                      -2.47101e-25
xdut.xtemp__xriso__1              -2.47101e-25
xdut.x165.11                      -2.47101e-25
xdut.x165.21                      -2.47101e-25
xdut.x166.11                      -4.53249e-17
xdut.x166.21                      -4.53249e-17
xdut.xtemp__xrz__1                -4.53249e-17
xdut.xtemp__xrz__2                -4.53249e-17
xdut.x167.11                      -4.53249e-17
xdut.x167.21                      -4.53249e-17
xdut.x168.11                      -4.53249e-17
xdut.x168.21                      -4.53249e-17
xdut.xtemp__xrz__3                -4.53249e-17
xdut.xtemp__xrz__4                -4.53249e-17
xdut.x169.11                      -4.53249e-17
xdut.x169.21                      -4.53249e-17
xdut.x170.11                      -4.53249e-17
xdut.x170.21                      -4.53249e-17
xdut.xtemp__xrz__5                -4.53249e-17
xdut.xtemp__xrz__6                -4.53249e-17
xdut.x171.11                      -4.53249e-17
xdut.x171.21                      -4.53249e-17
xdut.x172.11                      -4.53249e-17
xdut.x172.21                      -4.53249e-17
xdut.xtemp__xrz__7                -4.53249e-17
xdut.xtemp__xrz__8                -4.53249e-17
xdut.x173.11                      -4.53249e-17
xdut.x173.21                      -4.53249e-17
xdut.x174.11                      -4.53249e-17
xdut.x174.21                      -4.53249e-17
xdut.xtemp__xrz__9                -4.53249e-17
xdut.x175.11                      -4.53249e-17
xdut.x175.21                      -4.53249e-17
xdut.x176.11                      -7.98584e-41
xdut.x176.21                      -7.70255e-41
xdut.xtemp__xr2f__1               -7.70211e-41
xdut.xtemp__xr2f__2               -7.41794e-41
xdut.x177.11                      -7.41838e-41
xdut.x177.21                      -7.70167e-41
xdut.x178.11                       -7.4175e-41
xdut.x178.21                      -7.13421e-41
xdut.xtemp__xr2f__3               -7.13377e-41
xdut.xtemp__xr2f__4                -6.8496e-41
xdut.x179.11                      -6.85004e-41
xdut.x179.21                      -7.13334e-41
xdut.x180.11                      -6.84917e-41
xdut.x180.21                      -6.56587e-41
xdut.xtemp__xr2f__5               -6.56543e-41
xdut.xtemp__xr2f__6               -6.28127e-41
xdut.x181.11                       -6.2817e-41
xdut.x181.21                        -6.565e-41
xdut.x182.11                      -6.28083e-41
xdut.x182.21                      -5.99753e-41
xdut.xtemp__xr2f__7                -5.9971e-41
xdut.xtemp__xr2f__8               -5.71293e-41
xdut.x183.11                      -5.71336e-41
xdut.x183.21                      -5.99666e-41
xdut.x184.11                      -5.71249e-41
xdut.x184.21                      -5.42919e-41
xdut.xtemp__xr2f__9               -5.42876e-41
xdut.xtemp__xr2f__10              -5.14459e-41
xdut.x185.11                      -5.14503e-41
xdut.x185.21                      -5.42832e-41
xdut.x186.11                      -5.14415e-41
xdut.x186.21                      -4.86086e-41
xdut.xtemp__xr2f__11              -4.86042e-41
xdut.xtemp__xr2f__12              -4.57625e-41
xdut.x187.11                      -4.57669e-41
xdut.x187.21                      -4.85998e-41
xdut.x188.11                      -4.57581e-41
xdut.x188.21                      -4.29252e-41
xdut.xtemp__xr2f__13              -4.29208e-41
xdut.xtemp__xr2f__14              -4.00791e-41
xdut.x189.11                      -4.00835e-41
xdut.x189.21                      -4.29164e-41
xdut.x190.11                      -4.00747e-41
xdut.x190.21                      -3.72418e-41
xdut.xtemp__xr2f__15              -3.72374e-41
xdut.xtemp__xr2f__16              -3.43957e-41
xdut.x191.11                      -3.44001e-41
xdut.x191.21                       -3.7233e-41
xdut.x192.11                      -3.43913e-41
xdut.x192.21                      -3.15584e-41
xdut.xtemp__xr2f__17               -3.1554e-41
xdut.xtemp__xr2f__18              -2.87123e-41
xdut.x193.11                      -2.87167e-41
xdut.x193.21                      -3.15496e-41
xdut.x194.11                      -2.87079e-41
xdut.x194.21                       -2.5875e-41
xdut.xtemp__xr2f__19              -2.58706e-41
xdut.xtemp__xr2f__20              -2.30289e-41
xdut.x195.11                      -2.30333e-41
xdut.x195.21                      -2.58662e-41
xdut.x196.11                      -2.30245e-41
xdut.x196.21                      -2.01916e-41
xdut.xtemp__xr2f__21              -2.01872e-41
xdut.xtemp__xr2f__22              -1.73455e-41
xdut.x197.11                      -1.73499e-41
xdut.x197.21                      -2.01829e-41
xdut.x198.11                      -1.73412e-41
xdut.x198.21                      -1.45082e-41
xdut.xtemp__xr2f__23              -1.45038e-41
xdut.x199.11                      -1.16665e-41
xdut.x199.21                      -1.44995e-41
xdut.x200.11                      -1.16578e-41
xdut.x200.21                      -8.71377e-42
xdut.xtemp__xr2t5__1              -8.70939e-42
xdut.x201.11                      -5.76101e-42
xdut.x201.21                      -8.70501e-42
xdut.x202.11                      -5.75224e-42
xdut.x202.21                      -4.28238e-42
xdut.xtemp__xr2t4__1                -4.278e-42
xdut.x203.11                      -2.80375e-42
xdut.x203.21                      -4.27361e-42
xdut.x204.11                      -2.79499e-42
xdut.x204.21                      -2.06217e-42
xdut.xtemp__xr2t3__1              -2.05779e-42
xdut.x205.11                       -1.3206e-42
xdut.x205.21                      -2.05341e-42
xdut.x206.11                      -1.31184e-42
xdut.x206.21                       -9.4761e-43
xdut.xtemp__xr2t2__1              -9.43228e-43
xdut.x207.11                      -5.74621e-43
xdut.x207.21                      -9.38846e-43
xdut.x208.11                      -5.65857e-43
xdut.x208.21                      -3.86052e-43
xdut.xtemp__xr2t1__1              -3.81671e-43
xdut.x209.11                      -1.97484e-43
xdut.x209.21                      -3.77289e-43
xdut.x210.11                       -1.8872e-43
xdut.x210.21                      -1.00933e-43
xdut.xtemp__xr2t0__1               -9.6551e-44
xdut.x211.11                      -4.38186e-45
xdut.x211.21                      -9.21691e-44
xdut.x212.11                                 0
xdut.x212.21                                 0
xdut.x213.11                                 0
xdut.x213.21                                 0
xdut.x214.11                                 0
xdut.x214.21                                 0
xdut.x215.11                      -1.1158e-166
xdut.x215.21                      -1.1158e-166
xdut.xbias__xr2__1                -1.1158e-166
xdut.xbias__xr2__2                -1.1158e-166
xdut.x216.11                      -1.1158e-166
xdut.x216.21                      -1.1158e-166
xdut.x217.11                      -1.1158e-166
xdut.x217.21                      -1.1158e-166
xdut.xbias__xr2__3                -1.1158e-166
xdut.xbias__xr2__4                -1.1158e-166
xdut.x218.11                      -1.1158e-166
xdut.x218.21                      -1.1158e-166
xdut.x219.11                      -1.1158e-166
xdut.x219.21                      -1.1158e-166
xdut.xbias__xr2__5                -1.1158e-166
xdut.xbias__xr2__6                -1.1158e-166
xdut.x220.11                      -1.1158e-166
xdut.x220.21                      -1.1158e-166
xdut.x221.11                      -1.1158e-166
xdut.x221.21                      -1.1158e-166
xdut.xbias__xr2__7                -1.1158e-166
xdut.xbias__xr2__8                -1.1158e-166
xdut.x222.11                      -1.1158e-166
xdut.x222.21                      -1.1158e-166
xdut.x223.11                      -1.1158e-166
xdut.x223.21                      -1.1158e-166
xdut.xbias__xr2__9                -1.1158e-166
xdut.xbias__xr2__10               -1.1158e-166
xdut.x224.11                      -1.1158e-166
xdut.x224.21                      -1.1158e-166
xdut.x225.11                      -1.1158e-166
xdut.x225.21                      -1.1158e-166
xdut.xbias__xr2__11               -1.1158e-166
xdut.xbias__xr2__12               -1.1158e-166
xdut.x226.11                      -1.1158e-166
xdut.x226.21                      -1.1158e-166
xdut.x227.11                      -1.1158e-166
xdut.x227.21                      -1.1158e-166
xdut.xbias__xr2__13               -1.1158e-166
xdut.xbias__xr2__14               -1.1158e-166
xdut.x228.11                      -1.1158e-166
xdut.x228.21                      -1.1158e-166
xdut.x229.11                      -1.1158e-166
xdut.x229.21                      -1.1158e-166
xdut.xbias__xr2__15               -1.1158e-166
xdut.x230.11                      -1.1158e-166
xdut.x230.21                      -1.1158e-166
xdut.x231.11                      -1.77366e-73
xdut.x231.21                      -1.77366e-73
xdut.xbias__xrz__1                -1.77366e-73
xdut.xbias__xrz__2                -1.77366e-73
xdut.x232.11                      -1.77366e-73
xdut.x232.21                      -1.77366e-73
xdut.x233.11                      -1.77366e-73
xdut.x233.21                      -1.77366e-73
xdut.xbias__xrz__3                -1.77366e-73
xdut.x234.11                      -1.77366e-73
xdut.x234.21                      -1.77366e-73
xdut.x235.11                     -1.88897e-154
xdut.x235.21                     -1.88897e-154
xdut.xbias__xr1__1               -1.88897e-154
xdut.x236.11                     -1.88897e-154
xdut.x236.21                     -1.88897e-154
xdut.x237.11                     -1.88897e-154
xdut.x237.21                     -1.88897e-154
xdut.xbias__xrt__1               -1.88897e-154
xdut.x238.11                     -1.88897e-154
xdut.x238.21                     -1.88897e-154
xdut.xbias__nt__par                6.69001e-75
xdut.xtemp__xrz__2__par           -4.53249e-17
xdut.xtemp__xrz__4__par           -4.53249e-17
xdut.xtemp__xrz__6__par           -4.53249e-17
xdut.xtemp__xrz__8__par           -4.53249e-17
xdut.xbias__n1__par               -1.10084e-75
xdut.xtemp__xr2f__2__par          -7.41794e-41
xdut.xtemp__xr2f__4__par           -6.8496e-41
xdut.xtemp__xr2f__6__par          -6.28127e-41
xdut.xtemp__xr2f__8__par          -5.71293e-41
xdut.xtemp__xr2f__10__par         -5.14459e-41
xdut.xtemp__xr2f__12__par         -4.57625e-41
xdut.xtemp__xr2f__14__par         -4.00791e-41
xdut.xtemp__xr2f__16__par         -3.43957e-41
xdut.xtemp__xr2f__18__par         -2.87123e-41
xdut.xtemp__xr2f__20__par         -2.30289e-41
xdut.xbias__n2__par               -1.77366e-73
xdut.xtemp__xr2f__22__par         -1.73455e-41
xdut.xtemp__xr2t0__1__par          -9.6551e-44
xdut.xtemp__xr2t1__1__par         -3.81671e-43
xdut.xbias__tok__par              -3.17293e-83
xdut.xtemp__xr2t2__1__par         -9.43228e-43
xdut.xtemp__xr2t3__1__par         -2.05779e-42
xdut.xbias__noko__par               2.1031e-84
xdut.xtemp__xriso__1__par         -2.47101e-25
xdut.xtemp__xr2t4__1__par           -4.278e-42
xdut.xtemp__xr1__1__par           -2.60291e-29
xdut.xtemp__xrz__1__par           -4.53249e-17
xdut.xtemp__xrz__3__par           -4.53249e-17
xdut.xtemp__xrz__5__par           -4.53249e-17
xdut.xbias__nokl__par              1.02111e-81
xdut.xtemp__xrz__7__par           -4.53249e-17
xdut.xtemp__xrz__9__par           -4.53249e-17
xdut.xtemp__xr2f__1__par          -7.70211e-41
xdut.xtemp__xr2f__3__par          -7.13377e-41
xdut.xtemp__xr2f__5__par          -6.56543e-41
xdut.xtemp__xr2f__7__par           -5.9971e-41
xdut.xtemp__xr2f__9__par          -5.42876e-41
xdut.xtemp__xr2f__11__par         -4.86042e-41
xdut.xtemp__xr2f__13__par         -4.29208e-41
xdut.xtemp__xr2f__15__par         -3.72374e-41
xdut.xbias__nkg__par              -9.92655e-53
xdut.xtemp__xr2f__17__par          -3.1554e-41
xdut.xtemp__xr2f__19__par         -2.58706e-41
xdut.xtemp__xr2f__21__par         -2.01872e-41
xdut.xtemp__xr2f__23__par         -1.45038e-41
xdut.xtemp__xr2t5__1__par         -8.70939e-42
xdut.xbias__nb__par              -1.88897e-154
xdut.xcmp__vdda__par               5.42976e-50
xdut.xcmp__na__par                 2.02229e-49
xdut.xcmp__cmpo__par               1.94573e-49
xdut.xcmp__n1__par                 -9.7522e-58
xdut.xcmp__tn__par                -3.14912e-49
xdut.xcmp__sns__par                          0
xdut.xcmp__nbg__par                8.05437e-21
xdut.xcmp__snsb__par                         0
xdut.xpor__pdn__par                2.37846e-40
xdut.xpor__ndl__par               -1.85424e-35
xdut.xpor__ndgn__par              -2.40487e-37
xdut.xpor__pgdg__par              -1.21451e-31
xdut.xpor__pgdgb__par              2.30471e-39
xdut.xpor__nd1__par               -5.84969e-31
xdut.xpor__nnand__par              9.96734e-24
xdut.xpor__ndgp__par               1.57112e-38
xdut.xpor__nts__par                2.46082e-33
xdut.xpor__rstb__par              -2.71321e-24
xdut.xbias__nkm__par               8.70545e-94
xdut.xbias__nokx__par              2.43967e-80
xdut.xbias__ks1__par              -4.20103e-57
xdut.xbias__ks2__par               5.23397e-56
xdut.xbias__ks3__par              -6.47887e-55
xdut.xbias__ks4__par               8.01953e-54
xdut.xbias__ec__par              -1.88897e-154
xdut.xbias__nz__par               -1.77366e-73
xdut.xpor__ndg__par                1.32485e-37
xdut.xpor__tim__par                1.15549e-31
xdut.xpor__trip__par               7.56154e-31
xdut.xbias__xr2__2__par           -1.1158e-166
xdut.xbias__xr2__4__par           -1.1158e-166
xdut.xbias__xr2__6__par           -1.1158e-166
xdut.xbias__xr2__8__par           -1.1158e-166
xdut.xbias__xr2__10__par          -1.1158e-166
xdut.xbias__xr2__12__par          -1.1158e-166
xdut.xbias__pg__par               -1.04617e-70
xdut.xbias__xr2__14__par          -1.1158e-166
xdut.xbias__xrz__2__par           -1.77366e-73
xdut.xbias__xrt__1__par          -1.88897e-154
xdut.xbias__na__par               1.80886e-169
xdut.xbias__er__par               -1.1158e-166
xdut.xbias__nbtop__par           -1.88897e-154
xdut.xbias__nbg__par              -5.49825e-92
xdut.xbias__xrz__1__par           -1.77366e-73
xdut.xbias__xrz__3__par           -1.77366e-73
xdut.xbias__xr1__1__par          -1.88897e-154
xdut.xbias__xr2__13__par          -1.1158e-166
xdut.xbias__xr2__11__par          -1.1158e-166
xdut.xbias__xr2__1__par           -1.1158e-166
xdut.xbias__xr2__3__par           -1.1158e-166
xdut.xbias__xr2__5__par           -1.1158e-166
xdut.xbias__xr2__7__par           -1.1158e-166
xdut.xbias__xr2__9__par           -1.1158e-166
xdut.xbias__pb__par               -7.47962e-92
xdut.xbias__xr2__15__par          -1.1158e-166
xdut.bias_ok__par                 -3.63817e-52
xdut.xcmp__bias_okb__par                     0
xdut.ctat__par                    -2.47101e-25
xdut.resetn__par                   1.02271e-27
xdut.xtemp__enb__par               2.83173e-36
xdut.ibias__par                   -4.05417e-21
xdut.xtemp__m1d__par               6.41894e-26
xdut.xtemp__m2d__par               4.44264e-29
xdut.xtemp__m3d__par               3.61994e-35
xdut.xtemp__n1__par               -9.50511e-18
xdut.xtemp__n2__par               -4.53249e-17
xdut.xtemp__na__par               -2.47101e-25
xdut.xtemp__nb__par               -2.60291e-29
xdut.xtemp__nbg__par               3.18755e-21
xdut.xtemp__nc__par               -2.60291e-29
xdut.xtemp__nd__par               -5.79618e-22
xdut.xtemp__nr__par                7.13024e-22
xdut.xtemp__nt__par               -2.14936e-17
xdut.xtemp__nz__par               -4.53249e-17
xdut.xtemp__pb__par               -4.58852e-50
xdut.xtemp__pcas__par             -7.35467e-22
xdut.xtemp__pg__par                1.68496e-18
xdut.por_raw__par                  1.57548e-60
xdut.ptat__par                    -7.98628e-41
xdut.xtemp__t0__par               -1.93102e-43
xdut.xtemp__t1__par               -5.70239e-43
xdut.xtemp__t2__par               -1.31622e-42
xdut.xtemp__t3__par               -2.79937e-42
xdut.xtemp__t4__par               -5.75662e-42
xdut.xtemp__t5__par               -1.16622e-41
xdut.vdd__par                                0
xdut.vref__par                    -1.1158e-166
xdut.vss__par                                0
vsup#branch                       -1.96226e-29

 Reference value :  0.00000e+00
 Reference value :  1.94237e-04
 Reference value :  3.66586e-04
 Reference value :  4.34513e-04
 Reference value :  4.62604e-04
 Reference value :  8.47030e-04
 Reference value :  8.59553e-04
 Reference value :  8.70501e-04
 Reference value :  3.06745e-03
 Reference value :  6.54745e-03
 Reference value :  9.98745e-03
 Reference value :  1.02703e-02
 Reference value :  1.02726e-02
 Reference value :  1.02758e-02
 Reference value :  1.14494e-02
 Reference value :  1.48694e-02
 Reference value :  1.83094e-02
 Reference value :  2.01089e-02
 Reference value :  2.01090e-02
 Reference value :  2.01362e-02
 Reference value :  2.01367e-02
 Reference value :  2.03695e-02
 Reference value :  2.07907e-02
 Reference value :  2.09240e-02
 Reference value :  2.12451e-02
 Reference value :  2.12585e-02
No. of Data Rows : 2679
vrst_pre            =  3.30000e+00
rst_r_min_overall   =  -5.11494e-07 at=  2.01367e-02
vdd_settled         =  3.30000e+00
bok_r_min           =  -3.38213e-07 at=  2.01367e-02
rst_r_min           =  -5.11494e-07 at=  2.01367e-02
praw_r_min          =  -1.35511e-04 at=  2.01090e-02
vrst_floor          =  1.14226e-09
vdd_dip             =  1.00000e+00
m_resetn_pre_dip_v = 3.3000000000e+00
m_vdd_dip_v = 1.0000000000e+00
m_bias_ok_ratio_min_in_dip = -3.382132000e-07
m_resetn_ratio_min_in_dip = -5.114941000e-07
m_por_raw_ratio_min_in_dip = -1.355107000e-04
m_resetn_ratio_min_overall = -5.114941000e-07
m_resetn_floor_in_dip_mv = 1.1422620000e-06
Note: Simulation executed from .control section 

Warning: m=xx on .subckt line will override multiplier m hierarchy!

