
Note: No compatibility mode selected!


Circuit: * por-brownout @ bjt_ss_125c_2.97v -- generated by sim/harness, do not edit

Doing analysis at TEMP = 125.000000 and TNOM = 27.000000

Using SPARSE 1.3 as Direct Linear Solver

Initial Transient Solution
--------------------------

Node                                   Voltage
----                                   -------
vdd                                          0
ptat                              -5.59211e-25
ctat                               4.18506e-19
resetn                            -1.11812e-18
xdut.xbias.na                     -8.21075e-19
xdut.xbias.pg                     -1.17989e-18
xdut.xbias.nbtop                   1.71922e-18
xdut.vref                         -6.73905e-19
xdut.xbias.nbg                    -5.68103e-20
xdut.xbias.xrt.11                  1.71922e-18
xdut.xbias.xrt.21                  1.71922e-18
xdut.xbias.nb                      1.71922e-18
xdut.xbias.xr1.11                  1.71922e-18
xdut.xbias.xr1.21                  1.71922e-18
xdut.xbias.ec                      1.71922e-18
xdut.xbias.xr2.11                 -6.73905e-19
xdut.xbias.xr2.21                 -6.73907e-19
xdut.xbias.er                     -6.73907e-19
xdut.xbias.pb                      5.95591e-20
xdut.ibias                         6.37242e-19
xdut.xbias.nt                     -1.19563e-19
xdut.xbias.n1                     -1.18726e-19
xdut.xbias.n2                     -1.39116e-19
xdut.xbias.nz                     -1.39116e-19
xdut.xbias.xrz.11                 -1.39116e-19
xdut.xbias.xrz.21                 -1.39116e-19
xdut.xbias.ks1                     1.03129e-18
xdut.xbias.ks2                    -5.55892e-19
xdut.xbias.ks3                    -1.52379e-19
xdut.xbias.ks4                     9.97896e-20
xdut.xbias.nkg                     -2.0218e-18
xdut.xbias.nkm                    -9.85948e-19
xdut.xbias.tok                     3.41938e-21
xdut.xbias.noko                   -5.53793e-19
xdut.xbias.nokl                   -4.09136e-19
xdut.xbias.nokx                   -3.13486e-19
xdut.bias_ok                      -1.74456e-18
xdut.xtemp.nbg                     1.99802e-18
xdut.xtemp.enb                     2.32647e-18
xdut.xtemp.pb                      5.88772e-19
xdut.xtemp.pcas                    2.00829e-18
xdut.xtemp.nt                     -1.09136e-18
xdut.xtemp.n1                     -4.11921e-18
xdut.xtemp.na                      4.18505e-19
xdut.xtemp.n2                     -2.79378e-18
xdut.xtemp.nb                      1.73731e-18
xdut.xtemp.pg                      2.22693e-19
xdut.xtemp.nz                     -2.79378e-18
xdut.xtemp.xrz.11                 -2.79378e-18
xdut.xtemp.xrz.21                 -2.79378e-18
xdut.xtemp.m1d                    -2.71392e-18
xdut.xtemp.m2d                     1.44938e-19
xdut.xtemp.m3d                      1.0499e-18
xdut.xtemp.nd                     -2.83493e-18
xdut.xtemp.nr                      4.90478e-19
xdut.xtemp.nc                      1.73731e-18
xdut.xtemp.xr1.11                  1.73731e-18
xdut.xtemp.xr1.21                  1.73731e-18
xdut.xtemp.xr2f.11                -5.59184e-25
xdut.xtemp.xr2f.21                -8.15355e-26
xdut.xtemp.t5                     -8.15089e-26
xdut.xtemp.xr2t5.11               -8.14822e-26
xdut.xtemp.xr2t5.21               -4.01187e-26
xdut.xtemp.t4                      -4.0092e-26
xdut.xtemp.xr2t4.11               -4.00654e-26
xdut.xtemp.xr2t4.21               -1.94134e-26
xdut.xtemp.t3                     -1.93867e-26
xdut.xtemp.xr2t3.11               -1.93601e-26
xdut.xtemp.xr2t3.21                -9.0638e-27
xdut.xtemp.t2                     -9.03716e-27
xdut.xtemp.xr2t2.11               -9.01053e-27
xdut.xtemp.xr2t2.21                 -3.893e-27
xdut.xtemp.t1                     -3.86636e-27
xdut.xtemp.xr2t1.11               -3.83972e-27
xdut.xtemp.xr2t1.21               -1.31337e-27
xdut.xtemp.t0                     -1.28673e-27
xdut.xtemp.xr2t0.11                -1.2601e-27
xdut.xtemp.xr2t0.21               -2.66375e-29
xdut.xtemp.xriso.11                4.18505e-19
xdut.xtemp.xriso.21                4.18506e-19
xdut.xcmp.bias_okb                 1.52989e-18
xdut.xcmp.nbg                      8.05257e-19
xdut.xcmp.sns                                0
xdut.xcmp.xrtop.11                           0
xdut.xcmp.xrtop.21                           0
xdut.xcmp.snsb                               0
xdut.xcmp.xrbot.11                           0
xdut.xcmp.xrbot.21                           0
xdut.xcmp.xrhys.11                           0
xdut.xcmp.xrhys.21                           0
xdut.xcmp.n1                      -3.11084e-19
xdut.xcmp.tn                      -1.10011e-18
xdut.xcmp.na                      -2.93568e-19
xdut.xcmp.cmpo                     3.76544e-19
xdut.xcmp.vdda                    -1.09234e-20
xdut.por_raw                      -1.76807e-18
xdut.xpor.pdn                      4.21316e-19
xdut.xpor.ndl                     -1.30396e-30
xdut.xpor.ndgp                     3.03592e-19
xdut.xpor.ndg                     -1.17296e-18
xdut.xpor.ndgn                     3.48379e-19
xdut.xpor.pgdg                     4.27875e-18
xdut.xpor.pgdgb                   -1.45496e-18
xdut.xpor.nts                     -2.06961e-19
xdut.xpor.tim                       1.7233e-19
xdut.xpor.nd1                     -1.66965e-19
xdut.xpor.trip                   -1.98992e-302
xdut.xpor.rstb                     1.15623e-18
xdut.xpor.nnand                   -1.50012e-18
vsup#branch                       -1.77568e-28

 Reference value :  3.52982e-04
 Reference value :  9.35976e-04
 Reference value :  2.02984e-03
 Reference value :  7.61657e-03
 Reference value :  7.62168e-03
 Reference value :  1.56369e-02
 Reference value :  2.00050e-02
 Reference value :  2.00526e-02
 Reference value :  2.00532e-02
 Reference value :  2.00555e-02
 Reference value :  2.00620e-02
 Reference value :  2.00944e-02
 Reference value :  2.01353e-02
 Reference value :  2.28451e-02
 Reference value :  2.68130e-02
 Reference value :  2.79192e-02
 Reference value :  3.60592e-02
 Reference value :  4.40992e-02
 Reference value :  5.21392e-02
No. of Data Rows : 4952
vrst_pre            =  2.97000e+00
vdd_dip             =  1.00000e+00
vrst_dip            =  9.99994e-01
treassert           =  2.00555e-02
trel2               =  2.68129e-02
trel2_last          =  2.68129e-02
vrst_final          =  2.97000e+00
m_resetn_pre_dip_v = 2.9699990000e+00
m_vdd_dip_v = 1.0000000000e+00
m_resetn_floor_in_dip_mv = 9.9999390000e+02
m_t_reassert_us = 5.5480000000e+01
m_t_pulse_regen_ms = 6.7574400000e+00
m_release_chatter_us = 0.0000000000e+00
m_resetn_final_v = 2.9699990000e+00
Note: Simulation executed from .control section 

