
Note: No compatibility mode selected!


Circuit: * por-brownout @ fs_125c_3.30v -- generated by sim/harness, do not edit

Doing analysis at TEMP = 125.000000 and TNOM = 27.000000

Using SPARSE 1.3 as Direct Linear Solver

Initial Transient Solution
--------------------------

Node                                   Voltage
----                                   -------
vdd                                          0
ptat                              -1.82722e-25
ctat                               3.32098e-19
resetn                             -1.1031e-17
xdut.xbias.na                      5.83401e-19
xdut.xbias.pg                       3.0076e-25
xdut.xbias.nbtop                  -7.17574e-20
xdut.vref                          5.13592e-19
xdut.xbias.nbg                     8.53113e-77
xdut.xbias.xrt.11                 -7.17574e-20
xdut.xbias.xrt.21                 -7.17574e-20
xdut.xbias.nb                     -7.17574e-20
xdut.xbias.xr1.11                 -7.17574e-20
xdut.xbias.xr1.21                 -7.17575e-20
xdut.xbias.ec                     -7.17575e-20
xdut.xbias.xr2.11                  5.13592e-19
xdut.xbias.xr2.21                  5.13594e-19
xdut.xbias.er                      5.13594e-19
xdut.xbias.pb                      1.39392e-79
xdut.ibias                        -1.17687e-17
xdut.xbias.nt                      6.77507e-19
xdut.xbias.n1                      7.95794e-19
xdut.xbias.n2                      4.37009e-19
xdut.xbias.nz                      4.37009e-19
xdut.xbias.xrz.11                  4.37009e-19
xdut.xbias.xrz.21                  4.37009e-19
xdut.xbias.ks1                    -1.16407e-18
xdut.xbias.ks2                     7.46787e-19
xdut.xbias.ks3                     1.95908e-19
xdut.xbias.ks4                    -6.07109e-19
xdut.xbias.nkg                      1.8195e-18
xdut.xbias.nkm                    -1.83386e-77
xdut.xbias.tok                     3.71055e-19
xdut.xbias.noko                   -1.30574e-22
xdut.xbias.nokl                   -1.15464e-22
xdut.xbias.nokx                   -6.03575e-70
xdut.bias_ok                      -4.89356e-18
xdut.xtemp.nbg                    -4.29977e-18
xdut.xtemp.enb                     2.68667e-18
xdut.xtemp.pb                     -7.34747e-18
xdut.xtemp.pcas                   -1.33795e-18
xdut.xtemp.nt                       8.8658e-19
xdut.xtemp.n1                      5.70106e-22
xdut.xtemp.na                      3.32098e-19
xdut.xtemp.n2                      1.34093e-21
xdut.xtemp.nb                     -9.75726e-19
xdut.xtemp.pg                      2.25466e-21
xdut.xtemp.nz                      1.34093e-21
xdut.xtemp.xrz.11                  1.34093e-21
xdut.xtemp.xrz.21                  1.34093e-21
xdut.xtemp.m1d                    -6.34273e-19
xdut.xtemp.m2d                     1.49434e-18
xdut.xtemp.m3d                     9.40873e-19
xdut.xtemp.nd                     -1.09262e-17
xdut.xtemp.nr                     -1.58544e-19
xdut.xtemp.nc                     -9.75726e-19
xdut.xtemp.xr1.11                 -9.75726e-19
xdut.xtemp.xr1.21                 -9.75726e-19
xdut.xtemp.xr2f.11                -1.82714e-25
xdut.xtemp.xr2f.21                -2.66422e-26
xdut.xtemp.t5                     -2.66335e-26
xdut.xtemp.xr2t5.11               -2.66248e-26
xdut.xtemp.xr2t5.21               -1.31089e-26
xdut.xtemp.t4                     -1.31002e-26
xdut.xtemp.xr2t4.11               -1.30915e-26
xdut.xtemp.xr2t4.21               -6.34334e-27
xdut.xtemp.t3                     -6.33464e-27
xdut.xtemp.xr2t3.11               -6.32593e-27
xdut.xtemp.xr2t3.21                -2.9616e-27
xdut.xtemp.t2                      -2.9529e-27
xdut.xtemp.xr2t2.11               -2.94419e-27
xdut.xtemp.xr2t2.21               -1.27204e-27
xdut.xtemp.t1                     -1.26333e-27
xdut.xtemp.xr2t1.11               -1.25463e-27
xdut.xtemp.xr2t1.21               -4.29144e-28
xdut.xtemp.t0                      -4.2044e-28
xdut.xtemp.xr2t0.11               -4.11736e-28
xdut.xtemp.xr2t0.21                -8.7038e-30
xdut.xtemp.xriso.11                3.32098e-19
xdut.xtemp.xriso.21                3.32098e-19
xdut.xcmp.bias_okb                  -1.195e-19
xdut.xcmp.nbg                     -7.39134e-18
xdut.xcmp.sns                                0
xdut.xcmp.xrtop.11                           0
xdut.xcmp.xrtop.21                           0
xdut.xcmp.snsb                               0
xdut.xcmp.xrbot.11                           0
xdut.xcmp.xrbot.21                           0
xdut.xcmp.xrhys.11                           0
xdut.xcmp.xrhys.21                           0
xdut.xcmp.n1                       2.63152e-19
xdut.xcmp.tn                       3.29325e-20
xdut.xcmp.na                      -1.44133e-18
xdut.xcmp.cmpo                     4.41559e-20
xdut.xcmp.vdda                    -4.59538e-19
xdut.por_raw                       1.56829e-17
xdut.xpor.pdn                     -6.18018e-21
xdut.xpor.ndl                     -1.58187e-18
xdut.xpor.ndgp                    -8.74108e-19
xdut.xpor.ndg                      -6.5169e-19
xdut.xpor.ndgn                    -8.46449e-19
xdut.xpor.pgdg                     1.59816e-17
xdut.xpor.pgdgb                   -8.11222e-19
xdut.xpor.nts                       1.6069e-19
xdut.xpor.tim                      2.74985e-19
xdut.xpor.nd1                     -2.86723e-19
xdut.xpor.trip                     1.50961e-19
xdut.xpor.rstb                     3.02526e-17
xdut.xpor.nnand                    1.50203e-17
vsup#branch                        8.36927e-29

 Reference value :  2.93246e-04
 Reference value :  8.36249e-04
 Reference value :  1.94586e-03
 Reference value :  8.03196e-03
 Reference value :  8.03681e-03
 Reference value :  1.43552e-02
 Reference value :  2.00021e-02
 Reference value :  2.00522e-02
 Reference value :  2.00526e-02
 Reference value :  2.00533e-02
 Reference value :  2.00542e-02
 Reference value :  2.00746e-02
 Reference value :  2.00980e-02
 Reference value :  2.01367e-02
 Reference value :  2.72782e-02
 Reference value :  2.73051e-02
 Reference value :  3.31243e-02
 Reference value :  4.13243e-02
 Reference value :  4.95043e-02
No. of Data Rows : 5082
vrst_pre            =  3.29999e+00
vdd_dip             =  1.00000e+00
vrst_dip            =  9.99959e-01
treassert           =  2.00542e-02
trel2               =  2.73032e-02
trel2_last          =  2.73032e-02
vrst_final          =  3.29999e+00
m_resetn_pre_dip_v = 3.2999940000e+00
m_vdd_dip_v = 1.0000000000e+00
m_resetn_floor_in_dip_mv = 9.9995920000e+02
m_t_reassert_us = 5.4170000000e+01
m_t_pulse_regen_ms = 7.2490200000e+00
m_release_chatter_us = 0.0000000000e+00
m_resetn_final_v = 3.2999940000e+00
Note: Simulation executed from .control section 

