
Note: No compatibility mode selected!


Circuit: * por-brownout @ res_ff_-40c_3.63v -- generated by sim/harness, do not edit

Doing analysis at TEMP = -40.000000 and TNOM = 27.000000

Using SPARSE 1.3 as Direct Linear Solver

Initial Transient Solution
--------------------------

Node                                   Voltage
----                                   -------
vdd                                          0
ptat                              -1.29956e-29
ctat                               7.21548e-24
resetn                            -5.20228e-58
xdut.xbias.na                                0
xdut.xbias.pg                      -7.8825e-22
xdut.xbias.nbtop                 -3.21758e-308
xdut.vref                                    0
xdut.xbias.nbg                     3.40896e-22
xdut.xbias.xrt.11                -3.21758e-308
xdut.xbias.xrt.21                -3.21758e-308
xdut.xbias.nb                    -3.21758e-308
xdut.xbias.xr1.11                -3.21758e-308
xdut.xbias.xr1.21                -3.21758e-308
xdut.xbias.ec                    -3.21758e-308
xdut.xbias.xr2.11                            0
xdut.xbias.xr2.21                            0
xdut.xbias.er                                0
xdut.xbias.pb                     -3.40896e-22
xdut.ibias                          2.1552e-22
xdut.xbias.nt                     -8.75812e-47
xdut.xbias.n1                     -8.21446e-52
xdut.xbias.n2                     -3.00305e-25
xdut.xbias.nz                     -3.00306e-25
xdut.xbias.xrz.11                 -3.00306e-25
xdut.xbias.xrz.21                 -3.00305e-25
xdut.xbias.ks1                    -5.0174e-266
xdut.xbias.ks2                               0
xdut.xbias.ks3                               0
xdut.xbias.ks4                     1.14794e-41
xdut.xbias.nkg                     1.58235e-21
xdut.xbias.nkm                     3.40909e-22
xdut.xbias.tok                               0
xdut.xbias.noko                   -2.27307e-22
xdut.xbias.nokl                    3.40965e-22
xdut.xbias.nokx                              0
xdut.bias_ok                      2.36537e-284
xdut.xtemp.nbg                     2.34927e-26
xdut.xtemp.enb                    5.01016e-181
xdut.xtemp.pb                     4.28795e-116
xdut.xtemp.pcas                  -3.74723e-139
xdut.xtemp.nt                      5.48546e-21
xdut.xtemp.n1                      8.24812e-21
xdut.xtemp.na                      7.21548e-24
xdut.xtemp.n2                     -1.59127e-20
xdut.xtemp.nb                      3.20647e-24
xdut.xtemp.pg                      -4.1881e-21
xdut.xtemp.nz                     -1.59127e-20
xdut.xtemp.xrz.11                 -1.59127e-20
xdut.xtemp.xrz.21                 -1.59127e-20
xdut.xtemp.m1d                    -1.44337e-23
xdut.xtemp.m2d                    -1.44337e-23
xdut.xtemp.m3d                     1.44337e-23
xdut.xtemp.nd                     -7.36665e-62
xdut.xtemp.nr                    -2.20841e-136
xdut.xtemp.nc                      3.20647e-24
xdut.xtemp.xr1.11                  3.20647e-24
xdut.xtemp.xr1.21                  3.20647e-24
xdut.xtemp.xr2f.11                -1.29947e-29
xdut.xtemp.xr2f.21                -1.89874e-30
xdut.xtemp.t5                     -1.89776e-30
xdut.xtemp.xr2t5.11               -1.89679e-30
xdut.xtemp.xr2t5.21               -9.35902e-31
xdut.xtemp.t4                     -9.34926e-31
xdut.xtemp.xr2t4.11               -9.33949e-31
xdut.xtemp.xr2t4.21               -4.54197e-31
xdut.xtemp.t3                     -4.53221e-31
xdut.xtemp.xr2t3.11               -4.52244e-31
xdut.xtemp.xr2t3.21               -2.13059e-31
xdut.xtemp.t2                     -2.12082e-31
xdut.xtemp.xr2t2.11               -2.11106e-31
xdut.xtemp.xr2t2.21                -9.2224e-32
xdut.xtemp.t1                     -9.12474e-32
xdut.xtemp.xr2t1.11               -9.02709e-32
xdut.xtemp.xr2t1.21               -3.15832e-32
xdut.xtemp.t0                     -3.06066e-32
xdut.xtemp.xr2t0.11               -2.96301e-32
xdut.xtemp.xr2t0.21               -9.76516e-34
xdut.xtemp.xriso.11                7.21548e-24
xdut.xtemp.xriso.21                7.21548e-24
xdut.xcmp.bias_okb               -2.62033e-277
xdut.xcmp.nbg                      2.34927e-26
xdut.xcmp.sns                                0
xdut.xcmp.xrtop.11                           0
xdut.xcmp.xrtop.21                           0
xdut.xcmp.snsb                               0
xdut.xcmp.xrbot.11                           0
xdut.xcmp.xrbot.21                           0
xdut.xcmp.xrhys.11                           0
xdut.xcmp.xrhys.21                           0
xdut.xcmp.n1                       2.28714e-72
xdut.xcmp.tn                        1.7486e-55
xdut.xcmp.na                      -1.98078e-55
xdut.xcmp.cmpo                    -1.44442e-55
xdut.xcmp.vdda                     3.80265e-57
xdut.por_raw                                 0
xdut.xpor.pdn                      5.31308e-59
xdut.xpor.ndl                      2.95755e-95
xdut.xpor.ndgp                    -1.09476e-47
xdut.xpor.ndg                     -5.55028e-26
xdut.xpor.ndgn                    -1.09303e-21
xdut.xpor.pgdg                   -4.65186e-226
xdut.xpor.pgdgb                   -2.06791e-92
xdut.xpor.nts                     -5.64942e-74
xdut.xpor.tim                      3.47969e-75
xdut.xpor.nd1                      -5.1576e-81
xdut.xpor.trip                    1.54168e-151
xdut.xpor.rstb                    -3.98121e-68
xdut.xpor.nnand                   -1.02092e-68
vsup#branch                        2.53348e-32

 Reference value :  1.88968e-04
 Reference value :  4.40036e-04
 Reference value :  7.73947e-04
 Reference value :  9.81826e-04
 Reference value :  9.18753e-03
 Reference value :  1.01222e-02
 Reference value :  1.01267e-02
 Reference value :  1.70905e-02
 Reference value :  2.00274e-02
 Reference value :  2.00522e-02
 Reference value :  2.00526e-02
 Reference value :  2.00531e-02
 Reference value :  2.00537e-02
 Reference value :  2.00540e-02
 Reference value :  2.02905e-02
 Reference value :  2.28399e-02
 Reference value :  2.30013e-02
 Reference value :  2.30450e-02
 Reference value :  2.99662e-02
 Reference value :  3.23781e-02
 Reference value :  3.23824e-02
 Reference value :  3.86145e-02
 Reference value :  4.68545e-02
No. of Data Rows : 5737
vrst_pre            =  3.63000e+00
vdd_dip             =  1.00000e+00
vrst_dip            =  1.00000e+00
treassert           =  2.00540e-02
trel2               =  3.23767e-02
trel2_last          =  3.23767e-02
vrst_final          =  3.63000e+00
m_resetn_pre_dip_v = 3.6300000000e+00
m_vdd_dip_v = 1.0000000000e+00
m_resetn_floor_in_dip_mv = 1.0000010000e+03
m_t_reassert_us = 5.3980000000e+01
m_t_pulse_regen_ms = 1.2322760000e+01
m_release_chatter_us = 0.0000000000e+00
m_resetn_final_v = 3.6300000000e+00
Note: Simulation executed from .control section 

