
Note: No compatibility mode selected!


Circuit: * temp-core-loop-stability @ ff_27c_2.97v -- generated by sim/harness, do not edit

Doing analysis at TEMP = 27.000000 and TNOM = 27.000000

Using SPARSE 1.3 as Direct Linear Solver
 Reference value :  0.00000e+00
No. of Data Rows : 1
Doing analysis at TEMP = 27.000000 and TNOM = 27.000000

Using SPARSE 1.3 as Direct Linear Solver
 Reference value :  1.00000e+00
No. of Data Rows : 301
fc0db               =  9.97202e+05
phase_at_fc0db      =  2.80959e+01
fpx0                =  1.30218e+06
gain_at_fpx0        =  -5.24458e+00
m_vptat_dc_v = 1.2933253647e+00
m_vctat_dc_v = 6.5291941148e-01
m_vpg_dc_v = 2.0028953611e+00
m_vpgfb_dc_v = 2.0028953611e+00
m_dc_bias_delta_mv = 0.0000000000e+00
m_dc_loopgain_db = 1.0332789756e+02
m_fc0db_mhz = 9.9720210000e-01
m_phase_margin_deg = 2.8095910000e+01
m_fpx0_mhz = 1.3021840000e+00
m_gain_margin_db = 5.2445810000e+00
Note: Simulation executed from .control section 

Note: Starting dynamic gmin stepping
Warning: Dynamic gmin stepping failed
Note: Starting true gmin stepping
Note: True gmin stepping completed
Note: Starting dynamic gmin stepping
Warning: Dynamic gmin stepping failed
Note: Starting true gmin stepping
Note: True gmin stepping completed
