
Note: Compatibility modes selected: hs a


Circuit: * por-output-chain-floor @ ff_-40c_3.30v -- generated by sim/harness, do not edit

Doing analysis at TEMP = -40.000000 and TNOM = 27.000000

Using SPARSE 1.3 as Direct Linear Solver

Initial Transient Solution
--------------------------

Node                                   Voltage
----                                   -------
vdd                                          0
nib1                               1.40885e-71
ibias1                             1.40885e-71
nib2                               1.40885e-71
ibias2                             1.40885e-71
vdd1                                         0
vdd2                                         0
por_raw1                                     0
por_raw2                                     0
resetn1                            1.33069e-20
resetn2                            1.57224e-20
xdut1.pdn                         3.70502e-139
xdut1.ndl                         -7.14963e-21
xdut1.ndgp                         5.43721e-40
xdut1.ndg                         -1.49456e-37
xdut1.ndgn                         1.05536e-36
xdut1.pgdg                         5.54332e-23
xdut1.pgdgb                       -8.26278e-42
xdut1.nts                         -6.41538e-34
xdut1.tim                          1.95864e-32
xdut1.nd1                          4.76769e-29
xdut1.trip                         4.14927e-76
xdut1.rstb                        -7.32902e-24
xdut1.nnand                        4.22921e-23
xdut2.pdn                         3.70502e-139
xdut2.ndl                         -7.14963e-21
xdut2.ndgp                         4.38865e-40
xdut2.ndg                         -1.20647e-37
xdut2.ndgn                         8.51728e-37
xdut2.pgdg                         5.54332e-23
xdut2.pgdgb                       -7.80988e-43
xdut2.nts                         -1.06118e-33
xdut2.tim                             3.24e-32
xdut2.nd1                           4.9885e-29
xdut2.trip                         3.76742e-76
xdut2.rstb                        -1.86427e-23
xdut2.nnand                        3.30335e-23
epr2#branch                                  0
vpr1#branch                                  0
vd2#branch                        -8.60808e-33
vd1#branch                        -6.14993e-33
vib2#branch                                  0
vib1#branch                                  0
vsup#branch                         1.4758e-32

 Reference value :  0.00000e+00
 Reference value :  1.21100e-03
 Reference value :  1.49100e-03
 Reference value :  1.60334e-03
 Reference value :  1.83312e-03
 Reference value :  2.27512e-03
 Reference value :  2.67087e-03
 Reference value :  2.99612e-03
 Reference value :  3.37783e-03
 Reference value :  3.88090e-03
 Reference value :  5.09690e-03
 Reference value :  6.28313e-03
No. of Data Rows : 3770
itop                =  2.64741e-08 from=  6.50000e-03 to=  6.95113e-03
m_floor_ratio_porlow = 2.2954002528e-03
m_floor_mv_porlow = 1.0925136137e+00
m_floor_ratio_porhigh = 2.2954007833e-03
m_floor_mv_porhigh = 1.0925130449e+00
m_floor_ratio_sub100mv = 2.2954002528e-03
m_iq_ramp_top_na = 2.6474090000e+01
m_vdd_top = 3.3000000000e+00
Note: Simulation executed from .control section 

Warning: m=xx on .subckt line will override multiplier m hierarchy!

