
Note: Compatibility modes selected: hs a


Circuit: * por-output-chain-floor @ fs_-40c_3.63v -- generated by sim/harness, do not edit

Doing analysis at TEMP = -40.000000 and TNOM = 27.000000

Using SPARSE 1.3 as Direct Linear Solver

Initial Transient Solution
--------------------------

Node                                   Voltage
----                                   -------
vdd                                          0
nib1                              -3.76969e-78
ibias1                            -3.76969e-78
nib2                              -3.76969e-78
ibias2                            -3.76969e-78
vdd1                                         0
vdd2                                         0
por_raw1                                     0
por_raw2                                     0
resetn1                           -4.66285e-25
resetn2                           -4.68973e-25
xdut1.pdn                         -1.60023e-95
xdut1.ndl                          1.07311e-77
xdut1.ndgp                        -5.05413e-46
xdut1.ndg                          3.67165e-41
xdut1.ndgn                         9.70486e-40
xdut1.pgdg                        -1.53158e-36
xdut1.pgdgb                         3.8084e-39
xdut1.nts                         -2.20414e-28
xdut1.tim                           2.4691e-24
xdut1.nd1                          8.21974e-23
xdut1.trip                        -1.46729e-72
xdut1.rstb                        -8.80479e-29
xdut1.nnand                        3.04889e-28
xdut2.pdn                         -1.60023e-95
xdut2.ndl                          1.09121e-77
xdut2.ndgp                        -5.95717e-46
xdut2.ndg                          4.32766e-41
xdut2.ndgn                         1.14388e-39
xdut2.pgdg                         3.35102e-35
xdut2.pgdgb                        3.77573e-39
xdut2.nts                         -2.31972e-28
xdut2.tim                          2.52039e-24
xdut2.nd1                         -2.79077e-22
xdut2.trip                        -1.46734e-72
xdut2.rstb                        -5.38115e-29
xdut2.nnand                        1.86989e-28
epr2#branch                                  0
vpr1#branch                                  0
vd2#branch                         1.48831e-33
vd1#branch                         1.24922e-33
vib2#branch                                  0
vib1#branch                                  0
vsup#branch                       -2.73753e-33

 Reference value :  0.00000e+00
 Reference value :  1.14725e-03
 Reference value :  1.58816e-03
 Reference value :  1.74709e-03
 Reference value :  1.99811e-03
 Reference value :  2.26411e-03
 Reference value :  2.62061e-03
 Reference value :  3.03119e-03
 Reference value :  3.30990e-03
 Reference value :  4.50790e-03
 Reference value :  5.74390e-03
No. of Data Rows : 3781
itop                =  2.62424e-08 from=  6.50000e-03 to=  6.95075e-03
m_floor_ratio_porlow = 2.3435957942e-03
m_floor_mv_porlow = 1.5123067649e+00
m_floor_ratio_porhigh = 2.3435965567e-03
m_floor_mv_porhigh = 1.5123001559e+00
m_floor_ratio_sub100mv = 2.3435957942e-03
m_iq_ramp_top_na = 2.6242350000e+01
m_vdd_top = 3.6300000000e+00
Note: Simulation executed from .control section 

Warning: m=xx on .subckt line will override multiplier m hierarchy!

