
Note: Compatibility modes selected: hs a


Circuit: * por-output-chain-floor @ res_ff_125c_3.63v -- generated by sim/harness, do not edit

Doing analysis at TEMP = 125.000000 and TNOM = 27.000000

Using SPARSE 1.3 as Direct Linear Solver

Initial Transient Solution
--------------------------

Node                                   Voltage
----                                   -------
vdd                                          0
nib1                               4.52793e-19
ibias1                             4.52793e-19
nib2                               4.52793e-19
ibias2                             4.52793e-19
vdd1                                         0
vdd2                                         0
por_raw1                                     0
por_raw2                                     0
resetn1                            5.61082e-18
resetn2                            -8.4846e-19
xdut1.pdn                          2.44522e-19
xdut1.ndl                          5.94512e-27
xdut1.ndgp                        -1.50915e-19
xdut1.ndg                         -2.13149e-18
xdut1.ndgn                        -1.43872e-18
xdut1.pgdg                        -5.47754e-18
xdut1.pgdgb                        2.46146e-19
xdut1.nts                         -3.65057e-19
xdut1.tim                         -3.82469e-19
xdut1.nd1                         -1.22906e-18
xdut1.trip                        -4.18902e-19
xdut1.rstb                        -8.73199e-19
xdut1.nnand                       -5.67727e-18
xdut2.pdn                          2.44522e-19
xdut2.ndl                         -1.56653e-27
xdut2.ndgp                          -1.936e-19
xdut2.ndg                          -1.8615e-18
xdut2.ndgn                         9.72474e-19
xdut2.pgdg                        -5.62616e-19
xdut2.pgdgb                       -4.40854e-21
xdut2.nts                          1.35863e-18
xdut2.tim                         -5.59706e-19
xdut2.nd1                          1.25982e-18
xdut2.trip                        -7.15934e-19
xdut2.rstb                         1.92428e-18
xdut2.nnand                        5.92696e-18
epr2#branch                                  0
vpr1#branch                                  0
vd2#branch                        -7.03877e-28
vd1#branch                         1.40524e-28
vib2#branch                                  0
vib1#branch                                  0
vsup#branch                        5.63353e-28

 Reference value :  0.00000e+00
 Reference value :  1.10900e-03
 Reference value :  1.73572e-03
 Reference value :  2.23947e-03
 Reference value :  2.67672e-03
 Reference value :  3.31386e-03
 Reference value :  5.24586e-03
No. of Data Rows : 3658
itop                =  3.05391e-08 from=  6.50000e-03 to=  6.95089e-03
m_floor_ratio_porlow = 2.7611705459e-03
m_floor_mv_porlow = 3.6411447331e-01
m_floor_ratio_porhigh = 2.7611612126e-03
m_floor_mv_porhigh = 3.6422261930e-01
m_floor_ratio_sub100mv = 2.7611705459e-03
m_iq_ramp_top_na = 3.0539120000e+01
m_vdd_top = 3.6300000000e+00
Note: Simulation executed from .control section 

Warning: m=xx on .subckt line will override multiplier m hierarchy!

