
Note: Compatibility modes selected: hs a


Circuit: * por-output-chain-floor @ tt_-40c_2.97v -- generated by sim/harness, do not edit

Doing analysis at TEMP = -40.000000 and TNOM = 27.000000

Using SPARSE 1.3 as Direct Linear Solver

Initial Transient Solution
--------------------------

Node                                   Voltage
----                                   -------
vdd                                          0
nib1                              -1.50745e-21
ibias1                            -1.50745e-21
nib2                              -1.50745e-21
ibias2                            -1.50745e-21
vdd1                                         0
vdd2                                         0
por_raw1                                     0
por_raw2                                     0
resetn1                            -1.4451e-22
resetn2                           -1.45541e-22
xdut1.pdn                         -7.44141e-84
xdut1.ndl                          1.90359e-22
xdut1.ndgp                         -1.8476e-60
xdut1.ndg                          1.06147e-62
xdut1.ndgn                         3.69277e-64
xdut1.pgdg                         3.76621e-59
xdut1.pgdgb                       -2.82901e-60
xdut1.nts                          1.06156e-60
xdut1.tim                         -6.67031e-62
xdut1.nd1                          1.08289e-64
xdut1.trip                        -2.08269e-22
xdut1.rstb                        -6.44548e-23
xdut1.nnand                         1.8101e-22
xdut2.pdn                         -7.44141e-84
xdut2.ndl                          1.90359e-22
xdut2.ndgp                        -1.84254e-60
xdut2.ndg                          1.06887e-62
xdut2.ndgn                         2.32781e-64
xdut2.pgdg                         7.01799e-58
xdut2.pgdgb                       -2.89847e-60
xdut2.nts                          1.06591e-60
xdut2.tim                          -6.6019e-62
xdut2.nd1                            1.083e-64
xdut2.trip                        -2.08516e-22
xdut2.rstb                        -6.44241e-23
xdut2.nnand                        1.81107e-22
epr2#branch                                  0
vpr1#branch                                  0
vd2#branch                        -7.28392e-34
vd1#branch                        -7.29404e-34
vib2#branch                                  0
vib1#branch                                  0
vsup#branch                         1.4578e-33

 Reference value :  0.00000e+00
 Reference value :  1.20700e-03
 Reference value :  1.64331e-03
 Reference value :  1.77564e-03
 Reference value :  1.81015e-03
 Reference value :  1.84996e-03
 Reference value :  1.96782e-03
 Reference value :  2.15847e-03
 Reference value :  2.50822e-03
 Reference value :  2.84372e-03
 Reference value :  3.11206e-03
 Reference value :  3.49094e-03
 Reference value :  3.79905e-03
 Reference value :  5.04905e-03
 Reference value :  6.23322e-03
No. of Data Rows : 3874
itop                =  2.56011e-08 from=  6.50000e-03 to=  6.95122e-03
m_floor_ratio_porlow = 2.3267160194e-03
m_floor_mv_porlow = 1.4096521074e+00
m_floor_ratio_porhigh = 2.3267165680e-03
m_floor_mv_porhigh = 1.4096529956e+00
m_floor_ratio_sub100mv = 2.3267160194e-03
m_iq_ramp_top_na = 2.5601060000e+01
m_vdd_top = 2.9700000000e+00
Note: Simulation executed from .control section 

Warning: m=xx on .subckt line will override multiplier m hierarchy!

