
Note: Compatibility modes selected: hs a


Circuit: * por-output-chain-pulse @ ss_125c_3.63v -- generated by sim/harness, do not edit

Doing analysis at TEMP = 125.000000 and TNOM = 27.000000

Using SPARSE 1.3 as Direct Linear Solver

Initial Transient Solution
--------------------------

Node                                   Voltage
----                                   -------
vdd                                          0
por_raw                                      0
nib1                               1.88267e-31
ibias1                             1.88267e-31
nib2                               1.88267e-31
ibias2                             1.88267e-31
vdd1                                         0
vdd2                                         0
resetn1                            9.71571e-19
resetn2                           -1.24238e-18
xdut1.pdn                           7.0863e-21
xdut1.ndl                          1.74661e-22
xdut1.ndgp                         6.77456e-19
xdut1.ndg                          1.10767e-18
xdut1.ndgn                        -5.49943e-19
xdut1.pgdg                          7.0104e-19
xdut1.pgdgb                        5.77582e-19
xdut1.nts                         -6.40447e-19
xdut1.tim                         -3.14877e-18
xdut1.nd1                         -6.05356e-19
xdut1.trip                         3.34014e-19
xdut1.rstb                        -1.20186e-18
xdut1.nnand                        3.41863e-19
xdut2.pdn                           7.0863e-21
xdut2.ndl                          1.74661e-22
xdut2.ndgp                         1.04012e-19
xdut2.ndg                         -1.86498e-19
xdut2.ndgn                         7.38618e-19
xdut2.pgdg                         -1.7363e-19
xdut2.pgdgb                        2.13643e-19
xdut2.nts                         -1.10316e-18
xdut2.tim                         -1.61384e-19
xdut2.nd1                         -8.05758e-19
xdut2.trip                        -3.69488e-19
xdut2.rstb                         8.63714e-20
xdut2.nnand                        1.63236e-18
vd2#branch                        -2.86224e-31
vd1#branch                        -1.73605e-29
vib2#branch                                  0
vib1#branch                                  0
vpr#branch                                   0
vsup#branch                        1.76468e-29

 Reference value :  3.90931e-05
 Reference value :  6.92801e-05
 Reference value :  1.00629e-03
 Reference value :  2.45668e-03
 Reference value :  5.88757e-03
 Reference value :  9.36393e-03
 Reference value :  1.60939e-02
No. of Data Rows : 3279
iasrt1              =  2.96379e-08 from=  5.00000e-04 to=  9.52355e-04
iasrt2              =  7.97830e-08 from=  5.00000e-04 to=  9.52355e-04
vasrt1              =  1.19994e-09
trel1               =  8.75309e-03
trel2               =  3.82275e-03
irel1               =  2.33011e-08 from=  1.80000e-02 to=  1.98039e-02
vrel1               =  3.63000e+00
vrel2               =  3.63000e+00
m_tpulse_1x_ms = 7.7520920000e+00
m_tpulse_3x_ms = 2.8217470000e+00
m_iq_asserted_1x_na = 2.9637940000e+01
m_iq_asserted_3x_na = 7.9782980000e+01
m_iq_released_1x_na = 2.3301130000e+01
m_v_asserted_1x_mv = 1.1999430000e-06
m_v_released_1x = 3.6300000000e+00
m_v_released_3x = 3.6300000000e+00
Note: Simulation executed from .control section 

Warning: m=xx on .subckt line will override multiplier m hierarchy!

