
Note: Compatibility modes selected: hs a


Circuit: * por-output-chain-floor @ fs_27c_3.63v -- generated by sim/harness, do not edit

Doing analysis at TEMP = 27.000000 and TNOM = 27.000000

Using SPARSE 1.3 as Direct Linear Solver

Initial Transient Solution
--------------------------

Node                                   Voltage
----                                   -------
vdd                                          0
nib1                              -6.65426e-20
ibias1                            -6.65426e-20
nib2                              -6.65426e-20
ibias2                            -6.65426e-20
vdd1                                         0
vdd2                                         0
por_raw1                                     0
por_raw2                                     0
resetn1                            3.71053e-18
resetn2                            6.21726e-18
xdut1.pdn                           1.4636e-33
xdut1.ndl                         -9.69321e-24
xdut1.ndgp                        -1.72064e-22
xdut1.ndg                         -1.25528e-19
xdut1.ndgn                         2.39617e-19
xdut1.pgdg                         3.41651e-19
xdut1.pgdgb                        -3.0434e-18
xdut1.nts                          -8.3677e-23
xdut1.tim                          1.13866e-19
xdut1.nd1                          2.02762e-20
xdut1.trip                        -6.13923e-22
xdut1.rstb                        -7.49429e-19
xdut1.nnand                        3.29078e-19
xdut2.pdn                           1.4636e-33
xdut2.ndl                          1.13852e-24
xdut2.ndgp                        -2.75966e-22
xdut2.ndg                         -2.53929e-19
xdut2.ndgn                         4.37972e-19
xdut2.pgdg                        -9.22312e-19
xdut2.pgdgb                        3.04426e-18
xdut2.nts                         -8.79919e-23
xdut2.tim                          1.19738e-19
xdut2.nd1                          2.06787e-20
xdut2.trip                         2.26679e-21
xdut2.rstb                        -6.48298e-19
xdut2.nnand                        7.64289e-19
epr2#branch                                  0
vpr1#branch                                  0
vd2#branch                        -6.28443e-30
vd1#branch                         1.25293e-30
vib2#branch                                  0
vib1#branch                                  0
vsup#branch                         5.0315e-30

 Reference value :  0.00000e+00
 Reference value :  1.20900e-03
 Reference value :  1.70329e-03
 Reference value :  1.99079e-03
 Reference value :  2.39854e-03
 Reference value :  2.85554e-03
 Reference value :  3.03134e-03
 Reference value :  3.59362e-03
 Reference value :  4.88962e-03
 Reference value :  6.18292e-03
No. of Data Rows : 3714
itop                =  2.82528e-08 from=  6.50000e-03 to=  6.95092e-03
m_floor_ratio_porlow = 2.2821859153e-03
m_floor_mv_porlow = 1.0380323429e+00
m_floor_ratio_porhigh = 2.2821856138e-03
m_floor_mv_porhigh = 1.0380228016e+00
m_floor_ratio_sub100mv = 2.2821859153e-03
m_iq_ramp_top_na = 2.8252810000e+01
m_vdd_top = 3.6300000000e+00
Note: Simulation executed from .control section 

Warning: m=xx on .subckt line will override multiplier m hierarchy!

