
Note: Compatibility modes selected: hs a


Circuit: * por-output-chain-floor @ sf_-40c_3.30v -- generated by sim/harness, do not edit

Doing analysis at TEMP = -40.000000 and TNOM = 27.000000

Using SPARSE 1.3 as Direct Linear Solver

Initial Transient Solution
--------------------------

Node                                   Voltage
----                                   -------
vdd                                          0
nib1                               2.15999e-59
ibias1                             2.15999e-59
nib2                               2.15999e-59
ibias2                             2.15999e-59
vdd1                                         0
vdd2                                         0
por_raw1                                     0
por_raw2                                     0
resetn1                           -3.47611e-30
resetn2                           -3.47848e-30
xdut1.pdn                         -9.33587e-53
xdut1.ndl                         -1.52854e-48
xdut1.ndgp                         -2.7528e-39
xdut1.ndg                          2.81368e-40
xdut1.ndgn                         7.55635e-23
xdut1.pgdg                        -1.52082e-31
xdut1.pgdgb                        4.40881e-26
xdut1.nts                         -1.67215e-32
xdut1.tim                          7.77388e-33
xdut1.nd1                          3.62898e-31
xdut1.trip                        -4.70944e-37
xdut1.rstb                        -6.32557e-22
xdut1.nnand                         1.0517e-23
xdut2.pdn                         -9.33587e-53
xdut2.ndl                          -1.5335e-48
xdut2.ndgp                        -1.27257e-39
xdut2.ndg                          1.30053e-40
xdut2.ndgn                         7.55635e-23
xdut2.pgdg                        -1.52266e-31
xdut2.pgdgb                        4.52602e-26
xdut2.nts                         -1.67053e-32
xdut2.tim                          7.78382e-33
xdut2.nd1                          3.62941e-31
xdut2.trip                        -4.51172e-37
xdut2.rstb                         1.15617e-21
xdut2.nnand                        6.50827e-23
epr2#branch                                  0
vpr1#branch                                  0
vd2#branch                         1.26667e-33
vd1#branch                        -6.46874e-34
vib2#branch                                  0
vib1#branch                                  0
vsup#branch                       -6.19798e-34

 Reference value :  0.00000e+00
 Reference value :  1.30300e-03
 Reference value :  1.70725e-03
 Reference value :  2.08791e-03
 Reference value :  2.55791e-03
 Reference value :  2.95316e-03
 Reference value :  3.25002e-03
 Reference value :  3.72750e-03
 Reference value :  4.97150e-03
 Reference value :  6.20697e-03
No. of Data Rows : 3730
itop                =  2.56391e-08 from=  6.50000e-03 to=  6.95097e-03
m_floor_ratio_porlow = 2.3874942001e-03
m_floor_mv_porlow = 1.3762944361e+00
m_floor_ratio_porhigh = 2.3874518324e-03
m_floor_mv_porhigh = 1.3762700128e+00
m_floor_ratio_sub100mv = 2.2989686566e-03
m_iq_ramp_top_na = 2.5639070000e+01
m_vdd_top = 3.3000000000e+00
Note: Simulation executed from .control section 

Warning: m=xx on .subckt line will override multiplier m hierarchy!

