
Note: Compatibility modes selected: hs a


Circuit: * por-output-chain-floor @ ss_125c_2.97v -- generated by sim/harness, do not edit

Doing analysis at TEMP = 125.000000 and TNOM = 27.000000

Using SPARSE 1.3 as Direct Linear Solver

Initial Transient Solution
--------------------------

Node                                   Voltage
----                                   -------
vdd                                          0
nib1                               1.88267e-31
ibias1                             1.88267e-31
nib2                               1.88267e-31
ibias2                             1.88267e-31
vdd1                                         0
vdd2                                         0
por_raw1                                     0
por_raw2                                     0
resetn1                            -2.5665e-18
resetn2                           -1.29268e-18
xdut1.pdn                           7.0863e-21
xdut1.ndl                          2.03594e-22
xdut1.ndgp                         1.16544e-18
xdut1.ndg                          5.13593e-19
xdut1.ndgn                        -3.12059e-19
xdut1.pgdg                        -1.49944e-18
xdut1.pgdgb                       -4.37322e-19
xdut1.nts                         -4.47207e-19
xdut1.tim                          -3.7339e-18
xdut1.nd1                          5.11056e-19
xdut1.trip                         -1.4459e-19
xdut1.rstb                         1.53877e-18
xdut1.nnand                       -8.34066e-19
xdut2.pdn                           7.0863e-21
xdut2.ndl                         -1.66104e-22
xdut2.ndgp                         8.16385e-19
xdut2.ndg                          5.60573e-19
xdut2.ndgn                         2.69807e-19
xdut2.pgdg                        -2.20309e-18
xdut2.pgdgb                       -1.71086e-19
xdut2.nts                         -6.37765e-19
xdut2.tim                          -3.7239e-18
xdut2.nd1                           7.4974e-19
xdut2.trip                         2.50147e-19
xdut2.rstb                         1.37916e-18
xdut2.nnand                        1.12381e-18
epr2#branch                                  0
vpr1#branch                                  0
vd2#branch                          5.1891e-29
vd1#branch                        -2.49474e-29
vib2#branch                                  0
vib1#branch                                  0
vsup#branch                       -2.69436e-29

 Reference value :  0.00000e+00
 Reference value :  1.22875e-03
 Reference value :  1.65175e-03
 Reference value :  2.02350e-03
 Reference value :  2.45725e-03
 Reference value :  2.81700e-03
 Reference value :  3.09850e-03
 Reference value :  3.29175e-03
 Reference value :  3.60832e-03
 Reference value :  4.44524e-03
 Reference value :  5.73124e-03
No. of Data Rows : 3681
itop                =  2.92439e-08 from=  6.50000e-03 to=  6.95139e-03
m_floor_ratio_porlow = 2.5172842364e-03
m_floor_mv_porlow = 6.2744799538e-01
m_floor_ratio_porhigh = 2.5172850007e-03
m_floor_mv_porhigh = 6.2745830972e-01
m_floor_ratio_sub100mv = 2.5172842364e-03
m_iq_ramp_top_na = 2.9243870000e+01
m_vdd_top = 2.9700000000e+00
Note: Simulation executed from .control section 

Warning: m=xx on .subckt line will override multiplier m hierarchy!

