
Note: Compatibility modes selected: hs a


Circuit: * temp-core-startup @ ss_27c_3.63v -- generated by sim/harness, do not edit

Doing analysis at TEMP = 27.000000 and TNOM = 27.000000

Using SPARSE 1.3 as Direct Linear Solver

Initial Transient Solution
--------------------------

Node                                   Voltage
----                                   -------
vdd                                          0
en                                           0
nib                                1.45384e-24
ibias                              1.45384e-24
nibd                               1.45384e-24
ptat                              -7.16937e-73
ctat                              -4.64548e-25
xdut.pg                           -5.47022e-22
xdut.nz                           -8.76447e-22
xdut.n1                            5.08601e-22
xdut.n2                           -8.76447e-22
xdut.nbg                          -1.11679e-25
xdut.enb                          -4.97786e-39
xdut.pb                           -4.34151e-34
xdut.pcas                        -2.92077e-112
xdut.nd                            2.74896e-29
xdut.nr                            1.82539e-26
xdut.nt                           -5.82573e-23
xdut.t5                           -1.04604e-73
xdut.t4                           -5.15807e-74
xdut.t3                           -2.50418e-74
xdut.t2                           -1.17449e-74
xdut.t1                           -5.06999e-75
xdut.t0                            -1.7084e-75
xdut.na                           -4.64548e-25
xdut.nb                            -1.0431e-20
xdut.m1d                           1.90443e-25
xdut.m2d                          -6.34617e-21
xdut.m3d                           3.55168e-67
xdut.nc                            -1.0431e-20
xdut.x65.11                        -1.0431e-20
xdut.x65.21                        -1.0431e-20
xdut.xr1__1                        -1.0431e-20
xdut.x66.11                        -1.0431e-20
xdut.x66.21                        -1.0431e-20
xdut.x67.11                       -4.64548e-25
xdut.x67.21                       -4.64548e-25
xdut.xriso__1                     -4.64548e-25
xdut.x68.11                       -4.64548e-25
xdut.x68.21                       -4.64548e-25
xdut.x69.11                       -8.76447e-22
xdut.x69.21                       -8.76447e-22
xdut.xrz__1                       -8.76447e-22
xdut.xrz__2                       -8.76447e-22
xdut.x70.11                       -8.76447e-22
xdut.x70.21                       -8.76447e-22
xdut.x71.11                       -8.76447e-22
xdut.x71.21                       -8.76447e-22
xdut.xrz__3                       -8.76447e-22
xdut.xrz__4                       -8.76447e-22
xdut.x72.11                       -8.76447e-22
xdut.x72.21                       -8.76447e-22
xdut.x73.11                       -8.76447e-22
xdut.x73.21                       -8.76447e-22
xdut.xrz__5                       -8.76447e-22
xdut.xrz__6                       -8.76447e-22
xdut.x74.11                       -8.76447e-22
xdut.x74.21                       -8.76447e-22
xdut.x75.11                       -8.76447e-22
xdut.x75.21                       -8.76447e-22
xdut.xrz__7                       -8.76447e-22
xdut.xrz__8                       -8.76447e-22
xdut.x76.11                       -8.76447e-22
xdut.x76.21                       -8.76447e-22
xdut.x77.11                       -8.76447e-22
xdut.x77.21                       -8.76447e-22
xdut.xrz__9                       -8.76447e-22
xdut.x78.11                       -8.76447e-22
xdut.x78.21                       -8.76447e-22
xdut.x79.11                       -7.16904e-73
xdut.x79.21                       -6.91456e-73
xdut.xr2f__1                      -6.91423e-73
xdut.xr2f__2                      -6.65909e-73
xdut.x80.11                       -6.65942e-73
xdut.x80.21                        -6.9139e-73
xdut.x81.11                       -6.65876e-73
xdut.x81.21                       -6.40428e-73
xdut.xr2f__3                      -6.40395e-73
xdut.xr2f__4                      -6.14881e-73
xdut.x82.11                       -6.14914e-73
xdut.x82.21                       -6.40363e-73
xdut.x83.11                       -6.14849e-73
xdut.x83.21                         -5.894e-73
xdut.xr2f__5                      -5.89368e-73
xdut.xr2f__6                      -5.63854e-73
xdut.x84.11                       -5.63887e-73
xdut.x84.21                       -5.89335e-73
xdut.x85.11                       -5.63821e-73
xdut.x85.21                       -5.38373e-73
xdut.xr2f__7                       -5.3834e-73
xdut.xr2f__8                      -5.12826e-73
xdut.x86.11                       -5.12859e-73
xdut.x86.21                       -5.38307e-73
xdut.x87.11                       -5.12793e-73
xdut.x87.21                       -4.87345e-73
xdut.xr2f__9                      -4.87312e-73
xdut.xr2f__10                     -4.61798e-73
xdut.x88.11                       -4.61831e-73
xdut.x88.21                       -4.87279e-73
xdut.x89.11                       -4.61765e-73
xdut.x89.21                       -4.36317e-73
xdut.xr2f__11                     -4.36284e-73
xdut.xr2f__12                     -4.10771e-73
xdut.x90.11                       -4.10803e-73
xdut.x90.21                       -4.36252e-73
xdut.x91.11                       -4.10738e-73
xdut.x91.21                       -3.85289e-73
xdut.xr2f__13                     -3.85257e-73
xdut.xr2f__14                     -3.59743e-73
xdut.x92.11                       -3.59776e-73
xdut.x92.21                       -3.85224e-73
xdut.x93.11                        -3.5971e-73
xdut.x93.21                       -3.34262e-73
xdut.xr2f__15                     -3.34229e-73
xdut.xr2f__16                     -3.08715e-73
xdut.x94.11                       -3.08748e-73
xdut.x94.21                       -3.34196e-73
xdut.x95.11                       -3.08682e-73
xdut.x95.21                       -2.83234e-73
xdut.xr2f__17                     -2.83201e-73
xdut.xr2f__18                     -2.57687e-73
xdut.x96.11                        -2.5772e-73
xdut.x96.21                       -2.83168e-73
xdut.x97.11                       -2.57655e-73
xdut.x97.21                       -2.32206e-73
xdut.xr2f__19                     -2.32173e-73
xdut.xr2f__20                      -2.0666e-73
xdut.x98.11                       -2.06692e-73
xdut.x98.21                       -2.32141e-73
xdut.x99.11                       -2.06627e-73
xdut.x99.21                       -1.81179e-73
xdut.xr2f__21                     -1.81146e-73
xdut.xr2f__22                     -1.55632e-73
xdut.x100.11                      -1.55665e-73
xdut.x100.21                      -1.81113e-73
xdut.x101.11                      -1.55599e-73
xdut.x101.21                      -1.30151e-73
xdut.xr2f__23                     -1.30118e-73
xdut.x102.11                      -1.04637e-73
xdut.x102.21                      -1.30085e-73
xdut.x103.11                      -1.04571e-73
xdut.x103.21                      -7.81252e-74
xdut.xr2t5__1                     -7.80924e-74
xdut.x104.11                      -5.16135e-74
xdut.x104.21                      -7.80596e-74
xdut.x105.11                      -5.15479e-74
xdut.x105.21                      -3.83441e-74
xdut.xr2t4__1                     -3.83113e-74
xdut.x106.11                      -2.50746e-74
xdut.x106.21                      -3.82785e-74
xdut.x107.11                       -2.5009e-74
xdut.x107.21                      -1.84262e-74
xdut.xr2t3__1                     -1.83934e-74
xdut.x108.11                      -1.17777e-74
xdut.x108.21                      -1.83605e-74
xdut.x109.11                      -1.17121e-74
xdut.x109.21                      -8.44024e-75
xdut.xr2t2__1                     -8.40743e-75
xdut.x110.11                      -5.10279e-75
xdut.x110.21                      -8.37463e-75
xdut.x111.11                      -5.03719e-75
xdut.x111.21                      -3.42199e-75
xdut.xr2t1__1                     -3.38919e-75
xdut.x112.11                       -1.7412e-75
xdut.x112.21                      -3.35639e-75
xdut.x113.11                       -1.6756e-75
xdut.x113.21                      -8.87001e-76
xdut.xr2t0__1                     -8.54199e-76
xdut.x114.11                       -3.2802e-77
xdut.x114.21                      -8.21397e-76
xdut.xrz__2__par                  -8.76447e-22
xdut.xrz__4__par                  -8.76447e-22
xdut.xrz__6__par                  -8.76447e-22
xdut.xrz__8__par                  -8.76447e-22
xdut.xr2f__2__par                 -6.65909e-73
xdut.xr2f__4__par                 -6.14881e-73
xdut.xr2f__6__par                 -5.63854e-73
xdut.xr2f__8__par                 -5.12826e-73
xdut.xr2f__10__par                -4.61798e-73
xdut.xr2f__12__par                -4.10771e-73
xdut.xr2f__14__par                -3.59743e-73
xdut.xr2f__16__par                -3.08715e-73
xdut.xr2f__18__par                -2.57687e-73
xdut.xr2f__20__par                 -2.0666e-73
xdut.xr2f__22__par                -1.55632e-73
xdut.xr2t0__1__par                -8.54199e-76
xdut.xr2t1__1__par                -3.38919e-75
xdut.xr2t2__1__par                -8.40743e-75
xdut.xr2t3__1__par                -1.83934e-74
xdut.xriso__1__par                -4.64548e-25
xdut.xr2t4__1__par                -3.83113e-74
xdut.xr1__1__par                   -1.0431e-20
xdut.xrz__1__par                  -8.76447e-22
xdut.xrz__3__par                  -8.76447e-22
xdut.xrz__5__par                  -8.76447e-22
xdut.xrz__7__par                  -8.76447e-22
xdut.xrz__9__par                  -8.76447e-22
xdut.xr2f__1__par                 -6.91423e-73
xdut.xr2f__3__par                 -6.40395e-73
xdut.xr2f__5__par                 -5.89368e-73
xdut.xr2f__7__par                  -5.3834e-73
xdut.xr2f__9__par                 -4.87312e-73
xdut.xr2f__11__par                -4.36284e-73
xdut.xr2f__13__par                -3.85257e-73
xdut.xr2f__15__par                -3.34229e-73
xdut.xr2f__17__par                -2.83201e-73
xdut.xr2f__19__par                -2.32173e-73
xdut.xr2f__21__par                -1.81146e-73
xdut.xr2f__23__par                -1.30118e-73
xdut.xr2t5__1__par                -7.80924e-74
xdut.ctat__par                    -4.64548e-25
xdut.en__par                                 0
xdut.enb__par                     -4.97786e-39
xdut.ibias__par                    1.45384e-24
xdut.m1d__par                      1.90443e-25
xdut.m2d__par                     -6.34617e-21
xdut.m3d__par                      3.55168e-67
xdut.n1__par                       5.08601e-22
xdut.n2__par                      -8.76447e-22
xdut.na__par                      -4.64548e-25
xdut.nb__par                       -1.0431e-20
xdut.nbg__par                     -1.11679e-25
xdut.nc__par                       -1.0431e-20
xdut.nd__par                       2.74896e-29
xdut.nr__par                       1.82539e-26
xdut.nt__par                      -5.82573e-23
xdut.nz__par                      -8.76447e-22
xdut.pb__par                      -4.34151e-34
xdut.pcas__par                   -2.92077e-112
xdut.pg__par                      -5.47022e-22
xdut.ptat__par                    -7.16937e-73
xdut.t0__par                       -1.7084e-75
xdut.t1__par                      -5.06999e-75
xdut.t2__par                      -1.17449e-74
xdut.t3__par                      -2.50418e-74
xdut.t4__par                      -5.15807e-74
xdut.t5__par                      -1.04604e-73
xdut.vdd__par                                0
xdut.vss__par                                0
vibd#branch                        2.35536e-36
vib#branch                                   0
ven#branch                                   0
vsup#branch                       -7.56854e-33

 Reference value :  7.79545e-05
 Reference value :  4.17607e-04
 Reference value :  9.58585e-04
 Reference value :  1.50021e-03
 Reference value :  1.50240e-03
 Reference value :  1.50617e-03
 Reference value :  1.86307e-03
 Reference value :  2.48307e-03
 Reference value :  2.50059e-03
 Reference value :  2.66996e-03
 Reference value :  3.11919e-03
 Reference value :  3.60249e-03
 Reference value :  4.00031e-03
 Reference value :  4.00390e-03
 Reference value :  4.00834e-03
 Reference value :  4.53902e-03
No. of Data Rows : 3659
vpre                =  3.18124e-08
ipre                =  -5.00110e-07
ibpre               =  5.00000e-07
ibdpre              =  1.62394e-12
vibpre              =  8.11239e-01
vrun1               =  1.29420e+00
irun1               =  -8.72082e-06
vcrun1              =  6.57408e-01
vrun2               =  1.29420e+00
vcrun2              =  6.57408e-01
tcross              =  1.50414e-03
m_vptat_run1 = 1.2941990000e+00
m_vctat_run1 = 6.5740760000e-01
m_vptat_pre_mv = 3.1812400000e-05
m_iq_pre_own_ua = 1.0970000000e-04
m_iq_pre_pin_ua = 5.0010970000e-01
m_ibias_pre_dis_na = 1.6239380000e-03
m_vibias_pre_v = 8.1123920000e-01
m_iq_run_ua = 8.7208190000e+00
m_restart_err_ppm = 0.0000000000e+00
m_ctat_restart_err_ppm = 0.0000000000e+00
m_start_us = 4.1390000000e+00
Note: Simulation executed from .control section 

Warning: m=xx on .subckt line will override multiplier m hierarchy!

