
Note: Compatibility modes selected: hs a


Circuit: * por-brownout-slew @ bjt_ss_27c_3.63v -- generated by sim/harness, do not edit

Doing analysis at TEMP = 27.000000 and TNOM = 27.000000

Using SPARSE 1.3 as Direct Linear Solver

Initial Transient Solution
--------------------------

Node                                   Voltage
----                                   -------
vdd                                          0
ptat                             -1.15543e-121
ctat                               2.73133e-97
resetn                           -4.70446e-120
xdut.xbias.na                    -4.08157e-101
xdut.xbias.pg                    -1.99472e-121
xdut.xbias.nbtop                   2.23625e-96
xdut.vref                         2.02758e-106
xdut.xbias.nbg                     2.9125e-128
xdut.xbias.xrt.11                  2.23625e-96
xdut.xbias.xrt.21                  2.23625e-96
xdut.xbias.nb                      2.23625e-96
xdut.xbias.xr1.11                  2.23625e-96
xdut.xbias.xr1.21                  2.23625e-96
xdut.xbias.ec                      2.23625e-96
xdut.xbias.xr2.11                 2.02758e-106
xdut.xbias.xr2.21                 2.02758e-106
xdut.xbias.er                     2.02758e-106
xdut.xbias.pb                     1.20157e-127
xdut.ibias                        2.34562e-114
xdut.xbias.nt                    -2.25369e-126
xdut.xbias.n1                     -4.8934e-124
xdut.xbias.n2                     1.50721e-124
xdut.xbias.nz                     1.50721e-124
xdut.xbias.xrz.11                 1.50721e-124
xdut.xbias.xrz.21                 1.50721e-124
xdut.xbias.ks1                   -1.18627e-120
xdut.xbias.ks2                    1.47802e-119
xdut.xbias.ks3                   -1.82937e-118
xdut.xbias.ks4                    2.26383e-117
xdut.xbias.nkg                     -2.802e-116
xdut.xbias.nkm                   -2.34746e-128
xdut.xbias.tok                    5.80459e-128
xdut.xbias.noko                  -1.36036e-130
xdut.xbias.nokl                   1.72778e-125
xdut.xbias.nokx                  -2.95958e-127
xdut.bias_ok                     -1.48932e-116
xdut.xtemp.nbg                   -2.84664e-114
xdut.xtemp.enb                    9.83612e-167
xdut.xtemp.pb                    -4.82973e-120
xdut.xtemp.pcas                  -1.14144e-119
xdut.xtemp.nt                     7.22963e-120
xdut.xtemp.n1                     2.47859e-119
xdut.xtemp.na                      2.73133e-97
xdut.xtemp.n2                     6.21958e-120
xdut.xtemp.nb                      6.02147e-92
xdut.xtemp.pg                    -6.72179e-119
xdut.xtemp.nz                     6.21958e-120
xdut.xtemp.xrz.11                 6.21958e-120
xdut.xtemp.xrz.21                 6.21958e-120
xdut.xtemp.m1d                    -1.32784e-97
xdut.xtemp.m2d                    -2.38873e-91
xdut.xtemp.m3d                    1.40576e-115
xdut.xtemp.nd                    -1.46143e-120
xdut.xtemp.nr                     1.62082e-125
xdut.xtemp.nc                      6.02147e-92
xdut.xtemp.xr1.11                  6.02147e-92
xdut.xtemp.xr1.21                  6.02147e-92
xdut.xtemp.xr2f.11               -1.15537e-121
xdut.xtemp.xr2f.21               -1.68564e-122
xdut.xtemp.t5                      -1.685e-122
xdut.xtemp.xr2t5.11              -1.68437e-122
xdut.xtemp.xr2t5.21              -8.29787e-123
xdut.xtemp.t4                    -8.29151e-123
xdut.xtemp.xr2t4.11              -8.28515e-123
xdut.xtemp.xr2t4.21              -4.01846e-123
xdut.xtemp.t3                     -4.0121e-123
xdut.xtemp.xr2t3.11              -4.00574e-123
xdut.xtemp.xr2t3.21              -1.87855e-123
xdut.xtemp.t2                    -1.87219e-123
xdut.xtemp.xr2t2.11              -1.86583e-123
xdut.xtemp.xr2t2.21              -8.08563e-124
xdut.xtemp.t1                    -8.02203e-124
xdut.xtemp.xr2t1.11              -7.95843e-124
xdut.xtemp.xr2t1.21              -2.73908e-124
xdut.xtemp.t0                    -2.67548e-124
xdut.xtemp.xr2t0.11              -2.61188e-124
xdut.xtemp.xr2t0.21              -6.35979e-126
xdut.xtemp.xriso.11                2.73133e-97
xdut.xtemp.xriso.21                2.73133e-97
xdut.xcmp.bias_okb                6.68912e-193
xdut.xcmp.nbg                    -2.84246e-114
xdut.xcmp.sns                    -8.80083e-150
xdut.xcmp.xrtop.11               -8.80082e-150
xdut.xcmp.xrtop.21                -1.2266e-155
xdut.xcmp.snsb                   -1.63444e-149
xdut.xcmp.xrbot.11               -1.63444e-149
xdut.xcmp.xrbot.21               -8.80084e-150
xdut.xcmp.xrhys.11               -2.32074e-154
xdut.xcmp.xrhys.21               -1.63442e-149
xdut.xcmp.n1                     -3.68086e-140
xdut.xcmp.tn                      -5.7968e-134
xdut.xcmp.na                       7.3328e-134
xdut.xcmp.cmpo                   -2.37416e-135
xdut.xcmp.vdda                    1.44927e-134
xdut.por_raw                      1.59087e-139
xdut.xpor.pdn                    -3.34759e-169
xdut.xpor.ndl                     6.19419e-133
xdut.xpor.ndgp                    3.27211e-133
xdut.xpor.ndg                     2.82288e-132
xdut.xpor.ndgn                   -5.19366e-132
xdut.xpor.pgdg                   -5.58653e-123
xdut.xpor.pgdgb                  -4.09022e-132
xdut.xpor.nts                     4.71274e-132
xdut.xpor.tim                      2.2086e-130
xdut.xpor.nd1                    -1.86719e-129
xdut.xpor.trip                   -2.10742e-129
xdut.xpor.rstb                    -9.6068e-118
xdut.xpor.nnand                   3.47511e-117
vsup#branch                      -3.13267e-103

 Reference value :  0.00000e+00
 Reference value :  3.75397e-04
 Reference value :  4.16197e-04
 Reference value :  7.93013e-04
 Reference value :  3.60492e-03
 Reference value :  1.05449e-02
 Reference value :  1.08590e-02
 Reference value :  1.08718e-02
 Reference value :  1.73177e-02
 Reference value :  2.00734e-02
 Reference value :  2.01210e-02
 Reference value :  2.01361e-02
 Reference value :  2.12875e-02
 Reference value :  2.19770e-02
No. of Data Rows : 2565
vrst_pre            =  3.63000e+00
rst_r_min_overall   =  -4.35956e-07 at=  2.01213e-02
vdd_settled         =  3.63000e+00
bok_r_min           =  -4.29640e-07 at=  2.01213e-02
rst_r_min           =  -4.35956e-07 at=  2.01213e-02
praw_r_min          =  -3.50925e-03 at=  2.00735e-02
vrst_floor          =  1.14265e-09
vdd_dip             =  1.00000e+00
m_resetn_pre_dip_v = 3.6300000000e+00
m_vdd_dip_v = 1.0000000000e+00
m_bias_ok_ratio_min_in_dip = -4.296395000e-07
m_resetn_ratio_min_in_dip = -4.359564000e-07
m_por_raw_ratio_min_in_dip = -3.509255000e-03
m_resetn_ratio_min_overall = -4.359564000e-07
m_resetn_floor_in_dip_mv = 1.1426510000e-06
Note: Simulation executed from .control section 

Warning: m=xx on .subckt line will override multiplier m hierarchy!

Note: Starting dynamic gmin stepping
Note: Dynamic gmin stepping completed
