
Note: Compatibility modes selected: hs a


Circuit: * bias-core-ibias-sharing @ bjt_ff_27c_2.97v -- generated by sim/harness, do not edit

Doing analysis at TEMP = 27.000000 and TNOM = 27.000000

Using SPARSE 1.3 as Direct Linear Solver

Initial Transient Solution
--------------------------

Node                                   Voltage
----                                   -------
vdda                                         0
ena                                          0
niba                               4.44538e-20
ibiasa                             4.44538e-20
xbiasa.na                         -1.19016e-50
xbiasa.pg                          8.74477e-34
xbiasa.nbtop                        2.9749e-49
vrefa                              1.47905e-48
xbiasa.nbg                         4.86507e-41
xbiasa.xrt.11                       2.9749e-49
xbiasa.xrt.21                       2.9749e-49
xbiasa.nb                           2.9749e-49
xbiasa.xr1.11                       2.9749e-49
xbiasa.xr1.21                       2.9749e-49
xbiasa.ec                           2.9749e-49
xbiasa.xr2.11                      1.47905e-48
xbiasa.xr2.21                      1.47905e-48
xbiasa.er                          1.47905e-48
xbiasa.pb                         -8.87428e-42
xbiasa.nt                         -2.83707e-38
xbiasa.n1                         -1.96251e-38
xbiasa.n2                          9.48918e-37
xbiasa.nz                          9.48919e-37
xbiasa.xrz.11                      9.48919e-37
xbiasa.xrz.21                      9.48918e-37
xbiasa.ks1                        -5.81279e-33
xbiasa.ks2                         7.24237e-32
xbiasa.ks3                        -8.96527e-31
xbiasa.ks4                         1.10977e-29
xbiasa.nkg                        -1.37365e-28
xbiasa.nkm                         2.60579e-44
xbiasa.tok                         5.69632e-40
xbiasa.noko                       -2.93463e-41
xbiasa.nokl                       -1.83526e-38
xbiasa.nokx                        4.48331e-29
oka                               -1.28977e-26
xtempa.nbg                        -5.86406e-20
xtempa.enb                          1.6479e-71
xtempa.pb                          3.39151e-19
xtempa.pcas                        1.95716e-19
xtempa.nt                         -3.34978e-24
xtempa.n1                         -1.41933e-23
xtempa.na                          4.28192e-35
xtempa.n2                         -1.74721e-24
xtempa.nb                          1.18734e-39
xtempa.pg                         -1.32646e-24
xtempa.nz                         -1.74721e-24
xtempa.xrz.11                     -1.74721e-24
xtempa.xrz.21                     -1.74721e-24
xtempa.m1d                        -1.23579e-35
xtempa.m2d                         6.12582e-41
xtempa.m3d                       -1.47199e-104
ptata                            -1.70053e-110
xtempa.nd                         -1.79643e-31
xtempa.nr                         -6.14201e-37
ctata                              4.28192e-35
xtempa.nc                          1.18734e-39
xtempa.xr1.11                      1.18734e-39
xtempa.xr1.21                      1.18734e-39
xtempa.xr2f.11                   -1.70044e-110
xtempa.xr2f.21                   -2.48252e-111
xtempa.t5                        -2.48158e-111
xtempa.xr2t5.11                  -2.48064e-111
xtempa.xr2t5.21                   -1.2216e-111
xtempa.t4                        -1.22066e-111
xtempa.xr2t4.11                  -1.21973e-111
xtempa.xr2t4.21                   -5.9148e-112
xtempa.t3                        -5.90543e-112
xtempa.xr2t3.11                  -5.89607e-112
xtempa.xr2t3.21                  -2.76478e-112
xtempa.t2                        -2.75542e-112
xtempa.xr2t2.11                  -2.74606e-112
xtempa.xr2t2.21                  -1.18996e-112
xtempa.t1                         -1.1806e-112
xtempa.xr2t1.11                  -1.17124e-112
xtempa.xr2t1.21                  -4.03099e-113
xtempa.t0                         -3.9374e-113
xtempa.xr2t0.11                   -3.8438e-113
xtempa.xr2t0.21                  -9.35945e-115
xtempa.xriso.11                    4.28192e-35
xtempa.xriso.21                    4.28192e-35
xcmpa.bias_okb                    -6.75876e-32
xcmpa.nbg                         -6.08338e-20
xcmpa.sns                                    0
xcmpa.xrtop.11                               0
xcmpa.xrtop.21                               0
xcmpa.snsb                                   0
xcmpa.xrbot.11                               0
xcmpa.xrbot.21                               0
xcmpa.xrhys.11                               0
xcmpa.xrhys.21                               0
xcmpa.n1                          -1.73933e-23
xcmpa.tn                           4.89293e-31
xcmpa.na                          -4.87376e-31
xcmpa.cmpo                        -6.20807e-31
xcmpa.vdda                        -1.78333e-31
por_rawa                           2.64684e-24
vddb                                         0
nibb                                7.4086e-28
ibiasb                              7.4086e-28
xbiasb.na                         -1.39615e-50
xbiasb.pg                          4.39833e-34
xbiasb.nbtop                      -3.38716e-49
vrefb                               8.2914e-49
xbiasb.nbg                        -1.48547e-41
xbiasb.xrt.11                     -3.38716e-49
xbiasb.xrt.21                     -3.38716e-49
xbiasb.nb                         -3.38716e-49
xbiasb.xr1.11                     -3.38716e-49
xbiasb.xr1.21                     -3.38716e-49
xbiasb.ec                         -3.38716e-49
xbiasb.xr2.11                       8.2914e-49
xbiasb.xr2.21                       8.2914e-49
xbiasb.er                           8.2914e-49
xbiasb.pb                         -2.83193e-42
xbiasb.nt                         -2.45179e-38
xbiasb.n1                           -1.258e-38
xbiasb.n2                          6.87573e-37
xbiasb.nz                          6.87573e-37
xbiasb.xrz.11                      6.87573e-37
xbiasb.xrz.21                      6.87573e-37
xbiasb.ks1                         3.64853e-33
xbiasb.ks2                        -4.54499e-32
xbiasb.ks3                         5.62515e-31
xbiasb.ks4                        -6.96198e-30
xbiasb.nkg                          8.6163e-29
xbiasb.nkm                         2.18637e-44
xbiasb.tok                         5.61728e-40
xbiasb.noko                        -2.8957e-41
xbiasb.nokl                       -1.80979e-38
xbiasb.nokx                        5.19482e-29
okb                                1.28977e-26
xcmpb.bias_okb                    -6.11159e-32
xcmpb.nbg                         -1.74107e-27
xcmpb.sns                                    0
xcmpb.xrtop.11                               0
xcmpb.xrtop.21                               0
xcmpb.snsb                                   0
xcmpb.xrbot.11                               0
xcmpb.xrbot.21                               0
xcmpb.xrhys.11                               0
xcmpb.xrhys.21                               0
xcmpb.n1                          -1.14586e-29
xcmpb.tn                          -3.00835e-29
xcmpb.na                           3.16155e-29
xcmpb.cmpo                          3.5967e-29
xcmpb.vdda                         1.08391e-29
por_rawb                          -1.85459e-31
vibb#branch                       -6.45945e-40
vsupb#branch                       1.36338e-38
viba#branch                       -3.90397e-32
vena#branch                                  0
vsupa#branch                       5.95341e-31

 Reference value :  0.00000e+00
 Reference value :  2.10298e-05
 Reference value :  4.60748e-05
 Reference value :  5.14658e-05
 Reference value :  5.16867e-05
 Reference value :  6.18051e-05
 Reference value :  1.06700e-04
 Reference value :  2.72099e-04
No. of Data Rows : 607
vib_a               =  7.14202e-01
vib_b               =  7.14202e-01
por_a               =  2.97000e+00
por_b               =  2.97000e+00
ok_a                =  2.97000e+00
ok_b                =  2.97000e+00
vref_a              =  1.19314e+00
iba                 =  5.37221e-07
vdda                =  2.97000e+00
vddb                =  2.97000e+00
m_vibias_shared_v = 7.1420170000e-01
m_vibias_control_v = 7.1420180000e-01
m_por_raw_shared_droop_mv = 0.0000000000e+00
m_por_raw_control_droop_mv = 0.0000000000e+00
m_bias_ok_shared_droop_mv = 0.0000000000e+00
m_bias_ok_control_droop_mv = 0.0000000000e+00
m_vref_shared_v = 1.1931360000e+00
m_ibias_delivered_na = 5.3722060000e+02
Note: Simulation executed from .control section 

Warning: m=xx on .subckt line will override multiplier m hierarchy!

