
Note: Compatibility modes selected: hs a


Circuit: * bias-core-ibias-sharing @ bjt_ss_27c_3.30v -- generated by sim/harness, do not edit

Doing analysis at TEMP = 27.000000 and TNOM = 27.000000

Using SPARSE 1.3 as Direct Linear Solver

Initial Transient Solution
--------------------------

Node                                   Voltage
----                                   -------
vdda                                         0
ena                                          0
niba                              -1.11209e-26
ibiasa                            -1.11209e-26
xbiasa.na                         -1.49019e-78
xbiasa.pg                          1.37396e-41
xbiasa.nbtop                      -4.61717e-73
vrefa                              5.65906e-75
xbiasa.nbg                         2.84168e-52
xbiasa.xrt.11                     -4.61717e-73
xbiasa.xrt.21                     -4.61717e-73
xbiasa.nb                         -4.61717e-73
xbiasa.xr1.11                     -4.61717e-73
xbiasa.xr1.21                     -4.61717e-73
xbiasa.ec                         -4.61717e-73
xbiasa.xr2.11                      5.65906e-75
xbiasa.xr2.21                      5.65909e-75
xbiasa.er                          5.65909e-75
xbiasa.pb                         -2.46792e-54
xbiasa.nt                         -5.03091e-46
xbiasa.n1                           6.6638e-47
xbiasa.n2                          1.56962e-44
xbiasa.nz                          1.56962e-44
xbiasa.xrz.11                      1.56962e-44
xbiasa.xrz.21                      1.56962e-44
xbiasa.ks1                         1.15637e-37
xbiasa.ks2                        -1.44076e-36
xbiasa.ks3                          1.7835e-35
xbiasa.ks4                        -2.20773e-34
xbiasa.nkg                         2.73267e-33
xbiasa.nkm                         3.09261e-55
xbiasa.tok                         3.71037e-45
xbiasa.noko                       -1.90434e-46
xbiasa.nokl                       -1.19544e-43
xbiasa.nokx                        3.40859e-39
oka                                1.76079e-30
xtempa.nbg                         1.53762e-26
xtempa.enb                        -1.09428e-90
xtempa.pb                          -6.1033e-29
xtempa.pcas                       -2.70723e-29
xtempa.nt                          1.26241e-27
xtempa.n1                          5.32851e-27
xtempa.na                         -2.38015e-43
xtempa.n2                          6.71019e-28
xtempa.nb                         -8.63808e-51
xtempa.pg                         -1.52578e-27
xtempa.nz                          6.71019e-28
xtempa.xrz.11                      6.71019e-28
xtempa.xrz.21                      6.71019e-28
xtempa.m1d                         1.06336e-43
xtempa.m2d                        -1.33619e-52
xtempa.m3d                        -7.21878e-42
ptata                              5.93014e-48
xtempa.nd                         -8.38026e-35
xtempa.nr                          3.84641e-39
ctata                             -2.38015e-43
xtempa.nc                         -8.63808e-51
xtempa.xr1.11                     -8.63808e-51
xtempa.xr1.21                     -8.63808e-51
xtempa.xr2f.11                     5.92982e-48
xtempa.xr2f.21                     8.65128e-49
xtempa.t5                          8.64802e-49
xtempa.xr2t5.11                    8.64475e-49
xtempa.xr2t5.21                    4.25878e-49
xtempa.t4                          4.25552e-49
xtempa.xr2t4.11                    4.25225e-49
xtempa.xr2t4.21                    2.06243e-49
xtempa.t3                          2.05917e-49
xtempa.xr2t3.11                     2.0559e-49
xtempa.xr2t3.21                    9.64147e-50
xtempa.t2                          9.60883e-50
xtempa.xr2t2.11                    9.57619e-50
xtempa.xr2t2.21                    4.14987e-50
xtempa.t1                          4.11723e-50
xtempa.xr2t1.11                    4.08459e-50
xtempa.xr2t1.21                    1.40581e-50
xtempa.t0                          1.37317e-50
xtempa.xr2t0.11                    1.34052e-50
xtempa.xr2t0.21                     3.2641e-52
xtempa.xriso.11                   -2.38015e-43
xtempa.xriso.21                   -2.38015e-43
xcmpa.bias_okb                               0
xcmpa.nbg                          1.63817e-26
xcmpa.sns                                    0
xcmpa.xrtop.11                               0
xcmpa.xrtop.21                               0
xcmpa.snsb                                   0
xcmpa.xrbot.11                               0
xcmpa.xrbot.21                               0
xcmpa.xrhys.11                               0
xcmpa.xrhys.21                               0
xcmpa.n1                           1.28625e-51
xcmpa.tn                          -1.82854e-44
xcmpa.na                           1.05415e-44
xcmpa.cmpo                         1.37538e-44
xcmpa.vdda                         4.46157e-45
por_rawa                          -1.49006e-57
vddb                                         0
nibb                               -1.6601e-29
ibiasb                             -1.6601e-29
xbiasb.na                          1.58656e-77
xbiasb.pg                          1.89854e-41
xbiasb.nbtop                       6.32223e-73
vrefb                             -1.08774e-74
xbiasb.nbg                        -2.28594e-52
xbiasb.xrt.11                      6.32223e-73
xbiasb.xrt.21                      6.32223e-73
xbiasb.nb                          6.32223e-73
xbiasb.xr1.11                      6.32223e-73
xbiasb.xr1.21                      6.32224e-73
xbiasb.ec                          6.32224e-73
xbiasb.xr2.11                     -1.08774e-74
xbiasb.xr2.21                     -1.08775e-74
xbiasb.er                         -1.08775e-74
xbiasb.pb                         -6.17749e-54
xbiasb.nt                         -6.96503e-46
xbiasb.n1                          9.41624e-47
xbiasb.n2                           2.1714e-44
xbiasb.nz                           2.1714e-44
xbiasb.xrz.11                       2.1714e-44
xbiasb.xrz.21                       2.1714e-44
xbiasb.ks1                        -8.61597e-38
xbiasb.ks2                         1.07329e-36
xbiasb.ks3                        -1.32837e-35
xbiasb.ks4                         1.64406e-34
xbiasb.nkg                        -2.03473e-33
xbiasb.nkm                         3.29208e-55
xbiasb.tok                         4.71325e-45
xbiasb.noko                       -2.41906e-46
xbiasb.nokl                       -1.51855e-43
xbiasb.nokx                        3.57931e-39
okb                                4.50072e-30
xcmpb.bias_okb                               0
xcmpb.nbg                          3.90253e-29
xcmpb.sns                                    0
xcmpb.xrtop.11                               0
xcmpb.xrtop.21                               0
xcmpb.snsb                                   0
xcmpb.xrbot.11                               0
xcmpb.xrbot.21                               0
xcmpb.xrhys.11                               0
xcmpb.xrhys.21                               0
xcmpb.n1                          -1.33302e-31
xcmpb.tn                           2.74191e-35
xcmpb.na                          -2.81684e-35
xcmpb.cmpo                        -3.34935e-35
xcmpb.vdda                        -9.96201e-36
por_rawb                           2.93139e-19
vibb#branch                        1.44791e-41
vsupb#branch                       2.94213e-31
viba#branch                        9.83469e-39
vena#branch                                  0
vsupa#branch                      -1.18446e-38

 Reference value :  0.00000e+00
 Reference value :  1.89455e-05
 Reference value :  4.10640e-05
 Reference value :  4.67522e-05
 Reference value :  4.69880e-05
 Reference value :  1.00025e-04
 Reference value :  1.04336e-04
 Reference value :  4.02989e-04
No. of Data Rows : 608
vib_a               =  7.15225e-01
vib_b               =  7.15225e-01
por_a               =  3.30000e+00
por_b               =  3.30000e+00
ok_a                =  3.30000e+00
ok_b                =  3.30000e+00
vref_a              =  1.20834e+00
iba                 =  5.45678e-07
vdda                =  3.30000e+00
vddb                =  3.30000e+00
m_vibias_shared_v = 7.1522460000e-01
m_vibias_control_v = 7.1522480000e-01
m_por_raw_shared_droop_mv = 9.9999999970e-04
m_por_raw_control_droop_mv = 9.9999999970e-04
m_bias_ok_shared_droop_mv = 0.0000000000e+00
m_bias_ok_control_droop_mv = 0.0000000000e+00
m_vref_shared_v = 1.2083400000e+00
m_ibias_delivered_na = 5.4567840000e+02
Note: Simulation executed from .control section 

Warning: m=xx on .subckt line will override multiplier m hierarchy!

