
Note: Compatibility modes selected: hs a


Circuit: * bias-core-ibias-sharing @ sf_27c_2.97v -- generated by sim/harness, do not edit

Doing analysis at TEMP = 27.000000 and TNOM = 27.000000

Using SPARSE 1.3 as Direct Linear Solver

Initial Transient Solution
--------------------------

Node                                   Voltage
----                                   -------
vdda                                         0
ena                                          0
niba                               6.93918e-33
ibiasa                             6.93918e-33
xbiasa.na                          1.76588e-88
xbiasa.pg                         -6.50697e-78
xbiasa.nbtop                        8.0903e-99
vrefa                              4.35539e-89
xbiasa.nbg                        -2.50276e-85
xbiasa.xrt.11                       8.0903e-99
xbiasa.xrt.21                      8.09031e-99
xbiasa.nb                          8.09031e-99
xbiasa.xr1.11                      8.09031e-99
xbiasa.xr1.21                      8.09031e-99
xbiasa.ec                          8.09031e-99
xbiasa.xr2.11                      4.35539e-89
xbiasa.xr2.21                      4.35533e-89
xbiasa.er                          4.35533e-89
xbiasa.pb                         -1.16019e-84
xbiasa.nt                          7.00975e-74
xbiasa.n1                         -4.52277e-74
xbiasa.n2                         -4.52069e-74
xbiasa.nz                         -4.52069e-74
xbiasa.xrz.11                     -4.52069e-74
xbiasa.xrz.21                     -4.52069e-74
xbiasa.ks1                        -5.06948e-75
xbiasa.ks2                         6.33307e-74
xbiasa.ks3                        -7.86123e-73
xbiasa.ks4                         9.75734e-72
xbiasa.nkg                        -1.21108e-70
xbiasa.nkm                        -4.42266e-93
xbiasa.tok                        -3.81362e-71
xbiasa.noko                        9.99897e-72
xbiasa.nokl                        2.37805e-71
xbiasa.nokx                       -4.94149e-73
oka                               -7.04961e-55
xtempa.nbg                        -1.88195e-33
xtempa.enb                        -3.48758e-71
xtempa.pb                          5.06382e-45
xtempa.pcas                       -1.41622e-77
xtempa.nt                         -1.08173e-18
xtempa.n1                          6.17723e-20
xtempa.na                          1.12358e-25
xtempa.n2                           8.3746e-20
xtempa.nb                          2.95265e-26
xtempa.pg                          2.61886e-20
xtempa.nz                           8.3746e-20
xtempa.xrz.11                       8.3746e-20
xtempa.xrz.21                       8.3746e-20
xtempa.m1d                         -1.9778e-25
xtempa.m2d                         -1.0989e-25
xtempa.m3d                        9.96227e-140
ptata                             1.49925e-145
xtempa.nd                          8.81776e-48
xtempa.nr                          6.86383e-59
ctata                              1.12358e-25
xtempa.nc                          2.95265e-26
xtempa.xr1.11                      2.95265e-26
xtempa.xr1.21                      2.95265e-26
xtempa.xr2f.11                    1.49917e-145
xtempa.xr2f.21                    2.18741e-146
xtempa.t5                         2.18658e-146
xtempa.xr2t5.11                   2.18576e-146
xtempa.xr2t5.21                   1.07674e-146
xtempa.t4                         1.07592e-146
xtempa.xr2t4.11                   1.07509e-146
xtempa.xr2t4.21                   5.21428e-147
xtempa.t3                         5.20603e-147
xtempa.xr2t3.11                   5.19778e-147
xtempa.xr2t3.21                   2.43754e-147
xtempa.t2                         2.42929e-147
xtempa.xr2t2.11                   2.42104e-147
xtempa.xr2t2.21                   1.04916e-147
xtempa.t1                         1.04091e-147
xtempa.xr2t1.11                   1.03265e-147
xtempa.xr2t1.21                   3.55411e-148
xtempa.t0                         3.47159e-148
xtempa.xr2t0.11                   3.38906e-148
xtempa.xr2t0.21                   8.25218e-150
xtempa.xriso.11                    1.12358e-25
xtempa.xriso.21                    1.12358e-25
xcmpa.bias_okb                    -1.09678e-46
xcmpa.nbg                         -1.88194e-33
xcmpa.sns                                    0
xcmpa.xrtop.11                               0
xcmpa.xrtop.21                               0
xcmpa.snsb                                   0
xcmpa.xrbot.11                               0
xcmpa.xrbot.21                               0
xcmpa.xrhys.11                               0
xcmpa.xrhys.21                               0
xcmpa.n1                          -8.92729e-40
xcmpa.tn                           5.06796e-33
xcmpa.na                          -5.71565e-32
xcmpa.cmpo                        -3.36525e-32
xcmpa.vdda                         1.08691e-31
por_rawa                          -1.33046e-39
vddb                                         0
nibb                              -3.75607e-30
ibiasb                            -3.75607e-30
xbiasb.na                         -1.07663e-88
xbiasb.pg                         -5.03207e-78
xbiasb.nbtop                      -1.01854e-98
vrefb                              7.47191e-88
xbiasb.nbg                         1.07313e-84
xbiasb.xrt.11                     -1.01854e-98
xbiasb.xrt.21                     -1.01854e-98
xbiasb.nb                         -1.01854e-98
xbiasb.xr1.11                     -1.01854e-98
xbiasb.xr1.21                     -1.01854e-98
xbiasb.ec                         -1.01854e-98
xbiasb.xr2.11                      7.47191e-88
xbiasb.xr2.21                      7.47182e-88
xbiasb.er                          7.47182e-88
xbiasb.pb                         -1.09733e-84
xbiasb.nt                          5.29235e-74
xbiasb.n1                         -3.41518e-74
xbiasb.n2                          -3.4136e-74
xbiasb.nz                          -3.4136e-74
xbiasb.xrz.11                      -3.4136e-74
xbiasb.xrz.21                      -3.4136e-74
xbiasb.ks1                        -2.95963e-75
xbiasb.ks2                         3.69742e-74
xbiasb.ks3                        -4.58971e-73
xbiasb.ks4                           5.697e-72
xbiasb.nkg                        -7.07127e-71
xbiasb.nkm                         -4.2982e-93
xbiasb.tok                         4.95787e-71
xbiasb.noko                       -1.29941e-71
xbiasb.nokl                        -3.0913e-71
xbiasb.nokx                       -3.13456e-75
okb                               -4.19327e-56
xcmpb.bias_okb                    -2.84496e-47
xcmpb.nbg                          7.54469e-31
xcmpb.sns                                    0
xcmpb.xrtop.11                               0
xcmpb.xrtop.21                               0
xcmpb.snsb                                   0
xcmpb.xrbot.11                               0
xcmpb.xrbot.21                               0
xcmpb.xrhys.11                               0
xcmpb.xrhys.21                               0
xcmpb.n1                            7.6271e-33
xcmpb.tn                          -1.87528e-32
xcmpb.na                           2.11494e-31
xcmpb.cmpo                         1.24523e-31
xcmpb.vdda                        -4.02184e-31
por_rawb                          -1.36367e-33
vibb#branch                        -9.1957e-42
vsupb#branch                       8.80314e-42
viba#branch                        2.24057e-44
vena#branch                                  0
vsupa#branch                       3.80848e-31

 Reference value :  0.00000e+00
 Reference value :  1.99173e-05
 Reference value :  4.56306e-05
 Reference value :  5.02756e-05
 Reference value :  5.04695e-05
 Reference value :  5.46197e-05
 Reference value :  1.06672e-04
 Reference value :  1.07296e-04
 Reference value :  5.22438e-04
No. of Data Rows : 640
vib_a               =  7.95353e-01
vib_b               =  7.95353e-01
por_a               =  2.97000e+00
por_b               =  2.97000e+00
ok_a                =  2.97000e+00
ok_b                =  2.97000e+00
vref_a              =  1.19930e+00
iba                 =  5.37150e-07
vdda                =  2.97000e+00
vddb                =  2.97000e+00
m_vibias_shared_v = 7.9535260000e-01
m_vibias_control_v = 7.9535280000e-01
m_por_raw_shared_droop_mv = 9.9999999970e-04
m_por_raw_control_droop_mv = 9.9999999970e-04
m_bias_ok_shared_droop_mv = 0.0000000000e+00
m_bias_ok_control_droop_mv = 0.0000000000e+00
m_vref_shared_v = 1.1993000000e+00
m_ibias_delivered_na = 5.3714970000e+02
Note: Simulation executed from .control section 

Warning: m=xx on .subckt line will override multiplier m hierarchy!

