
Note: No compatibility mode selected!


Circuit: * temp-accuracy-mc mc @ temp_lo_vdd_lo_tt_-40c_2.97v_s0449 -- generated by sim/harness, do not edit

Doing analysis at TEMP = -40.000000 and TNOM = 27.000000

Using SPARSE 1.3 as Direct Linear Solver
 Reference value :  2.50000e+01
No. of Data Rows : 1
m_vptat25_v = 1.2605467512e+00
m_aoffs25_uv = 8.1879773746e+02
Doing analysis at TEMP = -40.000000 and TNOM = 27.000000

Using SPARSE 1.3 as Direct Linear Solver

No. of Data Rows : 1
m_vptattgt_v = 9.7987348629e-01
m_vtktgt_k = 2.3315000000e+02
m_aoffstgt_uv = 8.2854696316e+02
m_dvbetgt_mv = 4.0997595536e+01
m_terr_untrim_c = -5.740063343e+00
Note: Simulation executed from .control section 

Note: Starting dynamic gmin stepping
Warning: Dynamic gmin stepping failed
Note: Starting true gmin stepping
Note: True gmin stepping completed
Note: Starting dynamic gmin stepping
Warning: Dynamic gmin stepping failed
Note: Starting true gmin stepping
Note: True gmin stepping completed
