
Note: No compatibility mode selected!


Circuit: * temp-accuracy-mc mc @ temp_hi_vdd_lo_tt_125c_2.97v_s0137 -- generated by sim/harness, do not edit

Doing analysis at TEMP = 125.000000 and TNOM = 27.000000

Using SPARSE 1.3 as Direct Linear Solver
 Reference value :  2.50000e+01
No. of Data Rows : 1
m_vptat25_v = 1.2387689989e+00
m_aoffs25_uv = 1.1379790366e+03
Doing analysis at TEMP = 125.000000 and TNOM = 27.000000

Using SPARSE 1.3 as Direct Linear Solver
 Reference value :  1.25000e+02
No. of Data Rows : 1
m_vptattgt_v = 1.6709599752e+00
m_vtktgt_k = 3.9815000000e+02
m_aoffstgt_uv = 1.1890622936e+03
m_dvbetgt_mv = 7.0029783672e+01
m_terr_untrim_c = -1.035207769e+01
Note: Simulation executed from .control section 

Note: Starting dynamic gmin stepping
Warning: Dynamic gmin stepping failed
Note: Starting true gmin stepping
Note: True gmin stepping completed
Note: Starting dynamic gmin stepping
Warning: Dynamic gmin stepping failed
Note: Starting true gmin stepping
Note: True gmin stepping completed
