
Note: No compatibility mode selected!


Circuit: * temp-accuracy-mc mc @ temp_hi_vdd_lo_tt_125c_2.97v_s0354 -- generated by sim/harness, do not edit

Doing analysis at TEMP = 125.000000 and TNOM = 27.000000

Using SPARSE 1.3 as Direct Linear Solver
 Reference value :  2.50000e+01
No. of Data Rows : 1
m_vptat25_v = 1.2923249011e+00
m_aoffs25_uv = 2.6549062350e+02
Doing analysis at TEMP = 125.000000 and TNOM = 27.000000

Using SPARSE 1.3 as Direct Linear Solver
 Reference value :  1.25000e+02
No. of Data Rows : 1
m_vptattgt_v = 1.7244020979e+00
m_vtktgt_k = 3.9815000000e+02
m_aoffstgt_uv = 2.4496969361e+02
m_dvbetgt_mv = 7.1294712251e+01
m_terr_untrim_c = 2.0508191403e+00
Note: Simulation executed from .control section 

Note: Starting dynamic gmin stepping
Warning: Dynamic gmin stepping failed
Note: Starting true gmin stepping
Note: True gmin stepping completed
Note: Starting dynamic gmin stepping
Warning: Dynamic gmin stepping failed
Note: Starting true gmin stepping
Note: True gmin stepping completed
