
Note: No compatibility mode selected!


Circuit: * temp-accuracy-mc mc @ temp_lo_vdd_hi_tt_-40c_3.63v_s0358 -- generated by sim/harness, do not edit

Doing analysis at TEMP = -40.000000 and TNOM = 27.000000

Using SPARSE 1.3 as Direct Linear Solver

No. of Data Rows : 1
m_vptat25_v = 1.2996665140e+00
m_aoffs25_uv = -1.452634923e+02
Doing analysis at TEMP = -40.000000 and TNOM = 27.000000

Using SPARSE 1.3 as Direct Linear Solver
 Reference value : -4.00000e+01
No. of Data Rows : 1
m_vptattgt_v = 1.0196658810e+00
m_vtktgt_k = 2.3315000000e+02
m_aoffstgt_uv = -1.600157558e+02
m_dvbetgt_mv = 4.2009164366e+01
m_terr_untrim_c = 3.4949920833e+00
Note: Simulation executed from .control section 

Note: Starting dynamic gmin stepping
Note: Dynamic gmin stepping completed
Note: Starting dynamic gmin stepping
Note: Dynamic gmin stepping completed
