
Note: No compatibility mode selected!


Circuit: * temp-accuracy-mc mc @ temp_hi_vdd_lo_tt_125c_2.97v_s0225 -- generated by sim/harness, do not edit

Doing analysis at TEMP = 125.000000 and TNOM = 27.000000

Using SPARSE 1.3 as Direct Linear Solver
 Reference value :  2.50000e+01
No. of Data Rows : 1
m_vptat25_v = 1.2540836159e+00
m_aoffs25_uv = 1.8003048869e+03
Doing analysis at TEMP = 125.000000 and TNOM = 27.000000

Using SPARSE 1.3 as Direct Linear Solver
 Reference value :  1.25000e+02
No. of Data Rows : 1
m_vptattgt_v = 1.6826475053e+00
m_vtktgt_k = 3.9815000000e+02
m_aoffstgt_uv = 1.8636319904e+03
m_dvbetgt_mv = 6.9759839837e+01
m_terr_untrim_c = -7.639624978e+00
Note: Simulation executed from .control section 

Note: Starting dynamic gmin stepping
Note: Dynamic gmin stepping completed
Note: Starting dynamic gmin stepping
Warning: Dynamic gmin stepping failed
Note: Starting true gmin stepping
Note: True gmin stepping completed
