
Note: No compatibility mode selected!


Circuit: * temp-core-startup @ bjt_ss_125c_2.97v -- generated by sim/harness, do not edit

Doing analysis at TEMP = 125.000000 and TNOM = 27.000000


Initial Transient Solution
--------------------------

Node                                   Voltage
----                                   -------
vdd                                          0
en                                           0
nib                               -1.30871e-18
ibias                             -1.30871e-18
nibd                              -1.30871e-18
ptat                              -2.26523e-26
ctat                               1.35603e-18
xdut.nbg                           1.74056e-18
xdut.enb                           1.47824e-18
xdut.pb                           -1.18385e-18
xdut.pcas                          1.31614e-19
xdut.nt                            8.97606e-19
xdut.n1                            9.29481e-19
xdut.na                            1.35603e-18
xdut.n2                            4.53875e-19
xdut.nb                           -1.54289e-18
xdut.pg                            1.20796e-19
xdut.nz                            4.53875e-19
xdut.xrz.11                        4.53875e-19
xdut.xrz.21                        4.53875e-19
xdut.m1d                          -1.32656e-19
xdut.m2d                          -6.52254e-18
xdut.m3d                           4.25195e-20
xdut.nd                           -1.73738e-18
xdut.nr                            8.97671e-19
xdut.nc                           -1.54289e-18
xdut.xr1.11                       -1.54289e-18
xdut.xr1.21                       -1.54289e-18
xdut.xr2f.11                      -2.26513e-26
xdut.xr2f.21                      -3.30281e-27
xdut.t5                           -3.30174e-27
xdut.xr2t5.11                     -3.30066e-27
xdut.xr2t5.21                     -1.62511e-27
xdut.t4                           -1.62404e-27
xdut.xr2t4.11                     -1.62296e-27
xdut.xr2t4.21                     -7.86391e-28
xdut.t3                           -7.85312e-28
xdut.xr2t3.11                     -7.84233e-28
xdut.xr2t3.21                     -3.67154e-28
xdut.t2                           -3.66075e-28
xdut.xr2t2.11                     -3.64996e-28
xdut.xr2t2.21                     -1.57696e-28
xdut.t1                           -1.56617e-28
xdut.xr2t1.11                     -1.55538e-28
xdut.xr2t1.21                     -5.32017e-29
xdut.t0                           -5.21226e-29
xdut.xr2t0.11                     -5.10436e-29
xdut.xr2t0.21                     -1.07902e-30
xdut.xriso.11                      1.35603e-18
xdut.xriso.21                      1.35603e-18
vibd#branch                        5.99735e-31
vib#branch                                   0
ven#branch                                   0
vsup#branch                       -2.22414e-28

 Reference value :  3.25773e-04
 Reference value :  8.78154e-04
 Reference value :  1.50012e-03
 Reference value :  1.50175e-03
 Reference value :  1.91760e-03
 Reference value :  2.09360e-03
 Reference value :  2.50056e-03
 Reference value :  3.00000e-03
 Reference value :  3.68340e-03
 Reference value :  4.00151e-03
 Reference value :  4.00277e-03
 Reference value :  4.17531e-03
 Reference value :  4.59331e-03
No. of Data Rows : 3445
vpre                =  3.219909e-08
ipre                =  -5.000927e-07
ibpre               =  5.000000e-07
ibdpre              =  1.861514e-11
vibpre              =  6.114972e-01
vrun1               =  1.714014e+00
irun1               =  -1.261501e-05
vcrun1              =  4.813985e-01
vrun2               =  1.714014e+00
vcrun2              =  4.813985e-01
tcross              =  1.503641e-03
m_vptat_run1 = 1.7140140000e+00
m_vctat_run1 = 4.8139850000e-01
m_vptat_pre_mv = 3.2199090000e-05
m_iq_pre_own_ua = 9.2700000000e-05
m_iq_pre_pin_ua = 5.0009270000e-01
m_ibias_pre_dis_na = 1.8615140000e-02
m_vibias_pre_v = 6.1149720000e-01
m_iq_run_ua = 1.2615010000e+01
m_restart_err_ppm = 0.0000000000e+00
m_ctat_restart_err_ppm = 0.0000000000e+00
m_start_us = 3.6410000000e+00
Note: Simulation executed from .control section 

Using SPARSE 1.3 as Direct Linear Solver
