
Note: No compatibility mode selected!


Circuit: * temp-core-startup @ ff_-40c_3.63v -- generated by sim/harness, do not edit

Doing analysis at TEMP = -40.000000 and TNOM = 27.000000


Initial Transient Solution
--------------------------

Node                                   Voltage
----                                   -------
vdd                                          0
en                                           0
nib                                3.91824e-24
ibias                              3.91824e-24
nibd                               3.91824e-24
ptat                               1.15033e-55
ctat                              -3.20261e-27
xdut.nbg                           -7.5177e-26
xdut.enb                           8.00336e-57
xdut.pb                            1.48679e-32
xdut.pcas                         -1.80924e-23
xdut.nt                            2.61091e-28
xdut.n1                            7.59675e-28
xdut.na                           -3.20261e-27
xdut.n2                             1.8904e-28
xdut.nb                           -6.83398e-22
xdut.pg                           -5.93259e-31
xdut.nz                             1.8904e-28
xdut.xrz.11                         1.8904e-28
xdut.xrz.21                         1.8904e-28
xdut.m1d                          -6.62251e-28
xdut.m2d                           4.94283e-21
xdut.m3d                           1.27711e-49
xdut.nd                            1.20603e-23
xdut.nr                           -3.69144e-23
xdut.nc                           -6.83398e-22
xdut.xr1.11                       -6.83398e-22
xdut.xr1.21                       -6.83398e-22
xdut.xr2f.11                       1.15025e-55
xdut.xr2f.21                       1.68072e-56
xdut.t5                            1.67986e-56
xdut.xr2t5.11                      1.67899e-56
xdut.xr2t5.21                      8.28435e-57
xdut.t4                             8.2757e-57
xdut.xr2t4.11                      8.26706e-57
xdut.xr2t4.21                      4.02042e-57
xdut.t3                            4.01177e-57
xdut.xr2t3.11                      4.00313e-57
xdut.xr2t3.21                      1.88593e-57
xdut.t2                            1.87728e-57
xdut.xr2t2.11                      1.86864e-57
xdut.xr2t2.21                      8.16337e-58
xdut.t1                            8.07694e-58
xdut.xr2t1.11                       7.9905e-58
xdut.xr2t1.21                      2.79564e-58
xdut.t0                             2.7092e-58
xdut.xr2t0.11                      2.62276e-58
xdut.xr2t0.21                      8.64381e-60
xdut.xriso.11                     -3.20261e-27
xdut.xriso.21                     -3.20261e-27
vibd#branch                        7.31304e-36
vib#branch                                   0
ven#branch                                   0
vsup#branch                        5.49601e-33

 Reference value :  1.55168e-04
 Reference value :  4.13671e-04
 Reference value :  8.73026e-04
 Reference value :  1.21371e-03
 Reference value :  1.50047e-03
 Reference value :  1.50101e-03
 Reference value :  1.50261e-03
 Reference value :  1.50395e-03
 Reference value :  1.76305e-03
 Reference value :  1.89305e-03
 Reference value :  1.93505e-03
 Reference value :  1.97905e-03
 Reference value :  2.50031e-03
 Reference value :  2.50385e-03
 Reference value :  2.76428e-03
 Reference value :  3.07578e-03
 Reference value :  3.09678e-03
 Reference value :  3.48273e-03
 Reference value :  4.00015e-03
 Reference value :  4.00146e-03
 Reference value :  4.00262e-03
 Reference value :  4.00613e-03
 Reference value :  4.24506e-03
 Reference value :  4.28906e-03
 Reference value :  4.33306e-03
 Reference value :  4.97906e-03
No. of Data Rows : 3865
vpre                =  1.324648e-08
ipre                =  -5.000477e-07
ibpre               =  5.000000e-07
ibdpre              =  1.303424e-12
vibpre              =  6.508294e-01
vrun1               =  1.003499e+00
irun1               =  -9.786709e-06
vcrun1              =  7.758857e-01
vrun2               =  1.003499e+00
vcrun2              =  7.758857e-01
tcross              =  1.504721e-03
m_vptat_run1 = 1.0034990000e+00
m_vctat_run1 = 7.7588570000e-01
m_vptat_pre_mv = 1.3246480000e-05
m_iq_pre_own_ua = 4.7700000000e-05
m_iq_pre_pin_ua = 5.0004770000e-01
m_ibias_pre_dis_na = 1.3034240000e-03
m_vibias_pre_v = 6.5082940000e-01
m_iq_run_ua = 9.7867090000e+00
m_restart_err_ppm = 0.0000000000e+00
m_ctat_restart_err_ppm = 0.0000000000e+00
m_start_us = 4.7210000000e+00
Note: Simulation executed from .control section 

Using SPARSE 1.3 as Direct Linear Solver
