
Note: No compatibility mode selected!


Circuit: * temp-core-startup @ ff_27c_2.97v -- generated by sim/harness, do not edit

Doing analysis at TEMP = 27.000000 and TNOM = 27.000000


Initial Transient Solution
--------------------------

Node                                   Voltage
----                                   -------
vdd                                          0
en                                           0
nib                                3.23025e-21
ibias                              3.23025e-21
nibd                               3.23025e-21
ptat                              -1.39886e-28
ctat                              -1.74173e-18
xdut.nbg                          -5.23525e-20
xdut.enb                           3.00249e-22
xdut.pb                           -6.26286e-20
xdut.pcas                           3.4965e-19
xdut.nt                            1.14045e-19
xdut.n1                            4.92033e-21
xdut.na                           -1.74173e-18
xdut.n2                            5.02031e-21
xdut.nb                            6.91325e-20
xdut.pg                            2.29834e-21
xdut.nz                            5.02031e-21
xdut.xrz.11                        5.02031e-21
xdut.xrz.21                        5.02031e-21
xdut.m1d                          -1.38246e-18
xdut.m2d                           4.62196e-20
xdut.m3d                           2.10681e-22
xdut.nd                           -7.43116e-20
xdut.nr                           -3.34819e-20
xdut.nc                            6.91324e-20
xdut.xr1.11                        6.91325e-20
xdut.xr1.21                        6.91324e-20
xdut.xr2f.11                      -1.39877e-28
xdut.xr2f.21                      -2.04286e-29
xdut.t5                            -2.0419e-29
xdut.xr2t5.11                     -2.04094e-29
xdut.xr2t5.21                     -1.00653e-29
xdut.t4                           -1.00557e-29
xdut.xr2t4.11                      -1.0046e-29
xdut.xr2t4.21                     -4.88146e-30
xdut.t3                           -4.87184e-30
xdut.xr2t3.11                     -4.86222e-30
xdut.xr2t3.21                     -2.28736e-30
xdut.t2                           -2.27774e-30
xdut.xr2t2.11                     -2.26812e-30
xdut.xr2t2.21                      -9.8835e-31
xdut.t1                           -9.78727e-31
xdut.xr2t1.11                     -9.69104e-31
xdut.xr2t1.21                     -3.37326e-31
xdut.t0                           -3.27704e-31
xdut.xr2t0.11                     -3.18081e-31
xdut.xr2t0.21                     -9.62279e-33
xdut.xriso.11                     -1.74173e-18
xdut.xriso.21                     -1.74173e-18
vibd#branch                       -3.02875e-32
vib#branch                                   0
ven#branch                                   0
vsup#branch                       -6.26976e-30

 Reference value :  3.34942e-04
 Reference value :  8.15873e-04
 Reference value :  1.50017e-03
 Reference value :  1.50170e-03
 Reference value :  1.50274e-03
 Reference value :  2.27138e-03
 Reference value :  2.50138e-03
 Reference value :  2.93194e-03
 Reference value :  3.00038e-03
 Reference value :  3.60134e-03
 Reference value :  4.00267e-03
 Reference value :  4.89864e-03
No. of Data Rows : 3567
vpre                =  1.539641e-08
ipre                =  -5.000364e-07
ibpre               =  5.000000e-07
ibdpre              =  1.619889e-12
vibpre              =  5.875749e-01
vrun1               =  1.291556e+00
irun1               =  -1.198206e-05
vcrun1              =  6.530110e-01
vrun2               =  1.291556e+00
vcrun2              =  6.530110e-01
tcross              =  1.503777e-03
m_vptat_run1 = 1.2915560000e+00
m_vctat_run1 = 6.5301100000e-01
m_vptat_pre_mv = 1.5396410000e-05
m_iq_pre_own_ua = 3.6400000000e-05
m_iq_pre_pin_ua = 5.0003640000e-01
m_ibias_pre_dis_na = 1.6198890000e-03
m_vibias_pre_v = 5.8757490000e-01
m_iq_run_ua = 1.1982060000e+01
m_restart_err_ppm = 0.0000000000e+00
m_ctat_restart_err_ppm = 0.0000000000e+00
m_start_us = 3.7770000000e+00
Note: Simulation executed from .control section 

Using SPARSE 1.3 as Direct Linear Solver
