
Note: No compatibility mode selected!


Circuit: * temp-core-startup @ fs_-40c_3.63v -- generated by sim/harness, do not edit

Doing analysis at TEMP = -40.000000 and TNOM = 27.000000


Initial Transient Solution
--------------------------

Node                                   Voltage
----                                   -------
vdd                                          0
en                                           0
nib                               -1.09936e-29
ibias                             -1.09936e-29
nibd                              -1.09936e-29
ptat                               5.25232e-92
ctat                               1.97888e-21
xdut.nbg                           8.64073e-32
xdut.enb                          2.70182e-114
xdut.pb                          -2.59036e-139
xdut.pcas                        -2.18375e-170
xdut.nt                            5.01902e-25
xdut.n1                            2.51165e-25
xdut.na                            1.97888e-21
xdut.n2                            1.66842e-25
xdut.nb                             2.9144e-26
xdut.pg                            1.14216e-29
xdut.nz                            1.66842e-25
xdut.xrz.11                        1.66842e-25
xdut.xrz.21                        1.66842e-25
xdut.m1d                          -1.75897e-22
xdut.m2d                          -4.72802e-26
xdut.m3d                          -3.26864e-83
xdut.nd                           -9.35707e-51
xdut.nr                            2.80013e-75
xdut.nc                             2.9144e-26
xdut.xr1.11                         2.9144e-26
xdut.xr1.21                         2.9144e-26
xdut.xr2f.11                         5.252e-92
xdut.xr2f.21                       7.66538e-93
xdut.t5                            7.66223e-93
xdut.xr2t5.11                      7.65907e-93
xdut.xr2t5.21                      3.77467e-93
xdut.t4                            3.77152e-93
xdut.xr2t4.11                      3.76836e-93
xdut.xr2t4.21                      1.82897e-93
xdut.t3                            1.82581e-93
xdut.xr2t3.11                      1.82265e-93
xdut.xr2t3.21                      8.55753e-94
xdut.t2                            8.52595e-94
xdut.xr2t2.11                      8.49437e-94
xdut.xr2t2.21                      3.68863e-94
xdut.t1                            3.65705e-94
xdut.xr2t1.11                      3.62547e-94
xdut.xr2t1.21                      1.25305e-94
xdut.t0                            1.22147e-94
xdut.xr2t0.11                      1.18989e-94
xdut.xr2t0.21                      3.15802e-96
xdut.xriso.11                      1.97888e-21
xdut.xriso.21                      1.97888e-21
vibd#branch                       -2.13698e-41
vib#branch                                   0
ven#branch                                   0
vsup#branch                        1.16339e-33

 Reference value :  2.09537e-04
 Reference value :  4.89643e-04
 Reference value :  6.99643e-04
 Reference value :  1.41501e-03
 Reference value :  1.50117e-03
 Reference value :  1.50279e-03
 Reference value :  1.50427e-03
 Reference value :  1.54380e-03
 Reference value :  1.98780e-03
 Reference value :  2.33580e-03
 Reference value :  2.50034e-03
 Reference value :  2.50091e-03
 Reference value :  2.71417e-03
 Reference value :  3.00021e-03
 Reference value :  3.23764e-03
 Reference value :  3.55480e-03
 Reference value :  3.62480e-03
 Reference value :  3.89480e-03
 Reference value :  4.00019e-03
 Reference value :  4.00168e-03
 Reference value :  4.00359e-03
 Reference value :  4.00460e-03
 Reference value :  4.00516e-03
 Reference value :  4.13166e-03
 Reference value :  4.67566e-03
No. of Data Rows : 3919
vpre                =  1.111599e-08
ipre                =  -5.000422e-07
ibpre               =  5.000000e-07
ibdpre              =  1.362680e-12
vibpre              =  6.812537e-01
vrun1               =  1.004186e+00
irun1               =  -8.233999e-06
vcrun1              =  7.758477e-01
vrun2               =  1.004186e+00
vcrun2              =  7.758477e-01
tcross              =  1.505061e-03
m_vptat_run1 = 1.0041860000e+00
m_vctat_run1 = 7.7584770000e-01
m_vptat_pre_mv = 1.1115990000e-05
m_iq_pre_own_ua = 4.2200000000e-05
m_iq_pre_pin_ua = 5.0004220000e-01
m_ibias_pre_dis_na = 1.3626800000e-03
m_vibias_pre_v = 6.8125370000e-01
m_iq_run_ua = 8.2339990000e+00
m_restart_err_ppm = 0.0000000000e+00
m_ctat_restart_err_ppm = 0.0000000000e+00
m_start_us = 5.0610000000e+00
Note: Simulation executed from .control section 

Using SPARSE 1.3 as Direct Linear Solver
