
Note: No compatibility mode selected!


Circuit: * temp-core-startup @ sf_27c_3.63v -- generated by sim/harness, do not edit

Doing analysis at TEMP = 27.000000 and TNOM = 27.000000


Initial Transient Solution
--------------------------

Node                                   Voltage
----                                   -------
vdd                                          0
en                                           0
nib                                1.03256e-33
ibias                              1.03256e-33
nibd                               1.03256e-33
ptat                              -3.36659e-25
ctat                               7.34399e-29
xdut.nbg                          -1.48836e-34
xdut.enb                           8.99467e-20
xdut.pb                            4.82149e-59
xdut.pcas                         -5.14955e-56
xdut.nt                            5.45077e-21
xdut.n1                           -6.11227e-21
xdut.na                            7.34399e-29
xdut.n2                           -7.04309e-22
xdut.nb                            3.74859e-30
xdut.pg                             4.0128e-23
xdut.nz                           -7.04309e-22
xdut.xrz.11                       -7.04309e-22
xdut.xrz.21                       -7.04309e-22
xdut.m1d                          -1.82145e-28
xdut.m2d                          -2.09505e-29
xdut.m3d                           5.22025e-19
xdut.nd                           -1.82972e-53
xdut.nr                            1.00272e-55
xdut.nc                            3.74859e-30
xdut.xr1.11                        3.74859e-30
xdut.xr1.21                        3.74859e-30
xdut.xr2f.11                      -3.36633e-25
xdut.xr2f.21                       7.14523e-26
xdut.t5                            7.14786e-26
xdut.xr2t5.11                      7.13805e-26
xdut.xr2t5.21                     -6.04276e-26
xdut.t4                           -6.05257e-26
xdut.xr2t4.11                     -6.05617e-26
xdut.xr2t4.21                     -8.46895e-26
xdut.t3                           -8.47254e-26
xdut.xr2t3.11                     -8.45467e-26
xdut.xr2t3.21                     -2.47564e-26
xdut.t2                           -2.45777e-26
xdut.xr2t2.11                     -2.44751e-26
xdut.xr2t2.21                     -7.43152e-27
xdut.t1                           -7.32899e-27
xdut.xr2t1.11                     -7.26455e-27
xdut.xr2t1.21                     -1.97576e-27
xdut.t0                           -1.91131e-27
xdut.xr2t0.11                     -1.86588e-27
xdut.xr2t0.21                     -4.54331e-29
xdut.xriso.11                      7.34399e-29
xdut.xriso.21                      7.34399e-29
vibd#branch                        1.39651e-45
vib#branch                                   0
ven#branch                                   0
vsup#branch                        1.00711e-30

 Reference value :  3.39310e-04
 Reference value :  3.89310e-04
 Reference value :  5.89028e-04
 Reference value :  6.45028e-04
 Reference value :  9.75028e-04
 Reference value :  1.22874e-03
 Reference value :  1.50015e-03
 Reference value :  1.50022e-03
 Reference value :  1.50041e-03
 Reference value :  1.50077e-03
 Reference value :  1.50203e-03
 Reference value :  1.50306e-03
 Reference value :  1.50489e-03
 Reference value :  1.98952e-03
 Reference value :  2.50000e-03
 Reference value :  2.50055e-03
 Reference value :  2.59956e-03
 Reference value :  3.04218e-03
 Reference value :  3.51865e-03
 Reference value :  3.71865e-03
 Reference value :  3.93265e-03
 Reference value :  4.00177e-03
 Reference value :  4.00289e-03
 Reference value :  4.00396e-03
 Reference value :  4.00438e-03
 Reference value :  4.21330e-03
 Reference value :  4.59130e-03
No. of Data Rows : 3760
vpre                =  2.053815e-08
ipre                =  -5.000474e-07
ibpre               =  5.000000e-07
ibdpre              =  1.564096e-12
vibpre              =  7.804612e-01
vrun1               =  1.292887e+00
irun1               =  -1.007728e-05
vcrun1              =  6.533478e-01
vrun2               =  1.292887e+00
vcrun2              =  6.533478e-01
tcross              =  1.505052e-03
m_vptat_run1 = 1.2928870000e+00
m_vctat_run1 = 6.5334780000e-01
m_vptat_pre_mv = 2.0538150000e-05
m_iq_pre_own_ua = 4.7400000000e-05
m_iq_pre_pin_ua = 5.0004740000e-01
m_ibias_pre_dis_na = 1.5640960000e-03
m_vibias_pre_v = 7.8046120000e-01
m_iq_run_ua = 1.0077280000e+01
m_restart_err_ppm = 0.0000000000e+00
m_ctat_restart_err_ppm = 0.0000000000e+00
m_start_us = 5.0520000000e+00
Note: Simulation executed from .control section 

Using SPARSE 1.3 as Direct Linear Solver
