
Note: No compatibility mode selected!


Circuit: * temp-core-startup @ ss_-40c_2.97v -- generated by sim/harness, do not edit

Doing analysis at TEMP = -40.000000 and TNOM = 27.000000


Initial Transient Solution
--------------------------

Node                                   Voltage
----                                   -------
vdd                                          0
en                                           0
nib                                 -3.066e-43
ibias                               -3.066e-43
nibd                                -3.066e-43
ptat                             -9.57856e-136
ctat                              1.36649e-105
xdut.nbg                           4.69585e-48
xdut.enb                          -1.02191e-23
xdut.pb                           -1.3387e-184
xdut.pcas                        -2.47459e-223
xdut.nt                           -1.50343e-20
xdut.n1                            1.26638e-20
xdut.na                           1.36649e-105
xdut.n2                            5.49731e-21
xdut.nb                            9.73085e-48
xdut.pg                           -6.21543e-21
xdut.nz                            5.49731e-21
xdut.xrz.11                        5.49731e-21
xdut.xrz.21                        5.49731e-21
xdut.m1d                         -2.33645e-102
xdut.m2d                          -5.74751e-44
xdut.m3d                          1.22408e-126
xdut.nd                           -7.77103e-24
xdut.nr                            1.16566e-23
xdut.nc                            9.73085e-48
xdut.xr1.11                        9.73085e-48
xdut.xr1.21                        9.73085e-48
xdut.xr2f.11                     -9.57808e-136
xdut.xr2f.21                     -1.39686e-136
xdut.t5                          -1.39638e-136
xdut.xr2t5.11                     -1.3959e-136
xdut.xr2t5.21                    -6.87418e-137
xdut.t4                          -6.86938e-137
xdut.xr2t4.11                    -6.86458e-137
xdut.xr2t4.21                    -3.32728e-137
xdut.t3                          -3.32248e-137
xdut.xr2t3.11                    -3.31768e-137
xdut.xr2t3.21                    -1.55412e-137
xdut.t2                          -1.54932e-137
xdut.xr2t2.11                    -1.54452e-137
xdut.xr2t2.21                    -6.67985e-138
xdut.t1                          -6.63184e-138
xdut.xr2t1.11                    -6.58384e-138
xdut.xr2t1.21                    -2.25668e-138
xdut.t0                          -2.20868e-138
xdut.xr2t0.11                    -2.16068e-138
xdut.xr2t0.21                    -4.80003e-140
xdut.xriso.11                     1.36649e-105
xdut.xriso.21                     1.36649e-105
vibd#branch                       -6.13261e-55
vib#branch                                   0
ven#branch                                   0
vsup#branch                        3.60079e-33

 Reference value :  2.68828e-04
 Reference value :  5.99925e-04
 Reference value :  1.12363e-03
 Reference value :  1.35363e-03
 Reference value :  1.50063e-03
 Reference value :  1.50467e-03
 Reference value :  1.87314e-03
 Reference value :  2.41314e-03
 Reference value :  2.50034e-03
 Reference value :  2.50055e-03
 Reference value :  2.58237e-03
 Reference value :  3.50058e-03
 Reference value :  4.00416e-03
 Reference value :  4.00747e-03
 Reference value :  4.51317e-03
No. of Data Rows : 4091
vpre                =  1.033234e-08
ipre                =  -5.000307e-07
ibpre               =  5.000000e-07
ibdpre              =  1.744304e-12
vibpre              =  8.729353e-01
vrun1               =  1.004705e+00
irun1               =  -7.164871e-06
vcrun1              =  7.786678e-01
vrun2               =  1.004705e+00
vcrun2              =  7.786678e-01
tcross              =  1.507041e-03
m_vptat_run1 = 1.0047050000e+00
m_vctat_run1 = 7.7866780000e-01
m_vptat_pre_mv = 1.0332340000e-05
m_iq_pre_own_ua = 3.0700000000e-05
m_iq_pre_pin_ua = 5.0003070000e-01
m_ibias_pre_dis_na = 1.7443040000e-03
m_vibias_pre_v = 8.7293530000e-01
m_iq_run_ua = 7.1648710000e+00
m_restart_err_ppm = 0.0000000000e+00
m_ctat_restart_err_ppm = 0.0000000000e+00
m_start_us = 7.0410000000e+00
Note: Simulation executed from .control section 

Using SPARSE 1.3 as Direct Linear Solver
