
Note: No compatibility mode selected!


Circuit: * bias-core-designer-check @ bjt_ss_125c_2.97v -- generated by sim/harness, do not edit

Doing analysis at TEMP = 125.000000 and TNOM = 27.000000

 Reference value :  0.00000e+00
No. of Data Rows : 1
m_vref_v = 1.2106585453e+00
m_vref_dead_v = 1.2106585627e+00
m_ibias_na = 7.2178069151e+02
m_iq_total_ua = 1.2256162276e+00
m_iq_core_ua = 5.0383553614e-01
m_ok_v = 2.9699993489e+00
m_amp_offset_uv = 5.7972993242e+00
m_pg_headroom_v = 8.2892064632e-01
m_ok_1v4_mv = 1.3175432263e-05
m_ok_2v0_v = 1.9999991475e+00
m_ok_2v47_v = 2.4699992789e+00
m_vref_1v4_v = 1.1956143035e+00
m_vref_err_2v0_pct = -5.186598513e-02
m_vref_err_2v47_pct = -1.664828753e-02
m_nk_frac = 9.8534672061e-01
Note: Simulation executed from .control section 

Using SPARSE 1.3 as Direct Linear Solver
Note: Starting dynamic gmin stepping
Note: Dynamic gmin stepping completed
