
Note: No compatibility mode selected!


Circuit: * bias-core-designer-check @ ff_125c_2.97v -- generated by sim/harness, do not edit

Doing analysis at TEMP = 125.000000 and TNOM = 27.000000

 Reference value :  0.00000e+00
No. of Data Rows : 1
m_vref_v = 1.1991837138e+00
m_vref_dead_v = 1.1991837116e+00
m_ibias_na = 9.6105155114e+02
m_iq_total_ua = 1.6832605015e+00
m_iq_core_ua = 7.2220895032e-01
m_ok_v = 2.9699950937e+00
m_amp_offset_uv = 6.1016505883e+00
m_pg_headroom_v = 7.2954739191e-01
m_ok_1v4_mv = 6.4903615350e-05
m_ok_2v0_v = 1.9999937787e+00
m_ok_2v47_v = 2.4699946333e+00
m_vref_1v4_v = 1.1835213037e+00
m_vref_err_2v0_pct = -5.255653283e-02
m_vref_err_2v47_pct = -1.668830962e-02
m_nk_frac = 9.5634074386e-01
Note: Simulation executed from .control section 

Using SPARSE 1.3 as Direct Linear Solver
Note: Starting dynamic gmin stepping
Note: Dynamic gmin stepping completed
