
Note: No compatibility mode selected!


Circuit: * bias-core-designer-check @ res_ff_-40c_2.97v -- generated by sim/harness, do not edit

Doing analysis at TEMP = -40.000000 and TNOM = 27.000000

 Reference value :  0.00000e+00
No. of Data Rows : 1
m_vref_v = 1.2037241209e+00
m_vref_dead_v = 1.2037241221e+00
m_ibias_na = 4.4400590660e+02
m_iq_total_ua = 7.2473349869e-01
m_iq_core_ua = 2.8072759208e-01
m_ok_v = 2.9699999704e+00
m_amp_offset_uv = -5.602711840e+00
m_pg_headroom_v = 9.2999995293e-01
m_ok_1v4_mv = 3.0554808455e-06
m_ok_2v0_v = 2.6821007338e-09
m_ok_2v47_v = 2.4699999708e+00
m_vref_1v4_v = 1.1999434977e+00
m_vref_err_2v0_pct = -2.331652266e-02
m_vref_err_2v47_pct = -7.618877920e-03
m_nk_frac = 9.9792508928e-01
Note: Simulation executed from .control section 

Using SPARSE 1.3 as Direct Linear Solver
Note: Starting dynamic gmin stepping
Warning: Dynamic gmin stepping failed
Note: Starting true gmin stepping
Note: True gmin stepping completed
