
Note: No compatibility mode selected!


Circuit: * bias-core-designer-check @ res_ff_27c_3.63v -- generated by sim/harness, do not edit

Doing analysis at TEMP = 27.000000 and TNOM = 27.000000

 Reference value :  0.00000e+00
No. of Data Rows : 1
m_vref_v = 1.2069255057e+00
m_vref_dead_v = 1.2069254965e+00
m_ibias_na = 6.3953228327e+02
m_iq_total_ua = 1.0652435678e+00
m_iq_core_ua = 4.2571128455e-01
m_ok_v = 3.6299999614e+00
m_amp_offset_uv = -1.622556899e+00
m_pg_headroom_v = 9.0011942334e-01
m_ok_1v4_mv = 3.9020932644e-06
m_ok_2v0_v = 1.9999999622e+00
m_ok_2v47_v = 2.4699999635e+00
m_vref_1v4_v = 1.1995652553e+00
m_vref_err_2v0_pct = -2.722844301e-02
m_vref_err_2v47_pct = -3.772614415e-03
m_nk_frac = 9.9453724177e-01
Note: Simulation executed from .control section 

Using SPARSE 1.3 as Direct Linear Solver
Note: Starting dynamic gmin stepping
Warning: Dynamic gmin stepping failed
Note: Starting true gmin stepping
Note: True gmin stepping completed
