
Note: No compatibility mode selected!


Circuit: * bias-core-designer-check @ res_ss_125c_2.97v -- generated by sim/harness, do not edit

Doing analysis at TEMP = 125.000000 and TNOM = 27.000000

 Reference value :  0.00000e+00
No. of Data Rows : 1
m_vref_v = 1.1903802498e+00
m_vref_dead_v = 1.1903802361e+00
m_ibias_na = 5.7560730443e+02
m_iq_total_ua = 9.8040733218e-01
m_iq_core_ua = 4.0480002775e-01
m_ok_v = 2.9699993496e+00
m_amp_offset_uv = 6.0656038021e+00
m_pg_headroom_v = 8.0492154071e-01
m_ok_1v4_mv = 1.3175432390e-05
m_ok_2v0_v = 1.9999991486e+00
m_ok_2v47_v = 2.4699992798e+00
m_vref_1v4_v = 1.1808313192e+00
m_vref_err_2v0_pct = -4.936580912e-02
m_vref_err_2v47_pct = -1.592093565e-02
m_nk_frac = 9.8578967798e-01
Note: Simulation executed from .control section 

Using SPARSE 1.3 as Direct Linear Solver
Note: Starting dynamic gmin stepping
Note: Dynamic gmin stepping completed
