
Note: No compatibility mode selected!


Circuit: * bias-core-designer-check @ sf_27c_3.30v -- generated by sim/harness, do not edit

Doing analysis at TEMP = 27.000000 and TNOM = 27.000000

 Reference value :  0.00000e+00
No. of Data Rows : 1
m_vref_v = 1.1996410270e+00
m_vref_dead_v = 1.1996410135e+00
m_ibias_na = 4.7730624449e+02
m_iq_total_ua = 7.8307724339e-01
m_iq_core_ua = 3.0577099889e-01
m_ok_v = 3.2999999656e+00
m_amp_offset_uv = -1.972293066e+00
m_pg_headroom_v = 7.8376182330e-01
m_ok_1v4_mv = 4.5864077541e-06
m_ok_2v0_v = 1.9999999670e+00
m_ok_2v47_v = 2.4699999673e+00
m_vref_1v4_v = 1.1939848924e+00
m_vref_err_2v0_pct = -3.566149019e-02
m_vref_err_2v47_pct = -1.310729686e-02
m_nk_frac = 9.9910532550e-01
Note: Simulation executed from .control section 

Using SPARSE 1.3 as Direct Linear Solver
Note: Starting dynamic gmin stepping
Warning: Dynamic gmin stepping failed
Note: Starting true gmin stepping
Note: True gmin stepping completed
