
Note: No compatibility mode selected!


Circuit: * temp-por-top-release @ bjt_ss_125c_3.63v -- generated by sim/harness, do not edit

Doing analysis at TEMP = 125.000000 and TNOM = 27.000000


Initial Transient Solution
--------------------------

Node                                   Voltage
----                                   -------
vdd                                          0
ptat                              -6.37591e-25
ctat                               8.45393e-19
resetn                            -1.56489e-18
xdut.xbias.na                     -5.79039e-19
xdut.xbias.pg                      -6.9628e-19
xdut.xbias.nbtop                   1.33222e-18
xdut.vref                         -4.75247e-19
xdut.xbias.nbg                    -1.68521e-20
xdut.xbias.xrt.11                  1.33222e-18
xdut.xbias.xrt.21                  1.33222e-18
xdut.xbias.nb                      1.33222e-18
xdut.xbias.xr1.11                  1.33222e-18
xdut.xbias.xr1.21                  1.33223e-18
xdut.xbias.ec                      1.33223e-18
xdut.xbias.xr2.11                 -4.75247e-19
xdut.xbias.xr2.21                 -4.75248e-19
xdut.xbias.er                     -4.75248e-19
xdut.xbias.pb                      1.76675e-20
xdut.ibias                         4.91672e-19
xdut.xbias.nt                     -6.56979e-20
xdut.xbias.n1                     -7.07123e-20
xdut.xbias.n2                      -7.0968e-20
xdut.xbias.nz                      -7.0968e-20
xdut.xbias.xrz.11                  -7.0968e-20
xdut.xbias.xrz.21                  -7.0968e-20
xdut.xbias.ks1                     5.96574e-19
xdut.xbias.ks2                    -3.87344e-19
xdut.xbias.ks3                    -5.44435e-21
xdut.xbias.ks4                      1.6675e-19
xdut.xbias.nkg                    -1.81442e-18
xdut.xbias.nkm                    -6.61008e-19
xdut.xbias.tok                     2.76384e-20
xdut.xbias.noko                   -4.52755e-19
xdut.xbias.nokl                    -2.9527e-19
xdut.xbias.nokx                   -2.22213e-19
xdut.bias_ok                      -1.58248e-18
xdut.xtemp.nbg                     3.24188e-18
xdut.xtemp.enb                     1.97443e-18
xdut.xtemp.pb                     -3.73724e-22
xdut.xtemp.pcas                    1.04207e-18
xdut.xtemp.nt                     -1.07814e-18
xdut.xtemp.n1                     -1.61639e-18
xdut.xtemp.na                      8.45393e-19
xdut.xtemp.n2                      -2.4497e-18
xdut.xtemp.nb                      7.25513e-21
xdut.xtemp.pg                     -5.82183e-20
xdut.xtemp.nz                      -2.4497e-18
xdut.xtemp.xrz.11                  -2.4497e-18
xdut.xtemp.xrz.21                  -2.4497e-18
xdut.xtemp.m1d                    -7.31242e-19
xdut.xtemp.m2d                     -1.0577e-18
xdut.xtemp.m3d                     1.19705e-18
xdut.xtemp.nd                     -1.97918e-19
xdut.xtemp.nr                      9.99647e-20
xdut.xtemp.nc                      7.25667e-21
xdut.xtemp.xr1.11                  7.25514e-21
xdut.xtemp.xr1.21                  7.25667e-21
xdut.xtemp.xr2f.11                 -6.3756e-25
xdut.xtemp.xr2f.21                -9.29637e-26
xdut.xtemp.t5                     -9.29333e-26
xdut.xtemp.xr2t5.11               -9.29029e-26
xdut.xtemp.xr2t5.21               -4.57418e-26
xdut.xtemp.t4                     -4.57114e-26
xdut.xtemp.xr2t4.11                -4.5681e-26
xdut.xtemp.xr2t4.21               -2.21344e-26
xdut.xtemp.t3                      -2.2104e-26
xdut.xtemp.xr2t3.11               -2.20736e-26
xdut.xtemp.xr2t3.21               -1.03342e-26
xdut.xtemp.t2                     -1.03038e-26
xdut.xtemp.xr2t2.11               -1.02735e-26
xdut.xtemp.xr2t2.21               -4.43864e-27
xdut.xtemp.t1                     -4.40827e-27
xdut.xtemp.xr2t1.11                -4.3779e-27
xdut.xtemp.xr2t1.21               -1.49746e-27
xdut.xtemp.t0                     -1.46709e-27
xdut.xtemp.xr2t0.11               -1.43671e-27
xdut.xtemp.xr2t0.21               -3.03711e-29
xdut.xtemp.xriso.11                8.45393e-19
xdut.xtemp.xriso.21                8.45393e-19
xdut.xcmp.bias_okb                 1.17511e-18
xdut.xcmp.nbg                     -1.79023e-18
xdut.xcmp.sns                                0
xdut.xcmp.xrtop.11                           0
xdut.xcmp.xrtop.21                           0
xdut.xcmp.snsb                               0
xdut.xcmp.xrbot.11                           0
xdut.xcmp.xrbot.21                           0
xdut.xcmp.xrhys.11                           0
xdut.xcmp.xrhys.21                           0
xdut.xcmp.n1                      -1.44007e-18
xdut.xcmp.tn                       4.95416e-19
xdut.xcmp.na                      -8.27189e-20
xdut.xcmp.cmpo                    -4.44339e-20
xdut.xcmp.vdda                    -5.79438e-20
xdut.por_raw                      -1.19014e-18
xdut.xpor.pdn                      1.55758e-23
xdut.xpor.ndl                      -1.8402e-90
xdut.xpor.ndgp                     -2.4856e-19
xdut.xpor.ndg                     -6.20835e-19
xdut.xpor.ndgn                     1.75347e-20
xdut.xpor.pgdg                    -9.90013e-19
xdut.xpor.pgdgb                    3.97041e-19
xdut.xpor.nts                     -8.84552e-20
xdut.xpor.tim                      2.32958e-19
xdut.xpor.nd1                      1.48136e-28
xdut.xpor.trip                     1.06399e-18
xdut.xpor.rstb                    -1.17536e-18
xdut.xpor.nnand                   -1.32549e-18
vsup#branch                        6.41635e-29

 Reference value :  3.01186e-06
 Reference value :  9.13310e-05
 Reference value :  1.23522e-04
 Reference value :  2.31217e-04
 Reference value :  2.72778e-04
 Reference value :  2.98728e-04
 Reference value :  2.99900e-04
 Reference value :  3.07493e-04
 Reference value :  3.18704e-04
 Reference value :  3.20622e-04
 Reference value :  3.23949e-04
 Reference value :  4.15344e-04
 Reference value :  7.65344e-04
 Reference value :  7.76628e-04
 Reference value :  7.80498e-04
 Reference value :  7.80520e-04
 Reference value :  7.81906e-04
 Reference value :  7.83687e-04
 Reference value :  7.88738e-04
 Reference value :  7.90064e-04
 Reference value :  7.90166e-04
 Reference value :  7.91102e-04
 Reference value :  7.96943e-04
 Reference value :  1.07917e-03
 Reference value :  1.87917e-03
 Reference value :  2.80917e-03
 Reference value :  3.26917e-03
 Reference value :  3.77917e-03
 Reference value :  4.37917e-03
 Reference value :  4.58917e-03
 Reference value :  5.04917e-03
 Reference value :  5.37917e-03
 Reference value :  6.22917e-03
 Reference value :  6.83917e-03
 Reference value :  7.53917e-03
 Reference value :  8.27917e-03
 Reference value :  8.68917e-03
 Reference value :  8.85339e-03
 Reference value :  8.86488e-03
 Reference value :  8.86568e-03
 Reference value :  8.86629e-03
 Reference value :  8.86645e-03
 Reference value :  8.86649e-03
 Reference value :  8.86650e-03
 Reference value :  8.86667e-03
 Reference value :  8.86746e-03
 Reference value :  8.86756e-03
 Reference value :  8.86758e-03
 Reference value :  8.86759e-03
 Reference value :  8.86769e-03
 Reference value :  8.86850e-03
 Reference value :  8.87580e-03
 Reference value :  8.87805e-03
 Reference value :  8.87806e-03
 Reference value :  8.87807e-03
 Reference value :  8.87814e-03
 Reference value :  8.87910e-03
 Reference value :  8.89406e-03
 Reference value :  8.89589e-03
 Reference value :  8.89606e-03
 Reference value :  8.89690e-03
 Reference value :  8.89697e-03
 Reference value :  8.89701e-03
 Reference value :  8.89720e-03
 Reference value :  8.89782e-03
 Reference value :  8.89789e-03
 Reference value :  8.89792e-03
 Reference value :  8.89870e-03
 Reference value :  8.91557e-03
 Reference value :  9.75141e-03
 Reference value :  1.03414e-02
 Reference value :  1.14814e-02
 Reference value :  1.20914e-02
 Reference value :  1.27014e-02
 Reference value :  1.31514e-02
 Reference value :  1.37614e-02
 Reference value :  1.40614e-02
 Reference value :  1.48414e-02
 Reference value :  1.54714e-02
 Reference value :  1.59714e-02
 Reference value :  1.62214e-02
 Reference value :  1.79214e-02
 Reference value :  1.92414e-02
 Reference value :  1.94914e-02
 Reference value :  2.03914e-02
 Reference value :  2.11114e-02
 Reference value :  2.22914e-02
 Reference value :  2.33314e-02
 Reference value :  2.42514e-02
 Reference value :  2.49014e-02
 Reference value :  2.56914e-02
 Reference value :  2.59014e-02
 Reference value :  2.65214e-02
 Reference value :  2.71914e-02
 Reference value :  2.79714e-02
 Reference value :  2.86514e-02
 Reference value :  2.93214e-02
 Reference value :  2.96214e-02
No. of Data Rows : 4599
iq_pre              =  -1.768245e-06 from=  1.500000e-03 to=  1.909174e-03
vrst_pre            =  8.359586e-10
vib_pre             =  6.000427e-01
vref_pre            =  1.208951e+00
vptat_pre           =  3.058671e-08
trel                =  8.866385e-03
vrst_post           =  3.629999e+00
vib_post            =  5.548228e-01
vptat_post          =  1.715992e+00
vctat_post          =  4.813994e-01
m_vibias_asserted_v = 6.0004270000e-01
m_vibias_released_v = 5.5482280000e-01
m_vref_asserted_v = 1.2089510000e+00
m_resetn_asserted_mv = 8.3595860000e-07
m_resetn_released_v = 3.6299990000e+00
m_t_release_ms = 8.8663850000e+00
m_vptat_asserted_mv = 3.0586710000e-05
m_vptat_released_v = 1.7159920000e+00
m_vctat_released_v = 4.8139940000e-01
m_iq_por_ua = 1.7682450000e+00
Note: Simulation executed from .control section 

Using SPARSE 1.3 as Direct Linear Solver
