
Note: No compatibility mode selected!


Circuit: * temp-por-top-release @ fs_125c_2.97v -- generated by sim/harness, do not edit

Doing analysis at TEMP = 125.000000 and TNOM = 27.000000


Initial Transient Solution
--------------------------

Node                                   Voltage
----                                   -------
vdd                                          0
ptat                               2.70222e-25
ctat                              -1.71986e-18
resetn                             -4.1769e-18
xdut.xbias.na                      6.98868e-19
xdut.xbias.pg                      3.17506e-25
xdut.xbias.nbtop                  -8.06108e-20
xdut.vref                          6.15254e-19
xdut.xbias.nbg                    -1.10595e-60
xdut.xbias.xrt.11                 -8.06108e-20
xdut.xbias.xrt.21                 -8.06108e-20
xdut.xbias.nb                     -8.06108e-20
xdut.xbias.xr1.11                 -8.06108e-20
xdut.xbias.xr1.21                 -8.06108e-20
xdut.xbias.ec                     -8.06108e-20
xdut.xbias.xr2.11                  6.15254e-19
xdut.xbias.xr2.21                  6.15256e-19
xdut.xbias.er                      6.15256e-19
xdut.xbias.pb                     -3.70108e-63
xdut.ibias                         1.30687e-18
xdut.xbias.nt                      1.19357e-18
xdut.xbias.n1                      8.36582e-19
xdut.xbias.n2                      4.61308e-19
xdut.xbias.nz                      4.61308e-19
xdut.xbias.xrz.11                  4.61308e-19
xdut.xbias.xrz.21                  4.61308e-19
xdut.xbias.ks1                     1.27332e-18
xdut.xbias.ks2                     5.53902e-19
xdut.xbias.ks3                    -1.46434e-18
xdut.xbias.ks4                     -1.9024e-18
xdut.xbias.nkg                    -1.92943e-19
xdut.xbias.nkm                     1.05202e-60
xdut.xbias.tok                     8.81101e-19
xdut.xbias.noko                   -1.30524e-22
xdut.xbias.nokl                   -2.74203e-22
xdut.xbias.nokx                   -7.62828e-42
xdut.bias_ok                      -3.73141e-18
xdut.xtemp.nbg                    -1.00536e-18
xdut.xtemp.enb                    -1.73041e-17
xdut.xtemp.pb                      1.47629e-19
xdut.xtemp.pcas                   -9.30073e-18
xdut.xtemp.nt                     -4.45655e-18
xdut.xtemp.n1                      5.73196e-19
xdut.xtemp.na                     -1.71986e-18
xdut.xtemp.n2                      1.06349e-18
xdut.xtemp.nb                       1.9968e-18
xdut.xtemp.pg                      6.94621e-19
xdut.xtemp.nz                      1.06349e-18
xdut.xtemp.xrz.11                  1.06349e-18
xdut.xtemp.xrz.21                  1.06349e-18
xdut.xtemp.m1d                     9.05441e-19
xdut.xtemp.m2d                     1.59717e-18
xdut.xtemp.m3d                    -1.40134e-18
xdut.xtemp.nd                      1.31581e-18
xdut.xtemp.nr                      2.47109e-18
xdut.xtemp.nc                       1.9968e-18
xdut.xtemp.xr1.11                   1.9968e-18
xdut.xtemp.xr1.21                   1.9968e-18
xdut.xtemp.xr2f.11                 2.70209e-25
xdut.xtemp.xr2f.21                 3.83925e-26
xdut.xtemp.t5                      3.83796e-26
xdut.xtemp.xr2t5.11                3.83674e-26
xdut.xtemp.xr2t5.21                 1.9384e-26
xdut.xtemp.t4                      1.93717e-26
xdut.xtemp.xr2t4.11                1.93589e-26
xdut.xtemp.xr2t4.21                 9.4117e-27
xdut.xtemp.t3                      9.39887e-27
xdut.xtemp.xr2t3.11                9.38596e-27
xdut.xtemp.xr2t3.21                4.39649e-27
xdut.xtemp.t2                      4.38358e-27
xdut.xtemp.xr2t2.11                4.37066e-27
xdut.xtemp.xr2t2.21                1.88857e-27
xdut.xtemp.t1                      1.87565e-27
xdut.xtemp.xr2t1.11                1.86272e-27
xdut.xtemp.xr2t1.21                6.37168e-28
xdut.xtemp.t0                      6.24246e-28
xdut.xtemp.xr2t0.11                6.11323e-28
xdut.xtemp.xr2t0.21                1.29229e-29
xdut.xtemp.xriso.11               -1.71986e-18
xdut.xtemp.xriso.21               -1.71986e-18
xdut.xcmp.bias_okb                -1.59551e-17
xdut.xcmp.nbg                     -2.35397e-18
xdut.xcmp.sns                                0
xdut.xcmp.xrtop.11                           0
xdut.xcmp.xrtop.21                           0
xdut.xcmp.snsb                               0
xdut.xcmp.xrbot.11                           0
xdut.xcmp.xrbot.21                           0
xdut.xcmp.xrhys.11                           0
xdut.xcmp.xrhys.21                           0
xdut.xcmp.n1                       1.77225e-17
xdut.xcmp.tn                       -9.6091e-19
xdut.xcmp.na                      -1.77001e-19
xdut.xcmp.cmpo                    -1.12877e-18
xdut.xcmp.vdda                    -3.25367e-19
xdut.por_raw                      -2.97371e-19
xdut.xpor.pdn                      2.65672e-28
xdut.xpor.ndl                     -1.76981e-18
xdut.xpor.ndgp                     1.14363e-18
xdut.xpor.ndg                     -1.51781e-18
xdut.xpor.ndgn                    -1.50383e-18
xdut.xpor.pgdg                     -1.6256e-17
xdut.xpor.pgdgb                   -2.87478e-18
xdut.xpor.nts                      2.62966e-19
xdut.xpor.tim                      4.50872e-19
xdut.xpor.nd1                     -6.53468e-92
xdut.xpor.trip                    -1.20238e-18
xdut.xpor.rstb                    -1.57451e-17
xdut.xpor.nnand                   -1.77991e-17
vsup#branch                       -6.81162e-28

 Reference value :  1.09383e-04
 Reference value :  2.67767e-04
 Reference value :  3.55744e-04
 Reference value :  3.59147e-04
 Reference value :  3.59233e-04
 Reference value :  3.78511e-04
 Reference value :  3.83298e-04
 Reference value :  9.09424e-04
 Reference value :  9.32566e-04
 Reference value :  9.42283e-04
 Reference value :  9.46553e-04
 Reference value :  1.19093e-03
 Reference value :  2.50093e-03
 Reference value :  3.79093e-03
 Reference value :  5.09093e-03
 Reference value :  5.91093e-03
 Reference value :  7.35707e-03
 Reference value :  7.36773e-03
 Reference value :  7.36872e-03
 Reference value :  7.36876e-03
 Reference value :  7.36881e-03
 Reference value :  7.36964e-03
 Reference value :  7.37150e-03
 Reference value :  7.37712e-03
 Reference value :  7.37714e-03
 Reference value :  7.37718e-03
 Reference value :  7.37721e-03
 Reference value :  7.37734e-03
 Reference value :  7.37784e-03
 Reference value :  7.37808e-03
 Reference value :  7.38339e-03
 Reference value :  7.39244e-03
 Reference value :  7.39321e-03
 Reference value :  7.39325e-03
 Reference value :  7.39393e-03
 Reference value :  7.39417e-03
 Reference value :  7.39421e-03
 Reference value :  7.39436e-03
 Reference value :  7.39487e-03
 Reference value :  7.39499e-03
 Reference value :  7.39502e-03
 Reference value :  7.39504e-03
 Reference value :  7.39509e-03
 Reference value :  7.40869e-03
 Reference value :  7.41165e-03
 Reference value :  7.41216e-03
 Reference value :  7.41216e-03
 Reference value :  7.41217e-03
 Reference value :  7.41221e-03
 Reference value :  7.41231e-03
 Reference value :  7.41359e-03
 Reference value :  7.42505e-03
 Reference value :  7.42526e-03
 Reference value :  7.42612e-03
 Reference value :  7.42623e-03
 Reference value :  7.42693e-03
 Reference value :  7.42706e-03
 Reference value :  7.75202e-03
 Reference value :  1.12720e-02
 Reference value :  1.35620e-02
 Reference value :  1.44220e-02
 Reference value :  1.46420e-02
 Reference value :  1.61120e-02
 Reference value :  1.76720e-02
 Reference value :  1.80420e-02
 Reference value :  1.83620e-02
 Reference value :  1.91320e-02
 Reference value :  2.01120e-02
 Reference value :  2.09420e-02
 Reference value :  2.11520e-02
 Reference value :  2.15120e-02
 Reference value :  2.25220e-02
 Reference value :  2.34220e-02
 Reference value :  2.41120e-02
 Reference value :  2.48320e-02
 Reference value :  2.57520e-02
 Reference value :  2.65020e-02
 Reference value :  2.73820e-02
 Reference value :  2.80120e-02
 Reference value :  2.88320e-02
 Reference value :  2.98720e-02
No. of Data Rows : 5104
iq_pre              =  -1.703993e-06 from=  1.500000e-03 to=  1.900929e-03
vrst_pre            =  5.292936e-10
vib_pre             =  5.162822e-01
vref_pre            =  1.197724e+00
vptat_pre           =  2.581189e-08
trel                =  7.367692e-03
vrst_post           =  2.969993e+00
vib_post            =  4.719624e-01
vptat_post          =  1.715204e+00
vctat_post          =  4.690658e-01
m_vibias_asserted_v = 5.1628220000e-01
m_vibias_released_v = 4.7196240000e-01
m_vref_asserted_v = 1.1977240000e+00
m_resetn_asserted_mv = 5.2929360000e-07
m_resetn_released_v = 2.9699930000e+00
m_t_release_ms = 7.3676920000e+00
m_vptat_asserted_mv = 2.5811890000e-05
m_vptat_released_v = 1.7152040000e+00
m_vctat_released_v = 4.6906580000e-01
m_iq_por_ua = 1.7039930000e+00
Note: Simulation executed from .control section 

Using SPARSE 1.3 as Direct Linear Solver
