
Note: No compatibility mode selected!


Circuit: * temp-por-top-release @ res_ff_125c_2.97v -- generated by sim/harness, do not edit

Doing analysis at TEMP = 125.000000 and TNOM = 27.000000


Initial Transient Solution
--------------------------

Node                                   Voltage
----                                   -------
vdd                                          0
ptat                               2.99101e-25
ctat                               1.07074e-19
resetn                            -1.19421e-18
xdut.xbias.na                     -8.11624e-19
xdut.xbias.pg                     -5.83131e-19
xdut.xbias.nbtop                  -2.61053e-19
xdut.vref                         -7.67488e-19
xdut.xbias.nbg                    -7.40227e-20
xdut.xbias.xrt.11                 -2.61053e-19
xdut.xbias.xrt.21                 -2.61053e-19
xdut.xbias.nb                     -2.61053e-19
xdut.xbias.xr1.11                 -2.61053e-19
xdut.xbias.xr1.21                 -2.61053e-19
xdut.xbias.ec                     -2.61053e-19
xdut.xbias.xr2.11                 -7.67488e-19
xdut.xbias.xr2.21                  -7.6749e-19
xdut.xbias.er                      -7.6749e-19
xdut.xbias.pb                      8.44558e-20
xdut.ibias                         2.45296e-19
xdut.xbias.nt                      1.30914e-19
xdut.xbias.n1                      1.41092e-19
xdut.xbias.n2                      1.41222e-19
xdut.xbias.nz                      1.41222e-19
xdut.xbias.xrz.11                  1.41222e-19
xdut.xbias.xrz.21                  1.41222e-19
xdut.xbias.ks1                     3.54113e-19
xdut.xbias.ks2                    -1.48199e-19
xdut.xbias.ks3                      9.1419e-20
xdut.xbias.ks4                    -2.31776e-19
xdut.xbias.nkg                    -2.91359e-19
xdut.xbias.nkm                     6.19519e-19
xdut.xbias.tok                     1.03737e-20
xdut.xbias.noko                   -1.02419e-18
xdut.xbias.nokl                    1.31619e-19
xdut.xbias.nokx                    6.78207e-20
xdut.bias_ok                       1.49433e-18
xdut.xtemp.nbg                     1.61843e-18
xdut.xtemp.enb                    -6.02314e-19
xdut.xtemp.pb                      1.70116e-18
xdut.xtemp.pcas                    9.39487e-19
xdut.xtemp.nt                      2.60308e-19
xdut.xtemp.n1                      1.71999e-18
xdut.xtemp.na                      1.07074e-19
xdut.xtemp.n2                      5.38675e-19
xdut.xtemp.nb                      1.73822e-18
xdut.xtemp.pg                      1.96683e-23
xdut.xtemp.nz                      5.38675e-19
xdut.xtemp.xrz.11                  5.38675e-19
xdut.xtemp.xrz.21                  5.38675e-19
xdut.xtemp.m1d                       1.412e-18
xdut.xtemp.m2d                     5.03048e-18
xdut.xtemp.m3d                    -7.01822e-19
xdut.xtemp.nd                      1.55152e-18
xdut.xtemp.nr                      -3.3732e-19
xdut.xtemp.nc                      1.73822e-18
xdut.xtemp.xr1.11                  1.73822e-18
xdut.xtemp.xr1.21                  1.73822e-18
xdut.xtemp.xr2f.11                 2.99083e-25
xdut.xtemp.xr2f.21                 4.36493e-26
xdut.xtemp.t5                      4.36315e-26
xdut.xtemp.xr2t5.11                4.36136e-26
xdut.xtemp.xr2t5.21                2.14936e-26
xdut.xtemp.t4                      2.14757e-26
xdut.xtemp.xr2t4.11                2.14579e-26
xdut.xtemp.xr2t4.21                1.04138e-26
xdut.xtemp.t3                       1.0396e-26
xdut.xtemp.xr2t3.11                1.03782e-26
xdut.xtemp.xr2t3.21                  4.872e-27
xdut.xtemp.t2                       4.8542e-27
xdut.xtemp.xr2t2.11                4.83639e-27
xdut.xtemp.xr2t2.21                2.09967e-27
xdut.xtemp.t1                      2.08187e-27
xdut.xtemp.xr2t1.11                2.06406e-27
xdut.xtemp.xr2t1.21                7.13039e-28
xdut.xtemp.t0                      6.95233e-28
xdut.xtemp.xr2t0.11                6.77427e-28
xdut.xtemp.xr2t0.21                1.78063e-29
xdut.xtemp.xriso.11                1.07074e-19
xdut.xtemp.xriso.21                1.07074e-19
xdut.xcmp.bias_okb                 4.28303e-19
xdut.xcmp.nbg                     -6.84798e-19
xdut.xcmp.sns                                0
xdut.xcmp.xrtop.11                           0
xdut.xcmp.xrtop.21                           0
xdut.xcmp.snsb                               0
xdut.xcmp.xrbot.11                           0
xdut.xcmp.xrbot.21                           0
xdut.xcmp.xrhys.11                           0
xdut.xcmp.xrhys.21                           0
xdut.xcmp.n1                      -1.39862e-18
xdut.xcmp.tn                       9.72087e-19
xdut.xcmp.na                       7.21003e-20
xdut.xcmp.cmpo                      1.2336e-19
xdut.xcmp.vdda                     1.07571e-19
xdut.por_raw                      -4.72008e-19
xdut.xpor.pdn                     -4.64182e-20
xdut.xpor.ndl                     -1.83939e-45
xdut.xpor.ndgp                      6.9768e-20
xdut.xpor.ndg                      1.41066e-18
xdut.xpor.ndgn                    -1.03405e-18
xdut.xpor.pgdg                    -1.48715e-18
xdut.xpor.pgdgb                    2.61626e-19
xdut.xpor.nts                      3.84694e-20
xdut.xpor.tim                      5.55587e-19
xdut.xpor.nd1                      3.00658e-24
xdut.xpor.trip                    -1.41372e-21
xdut.xpor.rstb                     -7.3449e-19
xdut.xpor.nnand                   -3.34134e-19
vsup#branch                        3.40537e-28

 Reference value :  8.78259e-05
 Reference value :  1.53581e-04
 Reference value :  3.48821e-04
 Reference value :  3.58376e-04
 Reference value :  3.58453e-04
 Reference value :  3.59984e-04
 Reference value :  3.69132e-04
 Reference value :  3.73295e-04
 Reference value :  3.73383e-04
 Reference value :  3.77144e-04
 Reference value :  5.48217e-04
 Reference value :  9.19191e-04
 Reference value :  9.26535e-04
 Reference value :  9.27806e-04
 Reference value :  9.33423e-04
 Reference value :  9.33959e-04
 Reference value :  9.33964e-04
 Reference value :  9.34554e-04
 Reference value :  1.17581e-03
 Reference value :  2.02581e-03
 Reference value :  2.23581e-03
 Reference value :  2.50581e-03
 Reference value :  3.48581e-03
 Reference value :  4.98581e-03
 Reference value :  6.06326e-03
 Reference value :  6.07895e-03
 Reference value :  6.08052e-03
 Reference value :  6.08077e-03
 Reference value :  6.08118e-03
 Reference value :  6.08147e-03
 Reference value :  6.08159e-03
 Reference value :  6.08166e-03
 Reference value :  6.08169e-03
 Reference value :  6.08169e-03
 Reference value :  6.08181e-03
 Reference value :  6.08242e-03
 Reference value :  6.08467e-03
 Reference value :  6.08961e-03
 Reference value :  6.10270e-03
 Reference value :  6.10338e-03
 Reference value :  6.10360e-03
 Reference value :  6.10374e-03
 Reference value :  6.10432e-03
 Reference value :  6.10500e-03
 Reference value :  6.11143e-03
 Reference value :  6.16869e-03
 Reference value :  7.05869e-03
 Reference value :  7.26869e-03
 Reference value :  8.28869e-03
 Reference value :  9.76869e-03
 Reference value :  1.04687e-02
 Reference value :  1.10287e-02
 Reference value :  1.13387e-02
 Reference value :  1.22187e-02
 Reference value :  1.32687e-02
 Reference value :  1.36987e-02
 Reference value :  1.53987e-02
 Reference value :  1.62587e-02
 Reference value :  1.71487e-02
 Reference value :  1.87687e-02
 Reference value :  2.11487e-02
 Reference value :  2.19087e-02
 Reference value :  2.30587e-02
 Reference value :  2.38887e-02
 Reference value :  2.49587e-02
 Reference value :  2.57087e-02
 Reference value :  2.66287e-02
 Reference value :  2.81387e-02
No. of Data Rows : 4599
iq_pre              =  -2.258494e-06 from=  1.500000e-03 to=  1.905806e-03
vrst_pre            =  1.034816e-09
vib_pre             =  6.194236e-01
vref_pre            =  1.207682e+00
vptat_pre           =  3.240047e-08
trel                =  6.080709e-03
vrst_post           =  2.969999e+00
vib_post            =  5.714905e-01
vptat_post          =  1.715397e+00
vctat_post          =  4.767342e-01
m_vibias_asserted_v = 6.1942360000e-01
m_vibias_released_v = 5.7149050000e-01
m_vref_asserted_v = 1.2076820000e+00
m_resetn_asserted_mv = 1.0348160000e-06
m_resetn_released_v = 2.9699990000e+00
m_t_release_ms = 6.0807090000e+00
m_vptat_asserted_mv = 3.2400470000e-05
m_vptat_released_v = 1.7153970000e+00
m_vctat_released_v = 4.7673420000e-01
m_iq_por_ua = 2.2584940000e+00
Note: Simulation executed from .control section 

Using SPARSE 1.3 as Direct Linear Solver
