
Note: No compatibility mode selected!


Circuit: * temp-por-top-release @ sf_125c_2.97v -- generated by sim/harness, do not edit

Doing analysis at TEMP = 125.000000 and TNOM = 27.000000


Initial Transient Solution
--------------------------

Node                                   Voltage
----                                   -------
vdd                                          0
ptat                              -2.70658e-37
ctat                               6.05193e-19
resetn                              4.2461e-19
xdut.xbias.na                     -6.52413e-19
xdut.xbias.pg                       3.4504e-19
xdut.xbias.nbtop                   4.32292e-19
xdut.vref                           8.0258e-19
xdut.xbias.nbg                     8.80726e-20
xdut.xbias.xrt.11                  4.32292e-19
xdut.xbias.xrt.21                  4.32292e-19
xdut.xbias.nb                      4.32292e-19
xdut.xbias.xr1.11                  4.32292e-19
xdut.xbias.xr1.21                  4.32292e-19
xdut.xbias.ec                      4.32292e-19
xdut.xbias.xr2.11                   8.0258e-19
xdut.xbias.xr2.21                   8.0258e-19
xdut.xbias.er                       8.0258e-19
xdut.xbias.pb                     -4.11399e-19
xdut.ibias                        -6.22253e-19
xdut.xbias.nt                      6.74695e-19
xdut.xbias.n1                       2.3081e-19
xdut.xbias.n2                       8.1793e-19
xdut.xbias.nz                       8.1793e-19
xdut.xbias.xrz.11                   8.1793e-19
xdut.xbias.xrz.21                   8.1793e-19
xdut.xbias.ks1                    -3.11823e-20
xdut.xbias.ks2                     2.79849e-20
xdut.xbias.ks3                    -4.41979e-21
xdut.xbias.ks4                    -3.36115e-20
xdut.xbias.nkg                     3.96902e-19
xdut.xbias.nkm                    -2.97119e-20
xdut.xbias.tok                    -7.37702e-20
xdut.xbias.noko                    6.67969e-19
xdut.xbias.nokl                   -2.55365e-19
xdut.xbias.nokx                   -7.06613e-19
xdut.bias_ok                       5.41418e-19
xdut.xtemp.nbg                     1.10188e-18
xdut.xtemp.enb                    -1.85285e-19
xdut.xtemp.pb                      1.87441e-45
xdut.xtemp.pcas                   -3.33787e-34
xdut.xtemp.nt                     -1.02458e-23
xdut.xtemp.n1                     -1.20557e-23
xdut.xtemp.na                      6.05193e-19
xdut.xtemp.n2                     -1.37788e-23
xdut.xtemp.nb                      1.50615e-18
xdut.xtemp.pg                     -4.34116e-20
xdut.xtemp.nz                     -1.37788e-23
xdut.xtemp.xrz.11                 -1.37788e-23
xdut.xtemp.xrz.21                 -1.37788e-23
xdut.xtemp.m1d                     6.06007e-19
xdut.xtemp.m2d                     1.50178e-18
xdut.xtemp.m3d                    -8.48549e-34
xdut.xtemp.nd                      -3.1949e-19
xdut.xtemp.nr                      3.64293e-20
xdut.xtemp.nc                      1.50615e-18
xdut.xtemp.xr1.11                  1.50615e-18
xdut.xtemp.xr1.21                  1.50615e-18
xdut.xtemp.xr2f.11                -2.70645e-37
xdut.xtemp.xr2f.21                -3.94678e-38
xdut.xtemp.t5                     -3.94549e-38
xdut.xtemp.xr2t5.11                -3.9442e-38
xdut.xtemp.xr2t5.21               -1.94192e-38
xdut.xtemp.t4                     -1.94063e-38
xdut.xtemp.xr2t4.11               -1.93934e-38
xdut.xtemp.xr2t4.21               -9.39677e-39
xdut.xtemp.t3                     -9.38388e-39
xdut.xtemp.xr2t3.11               -9.37098e-39
xdut.xtemp.xr2t3.21               -4.38717e-39
xdut.xtemp.t2                     -4.37428e-39
xdut.xtemp.xr2t2.11               -4.36139e-39
xdut.xtemp.xr2t2.21               -1.88433e-39
xdut.xtemp.t1                     -1.87143e-39
xdut.xtemp.xr2t1.11               -1.85854e-39
xdut.xtemp.xr2t1.21                -6.3571e-40
xdut.xtemp.t0                     -6.22817e-40
xdut.xtemp.xr2t0.11               -6.09924e-40
xdut.xtemp.xr2t0.21               -1.28933e-41
xdut.xtemp.xriso.11                6.05193e-19
xdut.xtemp.xriso.21                6.05193e-19
xdut.xcmp.bias_okb                 7.00477e-20
xdut.xcmp.nbg                      9.45464e-19
xdut.xcmp.sns                    -7.02163e-127
xdut.xcmp.xrtop.11               -7.02163e-127
xdut.xcmp.xrtop.21               -8.14954e-133
xdut.xcmp.snsb                   -1.30407e-126
xdut.xcmp.xrbot.11               -1.30407e-126
xdut.xcmp.xrbot.21               -7.02164e-127
xdut.xcmp.xrhys.11               -1.54191e-131
xdut.xcmp.xrhys.21               -1.30405e-126
xdut.xcmp.n1                       -1.3061e-18
xdut.xcmp.tn                      -2.43146e-18
xdut.xcmp.na                      -1.01357e-18
xdut.xcmp.cmpo                    -8.34934e-18
xdut.xcmp.vdda                    -9.98105e-19
xdut.por_raw                      -1.59693e-19
xdut.xpor.pdn                     -3.24728e-19
xdut.xpor.ndl                      4.78894e-23
xdut.xpor.ndgp                     1.69425e-19
xdut.xpor.ndg                     -1.95052e-18
xdut.xpor.ndgn                    -2.10256e-18
xdut.xpor.pgdg                    -1.03927e-20
xdut.xpor.pgdgb                    5.60008e-19
xdut.xpor.nts                     -2.32401e-19
xdut.xpor.tim                     -2.35139e-19
xdut.xpor.nd1                       6.6305e-33
xdut.xpor.trip                    -1.83204e-19
xdut.xpor.rstb                     8.14553e-19
xdut.xpor.nnand                    2.83532e-19
vsup#branch                        1.53297e-28

 Reference value :  5.77356e-05
 Reference value :  8.43816e-05
 Reference value :  1.28580e-04
 Reference value :  2.86545e-04
 Reference value :  3.56280e-04
 Reference value :  3.56312e-04
 Reference value :  3.58335e-04
 Reference value :  3.68397e-04
 Reference value :  3.69161e-04
 Reference value :  3.74439e-04
 Reference value :  8.40382e-04
 Reference value :  9.32315e-04
 Reference value :  9.36236e-04
 Reference value :  9.41214e-04
 Reference value :  9.41480e-04
 Reference value :  9.43346e-04
 Reference value :  1.07527e-03
 Reference value :  2.20527e-03
 Reference value :  2.70527e-03
 Reference value :  3.50527e-03
 Reference value :  3.86527e-03
 Reference value :  5.19527e-03
 Reference value :  5.87527e-03
 Reference value :  6.54527e-03
 Reference value :  6.92527e-03
 Reference value :  7.45527e-03
 Reference value :  7.86172e-03
 Reference value :  7.87862e-03
 Reference value :  7.87984e-03
 Reference value :  7.88093e-03
 Reference value :  7.88126e-03
 Reference value :  7.88251e-03
 Reference value :  7.89047e-03
 Reference value :  7.89053e-03
 Reference value :  7.89075e-03
 Reference value :  7.89883e-03
 Reference value :  7.90775e-03
 Reference value :  7.90892e-03
 Reference value :  7.90940e-03
 Reference value :  7.90965e-03
 Reference value :  7.91019e-03
 Reference value :  7.92679e-03
 Reference value :  8.96552e-03
 Reference value :  1.00755e-02
 Reference value :  1.19855e-02
 Reference value :  1.32355e-02
 Reference value :  1.45455e-02
 Reference value :  1.57155e-02
 Reference value :  1.70555e-02
 Reference value :  1.79055e-02
 Reference value :  1.88255e-02
 Reference value :  1.97855e-02
 Reference value :  2.10555e-02
 Reference value :  2.23655e-02
 Reference value :  2.36355e-02
 Reference value :  2.43755e-02
 Reference value :  2.45855e-02
 Reference value :  2.47955e-02
 Reference value :  2.54555e-02
 Reference value :  2.58455e-02
 Reference value :  2.60655e-02
 Reference value :  2.70555e-02
 Reference value :  2.76755e-02
 Reference value :  2.85555e-02
 Reference value :  2.94655e-02
No. of Data Rows : 4597
iq_pre              =  -1.700201e-06 from=  1.500000e-03 to=  1.905267e-03
vrst_pre            =  1.546762e-09
vib_pre             =  6.792338e-01
vref_pre            =  1.197681e+00
vptat_pre           =  4.516502e-08
trel                =  7.878553e-03
vrst_post           =  2.970000e+00
vib_post            =  6.336836e-01
vptat_post          =  1.715336e+00
vctat_post          =  4.690693e-01
m_vibias_asserted_v = 6.7923380000e-01
m_vibias_released_v = 6.3368360000e-01
m_vref_asserted_v = 1.1976810000e+00
m_resetn_asserted_mv = 1.5467620000e-06
m_resetn_released_v = 2.9700000000e+00
m_t_release_ms = 7.8785530000e+00
m_vptat_asserted_mv = 4.5165020000e-05
m_vptat_released_v = 1.7153360000e+00
m_vctat_released_v = 4.6906930000e-01
m_iq_por_ua = 1.7002010000e+00
Note: Simulation executed from .control section 

Using SPARSE 1.3 as Direct Linear Solver
