
Note: No compatibility mode selected!


Circuit: * temp-por-top-release @ ss_125c_2.97v -- generated by sim/harness, do not edit

Doing analysis at TEMP = 125.000000 and TNOM = 27.000000


Initial Transient Solution
--------------------------

Node                                   Voltage
----                                   -------
vdd                                          0
ptat                              -2.70451e-25
ctat                              -1.78308e-19
resetn                             3.11134e-18
xdut.xbias.na                     -6.61385e-19
xdut.xbias.pg                      3.43522e-19
xdut.xbias.nbtop                    1.2118e-18
xdut.vref                          5.14209e-19
xdut.xbias.nbg                     7.06261e-20
xdut.xbias.xrt.11                   1.2118e-18
xdut.xbias.xrt.21                   1.2118e-18
xdut.xbias.nb                       1.2118e-18
xdut.xbias.xr1.11                   1.2118e-18
xdut.xbias.xr1.21                   1.2118e-18
xdut.xbias.ec                       1.2118e-18
xdut.xbias.xr2.11                  5.14209e-19
xdut.xbias.xr2.21                  5.14212e-19
xdut.xbias.er                      5.14212e-19
xdut.xbias.pb                      5.35607e-20
xdut.ibias                        -7.85935e-19
xdut.xbias.nt                      4.63216e-19
xdut.xbias.n1                      -3.0688e-21
xdut.xbias.n2                     -2.87033e-21
xdut.xbias.nz                     -2.87033e-21
xdut.xbias.xrz.11                 -2.87033e-21
xdut.xbias.xrz.21                 -2.87033e-21
xdut.xbias.ks1                     3.85695e-21
xdut.xbias.ks2                    -1.53515e-20
xdut.xbias.ks3                     1.79666e-20
xdut.xbias.ks4                    -4.64735e-20
xdut.xbias.nkg                     6.36738e-19
xdut.xbias.nkm                     5.66253e-20
xdut.xbias.tok                     1.84673e-19
xdut.xbias.noko                   -7.67299e-22
xdut.xbias.nokl                   -2.40008e-19
xdut.xbias.nokx                   -1.73358e-21
xdut.bias_ok                       3.26638e-19
xdut.xtemp.nbg                     4.54135e-19
xdut.xtemp.enb                      6.4399e-19
xdut.xtemp.pb                      9.25516e-21
xdut.xtemp.pcas                     6.1471e-19
xdut.xtemp.nt                       1.8171e-19
xdut.xtemp.n1                     -4.05355e-19
xdut.xtemp.na                     -1.78308e-19
xdut.xtemp.n2                     -2.38487e-19
xdut.xtemp.nb                     -5.84991e-19
xdut.xtemp.pg                      1.04276e-18
xdut.xtemp.nz                     -2.38487e-19
xdut.xtemp.xrz.11                 -2.38487e-19
xdut.xtemp.xrz.21                 -2.38487e-19
xdut.xtemp.m1d                    -6.86627e-19
xdut.xtemp.m2d                     9.12385e-19
xdut.xtemp.m3d                     1.84284e-18
xdut.xtemp.nd                     -4.96224e-22
xdut.xtemp.nr                      9.02693e-20
xdut.xtemp.nc                     -5.84991e-19
xdut.xtemp.xr1.11                 -5.84991e-19
xdut.xtemp.xr1.21                 -5.84991e-19
xdut.xtemp.xr2f.11                 -2.7044e-25
xdut.xtemp.xr2f.21                -3.94094e-26
xdut.xtemp.t5                     -3.93986e-26
xdut.xtemp.xr2t5.11               -3.93879e-26
xdut.xtemp.xr2t5.21               -1.93811e-26
xdut.xtemp.t4                     -1.93704e-26
xdut.xtemp.xr2t4.11               -1.93596e-26
xdut.xtemp.xr2t4.21               -9.37059e-27
xdut.xtemp.t3                     -9.35985e-27
xdut.xtemp.xr2t3.11               -9.34912e-27
xdut.xtemp.xr2t3.21               -4.36897e-27
xdut.xtemp.t2                     -4.35824e-27
xdut.xtemp.xr2t2.11                -4.3475e-27
xdut.xtemp.xr2t2.21               -1.87224e-27
xdut.xtemp.t1                      -1.8615e-27
xdut.xtemp.xr2t1.11               -1.85077e-27
xdut.xtemp.xr2t1.21               -6.28814e-28
xdut.xtemp.t0                     -6.18077e-28
xdut.xtemp.xr2t0.11                -6.0734e-28
xdut.xtemp.xr2t0.21               -1.07368e-29
xdut.xtemp.xriso.11               -1.78308e-19
xdut.xtemp.xriso.21               -1.78308e-19
xdut.xcmp.bias_okb                 5.56861e-21
xdut.xcmp.nbg                     -1.67677e-19
xdut.xcmp.sns                                0
xdut.xcmp.xrtop.11                           0
xdut.xcmp.xrtop.21                           0
xdut.xcmp.snsb                               0
xdut.xcmp.xrbot.11                           0
xdut.xcmp.xrbot.21                           0
xdut.xcmp.xrhys.11                           0
xdut.xcmp.xrhys.21                           0
xdut.xcmp.n1                      -9.21902e-20
xdut.xcmp.tn                       3.03792e-20
xdut.xcmp.na                       4.29728e-20
xdut.xcmp.cmpo                     2.23808e-20
xdut.xcmp.vdda                     1.28434e-19
xdut.por_raw                       6.65627e-20
xdut.xpor.pdn                      5.23868e-20
xdut.xpor.ndl                     -1.98285e-24
xdut.xpor.ndgp                     6.91032e-19
xdut.xpor.ndg                      7.78643e-19
xdut.xpor.ndgn                    -1.12351e-18
xdut.xpor.pgdg                    -6.20819e-19
xdut.xpor.pgdgb                   -1.67787e-21
xdut.xpor.nts                      3.99729e-19
xdut.xpor.tim                      -3.9689e-19
xdut.xpor.nd1                      -5.0186e-19
xdut.xpor.trip                    -1.03397e-18
xdut.xpor.rstb                     4.65776e-19
xdut.xpor.nnand                    5.05037e-19
vsup#branch                        6.11169e-29

 Reference value :  1.25206e-04
 Reference value :  1.93849e-04
 Reference value :  3.65661e-04
 Reference value :  3.69317e-04
 Reference value :  4.37266e-04
 Reference value :  4.46340e-04
 Reference value :  4.72411e-04
 Reference value :  4.79901e-04
 Reference value :  9.56568e-04
 Reference value :  9.57220e-04
 Reference value :  9.69703e-04
 Reference value :  9.75537e-04
 Reference value :  1.94397e-03
 Reference value :  3.46397e-03
 Reference value :  5.37397e-03
 Reference value :  6.63397e-03
 Reference value :  8.01397e-03
 Reference value :  9.37397e-03
 Reference value :  9.87160e-03
 Reference value :  9.88507e-03
 Reference value :  9.88597e-03
 Reference value :  9.88682e-03
 Reference value :  9.88805e-03
 Reference value :  9.89695e-03
 Reference value :  9.89791e-03
 Reference value :  9.90668e-03
 Reference value :  9.91948e-03
 Reference value :  9.92089e-03
 Reference value :  9.92206e-03
 Reference value :  9.92294e-03
 Reference value :  9.94203e-03
 Reference value :  9.94241e-03
 Reference value :  9.95854e-03
 Reference value :  9.96037e-03
 Reference value :  9.96061e-03
 Reference value :  9.96181e-03
 Reference value :  9.96279e-03
 Reference value :  9.96324e-03
 Reference value :  9.96723e-03
 Reference value :  1.00071e-02
 Reference value :  1.05571e-02
 Reference value :  1.17871e-02
 Reference value :  1.27071e-02
 Reference value :  1.35671e-02
 Reference value :  1.45471e-02
 Reference value :  1.60071e-02
 Reference value :  1.69771e-02
 Reference value :  1.77471e-02
 Reference value :  1.88671e-02
 Reference value :  2.01671e-02
 Reference value :  2.10671e-02
 Reference value :  2.22371e-02
 Reference value :  2.33671e-02
 Reference value :  2.51771e-02
 Reference value :  2.66271e-02
 Reference value :  2.69571e-02
 Reference value :  2.84871e-02
 Reference value :  2.98971e-02
No. of Data Rows : 5292
iq_pre              =  -1.356002e-06 from=  1.500000e-03 to=  1.903969e-03
vrst_pre            =  9.949724e-10
vib_pre             =  6.934781e-01
vref_pre            =  1.202543e+00
vptat_pre           =  3.421731e-08
trel                =  9.885017e-03
vrst_post           =  2.970000e+00
vib_post            =  6.494591e-01
vptat_post          =  1.715441e+00
vctat_post          =  4.751342e-01
m_vibias_asserted_v = 6.9347810000e-01
m_vibias_released_v = 6.4945910000e-01
m_vref_asserted_v = 1.2025430000e+00
m_resetn_asserted_mv = 9.9497240000e-07
m_resetn_released_v = 2.9700000000e+00
m_t_release_ms = 9.8850170000e+00
m_vptat_asserted_mv = 3.4217310000e-05
m_vptat_released_v = 1.7154410000e+00
m_vctat_released_v = 4.7513420000e-01
m_iq_por_ua = 1.3560020000e+00
Note: Simulation executed from .control section 

Using SPARSE 1.3 as Direct Linear Solver
