
Note: No compatibility mode selected!


Circuit: * temp-por-top-release @ ss_27c_3.30v -- generated by sim/harness, do not edit

Doing analysis at TEMP = 27.000000 and TNOM = 27.000000


Initial Transient Solution
--------------------------

Node                                   Voltage
----                                   -------
vdd                                          0
ptat                              2.24282e-123
ctat                               2.11387e-21
resetn                             4.78437e-19
xdut.xbias.na                     -1.44472e-76
xdut.xbias.pg                     -6.32841e-76
xdut.xbias.nbtop                   3.86108e-69
xdut.vref                         -1.71778e-76
xdut.xbias.nbg                     6.68136e-85
xdut.xbias.xrt.11                  3.86108e-69
xdut.xbias.xrt.21                  3.86108e-69
xdut.xbias.nb                      3.86108e-69
xdut.xbias.xr1.11                  3.86108e-69
xdut.xbias.xr1.21                  3.86108e-69
xdut.xbias.ec                      3.86108e-69
xdut.xbias.xr2.11                 -1.71778e-76
xdut.xbias.xr2.21                 -1.71779e-76
xdut.xbias.er                     -1.71779e-76
xdut.xbias.pb                      -4.3685e-83
xdut.ibias                         1.89531e-42
xdut.xbias.nt                      6.33677e-81
xdut.xbias.n1                     -2.26983e-82
xdut.xbias.n2                     -2.41717e-79
xdut.xbias.nz                     -2.41718e-79
xdut.xbias.xrz.11                 -2.41718e-79
xdut.xbias.xrz.21                 -2.41717e-79
xdut.xbias.ks1                    -9.80012e-76
xdut.xbias.ks2                     1.23172e-74
xdut.xbias.ks3                     -1.5383e-73
xdut.xbias.ks4                     1.92108e-72
xdut.xbias.nkg                    -2.39911e-71
xdut.xbias.nkm                     8.36916e-94
xdut.xbias.tok                     2.44096e-84
xdut.xbias.noko                   -1.56402e-82
xdut.xbias.nokl                   -1.10931e-85
xdut.xbias.nokx                    5.96129e-85
xdut.bias_ok                      -8.29307e-62
xdut.xtemp.nbg                      1.9393e-44
xdut.xtemp.enb                    -4.48843e-20
xdut.xtemp.pb                     -4.90407e-98
xdut.xtemp.pcas                    8.34336e-39
xdut.xtemp.nt                      2.94297e-22
xdut.xtemp.n1                      1.10516e-21
xdut.xtemp.na                      2.11387e-21
xdut.xtemp.n2                      2.05369e-22
xdut.xtemp.nb                      8.68856e-31
xdut.xtemp.pg                      4.05999e-22
xdut.xtemp.nz                      2.05369e-22
xdut.xtemp.xrz.11                  2.05369e-22
xdut.xtemp.xrz.21                  2.05369e-22
xdut.xtemp.m1d                    -5.43434e-22
xdut.xtemp.m2d                    -1.09756e-31
xdut.xtemp.m3d                    1.67154e-117
xdut.xtemp.nd                     -2.57197e-41
xdut.xtemp.nr                      1.60338e-85
xdut.xtemp.nc                      8.68856e-31
xdut.xtemp.xr1.11                  8.68856e-31
xdut.xtemp.xr1.21                  8.68856e-31
xdut.xtemp.xr2f.11                2.24272e-123
xdut.xtemp.xr2f.21                3.26986e-124
xdut.xtemp.t5                     3.26883e-124
xdut.xtemp.xr2t5.11                3.2678e-124
xdut.xtemp.xr2t5.21               1.60867e-124
xdut.xtemp.t4                     1.60764e-124
xdut.xtemp.xr2t4.11               1.60662e-124
xdut.xtemp.xr2t4.21               7.78279e-125
xdut.xtemp.t3                      7.7725e-125
xdut.xtemp.xr2t3.11               7.76221e-125
xdut.xtemp.xr2t3.21               3.63253e-125
xdut.xtemp.t2                     3.62224e-125
xdut.xtemp.xr2t2.11               3.61195e-125
xdut.xtemp.xr2t2.21               1.55942e-125
xdut.xtemp.t1                     1.54913e-125
xdut.xtemp.xr2t1.11               1.53884e-125
xdut.xtemp.xr2t1.21               5.25578e-126
xdut.xtemp.t0                     5.15289e-126
xdut.xtemp.xr2t0.11                  5.05e-126
xdut.xtemp.xr2t0.21               1.02888e-127
xdut.xtemp.xriso.11                2.11387e-21
xdut.xtemp.xriso.21                2.11387e-21
xdut.xcmp.bias_okb                -4.48843e-20
xdut.xcmp.nbg                      -3.5382e-42
xdut.xcmp.sns                                0
xdut.xcmp.xrtop.11                           0
xdut.xcmp.xrtop.21                           0
xdut.xcmp.snsb                               0
xdut.xcmp.xrbot.11                           0
xdut.xcmp.xrbot.21                           0
xdut.xcmp.xrhys.11                           0
xdut.xcmp.xrhys.21                           0
xdut.xcmp.n1                      -4.48843e-20
xdut.xcmp.tn                      -2.56317e-43
xdut.xcmp.na                       2.08584e-43
xdut.xcmp.cmpo                     1.08112e-43
xdut.xcmp.vdda                    -4.18549e-45
xdut.por_raw                      -4.48843e-20
xdut.xpor.pdn                      5.30439e-77
xdut.xpor.ndl                      4.21452e-77
xdut.xpor.ndgp                     1.46937e-39
xdut.xpor.ndg                       -4.487e-20
xdut.xpor.ndgn                     4.39906e-20
xdut.xpor.pgdg                   -4.33801e-120
xdut.xpor.pgdgb                   -3.94153e-56
xdut.xpor.nts                      1.71024e-46
xdut.xpor.tim                     -3.60315e-45
xdut.xpor.nd1                       5.965e-221
xdut.xpor.trip                    -8.76008e-49
xdut.xpor.rstb                    -7.71558e-28
xdut.xpor.nnand                    2.63276e-27
vsup#branch                         2.6745e-31

 Reference value :  1.77478e-04
 Reference value :  2.01915e-04
 Reference value :  2.17334e-04
 Reference value :  4.04747e-04
 Reference value :  4.69416e-04
 Reference value :  4.95673e-04
 Reference value :  4.95948e-04
 Reference value :  5.40990e-04
 Reference value :  5.51453e-04
 Reference value :  8.77805e-04
 Reference value :  8.78073e-04
 Reference value :  8.81932e-04
 Reference value :  8.94444e-04
 Reference value :  9.03125e-04
 Reference value :  1.63501e-03
 Reference value :  3.05501e-03
 Reference value :  4.91501e-03
 Reference value :  6.34501e-03
 Reference value :  7.75501e-03
 Reference value :  8.82501e-03
 Reference value :  1.02450e-02
 Reference value :  1.19550e-02
 Reference value :  1.32537e-02
 Reference value :  1.32544e-02
 Reference value :  1.32559e-02
 Reference value :  1.32570e-02
 Reference value :  1.32585e-02
 Reference value :  1.32600e-02
 Reference value :  1.32614e-02
 Reference value :  1.32794e-02
 Reference value :  1.32815e-02
 Reference value :  1.32816e-02
 Reference value :  1.32818e-02
 Reference value :  1.32825e-02
 Reference value :  1.32845e-02
 Reference value :  1.32936e-02
 Reference value :  1.33058e-02
 Reference value :  1.33060e-02
 Reference value :  1.33078e-02
 Reference value :  1.33092e-02
 Reference value :  1.33107e-02
 Reference value :  1.33120e-02
 Reference value :  1.33132e-02
 Reference value :  1.40147e-02
 Reference value :  1.52647e-02
 Reference value :  1.72347e-02
 Reference value :  1.97647e-02
 Reference value :  2.02247e-02
 Reference value :  2.15147e-02
 Reference value :  2.22847e-02
 Reference value :  2.27147e-02
 Reference value :  2.31947e-02
 Reference value :  2.43047e-02
 Reference value :  2.63547e-02
 Reference value :  2.90747e-02
No. of Data Rows : 5051
iq_pre              =  -9.406799e-07 from=  1.500000e-03 to=  1.905015e-03
vrst_pre            =  8.366132e-10
vib_pre             =  7.659611e-01
vref_pre            =  1.202568e+00
vptat_pre           =  1.612171e-08
trel                =  1.325429e-02
vrst_post           =  3.300000e+00
vib_post            =  7.320061e-01
vptat_post          =  1.292847e+00
vctat_post          =  6.574683e-01
m_vibias_asserted_v = 7.6596110000e-01
m_vibias_released_v = 7.3200610000e-01
m_vref_asserted_v = 1.2025680000e+00
m_resetn_asserted_mv = 8.3661320000e-07
m_resetn_released_v = 3.3000000000e+00
m_t_release_ms = 1.3254290000e+01
m_vptat_asserted_mv = 1.6121710000e-05
m_vptat_released_v = 1.2928470000e+00
m_vctat_released_v = 6.5746830000e-01
m_iq_por_ua = 9.4067990000e-01
Note: Simulation executed from .control section 

Using SPARSE 1.3 as Direct Linear Solver
