
Note: No compatibility mode selected!


Circuit: * temp-core-designer-check @ tt_-40c_2.97v -- generated by sim/harness, do not edit

Doing analysis at TEMP = -40.000000 and TNOM = 27.000000

Using SPARSE 1.3 as Direct Linear Solver
 Reference value :  0.00000e+00
No. of Data Rows : 1
m_vptat = 1.0048297666e+00
m_vctat = 7.7578559118e-01
m_ptat_k_mvk = 4.3097995565e+00
m_terr_untrim_c = 5.1813060408e-02
m_terr_supply_c = -2.006548081e-03
m_vout_margin_v = 5.7578559118e-01
m_iq_ua = 9.1613815945e+00
m_iq_dis_ua = 4.4737133811e-05
m_ibias_dis_na = 1.5236906722e-03
m_vibias_dis_v = 7.6183828863e-01
m_vptat_dis_mv = 2.1248517200e-05
m_vctat_dis_mv = 2.1384784758e-05
m_load10m_err_pct = -6.887143552e+00
m_dvbe_mv = 4.1845442821e+01
m_aoffs_uv = -4.192473164e+00
m_vnd_mv = 3.4625308333e+00
m_mp3_hdr_v = 2.8401007412e-01
m_rtrim_nom_k = 5.2108275813e+02
m_rtrim_lsb_pct = 2.4010185489e-01
m_rtrim_range_pct = 1.5685011666e+01
Note: Simulation executed from .control section 

Note: Starting dynamic gmin stepping
Warning: Dynamic gmin stepping failed
Note: Starting true gmin stepping
Note: True gmin stepping completed
