
Note: No compatibility mode selected!


Circuit: * temp-core-designer-check @ tt_125c_3.63v -- generated by sim/harness, do not edit

Doing analysis at TEMP = 125.000000 and TNOM = 27.000000

Using SPARSE 1.3 as Direct Linear Solver
 Reference value :  0.00000e+00
No. of Data Rows : 1
m_vptat = 1.7172498228e+00
m_vctat = 4.6898420935e-01
m_ptat_k_mvk = 4.3130725174e+00
m_terr_untrim_c = 3.9091256876e-01
m_terr_supply_c = -9.221755262e-03
m_vout_margin_v = 2.6898420935e-01
m_iq_ua = 1.3599681515e+01
m_iq_dis_ua = 1.4630528440e-04
m_ibias_dis_na = 1.8988069898e-02
m_vibias_dis_v = 6.1149710925e-01
m_vptat_dis_mv = 6.3437643738e-05
m_vctat_dis_mv = 6.4088874670e-05
m_load10m_err_pct = -5.565552931e+00
m_dvbe_mv = 7.1504561014e+01
m_aoffs_uv = -2.879192669e+00
m_vnd_mv = 3.8290738745e+00
m_mp3_hdr_v = 3.5751568183e-01
m_rtrim_nom_k = 5.1544662438e+02
m_rtrim_lsb_pct = 2.3227569763e-01
m_rtrim_range_pct = 1.5636896170e+01
Note: Simulation executed from .control section 

Note: Starting dynamic gmin stepping
Warning: Dynamic gmin stepping failed
Note: Starting true gmin stepping
Note: True gmin stepping completed
