
Note: No compatibility mode selected!


Circuit: * temp-core-designer-check @ tt_10c_3.30v -- generated by sim/harness, do not edit

Doing analysis at TEMP = 10.000000 and TNOM = 27.000000

Using SPARSE 1.3 as Direct Linear Solver
 Reference value :  0.00000e+00
No. of Data Rows : 1
m_vptat = 1.2205999621e+00
m_vctat = 6.8465966530e-01
m_ptat_k_mvk = 4.3107892003e+00
m_terr_untrim_c = 1.2795775624e-01
m_terr_supply_c = 8.2355287668e-08
m_vout_margin_v = 4.8465966530e-01
m_iq_ua = 1.0533610951e+01
m_iq_dis_ua = 5.1980862648e-05
m_ibias_dis_na = 1.4352421453e-03
m_vibias_dis_v = 7.1495724319e-01
m_vptat_dis_mv = 2.7680592065e-05
m_vctat_dis_mv = 2.7887008098e-05
m_load10m_err_pct = -6.300684467e+00
m_dvbe_mv = 5.0826068296e+01
m_aoffs_uv = -4.219369981e+00
m_vnd_mv = 3.5692509279e+00
m_mp3_hdr_v = 3.1019906522e-01
m_rtrim_nom_k = 5.1729538045e+02
m_rtrim_lsb_pct = 2.3774728316e-01
m_rtrim_range_pct = 1.5670713186e+01
Note: Simulation executed from .control section 

Note: Starting dynamic gmin stepping
Warning: Dynamic gmin stepping failed
Note: Starting true gmin stepping
Note: True gmin stepping completed
