
Note: No compatibility mode selected!


Circuit: * temp-core-designer-check @ tt_27c_3.63v -- generated by sim/harness, do not edit

Doing analysis at TEMP = 27.000000 and TNOM = 27.000000

Using SPARSE 1.3 as Direct Linear Solver
 Reference value :  0.00000e+00
No. of Data Rows : 1
m_vptat = 1.2939599202e+00
m_vctat = 6.5327445609e-01
m_ptat_k_mvk = 4.3110442118e+00
m_terr_untrim_c = 1.5340406693e-01
m_terr_supply_c = -6.603411440e-03
m_vout_margin_v = 4.5327445609e-01
m_iq_ua = 1.1036838142e+01
m_iq_dis_ua = 5.9674808281e-05
m_ibias_dis_na = 1.4245121687e-03
m_vibias_dis_v = 6.9936314430e-01
m_vptat_dis_mv = 3.1684347409e-05
m_vctat_dis_mv = 3.1923167189e-05
m_load10m_err_pct = -6.149810869e+00
m_dvbe_mv = 5.3881081028e+01
m_aoffs_uv = -4.718252028e+00
m_vnd_mv = 3.6738260167e+00
m_mp3_hdr_v = 3.2044425315e-01
m_rtrim_nom_k = 5.1641732521e+02
m_rtrim_lsb_pct = 2.3728344494e-01
m_rtrim_range_pct = 1.5668074714e+01
Note: Simulation executed from .control section 

Note: Starting dynamic gmin stepping
Warning: Dynamic gmin stepping failed
Note: Starting true gmin stepping
Note: True gmin stepping completed
