
Note: Compatibility modes selected: hs a


Circuit: * por-glitch @ bjt_ff_-40c_2.97v -- generated by sim/harness, do not edit

Doing analysis at TEMP = -40.000000 and TNOM = 27.000000

Using SPARSE 1.3 as Direct Linear Solver

Initial Transient Solution
--------------------------

Node                                   Voltage
----                                   -------
vdd                                          0
ptat                             -3.83246e-108
ctat                               2.94978e-51
resetn                            -5.51881e-31
xdut.xtemp__pg                    -5.14498e-22
xdut.xtemp__nz                     7.82914e-25
xdut.xbias__nbg                    3.40922e-22
xdut.xbias__pb                    -3.40922e-22
xdut.xbias__n1                     2.62046e-71
xdut.xbias__n2                    -3.00072e-25
xdut.xbias__pg                    -7.88145e-22
xdut.xbias__ks1                   4.12152e-107
xdut.xbias__ks2                    -1.5166e-85
xdut.xbias__ks3                   -5.41489e-64
xdut.xbias__ks4                    5.06987e-43
xdut.xbias__nkg                    1.58294e-21
xdut.xbias__nkm                    3.40922e-22
xdut.xbias__nokl                   3.40922e-22
xdut.xbias__noko                   2.27281e-22
xdut.xbias__nokx                             0
xdut.bias_ok                     -5.35061e-175
xdut.xcmp__na                     -1.29321e-83
xdut.xcmp__sns                               0
xdut.xcmp__tn                      1.07998e-83
xdut.xcmp__cmpo                   -9.16509e-84
xdut.vref                         9.90216e-142
xdut.xcmp__nbg                    -8.79821e-39
xdut.ibias                         2.23358e-22
xdut.xcmp__bias_okb              -2.83084e-137
xdut.xcmp__snsb                              0
xdut.xcmp__n1                     -1.20222e-97
xdut.por_raw                      -1.9983e-102
xdut.xpor__pdn                    7.23447e-144
xdut.xpor__ndl                     1.90359e-22
xdut.xpor__ndgn                   -7.13217e-76
xdut.xpor__ndg                    -1.36761e-74
xdut.xpor__pgdg                   -2.52645e-72
xdut.xpor__pgdgb                  -2.26987e-41
xdut.xpor__tim                     8.42884e-43
xdut.xpor__nd1                    -6.46042e-52
xdut.xpor__trip                    1.78108e-37
xdut.xpor__rstb                    3.44119e-29
xdut.xpor__nnand                   -3.2886e-29
xdut.xtemp__n1                    -1.77178e-24
xdut.xtemp__n2                     7.82914e-25
xdut.xtemp__nbg                   -8.90223e-39
xdut.xtemp__enb                              0
xdut.xtemp__pb                     1.17155e-42
xdut.xtemp__pcas                   5.67321e-44
xdut.xtemp__nd                     4.40245e-37
xdut.xtemp__nr                   -7.67826e-101
xdut.xtemp__nt                      -3.413e-24
xdut.xtemp__t5                   -5.59897e-109
xdut.xtemp__t4                   -2.76535e-109
xdut.xtemp__t3                   -1.34598e-109
xdut.xtemp__t2                   -6.33727e-110
xdut.xtemp__t1                   -2.75101e-110
xdut.xtemp__t0                   -9.34093e-111
xdut.xbias__na                   -8.60959e-154
xdut.xbias__nbtop                -1.79046e-142
xdut.xbias__nt                     1.95009e-47
xdut.xbias__nb                   -1.79046e-142
xdut.xbias__tok                    6.14724e-28
xdut.xcmp__vdda                    3.21773e-85
xdut.xpor__ndgp                     2.5558e-72
xdut.xpor__nts                     3.34732e-42
xdut.xtemp__na                     2.94978e-51
xdut.xtemp__nb                     3.44042e-96
xdut.xtemp__m1d                   -5.27898e-50
xdut.xtemp__m2d                    8.38779e-96
xdut.xtemp__m3d                  -1.69653e-102
xdut.xbias__ec                   -1.79046e-142
xdut.xbias__er                    9.90223e-142
xdut.xtemp__nc                     3.44042e-96
xdut.xbias__nz                    -3.00073e-25
xdut.x162.11                       3.44042e-96
xdut.x162.21                       3.44042e-96
xdut.xtemp__xr1__1                 3.44042e-96
xdut.x163.11                       3.44042e-96
xdut.x163.21                       3.44042e-96
xdut.x164.11                       2.94978e-51
xdut.x164.21                       2.94978e-51
xdut.xtemp__xriso__1               2.94978e-51
xdut.x165.11                       2.94978e-51
xdut.x165.21                       2.94978e-51
xdut.x166.11                       7.82914e-25
xdut.x166.21                       7.82914e-25
xdut.xtemp__xrz__1                 7.82914e-25
xdut.xtemp__xrz__2                 7.82914e-25
xdut.x167.11                       7.82914e-25
xdut.x167.21                       7.82914e-25
xdut.x168.11                       7.82914e-25
xdut.x168.21                       7.82914e-25
xdut.xtemp__xrz__3                 7.82914e-25
xdut.xtemp__xrz__4                 7.82914e-25
xdut.x169.11                       7.82914e-25
xdut.x169.21                       7.82914e-25
xdut.x170.11                       7.82914e-25
xdut.x170.21                       7.82914e-25
xdut.xtemp__xrz__5                 7.82914e-25
xdut.xtemp__xrz__6                 7.82914e-25
xdut.x171.11                       7.82914e-25
xdut.x171.21                       7.82914e-25
xdut.x172.11                       7.82914e-25
xdut.x172.21                       7.82914e-25
xdut.xtemp__xrz__7                 7.82914e-25
xdut.xtemp__xrz__8                 7.82914e-25
xdut.x173.11                       7.82914e-25
xdut.x173.21                       7.82914e-25
xdut.x174.11                       7.82914e-25
xdut.x174.21                       7.82914e-25
xdut.xtemp__xrz__9                 7.82914e-25
xdut.x175.11                       7.82914e-25
xdut.x175.21                       7.82914e-25
xdut.x176.11                     -3.83223e-108
xdut.x176.21                     -3.69633e-108
xdut.xtemp__xr2f__1               -3.6961e-108
xdut.xtemp__xr2f__2              -3.55974e-108
xdut.x177.11                     -3.55997e-108
xdut.x177.21                     -3.69587e-108
xdut.x178.11                     -3.55951e-108
xdut.x178.21                     -3.42362e-108
xdut.xtemp__xr2f__3              -3.42339e-108
xdut.xtemp__xr2f__4              -3.28703e-108
xdut.x179.11                     -3.28726e-108
xdut.x179.21                     -3.42316e-108
xdut.x180.11                      -3.2868e-108
xdut.x180.21                      -3.1509e-108
xdut.xtemp__xr2f__5              -3.15067e-108
xdut.xtemp__xr2f__6              -3.01432e-108
xdut.x181.11                     -3.01455e-108
xdut.x181.21                     -3.15044e-108
xdut.x182.11                     -3.01409e-108
xdut.x182.21                     -2.87819e-108
xdut.xtemp__xr2f__7              -2.87796e-108
xdut.xtemp__xr2f__8               -2.7416e-108
xdut.x183.11                     -2.74183e-108
xdut.x183.21                     -2.87773e-108
xdut.x184.11                     -2.74137e-108
xdut.x184.21                     -2.60548e-108
xdut.xtemp__xr2f__9              -2.60525e-108
xdut.xtemp__xr2f__10             -2.46889e-108
xdut.x185.11                     -2.46912e-108
xdut.x185.21                     -2.60502e-108
xdut.x186.11                     -2.46866e-108
xdut.x186.21                     -2.33276e-108
xdut.xtemp__xr2f__11             -2.33253e-108
xdut.xtemp__xr2f__12             -2.19618e-108
xdut.x187.11                     -2.19641e-108
xdut.x187.21                      -2.3323e-108
xdut.x188.11                     -2.19595e-108
xdut.x188.21                     -2.06005e-108
xdut.xtemp__xr2f__13             -2.05982e-108
xdut.xtemp__xr2f__14             -1.92346e-108
xdut.x189.11                     -1.92369e-108
xdut.x189.21                     -2.05959e-108
xdut.x190.11                     -1.92323e-108
xdut.x190.21                     -1.78734e-108
xdut.xtemp__xr2f__15             -1.78711e-108
xdut.xtemp__xr2f__16             -1.65075e-108
xdut.x191.11                     -1.65098e-108
xdut.x191.21                     -1.78688e-108
xdut.x192.11                     -1.65052e-108
xdut.x192.21                     -1.51462e-108
xdut.xtemp__xr2f__17             -1.51439e-108
xdut.xtemp__xr2f__18             -1.37804e-108
xdut.x193.11                     -1.37827e-108
xdut.x193.21                     -1.51416e-108
xdut.x194.11                     -1.37781e-108
xdut.x194.21                     -1.24191e-108
xdut.xtemp__xr2f__19             -1.24168e-108
xdut.xtemp__xr2f__20             -1.10532e-108
xdut.x195.11                     -1.10555e-108
xdut.x195.21                     -1.24145e-108
xdut.x196.11                     -1.10509e-108
xdut.x196.21                     -9.69196e-109
xdut.xtemp__xr2f__21             -9.68967e-109
xdut.xtemp__xr2f__22              -8.3261e-109
xdut.x197.11                      -8.3284e-109
xdut.x197.21                     -9.68737e-109
xdut.x198.11                      -8.3238e-109
xdut.x198.21                     -6.96483e-109
xdut.xtemp__xr2f__23             -6.96253e-109
xdut.x199.11                     -5.60126e-109
xdut.x199.21                     -6.96024e-109
xdut.x200.11                     -5.59667e-109
xdut.x200.21                     -4.18445e-109
xdut.xtemp__xr2t5__1             -4.18216e-109
xdut.x201.11                     -2.76764e-109
xdut.x201.21                     -4.17986e-109
xdut.x202.11                     -2.76305e-109
xdut.x202.21                     -2.05796e-109
xdut.xtemp__xr2t4__1             -2.05566e-109
xdut.x203.11                     -1.34827e-109
xdut.x203.21                     -2.05337e-109
xdut.x204.11                     -1.34368e-109
xdut.x204.21                     -9.92148e-110
xdut.xtemp__xr2t3__1             -9.89852e-110
xdut.x205.11                     -6.36024e-110
xdut.x205.21                     -9.87555e-110
xdut.x206.11                     -6.31431e-110
xdut.x206.21                     -4.56711e-110
xdut.xtemp__xr2t2__1             -4.54414e-110
xdut.x207.11                     -2.77398e-110
xdut.x207.21                     -4.52118e-110
xdut.x208.11                     -2.72805e-110
xdut.x208.21                     -1.86552e-110
xdut.xtemp__xr2t1__1             -1.84255e-110
xdut.x209.11                     -9.57056e-111
xdut.x209.21                     -1.81959e-110
xdut.x210.11                      -9.1113e-111
xdut.x210.21                     -4.90009e-111
xdut.xtemp__xr2t0__1             -4.67046e-111
xdut.x211.11                      -2.2963e-112
xdut.x211.21                     -4.44083e-111
xdut.x212.11                                 0
xdut.x212.21                                 0
xdut.x213.11                                 0
xdut.x213.21                                 0
xdut.x214.11                                 0
xdut.x214.21                                 0
xdut.x215.11                      9.90216e-142
xdut.x215.21                      9.90217e-142
xdut.xbias__xr2__1                9.90217e-142
xdut.xbias__xr2__2                9.90217e-142
xdut.x216.11                      9.90217e-142
xdut.x216.21                      9.90217e-142
xdut.x217.11                      9.90217e-142
xdut.x217.21                      9.90218e-142
xdut.xbias__xr2__3                9.90218e-142
xdut.xbias__xr2__4                9.90218e-142
xdut.x218.11                      9.90218e-142
xdut.x218.21                      9.90218e-142
xdut.x219.11                      9.90218e-142
xdut.x219.21                      9.90218e-142
xdut.xbias__xr2__5                9.90218e-142
xdut.xbias__xr2__6                9.90219e-142
xdut.x220.11                      9.90219e-142
xdut.x220.21                      9.90218e-142
xdut.x221.11                      9.90219e-142
xdut.x221.21                      9.90219e-142
xdut.xbias__xr2__7                9.90219e-142
xdut.xbias__xr2__8                 9.9022e-142
xdut.x222.11                       9.9022e-142
xdut.x222.21                      9.90219e-142
xdut.x223.11                       9.9022e-142
xdut.x223.21                       9.9022e-142
xdut.xbias__xr2__9                 9.9022e-142
xdut.xbias__xr2__10               9.90221e-142
xdut.x224.11                      9.90221e-142
xdut.x224.21                       9.9022e-142
xdut.x225.11                      9.90221e-142
xdut.x225.21                      9.90221e-142
xdut.xbias__xr2__11               9.90221e-142
xdut.xbias__xr2__12               9.90221e-142
xdut.x226.11                      9.90221e-142
xdut.x226.21                      9.90221e-142
xdut.x227.11                      9.90221e-142
xdut.x227.21                      9.90222e-142
xdut.xbias__xr2__13               9.90222e-142
xdut.xbias__xr2__14               9.90222e-142
xdut.x228.11                      9.90222e-142
xdut.x228.21                      9.90222e-142
xdut.x229.11                      9.90222e-142
xdut.x229.21                      9.90223e-142
xdut.xbias__xr2__15               9.90223e-142
xdut.x230.11                      9.90223e-142
xdut.x230.21                      9.90223e-142
xdut.x231.11                      -3.00073e-25
xdut.x231.21                      -3.00073e-25
xdut.xbias__xrz__1                -3.00073e-25
xdut.xbias__xrz__2                -3.00072e-25
xdut.x232.11                      -3.00072e-25
xdut.x232.21                      -3.00073e-25
xdut.x233.11                      -3.00072e-25
xdut.x233.21                      -3.00072e-25
xdut.xbias__xrz__3                -3.00072e-25
xdut.x234.11                      -3.00072e-25
xdut.x234.21                      -3.00072e-25
xdut.x235.11                     -1.79046e-142
xdut.x235.21                     -1.79046e-142
xdut.xbias__xr1__1               -1.79046e-142
xdut.x236.11                     -1.79046e-142
xdut.x236.21                     -1.79046e-142
xdut.x237.11                     -1.79046e-142
xdut.x237.21                     -1.79046e-142
xdut.xbias__xrt__1               -1.79046e-142
xdut.x238.11                     -1.79046e-142
xdut.x238.21                     -1.79046e-142
xdut.xbias__nt__par                1.95009e-47
xdut.xtemp__xrz__2__par            7.82914e-25
xdut.xtemp__xrz__4__par            7.82914e-25
xdut.xtemp__xrz__6__par            7.82914e-25
xdut.xtemp__xrz__8__par            7.82914e-25
xdut.xbias__n1__par                2.62046e-71
xdut.xtemp__xr2f__2__par         -3.55974e-108
xdut.xtemp__xr2f__4__par         -3.28703e-108
xdut.xtemp__xr2f__6__par         -3.01432e-108
xdut.xtemp__xr2f__8__par          -2.7416e-108
xdut.xtemp__xr2f__10__par        -2.46889e-108
xdut.xtemp__xr2f__12__par        -2.19618e-108
xdut.xtemp__xr2f__14__par        -1.92346e-108
xdut.xtemp__xr2f__16__par        -1.65075e-108
xdut.xtemp__xr2f__18__par        -1.37804e-108
xdut.xtemp__xr2f__20__par        -1.10532e-108
xdut.xbias__n2__par               -3.00072e-25
xdut.xtemp__xr2f__22__par         -8.3261e-109
xdut.xtemp__xr2t0__1__par        -4.67046e-111
xdut.xtemp__xr2t1__1__par        -1.84255e-110
xdut.xbias__tok__par               6.14724e-28
xdut.xtemp__xr2t2__1__par        -4.54414e-110
xdut.xtemp__xr2t3__1__par        -9.89852e-110
xdut.xbias__noko__par              2.27281e-22
xdut.xtemp__xriso__1__par          2.94978e-51
xdut.xtemp__xr2t4__1__par        -2.05566e-109
xdut.xtemp__xr1__1__par            3.44042e-96
xdut.xtemp__xrz__1__par            7.82914e-25
xdut.xtemp__xrz__3__par            7.82914e-25
xdut.xtemp__xrz__5__par            7.82914e-25
xdut.xbias__nokl__par              3.40922e-22
xdut.xtemp__xrz__7__par            7.82914e-25
xdut.xtemp__xrz__9__par            7.82914e-25
xdut.xtemp__xr2f__1__par          -3.6961e-108
xdut.xtemp__xr2f__3__par         -3.42339e-108
xdut.xtemp__xr2f__5__par         -3.15067e-108
xdut.xtemp__xr2f__7__par         -2.87796e-108
xdut.xtemp__xr2f__9__par         -2.60525e-108
xdut.xtemp__xr2f__11__par        -2.33253e-108
xdut.xtemp__xr2f__13__par        -2.05982e-108
xdut.xtemp__xr2f__15__par        -1.78711e-108
xdut.xbias__nkg__par               1.58294e-21
xdut.xtemp__xr2f__17__par        -1.51439e-108
xdut.xtemp__xr2f__19__par        -1.24168e-108
xdut.xtemp__xr2f__21__par        -9.68967e-109
xdut.xtemp__xr2f__23__par        -6.96253e-109
xdut.xtemp__xr2t5__1__par        -4.18216e-109
xdut.xbias__nb__par              -1.79046e-142
xdut.xcmp__vdda__par               3.21773e-85
xdut.xcmp__na__par                -1.29321e-83
xdut.xcmp__cmpo__par              -9.16509e-84
xdut.xcmp__n1__par                -1.20222e-97
xdut.xcmp__tn__par                 1.07998e-83
xdut.xcmp__sns__par                          0
xdut.xcmp__nbg__par               -8.79821e-39
xdut.xcmp__snsb__par                         0
xdut.xpor__pdn__par               7.23447e-144
xdut.xpor__ndl__par                1.90359e-22
xdut.xpor__ndgn__par              -7.13217e-76
xdut.xpor__pgdg__par              -2.52645e-72
xdut.xpor__pgdgb__par             -2.26987e-41
xdut.xpor__nd1__par               -6.46042e-52
xdut.xpor__nnand__par              -3.2886e-29
xdut.xpor__ndgp__par                2.5558e-72
xdut.xpor__nts__par                3.34732e-42
xdut.xpor__rstb__par               3.44119e-29
xdut.xbias__nkm__par               3.40922e-22
xdut.xbias__nokx__par                        0
xdut.xbias__ks1__par              4.12152e-107
xdut.xbias__ks2__par               -1.5166e-85
xdut.xbias__ks3__par              -5.41489e-64
xdut.xbias__ks4__par               5.06987e-43
xdut.xbias__ec__par              -1.79046e-142
xdut.xbias__nz__par               -3.00073e-25
xdut.xpor__ndg__par               -1.36761e-74
xdut.xpor__tim__par                8.42884e-43
xdut.xpor__trip__par               1.78108e-37
xdut.xbias__xr2__2__par           9.90217e-142
xdut.xbias__xr2__4__par           9.90218e-142
xdut.xbias__xr2__6__par           9.90219e-142
xdut.xbias__xr2__8__par            9.9022e-142
xdut.xbias__xr2__10__par          9.90221e-142
xdut.xbias__xr2__12__par          9.90221e-142
xdut.xbias__pg__par               -7.88145e-22
xdut.xbias__xr2__14__par          9.90222e-142
xdut.xbias__xrz__2__par           -3.00072e-25
xdut.xbias__xrt__1__par          -1.79046e-142
xdut.xbias__na__par              -8.60959e-154
xdut.xbias__er__par               9.90223e-142
xdut.xbias__nbtop__par           -1.79046e-142
xdut.xbias__nbg__par               3.40922e-22
xdut.xbias__xrz__1__par           -3.00073e-25
xdut.xbias__xrz__3__par           -3.00072e-25
xdut.xbias__xr1__1__par          -1.79046e-142
xdut.xbias__xr2__13__par          9.90222e-142
xdut.xbias__xr2__11__par          9.90221e-142
xdut.xbias__xr2__1__par           9.90217e-142
xdut.xbias__xr2__3__par           9.90218e-142
xdut.xbias__xr2__5__par           9.90218e-142
xdut.xbias__xr2__7__par           9.90219e-142
xdut.xbias__xr2__9__par            9.9022e-142
xdut.xbias__pb__par               -3.40922e-22
xdut.xbias__xr2__15__par          9.90223e-142
xdut.bias_ok__par                -5.35061e-175
xdut.xcmp__bias_okb__par         -2.83084e-137
xdut.ctat__par                     2.94978e-51
xdut.resetn__par                  -5.51881e-31
xdut.xtemp__enb__par                         0
xdut.ibias__par                    2.23358e-22
xdut.xtemp__m1d__par              -5.27898e-50
xdut.xtemp__m2d__par               8.38779e-96
xdut.xtemp__m3d__par             -1.69653e-102
xdut.xtemp__n1__par               -1.77178e-24
xdut.xtemp__n2__par                7.82914e-25
xdut.xtemp__na__par                2.94978e-51
xdut.xtemp__nb__par                3.44042e-96
xdut.xtemp__nbg__par              -8.90223e-39
xdut.xtemp__nc__par                3.44042e-96
xdut.xtemp__nd__par                4.40245e-37
xdut.xtemp__nr__par              -7.67826e-101
xdut.xtemp__nt__par                 -3.413e-24
xdut.xtemp__nz__par                7.82914e-25
xdut.xtemp__pb__par                1.17155e-42
xdut.xtemp__pcas__par              5.67321e-44
xdut.xtemp__pg__par               -5.14498e-22
xdut.por_raw__par                 -1.9983e-102
xdut.ptat__par                   -3.83246e-108
xdut.xtemp__t0__par              -9.34093e-111
xdut.xtemp__t1__par              -2.75101e-110
xdut.xtemp__t2__par              -6.33727e-110
xdut.xtemp__t3__par              -1.34598e-109
xdut.xtemp__t4__par              -2.76535e-109
xdut.xtemp__t5__par              -5.59897e-109
xdut.vdd__par                                0
xdut.vref__par                    9.90216e-142
xdut.vss__par                                0
vsup#branch                       -5.48722e-34

 Reference value :  0.00000e+00
 Reference value :  2.43604e-04
 Reference value :  2.55869e-04
 Reference value :  4.23004e-04
 Reference value :  5.29672e-04
 Reference value :  5.37939e-04
 Reference value :  5.67060e-04
 Reference value :  5.80545e-04
 Reference value :  9.39874e-04
 Reference value :  9.47403e-04
 Reference value :  9.63634e-04
 Reference value :  9.72562e-04
 Reference value :  3.03256e-03
 Reference value :  6.57256e-03
 Reference value :  1.00926e-02
 Reference value :  1.09586e-02
 Reference value :  1.09598e-02
 Reference value :  1.09630e-02
 Reference value :  1.09657e-02
 Reference value :  1.09691e-02
 Reference value :  1.24101e-02
 Reference value :  1.59501e-02
 Reference value :  1.95301e-02
 Reference value :  2.00001e-02
 Reference value :  2.00003e-02
 Reference value :  2.00003e-02
 Reference value :  2.00022e-02
 Reference value :  2.00023e-02
 Reference value :  2.00030e-02
 Reference value :  2.04868e-02
 Reference value :  2.40668e-02
 Reference value :  2.56444e-02
 Reference value :  2.56486e-02
 Reference value :  2.56501e-02
 Reference value :  2.56545e-02
 Reference value :  2.56577e-02
No. of Data Rows : 3876
vrst_pre            =  2.97000e+00
vdd_glitch          =  2.00000e-01
vrst_droop          =  8.69762e-09 at=  2.00005e-02
vrst_min            =  -1.68184e-06 at=  2.56465e-02
vrst_post           =  2.59086e-10
vpor_min            =  2.97000e+00 at=  2.01268e-02
m_resetn_pre_glitch_v = 2.9700000000e+00
m_vdd_glitch_v = 2.0000000000e-01
m_resetn_droop_during_glitch_v = 8.6976200000e-09
m_resetn_min_after_glitch_v = -1.681844000e-06
m_resetn_post_glitch_v = 2.5908570000e-10
m_por_raw_min_after_glitch_v = 2.9699990000e+00
Note: Simulation executed from .control section 

Warning: m=xx on .subckt line will override multiplier m hierarchy!

