
Note: Compatibility modes selected: hs a


Circuit: * temp-accuracy-vt @ bjt_ff_27c_3.63v -- generated by sim/harness, do not edit

Doing analysis at TEMP = 27.000000 and TNOM = 27.000000

Using SPARSE 1.3 as Direct Linear Solver

Initial Transient Solution
--------------------------

Node                                   Voltage
----                                   -------
vdd                                          0
ptat                             -2.92064e-113
ctat                              -4.03823e-91
resetn                            3.78384e-110
xdut.xbias.na                      8.58918e-95
xdut.xbias.pg                    -1.10433e-111
xdut.xbias.nbtop                   2.47268e-91
xdut.vref                         1.52331e-101
xdut.xbias.nbg                    3.89372e-118
xdut.xbias.xrt.11                  2.47268e-91
xdut.xbias.xrt.21                  2.47268e-91
xdut.xbias.nb                      2.47268e-91
xdut.xbias.xr1.11                  2.47268e-91
xdut.xbias.xr1.21                  2.47268e-91
xdut.xbias.ec                      2.47268e-91
xdut.xbias.xr2.11                 1.52331e-101
xdut.xbias.xr2.21                 1.52331e-101
xdut.xbias.er                     1.52331e-101
xdut.xbias.pb                     1.60185e-117
xdut.ibias                        6.63025e-105
xdut.xbias.nt                    -2.23987e-116
xdut.xbias.n1                    -7.59124e-114
xdut.xbias.n2                     4.22702e-114
xdut.xbias.nz                     4.22702e-114
xdut.xbias.xrz.11                 4.22702e-114
xdut.xbias.xrz.21                 4.22702e-114
xdut.xbias.ks1                   -3.62497e-111
xdut.xbias.ks2                    4.51651e-110
xdut.xbias.ks3                   -5.58998e-109
xdut.xbias.ks4                    6.91729e-108
xdut.xbias.nkg                   -8.56216e-107
xdut.xbias.nkm                   -3.14669e-118
xdut.xbias.tok                    1.10419e-117
xdut.xbias.noko                  -3.39365e-120
xdut.xbias.nokl                     3.286e-115
xdut.xbias.nokx                  -5.00587e-117
xdut.bias_ok                     -6.17707e-107
xdut.xtemp.nbg                   -8.04975e-105
xdut.xtemp.enb                    1.43604e-141
xdut.xtemp.pb                    -2.39336e-110
xdut.xtemp.pcas                  -5.77982e-110
xdut.xtemp.nt                     4.92493e-110
xdut.xtemp.n1                     1.42001e-109
xdut.xtemp.na                     -4.03823e-91
xdut.xtemp.n2                     6.92456e-110
xdut.xtemp.nb                     -9.19553e-86
xdut.xtemp.pg                    -1.76646e-109
xdut.xtemp.nz                     6.92456e-110
xdut.xtemp.xrz.11                 6.92456e-110
xdut.xtemp.xrz.21                 6.92456e-110
xdut.xtemp.m1d                     1.95538e-91
xdut.xtemp.m2d                     3.53688e-85
xdut.xtemp.m3d                     3.5534e-107
xdut.xtemp.nd                    -9.22632e-111
xdut.xtemp.nr                     1.64712e-115
xdut.xtemp.nc                     -9.19553e-86
xdut.xtemp.xr1.11                 -9.19553e-86
xdut.xtemp.xr1.21                 -9.19553e-86
xdut.xtemp.xr2f.11               -2.92048e-113
xdut.xtemp.xr2f.21               -4.26086e-114
xdut.xtemp.t5                    -4.25925e-114
xdut.xtemp.xr2t5.11              -4.25765e-114
xdut.xtemp.xr2t5.21              -2.09749e-114
xdut.xtemp.t4                    -2.09588e-114
xdut.xtemp.xr2t4.11              -2.09427e-114
xdut.xtemp.xr2t4.21              -1.01576e-114
xdut.xtemp.t3                    -1.01416e-114
xdut.xtemp.xr2t3.11              -1.01255e-114
xdut.xtemp.xr2t3.21              -4.74849e-115
xdut.xtemp.t2                    -4.73241e-115
xdut.xtemp.xr2t2.11              -4.71634e-115
xdut.xtemp.xr2t2.21              -2.04384e-115
xdut.xtemp.t1                    -2.02776e-115
xdut.xtemp.xr2t1.11              -2.01169e-115
xdut.xtemp.xr2t1.21              -6.92369e-116
xdut.xtemp.t0                    -6.76293e-116
xdut.xtemp.xr2t0.11              -6.60217e-116
xdut.xtemp.xr2t0.21              -1.60759e-117
xdut.xtemp.xriso.11               -4.03823e-91
xdut.xtemp.xriso.21               -4.03823e-91
xdut.xcmp.bias_okb                9.03732e-170
xdut.xcmp.nbg                    -8.03136e-105
xdut.xcmp.sns                     9.21775e-140
xdut.xcmp.xrtop.11                9.21774e-140
xdut.xcmp.xrtop.21                 1.2847e-145
xdut.xcmp.snsb                    1.71187e-139
xdut.xcmp.xrbot.11                1.71187e-139
xdut.xcmp.xrbot.21                9.21776e-140
xdut.xcmp.xrhys.11                2.43068e-144
xdut.xcmp.xrhys.21                1.71185e-139
xdut.xcmp.n1                      1.13093e-128
xdut.xcmp.tn                      4.21512e-123
xdut.xcmp.na                     -5.65618e-123
xdut.xcmp.cmpo                    3.50292e-125
xdut.xcmp.vdda                    -7.9195e-124
xdut.por_raw                     -1.19545e-128
xdut.xpor.pdn                    -8.69595e-157
xdut.xpor.ndl                     1.60281e-122
xdut.xpor.ndgp                   -9.64747e-123
xdut.xpor.ndg                    -8.32296e-122
xdut.xpor.ndgn                    1.53129e-121
xdut.xpor.pgdg                   -4.89482e-113
xdut.xpor.pgdgb                  -1.29652e-121
xdut.xpor.nts                     8.73275e-122
xdut.xpor.tim                     4.09256e-120
xdut.xpor.nd1                    -5.94829e-131
xdut.xpor.trip                   -9.83092e-119
xdut.xpor.rstb                   -3.81111e-108
xdut.xpor.nnand                   1.37861e-107
vddr                                         0
ptatr                            -2.91973e-113
ctatr                             -4.03823e-91
resetnr                           3.78384e-110
xdutr.xbias.na                     8.58918e-95
xdutr.xbias.pg                   -1.10433e-111
xdutr.xbias.nbtop                  2.47268e-91
xdutr.vref                        1.52331e-101
xdutr.xbias.nbg                   3.89372e-118
xdutr.xbias.xrt.11                 2.47268e-91
xdutr.xbias.xrt.21                 2.47268e-91
xdutr.xbias.nb                     2.47268e-91
xdutr.xbias.xr1.11                 2.47268e-91
xdutr.xbias.xr1.21                 2.47268e-91
xdutr.xbias.ec                     2.47268e-91
xdutr.xbias.xr2.11                1.52331e-101
xdutr.xbias.xr2.21                1.52331e-101
xdutr.xbias.er                    1.52331e-101
xdutr.xbias.pb                    1.60185e-117
xdutr.ibias                       6.63025e-105
xdutr.xbias.nt                   -2.23987e-116
xdutr.xbias.n1                   -7.59124e-114
xdutr.xbias.n2                    4.22702e-114
xdutr.xbias.nz                    4.22702e-114
xdutr.xbias.xrz.11                4.22702e-114
xdutr.xbias.xrz.21                4.22702e-114
xdutr.xbias.ks1                  -3.62492e-111
xdutr.xbias.ks2                   4.51645e-110
xdutr.xbias.ks3                  -5.59008e-109
xdutr.xbias.ks4                   6.91767e-108
xdutr.xbias.nkg                  -8.56216e-107
xdutr.xbias.nkm                  -3.14669e-118
xdutr.xbias.tok                   1.10395e-117
xdutr.xbias.noko                 -3.39435e-120
xdutr.xbias.nokl                    3.286e-115
xdutr.xbias.nokx                 -5.00587e-117
xdutr.bias_ok                    -6.17707e-107
xdutr.xtemp.nbg                  -8.04975e-105
xdutr.xtemp.enb                   1.43604e-141
xdutr.xtemp.pb                   -2.39336e-110
xdutr.xtemp.pcas                 -5.77982e-110
xdutr.xtemp.nt                    4.92493e-110
xdutr.xtemp.n1                    1.42001e-109
xdutr.xtemp.na                    -4.03823e-91
xdutr.xtemp.n2                    6.92456e-110
xdutr.xtemp.nb                    -9.19553e-86
xdutr.xtemp.pg                   -1.76676e-109
xdutr.xtemp.nz                    6.92456e-110
xdutr.xtemp.xrz.11                6.92456e-110
xdutr.xtemp.xrz.21                6.92456e-110
xdutr.xtemp.m1d                    1.95538e-91
xdutr.xtemp.m2d                    3.53688e-85
xdutr.xtemp.m3d                    3.5523e-107
xdutr.xtemp.nd                   -9.22688e-111
xdutr.xtemp.nr                    1.64707e-115
xdutr.xtemp.nc                    -9.19553e-86
xdutr.xtemp.xr1.11                -9.19553e-86
xdutr.xtemp.xr1.21                -9.19553e-86
xdutr.xtemp.xr2f.11              -2.91957e-113
xdutr.xtemp.xr2f.21              -4.25953e-114
xdutr.xtemp.t5                   -4.25793e-114
xdutr.xtemp.xr2t5.11             -4.25632e-114
xdutr.xtemp.xr2t5.21             -2.09684e-114
xdutr.xtemp.t4                   -2.09523e-114
xdutr.xtemp.xr2t4.11             -2.09362e-114
xdutr.xtemp.xr2t4.21             -1.01545e-114
xdutr.xtemp.t3                   -1.01384e-114
xdutr.xtemp.xr2t3.11             -1.01223e-114
xdutr.xtemp.xr2t3.21             -4.74701e-115
xdutr.xtemp.t2                   -4.73094e-115
xdutr.xtemp.xr2t2.11             -4.71487e-115
xdutr.xtemp.xr2t2.21              -2.0432e-115
xdutr.xtemp.t1                   -2.02713e-115
xdutr.xtemp.xr2t1.11             -2.01106e-115
xdutr.xtemp.xr2t1.21             -6.92153e-116
xdutr.xtemp.t0                   -6.76082e-116
xdutr.xtemp.xr2t0.11             -6.60011e-116
xdutr.xtemp.xr2t0.21             -1.60709e-117
xdutr.xtemp.xriso.11              -4.03823e-91
xdutr.xtemp.xriso.21              -4.03823e-91
xdutr.xcmp.bias_okb               9.03732e-170
xdutr.xcmp.nbg                   -8.03136e-105
xdutr.xcmp.sns                    9.21871e-140
xdutr.xcmp.xrtop.11                9.2187e-140
xdutr.xcmp.xrtop.21               1.28484e-145
xdutr.xcmp.snsb                   1.71205e-139
xdutr.xcmp.xrbot.11               1.71205e-139
xdutr.xcmp.xrbot.21               9.21873e-140
xdutr.xcmp.xrhys.11               2.43094e-144
xdutr.xcmp.xrhys.21               1.71203e-139
xdutr.xcmp.n1                     1.13093e-128
xdutr.xcmp.tn                     4.21511e-123
xdutr.xcmp.na                    -5.65616e-123
xdutr.xcmp.cmpo                   3.50385e-125
xdutr.xcmp.vdda                  -7.91889e-124
xdutr.por_raw                    -1.19545e-128
xdutr.xpor.pdn                   -8.69606e-157
xdutr.xpor.ndl                    1.60281e-122
xdutr.xpor.ndgp                  -9.64747e-123
xdutr.xpor.ndg                   -8.32296e-122
xdutr.xpor.ndgn                   1.53129e-121
xdutr.xpor.pgdg                  -4.89482e-113
xdutr.xpor.pgdgb                 -1.29652e-121
xdutr.xpor.nts                    8.73275e-122
xdutr.xpor.tim                    4.09256e-120
xdutr.xpor.nd1                   -5.94829e-131
xdutr.xpor.trip                  -9.83092e-119
xdutr.xpor.rstb                  -3.81111e-108
xdutr.xpor.nnand                  1.37861e-107
tk                                      300.15
btk#branch                         -3.0015e-07
vsupr#branch                       4.61857e-97
vsup#branch                        4.61857e-97

 Reference value :  0.00000e+00
 Reference value :  1.39256e-04
 Reference value :  1.56013e-04
 Reference value :  1.74730e-04
 Reference value :  3.09947e-04
 Reference value :  3.51781e-04
 Reference value :  3.73650e-04
 Reference value :  3.83920e-04
 Reference value :  3.83969e-04
 Reference value :  3.84663e-04
 Reference value :  4.06940e-04
 Reference value :  4.16238e-04
 Reference value :  4.18088e-04
 Reference value :  4.19736e-04
 Reference value :  4.19851e-04
 Reference value :  4.23653e-04
 Reference value :  4.50000e-04
 Reference value :  4.52309e-04
 Reference value :  4.59664e-04
 Reference value :  7.69616e-04
 Reference value :  7.77773e-04
 Reference value :  7.77882e-04
 Reference value :  7.83200e-04
 Reference value :  7.90178e-04
 Reference value :  7.95777e-04
 Reference value :  8.49553e-04
 Reference value :  8.49904e-04
 Reference value :  8.61534e-04
 Reference value :  8.61990e-04
 Reference value :  1.00026e-03
 Reference value :  2.20041e-03
 Reference value :  3.64041e-03
 Reference value :  5.03041e-03
 Reference value :  6.51041e-03
 Reference value :  7.92041e-03
 Reference value :  9.36041e-03
 Reference value :  1.00596e-02
 Reference value :  1.00613e-02
 Reference value :  1.00620e-02
 Reference value :  1.00630e-02
 Reference value :  1.00642e-02
 Reference value :  1.00653e-02
 Reference value :  1.00669e-02
 Reference value :  1.00883e-02
 Reference value :  1.00883e-02
 Reference value :  1.00885e-02
 Reference value :  1.01018e-02
 Reference value :  1.01032e-02
 Reference value :  1.01033e-02
 Reference value :  1.01043e-02
 Reference value :  1.01046e-02
 Reference value :  1.01048e-02
 Reference value :  1.01058e-02
 Reference value :  1.01068e-02
 Reference value :  1.01070e-02
 Reference value :  1.01080e-02
 Reference value :  1.01505e-02
 Reference value :  1.08318e-02
 Reference value :  1.08477e-02
 Reference value :  1.08484e-02
 Reference value :  1.08485e-02
 Reference value :  1.08493e-02
 Reference value :  1.08501e-02
 Reference value :  1.08502e-02
 Reference value :  1.08513e-02
 Reference value :  1.08515e-02
 Reference value :  1.08524e-02
 Reference value :  1.08539e-02
 Reference value :  1.08774e-02
 Reference value :  1.08842e-02
 Reference value :  1.08842e-02
 Reference value :  1.08842e-02
 Reference value :  1.08843e-02
 Reference value :  1.08887e-02
 Reference value :  1.08903e-02
 Reference value :  1.08904e-02
 Reference value :  1.08911e-02
 Reference value :  1.08916e-02
 Reference value :  1.08919e-02
 Reference value :  1.08928e-02
 Reference value :  1.08937e-02
 Reference value :  1.08939e-02
 Reference value :  1.08949e-02
 Reference value :  1.09086e-02
 Reference value :  1.16138e-02
 Reference value :  1.25138e-02
 Reference value :  1.34338e-02
 Reference value :  1.43438e-02
 Reference value :  1.52638e-02
 Reference value :  1.62238e-02
 Reference value :  1.71238e-02
 Reference value :  1.80938e-02
 Reference value :  1.90338e-02
 Reference value :  1.99738e-02
 Reference value :  2.08538e-02
 Reference value :  2.17638e-02
 Reference value :  2.27238e-02
 Reference value :  2.36338e-02
 Reference value :  2.45338e-02
 Reference value :  2.54538e-02
 Reference value :  2.63438e-02
 Reference value :  2.71538e-02
 Reference value :  2.79638e-02
 Reference value :  2.88038e-02
 Reference value :  2.96738e-02
 Reference value :  3.06438e-02
 Reference value :  3.17838e-02
No. of Data Rows : 6854
iq_pre              =  -1.21029e-06 from=  1.50000e-03 to=  1.90041e-03
iq_post             =  -1.05051e-05 from=  2.80000e-02 to=  3.00038e-02
trel                =  1.08484e-02
vrst_post           =  3.63000e+00
vdd_post            =  3.63000e+00
vptat_post          =  1.29239e+00
vctat_post          =  6.47243e-01
vtk_post            =  3.00150e+02
vrstr_post          =  3.30000e+00
vptatr_post         =  1.29231e+00
vctatr_post         =  6.47243e-01
m_vptat_v = 1.2923870000e+00
m_vctat_v = 6.4724290000e-01
m_ptat_k_mvk = 4.3058037648e+00
m_terr_untrim_c = -2.116406914e-01
m_terr_supply_c = 1.6709825981e-02
m_vctat_supply_mv = 3.0000000006e-04
m_vout_margin_v = 4.4724290000e-01
m_resetn_released_v = 3.6300000000e+00
m_resetn_ref_released_v = 3.3000000000e+00
m_t_release_ms = 1.0848410000e+01
m_iq_por_ua = 1.2102900000e+00
m_iq_total_ua = 1.0505140000e+01
m_temp_iq_ua = 9.2948500000e+00
Note: Simulation executed from .control section 

Warning: m=xx on .subckt line will override multiplier m hierarchy!

Note: Starting dynamic gmin stepping
Note: Dynamic gmin stepping completed
