
Note: Compatibility modes selected: hs a


Circuit: * temp-accuracy-vt @ ff_27c_3.30v -- generated by sim/harness, do not edit

Doing analysis at TEMP = 27.000000 and TNOM = 27.000000

Using SPARSE 1.3 as Direct Linear Solver

Initial Transient Solution
--------------------------

Node                                   Voltage
----                                   -------
vdd                                          0
ptat                               -6.2948e-24
ctat                              -1.12844e-79
resetn                            1.00612e-234
xdut.xbias.na                      1.42879e-78
xdut.xbias.pg                     -3.13191e-94
xdut.xbias.nbtop                  -1.13615e-82
xdut.vref                         -1.99529e-89
xdut.xbias.nbg                   -3.19433e-115
xdut.xbias.xrt.11                 -1.13615e-82
xdut.xbias.xrt.21                 -1.13615e-82
xdut.xbias.nb                     -1.13615e-82
xdut.xbias.xr1.11                 -1.13615e-82
xdut.xbias.xr1.21                 -1.13615e-82
xdut.xbias.ec                     -1.13615e-82
xdut.xbias.xr2.11                 -1.99529e-89
xdut.xbias.xr2.21                 -1.99529e-89
xdut.xbias.er                     -1.99529e-89
xdut.xbias.pb                    -2.38484e-115
xdut.ibias                         3.04674e-18
xdut.xbias.nt                     -2.80152e-96
xdut.xbias.n1                      3.36982e-97
xdut.xbias.n2                      4.82131e-95
xdut.xbias.nz                      4.82131e-95
xdut.xbias.xrz.11                  4.82131e-95
xdut.xbias.xrz.21                  4.82131e-95
xdut.xbias.ks1                     4.70574e-99
xdut.xbias.ks2                    -7.73637e-99
xdut.xbias.ks3                     8.04764e-99
xdut.xbias.ks4                    -5.42858e-99
xdut.xbias.nkg                    1.52275e-100
xdut.xbias.nkm                    6.77501e-115
xdut.xbias.tok                    -3.45606e-99
xdut.xbias.noko                   -5.31326e-98
xdut.xbias.nokl                  -1.22606e-100
xdut.xbias.nokx                   1.45252e-114
xdut.bias_ok                       7.57555e-18
xdut.xtemp.nbg                     1.48363e-18
xdut.xtemp.enb                     5.79275e-19
xdut.xtemp.pb                     4.79954e-113
xdut.xtemp.pcas                  -3.25363e-130
xdut.xtemp.nt                      2.65621e-91
xdut.xtemp.n1                      2.86661e-91
xdut.xtemp.na                     -1.12844e-79
xdut.xtemp.n2                      1.23825e-90
xdut.xtemp.nb                      6.72847e-70
xdut.xtemp.pg                     -1.60755e-94
xdut.xtemp.nz                      1.23825e-90
xdut.xtemp.xrz.11                  1.23825e-90
xdut.xtemp.xrz.21                  1.23825e-90
xdut.xtemp.m1d                     4.83469e-79
xdut.xtemp.m2d                    -3.84309e-69
xdut.xtemp.m3d                    -2.46314e-30
xdut.xtemp.nd                      5.90673e-19
xdut.xtemp.nr                     -8.26074e-98
xdut.xtemp.nc                      6.72847e-70
xdut.xtemp.xr1.11                  6.72847e-70
xdut.xtemp.xr1.21                  6.72847e-70
xdut.xtemp.xr2f.11                 -6.2948e-24
xdut.xtemp.xr2f.21                 -6.2948e-24
xdut.xtemp.t5                      -6.2948e-24
xdut.xtemp.xr2t5.11               -6.26806e-24
xdut.xtemp.xr2t5.21                 2.2479e-23
xdut.xtemp.t4                      2.25058e-23
xdut.xtemp.xr2t4.11                 2.2479e-23
xdut.xtemp.xr2t4.21                8.12614e-24
xdut.xtemp.t3                       8.0994e-24
xdut.xtemp.xr2t3.11                8.07265e-24
xdut.xtemp.xr2t3.21                9.16857e-25
xdut.xtemp.t2                      8.90114e-25
xdut.xtemp.xr2t2.11                8.63371e-25
xdut.xtemp.xr2t2.21               -2.69325e-24
xdut.xtemp.t1                     -2.71999e-24
xdut.xtemp.xr2t1.11               -2.69325e-24
xdut.xtemp.xr2t1.21               -9.37468e-25
xdut.xtemp.t0                     -9.10725e-25
xdut.xtemp.xr2t0.11               -8.83982e-25
xdut.xtemp.xr2t0.21               -2.67428e-26
xdut.xtemp.xriso.11               -1.12844e-79
xdut.xtemp.xriso.21               -1.12844e-79
xdut.xcmp.bias_okb                 5.79275e-19
xdut.xcmp.nbg                      1.48363e-18
xdut.xcmp.sns                    -1.94157e-241
xdut.xcmp.xrtop.11               -1.94157e-241
xdut.xcmp.xrtop.21               -1.73312e-247
xdut.xcmp.snsb                   -1.82942e-241
xdut.xcmp.xrbot.11               -1.82942e-241
xdut.xcmp.xrbot.21               -1.94157e-241
xdut.xcmp.xrhys.11                1.73776e-247
xdut.xcmp.xrhys.21               -1.82942e-241
xdut.xcmp.n1                       5.79275e-19
xdut.xcmp.tn                       -1.0233e-88
xdut.xcmp.na                       1.02768e-88
xdut.xcmp.cmpo                     2.54229e-89
xdut.xcmp.vdda                    -2.53429e-90
xdut.por_raw                      -5.79275e-19
xdut.xpor.pdn                     6.16947e-130
xdut.xpor.ndl                     7.51195e-103
xdut.xpor.ndgp                     4.18212e-19
xdut.xpor.ndg                      4.18432e-18
xdut.xpor.ndgn                    -1.36677e-18
xdut.xpor.pgdg                     6.65668e-18
xdut.xpor.pgdgb                   3.74177e-246
xdut.xpor.nts                    -5.85036e-101
xdut.xpor.tim                     8.31122e-100
xdut.xpor.nd1                     2.22497e-109
xdut.xpor.trip                   -2.41975e-100
xdut.xpor.rstb                     6.35782e-19
xdut.xpor.nnand                   -7.06872e-18
vddr                                         0
ptatr                              -6.2948e-24
ctatr                             -1.12844e-79
resetnr                           1.00612e-234
xdutr.xbias.na                     1.42879e-78
xdutr.xbias.pg                    -3.13191e-94
xdutr.xbias.nbtop                 -1.13615e-82
xdutr.vref                        -1.99529e-89
xdutr.xbias.nbg                  -3.19433e-115
xdutr.xbias.xrt.11                -1.13615e-82
xdutr.xbias.xrt.21                -1.13615e-82
xdutr.xbias.nb                    -1.13615e-82
xdutr.xbias.xr1.11                -1.13615e-82
xdutr.xbias.xr1.21                -1.13615e-82
xdutr.xbias.ec                    -1.13615e-82
xdutr.xbias.xr2.11                -1.99529e-89
xdutr.xbias.xr2.21                -1.99529e-89
xdutr.xbias.er                    -1.99529e-89
xdutr.xbias.pb                   -2.38484e-115
xdutr.ibias                        3.04674e-18
xdutr.xbias.nt                    -2.80084e-96
xdutr.xbias.n1                     3.37027e-97
xdutr.xbias.n2                     4.82131e-95
xdutr.xbias.nz                     4.82131e-95
xdutr.xbias.xrz.11                 4.82131e-95
xdutr.xbias.xrz.21                 4.82131e-95
xdutr.xbias.ks1                    4.70569e-99
xdutr.xbias.ks2                   -7.73653e-99
xdutr.xbias.ks3                    8.04769e-99
xdutr.xbias.ks4                   -5.42855e-99
xdutr.xbias.nkg                   1.52267e-100
xdutr.xbias.nkm                   6.77501e-115
xdutr.xbias.tok                   -3.45795e-99
xdutr.xbias.noko                  -5.31327e-98
xdutr.xbias.nokl                 -1.22676e-100
xdutr.xbias.nokx                  1.45252e-114
xdutr.bias_ok                      7.57555e-18
xdutr.xtemp.nbg                    1.48363e-18
xdutr.xtemp.enb                    5.79275e-19
xdutr.xtemp.pb                    4.79954e-113
xdutr.xtemp.pcas                 -3.25363e-130
xdutr.xtemp.nt                     2.65621e-91
xdutr.xtemp.n1                     2.86661e-91
xdutr.xtemp.na                    -1.12844e-79
xdutr.xtemp.n2                     1.23825e-90
xdutr.xtemp.nb                     6.72847e-70
xdutr.xtemp.pg                    -1.60746e-94
xdutr.xtemp.nz                     1.23825e-90
xdutr.xtemp.xrz.11                 1.23825e-90
xdutr.xtemp.xrz.21                 1.23825e-90
xdutr.xtemp.m1d                    4.83469e-79
xdutr.xtemp.m2d                   -3.84309e-69
xdutr.xtemp.m3d                   -2.46192e-30
xdutr.xtemp.nd                     5.90678e-19
xdutr.xtemp.nr                    -8.26073e-98
xdutr.xtemp.nc                     6.72847e-70
xdutr.xtemp.xr1.11                 6.72847e-70
xdutr.xtemp.xr1.21                 6.72847e-70
xdutr.xtemp.xr2f.11                -6.2948e-24
xdutr.xtemp.xr2f.21                -6.2948e-24
xdutr.xtemp.t5                     -6.2948e-24
xdutr.xtemp.xr2t5.11              -6.26806e-24
xdutr.xtemp.xr2t5.21                2.2479e-23
xdutr.xtemp.t4                     2.25058e-23
xdutr.xtemp.xr2t4.11                2.2479e-23
xdutr.xtemp.xr2t4.21               8.12614e-24
xdutr.xtemp.t3                      8.0994e-24
xdutr.xtemp.xr2t3.11               8.07265e-24
xdutr.xtemp.xr2t3.21               9.16857e-25
xdutr.xtemp.t2                     8.90114e-25
xdutr.xtemp.xr2t2.11               8.63371e-25
xdutr.xtemp.xr2t2.21              -2.69325e-24
xdutr.xtemp.t1                    -2.71999e-24
xdutr.xtemp.xr2t1.11              -2.69325e-24
xdutr.xtemp.xr2t1.21              -9.37468e-25
xdutr.xtemp.t0                    -9.10725e-25
xdutr.xtemp.xr2t0.11              -8.83982e-25
xdutr.xtemp.xr2t0.21              -2.67428e-26
xdutr.xtemp.xriso.11              -1.12844e-79
xdutr.xtemp.xriso.21              -1.12844e-79
xdutr.xcmp.bias_okb                5.79275e-19
xdutr.xcmp.nbg                     1.48363e-18
xdutr.xcmp.sns                    4.49098e-241
xdutr.xcmp.xrtop.11               4.49098e-241
xdutr.xcmp.xrtop.21               6.69373e-248
xdutr.xcmp.snsb                   1.08174e-243
xdutr.xcmp.xrbot.11               1.08168e-243
xdutr.xcmp.xrbot.21               4.49098e-241
xdutr.xcmp.xrhys.11              -6.66133e-248
xdutr.xcmp.xrhys.21               1.08181e-243
xdutr.xcmp.n1                      5.79275e-19
xdutr.xcmp.tn                     -1.02331e-88
xdutr.xcmp.na                      1.02768e-88
xdutr.xcmp.cmpo                    2.54224e-89
xdutr.xcmp.vdda                   -2.53422e-90
xdutr.por_raw                     -5.79275e-19
xdutr.xpor.pdn                    6.16947e-130
xdutr.xpor.ndl                    7.51195e-103
xdutr.xpor.ndgp                    4.18212e-19
xdutr.xpor.ndg                     4.18432e-18
xdutr.xpor.ndgn                   -1.36677e-18
xdutr.xpor.pgdg                    6.65668e-18
xdutr.xpor.pgdgb                  3.74177e-246
xdutr.xpor.nts                   -5.85036e-101
xdutr.xpor.tim                    8.31122e-100
xdutr.xpor.nd1                    2.22497e-109
xdutr.xpor.trip                  -2.41975e-100
xdutr.xpor.rstb                    6.35782e-19
xdutr.xpor.nnand                  -7.06872e-18
tk                                      300.15
btk#branch                         -3.0015e-07
vsupr#branch                       3.00607e-29
vsup#branch                        3.00607e-29

 Reference value :  0.00000e+00
 Reference value :  1.17123e-04
 Reference value :  1.49321e-04
 Reference value :  2.87331e-04
 Reference value :  3.09746e-04
 Reference value :  3.45910e-04
 Reference value :  3.47364e-04
 Reference value :  3.47474e-04
 Reference value :  3.62366e-04
 Reference value :  3.68103e-04
 Reference value :  3.72541e-04
 Reference value :  7.99589e-04
 Reference value :  8.33964e-04
 Reference value :  8.34016e-04
 Reference value :  8.37420e-04
 Reference value :  8.42895e-04
 Reference value :  8.45946e-04
 Reference value :  1.08694e-03
 Reference value :  2.03694e-03
 Reference value :  2.97694e-03
 Reference value :  3.86694e-03
 Reference value :  4.80694e-03
 Reference value :  5.72694e-03
 Reference value :  6.68694e-03
 Reference value :  7.24326e-03
 Reference value :  7.25364e-03
 Reference value :  7.25405e-03
 Reference value :  7.25417e-03
 Reference value :  7.25503e-03
 Reference value :  7.25522e-03
 Reference value :  7.25552e-03
 Reference value :  7.25613e-03
 Reference value :  7.25677e-03
 Reference value :  7.25934e-03
 Reference value :  7.40842e-03
 Reference value :  8.09842e-03
 Reference value :  9.04842e-03
 Reference value :  9.99842e-03
 Reference value :  1.09384e-02
 Reference value :  1.18484e-02
 Reference value :  1.27884e-02
 Reference value :  1.37484e-02
 Reference value :  1.46784e-02
 Reference value :  1.56284e-02
 Reference value :  1.65984e-02
 Reference value :  1.75384e-02
 Reference value :  1.84984e-02
 Reference value :  1.94584e-02
 Reference value :  2.03884e-02
 Reference value :  2.13084e-02
 Reference value :  2.22384e-02
 Reference value :  2.31684e-02
 Reference value :  2.40984e-02
 Reference value :  2.50484e-02
 Reference value :  2.59784e-02
 Reference value :  2.69284e-02
 Reference value :  2.78984e-02
 Reference value :  2.88384e-02
 Reference value :  2.97984e-02
 Reference value :  3.07484e-02
 Reference value :  3.17384e-02
No. of Data Rows : 4306
iq_pre              =  -1.58233e-06 from=  1.50000e-03 to=  1.90694e-03
iq_post             =  -1.32617e-05 from=  2.80000e-02 to=  3.00084e-02
trel                =  7.25403e-03
vrst_post           =  3.30000e+00
vdd_post            =  3.30000e+00
vptat_post          =  1.29202e+00
vctat_post          =  6.53011e-01
vtk_post            =  3.00150e+02
vrstr_post          =  3.30000e+00
vptatr_post         =  1.29202e+00
vctatr_post         =  6.53011e-01
m_vptat_v = 1.2920210000e+00
m_vctat_v = 6.5301130000e-01
m_ptat_k_mvk = 4.3045843745e+00
m_terr_untrim_c = -2.965823068e-01
m_terr_supply_c = 0.0000000000e+00
m_vctat_supply_mv = 0.0000000000e+00
m_vout_margin_v = 4.5301130000e-01
m_resetn_released_v = 3.3000000000e+00
m_resetn_ref_released_v = 3.3000000000e+00
m_t_release_ms = 7.2540320000e+00
m_iq_por_ua = 1.5823280000e+00
m_iq_total_ua = 1.3261690000e+01
m_temp_iq_ua = 1.1679362000e+01
Note: Simulation executed from .control section 

Warning: m=xx on .subckt line will override multiplier m hierarchy!

Note: Starting dynamic gmin stepping
Note: Dynamic gmin stepping completed
