
Note: Compatibility modes selected: hs a


Circuit: * bias-core-startup @ res_ff_125c_3.63v -- generated by sim/harness, do not edit

Doing analysis at TEMP = 125.000000 and TNOM = 27.000000

Using SPARSE 1.3 as Direct Linear Solver

Initial Transient Solution
--------------------------

Node                                   Voltage
----                                   -------
vddq                                         0
nibq                               -8.8275e-19
ibiasq                             -8.8275e-19
xqs.ks1                           -1.30871e-18
xqs.ks2                            1.12984e-18
xqs.ks3                            8.49421e-20
xqs.ks4                            1.22567e-18
xqs.nkg                           -1.76261e-18
xqs.pg                            -2.37302e-18
xqs.nbg                            5.10201e-19
xqs.pb                             3.61161e-19
xqs.nkm                            1.35285e-18
xqs.nokl                           2.85089e-18
xqs.noko                           4.44563e-19
xqs.nokx                          -4.07559e-19
xqs.n1                             2.21482e-18
xqs.n2                            -1.20549e-18
bias_okq                           5.24313e-19
xqs.tok                             7.5401e-19
xqs.nt                              2.4374e-18
xqs.na                             -7.0887e-19
xqs.nbtop                         -2.94752e-18
vrefq                              2.31638e-18
xqs.nb                            -2.94752e-18
xqs.ec                            -2.94752e-18
xqs.er                             2.31658e-18
xqs.nz                            -1.20549e-18
xqs.x47.11                         2.31638e-18
xqs.x47.21                         2.31639e-18
xqs.xr2__1                         2.31639e-18
xqs.xr2__2                          2.3164e-18
xqs.x48.11                          2.3164e-18
xqs.x48.21                         2.31639e-18
xqs.x49.11                          2.3164e-18
xqs.x49.21                         2.31641e-18
xqs.xr2__3                         2.31641e-18
xqs.xr2__4                         2.31643e-18
xqs.x50.11                         2.31643e-18
xqs.x50.21                         2.31641e-18
xqs.x51.11                         2.31643e-18
xqs.x51.21                         2.31644e-18
xqs.xr2__5                         2.31644e-18
xqs.xr2__6                         2.31645e-18
xqs.x52.11                         2.31645e-18
xqs.x52.21                         2.31644e-18
xqs.x53.11                         2.31645e-18
xqs.x53.21                         2.31647e-18
xqs.xr2__7                         2.31647e-18
xqs.xr2__8                         2.31648e-18
xqs.x54.11                         2.31648e-18
xqs.x54.21                         2.31647e-18
xqs.x55.11                         2.31648e-18
xqs.x55.21                         2.31649e-18
xqs.xr2__9                         2.31649e-18
xqs.xr2__10                        2.31651e-18
xqs.x56.11                         2.31651e-18
xqs.x56.21                         2.31649e-18
xqs.x57.11                         2.31651e-18
xqs.x57.21                         2.31652e-18
xqs.xr2__11                        2.31652e-18
xqs.xr2__12                        2.31653e-18
xqs.x58.11                         2.31653e-18
xqs.x58.21                         2.31652e-18
xqs.x59.11                         2.31653e-18
xqs.x59.21                         2.31654e-18
xqs.xr2__13                        2.31654e-18
xqs.xr2__14                        2.31656e-18
xqs.x60.11                         2.31656e-18
xqs.x60.21                         2.31654e-18
xqs.x61.11                         2.31656e-18
xqs.x61.21                         2.31657e-18
xqs.xr2__15                        2.31657e-18
xqs.x62.11                         2.31658e-18
xqs.x62.21                         2.31657e-18
xqs.x63.11                        -1.20549e-18
xqs.x63.21                        -1.20549e-18
xqs.xrz__1                        -1.20549e-18
xqs.xrz__2                        -1.20549e-18
xqs.x64.11                        -1.20549e-18
xqs.x64.21                        -1.20549e-18
xqs.x65.11                        -1.20549e-18
xqs.x65.21                        -1.20549e-18
xqs.xrz__3                        -1.20549e-18
xqs.x66.11                        -1.20549e-18
xqs.x66.21                        -1.20549e-18
xqs.x67.11                        -2.94752e-18
xqs.x67.21                        -2.94752e-18
xqs.xr1__1                        -2.94752e-18
xqs.x68.11                        -2.94752e-18
xqs.x68.21                        -2.94752e-18
xqs.x69.11                        -2.94752e-18
xqs.x69.21                        -2.94752e-18
xqs.xrt__1                        -2.94752e-18
xqs.x70.11                        -2.94752e-18
xqs.x70.21                        -2.94752e-18
xqs.n1__par                        2.21482e-18
xqs.n2__par                       -1.20549e-18
xqs.nkm__par                       1.35285e-18
xqs.tok__par                        7.5401e-19
xqs.noko__par                      4.44563e-19
xqs.nokl__par                      2.85089e-18
xqs.nokx__par                     -4.07559e-19
xqs.ks1__par                      -1.30871e-18
xqs.ks2__par                       1.12984e-18
xqs.ks3__par                       8.49421e-20
xqs.ks4__par                       1.22567e-18
xqs.nkg__par                      -1.76261e-18
xqs.nb__par                       -2.94752e-18
xqs.ec__par                       -2.94752e-18
xqs.nz__par                       -1.20549e-18
xqs.xrz__2__par                   -1.20549e-18
xqs.xr2__14__par                   2.31656e-18
xqs.xr2__12__par                   2.31653e-18
xqs.pg__par                       -2.37302e-18
xqs.xr2__10__par                   2.31651e-18
xqs.xr2__8__par                    2.31648e-18
xqs.xr2__6__par                    2.31645e-18
xqs.xr2__4__par                    2.31643e-18
xqs.xr2__2__par                     2.3164e-18
xqs.na__par                        -7.0887e-19
xqs.er__par                        2.31658e-18
xqs.xrt__1__par                   -2.94752e-18
xqs.nbtop__par                    -2.94752e-18
xqs.xr1__1__par                   -2.94752e-18
xqs.xrz__3__par                   -1.20549e-18
xqs.xrz__1__par                   -1.20549e-18
xqs.xr2__13__par                   2.31654e-18
xqs.xr2__11__par                   2.31652e-18
xqs.xr2__1__par                    2.31639e-18
xqs.xr2__3__par                    2.31641e-18
xqs.xr2__5__par                    2.31644e-18
xqs.xr2__7__par                    2.31647e-18
xqs.xr2__9__par                    2.31649e-18
xqs.xr2__15__par                   2.31657e-18
xqs.nbg__par                       5.10201e-19
xqs.pb__par                        3.61161e-19
xqs.nt__par                         2.4374e-18
xqs.bias_ok__par                   5.24313e-19
xqs.ibias__par                     -8.8275e-19
xqs.vdd__par                                 0
xqs.vref__par                      2.31638e-18
xqs.vss__par                                 0
relq                              -5.01882e-18
vddf                                         0
nibf                              -1.65894e-18
ibiasf                            -1.65894e-18
xqf.ks1                           -4.70671e-19
xqf.ks2                            1.16444e-18
xqf.ks3                           -6.54186e-19
xqf.ks4                             4.6775e-19
xqf.nkg                            5.87587e-19
xqf.pg                            -2.35744e-18
xqf.nbg                            1.04786e-18
xqf.pb                             4.39972e-19
xqf.nkm                           -5.26258e-20
xqf.nokl                          -1.72174e-18
xqf.noko                          -4.57468e-19
xqf.nokx                           3.93574e-19
xqf.n1                             2.58567e-18
xqf.n2                            -5.59096e-19
bias_okf                           4.70306e-18
xqf.tok                           -2.23352e-19
xqf.nt                             2.05516e-18
xqf.na                            -1.20259e-18
xqf.nbtop                         -2.93686e-18
vreff                             -9.87721e-20
xqf.nb                            -2.93686e-18
xqf.ec                            -2.93688e-18
xqf.er                            -9.85694e-20
xqf.nz                            -5.59096e-19
xqf.x47.11                        -9.87721e-20
xqf.x47.21                        -9.87595e-20
xqf.xr2__1                        -9.87595e-20
xqf.xr2__2                        -9.87468e-20
xqf.x48.11                        -9.87468e-20
xqf.x48.21                        -9.87595e-20
xqf.x49.11                        -9.87468e-20
xqf.x49.21                        -9.87341e-20
xqf.xr2__3                        -9.87341e-20
xqf.xr2__4                        -9.87215e-20
xqf.x50.11                        -9.87215e-20
xqf.x50.21                        -9.87341e-20
xqf.x51.11                        -9.87215e-20
xqf.x51.21                        -9.87088e-20
xqf.xr2__5                        -9.87088e-20
xqf.xr2__6                        -9.86961e-20
xqf.x52.11                        -9.86961e-20
xqf.x52.21                        -9.87088e-20
xqf.x53.11                        -9.86961e-20
xqf.x53.21                        -9.86835e-20
xqf.xr2__7                        -9.86834e-20
xqf.xr2__8                        -9.86708e-20
xqf.x54.11                        -9.86708e-20
xqf.x54.21                        -9.86834e-20
xqf.x55.11                        -9.86708e-20
xqf.x55.21                        -9.86581e-20
xqf.xr2__9                        -9.86581e-20
xqf.xr2__10                       -9.86454e-20
xqf.x56.11                        -9.86454e-20
xqf.x56.21                        -9.86581e-20
xqf.x57.11                        -9.86454e-20
xqf.x57.21                        -9.86328e-20
xqf.xr2__11                       -9.86328e-20
xqf.xr2__12                       -9.86201e-20
xqf.x58.11                        -9.86201e-20
xqf.x58.21                        -9.86328e-20
xqf.x59.11                        -9.86201e-20
xqf.x59.21                        -9.86074e-20
xqf.xr2__13                       -9.86074e-20
xqf.xr2__14                       -9.85948e-20
xqf.x60.11                        -9.85948e-20
xqf.x60.21                        -9.86074e-20
xqf.x61.11                        -9.85948e-20
xqf.x61.21                        -9.85821e-20
xqf.xr2__15                       -9.85821e-20
xqf.x62.11                        -9.85694e-20
xqf.x62.21                        -9.85821e-20
xqf.x63.11                        -5.59096e-19
xqf.x63.21                        -5.59096e-19
xqf.xrz__1                        -5.59096e-19
xqf.xrz__2                        -5.59096e-19
xqf.x64.11                        -5.59096e-19
xqf.x64.21                        -5.59096e-19
xqf.x65.11                        -5.59096e-19
xqf.x65.21                        -5.59096e-19
xqf.xrz__3                        -5.59096e-19
xqf.x66.11                        -5.59096e-19
xqf.x66.21                        -5.59096e-19
xqf.x67.11                        -2.93686e-18
xqf.x67.21                        -2.93687e-18
xqf.xr1__1                        -2.93687e-18
xqf.x68.11                        -2.93688e-18
xqf.x68.21                        -2.93687e-18
xqf.x69.11                        -2.93686e-18
xqf.x69.21                        -2.93686e-18
xqf.xrt__1                        -2.93686e-18
xqf.x70.11                        -2.93686e-18
xqf.x70.21                        -2.93686e-18
xqf.n1__par                        2.58567e-18
xqf.n2__par                       -5.59096e-19
xqf.nkm__par                      -5.26258e-20
xqf.tok__par                      -2.23352e-19
xqf.noko__par                     -4.57468e-19
xqf.nokl__par                     -1.72174e-18
xqf.nokx__par                      3.93574e-19
xqf.ks1__par                      -4.70671e-19
xqf.ks2__par                       1.16444e-18
xqf.ks3__par                      -6.54186e-19
xqf.ks4__par                        4.6775e-19
xqf.nkg__par                       5.87587e-19
xqf.nb__par                       -2.93686e-18
xqf.ec__par                       -2.93688e-18
xqf.nz__par                       -5.59096e-19
xqf.xrz__2__par                   -5.59096e-19
xqf.xr2__14__par                  -9.85948e-20
xqf.xr2__12__par                  -9.86201e-20
xqf.pg__par                       -2.35744e-18
xqf.xr2__10__par                  -9.86454e-20
xqf.xr2__8__par                   -9.86708e-20
xqf.xr2__6__par                   -9.86961e-20
xqf.xr2__4__par                   -9.87215e-20
xqf.xr2__2__par                   -9.87468e-20
xqf.na__par                       -1.20259e-18
xqf.er__par                       -9.85694e-20
xqf.xrt__1__par                   -2.93686e-18
xqf.nbtop__par                    -2.93686e-18
xqf.xr1__1__par                   -2.93687e-18
xqf.xrz__3__par                   -5.59096e-19
xqf.xrz__1__par                   -5.59096e-19
xqf.xr2__13__par                  -9.86074e-20
xqf.xr2__11__par                  -9.86328e-20
xqf.xr2__1__par                   -9.87595e-20
xqf.xr2__3__par                   -9.87341e-20
xqf.xr2__5__par                   -9.87088e-20
xqf.xr2__7__par                   -9.86834e-20
xqf.xr2__9__par                   -9.86581e-20
xqf.xr2__15__par                  -9.85821e-20
xqf.nbg__par                       1.04786e-18
xqf.pb__par                        4.39972e-19
xqf.nt__par                        2.05516e-18
xqf.bias_ok__par                   4.70306e-18
xqf.ibias__par                    -1.65894e-18
xqf.vdd__par                                 0
xqf.vref__par                     -9.87721e-20
xqf.vss__par                                 0
vddb                                         0
nibb                              -1.25383e-19
ibiasb                            -1.25383e-19
xbo.ks1                            1.77691e-19
xbo.ks2                           -4.00888e-19
xbo.ks3                            1.37946e-18
xbo.ks4                           -2.26595e-19
xbo.nkg                           -2.20414e-18
xbo.pg                            -1.11912e-18
xbo.nbg                           -2.30918e-19
xbo.pb                             4.36851e-19
xbo.nkm                            4.35879e-19
xbo.nokl                           4.84577e-19
xbo.noko                           1.28561e-19
xbo.nokx                           1.78683e-18
xbo.n1                             1.47622e-18
xbo.n2                            -4.01178e-19
bias_okb                          -3.46262e-18
xbo.tok                            9.30548e-19
xbo.nt                             3.10412e-18
xbo.na                            -2.68334e-19
xbo.nbtop                          2.18538e-18
vrefb                              2.12751e-18
xbo.nb                             2.18539e-18
xbo.ec                             2.18548e-18
xbo.er                             2.12763e-18
xbo.nz                            -4.01178e-19
xbo.x47.11                         2.12751e-18
xbo.x47.21                         2.12752e-18
xbo.xr2__1                         2.12752e-18
xbo.xr2__2                         2.12753e-18
xbo.x48.11                         2.12753e-18
xbo.x48.21                         2.12752e-18
xbo.x49.11                         2.12753e-18
xbo.x49.21                         2.12753e-18
xbo.xr2__3                         2.12753e-18
xbo.xr2__4                         2.12754e-18
xbo.x50.11                         2.12754e-18
xbo.x50.21                         2.12753e-18
xbo.x51.11                         2.12754e-18
xbo.x51.21                         2.12755e-18
xbo.xr2__5                         2.12755e-18
xbo.xr2__6                         2.12756e-18
xbo.x52.11                         2.12756e-18
xbo.x52.21                         2.12755e-18
xbo.x53.11                         2.12756e-18
xbo.x53.21                         2.12756e-18
xbo.xr2__7                         2.12756e-18
xbo.xr2__8                         2.12757e-18
xbo.x54.11                         2.12757e-18
xbo.x54.21                         2.12756e-18
xbo.x55.11                         2.12757e-18
xbo.x55.21                         2.12758e-18
xbo.xr2__9                         2.12758e-18
xbo.xr2__10                        2.12758e-18
xbo.x56.11                         2.12758e-18
xbo.x56.21                         2.12758e-18
xbo.x57.11                         2.12758e-18
xbo.x57.21                         2.12759e-18
xbo.xr2__11                        2.12759e-18
xbo.xr2__12                         2.1276e-18
xbo.x58.11                          2.1276e-18
xbo.x58.21                         2.12759e-18
xbo.x59.11                          2.1276e-18
xbo.x59.21                          2.1276e-18
xbo.xr2__13                         2.1276e-18
xbo.xr2__14                        2.12761e-18
xbo.x60.11                         2.12761e-18
xbo.x60.21                          2.1276e-18
xbo.x61.11                         2.12761e-18
xbo.x61.21                         2.12762e-18
xbo.xr2__15                        2.12762e-18
xbo.x62.11                         2.12763e-18
xbo.x62.21                         2.12762e-18
xbo.x63.11                        -4.01178e-19
xbo.x63.21                        -4.01178e-19
xbo.xrz__1                        -4.01178e-19
xbo.xrz__2                        -4.01178e-19
xbo.x64.11                        -4.01178e-19
xbo.x64.21                        -4.01178e-19
xbo.x65.11                        -4.01178e-19
xbo.x65.21                        -4.01178e-19
xbo.xrz__3                        -4.01178e-19
xbo.x66.11                        -4.01178e-19
xbo.x66.21                        -4.01178e-19
xbo.x67.11                         2.18539e-18
xbo.x67.21                         2.18544e-18
xbo.xr1__1                         2.18544e-18
xbo.x68.11                         2.18548e-18
xbo.x68.21                         2.18544e-18
xbo.x69.11                         2.18538e-18
xbo.x69.21                         2.18539e-18
xbo.xrt__1                         2.18539e-18
xbo.x70.11                         2.18539e-18
xbo.x70.21                         2.18539e-18
xbo.n1__par                        1.47622e-18
xbo.n2__par                       -4.01178e-19
xbo.nkm__par                       4.35879e-19
xbo.tok__par                       9.30548e-19
xbo.noko__par                      1.28561e-19
xbo.nokl__par                      4.84577e-19
xbo.nokx__par                      1.78683e-18
xbo.ks1__par                       1.77691e-19
xbo.ks2__par                      -4.00888e-19
xbo.ks3__par                       1.37946e-18
xbo.ks4__par                      -2.26595e-19
xbo.nkg__par                      -2.20414e-18
xbo.nb__par                        2.18539e-18
xbo.ec__par                        2.18548e-18
xbo.nz__par                       -4.01178e-19
xbo.xrz__2__par                   -4.01178e-19
xbo.xr2__14__par                   2.12761e-18
xbo.xr2__12__par                    2.1276e-18
xbo.pg__par                       -1.11912e-18
xbo.xr2__10__par                   2.12758e-18
xbo.xr2__8__par                    2.12757e-18
xbo.xr2__6__par                    2.12756e-18
xbo.xr2__4__par                    2.12754e-18
xbo.xr2__2__par                    2.12753e-18
xbo.na__par                       -2.68334e-19
xbo.er__par                        2.12763e-18
xbo.xrt__1__par                    2.18539e-18
xbo.nbtop__par                     2.18538e-18
xbo.xr1__1__par                    2.18544e-18
xbo.xrz__3__par                   -4.01178e-19
xbo.xrz__1__par                   -4.01178e-19
xbo.xr2__13__par                    2.1276e-18
xbo.xr2__11__par                   2.12759e-18
xbo.xr2__1__par                    2.12752e-18
xbo.xr2__3__par                    2.12753e-18
xbo.xr2__5__par                    2.12755e-18
xbo.xr2__7__par                    2.12756e-18
xbo.xr2__9__par                    2.12758e-18
xbo.xr2__15__par                   2.12762e-18
xbo.nbg__par                      -2.30918e-19
xbo.pb__par                        4.36851e-19
xbo.nt__par                        3.10412e-18
xbo.bias_ok__par                  -3.46262e-18
xbo.ibias__par                    -1.25383e-19
xbo.vdd__par                                 0
xbo.vref__par                      2.12751e-18
xbo.vss__par                                 0
brelq#branch                                 0
vibb#branch                        4.26182e-33
vbo#branch                         2.38968e-28
vibf#branch                         5.6388e-32
vqf#branch                         5.02132e-29
vibq#branch                         3.0005e-32
vqs#branch                          6.1647e-28

 Reference value :  0.00000e+00
 Reference value :  1.58661e-03
 Reference value :  1.83463e-03
 Reference value :  4.41431e-03
 Reference value :  6.26385e-03
 Reference value :  7.82442e-03
 Reference value :  1.13244e-02
 Reference value :  1.49444e-02
 Reference value :  1.85444e-02
 Reference value :  2.22244e-02
 Reference value :  2.59044e-02
 Reference value :  2.96844e-02
 Reference value :  3.21081e-02
 Reference value :  3.21373e-02
 Reference value :  3.30000e-02
 Reference value :  3.60000e-02
 Reference value :  3.92411e-02
 Reference value :  4.21535e-02
 Reference value :  4.26587e-02
 Reference value :  4.61387e-02
 Reference value :  4.96587e-02
 Reference value :  5.31987e-02
 Reference value :  5.65787e-02
 Reference value :  6.01187e-02
 Reference value :  6.36787e-02
 Reference value :  6.71745e-02
No. of Data Rows : 3975
vstart              =  1.17965e+00
vok                 =  1.00001e+00
vokl                =  1.00001e+00
vrefok              =  9.48680e-01
relv                =  2.62170e+00
vokf                =  1.00002e+00
vref140             =  1.20198e+00
vref200             =  1.20927e+00
vref247             =  1.20989e+00
vref297             =  1.21019e+00
ok100               =  9.99986e-01
ok200               =  2.00000e+00
ok247               =  2.47000e+00
vrefend             =  1.20656e+00
vddend              =  3.63000e+00
okend               =  3.63000e+00
nokoend             =  1.51613e+00
nkgend              =  6.03225e-04
okbodip             =  -1.91173e-05
vrefbodip           =  4.12211e-02
vokbo               =  1.00001e+00
okboend             =  3.63000e+00
vrefboend           =  1.20656e+00
m_v_core_up_v = 1.1796460000e+00
m_v_bias_ok_v = 1.0000140000e+00
m_ok_chatter_mv = 0.0000000000e+00
m_startup_margin_v = -1.796320000e-01
m_release_margin_v = 1.4699860000e+00
m_relv_qs_v = 2.6216960000e+00
m_qs_rate_delta_mv = 1.1000000000e-02
m_qs_lag_est_mv = 3.6666666667e-03
m_vref_final_v = 1.2065560000e+00
m_vref_err_247_pct = 2.7615792388e-01
m_vref_err_297_pct = 3.0118784375e-01
m_vref_err_200_pct = 2.2477199566e-01
m_vref_at_ok_pct = 7.8627117183e+01
m_vref_at_140_v = 1.2019810000e+00
m_ok_at_100_mv = 9.9998620000e+02
m_ok_at_200_v = 1.9999960000e+00
m_ok_at_247_v = 2.4699970000e+00
m_ok_final_droop_mv = 1.9999999998e-03
m_noko_final_v = 1.5161330000e+00
m_nkg_final_v = 6.0322450000e-04
m_ok_bo_dip_mv = -1.911731000e-02
m_vref_bo_dip_v = 4.1221100000e-02
m_v_bias_ok_restart_v = 1.0000140000e+00
m_ok_bo_end_droop_mv = 1.9999999998e-03
m_vref_bo_end_delta_ppm = 0.0000000000e+00
Note: Simulation executed from .control section 

Warning: m=xx on .subckt line will override multiplier m hierarchy!

