
Note: No compatibility mode selected!


Circuit: * temp-core-loop-stability @ sf_27c_3.30v -- generated by sim/harness, do not edit

Doing analysis at TEMP = 27.000000 and TNOM = 27.000000

Using SPARSE 1.3 as Direct Linear Solver

No. of Data Rows : 1
Doing analysis at TEMP = 27.000000 and TNOM = 27.000000

Using SPARSE 1.3 as Direct Linear Solver

No. of Data Rows : 301
fc0db               =  1.15382e+06
phase_at_fc0db      =  3.89899e+01
fpx0                =  1.61771e+06
gain_at_fpx0        =  -5.72773e+00
m_vptat_dc_v = 1.2933527435e+00
m_vctat_dc_v = 6.5334734627e-01
m_vpg_dc_v = 2.3319566231e+00
m_vpgfb_dc_v = 2.3319566231e+00
m_dc_bias_delta_mv = 0.0000000000e+00
m_dc_loopgain_db = 1.0321843381e+02
m_fc0db_mhz = 1.1538160000e+00
m_phase_margin_deg = 3.8989900000e+01
m_fpx0_mhz = 1.6177080000e+00
m_gain_margin_db = 5.7277280000e+00
Note: Simulation executed from .control section 

Note: Starting dynamic gmin stepping
Note: Dynamic gmin stepping completed
Note: Starting dynamic gmin stepping
Note: Dynamic gmin stepping completed
