
Note: Compatibility modes selected: hs a


Circuit: * por-brownout-spurious @ res_ss_125c_2.97v -- generated by sim/harness, do not edit

Doing analysis at TEMP = 125.000000 and TNOM = 27.000000

Using SPARSE 1.3 as Direct Linear Solver

Initial Transient Solution
--------------------------

Node                                   Voltage
----                                   -------
vddb1                                        0
ptatb1                            -2.99492e-25
ctatb1                            -5.85128e-19
resetnb1                          -2.88197e-18
xb1.xtemp__pg                      -5.9203e-20
xb1.xtemp__nz                     -3.97004e-19
xb1.xbias__nbg                    -1.19916e-19
xb1.xbias__pb                     -2.59277e-19
xb1.xbias__n1                      1.07121e-18
xb1.xbias__n2                     -3.88521e-19
xb1.xbias__pg                      9.61958e-19
xb1.xbias__ks1                    -2.09202e-19
xb1.xbias__ks2                     6.83484e-20
xb1.xbias__ks3                     2.95991e-19
xb1.xbias__ks4                    -3.27181e-19
xb1.xbias__nkg                    -7.91896e-19
xb1.xbias__nkm                     5.23439e-19
xb1.xbias__nokl                      8.993e-20
xb1.xbias__noko                   -3.09431e-19
xb1.xbias__nokx                   -5.87974e-19
xb1.bias_ok                        1.51341e-18
xb1.xcmp__na                      -6.13811e-19
xb1.xcmp__sns                                0
xb1.xcmp__tn                       8.45492e-21
xb1.xcmp__cmpo                     6.66704e-19
xb1.vref                          -4.29851e-19
xb1.xcmp__nbg                     -2.48407e-19
xb1.ibias                          6.25917e-19
xb1.xcmp__bias_okb                -9.44641e-19
xb1.xcmp__snsb                               0
xb1.xcmp__n1                      -7.29541e-19
xb1.por_raw                        8.67186e-19
xb1.xpor__pdn                     -2.28633e-19
xb1.xpor__ndl                     -1.19006e-41
xb1.xpor__ndgn                     8.70909e-19
xb1.xpor__ndg                     -3.85742e-20
xb1.xpor__pgdg                     1.66282e-18
xb1.xpor__pgdgb                    2.24633e-19
xb1.xpor__tim                     -6.52349e-20
xb1.xpor__nd1                     -3.94916e-20
xb1.xpor__trip                    -1.18329e-18
xb1.xpor__rstb                     1.13732e-18
xb1.xpor__nnand                    5.25702e-20
xb1.xtemp__n1                     -5.78147e-20
xb1.xtemp__n2                     -3.97004e-19
xb1.xtemp__nbg                     1.81918e-18
xb1.xtemp__enb                    -1.05747e-18
xb1.xtemp__pb                     -4.61575e-20
xb1.xtemp__pcas                    2.26866e-19
xb1.xtemp__nd                     -1.63119e-18
xb1.xtemp__nr                      7.45904e-19
xb1.xtemp__nt                      3.04909e-19
xb1.xtemp__t5                     -4.36716e-26
xb1.xtemp__t4                     -2.15197e-26
xb1.xtemp__t3                      -1.0436e-26
xb1.xtemp__t2                     -4.88631e-27
xb1.xtemp__t1                      -2.1041e-27
xb1.xtemp__t0                     -7.06596e-28
xb1.xbias__na                     -6.74982e-19
xb1.xbias__nbtop                   1.34193e-18
xb1.xbias__nt                     -3.14178e-19
xb1.xbias__nb                      1.34193e-18
xb1.xbias__tok                     2.45765e-19
xb1.xcmp__vdda                    -3.41622e-19
xb1.xpor__ndgp                    -4.14688e-19
xb1.xpor__nts                      1.03043e-19
xb1.xtemp__na                     -5.85128e-19
xb1.xtemp__nb                     -6.57578e-19
xb1.xtemp__m1d                     1.30251e-19
xb1.xtemp__m2d                     1.31811e-18
xb1.xtemp__m3d                      2.8753e-19
xb1.xbias__ec                      1.34193e-18
xb1.xbias__er                     -4.29853e-19
xb1.xtemp__nc                     -6.57578e-19
xb1.xbias__nz                     -3.88521e-19
xb1.x162.11                       -6.57578e-19
xb1.x162.21                       -6.57578e-19
xb1.xtemp__xr1__1                 -6.57578e-19
xb1.x163.11                       -6.57578e-19
xb1.x163.21                       -6.57578e-19
xb1.x164.11                       -5.85128e-19
xb1.x164.21                       -5.85128e-19
xb1.xtemp__xriso__1               -5.85128e-19
xb1.x165.11                       -5.85128e-19
xb1.x165.21                       -5.85128e-19
xb1.x166.11                       -3.97004e-19
xb1.x166.21                       -3.97004e-19
xb1.xtemp__xrz__1                 -3.97004e-19
xb1.xtemp__xrz__2                 -3.97004e-19
xb1.x167.11                       -3.97004e-19
xb1.x167.21                       -3.97004e-19
xb1.x168.11                       -3.97004e-19
xb1.x168.21                       -3.97004e-19
xb1.xtemp__xrz__3                 -3.97004e-19
xb1.xtemp__xrz__4                 -3.97004e-19
xb1.x169.11                       -3.97004e-19
xb1.x169.21                       -3.97004e-19
xb1.x170.11                       -3.97004e-19
xb1.x170.21                       -3.97004e-19
xb1.xtemp__xrz__5                 -3.97004e-19
xb1.xtemp__xrz__6                 -3.97004e-19
xb1.x171.11                       -3.97004e-19
xb1.x171.21                       -3.97004e-19
xb1.x172.11                       -3.97004e-19
xb1.x172.21                       -3.97004e-19
xb1.xtemp__xrz__7                 -3.97004e-19
xb1.xtemp__xrz__8                 -3.97004e-19
xb1.x173.11                       -3.97004e-19
xb1.x173.21                       -3.97004e-19
xb1.x174.11                       -3.97004e-19
xb1.x174.21                       -3.97004e-19
xb1.xtemp__xrz__9                 -3.97004e-19
xb1.x175.11                       -3.97004e-19
xb1.x175.21                       -3.97004e-19
xb1.x176.11                        -2.9948e-25
xb1.x176.21                       -2.88845e-25
xb1.xtemp__xr2f__1                -2.88833e-25
xb1.xtemp__xr2f__2                -2.78174e-25
xb1.x177.11                       -2.78186e-25
xb1.x177.21                       -2.88821e-25
xb1.x178.11                       -2.78162e-25
xb1.x178.21                       -2.67526e-25
xb1.xtemp__xr2f__3                -2.67515e-25
xb1.xtemp__xr2f__4                -2.56855e-25
xb1.x179.11                       -2.56867e-25
xb1.x179.21                       -2.67503e-25
xb1.x180.11                       -2.56843e-25
xb1.x180.21                       -2.46208e-25
xb1.xtemp__xr2f__5                -2.46196e-25
xb1.xtemp__xr2f__6                -2.35537e-25
xb1.x181.11                       -2.35549e-25
xb1.x181.21                       -2.46184e-25
xb1.x182.11                       -2.35525e-25
xb1.x182.21                        -2.2489e-25
xb1.xtemp__xr2f__7                -2.24878e-25
xb1.xtemp__xr2f__8                -2.14219e-25
xb1.x183.11                        -2.1423e-25
xb1.x183.21                       -2.24866e-25
xb1.x184.11                       -2.14207e-25
xb1.x184.21                       -2.03571e-25
xb1.xtemp__xr2f__9                -2.03559e-25
xb1.xtemp__xr2f__10                 -1.929e-25
xb1.x185.11                       -1.92912e-25
xb1.x185.21                       -2.03548e-25
xb1.x186.11                       -1.92888e-25
xb1.x186.21                       -1.82253e-25
xb1.xtemp__xr2f__11               -1.82241e-25
xb1.xtemp__xr2f__12               -1.71582e-25
xb1.x187.11                       -1.71594e-25
xb1.x187.21                       -1.82229e-25
xb1.x188.11                        -1.7157e-25
xb1.x188.21                       -1.60935e-25
xb1.xtemp__xr2f__13               -1.60923e-25
xb1.xtemp__xr2f__14               -1.50263e-25
xb1.x189.11                       -1.50275e-25
xb1.x189.21                       -1.60911e-25
xb1.x190.11                       -1.50252e-25
xb1.x190.21                       -1.39616e-25
xb1.xtemp__xr2f__15               -1.39604e-25
xb1.xtemp__xr2f__16               -1.28945e-25
xb1.x191.11                       -1.28957e-25
xb1.x191.21                       -1.39592e-25
xb1.x192.11                       -1.28933e-25
xb1.x192.21                       -1.18298e-25
xb1.xtemp__xr2f__17               -1.18286e-25
xb1.xtemp__xr2f__18               -1.07627e-25
xb1.x193.11                       -1.07639e-25
xb1.x193.21                       -1.18274e-25
xb1.x194.11                       -1.07615e-25
xb1.x194.21                       -9.69794e-26
xb1.xtemp__xr2f__19               -9.69675e-26
xb1.xtemp__xr2f__20               -8.63083e-26
xb1.x195.11                       -8.63202e-26
xb1.x195.21                       -9.69556e-26
xb1.x196.11                       -8.62965e-26
xb1.x196.21                        -7.5661e-26
xb1.xtemp__xr2f__21               -7.56491e-26
xb1.xtemp__xr2f__22               -6.49899e-26
xb1.x197.11                       -6.50018e-26
xb1.x197.21                       -7.56373e-26
xb1.x198.11                       -6.49781e-26
xb1.x198.21                       -5.43426e-26
xb1.xtemp__xr2f__23               -5.43308e-26
xb1.x199.11                       -4.36834e-26
xb1.x199.21                       -5.43189e-26
xb1.x200.11                       -4.36597e-26
xb1.x200.21                       -3.26075e-26
xb1.xtemp__xr2t5__1               -3.25957e-26
xb1.x201.11                       -2.15316e-26
xb1.x201.21                       -3.25838e-26
xb1.x202.11                       -2.15079e-26
xb1.x202.21                       -1.59897e-26
xb1.xtemp__xr2t4__1               -1.59779e-26
xb1.x203.11                       -1.04479e-26
xb1.x203.21                        -1.5966e-26
xb1.x204.11                       -1.04242e-26
xb1.x204.21                       -7.67303e-27
xb1.xtemp__xr2t3__1               -7.66116e-27
xb1.x205.11                       -4.89817e-27
xb1.x205.21                        -7.6493e-27
xb1.x206.11                       -4.87445e-27
xb1.x206.21                       -3.50707e-27
xb1.xtemp__xr2t2__1               -3.49521e-27
xb1.x207.11                       -2.11596e-27
xb1.x207.21                       -3.48334e-27
xb1.x208.11                       -2.09224e-27
xb1.x208.21                       -1.41721e-27
xb1.xtemp__xr2t1__1               -1.40535e-27
xb1.x209.11                       -7.18458e-28
xb1.x209.21                       -1.39349e-27
xb1.x210.11                       -6.94734e-28
xb1.x210.21                        -3.6516e-28
xb1.xtemp__xr2t0__1               -3.53298e-28
xb1.x211.11                       -1.18624e-29
xb1.x211.21                       -3.41436e-28
xb1.x212.11                                  0
xb1.x212.21                                  0
xb1.x213.11                                  0
xb1.x213.21                                  0
xb1.x214.11                                  0
xb1.x214.21                                  0
xb1.x215.11                       -4.29851e-19
xb1.x215.21                       -4.29851e-19
xb1.xbias__xr2__1                 -4.29851e-19
xb1.xbias__xr2__2                 -4.29851e-19
xb1.x216.11                       -4.29851e-19
xb1.x216.21                       -4.29851e-19
xb1.x217.11                       -4.29851e-19
xb1.x217.21                       -4.29851e-19
xb1.xbias__xr2__3                 -4.29851e-19
xb1.xbias__xr2__4                 -4.29852e-19
xb1.x218.11                       -4.29852e-19
xb1.x218.21                       -4.29851e-19
xb1.x219.11                       -4.29852e-19
xb1.x219.21                       -4.29852e-19
xb1.xbias__xr2__5                 -4.29852e-19
xb1.xbias__xr2__6                 -4.29852e-19
xb1.x220.11                       -4.29852e-19
xb1.x220.21                       -4.29852e-19
xb1.x221.11                       -4.29852e-19
xb1.x221.21                       -4.29852e-19
xb1.xbias__xr2__7                 -4.29852e-19
xb1.xbias__xr2__8                 -4.29852e-19
xb1.x222.11                       -4.29852e-19
xb1.x222.21                       -4.29852e-19
xb1.x223.11                       -4.29852e-19
xb1.x223.21                       -4.29852e-19
xb1.xbias__xr2__9                 -4.29852e-19
xb1.xbias__xr2__10                -4.29852e-19
xb1.x224.11                       -4.29852e-19
xb1.x224.21                       -4.29852e-19
xb1.x225.11                       -4.29852e-19
xb1.x225.21                       -4.29852e-19
xb1.xbias__xr2__11                -4.29852e-19
xb1.xbias__xr2__12                -4.29852e-19
xb1.x226.11                       -4.29852e-19
xb1.x226.21                       -4.29852e-19
xb1.x227.11                       -4.29852e-19
xb1.x227.21                       -4.29852e-19
xb1.xbias__xr2__13                -4.29852e-19
xb1.xbias__xr2__14                -4.29852e-19
xb1.x228.11                       -4.29852e-19
xb1.x228.21                       -4.29852e-19
xb1.x229.11                       -4.29852e-19
xb1.x229.21                       -4.29853e-19
xb1.xbias__xr2__15                -4.29853e-19
xb1.x230.11                       -4.29853e-19
xb1.x230.21                       -4.29853e-19
xb1.x231.11                       -3.88521e-19
xb1.x231.21                       -3.88521e-19
xb1.xbias__xrz__1                 -3.88521e-19
xb1.xbias__xrz__2                 -3.88521e-19
xb1.x232.11                       -3.88521e-19
xb1.x232.21                       -3.88521e-19
xb1.x233.11                       -3.88521e-19
xb1.x233.21                       -3.88521e-19
xb1.xbias__xrz__3                 -3.88521e-19
xb1.x234.11                       -3.88521e-19
xb1.x234.21                       -3.88521e-19
xb1.x235.11                        1.34193e-18
xb1.x235.21                        1.34193e-18
xb1.xbias__xr1__1                  1.34193e-18
xb1.x236.11                        1.34193e-18
xb1.x236.21                        1.34193e-18
xb1.x237.11                        1.34193e-18
xb1.x237.21                        1.34193e-18
xb1.xbias__xrt__1                  1.34193e-18
xb1.x238.11                        1.34193e-18
xb1.x238.21                        1.34193e-18
xb1.xbias__nt__par                -3.14178e-19
xb1.xtemp__xrz__2__par            -3.97004e-19
xb1.xtemp__xrz__4__par            -3.97004e-19
xb1.xtemp__xrz__6__par            -3.97004e-19
xb1.xtemp__xrz__8__par            -3.97004e-19
xb1.xbias__n1__par                 1.07121e-18
xb1.xtemp__xr2f__2__par           -2.78174e-25
xb1.xtemp__xr2f__4__par           -2.56855e-25
xb1.xtemp__xr2f__6__par           -2.35537e-25
xb1.xtemp__xr2f__8__par           -2.14219e-25
xb1.xtemp__xr2f__10__par            -1.929e-25
xb1.xtemp__xr2f__12__par          -1.71582e-25
xb1.xtemp__xr2f__14__par          -1.50263e-25
xb1.xtemp__xr2f__16__par          -1.28945e-25
xb1.xtemp__xr2f__18__par          -1.07627e-25
xb1.xtemp__xr2f__20__par          -8.63083e-26
xb1.xbias__n2__par                -3.88521e-19
xb1.xtemp__xr2f__22__par          -6.49899e-26
xb1.xtemp__xr2t0__1__par          -3.53298e-28
xb1.xtemp__xr2t1__1__par          -1.40535e-27
xb1.xbias__tok__par                2.45765e-19
xb1.xtemp__xr2t2__1__par          -3.49521e-27
xb1.xtemp__xr2t3__1__par          -7.66116e-27
xb1.xbias__noko__par              -3.09431e-19
xb1.xtemp__xriso__1__par          -5.85128e-19
xb1.xtemp__xr2t4__1__par          -1.59779e-26
xb1.xtemp__xr1__1__par            -6.57578e-19
xb1.xtemp__xrz__1__par            -3.97004e-19
xb1.xtemp__xrz__3__par            -3.97004e-19
xb1.xtemp__xrz__5__par            -3.97004e-19
xb1.xbias__nokl__par                 8.993e-20
xb1.xtemp__xrz__7__par            -3.97004e-19
xb1.xtemp__xrz__9__par            -3.97004e-19
xb1.xtemp__xr2f__1__par           -2.88833e-25
xb1.xtemp__xr2f__3__par           -2.67515e-25
xb1.xtemp__xr2f__5__par           -2.46196e-25
xb1.xtemp__xr2f__7__par           -2.24878e-25
xb1.xtemp__xr2f__9__par           -2.03559e-25
xb1.xtemp__xr2f__11__par          -1.82241e-25
xb1.xtemp__xr2f__13__par          -1.60923e-25
xb1.xtemp__xr2f__15__par          -1.39604e-25
xb1.xbias__nkg__par               -7.91896e-19
xb1.xtemp__xr2f__17__par          -1.18286e-25
xb1.xtemp__xr2f__19__par          -9.69675e-26
xb1.xtemp__xr2f__21__par          -7.56491e-26
xb1.xtemp__xr2f__23__par          -5.43308e-26
xb1.xtemp__xr2t5__1__par          -3.25957e-26
xb1.xbias__nb__par                 1.34193e-18
xb1.xcmp__vdda__par               -3.41622e-19
xb1.xcmp__na__par                 -6.13811e-19
xb1.xcmp__cmpo__par                6.66704e-19
xb1.xcmp__n1__par                 -7.29541e-19
xb1.xcmp__tn__par                  8.45492e-21
xb1.xcmp__sns__par                           0
xb1.xcmp__nbg__par                -2.48407e-19
xb1.xcmp__snsb__par                          0
xb1.xpor__pdn__par                -2.28633e-19
xb1.xpor__ndl__par                -1.19006e-41
xb1.xpor__ndgn__par                8.70909e-19
xb1.xpor__pgdg__par                1.66282e-18
xb1.xpor__pgdgb__par               2.24633e-19
xb1.xpor__nd1__par                -3.94916e-20
xb1.xpor__nnand__par               5.25702e-20
xb1.xpor__ndgp__par               -4.14688e-19
xb1.xpor__nts__par                 1.03043e-19
xb1.xpor__rstb__par                1.13732e-18
xb1.xbias__nkm__par                5.23439e-19
xb1.xbias__nokx__par              -5.87974e-19
xb1.xbias__ks1__par               -2.09202e-19
xb1.xbias__ks2__par                6.83484e-20
xb1.xbias__ks3__par                2.95991e-19
xb1.xbias__ks4__par               -3.27181e-19
xb1.xbias__ec__par                 1.34193e-18
xb1.xbias__nz__par                -3.88521e-19
xb1.xpor__ndg__par                -3.85742e-20
xb1.xpor__tim__par                -6.52349e-20
xb1.xpor__trip__par               -1.18329e-18
xb1.xbias__xr2__2__par            -4.29851e-19
xb1.xbias__xr2__4__par            -4.29852e-19
xb1.xbias__xr2__6__par            -4.29852e-19
xb1.xbias__xr2__8__par            -4.29852e-19
xb1.xbias__xr2__10__par           -4.29852e-19
xb1.xbias__xr2__12__par           -4.29852e-19
xb1.xbias__pg__par                 9.61958e-19
xb1.xbias__xr2__14__par           -4.29852e-19
xb1.xbias__xrz__2__par            -3.88521e-19
xb1.xbias__xrt__1__par             1.34193e-18
xb1.xbias__na__par                -6.74982e-19
xb1.xbias__er__par                -4.29853e-19
xb1.xbias__nbtop__par              1.34193e-18
xb1.xbias__nbg__par               -1.19916e-19
xb1.xbias__xrz__1__par            -3.88521e-19
xb1.xbias__xrz__3__par            -3.88521e-19
xb1.xbias__xr1__1__par             1.34193e-18
xb1.xbias__xr2__13__par           -4.29852e-19
xb1.xbias__xr2__11__par           -4.29852e-19
xb1.xbias__xr2__1__par            -4.29851e-19
xb1.xbias__xr2__3__par            -4.29851e-19
xb1.xbias__xr2__5__par            -4.29852e-19
xb1.xbias__xr2__7__par            -4.29852e-19
xb1.xbias__xr2__9__par            -4.29852e-19
xb1.xbias__pb__par                -2.59277e-19
xb1.xbias__xr2__15__par           -4.29853e-19
xb1.bias_ok__par                   1.51341e-18
xb1.xcmp__bias_okb__par           -9.44641e-19
xb1.ctat__par                     -5.85128e-19
xb1.resetn__par                   -2.88197e-18
xb1.xtemp__enb__par               -1.05747e-18
xb1.ibias__par                     6.25917e-19
xb1.xtemp__m1d__par                1.30251e-19
xb1.xtemp__m2d__par                1.31811e-18
xb1.xtemp__m3d__par                 2.8753e-19
xb1.xtemp__n1__par                -5.78147e-20
xb1.xtemp__n2__par                -3.97004e-19
xb1.xtemp__na__par                -5.85128e-19
xb1.xtemp__nb__par                -6.57578e-19
xb1.xtemp__nbg__par                1.81918e-18
xb1.xtemp__nc__par                -6.57578e-19
xb1.xtemp__nd__par                -1.63119e-18
xb1.xtemp__nr__par                 7.45904e-19
xb1.xtemp__nt__par                 3.04909e-19
xb1.xtemp__nz__par                -3.97004e-19
xb1.xtemp__pb__par                -4.61575e-20
xb1.xtemp__pcas__par               2.26866e-19
xb1.xtemp__pg__par                 -5.9203e-20
xb1.por_raw__par                   8.67186e-19
xb1.ptat__par                     -2.99492e-25
xb1.xtemp__t0__par                -7.06596e-28
xb1.xtemp__t1__par                 -2.1041e-27
xb1.xtemp__t2__par                -4.88631e-27
xb1.xtemp__t3__par                 -1.0436e-26
xb1.xtemp__t4__par                -2.15197e-26
xb1.xtemp__t5__par                -4.36716e-26
xb1.vdd__par                                 0
xb1.vref__par                     -4.29851e-19
xb1.vss__par                                 0
vddb3                                        0
ptatb3                             1.67305e-25
ctatb3                            -3.45842e-19
resetnb3                           1.82804e-18
xb3.xtemp__pg                     -5.42411e-22
xb3.xtemp__nz                      1.67945e-18
xb3.xbias__nbg                     3.88632e-20
xb3.xbias__pb                      1.92919e-19
xb3.xbias__n1                     -3.08621e-19
xb3.xbias__n2                     -3.22393e-19
xb3.xbias__pg                      8.50496e-19
xb3.xbias__ks1                    -1.57109e-19
xb3.xbias__ks2                     2.53539e-19
xb3.xbias__ks3                     5.29318e-21
xb3.xbias__ks4                     -1.7357e-19
xb3.xbias__nkg                     -1.2253e-18
xb3.xbias__nkm                     9.66456e-20
xb3.xbias__nokl                    1.57834e-19
xb3.xbias__noko                    1.04202e-18
xb3.xbias__nokx                    2.08246e-19
xb3.bias_ok                       -1.11374e-18
xb3.xcmp__na                      -2.35272e-19
xb3.xcmp__sns                                0
xb3.xcmp__tn                       4.89272e-20
xb3.xcmp__cmpo                    -3.62383e-19
xb3.vref                          -7.51058e-19
xb3.xcmp__nbg                     -3.18855e-18
xb3.ibias                          3.48833e-19
xb3.xcmp__bias_okb                 9.90853e-19
xb3.xcmp__snsb                               0
xb3.xcmp__n1                      -5.30722e-19
xb3.por_raw                        2.02895e-19
xb3.xpor__pdn                     -2.63428e-19
xb3.xpor__ndl                     -7.94523e-50
xb3.xpor__ndgn                     5.29251e-19
xb3.xpor__ndg                      1.14667e-18
xb3.xpor__pgdg                      1.3329e-18
xb3.xpor__pgdgb                     2.8263e-19
xb3.xpor__tim                      1.13252e-18
xb3.xpor__nd1                      6.20539e-19
xb3.xpor__trip                     4.46039e-19
xb3.xpor__rstb                    -1.03596e-18
xb3.xpor__nnand                   -2.44401e-18
xb3.xtemp__n1                     -1.13941e-18
xb3.xtemp__n2                      1.67945e-18
xb3.xtemp__nbg                     1.73051e-18
xb3.xtemp__enb                    -9.09412e-19
xb3.xtemp__pb                      1.66117e-18
xb3.xtemp__pcas                    5.34142e-20
xb3.xtemp__nd                      1.51839e-18
xb3.xtemp__nr                     -1.64157e-19
xb3.xtemp__nt                      -1.6879e-19
xb3.xtemp__t5                      2.43963e-26
xb3.xtemp__t4                      1.20216e-26
xb3.xtemp__t3                      5.82988e-27
xb3.xtemp__t2                      2.72964e-27
xb3.xtemp__t1                      1.17542e-27
xb3.xtemp__t0                      3.94726e-28
xb3.xbias__na                     -8.92286e-20
xb3.xbias__nbtop                    5.1985e-19
xb3.xbias__nt                      5.04767e-19
xb3.xbias__nb                       5.1985e-19
xb3.xbias__tok                     2.15431e-19
xb3.xcmp__vdda                    -6.76098e-19
xb3.xpor__ndgp                    -2.32243e-19
xb3.xpor__nts                      9.52707e-19
xb3.xtemp__na                     -3.45842e-19
xb3.xtemp__nb                      1.40468e-18
xb3.xtemp__m1d                     1.56996e-18
xb3.xtemp__m2d                     7.84533e-19
xb3.xtemp__m3d                    -1.60623e-19
xb3.xbias__ec                       5.1985e-19
xb3.xbias__er                     -7.51061e-19
xb3.xtemp__nc                      1.40468e-18
xb3.xbias__nz                     -3.22393e-19
xb3.x162.11                        1.40468e-18
xb3.x162.21                        1.40468e-18
xb3.xtemp__xr1__1                  1.40468e-18
xb3.x163.11                        1.40468e-18
xb3.x163.21                        1.40468e-18
xb3.x164.11                       -3.45842e-19
xb3.x164.21                       -3.45842e-19
xb3.xtemp__xriso__1               -3.45842e-19
xb3.x165.11                       -3.45842e-19
xb3.x165.21                       -3.45842e-19
xb3.x166.11                        1.67945e-18
xb3.x166.21                        1.67945e-18
xb3.xtemp__xrz__1                  1.67945e-18
xb3.xtemp__xrz__2                  1.67945e-18
xb3.x167.11                        1.67945e-18
xb3.x167.21                        1.67945e-18
xb3.x168.11                        1.67945e-18
xb3.x168.21                        1.67945e-18
xb3.xtemp__xrz__3                  1.67945e-18
xb3.xtemp__xrz__4                  1.67945e-18
xb3.x169.11                        1.67945e-18
xb3.x169.21                        1.67945e-18
xb3.x170.11                        1.67945e-18
xb3.x170.21                        1.67945e-18
xb3.xtemp__xrz__5                  1.67945e-18
xb3.xtemp__xrz__6                  1.67945e-18
xb3.x171.11                        1.67945e-18
xb3.x171.21                        1.67945e-18
xb3.x172.11                        1.67945e-18
xb3.x172.21                        1.67945e-18
xb3.xtemp__xrz__7                  1.67945e-18
xb3.xtemp__xrz__8                  1.67945e-18
xb3.x173.11                        1.67945e-18
xb3.x173.21                        1.67945e-18
xb3.x174.11                        1.67945e-18
xb3.x174.21                        1.67945e-18
xb3.xtemp__xrz__9                  1.67945e-18
xb3.x175.11                        1.67945e-18
xb3.x175.21                        1.67945e-18
xb3.x176.11                        1.67299e-25
xb3.x176.21                        1.61358e-25
xb3.xtemp__xr2f__1                 1.61351e-25
xb3.xtemp__xr2f__2                 1.55396e-25
xb3.x177.11                        1.55403e-25
xb3.x177.21                        1.61344e-25
xb3.x178.11                         1.5539e-25
xb3.x178.21                        1.49448e-25
xb3.xtemp__xr2f__3                 1.49442e-25
xb3.xtemp__xr2f__4                 1.43487e-25
xb3.x179.11                        1.43494e-25
xb3.x179.21                        1.49435e-25
xb3.x180.11                        1.43481e-25
xb3.x180.21                        1.37539e-25
xb3.xtemp__xr2f__5                 1.37533e-25
xb3.xtemp__xr2f__6                 1.31578e-25
xb3.x181.11                        1.31585e-25
xb3.x181.21                        1.37526e-25
xb3.x182.11                        1.31572e-25
xb3.x182.21                         1.2563e-25
xb3.xtemp__xr2f__7                 1.25624e-25
xb3.xtemp__xr2f__8                 1.19669e-25
xb3.x183.11                        1.19676e-25
xb3.x183.21                        1.25617e-25
xb3.x184.11                        1.19662e-25
xb3.x184.21                        1.13721e-25
xb3.xtemp__xr2f__9                 1.13715e-25
xb3.xtemp__xr2f__10                 1.0776e-25
xb3.x185.11                        1.07767e-25
xb3.x185.21                        1.13708e-25
xb3.x186.11                        1.07753e-25
xb3.x186.21                        1.01812e-25
xb3.xtemp__xr2f__11                1.01805e-25
xb3.xtemp__xr2f__12                9.58509e-26
xb3.x187.11                        9.58575e-26
xb3.x187.21                        1.01799e-25
xb3.x188.11                        9.58442e-26
xb3.x188.21                        8.99029e-26
xb3.xtemp__xr2f__13                8.98963e-26
xb3.xtemp__xr2f__14                8.39418e-26
xb3.x189.11                        8.39484e-26
xb3.x189.21                        8.98897e-26
xb3.x190.11                        8.39351e-26
xb3.x190.21                        7.79938e-26
xb3.xtemp__xr2f__15                7.79872e-26
xb3.xtemp__xr2f__16                7.20327e-26
xb3.x191.11                        7.20393e-26
xb3.x191.21                        7.79806e-26
xb3.x192.11                         7.2026e-26
xb3.x192.21                        6.60847e-26
xb3.xtemp__xr2f__17                6.60781e-26
xb3.xtemp__xr2f__18                6.01236e-26
xb3.x193.11                        6.01302e-26
xb3.x193.21                        6.60715e-26
xb3.x194.11                        6.01169e-26
xb3.x194.21                        5.41756e-26
xb3.xtemp__xr2f__19                 5.4169e-26
xb3.xtemp__xr2f__20                4.82145e-26
xb3.x195.11                        4.82211e-26
xb3.x195.21                        5.41624e-26
xb3.x196.11                        4.82078e-26
xb3.x196.21                        4.22666e-26
xb3.xtemp__xr2f__21                4.22599e-26
xb3.xtemp__xr2f__22                3.63054e-26
xb3.x197.11                         3.6312e-26
xb3.x197.21                        4.22533e-26
xb3.x198.11                        3.62987e-26
xb3.x198.21                        3.03575e-26
xb3.xtemp__xr2f__23                3.03508e-26
xb3.x199.11                        2.44029e-26
xb3.x199.21                        3.03442e-26
xb3.x200.11                        2.43896e-26
xb3.x200.21                        1.82156e-26
xb3.xtemp__xr2t5__1                1.82089e-26
xb3.x201.11                        1.20282e-26
xb3.x201.21                        1.82023e-26
xb3.x202.11                         1.2015e-26
xb3.x202.21                        8.93236e-27
xb3.xtemp__xr2t4__1                8.92573e-27
xb3.x203.11                         5.8365e-27
xb3.x203.21                        8.91911e-27
xb3.x204.11                        5.82325e-27
xb3.x204.21                        4.28639e-27
xb3.xtemp__xr2t3__1                4.27976e-27
xb3.x205.11                        2.73627e-27
xb3.x205.21                        4.27313e-27
xb3.x206.11                        2.72302e-27
xb3.x206.21                        1.95916e-27
xb3.xtemp__xr2t2__1                1.95253e-27
xb3.x207.11                        1.18204e-27
xb3.x207.21                         1.9459e-27
xb3.x208.11                        1.16879e-27
xb3.x208.21                        7.91697e-28
xb3.xtemp__xr2t1__1                7.85071e-28
xb3.x209.11                        4.01353e-28
xb3.x209.21                        7.78444e-28
xb3.x210.11                        3.88099e-28
xb3.x210.21                         2.0399e-28
xb3.xtemp__xr2t0__1                1.97363e-28
xb3.x211.11                        6.62669e-30
xb3.x211.21                        1.90736e-28
xb3.x212.11                                  0
xb3.x212.21                                  0
xb3.x213.11                                  0
xb3.x213.21                                  0
xb3.x214.11                                  0
xb3.x214.21                                  0
xb3.x215.11                       -7.51058e-19
xb3.x215.21                       -7.51058e-19
xb3.xbias__xr2__1                 -7.51058e-19
xb3.xbias__xr2__2                 -7.51058e-19
xb3.x216.11                       -7.51058e-19
xb3.x216.21                       -7.51058e-19
xb3.x217.11                       -7.51058e-19
xb3.x217.21                       -7.51058e-19
xb3.xbias__xr2__3                 -7.51058e-19
xb3.xbias__xr2__4                 -7.51059e-19
xb3.x218.11                       -7.51059e-19
xb3.x218.21                       -7.51058e-19
xb3.x219.11                       -7.51059e-19
xb3.x219.21                       -7.51059e-19
xb3.xbias__xr2__5                 -7.51059e-19
xb3.xbias__xr2__6                 -7.51059e-19
xb3.x220.11                       -7.51059e-19
xb3.x220.21                       -7.51059e-19
xb3.x221.11                       -7.51059e-19
xb3.x221.21                       -7.51059e-19
xb3.xbias__xr2__7                 -7.51059e-19
xb3.xbias__xr2__8                 -7.51059e-19
xb3.x222.11                       -7.51059e-19
xb3.x222.21                       -7.51059e-19
xb3.x223.11                       -7.51059e-19
xb3.x223.21                       -7.51059e-19
xb3.xbias__xr2__9                 -7.51059e-19
xb3.xbias__xr2__10                 -7.5106e-19
xb3.x224.11                        -7.5106e-19
xb3.x224.21                       -7.51059e-19
xb3.x225.11                        -7.5106e-19
xb3.x225.21                        -7.5106e-19
xb3.xbias__xr2__11                 -7.5106e-19
xb3.xbias__xr2__12                 -7.5106e-19
xb3.x226.11                        -7.5106e-19
xb3.x226.21                        -7.5106e-19
xb3.x227.11                        -7.5106e-19
xb3.x227.21                        -7.5106e-19
xb3.xbias__xr2__13                 -7.5106e-19
xb3.xbias__xr2__14                 -7.5106e-19
xb3.x228.11                        -7.5106e-19
xb3.x228.21                        -7.5106e-19
xb3.x229.11                        -7.5106e-19
xb3.x229.21                        -7.5106e-19
xb3.xbias__xr2__15                 -7.5106e-19
xb3.x230.11                       -7.51061e-19
xb3.x230.21                        -7.5106e-19
xb3.x231.11                       -3.22393e-19
xb3.x231.21                       -3.22393e-19
xb3.xbias__xrz__1                 -3.22393e-19
xb3.xbias__xrz__2                 -3.22393e-19
xb3.x232.11                       -3.22393e-19
xb3.x232.21                       -3.22393e-19
xb3.x233.11                       -3.22393e-19
xb3.x233.21                       -3.22393e-19
xb3.xbias__xrz__3                 -3.22393e-19
xb3.x234.11                       -3.22393e-19
xb3.x234.21                       -3.22393e-19
xb3.x235.11                         5.1985e-19
xb3.x235.21                         5.1985e-19
xb3.xbias__xr1__1                   5.1985e-19
xb3.x236.11                         5.1985e-19
xb3.x236.21                         5.1985e-19
xb3.x237.11                         5.1985e-19
xb3.x237.21                         5.1985e-19
xb3.xbias__xrt__1                   5.1985e-19
xb3.x238.11                         5.1985e-19
xb3.x238.21                         5.1985e-19
xb3.xbias__nt__par                 5.04767e-19
xb3.xtemp__xrz__2__par             1.67945e-18
xb3.xtemp__xrz__4__par             1.67945e-18
xb3.xtemp__xrz__6__par             1.67945e-18
xb3.xtemp__xrz__8__par             1.67945e-18
xb3.xbias__n1__par                -3.08621e-19
xb3.xtemp__xr2f__2__par            1.55396e-25
xb3.xtemp__xr2f__4__par            1.43487e-25
xb3.xtemp__xr2f__6__par            1.31578e-25
xb3.xtemp__xr2f__8__par            1.19669e-25
xb3.xtemp__xr2f__10__par            1.0776e-25
xb3.xtemp__xr2f__12__par           9.58509e-26
xb3.xtemp__xr2f__14__par           8.39418e-26
xb3.xtemp__xr2f__16__par           7.20327e-26
xb3.xtemp__xr2f__18__par           6.01236e-26
xb3.xtemp__xr2f__20__par           4.82145e-26
xb3.xbias__n2__par                -3.22393e-19
xb3.xtemp__xr2f__22__par           3.63054e-26
xb3.xtemp__xr2t0__1__par           1.97363e-28
xb3.xtemp__xr2t1__1__par           7.85071e-28
xb3.xbias__tok__par                2.15431e-19
xb3.xtemp__xr2t2__1__par           1.95253e-27
xb3.xtemp__xr2t3__1__par           4.27976e-27
xb3.xbias__noko__par               1.04202e-18
xb3.xtemp__xriso__1__par          -3.45842e-19
xb3.xtemp__xr2t4__1__par           8.92573e-27
xb3.xtemp__xr1__1__par             1.40468e-18
xb3.xtemp__xrz__1__par             1.67945e-18
xb3.xtemp__xrz__3__par             1.67945e-18
xb3.xtemp__xrz__5__par             1.67945e-18
xb3.xbias__nokl__par               1.57834e-19
xb3.xtemp__xrz__7__par             1.67945e-18
xb3.xtemp__xrz__9__par             1.67945e-18
xb3.xtemp__xr2f__1__par            1.61351e-25
xb3.xtemp__xr2f__3__par            1.49442e-25
xb3.xtemp__xr2f__5__par            1.37533e-25
xb3.xtemp__xr2f__7__par            1.25624e-25
xb3.xtemp__xr2f__9__par            1.13715e-25
xb3.xtemp__xr2f__11__par           1.01805e-25
xb3.xtemp__xr2f__13__par           8.98963e-26
xb3.xtemp__xr2f__15__par           7.79872e-26
xb3.xbias__nkg__par                -1.2253e-18
xb3.xtemp__xr2f__17__par           6.60781e-26
xb3.xtemp__xr2f__19__par            5.4169e-26
xb3.xtemp__xr2f__21__par           4.22599e-26
xb3.xtemp__xr2f__23__par           3.03508e-26
xb3.xtemp__xr2t5__1__par           1.82089e-26
xb3.xbias__nb__par                  5.1985e-19
xb3.xcmp__vdda__par               -6.76098e-19
xb3.xcmp__na__par                 -2.35272e-19
xb3.xcmp__cmpo__par               -3.62383e-19
xb3.xcmp__n1__par                 -5.30722e-19
xb3.xcmp__tn__par                  4.89272e-20
xb3.xcmp__sns__par                           0
xb3.xcmp__nbg__par                -3.18855e-18
xb3.xcmp__snsb__par                          0
xb3.xpor__pdn__par                -2.63428e-19
xb3.xpor__ndl__par                -7.94523e-50
xb3.xpor__ndgn__par                5.29251e-19
xb3.xpor__pgdg__par                 1.3329e-18
xb3.xpor__pgdgb__par                2.8263e-19
xb3.xpor__nd1__par                 6.20539e-19
xb3.xpor__nnand__par              -2.44401e-18
xb3.xpor__ndgp__par               -2.32243e-19
xb3.xpor__nts__par                 9.52707e-19
xb3.xpor__rstb__par               -1.03596e-18
xb3.xbias__nkm__par                9.66456e-20
xb3.xbias__nokx__par               2.08246e-19
xb3.xbias__ks1__par               -1.57109e-19
xb3.xbias__ks2__par                2.53539e-19
xb3.xbias__ks3__par                5.29318e-21
xb3.xbias__ks4__par                -1.7357e-19
xb3.xbias__ec__par                  5.1985e-19
xb3.xbias__nz__par                -3.22393e-19
xb3.xpor__ndg__par                 1.14667e-18
xb3.xpor__tim__par                 1.13252e-18
xb3.xpor__trip__par                4.46039e-19
xb3.xbias__xr2__2__par            -7.51058e-19
xb3.xbias__xr2__4__par            -7.51059e-19
xb3.xbias__xr2__6__par            -7.51059e-19
xb3.xbias__xr2__8__par            -7.51059e-19
xb3.xbias__xr2__10__par            -7.5106e-19
xb3.xbias__xr2__12__par            -7.5106e-19
xb3.xbias__pg__par                 8.50496e-19
xb3.xbias__xr2__14__par            -7.5106e-19
xb3.xbias__xrz__2__par            -3.22393e-19
xb3.xbias__xrt__1__par              5.1985e-19
xb3.xbias__na__par                -8.92286e-20
xb3.xbias__er__par                -7.51061e-19
xb3.xbias__nbtop__par               5.1985e-19
xb3.xbias__nbg__par                3.88632e-20
xb3.xbias__xrz__1__par            -3.22393e-19
xb3.xbias__xrz__3__par            -3.22393e-19
xb3.xbias__xr1__1__par              5.1985e-19
xb3.xbias__xr2__13__par            -7.5106e-19
xb3.xbias__xr2__11__par            -7.5106e-19
xb3.xbias__xr2__1__par            -7.51058e-19
xb3.xbias__xr2__3__par            -7.51058e-19
xb3.xbias__xr2__5__par            -7.51059e-19
xb3.xbias__xr2__7__par            -7.51059e-19
xb3.xbias__xr2__9__par            -7.51059e-19
xb3.xbias__pb__par                 1.92919e-19
xb3.xbias__xr2__15__par            -7.5106e-19
xb3.bias_ok__par                  -1.11374e-18
xb3.xcmp__bias_okb__par            9.90853e-19
xb3.ctat__par                     -3.45842e-19
xb3.resetn__par                    1.82804e-18
xb3.xtemp__enb__par               -9.09412e-19
xb3.ibias__par                     3.48833e-19
xb3.xtemp__m1d__par                1.56996e-18
xb3.xtemp__m2d__par                7.84533e-19
xb3.xtemp__m3d__par               -1.60623e-19
xb3.xtemp__n1__par                -1.13941e-18
xb3.xtemp__n2__par                 1.67945e-18
xb3.xtemp__na__par                -3.45842e-19
xb3.xtemp__nb__par                 1.40468e-18
xb3.xtemp__nbg__par                1.73051e-18
xb3.xtemp__nc__par                 1.40468e-18
xb3.xtemp__nd__par                 1.51839e-18
xb3.xtemp__nr__par                -1.64157e-19
xb3.xtemp__nt__par                 -1.6879e-19
xb3.xtemp__nz__par                 1.67945e-18
xb3.xtemp__pb__par                 1.66117e-18
xb3.xtemp__pcas__par               5.34142e-20
xb3.xtemp__pg__par                -5.42411e-22
xb3.por_raw__par                   2.02895e-19
xb3.ptat__par                      1.67305e-25
xb3.xtemp__t0__par                 3.94726e-28
xb3.xtemp__t1__par                 1.17542e-27
xb3.xtemp__t2__par                 2.72964e-27
xb3.xtemp__t3__par                 5.82988e-27
xb3.xtemp__t4__par                 1.20216e-26
xb3.xtemp__t5__par                 2.43963e-26
xb3.vdd__par                                 0
xb3.vref__par                     -7.51058e-19
xb3.vss__par                                 0
vddb6                                        0
ptatb6                            -9.75955e-25
ctatb6                             1.39116e-18
resetnb6                           7.55402e-19
xb6.xtemp__pg                      3.44573e-22
xb6.xtemp__nz                     -1.09928e-20
xb6.xbias__nbg                     4.34265e-19
xb6.xbias__pb                      1.39002e-19
xb6.xbias__n1                      9.44364e-19
xb6.xbias__n2                     -2.58352e-19
xb6.xbias__pg                     -1.88552e-19
xb6.xbias__ks1                     2.27909e-19
xb6.xbias__ks2                    -2.48978e-19
xb6.xbias__ks3                     1.28131e-19
xb6.xbias__ks4                    -7.33253e-20
xb6.xbias__nkg                     2.48086e-19
xb6.xbias__nkm                    -5.34117e-19
xb6.xbias__nokl                    1.14741e-19
xb6.xbias__noko                   -3.48929e-19
xb6.xbias__nokx                   -5.94236e-19
xb6.bias_ok                        1.49392e-18
xb6.xcmp__na                       6.11724e-19
xb6.xcmp__sns                                0
xb6.xcmp__tn                       3.91199e-20
xb6.xcmp__cmpo                    -9.92432e-19
xb6.vref                          -6.50257e-19
xb6.xcmp__nbg                      1.16056e-18
xb6.ibias                         -9.50406e-19
xb6.xcmp__bias_okb                 1.05029e-18
xb6.xcmp__snsb                               0
xb6.xcmp__n1                      -1.53961e-18
xb6.por_raw                       -1.48453e-18
xb6.xpor__pdn                     -5.76313e-22
xb6.xpor__ndl                      2.19367e-55
xb6.xpor__ndgn                    -1.68402e-18
xb6.xpor__ndg                      6.34308e-20
xb6.xpor__pgdg                     -5.3614e-19
xb6.xpor__pgdgb                    9.87088e-19
xb6.xpor__tim                      2.30829e-19
xb6.xpor__nd1                     -3.12583e-21
xb6.xpor__trip                     4.40514e-19
xb6.xpor__rstb                    -1.28806e-18
xb6.xpor__nnand                    1.88208e-18
xb6.xtemp__n1                     -7.51892e-19
xb6.xtemp__n2                     -1.09928e-20
xb6.xtemp__nbg                    -3.05602e-18
xb6.xtemp__enb                     5.21557e-19
xb6.xtemp__pb                      2.21155e-22
xb6.xtemp__pcas                    8.81468e-19
xb6.xtemp__nd                      4.33906e-19
xb6.xtemp__nr                      -1.1893e-18
xb6.xtemp__nt                     -1.22515e-18
xb6.xtemp__t5                     -1.42313e-25
xb6.xtemp__t4                     -7.01264e-26
xb6.xtemp__t3                     -3.40078e-26
xb6.xtemp__t2                      -1.5923e-26
xb6.xtemp__t1                     -6.85663e-27
xb6.xtemp__t0                     -2.30258e-27
xb6.xbias__na                     -4.67103e-20
xb6.xbias__nbtop                   4.29272e-19
xb6.xbias__nt                       2.4768e-19
xb6.xbias__nb                      4.29272e-19
xb6.xbias__tok                     5.63617e-20
xb6.xcmp__vdda                     1.59717e-19
xb6.xpor__ndgp                    -5.17069e-19
xb6.xpor__nts                      1.26514e-19
xb6.xtemp__na                      1.39116e-18
xb6.xtemp__nb                     -5.04392e-21
xb6.xtemp__m1d                     6.92985e-19
xb6.xtemp__m2d                     9.44519e-19
xb6.xtemp__m3d                     9.36973e-19
xb6.xbias__ec                      4.29272e-19
xb6.xbias__er                     -6.50259e-19
xb6.xtemp__nc                     -5.04389e-21
xb6.xbias__nz                     -2.58352e-19
xb6.x162.11                       -5.04392e-21
xb6.x162.21                       -5.04391e-21
xb6.xtemp__xr1__1                 -5.04391e-21
xb6.x163.11                       -5.04389e-21
xb6.x163.21                       -5.04391e-21
xb6.x164.11                        1.39116e-18
xb6.x164.21                        1.39116e-18
xb6.xtemp__xriso__1                1.39116e-18
xb6.x165.11                        1.39116e-18
xb6.x165.21                        1.39116e-18
xb6.x166.11                       -1.09928e-20
xb6.x166.21                       -1.09928e-20
xb6.xtemp__xrz__1                 -1.09928e-20
xb6.xtemp__xrz__2                 -1.09928e-20
xb6.x167.11                       -1.09928e-20
xb6.x167.21                       -1.09928e-20
xb6.x168.11                       -1.09928e-20
xb6.x168.21                       -1.09928e-20
xb6.xtemp__xrz__3                 -1.09928e-20
xb6.xtemp__xrz__4                 -1.09928e-20
xb6.x169.11                       -1.09928e-20
xb6.x169.21                       -1.09928e-20
xb6.x170.11                       -1.09928e-20
xb6.x170.21                       -1.09928e-20
xb6.xtemp__xrz__5                 -1.09928e-20
xb6.xtemp__xrz__6                 -1.09928e-20
xb6.x171.11                       -1.09928e-20
xb6.x171.21                       -1.09928e-20
xb6.x172.11                       -1.09928e-20
xb6.x172.21                       -1.09928e-20
xb6.xtemp__xrz__7                 -1.09928e-20
xb6.xtemp__xrz__8                 -1.09928e-20
xb6.x173.11                       -1.09928e-20
xb6.x173.21                       -1.09928e-20
xb6.x174.11                       -1.09928e-20
xb6.x174.21                       -1.09928e-20
xb6.xtemp__xrz__9                 -1.09928e-20
xb6.x175.11                       -1.09928e-20
xb6.x175.21                       -1.09928e-20
xb6.x176.11                       -9.75916e-25
xb6.x176.21                       -9.41258e-25
xb6.xtemp__xr2f__1                 -9.4122e-25
xb6.xtemp__xr2f__2                -9.06485e-25
xb6.x177.11                       -9.06523e-25
xb6.x177.21                       -9.41181e-25
xb6.x178.11                       -9.06446e-25
xb6.x178.21                       -8.71788e-25
xb6.xtemp__xr2f__3                 -8.7175e-25
xb6.xtemp__xr2f__4                -8.37015e-25
xb6.x179.11                       -8.37053e-25
xb6.x179.21                       -8.71711e-25
xb6.x180.11                       -8.36976e-25
xb6.x180.21                       -8.02318e-25
xb6.xtemp__xr2f__5                -8.02279e-25
xb6.xtemp__xr2f__6                -7.67544e-25
xb6.x181.11                       -7.67583e-25
xb6.x181.21                       -8.02241e-25
xb6.x182.11                       -7.67506e-25
xb6.x182.21                       -7.32848e-25
xb6.xtemp__xr2f__7                -7.32809e-25
xb6.xtemp__xr2f__8                -6.98074e-25
xb6.x183.11                       -6.98113e-25
xb6.x183.21                       -7.32771e-25
xb6.x184.11                       -6.98035e-25
xb6.x184.21                       -6.63378e-25
xb6.xtemp__xr2f__9                -6.63339e-25
xb6.xtemp__xr2f__10               -6.28604e-25
xb6.x185.11                       -6.28643e-25
xb6.x185.21                         -6.633e-25
xb6.x186.11                       -6.28565e-25
xb6.x186.21                       -5.93907e-25
xb6.xtemp__xr2f__11               -5.93869e-25
xb6.xtemp__xr2f__12               -5.59134e-25
xb6.x187.11                       -5.59172e-25
xb6.x187.21                        -5.9383e-25
xb6.x188.11                       -5.59095e-25
xb6.x188.21                       -5.24437e-25
xb6.xtemp__xr2f__13               -5.24399e-25
xb6.xtemp__xr2f__14               -4.89664e-25
xb6.x189.11                       -4.89702e-25
xb6.x189.21                        -5.2436e-25
xb6.x190.11                       -4.89625e-25
xb6.x190.21                       -4.54967e-25
xb6.xtemp__xr2f__15               -4.54928e-25
xb6.xtemp__xr2f__16               -4.20193e-25
xb6.x191.11                       -4.20232e-25
xb6.x191.21                        -4.5489e-25
xb6.x192.11                       -4.20155e-25
xb6.x192.21                       -3.85497e-25
xb6.xtemp__xr2f__17               -3.85458e-25
xb6.xtemp__xr2f__18               -3.50723e-25
xb6.x193.11                       -3.50762e-25
xb6.x193.21                        -3.8542e-25
xb6.x194.11                       -3.50684e-25
xb6.x194.21                       -3.16027e-25
xb6.xtemp__xr2f__19               -3.15988e-25
xb6.xtemp__xr2f__20               -2.81253e-25
xb6.x195.11                       -2.81292e-25
xb6.x195.21                       -3.15949e-25
xb6.x196.11                       -2.81214e-25
xb6.x196.21                       -2.46556e-25
xb6.xtemp__xr2f__21               -2.46518e-25
xb6.xtemp__xr2f__22               -2.11783e-25
xb6.x197.11                       -2.11821e-25
xb6.x197.21                       -2.46479e-25
xb6.x198.11                       -2.11744e-25
xb6.x198.21                       -1.77086e-25
xb6.xtemp__xr2f__23               -1.77048e-25
xb6.x199.11                       -1.42351e-25
xb6.x199.21                       -1.77009e-25
xb6.x200.11                       -1.42274e-25
xb6.x200.21                       -1.06258e-25
xb6.xtemp__xr2t5__1               -1.06219e-25
xb6.x201.11                        -7.0165e-26
xb6.x201.21                       -1.06181e-25
xb6.x202.11                       -7.00877e-26
xb6.x202.21                       -5.21058e-26
xb6.xtemp__xr2t4__1               -5.20671e-26
xb6.x203.11                       -3.40465e-26
xb6.x203.21                       -5.20285e-26
xb6.x204.11                       -3.39692e-26
xb6.x204.21                       -2.50041e-26
xb6.xtemp__xr2t3__1               -2.49654e-26
xb6.x205.11                       -1.59617e-26
xb6.x205.21                       -2.49268e-26
xb6.x206.11                       -1.58844e-26
xb6.x206.21                       -1.14285e-26
xb6.xtemp__xr2t2__1               -1.13898e-26
xb6.x207.11                       -6.89529e-27
xb6.x207.21                       -1.13512e-26
xb6.x208.11                       -6.81798e-27
xb6.x208.21                       -4.61827e-27
xb6.xtemp__xr2t1__1               -4.57961e-27
xb6.x209.11                       -2.34124e-27
xb6.x209.21                       -4.54095e-27
xb6.x210.11                       -2.26393e-27
xb6.x210.21                       -1.18995e-27
xb6.xtemp__xr2t0__1               -1.15129e-27
xb6.x211.11                       -3.86559e-29
xb6.x211.21                       -1.11264e-27
xb6.x212.11                                  0
xb6.x212.21                                  0
xb6.x213.11                                  0
xb6.x213.21                                  0
xb6.x214.11                                  0
xb6.x214.21                                  0
xb6.x215.11                       -6.50257e-19
xb6.x215.21                       -6.50257e-19
xb6.xbias__xr2__1                 -6.50257e-19
xb6.xbias__xr2__2                 -6.50257e-19
xb6.x216.11                       -6.50257e-19
xb6.x216.21                       -6.50257e-19
xb6.x217.11                       -6.50257e-19
xb6.x217.21                       -6.50258e-19
xb6.xbias__xr2__3                 -6.50258e-19
xb6.xbias__xr2__4                 -6.50258e-19
xb6.x218.11                       -6.50258e-19
xb6.x218.21                       -6.50258e-19
xb6.x219.11                       -6.50258e-19
xb6.x219.21                       -6.50258e-19
xb6.xbias__xr2__5                 -6.50258e-19
xb6.xbias__xr2__6                 -6.50258e-19
xb6.x220.11                       -6.50258e-19
xb6.x220.21                       -6.50258e-19
xb6.x221.11                       -6.50258e-19
xb6.x221.21                       -6.50258e-19
xb6.xbias__xr2__7                 -6.50258e-19
xb6.xbias__xr2__8                 -6.50258e-19
xb6.x222.11                       -6.50258e-19
xb6.x222.21                       -6.50258e-19
xb6.x223.11                       -6.50258e-19
xb6.x223.21                       -6.50258e-19
xb6.xbias__xr2__9                 -6.50258e-19
xb6.xbias__xr2__10                -6.50259e-19
xb6.x224.11                       -6.50259e-19
xb6.x224.21                       -6.50258e-19
xb6.x225.11                       -6.50259e-19
xb6.x225.21                       -6.50259e-19
xb6.xbias__xr2__11                -6.50259e-19
xb6.xbias__xr2__12                -6.50259e-19
xb6.x226.11                       -6.50259e-19
xb6.x226.21                       -6.50259e-19
xb6.x227.11                       -6.50259e-19
xb6.x227.21                       -6.50259e-19
xb6.xbias__xr2__13                -6.50259e-19
xb6.xbias__xr2__14                -6.50259e-19
xb6.x228.11                       -6.50259e-19
xb6.x228.21                       -6.50259e-19
xb6.x229.11                       -6.50259e-19
xb6.x229.21                       -6.50259e-19
xb6.xbias__xr2__15                -6.50259e-19
xb6.x230.11                       -6.50259e-19
xb6.x230.21                       -6.50259e-19
xb6.x231.11                       -2.58352e-19
xb6.x231.21                       -2.58352e-19
xb6.xbias__xrz__1                 -2.58352e-19
xb6.xbias__xrz__2                 -2.58352e-19
xb6.x232.11                       -2.58352e-19
xb6.x232.21                       -2.58352e-19
xb6.x233.11                       -2.58352e-19
xb6.x233.21                       -2.58352e-19
xb6.xbias__xrz__3                 -2.58352e-19
xb6.x234.11                       -2.58352e-19
xb6.x234.21                       -2.58352e-19
xb6.x235.11                        4.29272e-19
xb6.x235.21                        4.29272e-19
xb6.xbias__xr1__1                  4.29272e-19
xb6.x236.11                        4.29272e-19
xb6.x236.21                        4.29272e-19
xb6.x237.11                        4.29272e-19
xb6.x237.21                        4.29272e-19
xb6.xbias__xrt__1                  4.29272e-19
xb6.x238.11                        4.29272e-19
xb6.x238.21                        4.29272e-19
xb6.xbias__nt__par                  2.4768e-19
xb6.xtemp__xrz__2__par            -1.09928e-20
xb6.xtemp__xrz__4__par            -1.09928e-20
xb6.xtemp__xrz__6__par            -1.09928e-20
xb6.xtemp__xrz__8__par            -1.09928e-20
xb6.xbias__n1__par                 9.44364e-19
xb6.xtemp__xr2f__2__par           -9.06485e-25
xb6.xtemp__xr2f__4__par           -8.37015e-25
xb6.xtemp__xr2f__6__par           -7.67544e-25
xb6.xtemp__xr2f__8__par           -6.98074e-25
xb6.xtemp__xr2f__10__par          -6.28604e-25
xb6.xtemp__xr2f__12__par          -5.59134e-25
xb6.xtemp__xr2f__14__par          -4.89664e-25
xb6.xtemp__xr2f__16__par          -4.20193e-25
xb6.xtemp__xr2f__18__par          -3.50723e-25
xb6.xtemp__xr2f__20__par          -2.81253e-25
xb6.xbias__n2__par                -2.58352e-19
xb6.xtemp__xr2f__22__par          -2.11783e-25
xb6.xtemp__xr2t0__1__par          -1.15129e-27
xb6.xtemp__xr2t1__1__par          -4.57961e-27
xb6.xbias__tok__par                5.63617e-20
xb6.xtemp__xr2t2__1__par          -1.13898e-26
xb6.xtemp__xr2t3__1__par          -2.49654e-26
xb6.xbias__noko__par              -3.48929e-19
xb6.xtemp__xriso__1__par           1.39116e-18
xb6.xtemp__xr2t4__1__par          -5.20671e-26
xb6.xtemp__xr1__1__par            -5.04391e-21
xb6.xtemp__xrz__1__par            -1.09928e-20
xb6.xtemp__xrz__3__par            -1.09928e-20
xb6.xtemp__xrz__5__par            -1.09928e-20
xb6.xbias__nokl__par               1.14741e-19
xb6.xtemp__xrz__7__par            -1.09928e-20
xb6.xtemp__xrz__9__par            -1.09928e-20
xb6.xtemp__xr2f__1__par            -9.4122e-25
xb6.xtemp__xr2f__3__par            -8.7175e-25
xb6.xtemp__xr2f__5__par           -8.02279e-25
xb6.xtemp__xr2f__7__par           -7.32809e-25
xb6.xtemp__xr2f__9__par           -6.63339e-25
xb6.xtemp__xr2f__11__par          -5.93869e-25
xb6.xtemp__xr2f__13__par          -5.24399e-25
xb6.xtemp__xr2f__15__par          -4.54928e-25
xb6.xbias__nkg__par                2.48086e-19
xb6.xtemp__xr2f__17__par          -3.85458e-25
xb6.xtemp__xr2f__19__par          -3.15988e-25
xb6.xtemp__xr2f__21__par          -2.46518e-25
xb6.xtemp__xr2f__23__par          -1.77048e-25
xb6.xtemp__xr2t5__1__par          -1.06219e-25
xb6.xbias__nb__par                 4.29272e-19
xb6.xcmp__vdda__par                1.59717e-19
xb6.xcmp__na__par                  6.11724e-19
xb6.xcmp__cmpo__par               -9.92432e-19
xb6.xcmp__n1__par                 -1.53961e-18
xb6.xcmp__tn__par                  3.91199e-20
xb6.xcmp__sns__par                           0
xb6.xcmp__nbg__par                 1.16056e-18
xb6.xcmp__snsb__par                          0
xb6.xpor__pdn__par                -5.76313e-22
xb6.xpor__ndl__par                 2.19367e-55
xb6.xpor__ndgn__par               -1.68402e-18
xb6.xpor__pgdg__par                -5.3614e-19
xb6.xpor__pgdgb__par               9.87088e-19
xb6.xpor__nd1__par                -3.12583e-21
xb6.xpor__nnand__par               1.88208e-18
xb6.xpor__ndgp__par               -5.17069e-19
xb6.xpor__nts__par                 1.26514e-19
xb6.xpor__rstb__par               -1.28806e-18
xb6.xbias__nkm__par               -5.34117e-19
xb6.xbias__nokx__par              -5.94236e-19
xb6.xbias__ks1__par                2.27909e-19
xb6.xbias__ks2__par               -2.48978e-19
xb6.xbias__ks3__par                1.28131e-19
xb6.xbias__ks4__par               -7.33253e-20
xb6.xbias__ec__par                 4.29272e-19
xb6.xbias__nz__par                -2.58352e-19
xb6.xpor__ndg__par                 6.34308e-20
xb6.xpor__tim__par                 2.30829e-19
xb6.xpor__trip__par                4.40514e-19
xb6.xbias__xr2__2__par            -6.50257e-19
xb6.xbias__xr2__4__par            -6.50258e-19
xb6.xbias__xr2__6__par            -6.50258e-19
xb6.xbias__xr2__8__par            -6.50258e-19
xb6.xbias__xr2__10__par           -6.50259e-19
xb6.xbias__xr2__12__par           -6.50259e-19
xb6.xbias__pg__par                -1.88552e-19
xb6.xbias__xr2__14__par           -6.50259e-19
xb6.xbias__xrz__2__par            -2.58352e-19
xb6.xbias__xrt__1__par             4.29272e-19
xb6.xbias__na__par                -4.67103e-20
xb6.xbias__er__par                -6.50259e-19
xb6.xbias__nbtop__par              4.29272e-19
xb6.xbias__nbg__par                4.34265e-19
xb6.xbias__xrz__1__par            -2.58352e-19
xb6.xbias__xrz__3__par            -2.58352e-19
xb6.xbias__xr1__1__par             4.29272e-19
xb6.xbias__xr2__13__par           -6.50259e-19
xb6.xbias__xr2__11__par           -6.50259e-19
xb6.xbias__xr2__1__par            -6.50257e-19
xb6.xbias__xr2__3__par            -6.50258e-19
xb6.xbias__xr2__5__par            -6.50258e-19
xb6.xbias__xr2__7__par            -6.50258e-19
xb6.xbias__xr2__9__par            -6.50258e-19
xb6.xbias__pb__par                 1.39002e-19
xb6.xbias__xr2__15__par           -6.50259e-19
xb6.bias_ok__par                   1.49392e-18
xb6.xcmp__bias_okb__par            1.05029e-18
xb6.ctat__par                      1.39116e-18
xb6.resetn__par                    7.55402e-19
xb6.xtemp__enb__par                5.21557e-19
xb6.ibias__par                    -9.50406e-19
xb6.xtemp__m1d__par                6.92985e-19
xb6.xtemp__m2d__par                9.44519e-19
xb6.xtemp__m3d__par                9.36973e-19
xb6.xtemp__n1__par                -7.51892e-19
xb6.xtemp__n2__par                -1.09928e-20
xb6.xtemp__na__par                 1.39116e-18
xb6.xtemp__nb__par                -5.04392e-21
xb6.xtemp__nbg__par               -3.05602e-18
xb6.xtemp__nc__par                -5.04389e-21
xb6.xtemp__nd__par                 4.33906e-19
xb6.xtemp__nr__par                 -1.1893e-18
xb6.xtemp__nt__par                -1.22515e-18
xb6.xtemp__nz__par                -1.09928e-20
xb6.xtemp__pb__par                 2.21155e-22
xb6.xtemp__pcas__par               8.81468e-19
xb6.xtemp__pg__par                 3.44573e-22
xb6.por_raw__par                  -1.48453e-18
xb6.ptat__par                     -9.75955e-25
xb6.xtemp__t0__par                -2.30258e-27
xb6.xtemp__t1__par                -6.85663e-27
xb6.xtemp__t2__par                 -1.5923e-26
xb6.xtemp__t3__par                -3.40078e-26
xb6.xtemp__t4__par                -7.01264e-26
xb6.xtemp__t5__par                -1.42313e-25
xb6.vdd__par                                 0
xb6.vref__par                     -6.50257e-19
xb6.vss__par                                 0
vb6#branch                         5.38384e-30
vb3#branch                         1.38962e-29
vb1#branch                        -1.87682e-29

 Reference value :  0.00000e+00
 Reference value :  1.15616e-04
 Reference value :  1.68528e-04
 Reference value :  2.44578e-04
 Reference value :  3.06469e-04
 Reference value :  3.58880e-04
 Reference value :  3.80815e-04
 Reference value :  3.81285e-04
 Reference value :  3.81659e-04
 Reference value :  3.94243e-04
 Reference value :  4.01422e-04
 Reference value :  4.01720e-04
 Reference value :  4.20888e-04
 Reference value :  9.34265e-04
 Reference value :  9.41998e-04
 Reference value :  9.42124e-04
 Reference value :  9.49206e-04
 Reference value :  9.54605e-04
 Reference value :  9.54818e-04
 Reference value :  9.60210e-04
 Reference value :  1.23986e-03
 Reference value :  2.31986e-03
 Reference value :  3.37986e-03
 Reference value :  4.45986e-03
 Reference value :  5.53986e-03
 Reference value :  6.61986e-03
 Reference value :  7.69986e-03
 Reference value :  8.75986e-03
 Reference value :  9.24457e-03
 Reference value :  9.28040e-03
 Reference value :  9.28216e-03
 Reference value :  9.28234e-03
 Reference value :  9.28252e-03
 Reference value :  9.28417e-03
 Reference value :  9.28548e-03
 Reference value :  9.28567e-03
 Reference value :  9.28736e-03
 Reference value :  9.29228e-03
 Reference value :  9.77291e-03
 Reference value :  1.08529e-02
 Reference value :  1.19529e-02
 Reference value :  1.30329e-02
 Reference value :  1.40729e-02
 Reference value :  1.51529e-02
 Reference value :  1.62329e-02
 Reference value :  1.73329e-02
 Reference value :  1.84329e-02
 Reference value :  1.95329e-02
 Reference value :  2.00440e-02
 Reference value :  2.00580e-02
 Reference value :  2.00581e-02
 Reference value :  2.00581e-02
 Reference value :  2.00581e-02
 Reference value :  2.00586e-02
 Reference value :  2.00750e-02
 Reference value :  2.00759e-02
 Reference value :  2.00761e-02
 Reference value :  2.00761e-02
 Reference value :  2.00761e-02
 Reference value :  2.00768e-02
 Reference value :  2.01307e-02
 Reference value :  2.02120e-02
 Reference value :  2.02124e-02
 Reference value :  2.02124e-02
 Reference value :  2.02124e-02
 Reference value :  2.02126e-02
 Reference value :  2.02212e-02
 Reference value :  2.02215e-02
 Reference value :  2.02216e-02
 Reference value :  2.02216e-02
 Reference value :  2.02217e-02
 Reference value :  2.02363e-02
 Reference value :  2.03530e-02
 Reference value :  2.03703e-02
 Reference value :  2.03708e-02
 Reference value :  2.03710e-02
 Reference value :  2.03894e-02
 Reference value :  2.06500e-02
 Reference value :  2.06528e-02
 Reference value :  2.06529e-02
 Reference value :  2.06549e-02
 Reference value :  2.06664e-02
 Reference value :  2.06668e-02
 Reference value :  2.06669e-02
 Reference value :  2.06771e-02
 Reference value :  2.09274e-02
 Reference value :  2.09287e-02
 Reference value :  2.09288e-02
 Reference value :  2.09326e-02
 Reference value :  2.09343e-02
 Reference value :  2.09344e-02
 Reference value :  2.09344e-02
 Reference value :  2.09344e-02
 Reference value :  2.09344e-02
 Reference value :  2.09347e-02
 Reference value :  2.09541e-02
 Reference value :  2.10645e-02
 Reference value :  2.10666e-02
 Reference value :  2.10667e-02
 Reference value :  2.10776e-02
 Reference value :  2.14564e-02
 Reference value :  2.19246e-02
 Reference value :  2.19268e-02
 Reference value :  2.19269e-02
 Reference value :  2.19347e-02
 Reference value :  2.19395e-02
 Reference value :  2.19397e-02
 Reference value :  2.19452e-02
 Reference value :  2.21905e-02
 Reference value :  2.30604e-02
 Reference value :  2.47174e-02
 Reference value :  2.55266e-02
 Reference value :  2.55272e-02
 Reference value :  2.55397e-02
 Reference value :  2.55401e-02
 Reference value :  2.55410e-02
 Reference value :  2.55551e-02
 Reference value :  2.62798e-02
 Reference value :  2.71598e-02
 Reference value :  2.80798e-02
 Reference value :  2.89398e-02
 Reference value :  2.89847e-02
 Reference value :  2.89979e-02
 Reference value :  2.89986e-02
 Reference value :  2.89988e-02
 Reference value :  2.89989e-02
 Reference value :  2.89996e-02
 Reference value :  2.90015e-02
 Reference value :  2.90019e-02
 Reference value :  2.90021e-02
 Reference value :  2.90037e-02
 Reference value :  2.90059e-02
 Reference value :  2.90909e-02
 Reference value :  3.01964e-02
 Reference value :  3.02631e-02
 Reference value :  3.02651e-02
 Reference value :  3.02652e-02
 Reference value :  3.02654e-02
 Reference value :  3.02659e-02
 Reference value :  3.02671e-02
 Reference value :  3.02685e-02
 Reference value :  3.02686e-02
 Reference value :  3.02696e-02
 Reference value :  3.02705e-02
 Reference value :  3.02758e-02
 Reference value :  3.06021e-02
 Reference value :  3.15221e-02
 Reference value :  3.24421e-02
 Reference value :  3.33421e-02
 Reference value :  3.38234e-02
 Reference value :  3.38629e-02
 Reference value :  3.38652e-02
 Reference value :  3.38654e-02
 Reference value :  3.38656e-02
 Reference value :  3.38660e-02
 Reference value :  3.38672e-02
 Reference value :  3.38686e-02
 Reference value :  3.38688e-02
 Reference value :  3.38697e-02
 Reference value :  3.38706e-02
 Reference value :  3.38761e-02
 Reference value :  3.41631e-02
 Reference value :  3.50031e-02
 Reference value :  3.59031e-02
 Reference value :  3.68431e-02
 Reference value :  3.77631e-02
 Reference value :  3.86831e-02
 Reference value :  3.95831e-02
 Reference value :  4.04631e-02
 Reference value :  4.13831e-02
 Reference value :  4.23031e-02
 Reference value :  4.32231e-02
 Reference value :  4.41431e-02
 Reference value :  4.50831e-02
 Reference value :  4.60231e-02
 Reference value :  4.69431e-02
 Reference value :  4.78431e-02
 Reference value :  4.88031e-02
 Reference value :  4.97031e-02
 Reference value :  5.05631e-02
 Reference value :  5.14631e-02
 Reference value :  5.23631e-02
 Reference value :  5.32831e-02
 Reference value :  5.41831e-02
No. of Data Rows : 6150
t_praw_b1           =  2.00581e-02
vdd_praw_b1         =  2.58840e+00
vref_praw_b1        =  8.30838e-01
t_praw_b3           =  2.02124e-02
vdd_praw_b3         =  2.55161e+00
vref_praw_b3        =  1.10039e+00
t_praw_b6           =  2.09288e-02
vdd_praw_b6         =  2.36010e+00
vref_praw_b6        =  1.16781e+00
m_t_praw_b1_us = 5.8110000000e+01
m_vdd_at_praw_b1_v = 2.5884000000e+00
m_vref_at_praw_b1_v = 8.3083750000e-01
m_t_praw_b3_us = 2.1238000000e+02
m_vdd_at_praw_b3_v = 2.5516110000e+00
m_vref_at_praw_b3_v = 1.1003930000e+00
m_t_praw_b6_us = 9.2878000000e+02
m_vdd_at_praw_b6_v = 2.3601040000e+00
m_vref_at_praw_b6_v = 1.1678150000e+00
Note: Simulation executed from .control section 

Warning: m=xx on .subckt line will override multiplier m hierarchy!

