
Note: No compatibility mode selected!


Circuit: * temp-accuracy-vt @ bjt_ff_27c_3.30v -- generated by sim/harness, do not edit

Doing analysis at TEMP = 27.000000 and TNOM = 27.000000

Using SPARSE 1.3 as Direct Linear Solver

Initial Transient Solution
--------------------------

Node                                   Voltage
----                                   -------
vdd                                          0
ptat                               -1.107e-112
ctat                               -1.8912e-89
resetn                            1.41734e-105
xdut.xbias__nbg                   2.16224e-114
xdut.xbias__pb                    1.29101e-113
xdut.xbias__n1                    3.02954e-110
xdut.xbias__n2                   -1.45393e-108
xdut.xbias__pg                    -4.0591e-105
xdut.xbias__ks1                  -1.34104e-106
xdut.xbias__ks2                   1.67078e-105
xdut.xbias__ks3                  -2.06817e-104
xdut.xbias__ks4                   2.55998e-103
xdut.xbias__nkg                  -3.16874e-102
xdut.xbias__nkm                   1.65045e-113
xdut.xbias__nokl                  -2.8606e-112
xdut.xbias__noko                 -3.61195e-113
xdut.xbias__nokx                 -1.40744e-112
xdut.bias_ok                     -2.48917e-102
xdut.xcmp__na                    -1.18626e-115
xdut.xcmp__sns                   -1.42271e-148
xdut.xcmp__tn                     2.03332e-115
xdut.xcmp__cmpo                  -1.24104e-115
xdut.vref                         3.74941e-113
xdut.xcmp__nbg                      2.3941e-99
xdut.ibias                         9.91369e-99
xdut.xcmp__bias_okb              -3.47441e-113
xdut.xcmp__snsb                  -2.64218e-148
xdut.xcmp__n1                    -4.64806e-114
xdut.por_raw                     -3.20271e-116
xdut.xpor__pdn                   -4.52407e-151
xdut.xpor__ndl                   -8.79812e-119
xdut.xpor__ndgn                  -1.49724e-109
xdut.xpor__ndg                    2.32183e-109
xdut.xpor__pgdg                   3.45124e-119
xdut.xpor__pgdgb                 -7.44421e-116
xdut.xpor__tim                     1.1389e-114
xdut.xpor__nd1                   -1.96292e-112
xdut.xpor__trip                  -9.69016e-115
xdut.xpor__rstb                     1.235e-113
xdut.xpor__nnand                 -6.10077e-113
xdut.xtemp__n1                    7.22798e-106
xdut.xtemp__n2                   -1.18898e-105
xdut.xtemp__pg                    -2.3459e-101
xdut.xtemp__nbg                     2.3941e-99
xdut.xtemp__enb                  -1.31012e-112
xdut.xtemp__pb                   -3.86809e-106
xdut.xtemp__pcas                 -1.54893e-105
xdut.xtemp__nd                   -1.21636e-111
xdut.xtemp__nr                    1.97443e-111
xdut.xtemp__nt                    -1.5806e-106
xdut.xtemp__t5                   -1.61652e-113
xdut.xtemp__t4                   -7.97941e-114
xdut.xtemp__t3                   -3.88028e-114
xdut.xtemp__t2                   -1.82444e-114
xdut.xtemp__t1                   -7.90423e-115
xdut.xtemp__t0                   -2.67663e-115
xdut.xbias__na                     4.69872e-95
xdut.xbias__nbtop                  2.54741e-92
xdut.xbias__nt                   -9.44775e-111
xdut.xbias__nb                     2.54741e-92
xdut.xbias__tok                   -1.0845e-114
xdut.xcmp__vdda                  -2.51336e-116
xdut.xpor__ndgp                  -7.90872e-111
xdut.xpor__nts                   -6.54508e-116
xdut.xtemp__na                     -1.8912e-89
xdut.xtemp__nb                    -2.47467e-84
xdut.xtemp__m1d                    7.69841e-90
xdut.xtemp__m2d                    5.61143e-84
xdut.xtemp__m3d                   6.64483e-107
xdut.xbias__ec                     2.54741e-92
xdut.xbias__er                    3.74945e-113
xdut.xtemp__nc                    -2.47467e-84
xdut.xbias__nz                   -1.45393e-108
xdut.xtemp__nz                   -1.18898e-105
xdut.x163.11                      -2.47467e-84
xdut.x163.21                      -2.47467e-84
xdut.xtemp__xr1__1                -2.47467e-84
xdut.x164.11                      -2.47467e-84
xdut.x164.21                      -2.47467e-84
xdut.x165.11                       -1.8912e-89
xdut.x165.21                       -1.8912e-89
xdut.xtemp__xriso__1               -1.8912e-89
xdut.x166.11                       -1.8912e-89
xdut.x166.21                       -1.8912e-89
xdut.x167.11                     -1.18898e-105
xdut.x167.21                     -1.18898e-105
xdut.xtemp__xrz__1               -1.18898e-105
xdut.xtemp__xrz__2               -1.18898e-105
xdut.x168.11                     -1.18898e-105
xdut.x168.21                     -1.18898e-105
xdut.x169.11                     -1.18898e-105
xdut.x169.21                     -1.18898e-105
xdut.xtemp__xrz__3               -1.18898e-105
xdut.xtemp__xrz__4               -1.18898e-105
xdut.x170.11                     -1.18898e-105
xdut.x170.21                     -1.18898e-105
xdut.x171.11                     -1.18898e-105
xdut.x171.21                     -1.18898e-105
xdut.xtemp__xrz__5               -1.18898e-105
xdut.xtemp__xrz__6               -1.18898e-105
xdut.x172.11                     -1.18898e-105
xdut.x172.21                     -1.18898e-105
xdut.x173.11                     -1.18898e-105
xdut.x173.21                     -1.18898e-105
xdut.xtemp__xrz__7               -1.18898e-105
xdut.xtemp__xrz__8               -1.18898e-105
xdut.x174.11                     -1.18898e-105
xdut.x174.21                     -1.18898e-105
xdut.x175.11                     -1.18898e-105
xdut.x175.21                     -1.18898e-105
xdut.xtemp__xrz__9               -1.18898e-105
xdut.x176.11                     -1.18898e-105
xdut.x176.21                     -1.18898e-105
xdut.x177.11                     -1.10694e-112
xdut.x177.21                     -1.06767e-112
xdut.xtemp__xr2f__1              -1.06761e-112
xdut.xtemp__xr2f__2              -1.02822e-112
xdut.x178.11                     -1.02828e-112
xdut.x178.21                     -1.06755e-112
xdut.x179.11                     -1.02816e-112
xdut.x179.21                     -9.88891e-113
xdut.xtemp__xr2f__3               -9.8883e-113
xdut.xtemp__xr2f__4              -9.49441e-113
xdut.x180.11                     -9.49502e-113
xdut.x180.21                      -9.8877e-113
xdut.x181.11                      -9.4938e-113
xdut.x181.21                     -9.10112e-113
xdut.xtemp__xr2f__5              -9.10052e-113
xdut.xtemp__xr2f__6              -8.70662e-113
xdut.x182.11                     -8.70723e-113
xdut.x182.21                     -9.09991e-113
xdut.x183.11                     -8.70601e-113
xdut.x183.21                     -8.31333e-113
xdut.xtemp__xr2f__7              -8.31273e-113
xdut.xtemp__xr2f__8              -7.91883e-113
xdut.x184.11                     -7.91944e-113
xdut.x184.21                     -8.31212e-113
xdut.x185.11                     -7.91823e-113
xdut.x185.21                     -7.52555e-113
xdut.xtemp__xr2f__9              -7.52494e-113
xdut.xtemp__xr2f__10             -7.13104e-113
xdut.x186.11                     -7.13165e-113
xdut.x186.21                     -7.52433e-113
xdut.x187.11                     -7.13044e-113
xdut.x187.21                     -6.73776e-113
xdut.xtemp__xr2f__11             -6.73715e-113
xdut.xtemp__xr2f__12             -6.34326e-113
xdut.x188.11                     -6.34386e-113
xdut.x188.21                     -6.73654e-113
xdut.x189.11                     -6.34265e-113
xdut.x189.21                     -5.94997e-113
xdut.xtemp__xr2f__13             -5.94936e-113
xdut.xtemp__xr2f__14             -5.55547e-113
xdut.x190.11                     -5.55607e-113
xdut.x190.21                     -5.94875e-113
xdut.x191.11                     -5.55486e-113
xdut.x191.21                     -5.16218e-113
xdut.xtemp__xr2f__15             -5.16157e-113
xdut.xtemp__xr2f__16             -4.76768e-113
xdut.x192.11                     -4.76829e-113
xdut.x192.21                     -5.16097e-113
xdut.x193.11                     -4.76707e-113
xdut.x193.21                     -4.37439e-113
xdut.xtemp__xr2f__17             -4.37378e-113
xdut.xtemp__xr2f__18             -3.97989e-113
xdut.x194.11                      -3.9805e-113
xdut.x194.21                     -4.37318e-113
xdut.x195.11                     -3.97928e-113
xdut.x195.21                      -3.5866e-113
xdut.xtemp__xr2f__19               -3.586e-113
xdut.xtemp__xr2f__20              -3.1921e-113
xdut.x196.11                     -3.19271e-113
xdut.x196.21                     -3.58539e-113
xdut.x197.11                     -3.19149e-113
xdut.x197.21                     -2.79881e-113
xdut.xtemp__xr2f__21             -2.79821e-113
xdut.xtemp__xr2f__22             -2.40431e-113
xdut.x198.11                     -2.40492e-113
xdut.x198.21                      -2.7976e-113
xdut.x199.11                     -2.40371e-113
xdut.x199.21                     -2.01103e-113
xdut.xtemp__xr2f__23             -2.01042e-113
xdut.x200.11                     -1.61713e-113
xdut.x200.21                     -2.00981e-113
xdut.x201.11                     -1.61592e-113
xdut.x201.21                     -1.20784e-113
xdut.xtemp__xr2t5__1             -1.20723e-113
xdut.x202.11                     -7.98548e-114
xdut.x202.21                     -1.20663e-113
xdut.x203.11                     -7.97334e-114
xdut.x203.21                     -5.93592e-114
xdut.xtemp__xr2t4__1             -5.92984e-114
xdut.x204.11                     -3.88635e-114
xdut.x204.21                     -5.92377e-114
xdut.x205.11                      -3.8742e-114
xdut.x205.21                     -2.85843e-114
xdut.xtemp__xr2t3__1             -2.85236e-114
xdut.x206.11                     -1.83052e-114
xdut.x206.21                     -2.84628e-114
xdut.x207.11                     -1.81837e-114
xdut.x207.21                     -1.31351e-114
xdut.xtemp__xr2t2__1             -1.30743e-114
xdut.x208.11                     -7.96497e-115
xdut.x208.21                     -1.30136e-114
xdut.x209.11                     -7.84349e-115
xdut.x209.21                     -5.35117e-115
xdut.xtemp__xr2t1__1             -5.29043e-115
xdut.x210.11                     -2.73737e-115
xdut.x210.21                     -5.22969e-115
xdut.x211.11                      -2.6159e-115
xdut.x211.21                     -1.39906e-115
xdut.xtemp__xr2t0__1             -1.33832e-115
xdut.x212.11                     -6.07381e-117
xdut.x212.21                     -1.27758e-115
xdut.x213.11                     -1.42271e-148
xdut.x213.21                     -1.98287e-154
xdut.x214.11                     -2.64218e-148
xdut.x214.21                     -1.42271e-148
xdut.x215.11                        1.983e-154
xdut.x215.21                     -2.64218e-148
xdut.x216.11                      3.74941e-113
xdut.x216.21                      3.74941e-113
xdut.xbias__xr2__1                3.74941e-113
xdut.xbias__xr2__2                3.74942e-113
xdut.x217.11                      3.74942e-113
xdut.x217.21                      3.74941e-113
xdut.x218.11                      3.74942e-113
xdut.x218.21                      3.74942e-113
xdut.xbias__xr2__3                3.74942e-113
xdut.xbias__xr2__4                3.74942e-113
xdut.x219.11                      3.74942e-113
xdut.x219.21                      3.74942e-113
xdut.x220.11                      3.74942e-113
xdut.x220.21                      3.74942e-113
xdut.xbias__xr2__5                3.74942e-113
xdut.xbias__xr2__6                3.74943e-113
xdut.x221.11                      3.74943e-113
xdut.x221.21                      3.74942e-113
xdut.x222.11                      3.74943e-113
xdut.x222.21                      3.74943e-113
xdut.xbias__xr2__7                3.74943e-113
xdut.xbias__xr2__8                3.74943e-113
xdut.x223.11                      3.74943e-113
xdut.x223.21                      3.74943e-113
xdut.x224.11                      3.74943e-113
xdut.x224.21                      3.74944e-113
xdut.xbias__xr2__9                3.74944e-113
xdut.xbias__xr2__10               3.74944e-113
xdut.x225.11                      3.74944e-113
xdut.x225.21                      3.74944e-113
xdut.x226.11                      3.74944e-113
xdut.x226.21                      3.74944e-113
xdut.xbias__xr2__11               3.74944e-113
xdut.xbias__xr2__12               3.74944e-113
xdut.x227.11                      3.74944e-113
xdut.x227.21                      3.74944e-113
xdut.x228.11                      3.74944e-113
xdut.x228.21                      3.74945e-113
xdut.xbias__xr2__13               3.74945e-113
xdut.xbias__xr2__14               3.74945e-113
xdut.x229.11                      3.74945e-113
xdut.x229.21                      3.74945e-113
xdut.x230.11                      3.74945e-113
xdut.x230.21                      3.74945e-113
xdut.xbias__xr2__15               3.74945e-113
xdut.x231.11                      3.74945e-113
xdut.x231.21                      3.74945e-113
xdut.x232.11                     -1.45393e-108
xdut.x232.21                     -1.45393e-108
xdut.xbias__xrz__1               -1.45393e-108
xdut.xbias__xrz__2               -1.45393e-108
xdut.x233.11                     -1.45393e-108
xdut.x233.21                     -1.45393e-108
xdut.x234.11                     -1.45393e-108
xdut.x234.21                     -1.45393e-108
xdut.xbias__xrz__3               -1.45393e-108
xdut.x235.11                     -1.45393e-108
xdut.x235.21                     -1.45393e-108
xdut.x236.11                       2.54741e-92
xdut.x236.21                       2.54741e-92
xdut.xbias__xr1__1                 2.54741e-92
xdut.x237.11                       2.54741e-92
xdut.x237.21                       2.54741e-92
xdut.x238.11                       2.54741e-92
xdut.x238.21                       2.54741e-92
xdut.xbias__xrt__1                 2.54741e-92
xdut.x239.11                       2.54741e-92
xdut.x239.21                       2.54741e-92
xdut.xtemp__xrz__2__par          -1.18898e-105
xdut.xtemp__xrz__4__par          -1.18898e-105
xdut.xtemp__xrz__6__par          -1.18898e-105
xdut.xtemp__xrz__8__par          -1.18898e-105
xdut.xtemp__xr2f__2__par         -1.02822e-112
xdut.xtemp__xr2f__4__par         -9.49441e-113
xdut.xtemp__xr2f__6__par         -8.70662e-113
xdut.xtemp__xr2f__8__par         -7.91883e-113
xdut.xbias__nt__par              -9.44775e-111
xdut.xtemp__xr2f__10__par        -7.13104e-113
xdut.xtemp__xr2f__12__par        -6.34326e-113
xdut.xtemp__xr2f__14__par        -5.55547e-113
xdut.xtemp__xr2f__16__par        -4.76768e-113
xdut.xtemp__xr2f__18__par        -3.97989e-113
xdut.xtemp__xr2f__20__par         -3.1921e-113
xdut.xtemp__xr2f__22__par        -2.40431e-113
xdut.xbias__n1__par               3.02954e-110
xdut.xtemp__xr2t0__1__par        -1.33832e-115
xdut.xtemp__xr2t1__1__par        -5.29043e-115
xdut.xtemp__xr2t2__1__par        -1.30743e-114
xdut.xbias__n2__par              -1.45393e-108
xdut.xtemp__xr2t3__1__par        -2.85236e-114
xdut.xbias__tok__par              -1.0845e-114
xdut.xtemp__xriso__1__par          -1.8912e-89
xdut.xtemp__xr2t4__1__par        -5.92984e-114
xdut.xtemp__xr1__1__par           -2.47467e-84
xdut.xtemp__xrz__1__par          -1.18898e-105
xdut.xtemp__xrz__3__par          -1.18898e-105
xdut.xtemp__xrz__5__par          -1.18898e-105
xdut.xtemp__xrz__7__par          -1.18898e-105
xdut.xtemp__xrz__9__par          -1.18898e-105
xdut.xtemp__xr2f__1__par         -1.06761e-112
xdut.xtemp__xr2f__3__par          -9.8883e-113
xdut.xbias__noko__par            -3.61195e-113
xdut.xtemp__xr2f__5__par         -9.10052e-113
xdut.xtemp__xr2f__7__par         -8.31273e-113
xdut.xtemp__xr2f__9__par         -7.52494e-113
xdut.xtemp__xr2f__11__par        -6.73715e-113
xdut.xtemp__xr2f__13__par        -5.94936e-113
xdut.xtemp__xr2f__15__par        -5.16157e-113
xdut.xtemp__xr2f__17__par        -4.37378e-113
xdut.xtemp__xr2f__19__par          -3.586e-113
xdut.xtemp__xr2f__21__par        -2.79821e-113
xdut.xtemp__xr2f__23__par        -2.01042e-113
xdut.xbias__nokl__par             -2.8606e-112
xdut.xtemp__xr2t5__1__par        -1.20723e-113
xdut.xbias__nkg__par             -3.16874e-102
xdut.xbias__nb__par                2.54741e-92
xdut.xcmp__vdda__par             -2.51336e-116
xdut.xcmp__na__par               -1.18626e-115
xdut.xcmp__cmpo__par             -1.24104e-115
xdut.xcmp__n1__par               -4.64806e-114
xdut.xcmp__tn__par                2.03332e-115
xdut.xcmp__sns__par              -1.42271e-148
xdut.xcmp__nbg__par                 2.3941e-99
xdut.xcmp__snsb__par             -2.64218e-148
xdut.xpor__pdn__par              -4.52407e-151
xdut.xpor__ndl__par              -8.79812e-119
xdut.xpor__ndgn__par             -1.49724e-109
xdut.xpor__pgdg__par              3.45124e-119
xdut.xpor__pgdgb__par            -7.44421e-116
xdut.xpor__nd1__par              -1.96292e-112
xdut.xpor__nnand__par            -6.10077e-113
xdut.xpor__ndgp__par             -7.90872e-111
xdut.xpor__nts__par              -6.54508e-116
xdut.xpor__rstb__par                1.235e-113
xdut.xbias__nkm__par              1.65045e-113
xdut.xbias__nokx__par            -1.40744e-112
xdut.xbias__ks1__par             -1.34104e-106
xdut.xbias__ks2__par              1.67078e-105
xdut.xbias__ks3__par             -2.06817e-104
xdut.xbias__ks4__par              2.55998e-103
xdut.xbias__nz__par              -1.45393e-108
xdut.xbias__ec__par                2.54741e-92
xdut.xpor__ndg__par               2.32183e-109
xdut.xpor__tim__par                1.1389e-114
xdut.xpor__trip__par             -9.69016e-115
xdut.xbias__xr2__2__par           3.74942e-113
xdut.xbias__xr2__4__par           3.74942e-113
xdut.xbias__xr2__6__par           3.74943e-113
xdut.xbias__xr2__8__par           3.74943e-113
xdut.xbias__xr2__10__par          3.74944e-113
xdut.xbias__xr2__12__par          3.74944e-113
xdut.xbias__pg__par               -4.0591e-105
xdut.xbias__xr2__14__par          3.74945e-113
xdut.xbias__xrz__2__par          -1.45393e-108
xdut.xbias__xrt__1__par            2.54741e-92
xdut.xbias__na__par                4.69872e-95
xdut.xbias__er__par               3.74945e-113
xdut.xbias__xrz__1__par          -1.45393e-108
xdut.xbias__xrz__3__par          -1.45393e-108
xdut.xbias__xr1__1__par            2.54741e-92
xdut.xbias__xr2__13__par          3.74945e-113
xdut.xbias__nbtop__par             2.54741e-92
xdut.xbias__xr2__11__par          3.74944e-113
xdut.xbias__xr2__1__par           3.74941e-113
xdut.xbias__xr2__3__par           3.74942e-113
xdut.xbias__xr2__5__par           3.74942e-113
xdut.xbias__xr2__7__par           3.74943e-113
xdut.xbias__xr2__9__par           3.74944e-113
xdut.xbias__xr2__15__par          3.74945e-113
xdut.xbias__nbg__par              2.16224e-114
xdut.xbias__pb__par               1.29101e-113
xdut.bias_ok__par                -2.48917e-102
xdut.xcmp__bias_okb__par         -3.47441e-113
xdut.ctat__par                     -1.8912e-89
xdut.resetn__par                  1.41734e-105
xdut.xtemp__enb__par             -1.31012e-112
xdut.ibias__par                    9.91369e-99
xdut.xtemp__m1d__par               7.69841e-90
xdut.xtemp__m2d__par               5.61143e-84
xdut.xtemp__m3d__par              6.64483e-107
xdut.xtemp__n1__par               7.22798e-106
xdut.xtemp__n2__par              -1.18898e-105
xdut.xtemp__na__par                -1.8912e-89
xdut.xtemp__nb__par               -2.47467e-84
xdut.xtemp__nbg__par                2.3941e-99
xdut.xtemp__nc__par               -2.47467e-84
xdut.xtemp__nd__par              -1.21636e-111
xdut.xtemp__nr__par               1.97443e-111
xdut.xtemp__nt__par               -1.5806e-106
xdut.xtemp__nz__par              -1.18898e-105
xdut.xtemp__pb__par              -3.86809e-106
xdut.xtemp__pcas__par            -1.54893e-105
xdut.xtemp__pg__par               -2.3459e-101
xdut.por_raw__par                -3.20271e-116
xdut.ptat__par                     -1.107e-112
xdut.xtemp__t0__par              -2.67663e-115
xdut.xtemp__t1__par              -7.90423e-115
xdut.xtemp__t2__par              -1.82444e-114
xdut.xtemp__t3__par              -3.88028e-114
xdut.xtemp__t4__par              -7.97941e-114
xdut.xtemp__t5__par              -1.61652e-113
xdut.vdd__par                                0
xdut.vref__par                    3.74941e-113
xdut.vss__par                                0
vddr                                         0
ptatr                             -1.1066e-112
ctatr                               -1.568e-89
resetnr                           1.41734e-105
xdutr.xbias__nbg                  2.16224e-114
xdutr.xbias__pb                   1.29101e-113
xdutr.xbias__n1                   3.02954e-110
xdutr.xbias__n2                  -1.45392e-108
xdutr.xbias__pg                   -4.0591e-105
xdutr.xbias__ks1                 -1.34104e-106
xdutr.xbias__ks2                  1.67078e-105
xdutr.xbias__ks3                 -2.06817e-104
xdutr.xbias__ks4                  2.55998e-103
xdutr.xbias__nkg                 -3.16874e-102
xdutr.xbias__nkm                  1.65045e-113
xdutr.xbias__nokl                 -2.8606e-112
xdutr.xbias__noko                -3.61195e-113
xdutr.xbias__nokx                -1.40744e-112
xdutr.bias_ok                    -2.48917e-102
xdutr.xcmp__na                   -1.18626e-115
xdutr.xcmp__sns                  -1.56568e-148
xdutr.xcmp__tn                    2.03332e-115
xdutr.xcmp__cmpo                 -1.24104e-115
xdutr.vref                        3.74941e-113
xdutr.xcmp__nbg                     2.3941e-99
xdutr.ibias                        9.91369e-99
xdutr.xcmp__bias_okb             -3.47441e-113
xdutr.xcmp__snsb                 -1.18309e-150
xdutr.xcmp__n1                   -4.64806e-114
xdutr.por_raw                    -3.20271e-116
xdutr.xpor__pdn                  -4.52407e-151
xdutr.xpor__ndl                  -8.79812e-119
xdutr.xpor__ndgn                 -1.49724e-109
xdutr.xpor__ndg                   2.32183e-109
xdutr.xpor__pgdg                  3.45124e-119
xdutr.xpor__pgdgb                -7.44421e-116
xdutr.xpor__tim                    1.1389e-114
xdutr.xpor__nd1                  -1.96292e-112
xdutr.xpor__trip                 -9.69016e-115
xdutr.xpor__rstb                    1.235e-113
xdutr.xpor__nnand                -6.10077e-113
xdutr.xtemp__n1                   7.22799e-106
xdutr.xtemp__n2                  -1.18898e-105
xdutr.xtemp__pg                   -2.3459e-101
xdutr.xtemp__nbg                    2.3941e-99
xdutr.xtemp__enb                 -1.31012e-112
xdutr.xtemp__pb                  -3.86809e-106
xdutr.xtemp__pcas                -1.54893e-105
xdutr.xtemp__nd                  -1.21636e-111
xdutr.xtemp__nr                   1.97443e-111
xdutr.xtemp__nt                  -1.58057e-106
xdutr.xtemp__t5                  -1.61594e-113
xdutr.xtemp__t4                  -7.97653e-114
xdutr.xtemp__t3                  -3.87888e-114
xdutr.xtemp__t2                  -1.82378e-114
xdutr.xtemp__t1                  -7.90138e-115
xdutr.xtemp__t0                  -2.67567e-115
xdutr.xbias__na                    4.69872e-95
xdutr.xbias__nbtop                 2.54742e-92
xdutr.xbias__nt                  -9.44769e-111
xdutr.xbias__nb                    2.54742e-92
xdutr.xbias__tok                  -1.0845e-114
xdutr.xcmp__vdda                 -2.51336e-116
xdutr.xpor__ndgp                 -7.90872e-111
xdutr.xpor__nts                  -6.54508e-116
xdutr.xtemp__na                     -1.568e-89
xdutr.xtemp__nb                   -2.46109e-84
xdutr.xtemp__m1d                   6.38191e-90
xdutr.xtemp__m2d                   5.58124e-84
xdutr.xtemp__m3d                  6.64243e-107
xdutr.xbias__ec                    2.54742e-92
xdutr.xbias__er                   3.74945e-113
xdutr.xtemp__nc                   -2.46109e-84
xdutr.xbias__nz                  -1.45392e-108
xdutr.xtemp__nz                  -1.18898e-105
xdutr.x163.11                     -2.46109e-84
xdutr.x163.21                     -2.46109e-84
xdutr.xtemp__xr1__1               -2.46109e-84
xdutr.x164.11                     -2.46109e-84
xdutr.x164.21                     -2.46109e-84
xdutr.x165.11                       -1.568e-89
xdutr.x165.21                       -1.568e-89
xdutr.xtemp__xriso__1               -1.568e-89
xdutr.x166.11                       -1.568e-89
xdutr.x166.21                       -1.568e-89
xdutr.x167.11                    -1.18898e-105
xdutr.x167.21                    -1.18898e-105
xdutr.xtemp__xrz__1              -1.18898e-105
xdutr.xtemp__xrz__2              -1.18898e-105
xdutr.x168.11                    -1.18898e-105
xdutr.x168.21                    -1.18898e-105
xdutr.x169.11                    -1.18898e-105
xdutr.x169.21                    -1.18898e-105
xdutr.xtemp__xrz__3              -1.18898e-105
xdutr.xtemp__xrz__4              -1.18898e-105
xdutr.x170.11                    -1.18898e-105
xdutr.x170.21                    -1.18898e-105
xdutr.x171.11                    -1.18898e-105
xdutr.x171.21                    -1.18898e-105
xdutr.xtemp__xrz__5              -1.18898e-105
xdutr.xtemp__xrz__6              -1.18898e-105
xdutr.x172.11                    -1.18898e-105
xdutr.x172.21                    -1.18898e-105
xdutr.x173.11                    -1.18898e-105
xdutr.x173.21                    -1.18898e-105
xdutr.xtemp__xrz__7              -1.18898e-105
xdutr.xtemp__xrz__8              -1.18898e-105
xdutr.x174.11                    -1.18898e-105
xdutr.x174.21                    -1.18898e-105
xdutr.x175.11                    -1.18898e-105
xdutr.x175.21                    -1.18898e-105
xdutr.xtemp__xrz__9              -1.18898e-105
xdutr.x176.11                    -1.18898e-105
xdutr.x176.21                    -1.18898e-105
xdutr.x177.11                    -1.10654e-112
xdutr.x177.21                    -1.06729e-112
xdutr.xtemp__xr2f__1             -1.06722e-112
xdutr.xtemp__xr2f__2             -1.02785e-112
xdutr.x178.11                    -1.02791e-112
xdutr.x178.21                    -1.06716e-112
xdutr.x179.11                    -1.02779e-112
xdutr.x179.21                    -9.88535e-113
xdutr.xtemp__xr2f__3             -9.88474e-113
xdutr.xtemp__xr2f__4             -9.49099e-113
xdutr.x180.11                    -9.49159e-113
xdutr.x180.21                    -9.88413e-113
xdutr.x181.11                    -9.49038e-113
xdutr.x181.21                    -9.09784e-113
xdutr.xtemp__xr2f__5             -9.09724e-113
xdutr.xtemp__xr2f__6             -8.70348e-113
xdutr.x182.11                    -8.70409e-113
xdutr.x182.21                    -9.09663e-113
xdutr.x183.11                    -8.70288e-113
xdutr.x183.21                    -8.31034e-113
xdutr.xtemp__xr2f__7             -8.30973e-113
xdutr.xtemp__xr2f__8             -7.91598e-113
xdutr.x184.11                    -7.91659e-113
xdutr.x184.21                    -8.30912e-113
xdutr.x185.11                    -7.91537e-113
xdutr.x185.21                    -7.52283e-113
xdutr.xtemp__xr2f__9             -7.52223e-113
xdutr.xtemp__xr2f__10            -7.12847e-113
xdutr.x186.11                    -7.12908e-113
xdutr.x186.21                    -7.52162e-113
xdutr.x187.11                    -7.12787e-113
xdutr.x187.21                    -6.73533e-113
xdutr.xtemp__xr2f__11            -6.73472e-113
xdutr.xtemp__xr2f__12            -6.34097e-113
xdutr.x188.11                    -6.34158e-113
xdutr.x188.21                    -6.73411e-113
xdutr.x189.11                    -6.34036e-113
xdutr.x189.21                    -5.94782e-113
xdutr.xtemp__xr2f__13            -5.94722e-113
xdutr.xtemp__xr2f__14            -5.55346e-113
xdutr.x190.11                    -5.55407e-113
xdutr.x190.21                    -5.94661e-113
xdutr.x191.11                    -5.55286e-113
xdutr.x191.21                    -5.16032e-113
xdutr.xtemp__xr2f__15            -5.15971e-113
xdutr.xtemp__xr2f__16            -4.76596e-113
xdutr.x192.11                    -4.76657e-113
xdutr.x192.21                    -5.15911e-113
xdutr.x193.11                    -4.76535e-113
xdutr.x193.21                    -4.37282e-113
xdutr.xtemp__xr2f__17            -4.37221e-113
xdutr.xtemp__xr2f__18            -3.97846e-113
xdutr.x194.11                    -3.97906e-113
xdutr.x194.21                     -4.3716e-113
xdutr.x195.11                    -3.97785e-113
xdutr.x195.21                    -3.58531e-113
xdutr.xtemp__xr2f__19             -3.5847e-113
xdutr.xtemp__xr2f__20            -3.19095e-113
xdutr.x196.11                    -3.19156e-113
xdutr.x196.21                     -3.5841e-113
xdutr.x197.11                    -3.19034e-113
xdutr.x197.21                    -2.79781e-113
xdutr.xtemp__xr2f__21             -2.7972e-113
xdutr.xtemp__xr2f__22            -2.40345e-113
xdutr.x198.11                    -2.40405e-113
xdutr.x198.21                    -2.79659e-113
xdutr.x199.11                    -2.40284e-113
xdutr.x199.21                     -2.0103e-113
xdutr.xtemp__xr2f__23            -2.00969e-113
xdutr.x200.11                    -1.61655e-113
xdutr.x200.21                    -2.00909e-113
xdutr.x201.11                    -1.61533e-113
xdutr.x201.21                     -1.2074e-113
xdutr.xtemp__xr2t5__1             -1.2068e-113
xdutr.x202.11                     -7.9826e-114
xdutr.x202.21                    -1.20619e-113
xdutr.x203.11                    -7.97046e-114
xdutr.x203.21                    -5.93378e-114
xdutr.xtemp__xr2t4__1             -5.9277e-114
xdutr.x204.11                    -3.88495e-114
xdutr.x204.21                    -5.92163e-114
xdutr.x205.11                    -3.87281e-114
xdutr.x205.21                     -2.8574e-114
xdutr.xtemp__xr2t3__1            -2.85133e-114
xdutr.x206.11                    -1.82986e-114
xdutr.x206.21                    -2.84526e-114
xdutr.x207.11                    -1.81771e-114
xdutr.x207.21                    -1.31303e-114
xdutr.xtemp__xr2t2__1            -1.30696e-114
xdutr.x208.11                     -7.9621e-115
xdutr.x208.21                    -1.30089e-114
xdutr.x209.11                    -7.84066e-115
xdutr.x209.21                    -5.34924e-115
xdutr.xtemp__xr2t1__1            -5.28852e-115
xdutr.x210.11                    -2.73639e-115
xdutr.x210.21                    -5.22781e-115
xdutr.x211.11                    -2.61495e-115
xdutr.x211.21                    -1.39855e-115
xdutr.xtemp__xr2t0__1            -1.33783e-115
xdutr.x212.11                    -6.07162e-117
xdutr.x212.21                    -1.27712e-115
xdutr.x213.11                    -1.56568e-148
xdutr.x213.21                    -6.12564e-155
xdutr.x214.11                    -1.18303e-150
xdutr.x214.21                    -1.56569e-148
xdutr.x215.11                     6.12565e-155
xdutr.x215.21                    -1.18315e-150
xdutr.x216.11                     3.74941e-113
xdutr.x216.21                     3.74941e-113
xdutr.xbias__xr2__1               3.74941e-113
xdutr.xbias__xr2__2               3.74942e-113
xdutr.x217.11                     3.74942e-113
xdutr.x217.21                     3.74941e-113
xdutr.x218.11                     3.74942e-113
xdutr.x218.21                     3.74942e-113
xdutr.xbias__xr2__3               3.74942e-113
xdutr.xbias__xr2__4               3.74942e-113
xdutr.x219.11                     3.74942e-113
xdutr.x219.21                     3.74942e-113
xdutr.x220.11                     3.74942e-113
xdutr.x220.21                     3.74942e-113
xdutr.xbias__xr2__5               3.74942e-113
xdutr.xbias__xr2__6               3.74943e-113
xdutr.x221.11                     3.74943e-113
xdutr.x221.21                     3.74942e-113
xdutr.x222.11                     3.74943e-113
xdutr.x222.21                     3.74943e-113
xdutr.xbias__xr2__7               3.74943e-113
xdutr.xbias__xr2__8               3.74943e-113
xdutr.x223.11                     3.74943e-113
xdutr.x223.21                     3.74943e-113
xdutr.x224.11                     3.74943e-113
xdutr.x224.21                     3.74944e-113
xdutr.xbias__xr2__9               3.74944e-113
xdutr.xbias__xr2__10              3.74944e-113
xdutr.x225.11                     3.74944e-113
xdutr.x225.21                     3.74944e-113
xdutr.x226.11                     3.74944e-113
xdutr.x226.21                     3.74944e-113
xdutr.xbias__xr2__11              3.74944e-113
xdutr.xbias__xr2__12              3.74944e-113
xdutr.x227.11                     3.74944e-113
xdutr.x227.21                     3.74944e-113
xdutr.x228.11                     3.74944e-113
xdutr.x228.21                     3.74945e-113
xdutr.xbias__xr2__13              3.74945e-113
xdutr.xbias__xr2__14              3.74945e-113
xdutr.x229.11                     3.74945e-113
xdutr.x229.21                     3.74945e-113
xdutr.x230.11                     3.74945e-113
xdutr.x230.21                     3.74945e-113
xdutr.xbias__xr2__15              3.74945e-113
xdutr.x231.11                     3.74945e-113
xdutr.x231.21                     3.74945e-113
xdutr.x232.11                    -1.45392e-108
xdutr.x232.21                    -1.45392e-108
xdutr.xbias__xrz__1              -1.45392e-108
xdutr.xbias__xrz__2              -1.45392e-108
xdutr.x233.11                    -1.45392e-108
xdutr.x233.21                    -1.45392e-108
xdutr.x234.11                    -1.45392e-108
xdutr.x234.21                    -1.45392e-108
xdutr.xbias__xrz__3              -1.45392e-108
xdutr.x235.11                    -1.45392e-108
xdutr.x235.21                    -1.45392e-108
xdutr.x236.11                      2.54742e-92
xdutr.x236.21                      2.54742e-92
xdutr.xbias__xr1__1                2.54742e-92
xdutr.x237.11                      2.54742e-92
xdutr.x237.21                      2.54742e-92
xdutr.x238.11                      2.54742e-92
xdutr.x238.21                      2.54742e-92
xdutr.xbias__xrt__1                2.54742e-92
xdutr.x239.11                      2.54742e-92
xdutr.x239.21                      2.54742e-92
xdutr.xtemp__xrz__2__par         -1.18898e-105
xdutr.xtemp__xrz__4__par         -1.18898e-105
xdutr.xtemp__xrz__6__par         -1.18898e-105
xdutr.xtemp__xrz__8__par         -1.18898e-105
xdutr.xtemp__xr2f__2__par        -1.02785e-112
xdutr.xtemp__xr2f__4__par        -9.49099e-113
xdutr.xtemp__xr2f__6__par        -8.70348e-113
xdutr.xtemp__xr2f__8__par        -7.91598e-113
xdutr.xbias__nt__par             -9.44769e-111
xdutr.xtemp__xr2f__10__par       -7.12847e-113
xdutr.xtemp__xr2f__12__par       -6.34097e-113
xdutr.xtemp__xr2f__14__par       -5.55346e-113
xdutr.xtemp__xr2f__16__par       -4.76596e-113
xdutr.xtemp__xr2f__18__par       -3.97846e-113
xdutr.xtemp__xr2f__20__par       -3.19095e-113
xdutr.xtemp__xr2f__22__par       -2.40345e-113
xdutr.xbias__n1__par              3.02954e-110
xdutr.xtemp__xr2t0__1__par       -1.33783e-115
xdutr.xtemp__xr2t1__1__par       -5.28852e-115
xdutr.xtemp__xr2t2__1__par       -1.30696e-114
xdutr.xbias__n2__par             -1.45392e-108
xdutr.xtemp__xr2t3__1__par       -2.85133e-114
xdutr.xbias__tok__par             -1.0845e-114
xdutr.xtemp__xriso__1__par          -1.568e-89
xdutr.xtemp__xr2t4__1__par        -5.9277e-114
xdutr.xtemp__xr1__1__par          -2.46109e-84
xdutr.xtemp__xrz__1__par         -1.18898e-105
xdutr.xtemp__xrz__3__par         -1.18898e-105
xdutr.xtemp__xrz__5__par         -1.18898e-105
xdutr.xtemp__xrz__7__par         -1.18898e-105
xdutr.xtemp__xrz__9__par         -1.18898e-105
xdutr.xtemp__xr2f__1__par        -1.06722e-112
xdutr.xtemp__xr2f__3__par        -9.88474e-113
xdutr.xbias__noko__par           -3.61195e-113
xdutr.xtemp__xr2f__5__par        -9.09724e-113
xdutr.xtemp__xr2f__7__par        -8.30973e-113
xdutr.xtemp__xr2f__9__par        -7.52223e-113
xdutr.xtemp__xr2f__11__par       -6.73472e-113
xdutr.xtemp__xr2f__13__par       -5.94722e-113
xdutr.xtemp__xr2f__15__par       -5.15971e-113
xdutr.xtemp__xr2f__17__par       -4.37221e-113
xdutr.xtemp__xr2f__19__par        -3.5847e-113
xdutr.xtemp__xr2f__21__par        -2.7972e-113
xdutr.xtemp__xr2f__23__par       -2.00969e-113
xdutr.xbias__nokl__par            -2.8606e-112
xdutr.xtemp__xr2t5__1__par        -1.2068e-113
xdutr.xbias__nkg__par            -3.16874e-102
xdutr.xbias__nb__par               2.54742e-92
xdutr.xcmp__vdda__par            -2.51336e-116
xdutr.xcmp__na__par              -1.18626e-115
xdutr.xcmp__cmpo__par            -1.24104e-115
xdutr.xcmp__n1__par              -4.64806e-114
xdutr.xcmp__tn__par               2.03332e-115
xdutr.xcmp__sns__par             -1.56568e-148
xdutr.xcmp__nbg__par                2.3941e-99
xdutr.xcmp__snsb__par            -1.18309e-150
xdutr.xpor__pdn__par             -4.52407e-151
xdutr.xpor__ndl__par             -8.79812e-119
xdutr.xpor__ndgn__par            -1.49724e-109
xdutr.xpor__pgdg__par             3.45124e-119
xdutr.xpor__pgdgb__par           -7.44421e-116
xdutr.xpor__nd1__par             -1.96292e-112
xdutr.xpor__nnand__par           -6.10077e-113
xdutr.xpor__ndgp__par            -7.90872e-111
xdutr.xpor__nts__par             -6.54508e-116
xdutr.xpor__rstb__par               1.235e-113
xdutr.xbias__nkm__par             1.65045e-113
xdutr.xbias__nokx__par           -1.40744e-112
xdutr.xbias__ks1__par            -1.34104e-106
xdutr.xbias__ks2__par             1.67078e-105
xdutr.xbias__ks3__par            -2.06817e-104
xdutr.xbias__ks4__par             2.55998e-103
xdutr.xbias__nz__par             -1.45392e-108
xdutr.xbias__ec__par               2.54742e-92
xdutr.xpor__ndg__par              2.32183e-109
xdutr.xpor__tim__par               1.1389e-114
xdutr.xpor__trip__par            -9.69016e-115
xdutr.xbias__xr2__2__par          3.74942e-113
xdutr.xbias__xr2__4__par          3.74942e-113
xdutr.xbias__xr2__6__par          3.74943e-113
xdutr.xbias__xr2__8__par          3.74943e-113
xdutr.xbias__xr2__10__par         3.74944e-113
xdutr.xbias__xr2__12__par         3.74944e-113
xdutr.xbias__pg__par              -4.0591e-105
xdutr.xbias__xr2__14__par         3.74945e-113
xdutr.xbias__xrz__2__par         -1.45392e-108
xdutr.xbias__xrt__1__par           2.54742e-92
xdutr.xbias__na__par               4.69872e-95
xdutr.xbias__er__par              3.74945e-113
xdutr.xbias__xrz__1__par         -1.45392e-108
xdutr.xbias__xrz__3__par         -1.45392e-108
xdutr.xbias__xr1__1__par           2.54742e-92
xdutr.xbias__xr2__13__par         3.74945e-113
xdutr.xbias__nbtop__par            2.54742e-92
xdutr.xbias__xr2__11__par         3.74944e-113
xdutr.xbias__xr2__1__par          3.74941e-113
xdutr.xbias__xr2__3__par          3.74942e-113
xdutr.xbias__xr2__5__par          3.74942e-113
xdutr.xbias__xr2__7__par          3.74943e-113
xdutr.xbias__xr2__9__par          3.74944e-113
xdutr.xbias__xr2__15__par         3.74945e-113
xdutr.xbias__nbg__par             2.16224e-114
xdutr.xbias__pb__par              1.29101e-113
xdutr.bias_ok__par               -2.48917e-102
xdutr.xcmp__bias_okb__par        -3.47441e-113
xdutr.ctat__par                     -1.568e-89
xdutr.resetn__par                 1.41734e-105
xdutr.xtemp__enb__par            -1.31012e-112
xdutr.ibias__par                   9.91369e-99
xdutr.xtemp__m1d__par              6.38191e-90
xdutr.xtemp__m2d__par              5.58124e-84
xdutr.xtemp__m3d__par             6.64243e-107
xdutr.xtemp__n1__par              7.22799e-106
xdutr.xtemp__n2__par             -1.18898e-105
xdutr.xtemp__na__par                -1.568e-89
xdutr.xtemp__nb__par              -2.46109e-84
xdutr.xtemp__nbg__par               2.3941e-99
xdutr.xtemp__nc__par              -2.46109e-84
xdutr.xtemp__nd__par             -1.21636e-111
xdutr.xtemp__nr__par              1.97443e-111
xdutr.xtemp__nt__par             -1.58057e-106
xdutr.xtemp__nz__par             -1.18898e-105
xdutr.xtemp__pb__par             -3.86809e-106
xdutr.xtemp__pcas__par           -1.54893e-105
xdutr.xtemp__pg__par              -2.3459e-101
xdutr.por_raw__par               -3.20271e-116
xdutr.ptat__par                   -1.1066e-112
xdutr.xtemp__t0__par             -2.67567e-115
xdutr.xtemp__t1__par             -7.90138e-115
xdutr.xtemp__t2__par             -1.82378e-114
xdutr.xtemp__t3__par             -3.87888e-114
xdutr.xtemp__t4__par             -7.97653e-114
xdutr.xtemp__t5__par             -1.61594e-113
xdutr.vdd__par                               0
xdutr.vref__par                   3.74941e-113
xdutr.vss__par                               0
tk                                      300.15
btk#branch                         -3.0015e-07
vsupr#branch                       1.25751e-95
vsup#branch                        1.26427e-95

 Reference value :  4.99122e-06
 Reference value :  1.76982e-04
 Reference value :  2.06173e-04
 Reference value :  3.33348e-04
 Reference value :  4.06265e-04
 Reference value :  4.34388e-04
 Reference value :  4.34737e-04
 Reference value :  4.58306e-04
 Reference value :  4.62733e-04
 Reference value :  5.18595e-04
 Reference value :  8.52037e-04
 Reference value :  8.52306e-04
 Reference value :  8.65332e-04
 Reference value :  8.65660e-04
 Reference value :  1.16810e-03
 Reference value :  2.49810e-03
 Reference value :  3.80810e-03
 Reference value :  5.12810e-03
 Reference value :  6.43810e-03
 Reference value :  7.75810e-03
 Reference value :  9.08810e-03
 Reference value :  1.02151e-02
 Reference value :  1.02669e-02
 Reference value :  1.02675e-02
 Reference value :  1.02680e-02
 Reference value :  1.02707e-02
 Reference value :  1.02715e-02
 Reference value :  1.02736e-02
 Reference value :  1.03547e-02
 Reference value :  1.15758e-02
 Reference value :  1.28758e-02
 Reference value :  1.41858e-02
 Reference value :  1.54958e-02
 Reference value :  1.67758e-02
 Reference value :  1.80558e-02
 Reference value :  1.93358e-02
 Reference value :  2.05958e-02
 Reference value :  2.18958e-02
 Reference value :  2.31958e-02
 Reference value :  2.44958e-02
 Reference value :  2.57758e-02
 Reference value :  2.70658e-02
 Reference value :  2.83458e-02
 Reference value :  2.96358e-02
 Reference value :  3.09358e-02
No. of Data Rows : 4511
iq_pre              =  -1.18087e-06 from=  1.50000e-03 to=  1.90810e-03
iq_post             =  -1.03971e-05 from=  2.80000e-02 to=  3.00058e-02
trel                =  1.02674e-02
vrst_post           =  3.30000e+00
vdd_post            =  3.30000e+00
vptat_post          =  1.29293e+00
vctat_post          =  6.47169e-01
vtk_post            =  3.00150e+02
vrstr_post          =  3.30000e+00
vptatr_post         =  1.29293e+00
vctatr_post         =  6.47169e-01
m_vptat_v = 1.2929320000e+00
m_vctat_v = 6.4716940000e-01
m_ptat_k_mvk = 4.3076195236e+00
m_terr_untrim_c = -8.515659196e-02
m_terr_supply_c = 0.0000000000e+00
m_vctat_supply_mv = 0.0000000000e+00
m_vout_margin_v = 4.4716940000e-01
m_resetn_released_v = 3.3000000000e+00
m_resetn_ref_released_v = 3.3000000000e+00
m_t_release_ms = 1.0267420000e+01
m_iq_por_ua = 1.1808680000e+00
m_iq_total_ua = 1.0397080000e+01
m_temp_iq_ua = 9.2162120000e+00
Note: Simulation executed from .control section 

Note: Starting dynamic gmin stepping
Note: Dynamic gmin stepping completed
