
Note: No compatibility mode selected!


Circuit: * temp-accuracy-vt @ res_ff_-40c_2.97v -- generated by sim/harness, do not edit

Doing analysis at TEMP = -40.000000 and TNOM = 27.000000

Using SPARSE 1.3 as Direct Linear Solver

Initial Transient Solution
--------------------------

Node                                   Voltage
----                                   -------
vdd                                          0
ptat                              1.29497e-164
ctat                              7.46615e-121
resetn                           -6.13623e-151
xdut.xbias__nbg                      3.409e-22
xdut.xbias__pb                      -3.409e-22
xdut.xbias__n1                      1.0335e-36
xdut.xbias__n2                     2.99927e-25
xdut.xbias__pg                     7.88071e-22
xdut.xbias__ks1                   -5.35043e-40
xdut.xbias__ks2                   -1.74102e-35
xdut.xbias__ks3                   -5.48761e-31
xdut.xbias__ks4                   -2.08372e-26
xdut.xbias__nkg                    -1.5826e-21
xdut.xbias__nkm                    3.40903e-22
xdut.xbias__nokl                   3.40884e-22
xdut.xbias__noko                   2.27263e-22
xdut.xbias__nokx                  -3.40891e-22
xdut.bias_ok                                 0
xdut.xcmp__na                    -6.23288e-156
xdut.xcmp__sns                   -3.10023e-185
xdut.xcmp__tn                     6.41896e-156
xdut.xcmp__cmpo                  -6.65725e-156
xdut.vref                        -4.15628e-157
xdut.xcmp__nbg                    -2.23882e-26
xdut.ibias                         -2.1529e-22
xdut.xcmp__bias_okb              -1.94535e-169
xdut.xcmp__snsb                  -5.75758e-185
xdut.xcmp__n1                     4.25228e-171
xdut.por_raw                     -5.68212e-169
xdut.xpor__pdn                   -7.11432e-168
xdut.xpor__ndl                    2.87728e-163
xdut.xpor__ndgn                   -1.09347e-21
xdut.xpor__ndg                    -4.97692e-26
xdut.xpor__pgdg                              0
xdut.xpor__pgdgb                 -8.02355e-168
xdut.xpor__tim                   -1.43126e-166
xdut.xpor__nd1                   -4.77187e-169
xdut.xpor__trip                   1.81544e-175
xdut.xpor__rstb                  -1.88626e-160
xdut.xpor__nnand                 -3.94225e-161
xdut.xtemp__n1                    -6.71328e-27
xdut.xtemp__n2                    -3.35604e-26
xdut.xtemp__pg                    -5.14197e-22
xdut.xtemp__nbg                   -2.23882e-26
xdut.xtemp__enb                              0
xdut.xtemp__pb                    3.21358e-157
xdut.xtemp__pcas                 -1.70042e-167
xdut.xtemp__nd                   -5.14801e-163
xdut.xtemp__nr                    -3.9024e-163
xdut.xtemp__nt                    -1.34249e-26
xdut.xtemp__t5                    1.89447e-165
xdut.xtemp__t4                    9.37265e-166
xdut.xtemp__t3                    4.57409e-166
xdut.xtemp__t2                    2.16228e-166
xdut.xtemp__t1                    9.44053e-167
xdut.xtemp__t0                    3.23036e-167
xdut.xbias__na                   -1.59263e-130
xdut.xbias__nbtop                 8.56402e-136
xdut.xbias__nt                     4.40733e-31
xdut.xbias__nb                    8.56402e-136
xdut.xbias__tok                    2.04229e-28
xdut.xcmp__vdda                  -2.50652e-157
xdut.xpor__ndgp                   -3.36662e-32
xdut.xpor__nts                    3.96706e-165
xdut.xtemp__na                    7.46615e-121
xdut.xtemp__nb                    6.15991e-113
xdut.xtemp__m1d                  -2.74553e-119
xdut.xtemp__m2d                  -5.36269e-111
xdut.xtemp__m3d                  -3.20725e-157
xdut.xbias__ec                    8.56403e-136
xdut.xbias__er                    -4.1563e-157
xdut.xtemp__nc                    6.15991e-113
xdut.xbias__nz                     2.99928e-25
xdut.xtemp__nz                    -3.35604e-26
xdut.x163.11                      6.15991e-113
xdut.x163.21                      6.15991e-113
xdut.xtemp__xr1__1                6.15991e-113
xdut.x164.11                      6.15991e-113
xdut.x164.21                      6.15991e-113
xdut.x165.11                      7.46615e-121
xdut.x165.21                      7.46615e-121
xdut.xtemp__xriso__1              7.46615e-121
xdut.x166.11                      7.46615e-121
xdut.x166.21                      7.46615e-121
xdut.x167.11                      -3.35604e-26
xdut.x167.21                      -3.35604e-26
xdut.xtemp__xrz__1                -3.35604e-26
xdut.xtemp__xrz__2                -3.35604e-26
xdut.x168.11                      -3.35604e-26
xdut.x168.21                      -3.35604e-26
xdut.x169.11                      -3.35604e-26
xdut.x169.21                      -3.35604e-26
xdut.xtemp__xrz__3                -3.35604e-26
xdut.xtemp__xrz__4                -3.35604e-26
xdut.x170.11                      -3.35604e-26
xdut.x170.21                      -3.35604e-26
xdut.x171.11                      -3.35604e-26
xdut.x171.21                      -3.35604e-26
xdut.xtemp__xrz__5                -3.35604e-26
xdut.xtemp__xrz__6                -3.35604e-26
xdut.x172.11                      -3.35604e-26
xdut.x172.21                      -3.35604e-26
xdut.x173.11                      -3.35604e-26
xdut.x173.21                      -3.35604e-26
xdut.xtemp__xrz__7                -3.35604e-26
xdut.xtemp__xrz__8                -3.35604e-26
xdut.x174.11                      -3.35604e-26
xdut.x174.21                      -3.35604e-26
xdut.x175.11                      -3.35604e-26
xdut.x175.21                      -3.35604e-26
xdut.xtemp__xrz__9                -3.35604e-26
xdut.x176.11                      -3.35604e-26
xdut.x176.21                      -3.35604e-26
xdut.x177.11                      1.29487e-164
xdut.x177.21                        1.249e-164
xdut.xtemp__xr2f__1                1.2489e-164
xdut.xtemp__xr2f__2               1.20284e-164
xdut.x178.11                      1.20294e-164
xdut.x178.21                      1.24881e-164
xdut.x179.11                      1.20274e-164
xdut.x179.21                      1.15687e-164
xdut.xtemp__xr2f__3               1.15678e-164
xdut.xtemp__xr2f__4               1.11071e-164
xdut.x180.11                      1.11081e-164
xdut.x180.21                      1.15668e-164
xdut.x181.11                      1.11062e-164
xdut.x181.21                      1.06475e-164
xdut.xtemp__xr2f__5               1.06465e-164
xdut.xtemp__xr2f__6               1.01859e-164
xdut.x182.11                      1.01868e-164
xdut.x182.21                      1.06455e-164
xdut.x183.11                      1.01849e-164
xdut.x183.21                      9.72621e-165
xdut.xtemp__xr2f__7               9.72524e-165
xdut.xtemp__xr2f__8               9.26461e-165
xdut.x184.11                      9.26558e-165
xdut.x184.21                      9.72427e-165
xdut.x185.11                      9.26364e-165
xdut.x185.21                      8.80494e-165
xdut.xtemp__xr2f__9               8.80397e-165
xdut.xtemp__xr2f__10              8.34334e-165
xdut.x186.11                      8.34431e-165
xdut.x186.21                      8.80301e-165
xdut.x187.11                      8.34237e-165
xdut.x187.21                      7.88368e-165
xdut.xtemp__xr2f__11              7.88271e-165
xdut.xtemp__xr2f__12              7.42207e-165
xdut.x188.11                      7.42304e-165
xdut.x188.21                      7.88174e-165
xdut.x189.11                      7.42111e-165
xdut.x189.21                      6.96241e-165
xdut.xtemp__xr2f__13              6.96144e-165
xdut.xtemp__xr2f__14              6.50081e-165
xdut.x190.11                      6.50178e-165
xdut.x190.21                      6.96047e-165
xdut.x191.11                      6.49984e-165
xdut.x191.21                      6.04114e-165
xdut.xtemp__xr2f__15              6.04017e-165
xdut.xtemp__xr2f__16              5.57954e-165
xdut.x192.11                      5.58051e-165
xdut.x192.21                      6.03921e-165
xdut.x193.11                      5.57857e-165
xdut.x193.21                      5.11988e-165
xdut.xtemp__xr2f__17              5.11891e-165
xdut.xtemp__xr2f__18              4.65827e-165
xdut.x194.11                      4.65924e-165
xdut.x194.21                      5.11794e-165
xdut.x195.11                      4.65731e-165
xdut.x195.21                      4.19861e-165
xdut.xtemp__xr2f__19              4.19764e-165
xdut.xtemp__xr2f__20              3.73701e-165
xdut.x196.11                      3.73798e-165
xdut.x196.21                      4.19667e-165
xdut.x197.11                      3.73604e-165
xdut.x197.21                      3.27734e-165
xdut.xtemp__xr2f__21              3.27637e-165
xdut.xtemp__xr2f__22              2.81574e-165
xdut.x198.11                      2.81671e-165
xdut.x198.21                      3.27541e-165
xdut.x199.11                      2.81477e-165
xdut.x199.21                      2.35608e-165
xdut.xtemp__xr2f__23              2.35511e-165
xdut.x200.11                      1.89544e-165
xdut.x200.21                      2.35414e-165
xdut.x201.11                      1.89351e-165
xdut.x201.21                      1.41684e-165
xdut.xtemp__xr2t5__1              1.41587e-165
xdut.x202.11                      9.38234e-166
xdut.x202.21                       1.4149e-165
xdut.x203.11                      9.36297e-166
xdut.x203.21                      6.98306e-166
xdut.xtemp__xr2t4__1              6.97337e-166
xdut.x204.11                      4.58378e-166
xdut.x204.21                      6.96368e-166
xdut.x205.11                       4.5644e-166
xdut.x205.21                      3.37787e-166
xdut.xtemp__xr2t3__1              3.36818e-166
xdut.x206.11                      2.17197e-166
xdut.x206.21                      3.35849e-166
xdut.x207.11                      2.15259e-166
xdut.x207.21                      1.56285e-166
xdut.xtemp__xr2t2__1              1.55317e-166
xdut.x208.11                      9.53741e-167
xdut.x208.21                      1.54348e-166
xdut.x209.11                      9.34364e-167
xdut.x209.21                      6.43233e-167
xdut.xtemp__xr2t1__1              6.33544e-167
xdut.x210.11                      3.32724e-167
xdut.x210.21                      6.23856e-167
xdut.x211.11                      3.13347e-167
xdut.x211.21                      1.71206e-167
xdut.xtemp__xr2t0__1              1.61518e-167
xdut.x212.11                      9.68841e-169
xdut.x212.21                       1.5183e-167
xdut.x213.11                     -3.10022e-185
xdut.x213.21                     -6.61742e-191
xdut.x214.11                     -5.75757e-185
xdut.x214.21                     -3.10023e-185
xdut.x215.11                     -1.25201e-189
xdut.x215.21                     -5.75745e-185
xdut.x216.11                     -4.15628e-157
xdut.x216.21                     -4.15628e-157
xdut.xbias__xr2__1               -4.15628e-157
xdut.xbias__xr2__2               -4.15628e-157
xdut.x217.11                     -4.15628e-157
xdut.x217.21                     -4.15628e-157
xdut.x218.11                     -4.15628e-157
xdut.x218.21                     -4.15628e-157
xdut.xbias__xr2__3               -4.15628e-157
xdut.xbias__xr2__4               -4.15628e-157
xdut.x219.11                     -4.15628e-157
xdut.x219.21                     -4.15628e-157
xdut.x220.11                     -4.15628e-157
xdut.x220.21                     -4.15628e-157
xdut.xbias__xr2__5               -4.15628e-157
xdut.xbias__xr2__6               -4.15629e-157
xdut.x221.11                     -4.15629e-157
xdut.x221.21                     -4.15628e-157
xdut.x222.11                     -4.15629e-157
xdut.x222.21                     -4.15629e-157
xdut.xbias__xr2__7               -4.15629e-157
xdut.xbias__xr2__8               -4.15629e-157
xdut.x223.11                     -4.15629e-157
xdut.x223.21                     -4.15629e-157
xdut.x224.11                     -4.15629e-157
xdut.x224.21                     -4.15629e-157
xdut.xbias__xr2__9               -4.15629e-157
xdut.xbias__xr2__10              -4.15629e-157
xdut.x225.11                     -4.15629e-157
xdut.x225.21                     -4.15629e-157
xdut.x226.11                     -4.15629e-157
xdut.x226.21                     -4.15629e-157
xdut.xbias__xr2__11              -4.15629e-157
xdut.xbias__xr2__12              -4.15629e-157
xdut.x227.11                     -4.15629e-157
xdut.x227.21                     -4.15629e-157
xdut.x228.11                     -4.15629e-157
xdut.x228.21                      -4.1563e-157
xdut.xbias__xr2__13               -4.1563e-157
xdut.xbias__xr2__14               -4.1563e-157
xdut.x229.11                      -4.1563e-157
xdut.x229.21                      -4.1563e-157
xdut.x230.11                      -4.1563e-157
xdut.x230.21                      -4.1563e-157
xdut.xbias__xr2__15               -4.1563e-157
xdut.x231.11                      -4.1563e-157
xdut.x231.21                      -4.1563e-157
xdut.x232.11                       2.99928e-25
xdut.x232.21                       2.99927e-25
xdut.xbias__xrz__1                 2.99927e-25
xdut.xbias__xrz__2                 2.99927e-25
xdut.x233.11                       2.99927e-25
xdut.x233.21                       2.99927e-25
xdut.x234.11                       2.99927e-25
xdut.x234.21                       2.99927e-25
xdut.xbias__xrz__3                 2.99927e-25
xdut.x235.11                       2.99927e-25
xdut.x235.21                       2.99927e-25
xdut.x236.11                      8.56402e-136
xdut.x236.21                      8.56402e-136
xdut.xbias__xr1__1                8.56402e-136
xdut.x237.11                      8.56403e-136
xdut.x237.21                      8.56402e-136
xdut.x238.11                      8.56402e-136
xdut.x238.21                      8.56402e-136
xdut.xbias__xrt__1                8.56402e-136
xdut.x239.11                      8.56402e-136
xdut.x239.21                      8.56402e-136
xdut.xtemp__xrz__2__par           -3.35604e-26
xdut.xtemp__xrz__4__par           -3.35604e-26
xdut.xtemp__xrz__6__par           -3.35604e-26
xdut.xtemp__xrz__8__par           -3.35604e-26
xdut.xtemp__xr2f__2__par          1.20284e-164
xdut.xtemp__xr2f__4__par          1.11071e-164
xdut.xtemp__xr2f__6__par          1.01859e-164
xdut.xtemp__xr2f__8__par          9.26461e-165
xdut.xbias__nt__par                4.40733e-31
xdut.xtemp__xr2f__10__par         8.34334e-165
xdut.xtemp__xr2f__12__par         7.42207e-165
xdut.xtemp__xr2f__14__par         6.50081e-165
xdut.xtemp__xr2f__16__par         5.57954e-165
xdut.xtemp__xr2f__18__par         4.65827e-165
xdut.xtemp__xr2f__20__par         3.73701e-165
xdut.xtemp__xr2f__22__par         2.81574e-165
xdut.xbias__n1__par                 1.0335e-36
xdut.xtemp__xr2t0__1__par         1.61518e-167
xdut.xtemp__xr2t1__1__par         6.33544e-167
xdut.xtemp__xr2t2__1__par         1.55317e-166
xdut.xbias__n2__par                2.99927e-25
xdut.xtemp__xr2t3__1__par         3.36818e-166
xdut.xbias__tok__par               2.04229e-28
xdut.xtemp__xriso__1__par         7.46615e-121
xdut.xtemp__xr2t4__1__par         6.97337e-166
xdut.xtemp__xr1__1__par           6.15991e-113
xdut.xtemp__xrz__1__par           -3.35604e-26
xdut.xtemp__xrz__3__par           -3.35604e-26
xdut.xtemp__xrz__5__par           -3.35604e-26
xdut.xtemp__xrz__7__par           -3.35604e-26
xdut.xtemp__xrz__9__par           -3.35604e-26
xdut.xtemp__xr2f__1__par           1.2489e-164
xdut.xtemp__xr2f__3__par          1.15678e-164
xdut.xbias__noko__par              2.27263e-22
xdut.xtemp__xr2f__5__par          1.06465e-164
xdut.xtemp__xr2f__7__par          9.72524e-165
xdut.xtemp__xr2f__9__par          8.80397e-165
xdut.xtemp__xr2f__11__par         7.88271e-165
xdut.xtemp__xr2f__13__par         6.96144e-165
xdut.xtemp__xr2f__15__par         6.04017e-165
xdut.xtemp__xr2f__17__par         5.11891e-165
xdut.xtemp__xr2f__19__par         4.19764e-165
xdut.xtemp__xr2f__21__par         3.27637e-165
xdut.xtemp__xr2f__23__par         2.35511e-165
xdut.xbias__nokl__par              3.40884e-22
xdut.xtemp__xr2t5__1__par         1.41587e-165
xdut.xbias__nkg__par               -1.5826e-21
xdut.xbias__nb__par               8.56402e-136
xdut.xcmp__vdda__par             -2.50652e-157
xdut.xcmp__na__par               -6.23288e-156
xdut.xcmp__cmpo__par             -6.65725e-156
xdut.xcmp__n1__par                4.25228e-171
xdut.xcmp__tn__par                6.41896e-156
xdut.xcmp__sns__par              -3.10023e-185
xdut.xcmp__nbg__par               -2.23882e-26
xdut.xcmp__snsb__par             -5.75758e-185
xdut.xpor__pdn__par              -7.11432e-168
xdut.xpor__ndl__par               2.87728e-163
xdut.xpor__ndgn__par              -1.09347e-21
xdut.xpor__pgdg__par                         0
xdut.xpor__pgdgb__par            -8.02355e-168
xdut.xpor__nd1__par              -4.77187e-169
xdut.xpor__nnand__par            -3.94225e-161
xdut.xpor__ndgp__par              -3.36662e-32
xdut.xpor__nts__par               3.96706e-165
xdut.xpor__rstb__par             -1.88626e-160
xdut.xbias__nkm__par               3.40903e-22
xdut.xbias__nokx__par             -3.40891e-22
xdut.xbias__ks1__par              -5.35043e-40
xdut.xbias__ks2__par              -1.74102e-35
xdut.xbias__ks3__par              -5.48761e-31
xdut.xbias__ks4__par              -2.08372e-26
xdut.xbias__nz__par                2.99928e-25
xdut.xbias__ec__par               8.56403e-136
xdut.xpor__ndg__par               -4.97692e-26
xdut.xpor__tim__par              -1.43126e-166
xdut.xpor__trip__par              1.81544e-175
xdut.xbias__xr2__2__par          -4.15628e-157
xdut.xbias__xr2__4__par          -4.15628e-157
xdut.xbias__xr2__6__par          -4.15629e-157
xdut.xbias__xr2__8__par          -4.15629e-157
xdut.xbias__xr2__10__par         -4.15629e-157
xdut.xbias__xr2__12__par         -4.15629e-157
xdut.xbias__pg__par                7.88071e-22
xdut.xbias__xr2__14__par          -4.1563e-157
xdut.xbias__xrz__2__par            2.99927e-25
xdut.xbias__xrt__1__par           8.56402e-136
xdut.xbias__na__par              -1.59263e-130
xdut.xbias__er__par               -4.1563e-157
xdut.xbias__xrz__1__par            2.99927e-25
xdut.xbias__xrz__3__par            2.99927e-25
xdut.xbias__xr1__1__par           8.56402e-136
xdut.xbias__xr2__13__par          -4.1563e-157
xdut.xbias__nbtop__par            8.56402e-136
xdut.xbias__xr2__11__par         -4.15629e-157
xdut.xbias__xr2__1__par          -4.15628e-157
xdut.xbias__xr2__3__par          -4.15628e-157
xdut.xbias__xr2__5__par          -4.15628e-157
xdut.xbias__xr2__7__par          -4.15629e-157
xdut.xbias__xr2__9__par          -4.15629e-157
xdut.xbias__xr2__15__par          -4.1563e-157
xdut.xbias__nbg__par                 3.409e-22
xdut.xbias__pb__par                 -3.409e-22
xdut.bias_ok__par                            0
xdut.xcmp__bias_okb__par         -1.94535e-169
xdut.ctat__par                    7.46615e-121
xdut.resetn__par                 -6.13623e-151
xdut.xtemp__enb__par                         0
xdut.ibias__par                    -2.1529e-22
xdut.xtemp__m1d__par             -2.74553e-119
xdut.xtemp__m2d__par             -5.36269e-111
xdut.xtemp__m3d__par             -3.20725e-157
xdut.xtemp__n1__par               -6.71328e-27
xdut.xtemp__n2__par               -3.35604e-26
xdut.xtemp__na__par               7.46615e-121
xdut.xtemp__nb__par               6.15991e-113
xdut.xtemp__nbg__par              -2.23882e-26
xdut.xtemp__nc__par               6.15991e-113
xdut.xtemp__nd__par              -5.14801e-163
xdut.xtemp__nr__par               -3.9024e-163
xdut.xtemp__nt__par               -1.34249e-26
xdut.xtemp__nz__par               -3.35604e-26
xdut.xtemp__pb__par               3.21358e-157
xdut.xtemp__pcas__par            -1.70042e-167
xdut.xtemp__pg__par               -5.14197e-22
xdut.por_raw__par                -5.68212e-169
xdut.ptat__par                    1.29497e-164
xdut.xtemp__t0__par               3.23036e-167
xdut.xtemp__t1__par               9.44053e-167
xdut.xtemp__t2__par               2.16228e-166
xdut.xtemp__t3__par               4.57409e-166
xdut.xtemp__t4__par               9.37265e-166
xdut.xtemp__t5__par               1.89447e-165
xdut.vdd__par                                0
xdut.vref__par                   -4.15628e-157
xdut.vss__par                                0
vddr                                         0
ptatr                             1.31119e-164
ctatr                             7.47289e-121
resetnr                          -6.13623e-151
xdutr.xbias__nbg                     3.409e-22
xdutr.xbias__pb                     -3.409e-22
xdutr.xbias__n1                    1.03351e-36
xdutr.xbias__n2                     2.9993e-25
xdutr.xbias__pg                    7.88071e-22
xdutr.xbias__ks1                  -5.35043e-40
xdutr.xbias__ks2                  -1.74102e-35
xdutr.xbias__ks3                  -5.48761e-31
xdutr.xbias__ks4                  -2.08372e-26
xdutr.xbias__nkg                   -1.5826e-21
xdutr.xbias__nkm                   3.40903e-22
xdutr.xbias__nokl                  3.40884e-22
xdutr.xbias__noko                  2.27263e-22
xdutr.xbias__nokx                 -3.40891e-22
xdutr.bias_ok                                0
xdutr.xcmp__na                   -6.23287e-156
xdutr.xcmp__sns                  -3.10139e-185
xdutr.xcmp__tn                    6.41895e-156
xdutr.xcmp__cmpo                 -6.65724e-156
xdutr.vref                       -4.15628e-157
xdutr.xcmp__nbg                   -2.23882e-26
xdutr.ibias                        -2.1529e-22
xdutr.xcmp__bias_okb             -1.94535e-169
xdutr.xcmp__snsb                 -5.75974e-185
xdutr.xcmp__n1                    4.25228e-171
xdutr.por_raw                    -5.68212e-169
xdutr.xpor__pdn                  -7.11432e-168
xdutr.xpor__ndl                   2.87728e-163
xdutr.xpor__ndgn                  -1.09347e-21
xdutr.xpor__ndg                   -4.97692e-26
xdutr.xpor__pgdg                             0
xdutr.xpor__pgdgb                -8.02355e-168
xdutr.xpor__tim                  -1.43126e-166
xdutr.xpor__nd1                  -4.77187e-169
xdutr.xpor__trip                  1.81544e-175
xdutr.xpor__rstb                 -1.88626e-160
xdutr.xpor__nnand                -3.94225e-161
xdutr.xtemp__n1                   -6.71324e-27
xdutr.xtemp__n2                   -3.35602e-26
xdutr.xtemp__pg                   -5.14197e-22
xdutr.xtemp__nbg                  -2.23882e-26
xdutr.xtemp__enb                             0
xdutr.xtemp__pb                   3.21358e-157
xdutr.xtemp__pcas                -1.70042e-167
xdutr.xtemp__nd                  -5.14801e-163
xdutr.xtemp__nr                   -3.9024e-163
xdutr.xtemp__nt                   -1.34249e-26
xdutr.xtemp__t5                    1.9182e-165
xdutr.xtemp__t4                   9.49006e-166
xdutr.xtemp__t3                   4.63138e-166
xdutr.xtemp__t2                   2.18936e-166
xdutr.xtemp__t1                   9.55878e-167
xdutr.xtemp__t0                   3.27082e-167
xdutr.xbias__na                  -1.59263e-130
xdutr.xbias__nbtop                 8.5636e-136
xdutr.xbias__nt                    4.40737e-31
xdutr.xbias__nb                    8.5636e-136
xdutr.xbias__tok                   2.04229e-28
xdutr.xcmp__vdda                 -2.50653e-157
xdutr.xpor__ndgp                  -3.36662e-32
xdutr.xpor__nts                   3.96706e-165
xdutr.xtemp__na                   7.47289e-121
xdutr.xtemp__nb                   6.16921e-113
xdutr.xtemp__m1d                 -2.74796e-119
xdutr.xtemp__m2d                 -5.37124e-111
xdutr.xtemp__m3d                 -3.24742e-157
xdutr.xbias__ec                    8.5636e-136
xdutr.xbias__er                   -4.1563e-157
xdutr.xtemp__nc                    6.1692e-113
xdutr.xbias__nz                     2.9993e-25
xdutr.xtemp__nz                   -3.35602e-26
xdutr.x163.11                     6.16921e-113
xdutr.x163.21                     6.16921e-113
xdutr.xtemp__xr1__1               6.16921e-113
xdutr.x164.11                      6.1692e-113
xdutr.x164.21                     6.16921e-113
xdutr.x165.11                     7.47289e-121
xdutr.x165.21                     7.47289e-121
xdutr.xtemp__xriso__1             7.47289e-121
xdutr.x166.11                     7.47289e-121
xdutr.x166.21                     7.47289e-121
xdutr.x167.11                     -3.35602e-26
xdutr.x167.21                     -3.35602e-26
xdutr.xtemp__xrz__1               -3.35602e-26
xdutr.xtemp__xrz__2               -3.35602e-26
xdutr.x168.11                     -3.35602e-26
xdutr.x168.21                     -3.35602e-26
xdutr.x169.11                     -3.35602e-26
xdutr.x169.21                     -3.35602e-26
xdutr.xtemp__xrz__3               -3.35602e-26
xdutr.xtemp__xrz__4               -3.35602e-26
xdutr.x170.11                     -3.35602e-26
xdutr.x170.21                     -3.35602e-26
xdutr.x171.11                     -3.35602e-26
xdutr.x171.21                     -3.35602e-26
xdutr.xtemp__xrz__5               -3.35602e-26
xdutr.xtemp__xrz__6               -3.35602e-26
xdutr.x172.11                     -3.35602e-26
xdutr.x172.21                     -3.35602e-26
xdutr.x173.11                     -3.35602e-26
xdutr.x173.21                     -3.35602e-26
xdutr.xtemp__xrz__7               -3.35602e-26
xdutr.xtemp__xrz__8               -3.35602e-26
xdutr.x174.11                     -3.35602e-26
xdutr.x174.21                     -3.35602e-26
xdutr.x175.11                     -3.35602e-26
xdutr.x175.21                     -3.35602e-26
xdutr.xtemp__xrz__9               -3.35602e-26
xdutr.x176.11                     -3.35602e-26
xdutr.x176.21                     -3.35602e-26
xdutr.x177.11                     1.31109e-164
xdutr.x177.21                     1.26465e-164
xdutr.xtemp__xr2f__1              1.26455e-164
xdutr.xtemp__xr2f__2              1.21791e-164
xdutr.x178.11                     1.21801e-164
xdutr.x178.21                     1.26445e-164
xdutr.x179.11                     1.21781e-164
xdutr.x179.21                     1.17137e-164
xdutr.xtemp__xr2f__3              1.17127e-164
xdutr.xtemp__xr2f__4              1.12463e-164
xdutr.x180.11                     1.12472e-164
xdutr.x180.21                     1.17117e-164
xdutr.x181.11                     1.12453e-164
xdutr.x181.21                     1.07808e-164
xdutr.xtemp__xr2f__5              1.07799e-164
xdutr.xtemp__xr2f__6              1.03135e-164
xdutr.x182.11                     1.03144e-164
xdutr.x182.21                     1.07789e-164
xdutr.x183.11                     1.03125e-164
xdutr.x183.21                     9.84804e-165
xdutr.xtemp__xr2f__7              9.84706e-165
xdutr.xtemp__xr2f__8              9.38066e-165
xdutr.x184.11                     9.38164e-165
xdutr.x184.21                     9.84608e-165
xdutr.x185.11                     9.37967e-165
xdutr.x185.21                     8.91523e-165
xdutr.xtemp__xr2f__9              8.91425e-165
xdutr.xtemp__xr2f__10             8.44785e-165
xdutr.x186.11                     8.44883e-165
xdutr.x186.21                     8.91327e-165
xdutr.x187.11                     8.44687e-165
xdutr.x187.21                     7.98243e-165
xdutr.xtemp__xr2f__11             7.98145e-165
xdutr.xtemp__xr2f__12             7.51504e-165
xdutr.x188.11                     7.51602e-165
xdutr.x188.21                     7.98046e-165
xdutr.x189.11                     7.51406e-165
xdutr.x189.21                     7.04962e-165
xdutr.xtemp__xr2f__13             7.04864e-165
xdutr.xtemp__xr2f__14             6.58224e-165
xdutr.x190.11                     6.58322e-165
xdutr.x190.21                     7.04766e-165
xdutr.x191.11                     6.58126e-165
xdutr.x191.21                     6.11681e-165
xdutr.xtemp__xr2f__15             6.11583e-165
xdutr.xtemp__xr2f__16             5.64943e-165
xdutr.x192.11                     5.65041e-165
xdutr.x192.21                     6.11485e-165
xdutr.x193.11                     5.64845e-165
xdutr.x193.21                     5.18401e-165
xdutr.xtemp__xr2f__17             5.18303e-165
xdutr.xtemp__xr2f__18             4.71662e-165
xdutr.x194.11                      4.7176e-165
xdutr.x194.21                     5.18205e-165
xdutr.x195.11                     4.71564e-165
xdutr.x195.21                      4.2512e-165
xdutr.xtemp__xr2f__19             4.25022e-165
xdutr.xtemp__xr2f__20             3.78382e-165
xdutr.x196.11                      3.7848e-165
xdutr.x196.21                     4.24924e-165
xdutr.x197.11                     3.78284e-165
xdutr.x197.21                      3.3184e-165
xdutr.xtemp__xr2f__21             3.31741e-165
xdutr.xtemp__xr2f__22             2.85101e-165
xdutr.x198.11                     2.85199e-165
xdutr.x198.21                     3.31643e-165
xdutr.x199.11                     2.85003e-165
xdutr.x199.21                     2.38559e-165
xdutr.xtemp__xr2f__23             2.38461e-165
xdutr.x200.11                     1.91919e-165
xdutr.x200.21                     2.38363e-165
xdutr.x201.11                     1.91722e-165
xdutr.x201.21                     1.43459e-165
xdutr.xtemp__xr2t5__1             1.43361e-165
xdutr.x202.11                     9.49987e-166
xdutr.x202.21                     1.43262e-165
xdutr.x203.11                     9.48025e-166
xdutr.x203.21                     7.07053e-166
xdutr.xtemp__xr2t4__1             7.06072e-166
xdutr.x204.11                     4.64119e-166
xdutr.x204.21                     7.05091e-166
xdutr.x205.11                     4.62157e-166
xdutr.x205.21                     3.42018e-166
xdutr.xtemp__xr2t3__1             3.41037e-166
xdutr.x206.11                     2.19917e-166
xdutr.x206.21                     3.40056e-166
xdutr.x207.11                     2.17955e-166
xdutr.x207.21                     1.58243e-166
xdutr.xtemp__xr2t2__1             1.57262e-166
xdutr.x208.11                     9.65688e-167
xdutr.x208.21                     1.56281e-166
xdutr.x209.11                     9.46068e-167
xdutr.x209.21                      6.5129e-167
xdutr.xtemp__xr2t1__1              6.4148e-167
xdutr.x210.11                     3.36892e-167
xdutr.x210.21                      6.3167e-167
xdutr.x211.11                     3.17272e-167
xdutr.x211.21                     1.73351e-167
xdutr.xtemp__xr2t0__1             1.63541e-167
xdutr.x212.11                     9.80977e-169
xdutr.x212.21                     1.53731e-167
xdutr.x213.11                    -3.10139e-185
xdutr.x213.21                    -6.61991e-191
xdutr.x214.11                    -5.75973e-185
xdutr.x214.21                     -3.1014e-185
xdutr.x215.11                    -1.25248e-189
xdutr.x215.21                    -5.75961e-185
xdutr.x216.11                    -4.15628e-157
xdutr.x216.21                    -4.15628e-157
xdutr.xbias__xr2__1              -4.15628e-157
xdutr.xbias__xr2__2              -4.15628e-157
xdutr.x217.11                    -4.15628e-157
xdutr.x217.21                    -4.15628e-157
xdutr.x218.11                    -4.15628e-157
xdutr.x218.21                    -4.15628e-157
xdutr.xbias__xr2__3              -4.15628e-157
xdutr.xbias__xr2__4              -4.15628e-157
xdutr.x219.11                    -4.15628e-157
xdutr.x219.21                    -4.15628e-157
xdutr.x220.11                    -4.15628e-157
xdutr.x220.21                    -4.15628e-157
xdutr.xbias__xr2__5              -4.15628e-157
xdutr.xbias__xr2__6              -4.15629e-157
xdutr.x221.11                    -4.15629e-157
xdutr.x221.21                    -4.15628e-157
xdutr.x222.11                    -4.15629e-157
xdutr.x222.21                    -4.15629e-157
xdutr.xbias__xr2__7              -4.15629e-157
xdutr.xbias__xr2__8              -4.15629e-157
xdutr.x223.11                    -4.15629e-157
xdutr.x223.21                    -4.15629e-157
xdutr.x224.11                    -4.15629e-157
xdutr.x224.21                    -4.15629e-157
xdutr.xbias__xr2__9              -4.15629e-157
xdutr.xbias__xr2__10             -4.15629e-157
xdutr.x225.11                    -4.15629e-157
xdutr.x225.21                    -4.15629e-157
xdutr.x226.11                    -4.15629e-157
xdutr.x226.21                    -4.15629e-157
xdutr.xbias__xr2__11             -4.15629e-157
xdutr.xbias__xr2__12             -4.15629e-157
xdutr.x227.11                    -4.15629e-157
xdutr.x227.21                    -4.15629e-157
xdutr.x228.11                    -4.15629e-157
xdutr.x228.21                     -4.1563e-157
xdutr.xbias__xr2__13              -4.1563e-157
xdutr.xbias__xr2__14              -4.1563e-157
xdutr.x229.11                     -4.1563e-157
xdutr.x229.21                     -4.1563e-157
xdutr.x230.11                     -4.1563e-157
xdutr.x230.21                     -4.1563e-157
xdutr.xbias__xr2__15              -4.1563e-157
xdutr.x231.11                     -4.1563e-157
xdutr.x231.21                     -4.1563e-157
xdutr.x232.11                       2.9993e-25
xdutr.x232.21                       2.9993e-25
xdutr.xbias__xrz__1                 2.9993e-25
xdutr.xbias__xrz__2                 2.9993e-25
xdutr.x233.11                       2.9993e-25
xdutr.x233.21                       2.9993e-25
xdutr.x234.11                       2.9993e-25
xdutr.x234.21                       2.9993e-25
xdutr.xbias__xrz__3                 2.9993e-25
xdutr.x235.11                       2.9993e-25
xdutr.x235.21                       2.9993e-25
xdutr.x236.11                      8.5636e-136
xdutr.x236.21                      8.5636e-136
xdutr.xbias__xr1__1                8.5636e-136
xdutr.x237.11                      8.5636e-136
xdutr.x237.21                      8.5636e-136
xdutr.x238.11                      8.5636e-136
xdutr.x238.21                      8.5636e-136
xdutr.xbias__xrt__1                8.5636e-136
xdutr.x239.11                      8.5636e-136
xdutr.x239.21                      8.5636e-136
xdutr.xtemp__xrz__2__par          -3.35602e-26
xdutr.xtemp__xrz__4__par          -3.35602e-26
xdutr.xtemp__xrz__6__par          -3.35602e-26
xdutr.xtemp__xrz__8__par          -3.35602e-26
xdutr.xtemp__xr2f__2__par         1.21791e-164
xdutr.xtemp__xr2f__4__par         1.12463e-164
xdutr.xtemp__xr2f__6__par         1.03135e-164
xdutr.xtemp__xr2f__8__par         9.38066e-165
xdutr.xbias__nt__par               4.40737e-31
xdutr.xtemp__xr2f__10__par        8.44785e-165
xdutr.xtemp__xr2f__12__par        7.51504e-165
xdutr.xtemp__xr2f__14__par        6.58224e-165
xdutr.xtemp__xr2f__16__par        5.64943e-165
xdutr.xtemp__xr2f__18__par        4.71662e-165
xdutr.xtemp__xr2f__20__par        3.78382e-165
xdutr.xtemp__xr2f__22__par        2.85101e-165
xdutr.xbias__n1__par               1.03351e-36
xdutr.xtemp__xr2t0__1__par        1.63541e-167
xdutr.xtemp__xr2t1__1__par         6.4148e-167
xdutr.xtemp__xr2t2__1__par        1.57262e-166
xdutr.xbias__n2__par                2.9993e-25
xdutr.xtemp__xr2t3__1__par        3.41037e-166
xdutr.xbias__tok__par              2.04229e-28
xdutr.xtemp__xriso__1__par        7.47289e-121
xdutr.xtemp__xr2t4__1__par        7.06072e-166
xdutr.xtemp__xr1__1__par          6.16921e-113
xdutr.xtemp__xrz__1__par          -3.35602e-26
xdutr.xtemp__xrz__3__par          -3.35602e-26
xdutr.xtemp__xrz__5__par          -3.35602e-26
xdutr.xtemp__xrz__7__par          -3.35602e-26
xdutr.xtemp__xrz__9__par          -3.35602e-26
xdutr.xtemp__xr2f__1__par         1.26455e-164
xdutr.xtemp__xr2f__3__par         1.17127e-164
xdutr.xbias__noko__par             2.27263e-22
xdutr.xtemp__xr2f__5__par         1.07799e-164
xdutr.xtemp__xr2f__7__par         9.84706e-165
xdutr.xtemp__xr2f__9__par         8.91425e-165
xdutr.xtemp__xr2f__11__par        7.98145e-165
xdutr.xtemp__xr2f__13__par        7.04864e-165
xdutr.xtemp__xr2f__15__par        6.11583e-165
xdutr.xtemp__xr2f__17__par        5.18303e-165
xdutr.xtemp__xr2f__19__par        4.25022e-165
xdutr.xtemp__xr2f__21__par        3.31741e-165
xdutr.xtemp__xr2f__23__par        2.38461e-165
xdutr.xbias__nokl__par             3.40884e-22
xdutr.xtemp__xr2t5__1__par        1.43361e-165
xdutr.xbias__nkg__par              -1.5826e-21
xdutr.xbias__nb__par               8.5636e-136
xdutr.xcmp__vdda__par            -2.50653e-157
xdutr.xcmp__na__par              -6.23287e-156
xdutr.xcmp__cmpo__par            -6.65724e-156
xdutr.xcmp__n1__par               4.25228e-171
xdutr.xcmp__tn__par               6.41895e-156
xdutr.xcmp__sns__par             -3.10139e-185
xdutr.xcmp__nbg__par              -2.23882e-26
xdutr.xcmp__snsb__par            -5.75974e-185
xdutr.xpor__pdn__par             -7.11432e-168
xdutr.xpor__ndl__par              2.87728e-163
xdutr.xpor__ndgn__par             -1.09347e-21
xdutr.xpor__pgdg__par                        0
xdutr.xpor__pgdgb__par           -8.02355e-168
xdutr.xpor__nd1__par             -4.77187e-169
xdutr.xpor__nnand__par           -3.94225e-161
xdutr.xpor__ndgp__par             -3.36662e-32
xdutr.xpor__nts__par              3.96706e-165
xdutr.xpor__rstb__par            -1.88626e-160
xdutr.xbias__nkm__par              3.40903e-22
xdutr.xbias__nokx__par            -3.40891e-22
xdutr.xbias__ks1__par             -5.35043e-40
xdutr.xbias__ks2__par             -1.74102e-35
xdutr.xbias__ks3__par             -5.48761e-31
xdutr.xbias__ks4__par             -2.08372e-26
xdutr.xbias__nz__par                2.9993e-25
xdutr.xbias__ec__par               8.5636e-136
xdutr.xpor__ndg__par              -4.97692e-26
xdutr.xpor__tim__par             -1.43126e-166
xdutr.xpor__trip__par             1.81544e-175
xdutr.xbias__xr2__2__par         -4.15628e-157
xdutr.xbias__xr2__4__par         -4.15628e-157
xdutr.xbias__xr2__6__par         -4.15629e-157
xdutr.xbias__xr2__8__par         -4.15629e-157
xdutr.xbias__xr2__10__par        -4.15629e-157
xdutr.xbias__xr2__12__par        -4.15629e-157
xdutr.xbias__pg__par               7.88071e-22
xdutr.xbias__xr2__14__par         -4.1563e-157
xdutr.xbias__xrz__2__par            2.9993e-25
xdutr.xbias__xrt__1__par           8.5636e-136
xdutr.xbias__na__par             -1.59263e-130
xdutr.xbias__er__par              -4.1563e-157
xdutr.xbias__xrz__1__par            2.9993e-25
xdutr.xbias__xrz__3__par            2.9993e-25
xdutr.xbias__xr1__1__par           8.5636e-136
xdutr.xbias__xr2__13__par         -4.1563e-157
xdutr.xbias__nbtop__par            8.5636e-136
xdutr.xbias__xr2__11__par        -4.15629e-157
xdutr.xbias__xr2__1__par         -4.15628e-157
xdutr.xbias__xr2__3__par         -4.15628e-157
xdutr.xbias__xr2__5__par         -4.15628e-157
xdutr.xbias__xr2__7__par         -4.15629e-157
xdutr.xbias__xr2__9__par         -4.15629e-157
xdutr.xbias__xr2__15__par         -4.1563e-157
xdutr.xbias__nbg__par                3.409e-22
xdutr.xbias__pb__par                -3.409e-22
xdutr.bias_ok__par                           0
xdutr.xcmp__bias_okb__par        -1.94535e-169
xdutr.ctat__par                   7.47289e-121
xdutr.resetn__par                -6.13623e-151
xdutr.xtemp__enb__par                        0
xdutr.ibias__par                   -2.1529e-22
xdutr.xtemp__m1d__par            -2.74796e-119
xdutr.xtemp__m2d__par            -5.37124e-111
xdutr.xtemp__m3d__par            -3.24742e-157
xdutr.xtemp__n1__par              -6.71324e-27
xdutr.xtemp__n2__par              -3.35602e-26
xdutr.xtemp__na__par              7.47289e-121
xdutr.xtemp__nb__par              6.16921e-113
xdutr.xtemp__nbg__par             -2.23882e-26
xdutr.xtemp__nc__par               6.1692e-113
xdutr.xtemp__nd__par             -5.14801e-163
xdutr.xtemp__nr__par              -3.9024e-163
xdutr.xtemp__nt__par              -1.34249e-26
xdutr.xtemp__nz__par              -3.35602e-26
xdutr.xtemp__pb__par              3.21358e-157
xdutr.xtemp__pcas__par           -1.70042e-167
xdutr.xtemp__pg__par              -5.14197e-22
xdutr.por_raw__par               -5.68212e-169
xdutr.ptat__par                   1.31119e-164
xdutr.xtemp__t0__par              3.27082e-167
xdutr.xtemp__t1__par              9.55878e-167
xdutr.xtemp__t2__par              2.18936e-166
xdutr.xtemp__t3__par              4.63138e-166
xdutr.xtemp__t4__par              9.49006e-166
xdutr.xtemp__t5__par               1.9182e-165
xdutr.vdd__par                               0
xdutr.vref__par                  -4.15628e-157
xdutr.vss__par                               0
tk                                      233.15
btk#branch                         -2.3315e-07
vsupr#branch                       1.12713e-34
vsup#branch                        1.12713e-34

 Reference value :  0.00000e+00
 Reference value :  2.17587e-04
 Reference value :  2.23180e-04
 Reference value :  2.38190e-04
 Reference value :  2.45697e-04
 Reference value :  2.49680e-04
 Reference value :  3.16065e-04
 Reference value :  3.98785e-04
 Reference value :  4.41434e-04
 Reference value :  4.87540e-04
 Reference value :  4.88934e-04
 Reference value :  4.90500e-04
 Reference value :  5.22702e-04
 Reference value :  5.23147e-04
 Reference value :  5.40896e-04
 Reference value :  5.41671e-04
 Reference value :  5.42955e-04
 Reference value :  5.75692e-04
 Reference value :  5.76398e-04
 Reference value :  6.01337e-04
 Reference value :  8.50278e-04
 Reference value :  8.50418e-04
 Reference value :  8.61425e-04
 Reference value :  8.63451e-04
 Reference value :  8.71501e-04
 Reference value :  9.38764e-04
 Reference value :  9.38973e-04
 Reference value :  9.50068e-04
 Reference value :  9.52085e-04
 Reference value :  9.59913e-04
 Reference value :  1.55988e-03
 Reference value :  2.76988e-03
 Reference value :  4.00988e-03
 Reference value :  5.27988e-03
 Reference value :  6.53988e-03
 Reference value :  7.78988e-03
 Reference value :  8.69827e-03
 Reference value :  8.74115e-03
 Reference value :  8.74167e-03
 Reference value :  8.74214e-03
 Reference value :  8.74452e-03
 Reference value :  8.74620e-03
 Reference value :  8.74799e-03
 Reference value :  8.75158e-03
 Reference value :  9.33375e-03
 Reference value :  9.56844e-03
 Reference value :  9.57038e-03
 Reference value :  9.57046e-03
 Reference value :  9.57241e-03
 Reference value :  9.57471e-03
 Reference value :  9.57500e-03
 Reference value :  9.57733e-03
 Reference value :  9.65025e-03
 Reference value :  1.07294e-02
 Reference value :  1.19594e-02
 Reference value :  1.32094e-02
 Reference value :  1.44594e-02
 Reference value :  1.56994e-02
 Reference value :  1.69194e-02
 Reference value :  1.81894e-02
 Reference value :  1.93894e-02
 Reference value :  2.05694e-02
 Reference value :  2.18094e-02
 Reference value :  2.30794e-02
 Reference value :  2.42794e-02
 Reference value :  2.55194e-02
 Reference value :  2.67694e-02
 Reference value :  2.80194e-02
 Reference value :  2.92794e-02
 Reference value :  3.05194e-02
 Reference value :  3.17794e-02
No. of Data Rows : 5872
iq_pre              =  -1.09635e-06 from=  1.50000e-03 to=  1.90988e-03
iq_post             =  -9.88937e-06 from=  2.80000e-02 to=  3.00094e-02
trel                =  8.74164e-03
vrst_post           =  2.97000e+00
vdd_post            =  2.97000e+00
vptat_post          =  1.00418e+00
vctat_post          =  7.80251e-01
vtk_post            =  2.33150e+02
vrstr_post          =  3.30000e+00
vptatr_post         =  1.00424e+00
vctatr_post         =  7.80251e-01
m_vptat_v = 1.0041800000e+00
m_vctat_v = 7.8025070000e-01
m_ptat_k_mvk = 4.3070126528e+00
m_terr_untrim_c = -9.898536544e-02
m_terr_supply_c = -1.485317865e-02
m_vctat_supply_mv = -3.000000000e-04
m_vout_margin_v = 5.8025070000e-01
m_resetn_released_v = 2.9700000000e+00
m_resetn_ref_released_v = 3.3000000000e+00
m_t_release_ms = 8.7416370000e+00
m_iq_por_ua = 1.0963510000e+00
m_iq_total_ua = 9.8893660000e+00
m_temp_iq_ua = 8.7930150000e+00
Note: Simulation executed from .control section 

Note: Starting dynamic gmin stepping
Note: Dynamic gmin stepping completed
