
Note: No compatibility mode selected!


Circuit: * temp-accuracy-vt @ tt_-40c_3.63v -- generated by sim/harness, do not edit

Doing analysis at TEMP = -40.000000 and TNOM = 27.000000

Using SPARSE 1.3 as Direct Linear Solver

Initial Transient Solution
--------------------------

Node                                   Voltage
----                                   -------
vdd                                          0
ptat                             -1.17219e-146
ctat                               2.01666e-84
resetn                             7.17664e-83
xdut.xbias__nbg                    3.40922e-22
xdut.xbias__pb                    -3.40922e-22
xdut.xbias__n1                   -1.40647e-156
xdut.xbias__n2                    -3.00068e-25
xdut.xbias__pg                    -7.88145e-22
xdut.xbias__ks1                   1.22394e-194
xdut.xbias__ks2                  -1.73091e-194
xdut.xbias__ks3                   1.22394e-194
xdut.xbias__ks4                              0
xdut.xbias__nkg                   -1.58294e-21
xdut.xbias__nkm                    3.40922e-22
xdut.xbias__nokl                   3.40922e-22
xdut.xbias__noko                   2.27282e-22
xdut.xbias__nokx                             0
xdut.bias_ok                     -7.05545e-277
xdut.xcmp__na                     -2.12277e-26
xdut.xcmp__sns                               0
xdut.xcmp__tn                      1.99992e-26
xdut.xcmp__cmpo                   -1.43123e-26
xdut.vref                        -1.07323e-224
xdut.xcmp__nbg                    -4.85805e-22
xdut.ibias                         4.67213e-21
xdut.xcmp__bias_okb              -2.06234e-199
xdut.xcmp__snsb                              0
xdut.xcmp__n1                                0
xdut.por_raw                     -4.75422e-107
xdut.xpor__pdn                    1.55876e-122
xdut.xpor__ndl                    9.24895e-115
xdut.xpor__ndgn                   -1.09362e-21
xdut.xpor__ndg                    -5.55343e-26
xdut.xpor__pgdg                              0
xdut.xpor__pgdgb                   2.81436e-96
xdut.xpor__tim                    4.05029e-115
xdut.xpor__nd1                   -4.89978e-111
xdut.xpor__trip                  -3.19166e-119
xdut.xpor__rstb                    1.34778e-91
xdut.xpor__nnand                   2.50019e-92
xdut.xtemp__n1                    -6.71468e-27
xdut.xtemp__n2                    -3.35734e-26
xdut.xtemp__pg                    -5.14258e-22
xdut.xtemp__nbg                   -5.25719e-22
xdut.xtemp__enb                              0
xdut.xtemp__pb                    1.02111e-152
xdut.xtemp__pcas                  3.13154e-180
xdut.xtemp__nd                    6.90041e-101
xdut.xtemp__nr                    5.09904e-106
xdut.xtemp__nt                    -1.34294e-26
xdut.xtemp__t5                   -1.71249e-147
xdut.xtemp__t4                   -8.45805e-148
xdut.xtemp__t3                   -4.11678e-148
xdut.xtemp__t2                   -1.93831e-148
xdut.xtemp__t1                    -8.4142e-149
xdut.xtemp__t0                     -2.857e-149
xdut.xbias__na                   -1.72649e-236
xdut.xbias__nbtop                 6.35639e-224
xdut.xbias__nt                               0
xdut.xbias__nb                    6.35639e-224
xdut.xbias__tok                    2.24208e-44
xdut.xcmp__vdda                    1.50237e-28
xdut.xpor__ndgp                              0
xdut.xpor__nts                    5.95273e-115
xdut.xtemp__na                     2.01666e-84
xdut.xtemp__nb                   -4.74776e-182
xdut.xtemp__m1d                   -1.83718e-83
xdut.xtemp__m2d                   3.06401e-180
xdut.xtemp__m3d                   2.32504e-139
xdut.xbias__ec                    6.35639e-224
xdut.xbias__er                   -1.07323e-224
xdut.xtemp__nc                   -4.74776e-182
xdut.xbias__nz                    -3.00069e-25
xdut.xtemp__nz                    -3.35734e-26
xdut.x163.11                     -4.74776e-182
xdut.x163.21                     -4.74776e-182
xdut.xtemp__xr1__1               -4.74776e-182
xdut.x164.11                     -4.74776e-182
xdut.x164.21                     -4.74776e-182
xdut.x165.11                       2.01666e-84
xdut.x165.21                       2.01666e-84
xdut.xtemp__xriso__1               2.01666e-84
xdut.x166.11                       2.01666e-84
xdut.x166.21                       2.01666e-84
xdut.x167.11                      -3.35734e-26
xdut.x167.21                      -3.35734e-26
xdut.xtemp__xrz__1                -3.35734e-26
xdut.xtemp__xrz__2                -3.35734e-26
xdut.x168.11                      -3.35734e-26
xdut.x168.21                      -3.35734e-26
xdut.x169.11                      -3.35734e-26
xdut.x169.21                      -3.35734e-26
xdut.xtemp__xrz__3                -3.35734e-26
xdut.xtemp__xrz__4                -3.35734e-26
xdut.x170.11                      -3.35734e-26
xdut.x170.21                      -3.35734e-26
xdut.x171.11                      -3.35734e-26
xdut.x171.21                      -3.35734e-26
xdut.xtemp__xrz__5                -3.35734e-26
xdut.xtemp__xrz__6                -3.35734e-26
xdut.x172.11                      -3.35734e-26
xdut.x172.21                      -3.35734e-26
xdut.x173.11                      -3.35734e-26
xdut.x173.21                      -3.35734e-26
xdut.xtemp__xrz__7                -3.35734e-26
xdut.xtemp__xrz__8                -3.35734e-26
xdut.x174.11                      -3.35734e-26
xdut.x174.21                      -3.35734e-26
xdut.x175.11                      -3.35734e-26
xdut.x175.21                      -3.35734e-26
xdut.xtemp__xrz__9                -3.35734e-26
xdut.x176.11                      -3.35734e-26
xdut.x176.21                      -3.35734e-26
xdut.x177.11                     -1.17212e-146
xdut.x177.21                     -1.13055e-146
xdut.xtemp__xr2f__1              -1.13048e-146
xdut.xtemp__xr2f__2              -1.08878e-146
xdut.x178.11                     -1.08885e-146
xdut.x178.21                     -1.13041e-146
xdut.x179.11                     -1.08871e-146
xdut.x179.21                     -1.04714e-146
xdut.xtemp__xr2f__3              -1.04707e-146
xdut.xtemp__xr2f__4              -1.00537e-146
xdut.x180.11                     -1.00544e-146
xdut.x180.21                       -1.047e-146
xdut.x181.11                      -1.0053e-146
xdut.x181.21                      -9.6373e-147
xdut.xtemp__xr2f__5               -9.6366e-147
xdut.xtemp__xr2f__6              -9.21954e-147
xdut.x182.11                     -9.22024e-147
xdut.x182.21                      -9.6359e-147
xdut.x183.11                     -9.21884e-147
xdut.x183.21                     -8.80318e-147
xdut.xtemp__xr2f__7              -8.80248e-147
xdut.xtemp__xr2f__8              -8.38542e-147
xdut.x184.11                     -8.38613e-147
xdut.x184.21                     -8.80178e-147
xdut.x185.11                     -8.38472e-147
xdut.x185.21                     -7.96907e-147
xdut.xtemp__xr2f__9              -7.96837e-147
xdut.xtemp__xr2f__10             -7.55131e-147
xdut.x186.11                     -7.55201e-147
xdut.x186.21                     -7.96766e-147
xdut.x187.11                     -7.55061e-147
xdut.x187.21                     -7.13495e-147
xdut.xtemp__xr2f__11             -7.13425e-147
xdut.xtemp__xr2f__12             -6.71719e-147
xdut.x188.11                     -6.71789e-147
xdut.x188.21                     -7.13355e-147
xdut.x189.11                     -6.71649e-147
xdut.x189.21                     -6.30083e-147
xdut.xtemp__xr2f__13             -6.30013e-147
xdut.xtemp__xr2f__14             -5.88307e-147
xdut.x190.11                     -5.88378e-147
xdut.x190.21                     -6.29943e-147
xdut.x191.11                     -5.88237e-147
xdut.x191.21                     -5.46672e-147
xdut.xtemp__xr2f__15             -5.46602e-147
xdut.xtemp__xr2f__16             -5.04896e-147
xdut.x192.11                     -5.04966e-147
xdut.x192.21                     -5.46531e-147
xdut.x193.11                     -5.04826e-147
xdut.x193.21                      -4.6326e-147
xdut.xtemp__xr2f__17              -4.6319e-147
xdut.xtemp__xr2f__18             -4.21484e-147
xdut.x194.11                     -4.21554e-147
xdut.x194.21                      -4.6312e-147
xdut.x195.11                     -4.21414e-147
xdut.x195.21                     -3.79848e-147
xdut.xtemp__xr2f__19             -3.79778e-147
xdut.xtemp__xr2f__20             -3.38072e-147
xdut.x196.11                     -3.38143e-147
xdut.x196.21                     -3.79708e-147
xdut.x197.11                     -3.38002e-147
xdut.x197.21                     -2.96437e-147
xdut.xtemp__xr2f__21             -2.96367e-147
xdut.xtemp__xr2f__22             -2.54661e-147
xdut.x198.11                     -2.54731e-147
xdut.x198.21                     -2.96296e-147
xdut.x199.11                     -2.54591e-147
xdut.x199.21                     -2.13025e-147
xdut.xtemp__xr2f__23             -2.12955e-147
xdut.x200.11                     -1.71319e-147
xdut.x200.21                     -2.12885e-147
xdut.x201.11                     -1.71179e-147
xdut.x201.21                     -1.27985e-147
xdut.xtemp__xr2t5__1             -1.27915e-147
xdut.x202.11                     -8.46507e-148
xdut.x202.21                     -1.27845e-147
xdut.x203.11                     -8.45102e-148
xdut.x203.21                     -6.29444e-148
xdut.xtemp__xr2t4__1             -6.28741e-148
xdut.x204.11                      -4.1238e-148
xdut.x204.21                     -6.28039e-148
xdut.x205.11                     -4.10976e-148
xdut.x205.21                     -3.03457e-148
xdut.xtemp__xr2t3__1             -3.02754e-148
xdut.x206.11                     -1.94533e-148
xdut.x206.21                     -3.02052e-148
xdut.x207.11                     -1.93128e-148
xdut.x207.21                     -1.39689e-148
xdut.xtemp__xr2t2__1             -1.38986e-148
xdut.x208.11                     -8.48444e-149
xdut.x208.21                     -1.38284e-148
xdut.x209.11                     -8.34397e-149
xdut.x209.21                     -5.70584e-149
xdut.xtemp__xr2t1__1              -5.6356e-149
xdut.x210.11                     -2.92724e-149
xdut.x210.21                     -5.56537e-149
xdut.x211.11                     -2.78677e-149
xdut.x211.21                     -1.49873e-149
xdut.xtemp__xr2t0__1              -1.4285e-149
xdut.x212.11                     -7.02343e-151
xdut.x212.21                     -1.35827e-149
xdut.x213.11                                 0
xdut.x213.21                                 0
xdut.x214.11                                 0
xdut.x214.21                                 0
xdut.x215.11                                 0
xdut.x215.21                                 0
xdut.x216.11                     -1.07323e-224
xdut.x216.21                     -1.07323e-224
xdut.xbias__xr2__1               -1.07323e-224
xdut.xbias__xr2__2               -1.07323e-224
xdut.x217.11                     -1.07323e-224
xdut.x217.21                     -1.07323e-224
xdut.x218.11                     -1.07323e-224
xdut.x218.21                     -1.07323e-224
xdut.xbias__xr2__3               -1.07323e-224
xdut.xbias__xr2__4               -1.07323e-224
xdut.x219.11                     -1.07323e-224
xdut.x219.21                     -1.07323e-224
xdut.x220.11                     -1.07323e-224
xdut.x220.21                     -1.07323e-224
xdut.xbias__xr2__5               -1.07323e-224
xdut.xbias__xr2__6               -1.07323e-224
xdut.x221.11                     -1.07323e-224
xdut.x221.21                     -1.07323e-224
xdut.x222.11                     -1.07323e-224
xdut.x222.21                     -1.07323e-224
xdut.xbias__xr2__7               -1.07323e-224
xdut.xbias__xr2__8               -1.07323e-224
xdut.x223.11                     -1.07323e-224
xdut.x223.21                     -1.07323e-224
xdut.x224.11                     -1.07323e-224
xdut.x224.21                     -1.07323e-224
xdut.xbias__xr2__9               -1.07323e-224
xdut.xbias__xr2__10              -1.07323e-224
xdut.x225.11                     -1.07323e-224
xdut.x225.21                     -1.07323e-224
xdut.x226.11                     -1.07323e-224
xdut.x226.21                     -1.07323e-224
xdut.xbias__xr2__11              -1.07323e-224
xdut.xbias__xr2__12              -1.07323e-224
xdut.x227.11                     -1.07323e-224
xdut.x227.21                     -1.07323e-224
xdut.x228.11                     -1.07323e-224
xdut.x228.21                     -1.07323e-224
xdut.xbias__xr2__13              -1.07323e-224
xdut.xbias__xr2__14              -1.07323e-224
xdut.x229.11                     -1.07323e-224
xdut.x229.21                     -1.07323e-224
xdut.x230.11                     -1.07323e-224
xdut.x230.21                     -1.07323e-224
xdut.xbias__xr2__15              -1.07323e-224
xdut.x231.11                     -1.07323e-224
xdut.x231.21                     -1.07323e-224
xdut.x232.11                      -3.00069e-25
xdut.x232.21                      -3.00069e-25
xdut.xbias__xrz__1                -3.00069e-25
xdut.xbias__xrz__2                -3.00068e-25
xdut.x233.11                      -3.00068e-25
xdut.x233.21                      -3.00069e-25
xdut.x234.11                      -3.00068e-25
xdut.x234.21                      -3.00068e-25
xdut.xbias__xrz__3                -3.00068e-25
xdut.x235.11                      -3.00068e-25
xdut.x235.21                      -3.00068e-25
xdut.x236.11                      6.35639e-224
xdut.x236.21                      6.35639e-224
xdut.xbias__xr1__1                6.35639e-224
xdut.x237.11                      6.35639e-224
xdut.x237.21                      6.35639e-224
xdut.x238.11                      6.35639e-224
xdut.x238.21                      6.35639e-224
xdut.xbias__xrt__1                6.35639e-224
xdut.x239.11                      6.35639e-224
xdut.x239.21                      6.35639e-224
xdut.xtemp__xrz__2__par           -3.35734e-26
xdut.xtemp__xrz__4__par           -3.35734e-26
xdut.xtemp__xrz__6__par           -3.35734e-26
xdut.xtemp__xrz__8__par           -3.35734e-26
xdut.xtemp__xr2f__2__par         -1.08878e-146
xdut.xtemp__xr2f__4__par         -1.00537e-146
xdut.xtemp__xr2f__6__par         -9.21954e-147
xdut.xtemp__xr2f__8__par         -8.38542e-147
xdut.xbias__nt__par                          0
xdut.xtemp__xr2f__10__par        -7.55131e-147
xdut.xtemp__xr2f__12__par        -6.71719e-147
xdut.xtemp__xr2f__14__par        -5.88307e-147
xdut.xtemp__xr2f__16__par        -5.04896e-147
xdut.xtemp__xr2f__18__par        -4.21484e-147
xdut.xtemp__xr2f__20__par        -3.38072e-147
xdut.xtemp__xr2f__22__par        -2.54661e-147
xdut.xbias__n1__par              -1.40647e-156
xdut.xtemp__xr2t0__1__par         -1.4285e-149
xdut.xtemp__xr2t1__1__par         -5.6356e-149
xdut.xtemp__xr2t2__1__par        -1.38986e-148
xdut.xbias__n2__par               -3.00068e-25
xdut.xtemp__xr2t3__1__par        -3.02754e-148
xdut.xbias__tok__par               2.24208e-44
xdut.xtemp__xriso__1__par          2.01666e-84
xdut.xtemp__xr2t4__1__par        -6.28741e-148
xdut.xtemp__xr1__1__par          -4.74776e-182
xdut.xtemp__xrz__1__par           -3.35734e-26
xdut.xtemp__xrz__3__par           -3.35734e-26
xdut.xtemp__xrz__5__par           -3.35734e-26
xdut.xtemp__xrz__7__par           -3.35734e-26
xdut.xtemp__xrz__9__par           -3.35734e-26
xdut.xtemp__xr2f__1__par         -1.13048e-146
xdut.xtemp__xr2f__3__par         -1.04707e-146
xdut.xbias__noko__par              2.27282e-22
xdut.xtemp__xr2f__5__par          -9.6366e-147
xdut.xtemp__xr2f__7__par         -8.80248e-147
xdut.xtemp__xr2f__9__par         -7.96837e-147
xdut.xtemp__xr2f__11__par        -7.13425e-147
xdut.xtemp__xr2f__13__par        -6.30013e-147
xdut.xtemp__xr2f__15__par        -5.46602e-147
xdut.xtemp__xr2f__17__par         -4.6319e-147
xdut.xtemp__xr2f__19__par        -3.79778e-147
xdut.xtemp__xr2f__21__par        -2.96367e-147
xdut.xtemp__xr2f__23__par        -2.12955e-147
xdut.xbias__nokl__par              3.40922e-22
xdut.xtemp__xr2t5__1__par        -1.27915e-147
xdut.xbias__nkg__par              -1.58294e-21
xdut.xbias__nb__par               6.35639e-224
xdut.xcmp__vdda__par               1.50237e-28
xdut.xcmp__na__par                -2.12277e-26
xdut.xcmp__cmpo__par              -1.43123e-26
xdut.xcmp__n1__par                           0
xdut.xcmp__tn__par                 1.99992e-26
xdut.xcmp__sns__par                          0
xdut.xcmp__nbg__par               -4.85805e-22
xdut.xcmp__snsb__par                         0
xdut.xpor__pdn__par               1.55876e-122
xdut.xpor__ndl__par               9.24895e-115
xdut.xpor__ndgn__par              -1.09362e-21
xdut.xpor__pgdg__par                         0
xdut.xpor__pgdgb__par              2.81436e-96
xdut.xpor__nd1__par              -4.89978e-111
xdut.xpor__nnand__par              2.50019e-92
xdut.xpor__ndgp__par                         0
xdut.xpor__nts__par               5.95273e-115
xdut.xpor__rstb__par               1.34778e-91
xdut.xbias__nkm__par               3.40922e-22
xdut.xbias__nokx__par                        0
xdut.xbias__ks1__par              1.22394e-194
xdut.xbias__ks2__par             -1.73091e-194
xdut.xbias__ks3__par              1.22394e-194
xdut.xbias__ks4__par                         0
xdut.xbias__nz__par               -3.00069e-25
xdut.xbias__ec__par               6.35639e-224
xdut.xpor__ndg__par               -5.55343e-26
xdut.xpor__tim__par               4.05029e-115
xdut.xpor__trip__par             -3.19166e-119
xdut.xbias__xr2__2__par          -1.07323e-224
xdut.xbias__xr2__4__par          -1.07323e-224
xdut.xbias__xr2__6__par          -1.07323e-224
xdut.xbias__xr2__8__par          -1.07323e-224
xdut.xbias__xr2__10__par         -1.07323e-224
xdut.xbias__xr2__12__par         -1.07323e-224
xdut.xbias__pg__par               -7.88145e-22
xdut.xbias__xr2__14__par         -1.07323e-224
xdut.xbias__xrz__2__par           -3.00068e-25
xdut.xbias__xrt__1__par           6.35639e-224
xdut.xbias__na__par              -1.72649e-236
xdut.xbias__er__par              -1.07323e-224
xdut.xbias__xrz__1__par           -3.00069e-25
xdut.xbias__xrz__3__par           -3.00068e-25
xdut.xbias__xr1__1__par           6.35639e-224
xdut.xbias__xr2__13__par         -1.07323e-224
xdut.xbias__nbtop__par            6.35639e-224
xdut.xbias__xr2__11__par         -1.07323e-224
xdut.xbias__xr2__1__par          -1.07323e-224
xdut.xbias__xr2__3__par          -1.07323e-224
xdut.xbias__xr2__5__par          -1.07323e-224
xdut.xbias__xr2__7__par          -1.07323e-224
xdut.xbias__xr2__9__par          -1.07323e-224
xdut.xbias__xr2__15__par         -1.07323e-224
xdut.xbias__nbg__par               3.40922e-22
xdut.xbias__pb__par               -3.40922e-22
xdut.bias_ok__par                -7.05545e-277
xdut.xcmp__bias_okb__par         -2.06234e-199
xdut.ctat__par                     2.01666e-84
xdut.resetn__par                   7.17664e-83
xdut.xtemp__enb__par                         0
xdut.ibias__par                    4.67213e-21
xdut.xtemp__m1d__par              -1.83718e-83
xdut.xtemp__m2d__par              3.06401e-180
xdut.xtemp__m3d__par              2.32504e-139
xdut.xtemp__n1__par               -6.71468e-27
xdut.xtemp__n2__par               -3.35734e-26
xdut.xtemp__na__par                2.01666e-84
xdut.xtemp__nb__par              -4.74776e-182
xdut.xtemp__nbg__par              -5.25719e-22
xdut.xtemp__nc__par              -4.74776e-182
xdut.xtemp__nd__par               6.90041e-101
xdut.xtemp__nr__par               5.09904e-106
xdut.xtemp__nt__par               -1.34294e-26
xdut.xtemp__nz__par               -3.35734e-26
xdut.xtemp__pb__par               1.02111e-152
xdut.xtemp__pcas__par             3.13154e-180
xdut.xtemp__pg__par               -5.14258e-22
xdut.por_raw__par                -4.75422e-107
xdut.ptat__par                   -1.17219e-146
xdut.xtemp__t0__par                -2.857e-149
xdut.xtemp__t1__par               -8.4142e-149
xdut.xtemp__t2__par              -1.93831e-148
xdut.xtemp__t3__par              -4.11678e-148
xdut.xtemp__t4__par              -8.45805e-148
xdut.xtemp__t5__par              -1.71249e-147
xdut.vdd__par                                0
xdut.vref__par                   -1.07323e-224
xdut.vss__par                                0
vddr                                         0
ptatr                              5.6507e-123
ctatr                              3.08665e-26
resetnr                            1.80504e-34
xdutr.xbias__nbg                   3.40922e-22
xdutr.xbias__pb                   -3.40922e-22
xdutr.xbias__n1                   -1.5178e-270
xdutr.xbias__n2                   -3.00073e-25
xdutr.xbias__pg                   -7.88145e-22
xdutr.xbias__ks1                 -2.94024e-195
xdutr.xbias__ks2                  4.15812e-195
xdutr.xbias__ks3                 -2.94024e-195
xdutr.xbias__ks4                             0
xdutr.xbias__nkg                  -1.58294e-21
xdutr.xbias__nkm                   3.40922e-22
xdutr.xbias__nokl                  3.40922e-22
xdutr.xbias__noko                  2.27282e-22
xdutr.xbias__nokx                            0
xdutr.bias_ok                    -7.12194e-277
xdutr.xcmp__na                    -2.28874e-91
xdutr.xcmp__sns                              0
xdutr.xcmp__tn                      1.9075e-91
xdutr.xcmp__cmpo                  -1.61386e-91
xdutr.vref                       -1.00605e-224
xdutr.xcmp__nbg                    4.16262e-22
xdutr.ibias                        1.05961e-21
xdutr.xcmp__bias_okb             -2.09162e-199
xdutr.xcmp__snsb                             0
xdutr.xcmp__n1                               0
xdutr.por_raw                     1.82322e-117
xdutr.xpor__pdn                     7.7727e-68
xdutr.xpor__ndl                   -2.42955e-66
xdutr.xpor__ndgn                  -1.09362e-21
xdutr.xpor__ndg                   -5.55343e-26
xdutr.xpor__pgdg                   1.98781e-38
xdutr.xpor__pgdgb                            0
xdutr.xpor__tim                     7.7337e-27
xdutr.xpor__nd1                    6.71965e-32
xdutr.xpor__trip                  -5.29713e-69
xdutr.xpor__rstb                   1.12131e-44
xdutr.xpor__nnand                  2.67922e-44
xdutr.xtemp__n1                    6.71463e-27
xdutr.xtemp__n2                    3.35732e-26
xdutr.xtemp__pg                    5.14258e-22
xdutr.xtemp__nbg                   1.38079e-22
xdutr.xtemp__enb                             0
xdutr.xtemp__pb                   6.91683e-151
xdutr.xtemp__pcas                 8.16237e-178
xdutr.xtemp__nd                    3.05425e-63
xdutr.xtemp__nr                   -1.35428e-59
xdutr.xtemp__nt                    1.34293e-26
xdutr.xtemp__t5                    8.2553e-124
xdutr.xtemp__t4                   4.07732e-124
xdutr.xtemp__t3                   1.98455e-124
xdutr.xtemp__t2                   9.34388e-125
xdutr.xtemp__t1                   4.05618e-125
xdutr.xtemp__t0                   1.37726e-125
xdutr.xbias__na                   3.74163e-237
xdutr.xbias__nbtop                3.04083e-222
xdutr.xbias__nt                    8.75812e-47
xdutr.xbias__nb                   3.04083e-222
xdutr.xbias__tok                   2.24208e-44
xdutr.xcmp__vdda                   5.21201e-93
xdutr.xpor__ndgp                    1.8334e-32
xdutr.xpor__nts                   -1.77234e-25
xdutr.xtemp__na                    3.08665e-26
xdutr.xtemp__nb                   -5.1888e-182
xdutr.xtemp__m1d                    -1.084e-25
xdutr.xtemp__m2d                  3.34852e-180
xdutr.xtemp__m3d                 -1.12082e-115
xdutr.xbias__ec                   3.04083e-222
xdutr.xbias__er                  -1.00606e-224
xdutr.xtemp__nc                   -5.1888e-182
xdutr.xbias__nz                   -3.00074e-25
xdutr.xtemp__nz                    3.35732e-26
xdutr.x163.11                     -5.1888e-182
xdutr.x163.21                     -5.1888e-182
xdutr.xtemp__xr1__1               -5.1888e-182
xdutr.x164.11                     -5.1888e-182
xdutr.x164.21                     -5.1888e-182
xdutr.x165.11                      3.08665e-26
xdutr.x165.21                      3.08665e-26
xdutr.xtemp__xriso__1              3.08665e-26
xdutr.x166.11                      3.08665e-26
xdutr.x166.21                      3.08665e-26
xdutr.x167.11                      3.35732e-26
xdutr.x167.21                      3.35732e-26
xdutr.xtemp__xrz__1                3.35732e-26
xdutr.xtemp__xrz__2                3.35732e-26
xdutr.x168.11                      3.35732e-26
xdutr.x168.21                      3.35732e-26
xdutr.x169.11                      3.35732e-26
xdutr.x169.21                      3.35732e-26
xdutr.xtemp__xrz__3                3.35732e-26
xdutr.xtemp__xrz__4                3.35732e-26
xdutr.x170.11                      3.35732e-26
xdutr.x170.21                      3.35732e-26
xdutr.x171.11                      3.35732e-26
xdutr.x171.21                      3.35732e-26
xdutr.xtemp__xrz__5                3.35732e-26
xdutr.xtemp__xrz__6                3.35732e-26
xdutr.x172.11                      3.35732e-26
xdutr.x172.21                      3.35732e-26
xdutr.x173.11                      3.35732e-26
xdutr.x173.21                      3.35732e-26
xdutr.xtemp__xrz__7                3.35732e-26
xdutr.xtemp__xrz__8                3.35732e-26
xdutr.x174.11                      3.35732e-26
xdutr.x174.21                      3.35732e-26
xdutr.x175.11                      3.35732e-26
xdutr.x175.21                      3.35732e-26
xdutr.xtemp__xrz__9                3.35732e-26
xdutr.x176.11                      3.35732e-26
xdutr.x176.21                      3.35732e-26
xdutr.x177.11                     5.65036e-123
xdutr.x177.21                     5.44999e-123
xdutr.xtemp__xr2f__1              5.44965e-123
xdutr.xtemp__xr2f__2               5.2486e-123
xdutr.x178.11                     5.24894e-123
xdutr.x178.21                     5.44931e-123
xdutr.x179.11                     5.24826e-123
xdutr.x179.21                     5.04789e-123
xdutr.xtemp__xr2f__3              5.04755e-123
xdutr.xtemp__xr2f__4               4.8465e-123
xdutr.x180.11                     4.84684e-123
xdutr.x180.21                     5.04721e-123
xdutr.x181.11                     4.84616e-123
xdutr.x181.21                     4.64579e-123
xdutr.xtemp__xr2f__5              4.64545e-123
xdutr.xtemp__xr2f__6              4.44441e-123
xdutr.x182.11                     4.44474e-123
xdutr.x182.21                     4.64512e-123
xdutr.x183.11                     4.44407e-123
xdutr.x183.21                      4.2437e-123
xdutr.xtemp__xr2f__7              4.24336e-123
xdutr.xtemp__xr2f__8              4.04231e-123
xdutr.x184.11                     4.04265e-123
xdutr.x184.21                     4.24302e-123
xdutr.x185.11                     4.04197e-123
xdutr.x185.21                      3.8416e-123
xdutr.xtemp__xr2f__9              3.84126e-123
xdutr.xtemp__xr2f__10             3.64021e-123
xdutr.x186.11                     3.64055e-123
xdutr.x186.21                     3.84092e-123
xdutr.x187.11                     3.63987e-123
xdutr.x187.21                      3.4395e-123
xdutr.xtemp__xr2f__11             3.43916e-123
xdutr.xtemp__xr2f__12             3.23811e-123
xdutr.x188.11                     3.23845e-123
xdutr.x188.21                     3.43882e-123
xdutr.x189.11                     3.23778e-123
xdutr.x189.21                      3.0374e-123
xdutr.xtemp__xr2f__13             3.03707e-123
xdutr.xtemp__xr2f__14             2.83602e-123
xdutr.x190.11                     2.83636e-123
xdutr.x190.21                     3.03673e-123
xdutr.x191.11                     2.83568e-123
xdutr.x191.21                     2.63531e-123
xdutr.xtemp__xr2f__15             2.63497e-123
xdutr.xtemp__xr2f__16             2.43392e-123
xdutr.x192.11                     2.43426e-123
xdutr.x192.21                     2.63463e-123
xdutr.x193.11                     2.43358e-123
xdutr.x193.21                     2.23321e-123
xdutr.xtemp__xr2f__17             2.23287e-123
xdutr.xtemp__xr2f__18             2.03182e-123
xdutr.x194.11                     2.03216e-123
xdutr.x194.21                     2.23253e-123
xdutr.x195.11                     2.03148e-123
xdutr.x195.21                     1.83111e-123
xdutr.xtemp__xr2f__19             1.83077e-123
xdutr.xtemp__xr2f__20             1.62972e-123
xdutr.x196.11                     1.63006e-123
xdutr.x196.21                     1.83043e-123
xdutr.x197.11                     1.62939e-123
xdutr.x197.21                     1.42901e-123
xdutr.xtemp__xr2f__21             1.42868e-123
xdutr.xtemp__xr2f__22             1.22763e-123
xdutr.x198.11                     1.22797e-123
xdutr.x198.21                     1.42834e-123
xdutr.x199.11                     1.22729e-123
xdutr.x199.21                     1.02692e-123
xdutr.xtemp__xr2f__23             1.02658e-123
xdutr.x200.11                     8.25868e-124
xdutr.x200.21                     1.02624e-123
xdutr.x201.11                     8.25191e-124
xdutr.x201.21                     6.16969e-124
xdutr.xtemp__xr2t5__1             6.16631e-124
xdutr.x202.11                      4.0807e-124
xdutr.x202.21                     6.16292e-124
xdutr.x203.11                     4.07393e-124
xdutr.x203.21                     3.03432e-124
xdutr.xtemp__xr2t4__1             3.03093e-124
xdutr.x204.11                     1.98794e-124
xdutr.x204.21                     3.02755e-124
xdutr.x205.11                     1.98116e-124
xdutr.x205.21                     1.46285e-124
xdutr.xtemp__xr2t3__1             1.45947e-124
xdutr.x206.11                     9.37774e-125
xdutr.x206.21                     1.45608e-124
xdutr.x207.11                     9.31002e-125
xdutr.x207.21                     6.73389e-125
xdutr.xtemp__xr2t2__1             6.70003e-125
xdutr.x208.11                     4.09004e-125
xdutr.x208.21                     6.66617e-125
xdutr.x209.11                     4.02232e-125
xdutr.x209.21                     2.75058e-125
xdutr.xtemp__xr2t1__1             2.71672e-125
xdutr.x210.11                     1.41111e-125
xdutr.x210.21                     2.68286e-125
xdutr.x211.11                      1.3434e-125
xdutr.x211.21                     7.22486e-126
xdutr.xtemp__xr2t0__1             6.88628e-126
xdutr.x212.11                     3.38574e-127
xdutr.x212.21                     6.54771e-126
xdutr.x213.11                                0
xdutr.x213.21                                0
xdutr.x214.11                                0
xdutr.x214.21                                0
xdutr.x215.11                                0
xdutr.x215.21                                0
xdutr.x216.11                    -1.00605e-224
xdutr.x216.21                    -1.00605e-224
xdutr.xbias__xr2__1              -1.00605e-224
xdutr.xbias__xr2__2              -1.00605e-224
xdutr.x217.11                    -1.00605e-224
xdutr.x217.21                    -1.00605e-224
xdutr.x218.11                    -1.00605e-224
xdutr.x218.21                    -1.00605e-224
xdutr.xbias__xr2__3              -1.00605e-224
xdutr.xbias__xr2__4              -1.00605e-224
xdutr.x219.11                    -1.00605e-224
xdutr.x219.21                    -1.00605e-224
xdutr.x220.11                    -1.00605e-224
xdutr.x220.21                    -1.00605e-224
xdutr.xbias__xr2__5              -1.00605e-224
xdutr.xbias__xr2__6              -1.00605e-224
xdutr.x221.11                    -1.00605e-224
xdutr.x221.21                    -1.00605e-224
xdutr.x222.11                    -1.00605e-224
xdutr.x222.21                    -1.00605e-224
xdutr.xbias__xr2__7              -1.00605e-224
xdutr.xbias__xr2__8              -1.00605e-224
xdutr.x223.11                    -1.00605e-224
xdutr.x223.21                    -1.00605e-224
xdutr.x224.11                    -1.00605e-224
xdutr.x224.21                    -1.00605e-224
xdutr.xbias__xr2__9              -1.00605e-224
xdutr.xbias__xr2__10             -1.00605e-224
xdutr.x225.11                    -1.00605e-224
xdutr.x225.21                    -1.00605e-224
xdutr.x226.11                    -1.00605e-224
xdutr.x226.21                    -1.00605e-224
xdutr.xbias__xr2__11             -1.00605e-224
xdutr.xbias__xr2__12             -1.00605e-224
xdutr.x227.11                    -1.00605e-224
xdutr.x227.21                    -1.00605e-224
xdutr.x228.11                    -1.00605e-224
xdutr.x228.21                    -1.00606e-224
xdutr.xbias__xr2__13             -1.00606e-224
xdutr.xbias__xr2__14             -1.00606e-224
xdutr.x229.11                    -1.00606e-224
xdutr.x229.21                    -1.00606e-224
xdutr.x230.11                    -1.00606e-224
xdutr.x230.21                    -1.00606e-224
xdutr.xbias__xr2__15             -1.00606e-224
xdutr.x231.11                    -1.00606e-224
xdutr.x231.21                    -1.00606e-224
xdutr.x232.11                     -3.00074e-25
xdutr.x232.21                     -3.00073e-25
xdutr.xbias__xrz__1               -3.00073e-25
xdutr.xbias__xrz__2               -3.00073e-25
xdutr.x233.11                     -3.00073e-25
xdutr.x233.21                     -3.00073e-25
xdutr.x234.11                     -3.00073e-25
xdutr.x234.21                     -3.00073e-25
xdutr.xbias__xrz__3               -3.00073e-25
xdutr.x235.11                     -3.00073e-25
xdutr.x235.21                     -3.00073e-25
xdutr.x236.11                     3.04083e-222
xdutr.x236.21                     3.04083e-222
xdutr.xbias__xr1__1               3.04083e-222
xdutr.x237.11                     3.04083e-222
xdutr.x237.21                     3.04083e-222
xdutr.x238.11                     3.04083e-222
xdutr.x238.21                     3.04083e-222
xdutr.xbias__xrt__1               3.04083e-222
xdutr.x239.11                     3.04083e-222
xdutr.x239.21                     3.04083e-222
xdutr.xtemp__xrz__2__par           3.35732e-26
xdutr.xtemp__xrz__4__par           3.35732e-26
xdutr.xtemp__xrz__6__par           3.35732e-26
xdutr.xtemp__xrz__8__par           3.35732e-26
xdutr.xtemp__xr2f__2__par          5.2486e-123
xdutr.xtemp__xr2f__4__par          4.8465e-123
xdutr.xtemp__xr2f__6__par         4.44441e-123
xdutr.xtemp__xr2f__8__par         4.04231e-123
xdutr.xbias__nt__par               8.75812e-47
xdutr.xtemp__xr2f__10__par        3.64021e-123
xdutr.xtemp__xr2f__12__par        3.23811e-123
xdutr.xtemp__xr2f__14__par        2.83602e-123
xdutr.xtemp__xr2f__16__par        2.43392e-123
xdutr.xtemp__xr2f__18__par        2.03182e-123
xdutr.xtemp__xr2f__20__par        1.62972e-123
xdutr.xtemp__xr2f__22__par        1.22763e-123
xdutr.xbias__n1__par              -1.5178e-270
xdutr.xtemp__xr2t0__1__par        6.88628e-126
xdutr.xtemp__xr2t1__1__par        2.71672e-125
xdutr.xtemp__xr2t2__1__par        6.70003e-125
xdutr.xbias__n2__par              -3.00073e-25
xdutr.xtemp__xr2t3__1__par        1.45947e-124
xdutr.xbias__tok__par              2.24208e-44
xdutr.xtemp__xriso__1__par         3.08665e-26
xdutr.xtemp__xr2t4__1__par        3.03093e-124
xdutr.xtemp__xr1__1__par          -5.1888e-182
xdutr.xtemp__xrz__1__par           3.35732e-26
xdutr.xtemp__xrz__3__par           3.35732e-26
xdutr.xtemp__xrz__5__par           3.35732e-26
xdutr.xtemp__xrz__7__par           3.35732e-26
xdutr.xtemp__xrz__9__par           3.35732e-26
xdutr.xtemp__xr2f__1__par         5.44965e-123
xdutr.xtemp__xr2f__3__par         5.04755e-123
xdutr.xbias__noko__par             2.27282e-22
xdutr.xtemp__xr2f__5__par         4.64545e-123
xdutr.xtemp__xr2f__7__par         4.24336e-123
xdutr.xtemp__xr2f__9__par         3.84126e-123
xdutr.xtemp__xr2f__11__par        3.43916e-123
xdutr.xtemp__xr2f__13__par        3.03707e-123
xdutr.xtemp__xr2f__15__par        2.63497e-123
xdutr.xtemp__xr2f__17__par        2.23287e-123
xdutr.xtemp__xr2f__19__par        1.83077e-123
xdutr.xtemp__xr2f__21__par        1.42868e-123
xdutr.xtemp__xr2f__23__par        1.02658e-123
xdutr.xbias__nokl__par             3.40922e-22
xdutr.xtemp__xr2t5__1__par        6.16631e-124
xdutr.xbias__nkg__par             -1.58294e-21
xdutr.xbias__nb__par              3.04083e-222
xdutr.xcmp__vdda__par              5.21201e-93
xdutr.xcmp__na__par               -2.28874e-91
xdutr.xcmp__cmpo__par             -1.61386e-91
xdutr.xcmp__n1__par                          0
xdutr.xcmp__tn__par                 1.9075e-91
xdutr.xcmp__sns__par                         0
xdutr.xcmp__nbg__par               4.16262e-22
xdutr.xcmp__snsb__par                        0
xdutr.xpor__pdn__par                7.7727e-68
xdutr.xpor__ndl__par              -2.42955e-66
xdutr.xpor__ndgn__par             -1.09362e-21
xdutr.xpor__pgdg__par              1.98781e-38
xdutr.xpor__pgdgb__par                       0
xdutr.xpor__nd1__par               6.71965e-32
xdutr.xpor__nnand__par             2.67922e-44
xdutr.xpor__ndgp__par               1.8334e-32
xdutr.xpor__nts__par              -1.77234e-25
xdutr.xpor__rstb__par              1.12131e-44
xdutr.xbias__nkm__par              3.40922e-22
xdutr.xbias__nokx__par                       0
xdutr.xbias__ks1__par            -2.94024e-195
xdutr.xbias__ks2__par             4.15812e-195
xdutr.xbias__ks3__par            -2.94024e-195
xdutr.xbias__ks4__par                        0
xdutr.xbias__nz__par              -3.00074e-25
xdutr.xbias__ec__par              3.04083e-222
xdutr.xpor__ndg__par              -5.55343e-26
xdutr.xpor__tim__par                7.7337e-27
xdutr.xpor__trip__par             -5.29713e-69
xdutr.xbias__xr2__2__par         -1.00605e-224
xdutr.xbias__xr2__4__par         -1.00605e-224
xdutr.xbias__xr2__6__par         -1.00605e-224
xdutr.xbias__xr2__8__par         -1.00605e-224
xdutr.xbias__xr2__10__par        -1.00605e-224
xdutr.xbias__xr2__12__par        -1.00605e-224
xdutr.xbias__pg__par              -7.88145e-22
xdutr.xbias__xr2__14__par        -1.00606e-224
xdutr.xbias__xrz__2__par          -3.00073e-25
xdutr.xbias__xrt__1__par          3.04083e-222
xdutr.xbias__na__par              3.74163e-237
xdutr.xbias__er__par             -1.00606e-224
xdutr.xbias__xrz__1__par          -3.00073e-25
xdutr.xbias__xrz__3__par          -3.00073e-25
xdutr.xbias__xr1__1__par          3.04083e-222
xdutr.xbias__xr2__13__par        -1.00606e-224
xdutr.xbias__nbtop__par           3.04083e-222
xdutr.xbias__xr2__11__par        -1.00605e-224
xdutr.xbias__xr2__1__par         -1.00605e-224
xdutr.xbias__xr2__3__par         -1.00605e-224
xdutr.xbias__xr2__5__par         -1.00605e-224
xdutr.xbias__xr2__7__par         -1.00605e-224
xdutr.xbias__xr2__9__par         -1.00605e-224
xdutr.xbias__xr2__15__par        -1.00606e-224
xdutr.xbias__nbg__par              3.40922e-22
xdutr.xbias__pb__par              -3.40922e-22
xdutr.bias_ok__par               -7.12194e-277
xdutr.xcmp__bias_okb__par        -2.09162e-199
xdutr.ctat__par                    3.08665e-26
xdutr.resetn__par                  1.80504e-34
xdutr.xtemp__enb__par                        0
xdutr.ibias__par                   1.05961e-21
xdutr.xtemp__m1d__par               -1.084e-25
xdutr.xtemp__m2d__par             3.34852e-180
xdutr.xtemp__m3d__par            -1.12082e-115
xdutr.xtemp__n1__par               6.71463e-27
xdutr.xtemp__n2__par               3.35732e-26
xdutr.xtemp__na__par               3.08665e-26
xdutr.xtemp__nb__par              -5.1888e-182
xdutr.xtemp__nbg__par              1.38079e-22
xdutr.xtemp__nc__par              -5.1888e-182
xdutr.xtemp__nd__par               3.05425e-63
xdutr.xtemp__nr__par              -1.35428e-59
xdutr.xtemp__nt__par               1.34293e-26
xdutr.xtemp__nz__par               3.35732e-26
xdutr.xtemp__pb__par              6.91683e-151
xdutr.xtemp__pcas__par            8.16237e-178
xdutr.xtemp__pg__par               5.14258e-22
xdutr.por_raw__par                1.82322e-117
xdutr.ptat__par                    5.6507e-123
xdutr.xtemp__t0__par              1.37726e-125
xdutr.xtemp__t1__par              4.05618e-125
xdutr.xtemp__t2__par              9.34388e-125
xdutr.xtemp__t3__par              1.98455e-124
xdutr.xtemp__t4__par              4.07732e-124
xdutr.xtemp__t5__par               8.2553e-124
xdutr.vdd__par                               0
xdutr.vref__par                  -1.00605e-224
xdutr.vss__par                               0
tk                                      233.15
btk#branch                         -2.3315e-07
vsupr#branch                      -5.76155e-33
vsup#branch                        -3.2028e-32

 Reference value :  7.94361e-05
 Reference value :  2.00117e-04
 Reference value :  2.05113e-04
 Reference value :  2.18485e-04
 Reference value :  2.24262e-04
 Reference value :  2.41169e-04
 Reference value :  3.50304e-04
 Reference value :  3.88326e-04
 Reference value :  4.38727e-04
 Reference value :  4.43740e-04
 Reference value :  4.44680e-04
 Reference value :  4.81416e-04
 Reference value :  4.84607e-04
 Reference value :  4.86200e-04
 Reference value :  4.86425e-04
 Reference value :  5.08884e-04
 Reference value :  5.27828e-04
 Reference value :  5.38922e-04
 Reference value :  7.88029e-04
 Reference value :  7.89568e-04
 Reference value :  7.95178e-04
 Reference value :  8.05898e-04
 Reference value :  8.15472e-04
 Reference value :  8.62024e-04
 Reference value :  8.62230e-04
 Reference value :  8.78150e-04
 Reference value :  8.78588e-04
 Reference value :  1.00000e-03
 Reference value :  2.13074e-03
 Reference value :  3.40074e-03
 Reference value :  4.73074e-03
 Reference value :  6.06074e-03
 Reference value :  7.39074e-03
 Reference value :  8.72074e-03
 Reference value :  1.00507e-02
 Reference value :  1.13807e-02
 Reference value :  1.20117e-02
 Reference value :  1.20291e-02
 Reference value :  1.20292e-02
 Reference value :  1.20316e-02
 Reference value :  1.20347e-02
 Reference value :  1.20353e-02
 Reference value :  1.20381e-02
 Reference value :  1.23286e-02
 Reference value :  1.29695e-02
 Reference value :  1.29969e-02
 Reference value :  1.29970e-02
 Reference value :  1.29985e-02
 Reference value :  1.30022e-02
 Reference value :  1.30027e-02
 Reference value :  1.30055e-02
 Reference value :  1.32491e-02
 Reference value :  1.45691e-02
 Reference value :  1.58891e-02
 Reference value :  1.72091e-02
 Reference value :  1.85391e-02
 Reference value :  1.98591e-02
 Reference value :  2.11791e-02
 Reference value :  2.25091e-02
 Reference value :  2.38291e-02
 Reference value :  2.51591e-02
 Reference value :  2.64791e-02
 Reference value :  2.77891e-02
 Reference value :  2.90991e-02
 Reference value :  3.04191e-02
 Reference value :  3.17391e-02
No. of Data Rows : 5848
iq_pre              =  -8.71259e-07 from=  1.50000e-03 to=  1.90074e-03
iq_post             =  -7.94578e-06 from=  2.80000e-02 to=  3.00091e-02
trel                =  1.29969e-02
vrst_post           =  3.63000e+00
vdd_post            =  3.63000e+00
vptat_post          =  1.00449e+00
vctat_post          =  7.75786e-01
vtk_post            =  2.33150e+02
vrstr_post          =  3.30000e+00
vptatr_post         =  1.00447e+00
vctatr_post         =  7.75786e-01
m_vptat_v = 1.0044920000e+00
m_vctat_v = 7.7578640000e-01
m_ptat_k_mvk = 4.3083508471e+00
m_terr_untrim_c = -2.657611952e-02
m_terr_supply_c = 6.0341038265e-03
m_vctat_supply_mv = 2.9999999995e-04
m_vout_margin_v = 5.7578640000e-01
m_resetn_released_v = 3.6300000000e+00
m_resetn_ref_released_v = 3.3000000000e+00
m_t_release_ms = 1.2996930000e+01
m_iq_por_ua = 8.7125940000e-01
m_iq_total_ua = 7.9457820000e+00
m_temp_iq_ua = 7.0745226000e+00
Note: Simulation executed from .control section 

