
Note: No compatibility mode selected!


Circuit: * temp-accuracy-vt @ bjt_ss_125c_2.97v -- generated by sim/harness, do not edit

Doing analysis at TEMP = 125.000000 and TNOM = 27.000000

Using SPARSE 1.3 as Direct Linear Solver

Initial Transient Solution
--------------------------

Node                                   Voltage
----                                   -------
vdd                                          0
ptat                               7.98011e-39
ctat                              -2.52909e-20
resetn                            -1.97607e-18
xdut.xbias__nbg                   -3.44391e-20
xdut.xbias__pb                     7.43588e-21
xdut.xbias__n1                    -5.09706e-20
xdut.xbias__n2                    -5.10419e-20
xdut.xbias__pg                    -2.26672e-19
xdut.xbias__ks1                   -4.67427e-19
xdut.xbias__ks2                    3.07896e-19
xdut.xbias__ks3                   -1.15839e-19
xdut.xbias__ks4                    7.94777e-20
xdut.xbias__nkg                    9.09863e-19
xdut.xbias__nkm                    5.76369e-19
xdut.xbias__nokl                  -3.43969e-19
xdut.xbias__noko                   -6.5784e-19
xdut.xbias__nokx                  -2.96177e-19
xdut.bias_ok                       7.97294e-19
xdut.xcmp__na                     -6.53061e-19
xdut.xcmp__sns                               0
xdut.xcmp__tn                      2.36098e-20
xdut.xcmp__cmpo                   -7.56578e-19
xdut.vref                           4.6942e-19
xdut.xcmp__nbg                     1.50816e-19
xdut.ibias                         2.00754e-19
xdut.xcmp__bias_okb                9.25749e-19
xdut.xcmp__snsb                              0
xdut.xcmp__n1                      -5.5599e-19
xdut.por_raw                      -1.17214e-18
xdut.xpor__pdn                    -6.53795e-81
xdut.xpor__ndl                    -1.61826e-53
xdut.xpor__ndgn                   -1.89187e-18
xdut.xpor__ndg                     1.28694e-18
xdut.xpor__pgdg                    8.00556e-19
xdut.xpor__pgdgb                  -4.51532e-20
xdut.xpor__tim                     2.18064e-19
xdut.xpor__nd1                     1.30862e-20
xdut.xpor__trip                    4.57537e-31
xdut.xpor__rstb                   -4.63115e-19
xdut.xpor__nnand                  -4.75161e-19
xdut.xtemp__n1                    -1.65951e-18
xdut.xtemp__n2                     1.79268e-19
xdut.xtemp__pg                    -5.97927e-20
xdut.xtemp__nbg                    1.42698e-18
xdut.xtemp__enb                    1.12571e-18
xdut.xtemp__pb                     7.10535e-19
xdut.xtemp__pcas                  -1.16039e-18
xdut.xtemp__nd                    -1.70086e-18
xdut.xtemp__nr                     2.17563e-19
xdut.xtemp__nt                    -9.88055e-19
xdut.xtemp__t5                     1.16469e-39
xdut.xtemp__t4                     5.74392e-40
xdut.xtemp__t3                      2.7894e-40
xdut.xtemp__t2                     1.30887e-40
xdut.xtemp__t1                     5.65398e-41
xdut.xtemp__t0                       1.907e-41
xdut.xbias__na                     2.51622e-19
xdut.xbias__nbtop                  5.08343e-19
xdut.xbias__nt                    -4.76586e-20
xdut.xbias__nb                     5.08343e-19
xdut.xbias__tok                    2.22455e-20
xdut.xcmp__vdda                   -6.91506e-19
xdut.xpor__ndgp                    5.93974e-19
xdut.xpor__nts                    -2.27146e-20
xdut.xtemp__na                    -2.52909e-20
xdut.xtemp__nb                    -1.88902e-19
xdut.xtemp__m1d                   -1.98504e-20
xdut.xtemp__m2d                     1.0047e-18
xdut.xtemp__m3d                    2.07018e-34
xdut.xbias__ec                     5.08343e-19
xdut.xbias__er                     4.69421e-19
xdut.xtemp__nc                    -1.88899e-19
xdut.xbias__nz                    -5.10419e-20
xdut.xtemp__nz                     1.79268e-19
xdut.x163.11                      -1.88902e-19
xdut.x163.21                        -1.889e-19
xdut.xtemp__xr1__1                  -1.889e-19
xdut.x164.11                      -1.88899e-19
xdut.x164.21                        -1.889e-19
xdut.x165.11                      -2.52909e-20
xdut.x165.21                      -2.52909e-20
xdut.xtemp__xriso__1              -2.52909e-20
xdut.x166.11                      -2.52909e-20
xdut.x166.21                      -2.52909e-20
xdut.x167.11                       1.79268e-19
xdut.x167.21                       1.79268e-19
xdut.xtemp__xrz__1                 1.79268e-19
xdut.xtemp__xrz__2                 1.79268e-19
xdut.x168.11                       1.79268e-19
xdut.x168.21                       1.79268e-19
xdut.x169.11                       1.79268e-19
xdut.x169.21                       1.79268e-19
xdut.xtemp__xrz__3                 1.79268e-19
xdut.xtemp__xrz__4                 1.79268e-19
xdut.x170.11                       1.79268e-19
xdut.x170.21                       1.79268e-19
xdut.x171.11                       1.79268e-19
xdut.x171.21                       1.79268e-19
xdut.xtemp__xrz__5                 1.79268e-19
xdut.xtemp__xrz__6                 1.79268e-19
xdut.x172.11                       1.79268e-19
xdut.x172.21                       1.79268e-19
xdut.x173.11                       1.79268e-19
xdut.x173.21                       1.79268e-19
xdut.xtemp__xrz__7                 1.79268e-19
xdut.xtemp__xrz__8                 1.79268e-19
xdut.x174.11                       1.79268e-19
xdut.x174.21                       1.79268e-19
xdut.x175.11                       1.79268e-19
xdut.x175.21                       1.79268e-19
xdut.xtemp__xrz__9                 1.79268e-19
xdut.x176.11                       1.79268e-19
xdut.x176.21                       1.79268e-19
xdut.x177.11                       7.97974e-39
xdut.x177.21                       7.69652e-39
xdut.xtemp__xr2f__1                7.69614e-39
xdut.xtemp__xr2f__2                7.41216e-39
xdut.x178.11                       7.41254e-39
xdut.x178.21                       7.69576e-39
xdut.x179.11                       7.41178e-39
xdut.x179.21                       7.12856e-39
xdut.xtemp__xr2f__3                7.12819e-39
xdut.xtemp__xr2f__4                6.84421e-39
xdut.x180.11                       6.84459e-39
xdut.x180.21                       7.12781e-39
xdut.x181.11                       6.84383e-39
xdut.x181.21                       6.56061e-39
xdut.xtemp__xr2f__5                6.56023e-39
xdut.xtemp__xr2f__6                6.27626e-39
xdut.x182.11                       6.27664e-39
xdut.x182.21                       6.55985e-39
xdut.x183.11                       6.27588e-39
xdut.x183.21                       5.99266e-39
xdut.xtemp__xr2f__7                5.99228e-39
xdut.xtemp__xr2f__8                5.70831e-39
xdut.x184.11                       5.70868e-39
xdut.x184.21                        5.9919e-39
xdut.x185.11                       5.70793e-39
xdut.x185.21                       5.42471e-39
xdut.xtemp__xr2f__9                5.42433e-39
xdut.xtemp__xr2f__10               5.14035e-39
xdut.x186.11                       5.14073e-39
xdut.x186.21                       5.42395e-39
xdut.x187.11                       5.13997e-39
xdut.x187.21                       4.85676e-39
xdut.xtemp__xr2f__11               4.85638e-39
xdut.xtemp__xr2f__12                4.5724e-39
xdut.x188.11                       4.57278e-39
xdut.x188.21                         4.856e-39
xdut.x189.11                       4.57202e-39
xdut.x189.21                        4.2888e-39
xdut.xtemp__xr2f__13               4.28842e-39
xdut.xtemp__xr2f__14               4.00445e-39
xdut.x190.11                       4.00483e-39
xdut.x190.21                       4.28805e-39
xdut.x191.11                       4.00407e-39
xdut.x191.21                       3.72085e-39
xdut.xtemp__xr2f__15               3.72047e-39
xdut.xtemp__xr2f__16                3.4365e-39
xdut.x192.11                       3.43688e-39
xdut.x192.21                       3.72009e-39
xdut.x193.11                       3.43612e-39
xdut.x193.21                        3.1529e-39
xdut.xtemp__xr2f__17               3.15252e-39
xdut.xtemp__xr2f__18               2.86854e-39
xdut.x194.11                       2.86892e-39
xdut.x194.21                       3.15214e-39
xdut.x195.11                       2.86817e-39
xdut.x195.21                       2.58495e-39
xdut.xtemp__xr2f__19               2.58457e-39
xdut.xtemp__xr2f__20               2.30059e-39
xdut.x196.11                       2.30097e-39
xdut.x196.21                       2.58419e-39
xdut.x197.11                       2.30021e-39
xdut.x197.21                       2.01699e-39
xdut.xtemp__xr2f__21               2.01662e-39
xdut.xtemp__xr2f__22               1.73264e-39
xdut.x198.11                       1.73302e-39
xdut.x198.21                       2.01624e-39
xdut.x199.11                       1.73226e-39
xdut.x199.21                       1.44904e-39
xdut.xtemp__xr2f__23               1.44866e-39
xdut.x200.11                       1.16507e-39
xdut.x200.21                       1.44828e-39
xdut.x201.11                       1.16431e-39
xdut.x201.21                       8.69919e-40
xdut.xtemp__xr2t5__1               8.69539e-40
xdut.x202.11                       5.74771e-40
xdut.x202.21                        8.6916e-40
xdut.x203.11                       5.74012e-40
xdut.x203.21                       4.27045e-40
xdut.xtemp__xr2t4__1               4.26666e-40
xdut.x204.11                       2.79319e-40
xdut.x204.21                       4.26287e-40
xdut.x205.11                       2.78561e-40
xdut.x205.21                       2.05292e-40
xdut.xtemp__xr2t3__1               2.04913e-40
xdut.x206.11                       1.31266e-40
xdut.x206.21                       2.04534e-40
xdut.x207.11                       1.30508e-40
xdut.x207.21                       9.40924e-41
xdut.xtemp__xr2t2__1               9.37133e-41
xdut.x208.11                       5.69189e-41
xdut.x208.21                       9.33342e-41
xdut.x209.11                       5.61607e-41
xdut.x209.21                        3.8184e-41
xdut.xtemp__xr2t1__1               3.78049e-41
xdut.x210.11                       1.94491e-41
xdut.x210.21                       3.74258e-41
xdut.x211.11                       1.86909e-41
xdut.x211.21                       9.91409e-42
xdut.xtemp__xr2t0__1                 9.535e-42
xdut.x212.11                       3.79087e-43
xdut.x212.21                       9.15591e-42
xdut.x213.11                                 0
xdut.x213.21                                 0
xdut.x214.11                                 0
xdut.x214.21                                 0
xdut.x215.11                                 0
xdut.x215.21                                 0
xdut.x216.11                        4.6942e-19
xdut.x216.21                        4.6942e-19
xdut.xbias__xr2__1                  4.6942e-19
xdut.xbias__xr2__2                  4.6942e-19
xdut.x217.11                        4.6942e-19
xdut.x217.21                        4.6942e-19
xdut.x218.11                        4.6942e-19
xdut.x218.21                        4.6942e-19
xdut.xbias__xr2__3                  4.6942e-19
xdut.xbias__xr2__4                  4.6942e-19
xdut.x219.11                        4.6942e-19
xdut.x219.21                        4.6942e-19
xdut.x220.11                        4.6942e-19
xdut.x220.21                        4.6942e-19
xdut.xbias__xr2__5                  4.6942e-19
xdut.xbias__xr2__6                  4.6942e-19
xdut.x221.11                        4.6942e-19
xdut.x221.21                        4.6942e-19
xdut.x222.11                        4.6942e-19
xdut.x222.21                        4.6942e-19
xdut.xbias__xr2__7                  4.6942e-19
xdut.xbias__xr2__8                  4.6942e-19
xdut.x223.11                        4.6942e-19
xdut.x223.21                        4.6942e-19
xdut.x224.11                        4.6942e-19
xdut.x224.21                        4.6942e-19
xdut.xbias__xr2__9                  4.6942e-19
xdut.xbias__xr2__10                 4.6942e-19
xdut.x225.11                        4.6942e-19
xdut.x225.21                        4.6942e-19
xdut.x226.11                        4.6942e-19
xdut.x226.21                        4.6942e-19
xdut.xbias__xr2__11                 4.6942e-19
xdut.xbias__xr2__12                4.69421e-19
xdut.x227.11                       4.69421e-19
xdut.x227.21                        4.6942e-19
xdut.x228.11                       4.69421e-19
xdut.x228.21                       4.69421e-19
xdut.xbias__xr2__13                4.69421e-19
xdut.xbias__xr2__14                4.69421e-19
xdut.x229.11                       4.69421e-19
xdut.x229.21                       4.69421e-19
xdut.x230.11                       4.69421e-19
xdut.x230.21                       4.69421e-19
xdut.xbias__xr2__15                4.69421e-19
xdut.x231.11                       4.69421e-19
xdut.x231.21                       4.69421e-19
xdut.x232.11                      -5.10419e-20
xdut.x232.21                      -5.10419e-20
xdut.xbias__xrz__1                -5.10419e-20
xdut.xbias__xrz__2                -5.10419e-20
xdut.x233.11                      -5.10419e-20
xdut.x233.21                      -5.10419e-20
xdut.x234.11                      -5.10419e-20
xdut.x234.21                      -5.10419e-20
xdut.xbias__xrz__3                -5.10419e-20
xdut.x235.11                      -5.10419e-20
xdut.x235.21                      -5.10419e-20
xdut.x236.11                       5.08343e-19
xdut.x236.21                       5.08343e-19
xdut.xbias__xr1__1                 5.08343e-19
xdut.x237.11                       5.08343e-19
xdut.x237.21                       5.08343e-19
xdut.x238.11                       5.08343e-19
xdut.x238.21                       5.08343e-19
xdut.xbias__xrt__1                 5.08343e-19
xdut.x239.11                       5.08343e-19
xdut.x239.21                       5.08343e-19
xdut.xtemp__xrz__2__par            1.79268e-19
xdut.xtemp__xrz__4__par            1.79268e-19
xdut.xtemp__xrz__6__par            1.79268e-19
xdut.xtemp__xrz__8__par            1.79268e-19
xdut.xtemp__xr2f__2__par           7.41216e-39
xdut.xtemp__xr2f__4__par           6.84421e-39
xdut.xtemp__xr2f__6__par           6.27626e-39
xdut.xtemp__xr2f__8__par           5.70831e-39
xdut.xbias__nt__par               -4.76586e-20
xdut.xtemp__xr2f__10__par          5.14035e-39
xdut.xtemp__xr2f__12__par           4.5724e-39
xdut.xtemp__xr2f__14__par          4.00445e-39
xdut.xtemp__xr2f__16__par           3.4365e-39
xdut.xtemp__xr2f__18__par          2.86854e-39
xdut.xtemp__xr2f__20__par          2.30059e-39
xdut.xtemp__xr2f__22__par          1.73264e-39
xdut.xbias__n1__par               -5.09706e-20
xdut.xtemp__xr2t0__1__par            9.535e-42
xdut.xtemp__xr2t1__1__par          3.78049e-41
xdut.xtemp__xr2t2__1__par          9.37133e-41
xdut.xbias__n2__par               -5.10419e-20
xdut.xtemp__xr2t3__1__par          2.04913e-40
xdut.xbias__tok__par               2.22455e-20
xdut.xtemp__xriso__1__par         -2.52909e-20
xdut.xtemp__xr2t4__1__par          4.26666e-40
xdut.xtemp__xr1__1__par             -1.889e-19
xdut.xtemp__xrz__1__par            1.79268e-19
xdut.xtemp__xrz__3__par            1.79268e-19
xdut.xtemp__xrz__5__par            1.79268e-19
xdut.xtemp__xrz__7__par            1.79268e-19
xdut.xtemp__xrz__9__par            1.79268e-19
xdut.xtemp__xr2f__1__par           7.69614e-39
xdut.xtemp__xr2f__3__par           7.12819e-39
xdut.xbias__noko__par              -6.5784e-19
xdut.xtemp__xr2f__5__par           6.56023e-39
xdut.xtemp__xr2f__7__par           5.99228e-39
xdut.xtemp__xr2f__9__par           5.42433e-39
xdut.xtemp__xr2f__11__par          4.85638e-39
xdut.xtemp__xr2f__13__par          4.28842e-39
xdut.xtemp__xr2f__15__par          3.72047e-39
xdut.xtemp__xr2f__17__par          3.15252e-39
xdut.xtemp__xr2f__19__par          2.58457e-39
xdut.xtemp__xr2f__21__par          2.01662e-39
xdut.xtemp__xr2f__23__par          1.44866e-39
xdut.xbias__nokl__par             -3.43969e-19
xdut.xtemp__xr2t5__1__par          8.69539e-40
xdut.xbias__nkg__par               9.09863e-19
xdut.xbias__nb__par                5.08343e-19
xdut.xcmp__vdda__par              -6.91506e-19
xdut.xcmp__na__par                -6.53061e-19
xdut.xcmp__cmpo__par              -7.56578e-19
xdut.xcmp__n1__par                 -5.5599e-19
xdut.xcmp__tn__par                 2.36098e-20
xdut.xcmp__sns__par                          0
xdut.xcmp__nbg__par                1.50816e-19
xdut.xcmp__snsb__par                         0
xdut.xpor__pdn__par               -6.53795e-81
xdut.xpor__ndl__par               -1.61826e-53
xdut.xpor__ndgn__par              -1.89187e-18
xdut.xpor__pgdg__par               8.00556e-19
xdut.xpor__pgdgb__par             -4.51532e-20
xdut.xpor__nd1__par                1.30862e-20
xdut.xpor__nnand__par             -4.75161e-19
xdut.xpor__ndgp__par               5.93974e-19
xdut.xpor__nts__par               -2.27146e-20
xdut.xpor__rstb__par              -4.63115e-19
xdut.xbias__nkm__par               5.76369e-19
xdut.xbias__nokx__par             -2.96177e-19
xdut.xbias__ks1__par              -4.67427e-19
xdut.xbias__ks2__par               3.07896e-19
xdut.xbias__ks3__par              -1.15839e-19
xdut.xbias__ks4__par               7.94777e-20
xdut.xbias__nz__par               -5.10419e-20
xdut.xbias__ec__par                5.08343e-19
xdut.xpor__ndg__par                1.28694e-18
xdut.xpor__tim__par                2.18064e-19
xdut.xpor__trip__par               4.57537e-31
xdut.xbias__xr2__2__par             4.6942e-19
xdut.xbias__xr2__4__par             4.6942e-19
xdut.xbias__xr2__6__par             4.6942e-19
xdut.xbias__xr2__8__par             4.6942e-19
xdut.xbias__xr2__10__par            4.6942e-19
xdut.xbias__xr2__12__par           4.69421e-19
xdut.xbias__pg__par               -2.26672e-19
xdut.xbias__xr2__14__par           4.69421e-19
xdut.xbias__xrz__2__par           -5.10419e-20
xdut.xbias__xrt__1__par            5.08343e-19
xdut.xbias__na__par                2.51622e-19
xdut.xbias__er__par                4.69421e-19
xdut.xbias__xrz__1__par           -5.10419e-20
xdut.xbias__xrz__3__par           -5.10419e-20
xdut.xbias__xr1__1__par            5.08343e-19
xdut.xbias__xr2__13__par           4.69421e-19
xdut.xbias__nbtop__par             5.08343e-19
xdut.xbias__xr2__11__par            4.6942e-19
xdut.xbias__xr2__1__par             4.6942e-19
xdut.xbias__xr2__3__par             4.6942e-19
xdut.xbias__xr2__5__par             4.6942e-19
xdut.xbias__xr2__7__par             4.6942e-19
xdut.xbias__xr2__9__par             4.6942e-19
xdut.xbias__xr2__15__par           4.69421e-19
xdut.xbias__nbg__par              -3.44391e-20
xdut.xbias__pb__par                7.43588e-21
xdut.bias_ok__par                  7.97294e-19
xdut.xcmp__bias_okb__par           9.25749e-19
xdut.ctat__par                    -2.52909e-20
xdut.resetn__par                  -1.97607e-18
xdut.xtemp__enb__par               1.12571e-18
xdut.ibias__par                    2.00754e-19
xdut.xtemp__m1d__par              -1.98504e-20
xdut.xtemp__m2d__par                1.0047e-18
xdut.xtemp__m3d__par               2.07018e-34
xdut.xtemp__n1__par               -1.65951e-18
xdut.xtemp__n2__par                1.79268e-19
xdut.xtemp__na__par               -2.52909e-20
xdut.xtemp__nb__par               -1.88902e-19
xdut.xtemp__nbg__par               1.42698e-18
xdut.xtemp__nc__par               -1.88899e-19
xdut.xtemp__nd__par               -1.70086e-18
xdut.xtemp__nr__par                2.17563e-19
xdut.xtemp__nt__par               -9.88055e-19
xdut.xtemp__nz__par                1.79268e-19
xdut.xtemp__pb__par                7.10535e-19
xdut.xtemp__pcas__par             -1.16039e-18
xdut.xtemp__pg__par               -5.97927e-20
xdut.por_raw__par                 -1.17214e-18
xdut.ptat__par                     7.98011e-39
xdut.xtemp__t0__par                  1.907e-41
xdut.xtemp__t1__par                5.65398e-41
xdut.xtemp__t2__par                1.30887e-40
xdut.xtemp__t3__par                 2.7894e-40
xdut.xtemp__t4__par                5.74392e-40
xdut.xtemp__t5__par                1.16469e-39
xdut.vdd__par                                0
xdut.vref__par                      4.6942e-19
xdut.vss__par                                0
vddr                                         0
ptatr                              8.79291e-41
ctatr                              3.98251e-20
resetnr                            1.69915e-18
xdutr.xbias__nbg                  -5.11266e-20
xdutr.xbias__pb                     5.7331e-20
xdutr.xbias__n1                    2.47359e-19
xdutr.xbias__n2                    2.47353e-19
xdutr.xbias__pg                   -5.30388e-19
xdutr.xbias__ks1                   3.34278e-21
xdutr.xbias__ks2                   3.60695e-20
xdutr.xbias__ks3                  -2.91151e-19
xdutr.xbias__ks4                   4.01716e-19
xdutr.xbias__nkg                  -4.88317e-19
xdutr.xbias__nkm                   5.40389e-19
xdutr.xbias__nokl                 -3.61251e-19
xdutr.xbias__noko                 -5.25944e-19
xdutr.xbias__nokx                  4.19472e-19
xdutr.bias_ok                      1.03966e-18
xdutr.xcmp__na                     1.00307e-20
xdutr.xcmp__sns                              0
xdutr.xcmp__tn                     4.38655e-19
xdutr.xcmp__cmpo                   5.71854e-20
xdutr.vref                         7.39172e-19
xdutr.xcmp__nbg                    1.59035e-18
xdutr.ibias                        1.07914e-19
xdutr.xcmp__bias_okb              -5.02812e-19
xdutr.xcmp__snsb                             0
xdutr.xcmp__n1                    -9.19044e-19
xdutr.por_raw                      1.36518e-18
xdutr.xpor__pdn                   -6.09807e-81
xdutr.xpor__ndl                    2.81131e-53
xdutr.xpor__ndgn                  -1.52407e-18
xdutr.xpor__ndg                   -8.34278e-19
xdutr.xpor__pgdg                  -1.51454e-18
xdutr.xpor__pgdgb                 -1.85114e-19
xdutr.xpor__tim                   -5.79735e-19
xdutr.xpor__nd1                    7.75008e-21
xdutr.xpor__trip                   4.57062e-31
xdutr.xpor__rstb                   7.42186e-19
xdutr.xpor__nnand                 -5.18363e-19
xdutr.xtemp__n1                   -2.25629e-18
xdutr.xtemp__n2                   -2.26258e-19
xdutr.xtemp__pg                   -1.20647e-19
xdutr.xtemp__nbg                  -2.60689e-18
xdutr.xtemp__enb                  -9.03369e-19
xdutr.xtemp__pb                    1.63019e-18
xdutr.xtemp__pcas                  -2.9186e-19
xdutr.xtemp__nd                   -1.65953e-18
xdutr.xtemp__nr                    5.34301e-19
xdutr.xtemp__nt                   -1.03605e-18
xdutr.xtemp__t5                    1.28346e-41
xdutr.xtemp__t4                    6.32936e-42
xdutr.xtemp__t3                    3.07363e-42
xdutr.xtemp__t2                    1.44222e-42
xdutr.xtemp__t1                    6.22997e-43
xdutr.xtemp__t0                    2.10127e-43
xdutr.xbias__na                    8.13078e-19
xdutr.xbias__nbtop                 1.30528e-18
xdutr.xbias__nt                    2.31126e-19
xdutr.xbias__nb                    1.30528e-18
xdutr.xbias__tok                   2.34859e-19
xdutr.xcmp__vdda                    3.6825e-20
xdutr.xpor__ndgp                   3.89097e-20
xdutr.xpor__nts                    4.06935e-20
xdutr.xtemp__na                    3.98251e-20
xdutr.xtemp__nb                    1.99108e-18
xdutr.xtemp__m1d                   3.12581e-20
xdutr.xtemp__m2d                   7.25993e-19
xdutr.xtemp__m3d                   9.06946e-37
xdutr.xbias__ec                    1.30528e-18
xdutr.xbias__er                    7.39173e-19
xdutr.xtemp__nc                    1.99108e-18
xdutr.xbias__nz                    2.47353e-19
xdutr.xtemp__nz                   -2.26258e-19
xdutr.x163.11                      1.99108e-18
xdutr.x163.21                      1.99108e-18
xdutr.xtemp__xr1__1                1.99108e-18
xdutr.x164.11                      1.99108e-18
xdutr.x164.21                      1.99108e-18
xdutr.x165.11                      3.98251e-20
xdutr.x165.21                      3.98251e-20
xdutr.xtemp__xriso__1              3.98251e-20
xdutr.x166.11                      3.98251e-20
xdutr.x166.21                      3.98251e-20
xdutr.x167.11                     -2.26258e-19
xdutr.x167.21                     -2.26258e-19
xdutr.xtemp__xrz__1               -2.26258e-19
xdutr.xtemp__xrz__2               -2.26258e-19
xdutr.x168.11                     -2.26258e-19
xdutr.x168.21                     -2.26258e-19
xdutr.x169.11                     -2.26258e-19
xdutr.x169.21                     -2.26258e-19
xdutr.xtemp__xrz__3               -2.26258e-19
xdutr.xtemp__xrz__4               -2.26258e-19
xdutr.x170.11                     -2.26258e-19
xdutr.x170.21                     -2.26258e-19
xdutr.x171.11                     -2.26258e-19
xdutr.x171.21                     -2.26258e-19
xdutr.xtemp__xrz__5               -2.26258e-19
xdutr.xtemp__xrz__6               -2.26258e-19
xdutr.x172.11                     -2.26258e-19
xdutr.x172.21                     -2.26258e-19
xdutr.x173.11                     -2.26258e-19
xdutr.x173.21                     -2.26258e-19
xdutr.xtemp__xrz__7               -2.26258e-19
xdutr.xtemp__xrz__8               -2.26258e-19
xdutr.x174.11                     -2.26258e-19
xdutr.x174.21                     -2.26258e-19
xdutr.x175.11                     -2.26258e-19
xdutr.x175.21                     -2.26258e-19
xdutr.xtemp__xrz__9               -2.26258e-19
xdutr.x176.11                     -2.26258e-19
xdutr.x176.21                     -2.26258e-19
xdutr.x177.11                      8.79249e-41
xdutr.x177.21                      8.48043e-41
xdutr.xtemp__xr2f__1               8.48001e-41
xdutr.xtemp__xr2f__2               8.16712e-41
xdutr.x178.11                      8.16754e-41
xdutr.x178.21                      8.47959e-41
xdutr.x179.11                       8.1667e-41
xdutr.x179.21                      7.85464e-41
xdutr.xtemp__xr2f__3               7.85422e-41
xdutr.xtemp__xr2f__4               7.54133e-41
xdutr.x180.11                      7.54175e-41
xdutr.x180.21                      7.85381e-41
xdutr.x181.11                      7.54091e-41
xdutr.x181.21                      7.22886e-41
xdutr.xtemp__xr2f__5               7.22844e-41
xdutr.xtemp__xr2f__6               6.91554e-41
xdutr.x182.11                      6.91596e-41
xdutr.x182.21                      7.22802e-41
xdutr.x183.11                      6.91513e-41
xdutr.x183.21                      6.60307e-41
xdutr.xtemp__xr2f__7               6.60265e-41
xdutr.xtemp__xr2f__8               6.28976e-41
xdutr.x184.11                      6.29018e-41
xdutr.x184.21                      6.60223e-41
xdutr.x185.11                      6.28934e-41
xdutr.x185.21                      5.97728e-41
xdutr.xtemp__xr2f__9               5.97686e-41
xdutr.xtemp__xr2f__10              5.66397e-41
xdutr.x186.11                      5.66439e-41
xdutr.x186.21                      5.97645e-41
xdutr.x187.11                      5.66355e-41
xdutr.x187.21                       5.3515e-41
xdutr.xtemp__xr2f__11              5.35108e-41
xdutr.xtemp__xr2f__12              5.03818e-41
xdutr.x188.11                       5.0386e-41
xdutr.x188.21                      5.35066e-41
xdutr.x189.11                      5.03777e-41
xdutr.x189.21                      4.72571e-41
xdutr.xtemp__xr2f__13              4.72529e-41
xdutr.xtemp__xr2f__14               4.4124e-41
xdutr.x190.11                      4.41281e-41
xdutr.x190.21                      4.72487e-41
xdutr.x191.11                      4.41198e-41
xdutr.x191.21                      4.09992e-41
xdutr.xtemp__xr2f__15               4.0995e-41
xdutr.xtemp__xr2f__16              3.78661e-41
xdutr.x192.11                      3.78703e-41
xdutr.x192.21                      4.09909e-41
xdutr.x193.11                      3.78619e-41
xdutr.x193.21                      3.47413e-41
xdutr.xtemp__xr2f__17              3.47372e-41
xdutr.xtemp__xr2f__18              3.16082e-41
xdutr.x194.11                      3.16124e-41
xdutr.x194.21                       3.4733e-41
xdutr.x195.11                      3.16041e-41
xdutr.x195.21                      2.84835e-41
xdutr.xtemp__xr2f__19              2.84793e-41
xdutr.xtemp__xr2f__20              2.53504e-41
xdutr.x196.11                      2.53545e-41
xdutr.x196.21                      2.84751e-41
xdutr.x197.11                      2.53462e-41
xdutr.x197.21                      2.22256e-41
xdutr.xtemp__xr2f__21              2.22214e-41
xdutr.xtemp__xr2f__22              1.90925e-41
xdutr.x198.11                      1.90967e-41
xdutr.x198.21                      2.22173e-41
xdutr.x199.11                      1.90883e-41
xdutr.x199.21                      1.59677e-41
xdutr.xtemp__xr2f__23              1.59636e-41
xdutr.x200.11                      1.28388e-41
xdutr.x200.21                      1.59594e-41
xdutr.x201.11                      1.28305e-41
xdutr.x201.21                      9.58617e-42
xdutr.xtemp__xr2t5__1              9.58199e-42
xdutr.x202.11                      6.33354e-42
xdutr.x202.21                      9.57782e-42
xdutr.x203.11                      6.32518e-42
xdutr.x203.21                      4.70567e-42
xdutr.xtemp__xr2t4__1              4.70149e-42
xdutr.x204.11                       3.0778e-42
xdutr.x204.21                      4.69731e-42
xdutr.x205.11                      3.06945e-42
xdutr.x205.21                       2.2621e-42
xdutr.xtemp__xr2t3__1              2.25792e-42
xdutr.x206.11                      1.44639e-42
xdutr.x206.21                      2.25374e-42
xdutr.x207.11                      1.43804e-42
xdutr.x207.21                      1.03678e-42
xdutr.xtemp__xr2t2__1              1.03261e-42
xdutr.x208.11                      6.27174e-43
xdutr.x208.21                      1.02843e-42
xdutr.x209.11                       6.1882e-43
xdutr.x209.21                      4.20739e-43
xdutr.xtemp__xr2t1__1              4.16562e-43
xdutr.x210.11                      2.14304e-43
xdutr.x210.21                      4.12385e-43
xdutr.x211.11                       2.0595e-43
xdutr.x211.21                       1.0924e-43
xdutr.xtemp__xr2t0__1              1.05063e-43
xdutr.x212.11                      4.17704e-45
xdutr.x212.21                      1.00886e-43
xdutr.x213.11                                0
xdutr.x213.21                                0
xdutr.x214.11                                0
xdutr.x214.21                                0
xdutr.x215.11                                0
xdutr.x215.21                                0
xdutr.x216.11                      7.39172e-19
xdutr.x216.21                      7.39172e-19
xdutr.xbias__xr2__1                7.39172e-19
xdutr.xbias__xr2__2                7.39172e-19
xdutr.x217.11                      7.39172e-19
xdutr.x217.21                      7.39172e-19
xdutr.x218.11                      7.39172e-19
xdutr.x218.21                      7.39172e-19
xdutr.xbias__xr2__3                7.39172e-19
xdutr.xbias__xr2__4                7.39172e-19
xdutr.x219.11                      7.39172e-19
xdutr.x219.21                      7.39172e-19
xdutr.x220.11                      7.39172e-19
xdutr.x220.21                      7.39172e-19
xdutr.xbias__xr2__5                7.39172e-19
xdutr.xbias__xr2__6                7.39172e-19
xdutr.x221.11                      7.39172e-19
xdutr.x221.21                      7.39172e-19
xdutr.x222.11                      7.39172e-19
xdutr.x222.21                      7.39172e-19
xdutr.xbias__xr2__7                7.39172e-19
xdutr.xbias__xr2__8                7.39173e-19
xdutr.x223.11                      7.39173e-19
xdutr.x223.21                      7.39172e-19
xdutr.x224.11                      7.39173e-19
xdutr.x224.21                      7.39173e-19
xdutr.xbias__xr2__9                7.39173e-19
xdutr.xbias__xr2__10               7.39173e-19
xdutr.x225.11                      7.39173e-19
xdutr.x225.21                      7.39173e-19
xdutr.x226.11                      7.39173e-19
xdutr.x226.21                      7.39173e-19
xdutr.xbias__xr2__11               7.39173e-19
xdutr.xbias__xr2__12               7.39173e-19
xdutr.x227.11                      7.39173e-19
xdutr.x227.21                      7.39173e-19
xdutr.x228.11                      7.39173e-19
xdutr.x228.21                      7.39173e-19
xdutr.xbias__xr2__13               7.39173e-19
xdutr.xbias__xr2__14               7.39173e-19
xdutr.x229.11                      7.39173e-19
xdutr.x229.21                      7.39173e-19
xdutr.x230.11                      7.39173e-19
xdutr.x230.21                      7.39173e-19
xdutr.xbias__xr2__15               7.39173e-19
xdutr.x231.11                      7.39173e-19
xdutr.x231.21                      7.39173e-19
xdutr.x232.11                      2.47353e-19
xdutr.x232.21                      2.47353e-19
xdutr.xbias__xrz__1                2.47353e-19
xdutr.xbias__xrz__2                2.47353e-19
xdutr.x233.11                      2.47353e-19
xdutr.x233.21                      2.47353e-19
xdutr.x234.11                      2.47353e-19
xdutr.x234.21                      2.47353e-19
xdutr.xbias__xrz__3                2.47353e-19
xdutr.x235.11                      2.47353e-19
xdutr.x235.21                      2.47353e-19
xdutr.x236.11                      1.30528e-18
xdutr.x236.21                      1.30528e-18
xdutr.xbias__xr1__1                1.30528e-18
xdutr.x237.11                      1.30528e-18
xdutr.x237.21                      1.30528e-18
xdutr.x238.11                      1.30528e-18
xdutr.x238.21                      1.30528e-18
xdutr.xbias__xrt__1                1.30528e-18
xdutr.x239.11                      1.30528e-18
xdutr.x239.21                      1.30528e-18
xdutr.xtemp__xrz__2__par          -2.26258e-19
xdutr.xtemp__xrz__4__par          -2.26258e-19
xdutr.xtemp__xrz__6__par          -2.26258e-19
xdutr.xtemp__xrz__8__par          -2.26258e-19
xdutr.xtemp__xr2f__2__par          8.16712e-41
xdutr.xtemp__xr2f__4__par          7.54133e-41
xdutr.xtemp__xr2f__6__par          6.91554e-41
xdutr.xtemp__xr2f__8__par          6.28976e-41
xdutr.xbias__nt__par               2.31126e-19
xdutr.xtemp__xr2f__10__par         5.66397e-41
xdutr.xtemp__xr2f__12__par         5.03818e-41
xdutr.xtemp__xr2f__14__par          4.4124e-41
xdutr.xtemp__xr2f__16__par         3.78661e-41
xdutr.xtemp__xr2f__18__par         3.16082e-41
xdutr.xtemp__xr2f__20__par         2.53504e-41
xdutr.xtemp__xr2f__22__par         1.90925e-41
xdutr.xbias__n1__par               2.47359e-19
xdutr.xtemp__xr2t0__1__par         1.05063e-43
xdutr.xtemp__xr2t1__1__par         4.16562e-43
xdutr.xtemp__xr2t2__1__par         1.03261e-42
xdutr.xbias__n2__par               2.47353e-19
xdutr.xtemp__xr2t3__1__par         2.25792e-42
xdutr.xbias__tok__par              2.34859e-19
xdutr.xtemp__xriso__1__par         3.98251e-20
xdutr.xtemp__xr2t4__1__par         4.70149e-42
xdutr.xtemp__xr1__1__par           1.99108e-18
xdutr.xtemp__xrz__1__par          -2.26258e-19
xdutr.xtemp__xrz__3__par          -2.26258e-19
xdutr.xtemp__xrz__5__par          -2.26258e-19
xdutr.xtemp__xrz__7__par          -2.26258e-19
xdutr.xtemp__xrz__9__par          -2.26258e-19
xdutr.xtemp__xr2f__1__par          8.48001e-41
xdutr.xtemp__xr2f__3__par          7.85422e-41
xdutr.xbias__noko__par            -5.25944e-19
xdutr.xtemp__xr2f__5__par          7.22844e-41
xdutr.xtemp__xr2f__7__par          6.60265e-41
xdutr.xtemp__xr2f__9__par          5.97686e-41
xdutr.xtemp__xr2f__11__par         5.35108e-41
xdutr.xtemp__xr2f__13__par         4.72529e-41
xdutr.xtemp__xr2f__15__par          4.0995e-41
xdutr.xtemp__xr2f__17__par         3.47372e-41
xdutr.xtemp__xr2f__19__par         2.84793e-41
xdutr.xtemp__xr2f__21__par         2.22214e-41
xdutr.xtemp__xr2f__23__par         1.59636e-41
xdutr.xbias__nokl__par            -3.61251e-19
xdutr.xtemp__xr2t5__1__par         9.58199e-42
xdutr.xbias__nkg__par             -4.88317e-19
xdutr.xbias__nb__par               1.30528e-18
xdutr.xcmp__vdda__par               3.6825e-20
xdutr.xcmp__na__par                1.00307e-20
xdutr.xcmp__cmpo__par              5.71854e-20
xdutr.xcmp__n1__par               -9.19044e-19
xdutr.xcmp__tn__par                4.38655e-19
xdutr.xcmp__sns__par                         0
xdutr.xcmp__nbg__par               1.59035e-18
xdutr.xcmp__snsb__par                        0
xdutr.xpor__pdn__par              -6.09807e-81
xdutr.xpor__ndl__par               2.81131e-53
xdutr.xpor__ndgn__par             -1.52407e-18
xdutr.xpor__pgdg__par             -1.51454e-18
xdutr.xpor__pgdgb__par            -1.85114e-19
xdutr.xpor__nd1__par               7.75008e-21
xdutr.xpor__nnand__par            -5.18363e-19
xdutr.xpor__ndgp__par              3.89097e-20
xdutr.xpor__nts__par               4.06935e-20
xdutr.xpor__rstb__par              7.42186e-19
xdutr.xbias__nkm__par              5.40389e-19
xdutr.xbias__nokx__par             4.19472e-19
xdutr.xbias__ks1__par              3.34278e-21
xdutr.xbias__ks2__par              3.60695e-20
xdutr.xbias__ks3__par             -2.91151e-19
xdutr.xbias__ks4__par              4.01716e-19
xdutr.xbias__nz__par               2.47353e-19
xdutr.xbias__ec__par               1.30528e-18
xdutr.xpor__ndg__par              -8.34278e-19
xdutr.xpor__tim__par              -5.79735e-19
xdutr.xpor__trip__par              4.57062e-31
xdutr.xbias__xr2__2__par           7.39172e-19
xdutr.xbias__xr2__4__par           7.39172e-19
xdutr.xbias__xr2__6__par           7.39172e-19
xdutr.xbias__xr2__8__par           7.39173e-19
xdutr.xbias__xr2__10__par          7.39173e-19
xdutr.xbias__xr2__12__par          7.39173e-19
xdutr.xbias__pg__par              -5.30388e-19
xdutr.xbias__xr2__14__par          7.39173e-19
xdutr.xbias__xrz__2__par           2.47353e-19
xdutr.xbias__xrt__1__par           1.30528e-18
xdutr.xbias__na__par               8.13078e-19
xdutr.xbias__er__par               7.39173e-19
xdutr.xbias__xrz__1__par           2.47353e-19
xdutr.xbias__xrz__3__par           2.47353e-19
xdutr.xbias__xr1__1__par           1.30528e-18
xdutr.xbias__xr2__13__par          7.39173e-19
xdutr.xbias__nbtop__par            1.30528e-18
xdutr.xbias__xr2__11__par          7.39173e-19
xdutr.xbias__xr2__1__par           7.39172e-19
xdutr.xbias__xr2__3__par           7.39172e-19
xdutr.xbias__xr2__5__par           7.39172e-19
xdutr.xbias__xr2__7__par           7.39172e-19
xdutr.xbias__xr2__9__par           7.39173e-19
xdutr.xbias__xr2__15__par          7.39173e-19
xdutr.xbias__nbg__par             -5.11266e-20
xdutr.xbias__pb__par                5.7331e-20
xdutr.bias_ok__par                 1.03966e-18
xdutr.xcmp__bias_okb__par         -5.02812e-19
xdutr.ctat__par                    3.98251e-20
xdutr.resetn__par                  1.69915e-18
xdutr.xtemp__enb__par             -9.03369e-19
xdutr.ibias__par                   1.07914e-19
xdutr.xtemp__m1d__par              3.12581e-20
xdutr.xtemp__m2d__par              7.25993e-19
xdutr.xtemp__m3d__par              9.06946e-37
xdutr.xtemp__n1__par              -2.25629e-18
xdutr.xtemp__n2__par              -2.26258e-19
xdutr.xtemp__na__par               3.98251e-20
xdutr.xtemp__nb__par               1.99108e-18
xdutr.xtemp__nbg__par             -2.60689e-18
xdutr.xtemp__nc__par               1.99108e-18
xdutr.xtemp__nd__par              -1.65953e-18
xdutr.xtemp__nr__par               5.34301e-19
xdutr.xtemp__nt__par              -1.03605e-18
xdutr.xtemp__nz__par              -2.26258e-19
xdutr.xtemp__pb__par               1.63019e-18
xdutr.xtemp__pcas__par             -2.9186e-19
xdutr.xtemp__pg__par              -1.20647e-19
xdutr.por_raw__par                 1.36518e-18
xdutr.ptat__par                    8.79291e-41
xdutr.xtemp__t0__par               2.10127e-43
xdutr.xtemp__t1__par               6.22997e-43
xdutr.xtemp__t2__par               1.44222e-42
xdutr.xtemp__t3__par               3.07363e-42
xdutr.xtemp__t4__par               6.32936e-42
xdutr.xtemp__t5__par               1.28346e-41
xdutr.vdd__par                               0
xdutr.vref__par                    7.39172e-19
xdutr.vss__par                               0
tk                                      398.15
btk#branch                         -3.9815e-07
vsupr#branch                       6.55121e-29
vsup#branch                        5.62134e-29

 Reference value :  5.83031e-05
 Reference value :  1.50463e-04
 Reference value :  1.95282e-04
 Reference value :  2.91761e-04
 Reference value :  3.46637e-04
 Reference value :  3.48160e-04
 Reference value :  3.59973e-04
 Reference value :  3.65393e-04
 Reference value :  3.80822e-04
 Reference value :  3.81578e-04
 Reference value :  3.97622e-04
 Reference value :  3.99036e-04
 Reference value :  8.38844e-04
 Reference value :  8.55311e-04
 Reference value :  8.60283e-04
 Reference value :  8.65988e-04
 Reference value :  8.71007e-04
 Reference value :  9.43960e-04
 Reference value :  9.45664e-04
 Reference value :  9.54596e-04
 Reference value :  9.57319e-04
 Reference value :  1.47569e-03
 Reference value :  2.79569e-03
 Reference value :  4.12569e-03
 Reference value :  5.44569e-03
 Reference value :  6.76569e-03
 Reference value :  7.73161e-03
 Reference value :  7.76395e-03
 Reference value :  7.76435e-03
 Reference value :  7.76561e-03
 Reference value :  7.76702e-03
 Reference value :  7.76852e-03
 Reference value :  7.79954e-03
 Reference value :  8.40128e-03
 Reference value :  8.43284e-03
 Reference value :  8.43328e-03
 Reference value :  8.43450e-03
 Reference value :  8.43589e-03
 Reference value :  8.43739e-03
 Reference value :  8.47377e-03
 Reference value :  9.60210e-03
 Reference value :  1.09221e-02
 Reference value :  1.21921e-02
 Reference value :  1.35121e-02
 Reference value :  1.48321e-02
 Reference value :  1.61521e-02
 Reference value :  1.74721e-02
 Reference value :  1.87921e-02
 Reference value :  2.01121e-02
 Reference value :  2.14321e-02
 Reference value :  2.27521e-02
 Reference value :  2.40721e-02
 Reference value :  2.53921e-02
 Reference value :  2.67221e-02
 Reference value :  2.80421e-02
 Reference value :  2.93621e-02
 Reference value :  3.06821e-02
 Reference value :  3.20000e-02
No. of Data Rows : 5354
iq_pre              =  -1.70064e-06 from=  1.50000e-03 to=  1.90569e-03
iq_post             =  -1.40931e-05 from=  2.80000e-02 to=  3.00021e-02
trel                =  7.76427e-03
vrst_post           =  2.97000e+00
vdd_post            =  2.97000e+00
vptat_post          =  1.71613e+00
vctat_post          =  4.81313e-01
vtk_post            =  3.98150e+02
vrstr_post          =  3.30000e+00
vptatr_post         =  1.71648e+00
vctatr_post         =  4.81314e-01
m_vptat_v = 1.7161300000e+00
m_vctat_v = 4.8131340000e-01
m_ptat_k_mvk = 4.3102599523e+00
m_terr_untrim_c = 1.3102306838e-01
m_terr_supply_c = -8.053207799e-02
m_vctat_supply_mv = -4.000000001e-04
m_vout_margin_v = 2.8131340000e-01
m_resetn_released_v = 2.9699990000e+00
m_resetn_ref_released_v = 3.2999990000e+00
m_t_release_ms = 7.7642660000e+00
m_iq_por_ua = 1.7006400000e+00
m_iq_total_ua = 1.4093110000e+01
m_temp_iq_ua = 1.2392470000e+01
Note: Simulation executed from .control section 

