
Note: No compatibility mode selected!


Circuit: * temp-accuracy-vt @ sf_-40c_3.63v -- generated by sim/harness, do not edit

Doing analysis at TEMP = -40.000000 and TNOM = 27.000000

Using SPARSE 1.3 as Direct Linear Solver

Initial Transient Solution
--------------------------

Node                                   Voltage
----                                   -------
vdd                                          0
ptat                              -6.39049e-78
ctat                               4.37626e-41
resetn                                       0
xdut.xbias__nbg                   -2.35639e-23
xdut.xbias__pb                     2.35639e-23
xdut.xbias__n1                     1.43068e-51
xdut.xbias__n2                    -2.69712e-27
xdut.xbias__pg                    -7.08413e-24
xdut.xbias__ks1                  -1.24646e-101
xdut.xbias__ks2                   2.30519e-101
xdut.xbias__ks3                  -2.80788e-101
xdut.xbias__ks4                   2.35631e-101
xdut.xbias__nkg                  -9.25825e-102
xdut.xbias__nkm                   -3.70378e-23
xdut.xbias__nokl                  -2.35639e-23
xdut.xbias__noko                  -1.57092e-23
xdut.xbias__nokx                  -3.70366e-23
xdut.bias_ok                       1.34739e-23
xdut.xcmp__na                      5.98575e-51
xdut.xcmp__sns                    3.28938e-317
xdut.xcmp__tn                     -1.67085e-52
xdut.xcmp__cmpo                    3.16011e-51
xdut.vref                         5.46415e-101
xdut.xcmp__nbg                    5.75086e-113
xdut.ibias                        -1.48804e-23
xdut.xcmp__bias_okb                          0
xdut.xcmp__snsb                   -2.5497e-318
xdut.xcmp__n1                                0
xdut.por_raw                       4.70273e-69
xdut.xpor__pdn                    -1.83226e-70
xdut.xpor__ndl                   -1.11672e-114
xdut.xpor__ndgn                   -7.55762e-23
xdut.xpor__ndg                     4.48416e-44
xdut.xpor__pgdg                              0
xdut.xpor__pgdgb                    3.7029e-79
xdut.xpor__tim                    -8.24676e-23
xdut.xpor__nd1                     5.51426e-23
xdut.xpor__trip                   -9.16519e-22
xdut.xpor__rstb                   -2.66549e-22
xdut.xpor__nnand                  -4.80118e-23
xdut.xtemp__n1                     9.15736e-37
xdut.xtemp__n2                    -2.11493e-35
xdut.xtemp__pg                    -5.80664e-36
xdut.xtemp__nbg                              0
xdut.xtemp__enb                   -1.14401e-62
xdut.xtemp__pb                   -2.88494e-132
xdut.xtemp__pcas                 -2.64763e-158
xdut.xtemp__nd                     8.05054e-78
xdut.xtemp__nr                    -2.78772e-88
xdut.xtemp__nt                     1.09905e-34
xdut.xtemp__t5                    -9.33608e-79
xdut.xtemp__t4                    -4.61112e-79
xdut.xtemp__t3                    -2.24437e-79
xdut.xtemp__t2                    -1.05672e-79
xdut.xtemp__t1                    -4.58722e-80
xdut.xtemp__t0                    -1.55757e-80
xdut.xbias__na                    4.13826e-111
xdut.xbias__nbtop                 1.25315e-101
xdut.xbias__nt                     1.09476e-47
xdut.xbias__nb                    1.25315e-101
xdut.xbias__tok                   -8.98263e-24
xdut.xcmp__vdda                   -2.36548e-50
xdut.xpor__ndgp                    1.52394e-48
xdut.xpor__nts                     8.27139e-23
xdut.xtemp__na                     4.37626e-41
xdut.xtemp__nb                     1.30225e-52
xdut.xtemp__m1d                   -2.00391e-40
xdut.xtemp__m2d                   -1.80127e-51
xdut.xtemp__m3d                    9.66773e-72
xdut.xbias__ec                    1.25315e-101
xdut.xbias__er                    5.46419e-101
xdut.xtemp__nc                     1.30225e-52
xdut.xbias__nz                    -2.69713e-27
xdut.xtemp__nz                    -2.11493e-35
xdut.x163.11                       1.30225e-52
xdut.x163.21                       1.30225e-52
xdut.xtemp__xr1__1                 1.30225e-52
xdut.x164.11                       1.30225e-52
xdut.x164.21                       1.30225e-52
xdut.x165.11                       4.37626e-41
xdut.x165.21                       4.37626e-41
xdut.xtemp__xriso__1               4.37626e-41
xdut.x166.11                       4.37626e-41
xdut.x166.21                       4.37626e-41
xdut.x167.11                      -2.11493e-35
xdut.x167.21                      -2.11493e-35
xdut.xtemp__xrz__1                -2.11493e-35
xdut.xtemp__xrz__2                -2.11493e-35
xdut.x168.11                      -2.11493e-35
xdut.x168.21                      -2.11493e-35
xdut.x169.11                      -2.11493e-35
xdut.x169.21                      -2.11493e-35
xdut.xtemp__xrz__3                -2.11493e-35
xdut.xtemp__xrz__4                -2.11493e-35
xdut.x170.11                      -2.11493e-35
xdut.x170.21                      -2.11493e-35
xdut.x171.11                      -2.11493e-35
xdut.x171.21                      -2.11493e-35
xdut.xtemp__xrz__5                -2.11493e-35
xdut.xtemp__xrz__6                -2.11493e-35
xdut.x172.11                      -2.11493e-35
xdut.x172.21                      -2.11493e-35
xdut.x173.11                      -2.11493e-35
xdut.x173.21                      -2.11493e-35
xdut.xtemp__xrz__7                -2.11493e-35
xdut.xtemp__xrz__8                -2.11493e-35
xdut.x174.11                      -2.11493e-35
xdut.x174.21                      -2.11493e-35
xdut.x175.11                      -2.11493e-35
xdut.x175.21                      -2.11493e-35
xdut.xtemp__xrz__9                -2.11493e-35
xdut.x176.11                      -2.11493e-35
xdut.x176.21                      -2.11493e-35
xdut.x177.11                      -6.39011e-78
xdut.x177.21                       -6.1635e-78
xdut.xtemp__xr2f__1               -6.16312e-78
xdut.xtemp__xr2f__2               -5.93575e-78
xdut.x178.11                      -5.93613e-78
xdut.x178.21                      -6.16274e-78
xdut.x179.11                      -5.93537e-78
xdut.x179.21                      -5.70876e-78
xdut.xtemp__xr2f__3               -5.70838e-78
xdut.xtemp__xr2f__4               -5.48101e-78
xdut.x180.11                      -5.48139e-78
xdut.x180.21                        -5.708e-78
xdut.x181.11                      -5.48063e-78
xdut.x181.21                      -5.25402e-78
xdut.xtemp__xr2f__5               -5.25364e-78
xdut.xtemp__xr2f__6               -5.02627e-78
xdut.x182.11                      -5.02665e-78
xdut.x182.21                      -5.25326e-78
xdut.x183.11                      -5.02589e-78
xdut.x183.21                      -4.79928e-78
xdut.xtemp__xr2f__7                -4.7989e-78
xdut.xtemp__xr2f__8               -4.57153e-78
xdut.x184.11                      -4.57191e-78
xdut.x184.21                      -4.79852e-78
xdut.x185.11                      -4.57115e-78
xdut.x185.21                      -4.34454e-78
xdut.xtemp__xr2f__9               -4.34416e-78
xdut.xtemp__xr2f__10              -4.11679e-78
xdut.x186.11                      -4.11717e-78
xdut.x186.21                      -4.34378e-78
xdut.x187.11                      -4.11641e-78
xdut.x187.21                       -3.8898e-78
xdut.xtemp__xr2f__11              -3.88942e-78
xdut.xtemp__xr2f__12              -3.66205e-78
xdut.x188.11                      -3.66243e-78
xdut.x188.21                      -3.88904e-78
xdut.x189.11                      -3.66167e-78
xdut.x189.21                      -3.43506e-78
xdut.xtemp__xr2f__13              -3.43468e-78
xdut.xtemp__xr2f__14              -3.20731e-78
xdut.x190.11                      -3.20769e-78
xdut.x190.21                       -3.4343e-78
xdut.x191.11                      -3.20693e-78
xdut.x191.21                      -2.98032e-78
xdut.xtemp__xr2f__15              -2.97994e-78
xdut.xtemp__xr2f__16              -2.75257e-78
xdut.x192.11                      -2.75295e-78
xdut.x192.21                      -2.97956e-78
xdut.x193.11                      -2.75219e-78
xdut.x193.21                      -2.52558e-78
xdut.xtemp__xr2f__17               -2.5252e-78
xdut.xtemp__xr2f__18              -2.29783e-78
xdut.x194.11                      -2.29821e-78
xdut.x194.21                      -2.52482e-78
xdut.x195.11                      -2.29745e-78
xdut.x195.21                      -2.07084e-78
xdut.xtemp__xr2f__19              -2.07046e-78
xdut.xtemp__xr2f__20              -1.84309e-78
xdut.x196.11                      -1.84347e-78
xdut.x196.21                      -2.07008e-78
xdut.x197.11                      -1.84271e-78
xdut.x197.21                       -1.6161e-78
xdut.xtemp__xr2f__21              -1.61572e-78
xdut.xtemp__xr2f__22              -1.38835e-78
xdut.x198.11                      -1.38873e-78
xdut.x198.21                      -1.61534e-78
xdut.x199.11                      -1.38796e-78
xdut.x199.21                      -1.16136e-78
xdut.xtemp__xr2f__23              -1.16098e-78
xdut.x200.11                       -9.3399e-79
xdut.x200.21                      -1.16059e-78
xdut.x201.11                      -9.33225e-79
xdut.x201.21                      -6.97743e-79
xdut.xtemp__xr2t5__1               -6.9736e-79
xdut.x202.11                      -4.61495e-79
xdut.x202.21                      -6.96977e-79
xdut.x203.11                      -4.60729e-79
xdut.x203.21                      -3.43157e-79
xdut.xtemp__xr2t4__1              -3.42774e-79
xdut.x204.11                       -2.2482e-79
xdut.x204.21                      -3.42392e-79
xdut.x205.11                      -2.24054e-79
xdut.x205.21                      -1.65437e-79
xdut.xtemp__xr2t3__1              -1.65054e-79
xdut.x206.11                      -1.06055e-79
xdut.x206.21                      -1.64671e-79
xdut.x207.11                      -1.05289e-79
xdut.x207.21                      -7.61549e-80
xdut.xtemp__xr2t2__1               -7.5772e-80
xdut.x208.11                      -4.62551e-80
xdut.x208.21                      -7.53891e-80
xdut.x209.11                      -4.54893e-80
xdut.x209.21                      -3.11068e-80
xdut.xtemp__xr2t1__1              -3.07239e-80
xdut.x210.11                      -1.59586e-80
xdut.x210.21                       -3.0341e-80
xdut.x211.11                      -1.51928e-80
xdut.x211.21                      -8.17074e-81
xdut.xtemp__xr2t0__1              -7.78784e-81
xdut.x212.11                      -3.82901e-82
xdut.x212.21                      -7.40494e-81
xdut.x213.11                      3.28937e-317
xdut.x213.21                      5.43472e-323
xdut.x214.11                     -2.54974e-318
xdut.x214.21                      3.28938e-317
xdut.x215.11                     -3.95253e-323
xdut.x215.21                     -2.54967e-318
xdut.x216.11                      5.46415e-101
xdut.x216.21                      5.46415e-101
xdut.xbias__xr2__1                5.46415e-101
xdut.xbias__xr2__2                5.46416e-101
xdut.x217.11                      5.46416e-101
xdut.x217.21                      5.46415e-101
xdut.x218.11                      5.46416e-101
xdut.x218.21                      5.46416e-101
xdut.xbias__xr2__3                5.46416e-101
xdut.xbias__xr2__4                5.46416e-101
xdut.x219.11                      5.46416e-101
xdut.x219.21                      5.46416e-101
xdut.x220.11                      5.46416e-101
xdut.x220.21                      5.46416e-101
xdut.xbias__xr2__5                5.46416e-101
xdut.xbias__xr2__6                5.46416e-101
xdut.x221.11                      5.46416e-101
xdut.x221.21                      5.46416e-101
xdut.x222.11                      5.46416e-101
xdut.x222.21                      5.46417e-101
xdut.xbias__xr2__7                5.46417e-101
xdut.xbias__xr2__8                5.46417e-101
xdut.x223.11                      5.46417e-101
xdut.x223.21                      5.46417e-101
xdut.x224.11                      5.46417e-101
xdut.x224.21                      5.46417e-101
xdut.xbias__xr2__9                5.46417e-101
xdut.xbias__xr2__10               5.46417e-101
xdut.x225.11                      5.46417e-101
xdut.x225.21                      5.46417e-101
xdut.x226.11                      5.46417e-101
xdut.x226.21                      5.46418e-101
xdut.xbias__xr2__11               5.46418e-101
xdut.xbias__xr2__12               5.46418e-101
xdut.x227.11                      5.46418e-101
xdut.x227.21                      5.46418e-101
xdut.x228.11                      5.46418e-101
xdut.x228.21                      5.46418e-101
xdut.xbias__xr2__13               5.46418e-101
xdut.xbias__xr2__14               5.46418e-101
xdut.x229.11                      5.46418e-101
xdut.x229.21                      5.46418e-101
xdut.x230.11                      5.46418e-101
xdut.x230.21                      5.46419e-101
xdut.xbias__xr2__15               5.46419e-101
xdut.x231.11                      5.46419e-101
xdut.x231.21                      5.46419e-101
xdut.x232.11                      -2.69713e-27
xdut.x232.21                      -2.69713e-27
xdut.xbias__xrz__1                -2.69713e-27
xdut.xbias__xrz__2                -2.69713e-27
xdut.x233.11                      -2.69713e-27
xdut.x233.21                      -2.69713e-27
xdut.x234.11                      -2.69713e-27
xdut.x234.21                      -2.69712e-27
xdut.xbias__xrz__3                -2.69712e-27
xdut.x235.11                      -2.69712e-27
xdut.x235.21                      -2.69712e-27
xdut.x236.11                      1.25315e-101
xdut.x236.21                      1.25315e-101
xdut.xbias__xr1__1                1.25315e-101
xdut.x237.11                      1.25315e-101
xdut.x237.21                      1.25315e-101
xdut.x238.11                      1.25315e-101
xdut.x238.21                      1.25315e-101
xdut.xbias__xrt__1                1.25315e-101
xdut.x239.11                      1.25315e-101
xdut.x239.21                      1.25315e-101
xdut.xtemp__xrz__2__par           -2.11493e-35
xdut.xtemp__xrz__4__par           -2.11493e-35
xdut.xtemp__xrz__6__par           -2.11493e-35
xdut.xtemp__xrz__8__par           -2.11493e-35
xdut.xtemp__xr2f__2__par          -5.93575e-78
xdut.xtemp__xr2f__4__par          -5.48101e-78
xdut.xtemp__xr2f__6__par          -5.02627e-78
xdut.xtemp__xr2f__8__par          -4.57153e-78
xdut.xbias__nt__par                1.09476e-47
xdut.xtemp__xr2f__10__par         -4.11679e-78
xdut.xtemp__xr2f__12__par         -3.66205e-78
xdut.xtemp__xr2f__14__par         -3.20731e-78
xdut.xtemp__xr2f__16__par         -2.75257e-78
xdut.xtemp__xr2f__18__par         -2.29783e-78
xdut.xtemp__xr2f__20__par         -1.84309e-78
xdut.xtemp__xr2f__22__par         -1.38835e-78
xdut.xbias__n1__par                1.43068e-51
xdut.xtemp__xr2t0__1__par         -7.78784e-81
xdut.xtemp__xr2t1__1__par         -3.07239e-80
xdut.xtemp__xr2t2__1__par          -7.5772e-80
xdut.xbias__n2__par               -2.69712e-27
xdut.xtemp__xr2t3__1__par         -1.65054e-79
xdut.xbias__tok__par              -8.98263e-24
xdut.xtemp__xriso__1__par          4.37626e-41
xdut.xtemp__xr2t4__1__par         -3.42774e-79
xdut.xtemp__xr1__1__par            1.30225e-52
xdut.xtemp__xrz__1__par           -2.11493e-35
xdut.xtemp__xrz__3__par           -2.11493e-35
xdut.xtemp__xrz__5__par           -2.11493e-35
xdut.xtemp__xrz__7__par           -2.11493e-35
xdut.xtemp__xrz__9__par           -2.11493e-35
xdut.xtemp__xr2f__1__par          -6.16312e-78
xdut.xtemp__xr2f__3__par          -5.70838e-78
xdut.xbias__noko__par             -1.57092e-23
xdut.xtemp__xr2f__5__par          -5.25364e-78
xdut.xtemp__xr2f__7__par           -4.7989e-78
xdut.xtemp__xr2f__9__par          -4.34416e-78
xdut.xtemp__xr2f__11__par         -3.88942e-78
xdut.xtemp__xr2f__13__par         -3.43468e-78
xdut.xtemp__xr2f__15__par         -2.97994e-78
xdut.xtemp__xr2f__17__par          -2.5252e-78
xdut.xtemp__xr2f__19__par         -2.07046e-78
xdut.xtemp__xr2f__21__par         -1.61572e-78
xdut.xtemp__xr2f__23__par         -1.16098e-78
xdut.xbias__nokl__par             -2.35639e-23
xdut.xtemp__xr2t5__1__par          -6.9736e-79
xdut.xbias__nkg__par             -9.25825e-102
xdut.xbias__nb__par               1.25315e-101
xdut.xcmp__vdda__par              -2.36548e-50
xdut.xcmp__na__par                 5.98575e-51
xdut.xcmp__cmpo__par               3.16011e-51
xdut.xcmp__n1__par                           0
xdut.xcmp__tn__par                -1.67085e-52
xdut.xcmp__sns__par               3.28938e-317
xdut.xcmp__nbg__par               5.75086e-113
xdut.xcmp__snsb__par              -2.5497e-318
xdut.xpor__pdn__par               -1.83226e-70
xdut.xpor__ndl__par              -1.11672e-114
xdut.xpor__ndgn__par              -7.55762e-23
xdut.xpor__pgdg__par                         0
xdut.xpor__pgdgb__par               3.7029e-79
xdut.xpor__nd1__par                5.51426e-23
xdut.xpor__nnand__par             -4.80118e-23
xdut.xpor__ndgp__par               1.52394e-48
xdut.xpor__nts__par                8.27139e-23
xdut.xpor__rstb__par              -2.66549e-22
xdut.xbias__nkm__par              -3.70378e-23
xdut.xbias__nokx__par             -3.70366e-23
xdut.xbias__ks1__par             -1.24646e-101
xdut.xbias__ks2__par              2.30519e-101
xdut.xbias__ks3__par             -2.80788e-101
xdut.xbias__ks4__par              2.35631e-101
xdut.xbias__nz__par               -2.69713e-27
xdut.xbias__ec__par               1.25315e-101
xdut.xpor__ndg__par                4.48416e-44
xdut.xpor__tim__par               -8.24676e-23
xdut.xpor__trip__par              -9.16519e-22
xdut.xbias__xr2__2__par           5.46416e-101
xdut.xbias__xr2__4__par           5.46416e-101
xdut.xbias__xr2__6__par           5.46416e-101
xdut.xbias__xr2__8__par           5.46417e-101
xdut.xbias__xr2__10__par          5.46417e-101
xdut.xbias__xr2__12__par          5.46418e-101
xdut.xbias__pg__par               -7.08413e-24
xdut.xbias__xr2__14__par          5.46418e-101
xdut.xbias__xrz__2__par           -2.69713e-27
xdut.xbias__xrt__1__par           1.25315e-101
xdut.xbias__na__par               4.13826e-111
xdut.xbias__er__par               5.46419e-101
xdut.xbias__xrz__1__par           -2.69713e-27
xdut.xbias__xrz__3__par           -2.69712e-27
xdut.xbias__xr1__1__par           1.25315e-101
xdut.xbias__xr2__13__par          5.46418e-101
xdut.xbias__nbtop__par            1.25315e-101
xdut.xbias__xr2__11__par          5.46418e-101
xdut.xbias__xr2__1__par           5.46415e-101
xdut.xbias__xr2__3__par           5.46416e-101
xdut.xbias__xr2__5__par           5.46416e-101
xdut.xbias__xr2__7__par           5.46417e-101
xdut.xbias__xr2__9__par           5.46417e-101
xdut.xbias__xr2__15__par          5.46419e-101
xdut.xbias__nbg__par              -2.35639e-23
xdut.xbias__pb__par                2.35639e-23
xdut.bias_ok__par                  1.34739e-23
xdut.xcmp__bias_okb__par                     0
xdut.ctat__par                     4.37626e-41
xdut.resetn__par                             0
xdut.xtemp__enb__par              -1.14401e-62
xdut.ibias__par                   -1.48804e-23
xdut.xtemp__m1d__par              -2.00391e-40
xdut.xtemp__m2d__par              -1.80127e-51
xdut.xtemp__m3d__par               9.66773e-72
xdut.xtemp__n1__par                9.15736e-37
xdut.xtemp__n2__par               -2.11493e-35
xdut.xtemp__na__par                4.37626e-41
xdut.xtemp__nb__par                1.30225e-52
xdut.xtemp__nbg__par                         0
xdut.xtemp__nc__par                1.30225e-52
xdut.xtemp__nd__par                8.05054e-78
xdut.xtemp__nr__par               -2.78772e-88
xdut.xtemp__nt__par                1.09905e-34
xdut.xtemp__nz__par               -2.11493e-35
xdut.xtemp__pb__par              -2.88494e-132
xdut.xtemp__pcas__par            -2.64763e-158
xdut.xtemp__pg__par               -5.80664e-36
xdut.por_raw__par                  4.70273e-69
xdut.ptat__par                    -6.39049e-78
xdut.xtemp__t0__par               -1.55757e-80
xdut.xtemp__t1__par               -4.58722e-80
xdut.xtemp__t2__par               -1.05672e-79
xdut.xtemp__t3__par               -2.24437e-79
xdut.xtemp__t4__par               -4.61112e-79
xdut.xtemp__t5__par               -9.33608e-79
xdut.vdd__par                                0
xdut.vref__par                    5.46415e-101
xdut.vss__par                                0
vddr                                         0
ptatr                             -6.09858e-78
ctatr                              4.72421e-41
resetnr                                      0
xdutr.xbias__nbg                  -2.35639e-23
xdutr.xbias__pb                    2.35639e-23
xdutr.xbias__n1                    2.29971e-66
xdutr.xbias__n2                   -2.69716e-27
xdutr.xbias__pg                   -7.08413e-24
xdutr.xbias__ks1                 -1.25042e-101
xdutr.xbias__ks2                  2.31234e-101
xdutr.xbias__ks3                 -2.81637e-101
xdutr.xbias__ks4                   2.3633e-101
xdutr.xbias__nkg                 -9.28542e-102
xdutr.xbias__nkm                   3.70378e-23
xdutr.xbias__nokl                 -2.35639e-23
xdutr.xbias__noko                 -1.57092e-23
xdutr.xbias__nokx                 -3.70366e-23
xdutr.bias_ok                      1.34739e-23
xdutr.xcmp__na                     1.21312e-51
xdutr.xcmp__sns                              0
xdutr.xcmp__tn                    -3.40286e-53
xdutr.xcmp__cmpo                   6.19135e-52
xdutr.vref                        5.45251e-101
xdutr.xcmp__nbg                   5.75086e-113
xdutr.ibias                       -1.48804e-23
xdutr.xcmp__bias_okb                         0
xdutr.xcmp__snsb                             0
xdutr.xcmp__n1                               0
xdutr.por_raw                      4.74806e-69
xdutr.xpor__pdn                   -1.44807e-69
xdutr.xpor__ndl                  -1.45369e-114
xdutr.xpor__ndgn                  -7.55762e-23
xdutr.xpor__ndg                    4.48416e-44
xdutr.xpor__pgdg                             0
xdutr.xpor__pgdgb                  6.02167e-79
xdutr.xpor__tim                   -8.24676e-23
xdutr.xpor__nd1                    5.51426e-23
xdutr.xpor__trip                  -5.97402e-22
xdutr.xpor__rstb                   5.76434e-22
xdutr.xpor__nnand                  4.34143e-23
xdutr.xtemp__n1                    -6.5522e-35
xdutr.xtemp__n2                    9.34755e-36
xdutr.xtemp__pg                    -5.6902e-36
xdutr.xtemp__nbg                             0
xdutr.xtemp__enb                  -1.14863e-62
xdutr.xtemp__pb                  -4.07219e-132
xdutr.xtemp__pcas                -4.61022e-159
xdutr.xtemp__nd                    6.83718e-78
xdutr.xtemp__nr                   -3.07829e-88
xdutr.xtemp__nt                    1.58666e-34
xdutr.xtemp__t5                   -8.90961e-79
xdutr.xtemp__t4                   -4.40049e-79
xdutr.xtemp__t3                   -2.14185e-79
xdutr.xtemp__t2                   -1.00845e-79
xdutr.xtemp__t1                   -4.37768e-80
xdutr.xtemp__t0                   -1.48642e-80
xdutr.xbias__na                   2.39445e-112
xdutr.xbias__nbtop                1.25265e-101
xdutr.xbias__nt                   -1.09476e-47
xdutr.xbias__nb                   1.25265e-101
xdutr.xbias__tok                  -8.98263e-24
xdutr.xcmp__vdda                  -4.66912e-51
xdutr.xpor__ndgp                   1.52394e-48
xdutr.xpor__nts                    8.27139e-23
xdutr.xtemp__na                    4.72421e-41
xdutr.xtemp__nb                    1.29947e-52
xdutr.xtemp__m1d                  -2.16374e-40
xdutr.xtemp__m2d                  -1.79974e-51
xdutr.xtemp__m3d                   9.22612e-72
xdutr.xbias__ec                   1.25265e-101
xdutr.xbias__er                   5.45255e-101
xdutr.xtemp__nc                    1.29947e-52
xdutr.xbias__nz                   -2.69717e-27
xdutr.xtemp__nz                    9.34755e-36
xdutr.x163.11                      1.29947e-52
xdutr.x163.21                      1.29947e-52
xdutr.xtemp__xr1__1                1.29947e-52
xdutr.x164.11                      1.29947e-52
xdutr.x164.21                      1.29947e-52
xdutr.x165.11                      4.72421e-41
xdutr.x165.21                      4.72421e-41
xdutr.xtemp__xriso__1              4.72421e-41
xdutr.x166.11                      4.72421e-41
xdutr.x166.21                      4.72421e-41
xdutr.x167.11                      9.34755e-36
xdutr.x167.21                      9.34755e-36
xdutr.xtemp__xrz__1                9.34755e-36
xdutr.xtemp__xrz__2                9.34755e-36
xdutr.x168.11                      9.34755e-36
xdutr.x168.21                      9.34755e-36
xdutr.x169.11                      9.34755e-36
xdutr.x169.21                      9.34755e-36
xdutr.xtemp__xrz__3                9.34755e-36
xdutr.xtemp__xrz__4                9.34755e-36
xdutr.x170.11                      9.34755e-36
xdutr.x170.21                      9.34755e-36
xdutr.x171.11                      9.34755e-36
xdutr.x171.21                      9.34755e-36
xdutr.xtemp__xrz__5                9.34755e-36
xdutr.xtemp__xrz__6                9.34755e-36
xdutr.x172.11                      9.34755e-36
xdutr.x172.21                      9.34755e-36
xdutr.x173.11                      9.34755e-36
xdutr.x173.21                      9.34755e-36
xdutr.xtemp__xrz__7                9.34755e-36
xdutr.xtemp__xrz__8                9.34755e-36
xdutr.x174.11                      9.34755e-36
xdutr.x174.21                      9.34755e-36
xdutr.x175.11                      9.34755e-36
xdutr.x175.21                      9.34755e-36
xdutr.xtemp__xrz__9                9.34755e-36
xdutr.x176.11                      9.34755e-36
xdutr.x176.21                      9.34755e-36
xdutr.x177.11                     -6.09821e-78
xdutr.x177.21                     -5.88196e-78
xdutr.xtemp__xr2f__1              -5.88159e-78
xdutr.xtemp__xr2f__2              -5.66461e-78
xdutr.x178.11                     -5.66497e-78
xdutr.x178.21                     -5.88123e-78
xdutr.x179.11                     -5.66424e-78
xdutr.x179.21                     -5.44799e-78
xdutr.xtemp__xr2f__3              -5.44763e-78
xdutr.xtemp__xr2f__4              -5.23064e-78
xdutr.x180.11                     -5.23101e-78
xdutr.x180.21                     -5.44726e-78
xdutr.x181.11                     -5.23028e-78
xdutr.x181.21                     -5.01402e-78
xdutr.xtemp__xr2f__5              -5.01366e-78
xdutr.xtemp__xr2f__6              -4.79667e-78
xdutr.x182.11                     -4.79704e-78
xdutr.x182.21                     -5.01329e-78
xdutr.x183.11                     -4.79631e-78
xdutr.x183.21                     -4.58005e-78
xdutr.xtemp__xr2f__7              -4.57969e-78
xdutr.xtemp__xr2f__8              -4.36271e-78
xdutr.x184.11                     -4.36307e-78
xdutr.x184.21                     -4.57932e-78
xdutr.x185.11                     -4.36234e-78
xdutr.x185.21                     -4.14609e-78
xdutr.xtemp__xr2f__9              -4.14572e-78
xdutr.xtemp__xr2f__10             -3.92874e-78
xdutr.x186.11                      -3.9291e-78
xdutr.x186.21                     -4.14536e-78
xdutr.x187.11                     -3.92837e-78
xdutr.x187.21                     -3.71212e-78
xdutr.xtemp__xr2f__11             -3.71175e-78
xdutr.xtemp__xr2f__12             -3.49477e-78
xdutr.x188.11                     -3.49513e-78
xdutr.x188.21                     -3.71139e-78
xdutr.x189.11                      -3.4944e-78
xdutr.x189.21                     -3.27815e-78
xdutr.xtemp__xr2f__13             -3.27779e-78
xdutr.xtemp__xr2f__14              -3.0608e-78
xdutr.x190.11                     -3.06117e-78
xdutr.x190.21                     -3.27742e-78
xdutr.x191.11                     -3.06044e-78
xdutr.x191.21                     -2.84418e-78
xdutr.xtemp__xr2f__15             -2.84382e-78
xdutr.xtemp__xr2f__16             -2.62683e-78
xdutr.x192.11                      -2.6272e-78
xdutr.x192.21                     -2.84345e-78
xdutr.x193.11                     -2.62647e-78
xdutr.x193.21                     -2.41021e-78
xdutr.xtemp__xr2f__17             -2.40985e-78
xdutr.xtemp__xr2f__18             -2.19287e-78
xdutr.x194.11                     -2.19323e-78
xdutr.x194.21                     -2.40948e-78
xdutr.x195.11                      -2.1925e-78
xdutr.x195.21                     -1.97625e-78
xdutr.xtemp__xr2f__19             -1.97588e-78
xdutr.xtemp__xr2f__20              -1.7589e-78
xdutr.x196.11                     -1.75926e-78
xdutr.x196.21                     -1.97552e-78
xdutr.x197.11                     -1.75853e-78
xdutr.x197.21                     -1.54228e-78
xdutr.xtemp__xr2f__21             -1.54191e-78
xdutr.xtemp__xr2f__22             -1.32493e-78
xdutr.x198.11                     -1.32529e-78
xdutr.x198.21                     -1.54155e-78
xdutr.x199.11                     -1.32456e-78
xdutr.x199.21                     -1.10831e-78
xdutr.xtemp__xr2f__23             -1.10794e-78
xdutr.x200.11                     -8.91326e-79
xdutr.x200.21                     -1.10758e-78
xdutr.x201.11                     -8.90596e-79
xdutr.x201.21                      -6.6587e-79
xdutr.xtemp__xr2t5__1             -6.65505e-79
xdutr.x202.11                     -4.40414e-79
xdutr.x202.21                     -6.65139e-79
xdutr.x203.11                     -4.39683e-79
xdutr.x203.21                     -3.27482e-79
xdutr.xtemp__xr2t4__1             -3.27117e-79
xdutr.x204.11                      -2.1455e-79
xdutr.x204.21                     -3.26751e-79
xdutr.x205.11                     -2.13819e-79
xdutr.x205.21                      -1.5788e-79
xdutr.xtemp__xr2t3__1             -1.57515e-79
xdutr.x206.11                      -1.0121e-79
xdutr.x206.21                     -1.57149e-79
xdutr.x207.11                     -1.00479e-79
xdutr.x207.21                     -7.26762e-80
xdutr.xtemp__xr2t2__1             -7.23108e-80
xdutr.x208.11                     -4.41422e-80
xdutr.x208.21                     -7.19454e-80
xdutr.x209.11                     -4.34114e-80
xdutr.x209.21                     -2.96859e-80
xdutr.xtemp__xr2t1__1             -2.93205e-80
xdutr.x210.11                     -1.52296e-80
xdutr.x210.21                     -2.89551e-80
xdutr.x211.11                     -1.44988e-80
xdutr.x211.21                     -7.79751e-81
xdutr.xtemp__xr2t0__1              -7.4321e-81
xdutr.x212.11                      -3.6541e-82
xdutr.x212.21                     -7.06669e-81
xdutr.x213.11                                0
xdutr.x213.21                                0
xdutr.x214.11                                0
xdutr.x214.21                                0
xdutr.x215.11                                0
xdutr.x215.21                                0
xdutr.x216.11                     5.45251e-101
xdutr.x216.21                     5.45252e-101
xdutr.xbias__xr2__1               5.45252e-101
xdutr.xbias__xr2__2               5.45252e-101
xdutr.x217.11                     5.45252e-101
xdutr.x217.21                     5.45252e-101
xdutr.x218.11                     5.45252e-101
xdutr.x218.21                     5.45252e-101
xdutr.xbias__xr2__3               5.45252e-101
xdutr.xbias__xr2__4               5.45252e-101
xdutr.x219.11                     5.45252e-101
xdutr.x219.21                     5.45252e-101
xdutr.x220.11                     5.45252e-101
xdutr.x220.21                     5.45253e-101
xdutr.xbias__xr2__5               5.45253e-101
xdutr.xbias__xr2__6               5.45253e-101
xdutr.x221.11                     5.45253e-101
xdutr.x221.21                     5.45253e-101
xdutr.x222.11                     5.45253e-101
xdutr.x222.21                     5.45253e-101
xdutr.xbias__xr2__7               5.45253e-101
xdutr.xbias__xr2__8               5.45253e-101
xdutr.x223.11                     5.45253e-101
xdutr.x223.21                     5.45253e-101
xdutr.x224.11                     5.45253e-101
xdutr.x224.21                     5.45254e-101
xdutr.xbias__xr2__9               5.45254e-101
xdutr.xbias__xr2__10              5.45254e-101
xdutr.x225.11                     5.45254e-101
xdutr.x225.21                     5.45254e-101
xdutr.x226.11                     5.45254e-101
xdutr.x226.21                     5.45254e-101
xdutr.xbias__xr2__11              5.45254e-101
xdutr.xbias__xr2__12              5.45254e-101
xdutr.x227.11                     5.45254e-101
xdutr.x227.21                     5.45254e-101
xdutr.x228.11                     5.45254e-101
xdutr.x228.21                     5.45255e-101
xdutr.xbias__xr2__13              5.45255e-101
xdutr.xbias__xr2__14              5.45255e-101
xdutr.x229.11                     5.45255e-101
xdutr.x229.21                     5.45255e-101
xdutr.x230.11                     5.45255e-101
xdutr.x230.21                     5.45255e-101
xdutr.xbias__xr2__15              5.45255e-101
xdutr.x231.11                     5.45255e-101
xdutr.x231.21                     5.45255e-101
xdutr.x232.11                     -2.69717e-27
xdutr.x232.21                     -2.69717e-27
xdutr.xbias__xrz__1               -2.69717e-27
xdutr.xbias__xrz__2               -2.69717e-27
xdutr.x233.11                     -2.69717e-27
xdutr.x233.21                     -2.69717e-27
xdutr.x234.11                     -2.69717e-27
xdutr.x234.21                     -2.69717e-27
xdutr.xbias__xrz__3               -2.69717e-27
xdutr.x235.11                     -2.69716e-27
xdutr.x235.21                     -2.69717e-27
xdutr.x236.11                     1.25265e-101
xdutr.x236.21                     1.25265e-101
xdutr.xbias__xr1__1               1.25265e-101
xdutr.x237.11                     1.25265e-101
xdutr.x237.21                     1.25265e-101
xdutr.x238.11                     1.25265e-101
xdutr.x238.21                     1.25265e-101
xdutr.xbias__xrt__1               1.25265e-101
xdutr.x239.11                     1.25265e-101
xdutr.x239.21                     1.25265e-101
xdutr.xtemp__xrz__2__par           9.34755e-36
xdutr.xtemp__xrz__4__par           9.34755e-36
xdutr.xtemp__xrz__6__par           9.34755e-36
xdutr.xtemp__xrz__8__par           9.34755e-36
xdutr.xtemp__xr2f__2__par         -5.66461e-78
xdutr.xtemp__xr2f__4__par         -5.23064e-78
xdutr.xtemp__xr2f__6__par         -4.79667e-78
xdutr.xtemp__xr2f__8__par         -4.36271e-78
xdutr.xbias__nt__par              -1.09476e-47
xdutr.xtemp__xr2f__10__par        -3.92874e-78
xdutr.xtemp__xr2f__12__par        -3.49477e-78
xdutr.xtemp__xr2f__14__par         -3.0608e-78
xdutr.xtemp__xr2f__16__par        -2.62683e-78
xdutr.xtemp__xr2f__18__par        -2.19287e-78
xdutr.xtemp__xr2f__20__par         -1.7589e-78
xdutr.xtemp__xr2f__22__par        -1.32493e-78
xdutr.xbias__n1__par               2.29971e-66
xdutr.xtemp__xr2t0__1__par         -7.4321e-81
xdutr.xtemp__xr2t1__1__par        -2.93205e-80
xdutr.xtemp__xr2t2__1__par        -7.23108e-80
xdutr.xbias__n2__par              -2.69716e-27
xdutr.xtemp__xr2t3__1__par        -1.57515e-79
xdutr.xbias__tok__par             -8.98263e-24
xdutr.xtemp__xriso__1__par         4.72421e-41
xdutr.xtemp__xr2t4__1__par        -3.27117e-79
xdutr.xtemp__xr1__1__par           1.29947e-52
xdutr.xtemp__xrz__1__par           9.34755e-36
xdutr.xtemp__xrz__3__par           9.34755e-36
xdutr.xtemp__xrz__5__par           9.34755e-36
xdutr.xtemp__xrz__7__par           9.34755e-36
xdutr.xtemp__xrz__9__par           9.34755e-36
xdutr.xtemp__xr2f__1__par         -5.88159e-78
xdutr.xtemp__xr2f__3__par         -5.44763e-78
xdutr.xbias__noko__par            -1.57092e-23
xdutr.xtemp__xr2f__5__par         -5.01366e-78
xdutr.xtemp__xr2f__7__par         -4.57969e-78
xdutr.xtemp__xr2f__9__par         -4.14572e-78
xdutr.xtemp__xr2f__11__par        -3.71175e-78
xdutr.xtemp__xr2f__13__par        -3.27779e-78
xdutr.xtemp__xr2f__15__par        -2.84382e-78
xdutr.xtemp__xr2f__17__par        -2.40985e-78
xdutr.xtemp__xr2f__19__par        -1.97588e-78
xdutr.xtemp__xr2f__21__par        -1.54191e-78
xdutr.xtemp__xr2f__23__par        -1.10794e-78
xdutr.xbias__nokl__par            -2.35639e-23
xdutr.xtemp__xr2t5__1__par        -6.65505e-79
xdutr.xbias__nkg__par            -9.28542e-102
xdutr.xbias__nb__par              1.25265e-101
xdutr.xcmp__vdda__par             -4.66912e-51
xdutr.xcmp__na__par                1.21312e-51
xdutr.xcmp__cmpo__par              6.19135e-52
xdutr.xcmp__n1__par                          0
xdutr.xcmp__tn__par               -3.40286e-53
xdutr.xcmp__sns__par                         0
xdutr.xcmp__nbg__par              5.75086e-113
xdutr.xcmp__snsb__par                        0
xdutr.xpor__pdn__par              -1.44807e-69
xdutr.xpor__ndl__par             -1.45369e-114
xdutr.xpor__ndgn__par             -7.55762e-23
xdutr.xpor__pgdg__par                        0
xdutr.xpor__pgdgb__par             6.02167e-79
xdutr.xpor__nd1__par               5.51426e-23
xdutr.xpor__nnand__par             4.34143e-23
xdutr.xpor__ndgp__par              1.52394e-48
xdutr.xpor__nts__par               8.27139e-23
xdutr.xpor__rstb__par              5.76434e-22
xdutr.xbias__nkm__par              3.70378e-23
xdutr.xbias__nokx__par            -3.70366e-23
xdutr.xbias__ks1__par            -1.25042e-101
xdutr.xbias__ks2__par             2.31234e-101
xdutr.xbias__ks3__par            -2.81637e-101
xdutr.xbias__ks4__par              2.3633e-101
xdutr.xbias__nz__par              -2.69717e-27
xdutr.xbias__ec__par              1.25265e-101
xdutr.xpor__ndg__par               4.48416e-44
xdutr.xpor__tim__par              -8.24676e-23
xdutr.xpor__trip__par             -5.97402e-22
xdutr.xbias__xr2__2__par          5.45252e-101
xdutr.xbias__xr2__4__par          5.45252e-101
xdutr.xbias__xr2__6__par          5.45253e-101
xdutr.xbias__xr2__8__par          5.45253e-101
xdutr.xbias__xr2__10__par         5.45254e-101
xdutr.xbias__xr2__12__par         5.45254e-101
xdutr.xbias__pg__par              -7.08413e-24
xdutr.xbias__xr2__14__par         5.45255e-101
xdutr.xbias__xrz__2__par          -2.69717e-27
xdutr.xbias__xrt__1__par          1.25265e-101
xdutr.xbias__na__par              2.39445e-112
xdutr.xbias__er__par              5.45255e-101
xdutr.xbias__xrz__1__par          -2.69717e-27
xdutr.xbias__xrz__3__par          -2.69717e-27
xdutr.xbias__xr1__1__par          1.25265e-101
xdutr.xbias__xr2__13__par         5.45255e-101
xdutr.xbias__nbtop__par           1.25265e-101
xdutr.xbias__xr2__11__par         5.45254e-101
xdutr.xbias__xr2__1__par          5.45252e-101
xdutr.xbias__xr2__3__par          5.45252e-101
xdutr.xbias__xr2__5__par          5.45253e-101
xdutr.xbias__xr2__7__par          5.45253e-101
xdutr.xbias__xr2__9__par          5.45254e-101
xdutr.xbias__xr2__15__par         5.45255e-101
xdutr.xbias__nbg__par             -2.35639e-23
xdutr.xbias__pb__par               2.35639e-23
xdutr.bias_ok__par                 1.34739e-23
xdutr.xcmp__bias_okb__par                    0
xdutr.ctat__par                    4.72421e-41
xdutr.resetn__par                            0
xdutr.xtemp__enb__par             -1.14863e-62
xdutr.ibias__par                  -1.48804e-23
xdutr.xtemp__m1d__par             -2.16374e-40
xdutr.xtemp__m2d__par             -1.79974e-51
xdutr.xtemp__m3d__par              9.22612e-72
xdutr.xtemp__n1__par               -6.5522e-35
xdutr.xtemp__n2__par               9.34755e-36
xdutr.xtemp__na__par               4.72421e-41
xdutr.xtemp__nb__par               1.29947e-52
xdutr.xtemp__nbg__par                        0
xdutr.xtemp__nc__par               1.29947e-52
xdutr.xtemp__nd__par               6.83718e-78
xdutr.xtemp__nr__par              -3.07829e-88
xdutr.xtemp__nt__par               1.58666e-34
xdutr.xtemp__nz__par               9.34755e-36
xdutr.xtemp__pb__par             -4.07219e-132
xdutr.xtemp__pcas__par           -4.61022e-159
xdutr.xtemp__pg__par               -5.6902e-36
xdutr.por_raw__par                 4.74806e-69
xdutr.ptat__par                   -6.09858e-78
xdutr.xtemp__t0__par              -1.48642e-80
xdutr.xtemp__t1__par              -4.37768e-80
xdutr.xtemp__t2__par              -1.00845e-79
xdutr.xtemp__t3__par              -2.14185e-79
xdutr.xtemp__t4__par              -4.40049e-79
xdutr.xtemp__t5__par              -8.90961e-79
xdutr.vdd__par                               0
xdutr.vref__par                   5.45251e-101
xdutr.vss__par                               0
tk                                      233.15
btk#branch                         -2.3315e-07
vsupr#branch                      -1.04578e-34
vsup#branch                        1.07653e-33

 Reference value :  1.42671e-04
 Reference value :  1.82989e-04
 Reference value :  1.99745e-04
 Reference value :  2.18878e-04
 Reference value :  3.23731e-04
 Reference value :  3.92999e-04
 Reference value :  4.45304e-04
 Reference value :  4.45759e-04
 Reference value :  4.49575e-04
 Reference value :  4.80041e-04
 Reference value :  4.80538e-04
 Reference value :  4.88577e-04
 Reference value :  4.88747e-04
 Reference value :  4.94984e-04
 Reference value :  5.23548e-04
 Reference value :  5.23947e-04
 Reference value :  6.90833e-04
 Reference value :  7.89637e-04
 Reference value :  7.89805e-04
 Reference value :  8.04784e-04
 Reference value :  8.05213e-04
 Reference value :  8.43743e-04
 Reference value :  8.62219e-04
 Reference value :  8.62488e-04
 Reference value :  8.77579e-04
 Reference value :  8.77894e-04
 Reference value :  1.00197e-03
 Reference value :  2.10879e-03
 Reference value :  3.32879e-03
 Reference value :  4.57879e-03
 Reference value :  5.81879e-03
 Reference value :  7.04879e-03
 Reference value :  8.26879e-03
 Reference value :  9.50879e-03
 Reference value :  1.07788e-02
 Reference value :  1.19788e-02
 Reference value :  1.24086e-02
 Reference value :  1.24146e-02
 Reference value :  1.24147e-02
 Reference value :  1.24161e-02
 Reference value :  1.24204e-02
 Reference value :  1.24209e-02
 Reference value :  1.24240e-02
 Reference value :  1.24328e-02
 Reference value :  1.32428e-02
 Reference value :  1.33503e-02
 Reference value :  1.33522e-02
 Reference value :  1.33524e-02
 Reference value :  1.33551e-02
 Reference value :  1.33580e-02
 Reference value :  1.33598e-02
 Reference value :  1.33623e-02
 Reference value :  1.36438e-02
 Reference value :  1.49238e-02
 Reference value :  1.62038e-02
 Reference value :  1.74938e-02
 Reference value :  1.87738e-02
 Reference value :  2.00538e-02
 Reference value :  2.13338e-02
 Reference value :  2.26138e-02
 Reference value :  2.38938e-02
 Reference value :  2.51738e-02
 Reference value :  2.64638e-02
 Reference value :  2.77538e-02
 Reference value :  2.90338e-02
 Reference value :  3.03138e-02
 Reference value :  3.15938e-02
No. of Data Rows : 5745
iq_pre              =  -8.72156e-07 from=  1.50000e-03 to=  1.90879e-03
iq_post             =  -7.95496e-06 from=  2.80000e-02 to=  3.00038e-02
trel                =  1.33522e-02
vrst_post           =  3.63000e+00
vdd_post            =  3.63000e+00
vptat_post          =  1.00449e+00
vctat_post          =  7.75786e-01
vtk_post            =  2.33150e+02
vrstr_post          =  3.30000e+00
vptatr_post         =  1.00447e+00
vctatr_post         =  7.75786e-01
m_vptat_v = 1.0044920000e+00
m_vctat_v = 7.7578650000e-01
m_ptat_k_mvk = 4.3083508471e+00
m_terr_untrim_c = -2.657611952e-02
m_terr_supply_c = 6.0341038265e-03
m_vctat_supply_mv = 4.0000000001e-04
m_vout_margin_v = 5.7578650000e-01
m_resetn_released_v = 3.6300000000e+00
m_resetn_ref_released_v = 3.3000000000e+00
m_t_release_ms = 1.3352220000e+01
m_iq_por_ua = 8.7215620000e-01
m_iq_total_ua = 7.9549560000e+00
m_temp_iq_ua = 7.0827998000e+00
Note: Simulation executed from .control section 

