
Note: No compatibility mode selected!


Circuit: * por-output-chain-pulse @ ff_27c_3.63v -- generated by sim/harness, do not edit

Doing analysis at TEMP = 27.000000 and TNOM = 27.000000

Using SPARSE 1.3 as Direct Linear Solver

Initial Transient Solution
--------------------------

Node                                   Voltage
----                                   -------
vdd                                          0
por_raw                                      0
nib1                               -7.4108e-20
ibias1                             -7.4108e-20
nib2                               -7.4108e-20
ibias2                             -7.4108e-20
vdd1                                         0
vdd2                                         0
resetn1                            1.19083e-18
resetn2                           -3.90421e-18
xdut1.pdn__t0                     -1.05789e-28
xdut1.ibias__t0                    -7.4108e-20
xdut1.vss__t0                      9.06518e-40
xdut1.pgdgb__t2                    1.91735e-19
xdut1.pgdg__t3                    -9.78929e-19
xdut1.vss__t1                     -5.67363e-31
xdut1.nd1__t1                     -3.04347e-20
xdut1.ndl__t0                      3.21643e-22
xdut1.vss__t2                      8.34873e-31
xdut1.ndg__t2                     -4.94881e-18
xdut1.por_raw__t1                            0
xdut1.ndgn__t0                      4.4678e-19
xdut1.tim__t4                      3.13644e-19
xdut1.pgdgb__t3                    1.91735e-19
xdut1.vss__t3                      -1.1128e-30
xdut1.trip__t3                     9.85819e-20
xdut1.nd1__t3                     -3.04347e-20
xdut1.vss__t16                    -5.89947e-31
xdut1.nd1__t2                     -3.04347e-20
xdut1.resetn__t2                   1.19083e-18
xdut1.vss__t15                    -1.36067e-30
xdut1.ndl__t1                      3.21643e-22
xdut1.ndl__t2                      3.21643e-22
xdut1.vss__t4                     -1.83794e-33
xdut1.pgdg__t4                    -9.78929e-19
xdut1.ndg__t3                     -4.94881e-18
xdut1.vss__t5                      3.22798e-30
xdut1.rstb__t4                    -1.32859e-18
xdut1.trip__t1                     9.85819e-20
xdut1.nnand__t1                    7.67006e-18
xdut1.nnand__t0                    7.67006e-18
xdut1.pgdg__t5                    -9.78929e-19
xdut1.vss__t14                    -3.55166e-29
xdut1.ibias__t1                    -7.4108e-20
xdut1.ibias__t2                    -7.4108e-20
xdut1.vss__t6                      4.65671e-31
xdut1.ndgn__t1                      4.4678e-19
xdut1.ndl__t3                      3.21643e-22
xdut1.vss__t7                      1.64241e-29
xdut1.resetn__t0                   1.19083e-18
xdut1.rstb__t0                    -1.32859e-18
xdut1.vss__t8                     -3.68722e-29
xdut1.nts__t0                     -2.20906e-20
xdut1.pdn__t1                     -1.05789e-28
xdut1.vdd__t0                     -1.08381e-33
xdut1.trip__t2                     9.85819e-20
xdut1.pdn__t6                     -1.05789e-28
xdut1.vdd__t11                     1.41397e-33
xdut1.pgdg__t0                    -9.78929e-19
xdut1.ndg__t0                     -4.94881e-18
xdut1.vdd__t1                      5.78647e-32
xdut1.rstb__t5                    -1.32859e-18
xdut1.resetn__t3                   1.19083e-18
xdut1.vdd__t10                    -9.17946e-32
xdut1.ndg__t1                     -4.94881e-18
xdut1.por_raw__t0                            0
xdut1.ndgp__t0                    -3.64228e-19
xdut1.resetn__t1                   1.19083e-18
xdut1.rstb__t1                    -1.32859e-18
xdut1.vdd__t2                     -1.16714e-29
xdut1.pdn__t2                     -1.05789e-28
xdut1.pdn__t3                     -1.05789e-28
xdut1.vdd__t9                      2.75273e-40
xdut1.ndl__t4                      3.21643e-22
xdut1.pdn__t5                     -1.05789e-28
xdut1.vdd__t3                     -8.36127e-35
xdut1.pgdgb__t0                    1.91735e-19
xdut1.pgdg__t1                    -9.78929e-19
xdut1.vdd__t4                     -1.86645e-31
xdut1.tim__t5                      3.13644e-19
xdut1.pgdgb__t1                    1.91735e-19
xdut1.nts__t1                     -2.20906e-20
xdut1.nd1__t0                     -3.04347e-20
xdut1.tim__t6                      3.13644e-19
xdut1.vdd__t5                      7.22671e-31
xdut1.rstb__t2                    -1.32859e-18
xdut1.trip__t0                     9.85819e-20
xdut1.vdd__t6                     -1.96702e-30
xdut1.rstb__t3                    -1.32859e-18
xdut1.pgdg__t2                    -9.78929e-19
xdut1.vdd__t8                     -2.25937e-30
xdut1.ndgp__t1                    -3.64228e-19
xdut1.pdn__t4                     -1.05789e-28
xdut1.vdd__t7                     -3.69461e-31
xdut1.ndg__t4                     -4.94881e-18
xdut1.vss__t9                     -2.35838e-33
xdut1.tim__t0                      3.13644e-19
xdut1.vss__t10                      2.6077e-33
xdut1.tim__t3                      3.13644e-19
xdut1.vss__t13                     1.55429e-33
xdut1.tim__t2                      3.13644e-19
xdut1.vss__t12                     3.56882e-33
xdut1.tim__t1                      3.13644e-19
xdut1.vss__t11                     2.89001e-33
xdut1.ndgn                          4.4678e-19
xdut1.ndg                         -4.94881e-18
xdut1.pgdg                        -9.78929e-19
xdut1.tim                          3.13644e-19
xdut1.trip                         9.85819e-20
xdut1.nnand                        7.67006e-18
xdut1.ndgp                        -3.64228e-19
xdut1.rstb                        -1.32859e-18
xdut1.pdn                         -1.05789e-28
xdut1.ndl                          3.21643e-22
xdut1.pgdgb                        1.91735e-19
xdut1.nd1                         -3.04347e-20
xdut1.nts                         -2.20906e-20
xdut2.pdn__t0                     -1.05789e-28
xdut2.ibias__t0                    -7.4108e-20
xdut2.vss__t0                      9.06518e-40
xdut2.pgdgb__t2                    1.74251e-19
xdut2.pgdg__t3                     6.99237e-18
xdut2.vss__t1                     -5.15627e-31
xdut2.nd1__t1                      2.43513e-19
xdut2.ndl__t0                     -2.42823e-21
xdut2.vss__t2                      1.26204e-30
xdut2.ndg__t2                     -1.57144e-18
xdut2.por_raw__t1                            0
xdut2.ndgn__t0                    -1.33058e-18
xdut2.tim__t4                      2.11921e-19
xdut2.pgdgb__t3                    1.74251e-19
xdut2.vss__t3                     -7.52041e-31
xdut2.trip__t3                    -5.58132e-20
xdut2.nd1__t3                      2.43513e-19
xdut2.vss__t16                     3.34005e-31
xdut2.nd1__t2                      2.43513e-19
xdut2.resetn__t2                  -3.90421e-18
xdut2.vss__t15                    -4.42428e-30
xdut2.ndl__t1                     -2.42823e-21
xdut2.ndl__t2                     -2.42823e-21
xdut2.vss__t4                      1.38755e-32
xdut2.pgdg__t4                     6.99237e-18
xdut2.ndg__t3                     -1.57144e-18
xdut2.vss__t5                     -2.38207e-29
xdut2.rstb__t4                    -1.16043e-18
xdut2.trip__t1                    -5.58132e-20
xdut2.nnand__t1                    7.67218e-18
xdut2.nnand__t0                    7.67218e-18
xdut2.pgdg__t5                     6.99237e-18
xdut2.vss__t14                    -3.73196e-29
xdut2.ibias__t1                    -7.4108e-20
xdut2.ibias__t2                    -7.4108e-20
xdut2.vss__t6                      4.65671e-31
xdut2.ndgn__t1                    -1.33058e-18
xdut2.ndl__t3                     -2.42823e-21
xdut2.vss__t7                      9.96394e-30
xdut2.resetn__t0                  -3.90421e-18
xdut2.rstb__t0                    -1.16043e-18
xdut2.vss__t8                      1.89373e-28
xdut2.nts__t0                     -1.48869e-20
xdut2.pdn__t1                     -1.05789e-28
xdut2.vdd__t0                     -7.26413e-34
xdut2.trip__t2                    -5.58132e-20
xdut2.pdn__t6                     -1.05789e-28
xdut2.vdd__t11                    -8.00533e-34
xdut2.pgdg__t0                     6.99237e-18
xdut2.ndg__t0                     -1.57144e-18
xdut2.vdd__t1                      4.02226e-31
xdut2.rstb__t5                    -1.16043e-18
xdut2.resetn__t3                  -3.90421e-18
xdut2.vdd__t10                    -7.61198e-32
xdut2.ndg__t1                     -1.57144e-18
xdut2.por_raw__t0                            0
xdut2.ndgp__t0                      -3.792e-20
xdut2.resetn__t1                  -3.90421e-18
xdut2.rstb__t1                    -1.16043e-18
xdut2.vdd__t2                     -9.94414e-30
xdut2.pdn__t2                     -1.05789e-28
xdut2.pdn__t3                     -1.05789e-28
xdut2.vdd__t9                      2.75273e-40
xdut2.ndl__t4                     -2.42823e-21
xdut2.pdn__t5                     -1.05789e-28
xdut2.vdd__t3                       6.3123e-34
xdut2.pgdgb__t0                    1.74251e-19
xdut2.pgdg__t1                     6.99237e-18
xdut2.vdd__t4                     -1.69626e-31
xdut2.tim__t5                      2.11921e-19
xdut2.pgdgb__t1                    1.74251e-19
xdut2.nts__t1                     -1.48869e-20
xdut2.nd1__t0                      2.43513e-19
xdut2.tim__t6                      2.11921e-19
xdut2.vdd__t5                       4.1717e-31
xdut2.rstb__t2                    -1.16043e-18
xdut2.trip__t0                    -5.58132e-20
xdut2.vdd__t6                     -2.53455e-30
xdut2.rstb__t3                    -1.16043e-18
xdut2.pgdg__t2                     6.99237e-18
xdut2.vdd__t8                     -2.91126e-30
xdut2.ndgp__t1                      -3.792e-20
xdut2.pdn__t4                     -1.05789e-28
xdut2.vdd__t7                     -4.21568e-31
xdut2.ndg__t4                     -1.57144e-18
xdut2.vss__t9                     -7.48878e-34
xdut2.tim__t0                      2.11921e-19
xdut2.vss__t10                     1.76196e-33
xdut2.tim__t3                      2.11921e-19
xdut2.vss__t13                     1.05019e-33
xdut2.tim__t2                      2.11921e-19
xdut2.vss__t12                     2.41136e-33
xdut2.tim__t1                      2.11921e-19
xdut2.vss__t11                      1.9527e-33
xdut2.ndgn                        -1.33058e-18
xdut2.ndg                         -1.57144e-18
xdut2.pgdg                         6.99237e-18
xdut2.tim                          2.11921e-19
xdut2.trip                        -5.58132e-20
xdut2.nnand                        7.67218e-18
xdut2.ndgp                          -3.792e-20
xdut2.rstb                        -1.16043e-18
xdut2.pdn                         -1.05789e-28
xdut2.ndl                         -2.42823e-21
xdut2.pgdgb                        1.74251e-19
xdut2.nd1                          2.43513e-19
xdut2.nts                         -1.48869e-20
vd2#branch                         3.17513e-30
vd1#branch                         1.06823e-29
vib2#branch                                  0
vib1#branch                                  0
vpr#branch                                   0
vsup#branch                       -1.38574e-29

 Reference value :  1.59002e-05
 Reference value :  5.41355e-05
 Reference value :  7.83107e-04
 Reference value :  1.01429e-03
 Reference value :  3.25810e-03
 Reference value :  7.04924e-03
 Reference value :  1.00443e-02
 Reference value :  1.67143e-02
No. of Data Rows : 3560
iasrt1              =  2.88030e-08 from=  5.00000e-04 to=  9.53107e-04
iasrt2              =  7.82035e-08 from=  5.00000e-04 to=  9.53107e-04
vasrt1              =  4.36725e-09
trel1               =  7.09335e-03
trel2               =  3.26038e-03
irel1               =  2.23725e-08 from=  1.80000e-02 to=  1.98043e-02
vrel1               =  3.63000e+00
vrel2               =  3.63000e+00
m_tpulse_1x_ms = 6.0923510000e+00
m_tpulse_3x_ms = 2.2593810000e+00
m_iq_asserted_1x_na = 2.8802980000e+01
m_iq_asserted_3x_na = 7.8203500000e+01
m_iq_released_1x_na = 2.2372500000e+01
m_v_asserted_1x_mv = 4.3672520000e-06
m_v_released_1x = 3.6300000000e+00
m_v_released_3x = 3.6300000000e+00
Note: Simulation executed from .control section 

