
Note: Compatibility modes selected: hs a


Circuit: * por-output-chain-pulse @ sf_125c_2.97v -- generated by sim/harness, do not edit

Doing analysis at TEMP = 125.000000 and TNOM = 27.000000

Using SPARSE 1.3 as Direct Linear Solver

Initial Transient Solution
--------------------------

Node                                   Voltage
----                                   -------
vdd                                          0
por_raw                                      0
nib1                              -2.23299e-18
ibias1                            -2.23299e-18
nib2                              -2.23299e-18
ibias2                            -2.23299e-18
vdd1                                         0
vdd2                                         0
resetn1                           -6.23061e-18
resetn2                           -2.76228e-18
xdut1.pdn__t0                      2.54394e-19
xdut1.ibias__t0                   -2.23299e-18
xdut1.vss__t0                      1.48131e-30
xdut1.pgdgb__t2                   -2.96992e-18
xdut1.pgdg__t3                     9.67239e-20
xdut1.vss__t1                      3.81333e-30
xdut1.nd1__t1                      6.71431e-16
xdut1.ndl__t0                      2.21639e-20
xdut1.vss__t2                      8.93667e-27
xdut1.ndg__t2                     -1.66163e-18
xdut1.por_raw__t1                            0
xdut1.ndgn__t0                     1.56168e-18
xdut1.tim__t4                      3.63303e-19
xdut1.pgdgb__t3                   -2.96992e-18
xdut1.vss__t3                     -4.08628e-29
xdut1.trip__t3                    -2.59654e-22
xdut1.nd1__t3                      6.71431e-16
xdut1.vss__t16                     9.62774e-34
xdut1.nd1__t2                      6.71431e-16
xdut1.resetn__t2                  -6.23061e-18
xdut1.vss__t15                     9.05217e-26
xdut1.ndl__t1                      2.21639e-20
xdut1.ndl__t2                      2.21639e-20
xdut1.vss__t4                      6.44088e-31
xdut1.pgdg__t4                     9.67239e-20
xdut1.ndg__t3                     -1.66163e-18
xdut1.vss__t5                     -2.06474e-31
xdut1.rstb__t4                    -2.64226e-18
xdut1.trip__t1                    -2.59654e-22
xdut1.nnand__t1                    -2.5063e-18
xdut1.nnand__t0                    -2.5063e-18
xdut1.pgdg__t5                     9.67239e-20
xdut1.vss__t14                     -1.1293e-28
xdut1.ibias__t1                   -2.23299e-18
xdut1.ibias__t2                   -2.23299e-18
xdut1.vss__t6                      9.92354e-30
xdut1.ndgn__t1                     1.56168e-18
xdut1.ndl__t3                      2.21639e-20
xdut1.vss__t7                     -1.15484e-30
xdut1.resetn__t0                  -6.23061e-18
xdut1.rstb__t0                    -2.64227e-18
xdut1.vss__t8                      1.08291e-26
xdut1.nts__t0                      5.04042e-19
xdut1.pdn__t1                      2.54394e-19
xdut1.vdd__t0                      1.99131e-29
xdut1.trip__t2                    -2.59654e-22
xdut1.pdn__t6                      2.54394e-19
xdut1.vdd__t11                     4.11918e-35
xdut1.pgdg__t0                     9.67239e-20
xdut1.ndg__t0                     -1.66163e-18
xdut1.vdd__t1                     -5.69673e-32
xdut1.rstb__t5                    -2.64227e-18
xdut1.resetn__t3                  -6.23061e-18
xdut1.vdd__t10                      3.0264e-29
xdut1.ndg__t1                     -1.66163e-18
xdut1.por_raw__t0                            0
xdut1.ndgp__t0                    -1.51793e-18
xdut1.resetn__t1                  -6.23061e-18
xdut1.rstb__t1                    -2.64227e-18
xdut1.vdd__t2                     -4.89203e-27
xdut1.pdn__t2                      2.54394e-19
xdut1.pdn__t3                      2.54394e-19
xdut1.vdd__t9                     -4.45903e-30
xdut1.ndl__t4                      2.21639e-20
xdut1.pdn__t5                      2.54394e-19
xdut1.vdd__t3                     -9.17608e-31
xdut1.pgdgb__t0                   -2.96992e-18
xdut1.pgdg__t1                     9.67239e-20
xdut1.vdd__t4                       9.9346e-29
xdut1.tim__t5                      3.63303e-19
xdut1.pgdgb__t1                   -2.96992e-18
xdut1.nts__t1                      5.04042e-19
xdut1.nd1__t0                      6.71431e-16
xdut1.tim__t6                      3.63303e-19
xdut1.vdd__t5                     -2.15801e-25
xdut1.rstb__t2                    -2.64227e-18
xdut1.trip__t0                    -2.59654e-22
xdut1.vdd__t6                      4.73576e-28
xdut1.rstb__t3                    -2.64227e-18
xdut1.pgdg__t2                     9.67239e-20
xdut1.vdd__t8                      5.43964e-28
xdut1.ndgp__t1                    -1.51793e-18
xdut1.pdn__t4                      2.54394e-19
xdut1.vdd__t7                      1.53159e-29
xdut1.ndg__t4                     -1.66163e-18
xdut1.vss__t9                     -7.91149e-34
xdut1.tim__t0                      3.63303e-19
xdut1.vss__t10                     3.01787e-33
xdut1.tim__t3                      3.63303e-19
xdut1.vss__t13                     1.79876e-33
xdut1.tim__t2                      3.63303e-19
xdut1.vss__t12                     4.13015e-33
xdut1.tim__t1                      3.63303e-19
xdut1.vss__t11                     3.34457e-33
xdut1.ndgn                         1.56168e-18
xdut1.ndg                         -1.66163e-18
xdut1.pgdg                         9.67239e-20
xdut1.tim                          3.63303e-19
xdut1.trip                        -2.59654e-22
xdut1.nnand                        -2.5063e-18
xdut1.ndgp                        -1.51793e-18
xdut1.rstb                        -2.64227e-18
xdut1.pdn                          2.54394e-19
xdut1.ndl                          2.21639e-20
xdut1.pgdgb                       -2.96992e-18
xdut1.nd1                          6.71431e-16
xdut1.nts                          5.04042e-19
xdut2.pdn__t0                      2.54394e-19
xdut2.ibias__t0                   -2.23299e-18
xdut2.vss__t0                      1.48131e-30
xdut2.pgdgb__t2                    1.04636e-18
xdut2.pgdg__t3                     4.79716e-19
xdut2.vss__t1                      9.83839e-30
xdut2.nd1__t1                      6.70773e-16
xdut2.ndl__t0                      1.55478e-20
xdut2.vss__t2                      8.95633e-27
xdut2.ndg__t2                      -1.6177e-18
xdut2.por_raw__t1                            0
xdut2.ndgn__t0                    -2.63508e-18
xdut2.tim__t4                     -1.46226e-18
xdut2.pgdgb__t3                    1.04636e-18
xdut2.vss__t3                      1.78027e-29
xdut2.trip__t3                    -1.86157e-22
xdut2.nd1__t3                      6.70773e-16
xdut2.vss__t16                     6.88015e-34
xdut2.nd1__t2                      6.70773e-16
xdut2.resetn__t2                  -2.76228e-18
xdut2.vss__t15                     9.03895e-26
xdut2.ndl__t1                      1.55478e-20
xdut2.ndl__t2                      1.55478e-20
xdut2.vss__t4                      4.51823e-31
xdut2.pgdg__t4                     4.79716e-19
xdut2.ndg__t3                      -1.6177e-18
xdut2.vss__t5                     -1.02404e-30
xdut2.rstb__t4                     1.09536e-18
xdut2.trip__t1                    -1.86157e-22
xdut2.nnand__t1                    2.82143e-18
xdut2.nnand__t0                    2.82143e-18
xdut2.pgdg__t5                     4.79716e-19
xdut2.vss__t14                    -1.39291e-28
xdut2.ibias__t1                   -2.23299e-18
xdut2.ibias__t2                   -2.23299e-18
xdut2.vss__t6                      9.92354e-30
xdut2.ndgn__t1                    -2.63508e-18
xdut2.ndl__t3                      1.55478e-20
xdut2.vss__t7                       9.6968e-30
xdut2.resetn__t0                  -2.76228e-18
xdut2.rstb__t0                     1.09536e-18
xdut2.vss__t8                      7.72944e-27
xdut2.nts__t0                      -1.4973e-18
xdut2.pdn__t1                      2.54394e-19
xdut2.vdd__t0                     -5.68186e-30
xdut2.trip__t2                    -1.86157e-22
xdut2.pdn__t6                      2.54394e-19
xdut2.vdd__t11                     2.96251e-35
xdut2.pgdg__t0                     4.79716e-19
xdut2.ndg__t0                      -1.6177e-18
xdut2.vdd__t1                     -2.82537e-31
xdut2.rstb__t5                     1.09536e-18
xdut2.resetn__t3                  -2.76228e-18
xdut2.vdd__t10                     2.64495e-29
xdut2.ndg__t1                      -1.6177e-18
xdut2.por_raw__t0                            0
xdut2.ndgp__t0                     5.35083e-19
xdut2.resetn__t1                  -2.76228e-18
xdut2.rstb__t1                     1.09536e-18
xdut2.vdd__t2                     -5.36295e-27
xdut2.pdn__t2                      2.54394e-19
xdut2.pdn__t3                      2.54394e-19
xdut2.vdd__t9                     -4.45903e-30
xdut2.ndl__t4                      1.55478e-20
xdut2.pdn__t5                      2.54394e-19
xdut2.vdd__t3                     -6.43696e-31
xdut2.pgdgb__t0                    1.04636e-18
xdut2.pgdg__t1                     4.79716e-19
xdut2.vdd__t4                      5.16456e-30
xdut2.tim__t5                     -1.46226e-18
xdut2.pgdgb__t1                    1.04636e-18
xdut2.nts__t1                      -1.4973e-18
xdut2.nd1__t0                      6.70773e-16
xdut2.tim__t6                     -1.46226e-18
xdut2.vdd__t5                     -2.15535e-25
xdut2.rstb__t2                     1.09536e-18
xdut2.trip__t0                    -1.86157e-22
xdut2.vdd__t6                      1.03946e-28
xdut2.rstb__t3                     1.09536e-18
xdut2.pgdg__t2                     4.79716e-19
xdut2.vdd__t8                      1.19396e-28
xdut2.ndgp__t1                     5.35083e-19
xdut2.pdn__t4                      2.54394e-19
xdut2.vdd__t7                      6.06388e-29
xdut2.ndg__t4                      -1.6177e-18
xdut2.vss__t9                     -7.70234e-34
xdut2.tim__t0                     -1.46226e-18
xdut2.vss__t10                    -1.21466e-32
xdut2.tim__t3                     -1.46226e-18
xdut2.vss__t13                    -7.23986e-33
xdut2.tim__t2                     -1.46226e-18
xdut2.vss__t12                    -1.66235e-32
xdut2.tim__t1                     -1.46226e-18
xdut2.vss__t11                    -1.34616e-32
xdut2.ndgn                        -2.63508e-18
xdut2.ndg                          -1.6177e-18
xdut2.pgdg                         4.79716e-19
xdut2.tim                         -1.46226e-18
xdut2.trip                        -1.86157e-22
xdut2.nnand                        2.82143e-18
xdut2.ndgp                         5.35083e-19
xdut2.rstb                         1.09536e-18
xdut2.pdn                          2.54394e-19
xdut2.ndl                          1.55478e-20
xdut2.pgdgb                        1.04636e-18
xdut2.nd1                          6.70773e-16
xdut2.nts                          -1.4973e-18
vd2#branch                         4.88763e-26
vd1#branch                         4.87167e-26
vib2#branch                                  0
vib1#branch                                  0
vpr#branch                                   0
vsup#branch                        -9.7593e-26

 Reference value :  5.88551e-05
 Reference value :  2.90317e-04
 Reference value :  1.01261e-03
 Reference value :  3.59431e-03
 Reference value :  7.15734e-03
 Reference value :  1.76928e-02
No. of Data Rows : 3433
iasrt1              =  2.97768e-08 from=  5.00000e-04 to=  9.50317e-04
iasrt2              =  8.02967e-08 from=  5.00000e-04 to=  9.50317e-04
vasrt1              =  5.77640e-09
trel1               =  7.13183e-03
trel2               =  3.22467e-03
irel1               =  2.34962e-08 from=  1.80000e-02 to=  1.98028e-02
vrel1               =  2.97000e+00
vrel2               =  2.97000e+00
m_tpulse_1x_ms = 6.1308320000e+00
m_tpulse_3x_ms = 2.2236740000e+00
m_iq_asserted_1x_na = 2.9776820000e+01
m_iq_asserted_3x_na = 8.0296700000e+01
m_iq_released_1x_na = 2.3496210000e+01
m_v_asserted_1x_mv = 5.7764030000e-06
m_v_released_1x = 2.9700000000e+00
m_v_released_3x = 2.9700000000e+00
Note: Simulation executed from .control section 

Warning: m=xx on .subckt line will override multiplier m hierarchy!

