
Note: Compatibility modes selected: hs a


Circuit: * temp-core-designer-check @ bjt_ss_25c_3.63v -- generated by sim/harness, do not edit

Doing analysis at TEMP = 25.000000 and TNOM = 27.000000

Using SPARSE 1.3 as Direct Linear Solver
 Reference value :  0.00000e+00
No. of Data Rows : 1
m_vptat = 1.2849057541e+00
m_vctat = 6.6581768883e-01
m_ptat_k_mvk = 4.3095950164e+00
m_terr_untrim_c = 5.2104910774e-02
m_terr_supply_c = -6.124394228e-03
m_vout_margin_v = 4.6581768883e-01
m_iq_ua = 1.1004022509e+01
m_iq_dis_ua = 4.8170323056e-05
m_vptat_dis_mv = 1.6457844499e-05
m_vctat_dis_mv = 1.6578228782e-05
m_load10m_err_pct = -6.164900345e+00
m_dvbe_mv = 5.3529383505e+01
m_aoffs_uv = -3.052262604e+00
m_vnd_mv = 3.6898721223e+00
m_mp3_hdr_v = 3.1938457207e-01
m_rtrim_nom_k = 5.1650943549e+02
m_rtrim_lsb_pct = 2.3738925891e-01
m_rtrim_range_pct = 1.5668726734e+01
Note: Simulation executed from .control section 

Warning: m=xx on .subckt line will override multiplier m hierarchy!

Note: Starting dynamic gmin stepping
Note: Dynamic gmin stepping completed
