
Note: Compatibility modes selected: hs a


Circuit: * temp-core-designer-check @ ff_27c_2.97v -- generated by sim/harness, do not edit

Doing analysis at TEMP = 27.000000 and TNOM = 27.000000

Using SPARSE 1.3 as Direct Linear Solver
 Reference value :  0.00000e+00
No. of Data Rows : 1
m_vptat = 1.2925306415e+00
m_vctat = 6.5301096281e-01
m_ptat_k_mvk = 4.3062823306e+00
m_terr_untrim_c = -1.783042367e-01
m_terr_supply_c = -7.099013074e-03
m_vout_margin_v = 4.5301096281e-01
m_iq_ua = 1.2947362836e+01
m_iq_dis_ua = 4.0326223514e-05
m_vptat_dis_mv = 1.3317851085e-05
m_vctat_dis_mv = 1.3445158150e-05
m_load10m_err_pct = -4.948648994e+00
m_dvbe_mv = 5.3877319041e+01
m_aoffs_uv = -2.171040592e+00
m_vnd_mv = 3.0207617252e+00
m_mp3_hdr_v = 2.9222986973e-01
m_rtrim_nom_k = 4.1322242408e+02
m_rtrim_lsb_pct = 2.3707250581e-01
m_rtrim_range_pct = 1.5662227538e+01
Note: Simulation executed from .control section 

Warning: m=xx on .subckt line will override multiplier m hierarchy!

Note: Starting dynamic gmin stepping
Warning: Dynamic gmin stepping failed
Note: Starting true gmin stepping
Note: True gmin stepping completed
