
Note: Compatibility modes selected: hs a


Circuit: * temp-core-designer-check @ fs_25c_2.97v -- generated by sim/harness, do not edit

Doing analysis at TEMP = 25.000000 and TNOM = 27.000000

Using SPARSE 1.3 as Direct Linear Solver
 Reference value :  0.00000e+00
No. of Data Rows : 1
m_vptat = 1.2846862468e+00
m_vctat = 6.5704879942e-01
m_ptat_k_mvk = 4.3088587851e+00
m_terr_untrim_c = 1.1614440441e-03
m_terr_supply_c = -3.080401705e-03
m_vout_margin_v = 4.5704879942e-01
m_iq_ua = 1.0913018235e+01
m_iq_dis_ua = 3.7559664414e-05
m_vptat_dis_mv = 1.3445980250e-05
m_vctat_dis_mv = 1.3553988670e-05
m_load10m_err_pct = -6.147647809e+00
m_dvbe_mv = 5.3518708450e+01
m_aoffs_uv = -1.666945629e+00
m_vnd_mv = 3.5112273642e+00
m_mp3_hdr_v = 3.1995176532e-01
m_rtrim_nom_k = 5.1651257623e+02
m_rtrim_lsb_pct = 2.3697055083e-01
m_rtrim_range_pct = 1.5665907477e+01
Note: Simulation executed from .control section 

Warning: m=xx on .subckt line will override multiplier m hierarchy!

Note: Starting dynamic gmin stepping
Warning: Dynamic gmin stepping failed
Note: Starting true gmin stepping
Note: True gmin stepping completed
