
Note: Compatibility modes selected: hs a


Circuit: * temp-core-designer-check @ res_ss_-40c_2.97v -- generated by sim/harness, do not edit

Doing analysis at TEMP = -40.000000 and TNOM = 27.000000

Using SPARSE 1.3 as Direct Linear Solver
 Reference value :  0.00000e+00
No. of Data Rows : 1
m_vptat = 1.0045517415e+00
m_vctat = 7.7218524823e-01
m_ptat_k_mvk = 4.3086070836e+00
m_terr_untrim_c = -1.271124634e-02
m_terr_supply_c = -2.039091157e-03
m_vout_margin_v = 5.7218524823e-01
m_iq_ua = 8.1765731969e+00
m_iq_dis_ua = 3.5790642336e-05
m_vptat_dis_mv = 1.0731713021e-05
m_vctat_dis_mv = 1.0792817015e-05
m_load10m_err_pct = -8.161119813e+00
m_dvbe_mv = 4.1839826439e+01
m_aoffs_uv = -1.589292831e+00
m_vnd_mv = 4.0105244327e+00
m_mp3_hdr_v = 2.9146839153e-01
m_rtrim_nom_k = 6.2520612539e+02
m_rtrim_lsb_pct = 2.3974906671e-01
m_rtrim_range_pct = 1.5685612251e+01
Note: Simulation executed from .control section 

Warning: m=xx on .subckt line will override multiplier m hierarchy!

Note: Starting dynamic gmin stepping
Warning: Dynamic gmin stepping failed
Note: Starting true gmin stepping
Note: True gmin stepping completed
