
Note: Compatibility modes selected: hs a


Circuit: * temp-core-designer-check @ sf_27c_3.63v -- generated by sim/harness, do not edit

Doing analysis at TEMP = 27.000000 and TNOM = 27.000000

Using SPARSE 1.3 as Direct Linear Solver
 Reference value :  0.00000e+00
No. of Data Rows : 1
m_vptat = 1.2933216713e+00
m_vctat = 6.5334771857e-01
m_ptat_k_mvk = 4.3089177789e+00
m_terr_untrim_c = 5.2786880048e-03
m_terr_supply_c = -7.208915328e-03
m_vout_margin_v = 4.5334771857e-01
m_iq_ua = 1.1065707906e+01
m_iq_dis_ua = 5.0311769218e-05
m_vptat_dis_mv = 1.8621623546e-05
m_vctat_dis_mv = 1.8772627155e-05
m_load10m_err_pct = -6.131135394e+00
m_dvbe_mv = 5.3879809242e+01
m_aoffs_uv = -3.378482388e+00
m_vnd_mv = 3.7527584375e+00
m_mp3_hdr_v = 3.1394993501e-01
m_rtrim_nom_k = 5.1642105809e+02
m_rtrim_lsb_pct = 2.3667147062e-01
m_rtrim_range_pct = 1.5664014208e+01
Note: Simulation executed from .control section 

Warning: m=xx on .subckt line will override multiplier m hierarchy!

Note: Starting dynamic gmin stepping
Note: Dynamic gmin stepping completed
