
Note: Compatibility modes selected: hs a


Circuit: * temp-core-designer-check @ sf_27c_2.97v -- generated by sim/harness, do not edit

Doing analysis at TEMP = 27.000000 and TNOM = 27.000000

Using SPARSE 1.3 as Direct Linear Solver
 Reference value :  0.00000e+00
No. of Data Rows : 1
m_vptat = 1.2933412611e+00
m_vctat = 6.5334702962e-01
m_ptat_k_mvk = 4.3089830455e+00
m_terr_untrim_c = 9.8251037453e-03
m_terr_supply_c = -2.663976368e-03
m_vout_margin_v = 4.5334702962e-01
m_iq_ua = 1.0968759143e+01
m_iq_dis_ua = 3.7899569028e-05
m_vptat_dis_mv = 1.5495962337e-05
m_vctat_dis_mv = 1.5637350997e-05
m_load10m_err_pct = -6.130959168e+00
m_dvbe_mv = 5.3878377563e+01
m_aoffs_uv = -1.947470602e+00
m_vnd_mv = 3.6005418416e+00
m_mp3_hdr_v = 3.0815834329e-01
m_rtrim_nom_k = 5.1643028526e+02
m_rtrim_lsb_pct = 2.3530321776e-01
m_rtrim_range_pct = 1.5654823435e+01
Note: Simulation executed from .control section 

Warning: m=xx on .subckt line will override multiplier m hierarchy!

Note: Starting dynamic gmin stepping
Note: Dynamic gmin stepping completed
