
Note: Compatibility modes selected: hs a


Circuit: * temp-core-designer-check @ tt_-15c_2.97v -- generated by sim/harness, do not edit

Doing analysis at TEMP = -15.000000 and TNOM = 27.000000

Using SPARSE 1.3 as Direct Linear Solver
 Reference value :  0.00000e+00
No. of Data Rows : 1
m_vptat = 1.1120844716e+00
m_vctat = 7.3052180015e-01
m_ptat_k_mvk = 4.3079003356e+00
m_terr_untrim_c = -5.641670198e-02
m_terr_supply_c = -1.998899838e-03
m_vout_margin_v = 5.3052180015e-01
m_iq_ua = 9.8450246110e+00
m_iq_dis_ua = 3.6384269534e-05
m_vptat_dis_mv = 1.2067765879e-05
m_vctat_dis_mv = 1.2157249741e-05
m_load10m_err_pct = -6.542097786e+00
m_dvbe_mv = 4.6332670030e+01
m_aoffs_uv = -1.620603084e+00
m_vnd_mv = 3.5066149101e+00
m_mp3_hdr_v = 2.9577563752e-01
m_rtrim_nom_k = 5.1896514503e+02
m_rtrim_lsb_pct = 2.3861608285e-01
m_rtrim_range_pct = 1.5675825653e+01
Note: Simulation executed from .control section 

Warning: m=xx on .subckt line will override multiplier m hierarchy!

Note: Starting dynamic gmin stepping
Warning: Dynamic gmin stepping failed
Note: Starting true gmin stepping
Note: True gmin stepping completed
