
Note: Compatibility modes selected: hs a


Circuit: * temp-core-designer-check @ tt_10c_2.97v -- generated by sim/harness, do not edit

Doing analysis at TEMP = 10.000000 and TNOM = 27.000000

Using SPARSE 1.3 as Direct Linear Solver
 Reference value :  0.00000e+00
No. of Data Rows : 1
m_vptat = 1.2199563888e+00
m_vctat = 6.8472980481e-01
m_ptat_k_mvk = 4.3085162945e+00
m_terr_untrim_c = -2.140332042e-02
m_terr_supply_c = -2.335630081e-03
m_vout_margin_v = 4.8472980481e-01
m_iq_ua = 1.0513527556e+01
m_iq_dis_ua = 3.6926245008e-05
m_vptat_dis_mv = 1.3469597002e-05
m_vctat_dis_mv = 1.3579406654e-05
m_load10m_err_pct = -6.281111774e+00
m_dvbe_mv = 5.0823619500e+01
m_aoffs_uv = -1.706043837e+00
m_vnd_mv = 3.5345509647e+00
m_mp3_hdr_v = 3.0715187216e-01
m_rtrim_nom_k = 5.1729957694e+02
m_rtrim_lsb_pct = 2.3712403557e-01
m_rtrim_range_pct = 1.5666553826e+01
Note: Simulation executed from .control section 

Warning: m=xx on .subckt line will override multiplier m hierarchy!

Note: Starting dynamic gmin stepping
Warning: Dynamic gmin stepping failed
Note: Starting true gmin stepping
Note: True gmin stepping completed
