
Note: Compatibility modes selected: hs a


Circuit: * temp-core-designer-check @ tt_27c_3.30v -- generated by sim/harness, do not edit

Doing analysis at TEMP = 27.000000 and TNOM = 27.000000

Using SPARSE 1.3 as Direct Linear Solver
 Reference value :  0.00000e+00
No. of Data Rows : 1
m_vptat = 1.2933413385e+00
m_vctat = 6.5334724091e-01
m_ptat_k_mvk = 4.3089833033e+00
m_terr_untrim_c = 9.8430609443e-03
m_terr_supply_c = 1.7817072336e-06
m_vout_margin_v = 4.5334724091e-01
m_iq_ua = 1.1004392056e+01
m_iq_dis_ua = 4.2221597282e-05
m_vptat_dis_mv = 1.5142318054e-05
m_vctat_dis_mv = 1.5265692456e-05
m_load10m_err_pct = -6.131089541e+00
m_dvbe_mv = 5.3878816872e+01
m_aoffs_uv = -2.386609187e+00
m_vnd_mv = 3.6095479967e+00
m_mp3_hdr_v = 3.1727071120e-01
m_rtrim_nom_k = 5.1642057332e+02
m_rtrim_lsb_pct = 2.3679519620e-01
m_rtrim_range_pct = 1.5664816636e+01
Note: Simulation executed from .control section 

Warning: m=xx on .subckt line will override multiplier m hierarchy!

Note: Starting dynamic gmin stepping
Note: Dynamic gmin stepping completed
