
Note: Compatibility modes selected: hs a


Circuit: * temp-core-designer-check @ bjt_ff_27c_3.63v -- generated by sim/harness, do not edit

Doing analysis at TEMP = 27.000000 and TNOM = 27.000000

Using SPARSE 1.3 as Direct Linear Solver
 Reference value :  0.00000e+00
No. of Data Rows : 1
m_vptat = 1.2938067173e+00
m_vctat = 6.4716968872e-01
m_ptat_k_mvk = 4.3105337907e+00
m_terr_untrim_c = 1.1784859404e-01
m_terr_supply_c = -7.004367883e-03
m_vout_margin_v = 4.4716968872e-01
m_iq_ua = 1.1035953265e+01
m_iq_dis_ua = 5.9687679776e-05
m_ibias_dis_na = 1.4245121060e-03
m_vibias_dis_v = 6.9936314430e-01
m_vptat_dis_mv = 3.1684346575e-05
m_vctat_dis_mv = 3.1923167270e-05
m_load10m_err_pct = -6.137933792e+00
m_dvbe_mv = 5.3874813772e+01
m_aoffs_uv = -4.729821534e+00
m_vnd_mv = 3.6741435123e+00
m_mp3_hdr_v = 3.2045130170e-01
m_rtrim_nom_k = 5.1641732521e+02
m_rtrim_lsb_pct = 2.3728344494e-01
m_rtrim_range_pct = 1.5668074714e+01
Note: Simulation executed from .control section 

Warning: m=xx on .subckt line will override multiplier m hierarchy!

Note: Starting dynamic gmin stepping
Warning: Dynamic gmin stepping failed
Note: Starting true gmin stepping
Note: True gmin stepping completed
