
Note: Compatibility modes selected: hs a


Circuit: * temp-core-designer-check @ ff_60c_2.97v -- generated by sim/harness, do not edit

Doing analysis at TEMP = 60.000000 and TNOM = 27.000000

Using SPARSE 1.3 as Direct Linear Solver
 Reference value :  0.00000e+00
No. of Data Rows : 1
m_vptat = 1.4356741026e+00
m_vctat = 5.9128488586e-01
m_ptat_k_mvk = 4.3093924738e+00
m_terr_untrim_c = 4.2561397421e-02
m_terr_supply_c = -1.511434657e-02
m_vout_margin_v = 3.9128488586e-01
m_iq_ua = 1.4010639806e+01
m_iq_dis_ua = 6.7574328772e-05
m_ibias_dis_na = 5.7384320921e-03
m_vibias_dis_v = 5.5728239756e-01
m_vptat_dis_mv = 3.0200996969e-05
m_vctat_dis_mv = 3.0531068702e-05
m_load10m_err_pct = -4.770731117e+00
m_dvbe_mv = 5.9810917988e+01
m_aoffs_uv = -3.146165747e+00
m_vnd_mv = 3.0481814449e+00
m_mp3_hdr_v = 3.0389034479e-01
m_rtrim_nom_k = 4.1233894763e+02
m_rtrim_lsb_pct = 2.3484552047e-01
m_rtrim_range_pct = 1.5648216823e+01
Note: Simulation executed from .control section 

Warning: m=xx on .subckt line will override multiplier m hierarchy!

Note: Starting dynamic gmin stepping
Warning: Dynamic gmin stepping failed
Note: Starting true gmin stepping
Note: True gmin stepping completed
