
Note: Compatibility modes selected: hs a


Circuit: * temp-core-designer-check @ res_ss_60c_3.63v -- generated by sim/harness, do not edit

Doing analysis at TEMP = 60.000000 and TNOM = 27.000000

Using SPARSE 1.3 as Direct Linear Solver
 Reference value :  0.00000e+00
No. of Data Rows : 1
m_vptat = 1.4367460919e+00
m_vctat = 5.8660653669e-01
m_ptat_k_mvk = 4.3126102114e+00
m_terr_untrim_c = 2.9134965333e-01
m_terr_supply_c = -1.067629341e-02
m_vout_margin_v = 3.8660653669e-01
m_iq_ua = 1.0468457606e+01
m_iq_dis_ua = 6.2777588790e-05
m_ibias_dis_na = 1.6887989964e-03
m_vibias_dis_v = 6.6945635456e-01
m_vptat_dis_mv = 3.6150340499e-05
m_vctat_dis_mv = 3.6404978300e-05
m_load10m_err_pct = -7.008004542e+00
m_dvbe_mv = 5.9807695817e+01
m_aoffs_uv = -4.456987581e+00
m_vnd_mv = 4.2455990858e+00
m_mp3_hdr_v = 3.4522179433e-01
m_rtrim_nom_k = 6.1829276532e+02
m_rtrim_lsb_pct = 2.3591824964e-01
m_rtrim_range_pct = 1.5662509626e+01
Note: Simulation executed from .control section 

Warning: m=xx on .subckt line will override multiplier m hierarchy!

Note: Starting dynamic gmin stepping
Warning: Dynamic gmin stepping failed
Note: Starting true gmin stepping
Note: True gmin stepping completed
