
Note: Compatibility modes selected: hs a


Circuit: * temp-core-designer-check @ res_ss_90c_3.30v -- generated by sim/harness, do not edit

Doing analysis at TEMP = 90.000000 and TNOM = 27.000000

Using SPARSE 1.3 as Direct Linear Solver
 Reference value :  0.00000e+00
No. of Data Rows : 1
m_vptat = 1.5664262731e+00
m_vctat = 5.2972047066e-01
m_ptat_k_mvk = 4.3134414789e+00
m_terr_untrim_c = 3.8764493260e-01
m_terr_supply_c = -2.087893597e-08
m_vout_margin_v = 3.2972047066e-01
m_iq_ua = 1.1073019504e+01
m_iq_dis_ua = 6.5065331852e-05
m_ibias_dis_na = 3.7930974717e-03
m_vibias_dis_v = 6.4258527741e-01
m_vptat_dis_mv = 3.8243803678e-05
m_vctat_dis_mv = 3.8558630369e-05
m_load10m_err_pct = -6.797510988e+00
m_dvbe_mv = 6.5200622666e+01
m_aoffs_uv = -3.283942737e+00
m_vnd_mv = 4.2006791783e+00
m_mp3_hdr_v = 3.5467967602e-01
m_rtrim_nom_k = 6.1791687614e+02
m_rtrim_lsb_pct = 2.3402878100e-01
m_rtrim_range_pct = 1.5650562376e+01
Note: Simulation executed from .control section 

Warning: m=xx on .subckt line will override multiplier m hierarchy!

Note: Starting dynamic gmin stepping
Warning: Dynamic gmin stepping failed
Note: Starting true gmin stepping
Note: True gmin stepping completed
