
Note: Compatibility modes selected: hs a


Circuit: * temp-core-designer-check @ res_ss_90c_3.63v -- generated by sim/harness, do not edit

Doing analysis at TEMP = 90.000000 and TNOM = 27.000000

Using SPARSE 1.3 as Direct Linear Solver
 Reference value :  0.00000e+00
No. of Data Rows : 1
m_vptat = 1.5663660853e+00
m_vctat = 5.2972085120e-01
m_ptat_k_mvk = 4.3132757410e+00
m_terr_untrim_c = 3.7367651132e-01
m_terr_supply_c = -1.396845813e-02
m_vout_margin_v = 3.2972085120e-01
m_iq_ua = 1.1122774770e+01
m_iq_dis_ua = 7.3637216932e-05
m_ibias_dis_na = 3.7930974729e-03
m_vibias_dis_v = 6.4258527741e-01
m_vptat_dis_mv = 4.0955280988e-05
m_vctat_dis_mv = 4.1272338885e-05
m_load10m_err_pct = -6.797670460e+00
m_dvbe_mv = 6.5201413446e+01
m_aoffs_uv = -4.074375266e+00
m_vnd_mv = 4.2954240305e+00
m_mp3_hdr_v = 3.5763409741e-01
m_rtrim_nom_k = 6.1791212354e+02
m_rtrim_lsb_pct = 2.3461979970e-01
m_rtrim_range_pct = 1.5654511028e+01
Note: Simulation executed from .control section 

Warning: m=xx on .subckt line will override multiplier m hierarchy!

Note: Starting dynamic gmin stepping
Warning: Dynamic gmin stepping failed
Note: Starting true gmin stepping
Note: True gmin stepping completed
