
Note: Compatibility modes selected: hs a


Circuit: * temp-core-designer-check @ ss_25c_3.63v -- generated by sim/harness, do not edit

Doing analysis at TEMP = 25.000000 and TNOM = 27.000000

Using SPARSE 1.3 as Direct Linear Solver
 Reference value :  0.00000e+00
No. of Data Rows : 1
m_vptat = 1.2858004376e+00
m_vctat = 6.6107049730e-01
m_ptat_k_mvk = 4.3125957996e+00
m_terr_untrim_c = 2.5974388222e-01
m_terr_supply_c = -6.600005290e-03
m_vout_margin_v = 4.6107049730e-01
m_iq_ua = 9.6598183436e+00
m_iq_dis_ua = 5.7260664019e-05
m_ibias_dis_na = 1.6274161685e-03
m_vibias_dis_v = 8.1304345650e-01
m_vptat_dis_mv = 3.3207058009e-05
m_vctat_dis_mv = 3.3431692561e-05
m_load10m_err_pct = -7.339313699e+00
m_dvbe_mv = 5.3525943021e+01
m_aoffs_uv = -4.412072775e+00
m_vnd_mv = 4.1734882065e+00
m_mp3_hdr_v = 3.3878881060e-01
m_rtrim_nom_k = 6.1972914422e+02
m_rtrim_lsb_pct = 2.3672092290e-01
m_rtrim_range_pct = 1.5667101139e+01
Note: Simulation executed from .control section 

Warning: m=xx on .subckt line will override multiplier m hierarchy!

Note: Starting dynamic gmin stepping
Warning: Dynamic gmin stepping failed
Note: Starting true gmin stepping
Note: True gmin stepping completed
