
Note: Compatibility modes selected: hs a


Circuit: * temp-core-designer-check @ ss_27c_3.63v -- generated by sim/harness, do not edit

Doing analysis at TEMP = 27.000000 and TNOM = 27.000000

Using SPARSE 1.3 as Direct Linear Solver
 Reference value :  0.00000e+00
No. of Data Rows : 1
m_vptat = 1.2944365660e+00
m_vctat = 6.5740762575e-01
m_ptat_k_mvk = 4.3126322373e+00
m_terr_untrim_c = 2.6402446877e-01
m_terr_supply_c = -6.757238977e-03
m_vout_margin_v = 4.5740762575e-01
m_iq_ua = 9.7040095695e+00
m_iq_dis_ua = 5.7335667312e-05
m_ibias_dis_na = 1.6240924457e-03
m_vibias_dis_v = 8.1123923299e-01
m_vptat_dis_mv = 3.3470242657e-05
m_vctat_dis_mv = 3.3698344359e-05
m_load10m_err_pct = -7.319289802e+00
m_dvbe_mv = 5.3885279656e+01
m_aoffs_uv = -4.390587038e+00
m_vnd_mv = 4.1761776618e+00
m_mp3_hdr_v = 3.3972442042e-01
m_rtrim_nom_k = 6.1961879665e+02
m_rtrim_lsb_pct = 2.3662529877e-01
m_rtrim_range_pct = 1.5666511438e+01
Note: Simulation executed from .control section 

Warning: m=xx on .subckt line will override multiplier m hierarchy!

Note: Starting dynamic gmin stepping
Warning: Dynamic gmin stepping failed
Note: Starting true gmin stepping
Note: True gmin stepping completed
