
Note: Compatibility modes selected: hs a


Circuit: * temp-core-designer-check @ ss_27c_3.30v -- generated by sim/harness, do not edit

Doing analysis at TEMP = 27.000000 and TNOM = 27.000000

Using SPARSE 1.3 as Direct Linear Solver
 Reference value :  0.00000e+00
No. of Data Rows : 1
m_vptat = 1.2944656818e+00
m_vctat = 6.5740730795e-01
m_ptat_k_mvk = 4.3127292414e+00
m_terr_untrim_c = 2.7078168398e-01
m_terr_supply_c = 2.9438865815e-08
m_vout_margin_v = 4.5740730795e-01
m_iq_ua = 9.6607679076e+00
m_iq_dis_ua = 5.1321735154e-05
m_ibias_dis_na = 1.6240924457e-03
m_vibias_dis_v = 8.1123923299e-01
m_vptat_dis_mv = 3.2147731687e-05
m_vctat_dis_mv = 3.2380842226e-05
m_load10m_err_pct = -7.319282636e+00
m_dvbe_mv = 5.3884619250e+01
m_aoffs_uv = -3.730471183e+00
m_vnd_mv = 4.0957869377e+00
m_mp3_hdr_v = 3.3686549303e-01
m_rtrim_nom_k = 6.1962304970e+02
m_rtrim_lsb_pct = 2.3610284906e-01
m_rtrim_range_pct = 1.5663041206e+01
Note: Simulation executed from .control section 

Warning: m=xx on .subckt line will override multiplier m hierarchy!

Note: Starting dynamic gmin stepping
Warning: Dynamic gmin stepping failed
Note: Starting true gmin stepping
Note: True gmin stepping completed
