
Note: Compatibility modes selected: hs a


Circuit: * por-brownout-spurious @ bjt_ss_125c_3.30v -- generated by sim/harness, do not edit

Doing analysis at TEMP = 125.000000 and TNOM = 27.000000

Using SPARSE 1.3 as Direct Linear Solver

Initial Transient Solution
--------------------------

Node                                   Voltage
----                                   -------
vddb1                                        0
ptatb1                             3.54488e-25
ctatb1                            -1.14588e-18
resetnb1                          -1.70744e-18
xb1.xbias.na                      -1.02461e-18
xb1.xbias.pg                       1.33401e-18
xb1.xbias.nbtop                   -5.17175e-19
xb1.vref                          -2.37289e-20
xb1.xbias.nbg                      7.61475e-19
xb1.xbias.xrt.11                  -5.17175e-19
xb1.xbias.xrt.21                  -5.17175e-19
xb1.xbias.nb                      -5.17175e-19
xb1.xbias.xr1.11                  -5.17175e-19
xb1.xbias.xr1.21                  -5.17176e-19
xb1.xbias.ec                      -5.17176e-19
xb1.xbias.xr2.11                  -2.37289e-20
xb1.xbias.xr2.21                   -2.3729e-20
xb1.xbias.er                       -2.3729e-20
xb1.xbias.pb                      -1.06863e-18
xb1.ibias                          6.25304e-20
xb1.xbias.nt                      -4.55426e-19
xb1.xbias.n1                      -1.02339e-18
xb1.xbias.n2                      -8.84897e-19
xb1.xbias.nz                      -8.84897e-19
xb1.xbias.xrz.11                  -8.84897e-19
xb1.xbias.xrz.21                  -8.84897e-19
xb1.xbias.ks1                     -2.11152e-20
xb1.xbias.ks2                      4.45456e-19
xb1.xbias.ks3                     -2.74943e-19
xb1.xbias.ks4                     -3.28647e-19
xb1.xbias.nkg                     -5.85496e-19
xb1.xbias.nkm                     -2.70572e-19
xb1.xbias.tok                      6.03638e-19
xb1.xbias.noko                    -6.23506e-19
xb1.xbias.nokl                    -1.04183e-19
xb1.xbias.nokx                    -7.92944e-19
xb1.bias_ok                       -1.50326e-18
xb1.xtemp.nbg                     -2.70449e-18
xb1.xtemp.enb                      1.74005e-18
xb1.xtemp.pb                      -4.16451e-24
xb1.xtemp.pcas                     8.97247e-65
xb1.xtemp.nt                       8.54094e-19
xb1.xtemp.n1                       7.16018e-19
xb1.xtemp.na                      -1.14588e-18
xb1.xtemp.n2                       1.05054e-18
xb1.xtemp.nb                      -6.15033e-19
xb1.xtemp.pg                      -3.01935e-23
xb1.xtemp.nz                       1.05054e-18
xb1.xtemp.xrz.11                   1.05054e-18
xb1.xtemp.xrz.21                   1.05054e-18
xb1.xtemp.m1d                     -8.33025e-19
xb1.xtemp.m2d                     -1.15868e-18
xb1.xtemp.m3d                     -6.65656e-19
xb1.xtemp.nd                      -8.35706e-19
xb1.xtemp.nr                      -1.43439e-18
xb1.xtemp.nc                      -6.15033e-19
xb1.xtemp.xr1.11                  -6.15033e-19
xb1.xtemp.xr1.21                  -6.15033e-19
xb1.xtemp.xr2f.11                  3.54471e-25
xb1.xtemp.xr2f.21                   5.1686e-26
xb1.xtemp.t5                       5.16691e-26
xb1.xtemp.xr2t5.11                 5.16522e-26
xb1.xtemp.xr2t5.21                 2.54315e-26
xb1.xtemp.t4                       2.54146e-26
xb1.xtemp.xr2t4.11                 2.53978e-26
xb1.xtemp.xr2t4.21                 1.23063e-26
xb1.xtemp.t3                       1.22894e-26
xb1.xtemp.xr2t3.11                 1.22725e-26
xb1.xtemp.xr2t3.21                 5.74561e-27
xb1.xtemp.t2                       5.72872e-27
xb1.xtemp.xr2t2.11                 5.71184e-27
xb1.xtemp.xr2t2.21                  2.4678e-27
xb1.xtemp.t1                       2.45091e-27
xb1.xtemp.xr2t1.11                 2.43403e-27
xb1.xtemp.xr2t1.21                 8.32556e-28
xb1.xtemp.t0                        8.1567e-28
xb1.xtemp.xr2t0.11                 7.98785e-28
xb1.xtemp.xr2t0.21                 1.68857e-29
xb1.xtemp.xriso.11                -1.14588e-18
xb1.xtemp.xriso.21                -1.14588e-18
xb1.xcmp.bias_okb                 -9.00768e-20
xb1.xcmp.nbg                      -2.39367e-18
xb1.xcmp.sns                     -1.51583e-169
xb1.xcmp.xrtop.11                -1.51583e-169
xb1.xcmp.xrtop.21                -1.75925e-175
xb1.xcmp.snsb                    -2.81522e-169
xb1.xcmp.xrbot.11                -2.81521e-169
xb1.xcmp.xrbot.21                -1.51584e-169
xb1.xcmp.xrhys.11                -3.32867e-174
xb1.xcmp.xrhys.21                -2.81518e-169
xb1.xcmp.n1                       -9.98261e-19
xb1.xcmp.tn                       -2.31663e-18
xb1.xcmp.na                       -1.73874e-18
xb1.xcmp.cmpo                     -2.51965e-18
xb1.xcmp.vdda                     -7.86552e-19
xb1.por_raw                        2.90621e-18
xb1.xpor.pdn                      -1.84058e-19
xb1.xpor.ndl                      -1.70947e-60
xb1.xpor.ndgp                      1.78033e-18
xb1.xpor.ndg                       4.40151e-18
xb1.xpor.ndgn                       9.8876e-19
xb1.xpor.pgdg                       1.6835e-18
xb1.xpor.pgdgb                    -1.34819e-18
xb1.xpor.nts                       1.17932e-19
xb1.xpor.tim                        3.6001e-19
xb1.xpor.nd1                      -1.35435e-23
xb1.xpor.trip                     -2.52211e-19
xb1.xpor.rstb                       1.3046e-18
xb1.xpor.nnand                     6.77401e-19
vddb3                                        0
ptatb3                             4.71223e-25
ctatb3                            -2.65782e-19
resetnb3                          -9.15308e-19
xb3.xbias.na                      -1.03175e-18
xb3.xbias.pg                       9.64414e-19
xb3.xbias.nbtop                    7.06587e-19
xb3.vref                           -4.3736e-19
xb3.xbias.nbg                         4.35e-20
xb3.xbias.xrt.11                   7.06587e-19
xb3.xbias.xrt.21                   7.06587e-19
xb3.xbias.nb                       7.06587e-19
xb3.xbias.xr1.11                   7.06587e-19
xb3.xbias.xr1.21                   7.06587e-19
xb3.xbias.ec                       7.06587e-19
xb3.xbias.xr2.11                   -4.3736e-19
xb3.xbias.xr2.21                  -4.37362e-19
xb3.xbias.er                      -4.37362e-19
xb3.xbias.pb                       2.54924e-19
xb3.ibias                         -8.36059e-20
xb3.xbias.nt                      -8.60741e-19
xb3.xbias.n1                      -1.24591e-18
xb3.xbias.n2                        -6.311e-19
xb3.xbias.nz                        -6.311e-19
xb3.xbias.xrz.11                    -6.311e-19
xb3.xbias.xrz.21                    -6.311e-19
xb3.xbias.ks1                      2.93785e-19
xb3.xbias.ks2                     -3.16047e-19
xb3.xbias.ks3                      5.22647e-19
xb3.xbias.ks4                     -8.20537e-19
xb3.xbias.nkg                     -1.47083e-18
xb3.xbias.nkm                       8.2646e-19
xb3.xbias.tok                      7.38026e-19
xb3.xbias.noko                     7.18439e-19
xb3.xbias.nokl                     1.33296e-18
xb3.xbias.nokx                     2.93634e-19
xb3.bias_ok                       -1.76675e-18
xb3.xtemp.nbg                     -1.74091e-18
xb3.xtemp.enb                     -1.73253e-18
xb3.xtemp.pb                      -8.55955e-19
xb3.xtemp.pcas                    -3.12578e-19
xb3.xtemp.nt                       5.94407e-19
xb3.xtemp.n1                       8.41031e-19
xb3.xtemp.na                      -2.65782e-19
xb3.xtemp.n2                       1.56803e-19
xb3.xtemp.nb                       6.78108e-19
xb3.xtemp.pg                      -3.26582e-21
xb3.xtemp.nz                       1.56803e-19
xb3.xtemp.xrz.11                   1.56803e-19
xb3.xtemp.xrz.21                   1.56803e-19
xb3.xtemp.m1d                     -1.25774e-18
xb3.xtemp.m2d                     -3.67188e-19
xb3.xtemp.m3d                      -8.8486e-19
xb3.xtemp.nd                       3.08137e-21
xb3.xtemp.nr                      -1.34165e-19
xb3.xtemp.nc                       6.78108e-19
xb3.xtemp.xr1.11                   6.78108e-19
xb3.xtemp.xr1.21                   6.78108e-19
xb3.xtemp.xr2f.11                    4.712e-25
xb3.xtemp.xr2f.21                  6.87064e-26
xb3.xtemp.t5                        6.8684e-26
xb3.xtemp.xr2t5.11                 6.86615e-26
xb3.xtemp.xr2t5.21                 3.38063e-26
xb3.xtemp.t4                       3.37838e-26
xb3.xtemp.xr2t4.11                 3.37614e-26
xb3.xtemp.xr2t4.21                 1.63588e-26
xb3.xtemp.t3                       1.63364e-26
xb3.xtemp.xr2t3.11                 1.63139e-26
xb3.xtemp.xr2t3.21                 7.63767e-27
xb3.xtemp.t2                       7.61522e-27
xb3.xtemp.xr2t2.11                 7.59278e-27
xb3.xtemp.xr2t2.21                 3.28046e-27
xb3.xtemp.t1                       3.25801e-27
xb3.xtemp.xr2t1.11                 3.23557e-27
xb3.xtemp.xr2t1.21                 1.10672e-27
xb3.xtemp.t0                       1.08428e-27
xb3.xtemp.xr2t0.11                 1.06183e-27
xb3.xtemp.xr2t0.21                 2.24463e-29
xb3.xtemp.xriso.11                -2.65782e-19
xb3.xtemp.xriso.21                -2.65782e-19
xb3.xcmp.bias_okb                 -6.71754e-19
xb3.xcmp.nbg                      -3.65765e-18
xb3.xcmp.sns                                 0
xb3.xcmp.xrtop.11                            0
xb3.xcmp.xrtop.21                            0
xb3.xcmp.snsb                                0
xb3.xcmp.xrbot.11                            0
xb3.xcmp.xrbot.21                            0
xb3.xcmp.xrhys.11                            0
xb3.xcmp.xrhys.21                            0
xb3.xcmp.n1                       -1.74238e-18
xb3.xcmp.tn                        -4.7099e-20
xb3.xcmp.na                        1.22641e-18
xb3.xcmp.cmpo                      9.38593e-19
xb3.xcmp.vdda                     -2.12639e-19
xb3.por_raw                        1.78116e-18
xb3.xpor.pdn                       1.62673e-19
xb3.xpor.ndl                       2.95086e-46
xb3.xpor.ndgp                     -3.35778e-19
xb3.xpor.ndg                       3.02845e-20
xb3.xpor.ndgn                       2.6418e-19
xb3.xpor.pgdg                     -6.06656e-19
xb3.xpor.pgdgb                    -9.32385e-19
xb3.xpor.nts                       2.39351e-20
xb3.xpor.tim                      -2.02915e-19
xb3.xpor.nd1                       -4.5793e-24
xb3.xpor.trip                     -3.37686e-19
xb3.xpor.rstb                     -1.44552e-18
xb3.xpor.nnand                    -3.83562e-19
vddb6                                        0
ptatb6                            -3.13969e-26
ctatb6                             3.52778e-19
resetnb6                           3.83918e-18
xb6.xbias.na                      -8.55656e-19
xb6.xbias.pg                       2.68606e-19
xb6.xbias.nbtop                   -2.15536e-19
xb6.vref                          -8.62929e-19
xb6.xbias.nbg                     -8.28374e-19
xb6.xbias.xrt.11                  -2.15536e-19
xb6.xbias.xrt.21                  -2.15536e-19
xb6.xbias.nb                      -2.15536e-19
xb6.xbias.xr1.11                  -2.15536e-19
xb6.xbias.xr1.21                  -2.15536e-19
xb6.xbias.ec                      -2.15536e-19
xb6.xbias.xr2.11                  -8.62929e-19
xb6.xbias.xr2.21                  -8.62931e-19
xb6.xbias.er                      -8.62931e-19
xb6.xbias.pb                      -2.65757e-19
xb6.ibias                         -5.86176e-19
xb6.xbias.nt                       6.30982e-19
xb6.xbias.n1                      -8.61431e-19
xb6.xbias.n2                      -6.33197e-19
xb6.xbias.nz                      -6.33197e-19
xb6.xbias.xrz.11                  -6.33197e-19
xb6.xbias.xrz.21                  -6.33197e-19
xb6.xbias.ks1                     -4.46866e-19
xb6.xbias.ks2                     -3.40699e-19
xb6.xbias.ks3                      9.08135e-19
xb6.xbias.ks4                     -4.30006e-19
xb6.xbias.nkg                     -4.95022e-19
xb6.xbias.nkm                      8.54393e-19
xb6.xbias.tok                      4.43509e-19
xb6.xbias.noko                    -6.82889e-19
xb6.xbias.nokl                    -2.64468e-19
xb6.xbias.nokx                    -2.03699e-19
xb6.bias_ok                         1.7036e-18
xb6.xtemp.nbg                      2.59404e-19
xb6.xtemp.enb                      1.08531e-18
xb6.xtemp.pb                       7.27516e-19
xb6.xtemp.pcas                     1.08935e-18
xb6.xtemp.nt                       1.57348e-18
xb6.xtemp.n1                       1.31713e-18
xb6.xtemp.na                       3.52778e-19
xb6.xtemp.n2                       1.76858e-18
xb6.xtemp.nb                       1.60335e-18
xb6.xtemp.pg                        3.9395e-20
xb6.xtemp.nz                       1.76858e-18
xb6.xtemp.xrz.11                   1.76858e-18
xb6.xtemp.xrz.21                   1.76858e-18
xb6.xtemp.m1d                      1.48319e-19
xb6.xtemp.m2d                     -3.95078e-19
xb6.xtemp.m3d                      5.89569e-20
xb6.xtemp.nd                       -1.7436e-18
xb6.xtemp.nr                        7.5898e-20
xb6.xtemp.nc                       1.60335e-18
xb6.xtemp.xr1.11                   1.60335e-18
xb6.xtemp.xr1.21                   1.60335e-18
xb6.xtemp.xr2f.11                 -3.13954e-26
xb6.xtemp.xr2f.21                 -4.57781e-27
xb6.xtemp.t5                      -4.57631e-27
xb6.xtemp.xr2t5.11                -4.57481e-27
xb6.xtemp.xr2t5.21                -2.25246e-27
xb6.xtemp.t4                      -2.25097e-27
xb6.xtemp.xr2t4.11                -2.24947e-27
xb6.xtemp.xr2t4.21                -1.08996e-27
xb6.xtemp.t3                      -1.08847e-27
xb6.xtemp.xr2t3.11                -1.08697e-27
xb6.xtemp.xr2t3.21                -5.08887e-28
xb6.xtemp.t2                      -5.07391e-28
xb6.xtemp.xr2t2.11                -5.05895e-28
xb6.xtemp.xr2t2.21                -2.18572e-28
xb6.xtemp.t1                      -2.17076e-28
xb6.xtemp.xr2t1.11                -2.15581e-28
xb6.xtemp.xr2t1.21                -7.37392e-29
xb6.xtemp.t0                      -7.22436e-29
xb6.xtemp.xr2t0.11                -7.07481e-29
xb6.xtemp.xr2t0.21                -1.49556e-30
xb6.xtemp.xriso.11                 3.52778e-19
xb6.xtemp.xriso.21                 3.52778e-19
xb6.xcmp.bias_okb                 -6.38138e-19
xb6.xcmp.nbg                      -1.59042e-18
xb6.xcmp.sns                     -2.45103e-158
xb6.xcmp.xrtop.11                -2.45103e-158
xb6.xcmp.xrtop.21                -2.84453e-164
xb6.xcmp.snsb                    -4.55189e-158
xb6.xcmp.xrbot.11                -4.55189e-158
xb6.xcmp.xrbot.21                -2.45103e-158
xb6.xcmp.xrhys.11                 -5.3821e-163
xb6.xcmp.xrhys.21                -4.55184e-158
xb6.xcmp.n1                        -2.6616e-18
xb6.xcmp.tn                        3.45074e-18
xb6.xcmp.na                        1.22742e-17
xb6.xcmp.cmpo                      7.47341e-20
xb6.xcmp.vdda                      5.47848e-18
xb6.por_raw                        1.64761e-18
xb6.xpor.pdn                       6.87853e-20
xb6.xpor.ndl                         -1.79e-59
xb6.xpor.ndgp                      2.49606e-18
xb6.xpor.ndg                       3.10904e-18
xb6.xpor.ndgn                     -1.39336e-18
xb6.xpor.pgdg                      -5.7675e-18
xb6.xpor.pgdgb                    -3.90642e-19
xb6.xpor.nts                       2.19599e-19
xb6.xpor.tim                      -4.43649e-19
xb6.xpor.nd1                      -2.40592e-23
xb6.xpor.trip                      -5.8583e-20
xb6.xpor.rstb                     -1.91879e-19
xb6.xpor.nnand                     -1.2569e-18
vb6#branch                         8.00798e-29
vb3#branch                        -7.70076e-30
vb1#branch                         1.25319e-28

 Reference value :  0.00000e+00
 Reference value :  9.49190e-05
 Reference value :  2.25583e-04
 Reference value :  2.70035e-04
 Reference value :  3.14101e-04
 Reference value :  3.25965e-04
 Reference value :  3.26211e-04
 Reference value :  3.26297e-04
 Reference value :  3.36075e-04
 Reference value :  3.44872e-04
 Reference value :  3.45167e-04
 Reference value :  3.57401e-04
 Reference value :  8.42404e-04
 Reference value :  8.52892e-04
 Reference value :  8.53001e-04
 Reference value :  8.54688e-04
 Reference value :  8.62459e-04
 Reference value :  8.62642e-04
 Reference value :  8.66153e-04
 Reference value :  1.00905e-03
 Reference value :  1.90090e-03
 Reference value :  2.92090e-03
 Reference value :  4.00090e-03
 Reference value :  5.04090e-03
 Reference value :  6.10090e-03
 Reference value :  7.14090e-03
 Reference value :  8.14090e-03
 Reference value :  8.24628e-03
 Reference value :  8.26801e-03
 Reference value :  8.26902e-03
 Reference value :  8.26916e-03
 Reference value :  8.26940e-03
 Reference value :  8.27016e-03
 Reference value :  8.27028e-03
 Reference value :  8.27053e-03
 Reference value :  8.27120e-03
 Reference value :  8.27162e-03
 Reference value :  8.27813e-03
 Reference value :  8.28029e-03
 Reference value :  8.28033e-03
 Reference value :  8.28033e-03
 Reference value :  8.28036e-03
 Reference value :  8.28079e-03
 Reference value :  8.29530e-03
 Reference value :  8.29752e-03
 Reference value :  8.29776e-03
 Reference value :  8.29781e-03
 Reference value :  8.29858e-03
 Reference value :  8.29874e-03
 Reference value :  8.29882e-03
 Reference value :  8.29962e-03
 Reference value :  8.29976e-03
 Reference value :  8.30247e-03
 Reference value :  8.36454e-03
 Reference value :  9.37699e-03
 Reference value :  1.03970e-02
 Reference value :  1.15170e-02
 Reference value :  1.26970e-02
 Reference value :  1.38970e-02
 Reference value :  1.51170e-02
 Reference value :  1.63170e-02
 Reference value :  1.74970e-02
 Reference value :  1.86970e-02
 Reference value :  1.99570e-02
 Reference value :  2.00242e-02
 Reference value :  2.00246e-02
 Reference value :  2.00246e-02
 Reference value :  2.00246e-02
 Reference value :  2.00246e-02
 Reference value :  2.00260e-02
 Reference value :  2.00420e-02
 Reference value :  2.00423e-02
 Reference value :  2.00424e-02
 Reference value :  2.00424e-02
 Reference value :  2.00424e-02
 Reference value :  2.00429e-02
 Reference value :  2.00751e-02
 Reference value :  2.00813e-02
 Reference value :  2.00815e-02
 Reference value :  2.00815e-02
 Reference value :  2.00815e-02
 Reference value :  2.00821e-02
 Reference value :  2.00942e-02
 Reference value :  2.00944e-02
 Reference value :  2.00944e-02
 Reference value :  2.00944e-02
 Reference value :  2.00944e-02
 Reference value :  2.00952e-02
 Reference value :  2.03025e-02
 Reference value :  2.03381e-02
 Reference value :  2.03384e-02
 Reference value :  2.03390e-02
 Reference value :  2.03619e-02
 Reference value :  2.06138e-02
 Reference value :  2.06160e-02
 Reference value :  2.06162e-02
 Reference value :  2.06254e-02
 Reference value :  2.06257e-02
 Reference value :  2.06291e-02
 Reference value :  2.08042e-02
 Reference value :  2.10266e-02
 Reference value :  2.10268e-02
 Reference value :  2.10275e-02
 Reference value :  2.10498e-02
 Reference value :  2.11496e-02
 Reference value :  2.11555e-02
 Reference value :  2.11571e-02
 Reference value :  2.11572e-02
 Reference value :  2.11586e-02
 Reference value :  2.11624e-02
 Reference value :  2.11625e-02
 Reference value :  2.11625e-02
 Reference value :  2.11625e-02
 Reference value :  2.11625e-02
 Reference value :  2.11628e-02
 Reference value :  2.11752e-02
 Reference value :  2.17985e-02
 Reference value :  2.18142e-02
 Reference value :  2.18143e-02
 Reference value :  2.18150e-02
 Reference value :  2.18236e-02
 Reference value :  2.18239e-02
 Reference value :  2.18274e-02
 Reference value :  2.20607e-02
 Reference value :  2.30150e-02
 Reference value :  2.38847e-02
 Reference value :  2.50447e-02
 Reference value :  2.52205e-02
 Reference value :  2.52208e-02
 Reference value :  2.52254e-02
 Reference value :  2.52303e-02
 Reference value :  2.52304e-02
 Reference value :  2.52349e-02
 Reference value :  2.60239e-02
 Reference value :  2.70522e-02
 Reference value :  2.80206e-02
 Reference value :  2.80375e-02
 Reference value :  2.80383e-02
 Reference value :  2.80384e-02
 Reference value :  2.80390e-02
 Reference value :  2.80395e-02
 Reference value :  2.80396e-02
 Reference value :  2.80404e-02
 Reference value :  2.80408e-02
 Reference value :  2.80482e-02
 Reference value :  2.80495e-02
 Reference value :  2.80496e-02
 Reference value :  2.80496e-02
 Reference value :  2.80501e-02
 Reference value :  2.80653e-02
 Reference value :  2.80668e-02
 Reference value :  2.80670e-02
 Reference value :  2.80674e-02
 Reference value :  2.80680e-02
 Reference value :  2.80683e-02
 Reference value :  2.80689e-02
 Reference value :  2.80699e-02
 Reference value :  2.81069e-02
 Reference value :  2.90313e-02
 Reference value :  2.92127e-02
 Reference value :  2.92288e-02
 Reference value :  2.92297e-02
 Reference value :  2.92298e-02
 Reference value :  2.92305e-02
 Reference value :  2.92309e-02
 Reference value :  2.92311e-02
 Reference value :  2.92319e-02
 Reference value :  2.92324e-02
 Reference value :  2.92401e-02
 Reference value :  2.92410e-02
 Reference value :  2.92410e-02
 Reference value :  2.92411e-02
 Reference value :  2.92415e-02
 Reference value :  2.92566e-02
 Reference value :  2.92583e-02
 Reference value :  2.92585e-02
 Reference value :  2.92587e-02
 Reference value :  2.92594e-02
 Reference value :  2.92595e-02
 Reference value :  2.92603e-02
 Reference value :  2.92607e-02
 Reference value :  2.92707e-02
 Reference value :  2.97279e-02
 Reference value :  3.08879e-02
 Reference value :  3.20479e-02
 Reference value :  3.26248e-02
 Reference value :  3.26412e-02
 Reference value :  3.26419e-02
 Reference value :  3.26420e-02
 Reference value :  3.26426e-02
 Reference value :  3.26431e-02
 Reference value :  3.26432e-02
 Reference value :  3.26440e-02
 Reference value :  3.26444e-02
 Reference value :  3.26520e-02
 Reference value :  3.26531e-02
 Reference value :  3.26532e-02
 Reference value :  3.26532e-02
 Reference value :  3.26534e-02
 Reference value :  3.26626e-02
 Reference value :  3.26703e-02
 Reference value :  3.26706e-02
 Reference value :  3.26707e-02
 Reference value :  3.26715e-02
 Reference value :  3.26716e-02
 Reference value :  3.26723e-02
 Reference value :  3.26725e-02
 Reference value :  3.26746e-02
 Reference value :  3.27550e-02
 Reference value :  3.37150e-02
 Reference value :  3.48150e-02
 Reference value :  3.58950e-02
 Reference value :  3.69350e-02
 Reference value :  3.80950e-02
 Reference value :  3.92350e-02
 Reference value :  4.03350e-02
 Reference value :  4.14950e-02
 Reference value :  4.26550e-02
 Reference value :  4.36150e-02
 Reference value :  4.45750e-02
 Reference value :  4.55150e-02
 Reference value :  4.64750e-02
 Reference value :  4.74350e-02
 Reference value :  4.83950e-02
 Reference value :  4.93150e-02
 Reference value :  5.02550e-02
 Reference value :  5.11750e-02
 Reference value :  5.21350e-02
 Reference value :  5.30750e-02
 Reference value :  5.40350e-02
 Reference value :  5.50000e-02
No. of Data Rows : 7391
t_praw_b1           =  2.00246e-02
vdd_praw_b1         =  3.11152e+00
vref_praw_b1        =  9.41595e-01
t_praw_b3           =  2.00815e-02
vdd_praw_b3         =  3.11249e+00
vref_praw_b3        =  1.14207e+00
t_praw_b6           =  2.11572e-02
vdd_praw_b6         =  2.41278e+00
vref_praw_b6        =  1.18915e+00
m_t_praw_b1_us = 2.4580000000e+01
m_vdd_at_praw_b1_v = 3.1115230000e+00
m_vref_at_praw_b1_v = 9.4159500000e-01
m_t_praw_b3_us = 8.1520000000e+01
m_vdd_at_praw_b3_v = 3.1124930000e+00
m_vref_at_praw_b3_v = 1.1420690000e+00
m_t_praw_b6_us = 1.1572500000e+03
m_vdd_at_praw_b6_v = 2.4127780000e+00
m_vref_at_praw_b6_v = 1.1891450000e+00
Note: Simulation executed from .control section 

Warning: m=xx on .subckt line will override multiplier m hierarchy!

