
Note: Compatibility modes selected: hs a


Circuit: * por-brownout-spurious @ bjt_ff_125c_2.97v -- generated by sim/harness, do not edit

Doing analysis at TEMP = 125.000000 and TNOM = 27.000000

Using SPARSE 1.3 as Direct Linear Solver

Initial Transient Solution
--------------------------

Node                                   Voltage
----                                   -------
vddb1                                        0
ptatb1                            -9.81389e-75
ctatb1                             1.37887e-57
resetnb1                          -9.93398e-70
xb1.xbias.na                       1.08673e-55
xb1.xbias.pg                       1.24236e-81
xb1.xbias.nbtop                   -7.30338e-47
xb1.vref                          -5.07327e-57
xb1.xbias.nbg                      2.40385e-87
xb1.xbias.xrt.11                  -7.30338e-47
xb1.xbias.xrt.21                  -7.30338e-47
xb1.xbias.nb                      -7.30338e-47
xb1.xbias.xr1.11                  -7.30338e-47
xb1.xbias.xr1.21                  -7.30339e-47
xb1.xbias.ec                      -7.30339e-47
xb1.xbias.xr2.11                  -5.07327e-57
xb1.xbias.xr2.21                  -5.07329e-57
xb1.xbias.er                      -5.07329e-57
xb1.xbias.pb                      -1.85614e-88
xb1.ibias                          1.98226e-74
xb1.xbias.nt                      -4.16313e-81
xb1.xbias.n1                       -6.3948e-81
xb1.xbias.n2                      -2.80167e-81
xb1.xbias.nz                      -2.80167e-81
xb1.xbias.xrz.11                  -2.80167e-81
xb1.xbias.xrz.21                  -2.80167e-81
xb1.xbias.ks1                     -6.88955e-83
xb1.xbias.ks2                      7.82343e-82
xb1.xbias.ks3                     -8.79958e-81
xb1.xbias.ks4                      9.89891e-80
xb1.xbias.nkg                     -1.11352e-78
xb1.xbias.nkm                     -2.14871e-87
xb1.xbias.tok                     -3.60155e-80
xb1.xbias.noko                    -7.99719e-80
xb1.xbias.nokl                    -1.56009e-80
xb1.xbias.nokx                     2.72929e-85
xb1.bias_ok                       -1.26237e-75
xb1.xtemp.nbg                     -2.03765e-74
xb1.xtemp.enb                     -6.52682e-81
xb1.xtemp.pb                      -5.10136e-79
xb1.xtemp.pcas                    -1.88631e-80
xb1.xtemp.nt                       6.65749e-77
xb1.xtemp.n1                       5.27258e-77
xb1.xtemp.na                       1.37887e-57
xb1.xtemp.n2                       8.85429e-77
xb1.xtemp.nb                      -2.12826e-46
xb1.xtemp.pg                      -3.54087e-82
xb1.xtemp.nz                       8.85429e-77
xb1.xtemp.xrz.11                   8.85429e-77
xb1.xtemp.xrz.21                   8.85429e-77
xb1.xtemp.m1d                      -1.0112e-57
xb1.xtemp.m2d                      4.56893e-47
xb1.xtemp.m3d                      1.84257e-68
xb1.xtemp.nd                      -1.08622e-78
xb1.xtemp.nr                       3.21734e-85
xb1.xtemp.nc                      -2.12826e-46
xb1.xtemp.xr1.11                  -2.12826e-46
xb1.xtemp.xr1.21                  -2.12826e-46
xb1.xtemp.xr2f.11                 -9.81343e-75
xb1.xtemp.xr2f.21                  -1.4311e-75
xb1.xtemp.t5                      -1.43063e-75
xb1.xtemp.xr2t5.11                -1.43016e-75
xb1.xtemp.xr2t5.21                -7.04112e-76
xb1.xtemp.t4                      -7.03644e-76
xb1.xtemp.xr2t4.11                -7.03177e-76
xb1.xtemp.xr2t4.21                -3.40708e-76
xb1.xtemp.t3                       -3.4024e-76
xb1.xtemp.xr2t3.11                -3.39773e-76
xb1.xtemp.xr2t3.21                -1.59069e-76
xb1.xtemp.t2                      -1.58601e-76
xb1.xtemp.xr2t2.11                -1.58134e-76
xb1.xtemp.xr2t2.21                 -6.8321e-77
xb1.xtemp.t1                      -6.78535e-77
xb1.xtemp.xr2t1.11                -6.73861e-77
xb1.xtemp.xr2t1.21                -2.30492e-77
xb1.xtemp.t0                      -2.25817e-77
xb1.xtemp.xr2t0.11                -2.21143e-77
xb1.xtemp.xr2t0.21                -4.67479e-79
xb1.xtemp.xriso.11                 1.37887e-57
xb1.xtemp.xriso.21                 1.37887e-57
xb1.xcmp.bias_okb                 -2.74295e-81
xb1.xcmp.nbg                       -2.0067e-74
xb1.xcmp.sns                      -4.89953e-91
xb1.xcmp.xrtop.11                 -4.89953e-91
xb1.xcmp.xrtop.21                 -5.68609e-97
xb1.xcmp.snsb                     -9.09914e-91
xb1.xcmp.xrbot.11                 -9.09914e-91
xb1.xcmp.xrbot.21                 -4.89954e-91
xb1.xcmp.xrhys.11                 -1.07582e-95
xb1.xcmp.xrhys.21                 -9.09904e-91
xb1.xcmp.n1                       -4.25919e-82
xb1.xcmp.tn                        6.96325e-78
xb1.xcmp.na                        -4.9255e-77
xb1.xcmp.cmpo                      7.44685e-78
xb1.xcmp.vdda                      1.75638e-78
xb1.por_raw                       -1.14574e-82
xb1.xpor.pdn                     -3.31189e-101
xb1.xpor.ndl                     -8.34131e-105
xb1.xpor.ndgp                     -3.60602e-80
xb1.xpor.ndg                       8.08355e-79
xb1.xpor.ndgn                     -1.77426e-78
xb1.xpor.pgdg                      -6.1966e-80
xb1.xpor.pgdgb                    -1.92362e-85
xb1.xpor.nts                       -1.2986e-84
xb1.xpor.tim                       1.08223e-83
xb1.xpor.nd1                      -2.75074e-95
xb1.xpor.trip                     -7.47208e-85
xb1.xpor.rstb                     -5.21388e-75
xb1.xpor.nnand                       1.314e-74
vddb3                                        0
ptatb3                            -9.81389e-75
ctatb3                             1.37887e-57
resetnb3                          -9.93398e-70
xb3.xbias.na                       1.08673e-55
xb3.xbias.pg                       1.24236e-81
xb3.xbias.nbtop                   -7.30338e-47
xb3.vref                          -5.07327e-57
xb3.xbias.nbg                      2.40385e-87
xb3.xbias.xrt.11                  -7.30338e-47
xb3.xbias.xrt.21                  -7.30338e-47
xb3.xbias.nb                      -7.30338e-47
xb3.xbias.xr1.11                  -7.30338e-47
xb3.xbias.xr1.21                  -7.30339e-47
xb3.xbias.ec                      -7.30339e-47
xb3.xbias.xr2.11                  -5.07327e-57
xb3.xbias.xr2.21                  -5.07329e-57
xb3.xbias.er                      -5.07329e-57
xb3.xbias.pb                      -1.85614e-88
xb3.ibias                          1.98226e-74
xb3.xbias.nt                      -4.16333e-81
xb3.xbias.n1                      -6.39492e-81
xb3.xbias.n2                       -2.8018e-81
xb3.xbias.nz                       -2.8018e-81
xb3.xbias.xrz.11                   -2.8018e-81
xb3.xbias.xrz.21                   -2.8018e-81
xb3.xbias.ks1                     -6.88955e-83
xb3.xbias.ks2                      7.82343e-82
xb3.xbias.ks3                     -8.79958e-81
xb3.xbias.ks4                      9.89891e-80
xb3.xbias.nkg                     -1.11352e-78
xb3.xbias.nkm                     -2.14871e-87
xb3.xbias.tok                     -3.60143e-80
xb3.xbias.noko                    -7.99719e-80
xb3.xbias.nokl                    -1.56007e-80
xb3.xbias.nokx                     2.72929e-85
xb3.bias_ok                       -1.26237e-75
xb3.xtemp.nbg                     -2.03765e-74
xb3.xtemp.enb                     -6.52682e-81
xb3.xtemp.pb                      -5.10136e-79
xb3.xtemp.pcas                    -1.88631e-80
xb3.xtemp.nt                       6.65748e-77
xb3.xtemp.n1                       5.27257e-77
xb3.xtemp.na                       1.37887e-57
xb3.xtemp.n2                       8.85428e-77
xb3.xtemp.nb                      -2.12826e-46
xb3.xtemp.pg                      -3.54086e-82
xb3.xtemp.nz                       8.85428e-77
xb3.xtemp.xrz.11                   8.85428e-77
xb3.xtemp.xrz.21                   8.85428e-77
xb3.xtemp.m1d                      -1.0112e-57
xb3.xtemp.m2d                      4.56893e-47
xb3.xtemp.m3d                      1.84257e-68
xb3.xtemp.nd                      -1.08622e-78
xb3.xtemp.nr                       3.21734e-85
xb3.xtemp.nc                      -2.12826e-46
xb3.xtemp.xr1.11                  -2.12826e-46
xb3.xtemp.xr1.21                  -2.12826e-46
xb3.xtemp.xr2f.11                 -9.81343e-75
xb3.xtemp.xr2f.21                  -1.4311e-75
xb3.xtemp.t5                      -1.43063e-75
xb3.xtemp.xr2t5.11                -1.43016e-75
xb3.xtemp.xr2t5.21                -7.04112e-76
xb3.xtemp.t4                      -7.03644e-76
xb3.xtemp.xr2t4.11                -7.03177e-76
xb3.xtemp.xr2t4.21                -3.40708e-76
xb3.xtemp.t3                       -3.4024e-76
xb3.xtemp.xr2t3.11                -3.39773e-76
xb3.xtemp.xr2t3.21                -1.59069e-76
xb3.xtemp.t2                      -1.58601e-76
xb3.xtemp.xr2t2.11                -1.58134e-76
xb3.xtemp.xr2t2.21                 -6.8321e-77
xb3.xtemp.t1                      -6.78535e-77
xb3.xtemp.xr2t1.11                -6.73861e-77
xb3.xtemp.xr2t1.21                -2.30492e-77
xb3.xtemp.t0                      -2.25817e-77
xb3.xtemp.xr2t0.11                -2.21143e-77
xb3.xtemp.xr2t0.21                -4.67479e-79
xb3.xtemp.xriso.11                 1.37887e-57
xb3.xtemp.xriso.21                 1.37887e-57
xb3.xcmp.bias_okb                 -2.74295e-81
xb3.xcmp.nbg                       -2.0067e-74
xb3.xcmp.sns                      -4.89953e-91
xb3.xcmp.xrtop.11                 -4.89953e-91
xb3.xcmp.xrtop.21                 -5.68609e-97
xb3.xcmp.snsb                     -9.09914e-91
xb3.xcmp.xrbot.11                 -9.09914e-91
xb3.xcmp.xrbot.21                 -4.89954e-91
xb3.xcmp.xrhys.11                 -1.07582e-95
xb3.xcmp.xrhys.21                 -9.09904e-91
xb3.xcmp.n1                       -4.25919e-82
xb3.xcmp.tn                        6.96325e-78
xb3.xcmp.na                        -4.9255e-77
xb3.xcmp.cmpo                      7.44685e-78
xb3.xcmp.vdda                      1.75638e-78
xb3.por_raw                       -1.14574e-82
xb3.xpor.pdn                     -3.31189e-101
xb3.xpor.ndl                     -8.34131e-105
xb3.xpor.ndgp                     -3.60602e-80
xb3.xpor.ndg                       8.08355e-79
xb3.xpor.ndgn                     -1.77426e-78
xb3.xpor.pgdg                      -6.1966e-80
xb3.xpor.pgdgb                    -1.92362e-85
xb3.xpor.nts                       -1.2986e-84
xb3.xpor.tim                       1.08223e-83
xb3.xpor.nd1                      -2.75074e-95
xb3.xpor.trip                     -7.47208e-85
xb3.xpor.rstb                     -5.21388e-75
xb3.xpor.nnand                       1.314e-74
vddb6                                        0
ptatb6                             -9.8139e-75
ctatb6                             1.37888e-57
resetnb6                          -9.93398e-70
xb6.xbias.na                       1.08673e-55
xb6.xbias.pg                       1.24236e-81
xb6.xbias.nbtop                   -7.30341e-47
xb6.vref                          -5.07327e-57
xb6.xbias.nbg                      2.40385e-87
xb6.xbias.xrt.11                  -7.30341e-47
xb6.xbias.xrt.21                  -7.30341e-47
xb6.xbias.nb                      -7.30341e-47
xb6.xbias.xr1.11                  -7.30341e-47
xb6.xbias.xr1.21                  -7.30341e-47
xb6.xbias.ec                      -7.30341e-47
xb6.xbias.xr2.11                  -5.07327e-57
xb6.xbias.xr2.21                  -5.07329e-57
xb6.xbias.er                      -5.07329e-57
xb6.xbias.pb                      -1.85614e-88
xb6.ibias                          1.98226e-74
xb6.xbias.nt                       -4.1631e-81
xb6.xbias.n1                      -6.39477e-81
xb6.xbias.n2                       -2.8016e-81
xb6.xbias.nz                       -2.8016e-81
xb6.xbias.xrz.11                   -2.8016e-81
xb6.xbias.xrz.21                   -2.8016e-81
xb6.xbias.ks1                     -6.88955e-83
xb6.xbias.ks2                      7.82343e-82
xb6.xbias.ks3                     -8.79958e-81
xb6.xbias.ks4                      9.89891e-80
xb6.xbias.nkg                     -1.11352e-78
xb6.xbias.nkm                     -2.14871e-87
xb6.xbias.tok                     -3.60141e-80
xb6.xbias.noko                    -7.99719e-80
xb6.xbias.nokl                    -1.56007e-80
xb6.xbias.nokx                     2.72929e-85
xb6.bias_ok                       -1.26237e-75
xb6.xtemp.nbg                     -2.03765e-74
xb6.xtemp.enb                     -6.52682e-81
xb6.xtemp.pb                      -5.10136e-79
xb6.xtemp.pcas                    -1.88631e-80
xb6.xtemp.nt                       6.65759e-77
xb6.xtemp.n1                       5.27264e-77
xb6.xtemp.na                       1.37888e-57
xb6.xtemp.n2                       8.85452e-77
xb6.xtemp.nb                      -2.12826e-46
xb6.xtemp.pg                      -3.54081e-82
xb6.xtemp.nz                       8.85452e-77
xb6.xtemp.xrz.11                   8.85452e-77
xb6.xtemp.xrz.21                   8.85452e-77
xb6.xtemp.m1d                      -1.0112e-57
xb6.xtemp.m2d                      4.56894e-47
xb6.xtemp.m3d                      1.84257e-68
xb6.xtemp.nd                      -1.08622e-78
xb6.xtemp.nr                       3.21734e-85
xb6.xtemp.nc                      -2.12826e-46
xb6.xtemp.xr1.11                  -2.12826e-46
xb6.xtemp.xr1.21                  -2.12826e-46
xb6.xtemp.xr2f.11                 -9.81343e-75
xb6.xtemp.xr2f.21                  -1.4311e-75
xb6.xtemp.t5                      -1.43063e-75
xb6.xtemp.xr2t5.11                -1.43016e-75
xb6.xtemp.xr2t5.21                -7.04112e-76
xb6.xtemp.t4                      -7.03644e-76
xb6.xtemp.xr2t4.11                -7.03177e-76
xb6.xtemp.xr2t4.21                -3.40708e-76
xb6.xtemp.t3                       -3.4024e-76
xb6.xtemp.xr2t3.11                -3.39773e-76
xb6.xtemp.xr2t3.21                -1.59069e-76
xb6.xtemp.t2                      -1.58601e-76
xb6.xtemp.xr2t2.11                -1.58134e-76
xb6.xtemp.xr2t2.21                 -6.8321e-77
xb6.xtemp.t1                      -6.78536e-77
xb6.xtemp.xr2t1.11                -6.73861e-77
xb6.xtemp.xr2t1.21                -2.30492e-77
xb6.xtemp.t0                      -2.25818e-77
xb6.xtemp.xr2t0.11                -2.21143e-77
xb6.xtemp.xr2t0.21                -4.67479e-79
xb6.xtemp.xriso.11                 1.37888e-57
xb6.xtemp.xriso.21                 1.37888e-57
xb6.xcmp.bias_okb                 -2.74295e-81
xb6.xcmp.nbg                       -2.0067e-74
xb6.xcmp.sns                      -4.89953e-91
xb6.xcmp.xrtop.11                 -4.89953e-91
xb6.xcmp.xrtop.21                 -5.68609e-97
xb6.xcmp.snsb                     -9.09914e-91
xb6.xcmp.xrbot.11                 -9.09914e-91
xb6.xcmp.xrbot.21                 -4.89954e-91
xb6.xcmp.xrhys.11                 -1.07582e-95
xb6.xcmp.xrhys.21                 -9.09904e-91
xb6.xcmp.n1                       -4.25919e-82
xb6.xcmp.tn                        6.96325e-78
xb6.xcmp.na                        -4.9255e-77
xb6.xcmp.cmpo                      7.44685e-78
xb6.xcmp.vdda                      1.75638e-78
xb6.por_raw                       -1.14574e-82
xb6.xpor.pdn                     -3.31189e-101
xb6.xpor.ndl                     -8.34131e-105
xb6.xpor.ndgp                     -3.60602e-80
xb6.xpor.ndg                       8.08355e-79
xb6.xpor.ndgn                     -1.77426e-78
xb6.xpor.pgdg                      -6.1966e-80
xb6.xpor.pgdgb                    -1.92362e-85
xb6.xpor.nts                       -1.2986e-84
xb6.xpor.tim                       1.08223e-83
xb6.xpor.nd1                      -2.75074e-95
xb6.xpor.trip                     -7.47208e-85
xb6.xpor.rstb                     -5.21388e-75
xb6.xpor.nnand                       1.314e-74
vb6#branch                        -1.65459e-58
vb3#branch                        -1.65451e-58
vb1#branch                        -1.65451e-58

 Reference value :  0.00000e+00
 Reference value :  9.78014e-05
 Reference value :  2.07559e-04
 Reference value :  2.77773e-04
 Reference value :  3.24720e-04
 Reference value :  3.55760e-04
 Reference value :  3.57841e-04
 Reference value :  3.57874e-04
 Reference value :  3.58297e-04
 Reference value :  3.70500e-04
 Reference value :  3.76671e-04
 Reference value :  3.76985e-04
 Reference value :  3.88377e-04
 Reference value :  9.10536e-04
 Reference value :  9.26047e-04
 Reference value :  9.26193e-04
 Reference value :  9.26681e-04
 Reference value :  9.35338e-04
 Reference value :  9.35654e-04
 Reference value :  9.35726e-04
 Reference value :  9.40102e-04
 Reference value :  1.31002e-03
 Reference value :  2.29002e-03
 Reference value :  3.25002e-03
 Reference value :  4.17002e-03
 Reference value :  5.11002e-03
 Reference value :  6.03002e-03
 Reference value :  6.95002e-03
 Reference value :  7.57321e-03
 Reference value :  7.59895e-03
 Reference value :  7.59997e-03
 Reference value :  7.60011e-03
 Reference value :  7.60023e-03
 Reference value :  7.60100e-03
 Reference value :  7.60125e-03
 Reference value :  7.60131e-03
 Reference value :  7.60208e-03
 Reference value :  7.60225e-03
 Reference value :  7.60372e-03
 Reference value :  7.61021e-03
 Reference value :  7.61069e-03
 Reference value :  7.61070e-03
 Reference value :  7.61071e-03
 Reference value :  7.61149e-03
 Reference value :  7.62597e-03
 Reference value :  7.62737e-03
 Reference value :  7.62752e-03
 Reference value :  7.62803e-03
 Reference value :  7.62848e-03
 Reference value :  7.62853e-03
 Reference value :  7.62933e-03
 Reference value :  7.62947e-03
 Reference value :  7.63150e-03
 Reference value :  7.65153e-03
 Reference value :  7.65392e-03
 Reference value :  7.65397e-03
 Reference value :  7.65398e-03
 Reference value :  7.65399e-03
 Reference value :  7.65402e-03
 Reference value :  7.65441e-03
 Reference value :  7.66078e-03
 Reference value :  7.66117e-03
 Reference value :  7.66129e-03
 Reference value :  7.66189e-03
 Reference value :  7.66221e-03
 Reference value :  7.66228e-03
 Reference value :  7.66308e-03
 Reference value :  7.66320e-03
 Reference value :  7.66508e-03
 Reference value :  7.77510e-03
 Reference value :  8.79510e-03
 Reference value :  9.77510e-03
 Reference value :  1.07551e-02
 Reference value :  1.17951e-02
 Reference value :  1.28551e-02
 Reference value :  1.39151e-02
 Reference value :  1.49551e-02
 Reference value :  1.59551e-02
 Reference value :  1.69751e-02
 Reference value :  1.79551e-02
 Reference value :  1.89151e-02
 Reference value :  1.98951e-02
 Reference value :  2.00243e-02
 Reference value :  2.00250e-02
 Reference value :  2.00251e-02
 Reference value :  2.00251e-02
 Reference value :  2.00251e-02
 Reference value :  2.00252e-02
 Reference value :  2.00389e-02
 Reference value :  2.00406e-02
 Reference value :  2.00407e-02
 Reference value :  2.00407e-02
 Reference value :  2.00407e-02
 Reference value :  2.00407e-02
 Reference value :  2.00410e-02
 Reference value :  2.00936e-02
 Reference value :  2.01012e-02
 Reference value :  2.01016e-02
 Reference value :  2.01018e-02
 Reference value :  2.01018e-02
 Reference value :  2.01018e-02
 Reference value :  2.01020e-02
 Reference value :  2.01131e-02
 Reference value :  2.01137e-02
 Reference value :  2.01139e-02
 Reference value :  2.01139e-02
 Reference value :  2.01139e-02
 Reference value :  2.01139e-02
 Reference value :  2.01141e-02
 Reference value :  2.01199e-02
 Reference value :  2.03182e-02
 Reference value :  2.03328e-02
 Reference value :  2.03330e-02
 Reference value :  2.03332e-02
 Reference value :  2.03504e-02
 Reference value :  2.06349e-02
 Reference value :  2.06453e-02
 Reference value :  2.06455e-02
 Reference value :  2.06457e-02
 Reference value :  2.06549e-02
 Reference value :  2.06551e-02
 Reference value :  2.06552e-02
 Reference value :  2.06601e-02
 Reference value :  2.08951e-02
 Reference value :  2.09006e-02
 Reference value :  2.09022e-02
 Reference value :  2.09025e-02
 Reference value :  2.09025e-02
 Reference value :  2.09074e-02
 Reference value :  2.09077e-02
 Reference value :  2.09077e-02
 Reference value :  2.09077e-02
 Reference value :  2.09077e-02
 Reference value :  2.09077e-02
 Reference value :  2.09078e-02
 Reference value :  2.09117e-02
 Reference value :  2.10111e-02
 Reference value :  2.10244e-02
 Reference value :  2.10247e-02
 Reference value :  2.10248e-02
 Reference value :  2.10356e-02
 Reference value :  2.11695e-02
 Reference value :  2.19011e-02
 Reference value :  2.19092e-02
 Reference value :  2.19093e-02
 Reference value :  2.19135e-02
 Reference value :  2.19187e-02
 Reference value :  2.19187e-02
 Reference value :  2.19229e-02
 Reference value :  2.22685e-02
 Reference value :  2.30537e-02
 Reference value :  2.39466e-02
 Reference value :  2.49666e-02
 Reference value :  2.54891e-02
 Reference value :  2.55035e-02
 Reference value :  2.55039e-02
 Reference value :  2.55057e-02
 Reference value :  2.55128e-02
 Reference value :  2.55133e-02
 Reference value :  2.55140e-02
 Reference value :  2.55275e-02
 Reference value :  2.63942e-02
 Reference value :  2.72764e-02
 Reference value :  2.73074e-02
 Reference value :  2.73240e-02
 Reference value :  2.73249e-02
 Reference value :  2.73251e-02
 Reference value :  2.73254e-02
 Reference value :  2.73261e-02
 Reference value :  2.73262e-02
 Reference value :  2.73265e-02
 Reference value :  2.73272e-02
 Reference value :  2.73277e-02
 Reference value :  2.73344e-02
 Reference value :  2.73356e-02
 Reference value :  2.73356e-02
 Reference value :  2.73356e-02
 Reference value :  2.73357e-02
 Reference value :  2.73368e-02
 Reference value :  2.73514e-02
 Reference value :  2.73523e-02
 Reference value :  2.73524e-02
 Reference value :  2.73527e-02
 Reference value :  2.73534e-02
 Reference value :  2.73535e-02
 Reference value :  2.73542e-02
 Reference value :  2.73544e-02
 Reference value :  2.73568e-02
 Reference value :  2.73773e-02
 Reference value :  2.73788e-02
 Reference value :  2.73789e-02
 Reference value :  2.73789e-02
 Reference value :  2.73789e-02
 Reference value :  2.73839e-02
 Reference value :  2.73859e-02
 Reference value :  2.73862e-02
 Reference value :  2.73863e-02
 Reference value :  2.73870e-02
 Reference value :  2.73872e-02
 Reference value :  2.73878e-02
 Reference value :  2.73881e-02
 Reference value :  2.73902e-02
 Reference value :  2.75826e-02
 Reference value :  2.85529e-02
 Reference value :  2.85804e-02
 Reference value :  2.85815e-02
 Reference value :  2.85817e-02
 Reference value :  2.85818e-02
 Reference value :  2.85826e-02
 Reference value :  2.85828e-02
 Reference value :  2.85830e-02
 Reference value :  2.85837e-02
 Reference value :  2.85839e-02
 Reference value :  2.85885e-02
 Reference value :  2.85922e-02
 Reference value :  2.85923e-02
 Reference value :  2.85923e-02
 Reference value :  2.85923e-02
 Reference value :  2.85931e-02
 Reference value :  2.86078e-02
 Reference value :  2.86089e-02
 Reference value :  2.86091e-02
 Reference value :  2.86094e-02
 Reference value :  2.86100e-02
 Reference value :  2.86101e-02
 Reference value :  2.86108e-02
 Reference value :  2.86110e-02
 Reference value :  2.86126e-02
 Reference value :  2.86324e-02
 Reference value :  2.86356e-02
 Reference value :  2.86356e-02
 Reference value :  2.86356e-02
 Reference value :  2.86357e-02
 Reference value :  2.86369e-02
 Reference value :  2.86424e-02
 Reference value :  2.86428e-02
 Reference value :  2.86429e-02
 Reference value :  2.86436e-02
 Reference value :  2.86438e-02
 Reference value :  2.86440e-02
 Reference value :  2.86447e-02
 Reference value :  2.86453e-02
 Reference value :  2.86577e-02
 Reference value :  2.94994e-02
 Reference value :  3.04994e-02
 Reference value :  3.14994e-02
 Reference value :  3.21515e-02
 Reference value :  3.21756e-02
 Reference value :  3.21765e-02
 Reference value :  3.21766e-02
 Reference value :  3.21769e-02
 Reference value :  3.21777e-02
 Reference value :  3.21778e-02
 Reference value :  3.21781e-02
 Reference value :  3.21787e-02
 Reference value :  3.21794e-02
 Reference value :  3.21865e-02
 Reference value :  3.21872e-02
 Reference value :  3.21872e-02
 Reference value :  3.21872e-02
 Reference value :  3.21873e-02
 Reference value :  3.21883e-02
 Reference value :  3.22028e-02
 Reference value :  3.22040e-02
 Reference value :  3.22041e-02
 Reference value :  3.22043e-02
 Reference value :  3.22050e-02
 Reference value :  3.22051e-02
 Reference value :  3.22056e-02
 Reference value :  3.22060e-02
 Reference value :  3.22067e-02
 Reference value :  3.22230e-02
 Reference value :  3.22310e-02
 Reference value :  3.22311e-02
 Reference value :  3.22311e-02
 Reference value :  3.22311e-02
 Reference value :  3.22313e-02
 Reference value :  3.22369e-02
 Reference value :  3.22379e-02
 Reference value :  3.22380e-02
 Reference value :  3.22383e-02
 Reference value :  3.22389e-02
 Reference value :  3.22390e-02
 Reference value :  3.22395e-02
 Reference value :  3.22399e-02
 Reference value :  3.22406e-02
 Reference value :  3.22525e-02
 Reference value :  3.29674e-02
 Reference value :  3.39474e-02
 Reference value :  3.49674e-02
 Reference value :  3.59874e-02
 Reference value :  3.70474e-02
 Reference value :  3.80274e-02
 Reference value :  3.90474e-02
 Reference value :  4.00874e-02
 Reference value :  4.10874e-02
 Reference value :  4.20874e-02
 Reference value :  4.30874e-02
 Reference value :  4.40874e-02
 Reference value :  4.51274e-02
 Reference value :  4.63274e-02
 Reference value :  4.73474e-02
 Reference value :  4.83874e-02
 Reference value :  4.94274e-02
 Reference value :  5.04274e-02
 Reference value :  5.14274e-02
 Reference value :  5.24274e-02
 Reference value :  5.34074e-02
 Reference value :  5.44274e-02
No. of Data Rows : 8857
t_praw_b1           =  2.00251e-02
vdd_praw_b1         =  2.80548e+00
vref_praw_b1        =  9.66349e-01
t_praw_b3           =  2.01018e-02
vdd_praw_b3         =  2.76937e+00
vref_praw_b3        =  1.12941e+00
t_praw_b6           =  2.09025e-02
vdd_praw_b6         =  2.37737e+00
vref_praw_b6        =  1.17091e+00
m_t_praw_b1_us = 2.5050000000e+01
m_vdd_at_praw_b1_v = 2.8054770000e+00
m_vref_at_praw_b1_v = 9.6634930000e-01
m_t_praw_b3_us = 1.0184000000e+02
m_vdd_at_praw_b3_v = 2.7693680000e+00
m_vref_at_praw_b3_v = 1.1294140000e+00
m_t_praw_b6_us = 9.0249000000e+02
m_vdd_at_praw_b6_v = 2.3773670000e+00
m_vref_at_praw_b6_v = 1.1709080000e+00
Note: Simulation executed from .control section 

Warning: m=xx on .subckt line will override multiplier m hierarchy!

Note: Starting dynamic gmin stepping
Note: Dynamic gmin stepping completed
