
Note: Compatibility modes selected: hs a


Circuit: * por-brownout-spurious @ ff_-40c_2.97v -- generated by sim/harness, do not edit

Doing analysis at TEMP = -40.000000 and TNOM = 27.000000

Using SPARSE 1.3 as Direct Linear Solver

Initial Transient Solution
--------------------------

Node                                   Voltage
----                                   -------
vddb1                                        0
ptatb1                           -6.29091e-147
ctatb1                           -3.47491e-115
resetnb1                           1.82329e-19
xb1.xbias.na                      4.69709e-118
xb1.xbias.pg                      2.83055e-136
xb1.xbias.nbtop                   1.69434e-118
xb1.vref                          3.02903e-125
xb1.xbias.nbg                      1.27597e-20
xb1.xbias.xrt.11                  1.69434e-118
xb1.xbias.xrt.21                  1.69434e-118
xb1.xbias.nb                      1.69434e-118
xb1.xbias.xr1.11                  1.69434e-118
xb1.xbias.xr1.21                  1.69434e-118
xb1.xbias.ec                      1.69434e-118
xb1.xbias.xr2.11                  3.02903e-125
xb1.xbias.xr2.21                  3.02901e-125
xb1.xbias.er                      3.02901e-125
xb1.xbias.pb                       1.27597e-20
xb1.ibias                         -8.0399e-135
xb1.xbias.nt                     -4.34003e-142
xb1.xbias.n1                     -5.58061e-138
xb1.xbias.n2                      2.84631e-139
xb1.xbias.nz                      2.84631e-139
xb1.xbias.xrz.11                  2.84631e-139
xb1.xbias.xrz.21                  2.84631e-139
xb1.xbias.ks1                      7.63699e-21
xb1.xbias.ks2                     -7.63244e-21
xb1.xbias.ks3                      7.63245e-21
xb1.xbias.ks4                     -7.63476e-21
xb1.xbias.nkg                      3.78179e-21
xb1.xbias.nkm                     -1.27607e-20
xb1.xbias.tok                      4.96233e-25
xb1.xbias.noko                      8.5016e-21
xb1.xbias.nokl                     1.27571e-20
xb1.xbias.nokx                     1.27606e-20
xb1.bias_ok                      -3.77832e-258
xb1.xtemp.nbg                    -3.20929e-137
xb1.xtemp.enb                     4.80302e-259
xb1.xtemp.pb                     -6.18983e-135
xb1.xtemp.pcas                    2.10865e-135
xb1.xtemp.nt                      2.33963e-133
xb1.xtemp.n1                      1.70147e-133
xb1.xtemp.na                     -3.47491e-115
xb1.xtemp.n2                        6.876e-133
xb1.xtemp.nb                      -1.8798e-109
xb1.xtemp.pg                      6.28574e-134
xb1.xtemp.nz                        6.876e-133
xb1.xtemp.xrz.11                    6.876e-133
xb1.xtemp.xrz.21                    6.876e-133
xb1.xtemp.m1d                    -3.63092e-116
xb1.xtemp.m2d                    -4.07003e-108
xb1.xtemp.m3d                    -3.59111e-140
xb1.xtemp.nd                      5.84229e-139
xb1.xtemp.nr                      3.52562e-142
xb1.xtemp.nc                      -1.8798e-109
xb1.xtemp.xr1.11                  -1.8798e-109
xb1.xtemp.xr1.21                  -1.8798e-109
xb1.xtemp.xr2f.11                -6.29044e-147
xb1.xtemp.xr2f.21                -9.19163e-148
xb1.xtemp.t5                      -9.1869e-148
xb1.xtemp.xr2t5.11               -9.18218e-148
xb1.xtemp.xr2t5.21               -4.53055e-148
xb1.xtemp.t4                     -4.52583e-148
xb1.xtemp.xr2t4.11                -4.5211e-148
xb1.xtemp.xr2t4.21               -2.19868e-148
xb1.xtemp.t3                     -2.19395e-148
xb1.xtemp.xr2t3.11               -2.18923e-148
xb1.xtemp.xr2t3.21               -1.03137e-148
xb1.xtemp.t2                     -1.02664e-148
xb1.xtemp.xr2t2.11               -1.02192e-148
xb1.xtemp.xr2t2.21               -4.46436e-149
xb1.xtemp.t1                     -4.41709e-149
xb1.xtemp.xr2t1.11               -4.36982e-149
xb1.xtemp.xr2t1.21               -1.52887e-149
xb1.xtemp.t0                      -1.4816e-149
xb1.xtemp.xr2t0.11               -1.43433e-149
xb1.xtemp.xr2t0.21                -4.7271e-151
xb1.xtemp.xriso.11               -3.47491e-115
xb1.xtemp.xriso.21               -3.47491e-115
xb1.xcmp.bias_okb                -1.95418e-147
xb1.xcmp.nbg                      1.04429e-134
xb1.xcmp.sns                      -1.89629e-25
xb1.xcmp.xrtop.11                 -1.89629e-25
xb1.xcmp.xrtop.21                 -4.04762e-31
xb1.xcmp.snsb                     -3.52169e-25
xb1.xcmp.xrbot.11                 -3.52168e-25
xb1.xcmp.xrbot.21                 -1.89629e-25
xb1.xcmp.xrhys.11                 -7.65807e-30
xb1.xcmp.xrhys.21                 -3.52161e-25
xb1.xcmp.n1                        1.7235e-147
xb1.xcmp.tn                      -4.56322e-140
xb1.xcmp.na                       -1.1506e-142
xb1.xcmp.cmpo                     7.45394e-140
xb1.xcmp.vdda                    -8.08418e-142
xb1.por_raw                       1.38097e-146
xb1.xpor.pdn                      8.99399e-164
xb1.xpor.ndl                      -7.14186e-21
xb1.xpor.ndgp                    -1.92192e-143
xb1.xpor.ndg                      1.22816e-141
xb1.xpor.ndgn                    -1.19037e-141
xb1.xpor.pgdg                      -5.5324e-23
xb1.xpor.pgdgb                   -4.16477e-261
xb1.xpor.nts                      1.62179e-149
xb1.xpor.tim                     -4.95301e-148
xb1.xpor.nd1                      5.01228e-165
xb1.xpor.trip                     1.22986e-147
xb1.xpor.rstb                      2.6801e-139
xb1.xpor.nnand                   -5.22875e-139
vddb3                                        0
ptatb3                           -6.29091e-147
ctatb3                           -3.47491e-115
resetnb3                           1.82329e-19
xb3.xbias.na                      4.69709e-118
xb3.xbias.pg                      2.83055e-136
xb3.xbias.nbtop                   1.69434e-118
xb3.vref                          3.02903e-125
xb3.xbias.nbg                      1.27597e-20
xb3.xbias.xrt.11                  1.69434e-118
xb3.xbias.xrt.21                  1.69434e-118
xb3.xbias.nb                      1.69434e-118
xb3.xbias.xr1.11                  1.69434e-118
xb3.xbias.xr1.21                  1.69434e-118
xb3.xbias.ec                      1.69434e-118
xb3.xbias.xr2.11                  3.02903e-125
xb3.xbias.xr2.21                  3.02901e-125
xb3.xbias.er                      3.02901e-125
xb3.xbias.pb                       1.27597e-20
xb3.ibias                         -8.0399e-135
xb3.xbias.nt                     -4.33711e-142
xb3.xbias.n1                     -5.58061e-138
xb3.xbias.n2                      2.84615e-139
xb3.xbias.nz                      2.84615e-139
xb3.xbias.xrz.11                  2.84615e-139
xb3.xbias.xrz.21                  2.84615e-139
xb3.xbias.ks1                      7.63699e-21
xb3.xbias.ks2                     -7.63244e-21
xb3.xbias.ks3                      7.63245e-21
xb3.xbias.ks4                     -7.63476e-21
xb3.xbias.nkg                      3.78179e-21
xb3.xbias.nkm                     -1.27607e-20
xb3.xbias.tok                      4.96278e-25
xb3.xbias.noko                      8.5016e-21
xb3.xbias.nokl                     1.27571e-20
xb3.xbias.nokx                     1.27606e-20
xb3.bias_ok                      -3.77832e-258
xb3.xtemp.nbg                    -3.20929e-137
xb3.xtemp.enb                     4.80302e-259
xb3.xtemp.pb                     -6.18983e-135
xb3.xtemp.pcas                    2.10865e-135
xb3.xtemp.nt                      2.34062e-133
xb3.xtemp.n1                       1.7019e-133
xb3.xtemp.na                     -3.47491e-115
xb3.xtemp.n2                      6.87611e-133
xb3.xtemp.nb                      -1.8798e-109
xb3.xtemp.pg                      6.28318e-134
xb3.xtemp.nz                      6.87611e-133
xb3.xtemp.xrz.11                  6.87611e-133
xb3.xtemp.xrz.21                  6.87611e-133
xb3.xtemp.m1d                    -3.63092e-116
xb3.xtemp.m2d                    -4.07003e-108
xb3.xtemp.m3d                    -3.59111e-140
xb3.xtemp.nd                      5.84229e-139
xb3.xtemp.nr                      3.52562e-142
xb3.xtemp.nc                      -1.8798e-109
xb3.xtemp.xr1.11                  -1.8798e-109
xb3.xtemp.xr1.21                  -1.8798e-109
xb3.xtemp.xr2f.11                -6.29044e-147
xb3.xtemp.xr2f.21                -9.19163e-148
xb3.xtemp.t5                      -9.1869e-148
xb3.xtemp.xr2t5.11               -9.18218e-148
xb3.xtemp.xr2t5.21               -4.53055e-148
xb3.xtemp.t4                     -4.52583e-148
xb3.xtemp.xr2t4.11                -4.5211e-148
xb3.xtemp.xr2t4.21               -2.19868e-148
xb3.xtemp.t3                     -2.19395e-148
xb3.xtemp.xr2t3.11               -2.18923e-148
xb3.xtemp.xr2t3.21               -1.03137e-148
xb3.xtemp.t2                     -1.02664e-148
xb3.xtemp.xr2t2.11               -1.02192e-148
xb3.xtemp.xr2t2.21               -4.46436e-149
xb3.xtemp.t1                     -4.41709e-149
xb3.xtemp.xr2t1.11               -4.36982e-149
xb3.xtemp.xr2t1.21               -1.52887e-149
xb3.xtemp.t0                      -1.4816e-149
xb3.xtemp.xr2t0.11               -1.43433e-149
xb3.xtemp.xr2t0.21                -4.7271e-151
xb3.xtemp.xriso.11               -3.47491e-115
xb3.xtemp.xriso.21               -3.47491e-115
xb3.xcmp.bias_okb                -1.95418e-147
xb3.xcmp.nbg                      1.04429e-134
xb3.xcmp.sns                      -1.89629e-25
xb3.xcmp.xrtop.11                 -1.89629e-25
xb3.xcmp.xrtop.21                 -4.04762e-31
xb3.xcmp.snsb                     -3.52169e-25
xb3.xcmp.xrbot.11                 -3.52168e-25
xb3.xcmp.xrbot.21                 -1.89629e-25
xb3.xcmp.xrhys.11                 -7.65807e-30
xb3.xcmp.xrhys.21                 -3.52161e-25
xb3.xcmp.n1                        1.7235e-147
xb3.xcmp.tn                      -4.56319e-140
xb3.xcmp.na                      -1.15059e-142
xb3.xcmp.cmpo                     7.45394e-140
xb3.xcmp.vdda                    -8.08418e-142
xb3.por_raw                       1.38097e-146
xb3.xpor.pdn                      8.99399e-164
xb3.xpor.ndl                      -7.14186e-21
xb3.xpor.ndgp                    -1.92192e-143
xb3.xpor.ndg                      1.22816e-141
xb3.xpor.ndgn                    -1.19037e-141
xb3.xpor.pgdg                      -5.5324e-23
xb3.xpor.pgdgb                   -4.16477e-261
xb3.xpor.nts                      1.62179e-149
xb3.xpor.tim                     -4.95301e-148
xb3.xpor.nd1                      5.01228e-165
xb3.xpor.trip                     1.22986e-147
xb3.xpor.rstb                      2.6801e-139
xb3.xpor.nnand                   -5.22875e-139
vddb6                                        0
ptatb6                           -6.30059e-147
ctatb6                           -4.01311e-115
resetnb6                           1.82329e-19
xb6.xbias.na                      4.69709e-118
xb6.xbias.pg                      2.83055e-136
xb6.xbias.nbtop                    1.6874e-118
xb6.vref                          3.02903e-125
xb6.xbias.nbg                      1.27597e-20
xb6.xbias.xrt.11                   1.6874e-118
xb6.xbias.xrt.21                   1.6874e-118
xb6.xbias.nb                       1.6874e-118
xb6.xbias.xr1.11                   1.6874e-118
xb6.xbias.xr1.21                   1.6874e-118
xb6.xbias.ec                       1.6874e-118
xb6.xbias.xr2.11                  3.02903e-125
xb6.xbias.xr2.21                  3.02901e-125
xb6.xbias.er                      3.02901e-125
xb6.xbias.pb                       1.27597e-20
xb6.ibias                         -8.0399e-135
xb6.xbias.nt                     -4.34003e-142
xb6.xbias.n1                     -5.58061e-138
xb6.xbias.n2                      2.84623e-139
xb6.xbias.nz                      2.84623e-139
xb6.xbias.xrz.11                  2.84623e-139
xb6.xbias.xrz.21                  2.84623e-139
xb6.xbias.ks1                      7.63699e-21
xb6.xbias.ks2                     -7.63244e-21
xb6.xbias.ks3                      7.63245e-21
xb6.xbias.ks4                     -7.63476e-21
xb6.xbias.nkg                      3.78179e-21
xb6.xbias.nkm                     -1.27607e-20
xb6.xbias.tok                      4.96278e-25
xb6.xbias.noko                      8.5016e-21
xb6.xbias.nokl                     1.27571e-20
xb6.xbias.nokx                     1.27606e-20
xb6.bias_ok                      -3.77832e-258
xb6.xtemp.nbg                    -3.20929e-137
xb6.xtemp.enb                     4.80302e-259
xb6.xtemp.pb                     -6.18983e-135
xb6.xtemp.pcas                    2.10865e-135
xb6.xtemp.nt                      2.34048e-133
xb6.xtemp.n1                       1.7018e-133
xb6.xtemp.na                     -4.01311e-115
xb6.xtemp.n2                      6.87569e-133
xb6.xtemp.nb                     -1.90899e-109
xb6.xtemp.pg                      6.28329e-134
xb6.xtemp.nz                      6.87569e-133
xb6.xtemp.xrz.11                  6.87569e-133
xb6.xtemp.xrz.21                  6.87569e-133
xb6.xtemp.m1d                    -4.19329e-116
xb6.xtemp.m2d                    -4.13344e-108
xb6.xtemp.m3d                    -3.59663e-140
xb6.xtemp.nd                      5.84273e-139
xb6.xtemp.nr                      3.52587e-142
xb6.xtemp.nc                     -1.90899e-109
xb6.xtemp.xr1.11                 -1.90899e-109
xb6.xtemp.xr1.21                 -1.90899e-109
xb6.xtemp.xr2f.11                -6.30011e-147
xb6.xtemp.xr2f.21                -9.20577e-148
xb6.xtemp.t5                     -9.20103e-148
xb6.xtemp.xr2t5.11                -9.1963e-148
xb6.xtemp.xr2t5.21               -4.53752e-148
xb6.xtemp.t4                     -4.53279e-148
xb6.xtemp.xr2t4.11               -4.52805e-148
xb6.xtemp.xr2t4.21               -2.20206e-148
xb6.xtemp.t3                     -2.19733e-148
xb6.xtemp.xr2t3.11               -2.19259e-148
xb6.xtemp.xr2t3.21               -1.03296e-148
xb6.xtemp.t2                     -1.02822e-148
xb6.xtemp.xr2t2.11               -1.02349e-148
xb6.xtemp.xr2t2.21               -4.47123e-149
xb6.xtemp.t1                     -4.42388e-149
xb6.xtemp.xr2t1.11               -4.37654e-149
xb6.xtemp.xr2t1.21               -1.53122e-149
xb6.xtemp.t0                     -1.48388e-149
xb6.xtemp.xr2t0.11               -1.43653e-149
xb6.xtemp.xr2t0.21               -4.73437e-151
xb6.xtemp.xriso.11               -4.01311e-115
xb6.xtemp.xriso.21               -4.01311e-115
xb6.xcmp.bias_okb                -1.95418e-147
xb6.xcmp.nbg                      1.04429e-134
xb6.xcmp.sns                      -1.89629e-25
xb6.xcmp.xrtop.11                 -1.89629e-25
xb6.xcmp.xrtop.21                 -4.04762e-31
xb6.xcmp.snsb                     -3.52169e-25
xb6.xcmp.xrbot.11                 -3.52168e-25
xb6.xcmp.xrbot.21                 -1.89629e-25
xb6.xcmp.xrhys.11                 -7.65807e-30
xb6.xcmp.xrhys.21                 -3.52161e-25
xb6.xcmp.n1                        1.7235e-147
xb6.xcmp.tn                      -4.56319e-140
xb6.xcmp.na                      -1.15058e-142
xb6.xcmp.cmpo                     7.45394e-140
xb6.xcmp.vdda                    -8.08471e-142
xb6.por_raw                       1.38097e-146
xb6.xpor.pdn                      8.99399e-164
xb6.xpor.ndl                      -7.14186e-21
xb6.xpor.ndgp                    -1.92192e-143
xb6.xpor.ndg                      1.22816e-141
xb6.xpor.ndgn                    -1.19037e-141
xb6.xpor.pgdg                      -5.5324e-23
xb6.xpor.pgdgb                   -4.16477e-261
xb6.xpor.nts                      1.62179e-149
xb6.xpor.tim                       -4.953e-148
xb6.xpor.nd1                      5.01228e-165
xb6.xpor.trip                     1.22986e-147
xb6.xpor.rstb                      2.6801e-139
xb6.xpor.nnand                   -5.22875e-139
vb6#branch                         1.95842e-31
vb3#branch                         1.95842e-31
vb1#branch                         1.95842e-31

 Reference value :  0.00000e+00
 Reference value :  1.69736e-04
 Reference value :  1.83763e-04
 Reference value :  1.95491e-04
 Reference value :  3.71620e-04
 Reference value :  4.06816e-04
 Reference value :  4.27139e-04
 Reference value :  4.55258e-04
 Reference value :  4.56500e-04
 Reference value :  4.56531e-04
 Reference value :  4.59326e-04
 Reference value :  4.87884e-04
 Reference value :  4.88922e-04
 Reference value :  4.95831e-04
 Reference value :  8.90477e-04
 Reference value :  9.25979e-04
 Reference value :  9.26207e-04
 Reference value :  9.26529e-04
 Reference value :  9.36742e-04
 Reference value :  9.37388e-04
 Reference value :  9.41282e-04
 Reference value :  1.07468e-03
 Reference value :  2.29468e-03
 Reference value :  3.51468e-03
 Reference value :  4.75468e-03
 Reference value :  6.01468e-03
 Reference value :  7.27468e-03
 Reference value :  7.76946e-03
 Reference value :  7.79439e-03
 Reference value :  7.79514e-03
 Reference value :  7.79522e-03
 Reference value :  7.79574e-03
 Reference value :  7.79680e-03
 Reference value :  7.79695e-03
 Reference value :  7.79792e-03
 Reference value :  7.79821e-03
 Reference value :  7.79918e-03
 Reference value :  7.80004e-03
 Reference value :  7.80036e-03
 Reference value :  7.80440e-03
 Reference value :  8.43368e-03
 Reference value :  9.63368e-03
 Reference value :  1.09337e-02
 Reference value :  1.21337e-02
 Reference value :  1.34137e-02
 Reference value :  1.46537e-02
 Reference value :  1.58337e-02
 Reference value :  1.70537e-02
 Reference value :  1.82737e-02
 Reference value :  1.94737e-02
 Reference value :  2.00285e-02
 Reference value :  2.00354e-02
 Reference value :  2.00360e-02
 Reference value :  2.00361e-02
 Reference value :  2.00361e-02
 Reference value :  2.00361e-02
 Reference value :  2.00395e-02
 Reference value :  2.00821e-02
 Reference value :  2.00823e-02
 Reference value :  2.00823e-02
 Reference value :  2.00823e-02
 Reference value :  2.00823e-02
 Reference value :  2.00899e-02
 Reference value :  2.01167e-02
 Reference value :  2.01182e-02
 Reference value :  2.01184e-02
 Reference value :  2.01184e-02
 Reference value :  2.01184e-02
 Reference value :  2.01184e-02
 Reference value :  2.01198e-02
 Reference value :  2.01230e-02
 Reference value :  2.01237e-02
 Reference value :  2.01237e-02
 Reference value :  2.01237e-02
 Reference value :  2.01237e-02
 Reference value :  2.01238e-02
 Reference value :  2.01494e-02
 Reference value :  2.04676e-02
 Reference value :  2.05103e-02
 Reference value :  2.05103e-02
 Reference value :  2.05220e-02
 Reference value :  2.05253e-02
 Reference value :  2.05523e-02
 Reference value :  2.05764e-02
 Reference value :  2.05768e-02
 Reference value :  2.05768e-02
 Reference value :  2.05768e-02
 Reference value :  2.05769e-02
 Reference value :  2.05829e-02
 Reference value :  2.05838e-02
 Reference value :  2.05839e-02
 Reference value :  2.05839e-02
 Reference value :  2.05844e-02
 Reference value :  2.05846e-02
 Reference value :  2.05846e-02
 Reference value :  2.05902e-02
 Reference value :  2.06351e-02
 Reference value :  2.06400e-02
 Reference value :  2.06407e-02
 Reference value :  2.06409e-02
 Reference value :  2.06508e-02
 Reference value :  2.06515e-02
 Reference value :  2.06530e-02
 Reference value :  2.08395e-02
 Reference value :  2.08607e-02
 Reference value :  2.08619e-02
 Reference value :  2.08624e-02
 Reference value :  2.08626e-02
 Reference value :  2.08651e-02
 Reference value :  2.08704e-02
 Reference value :  2.08709e-02
 Reference value :  2.08710e-02
 Reference value :  2.08710e-02
 Reference value :  2.08710e-02
 Reference value :  2.08710e-02
 Reference value :  2.08712e-02
 Reference value :  2.08865e-02
 Reference value :  2.11091e-02
 Reference value :  2.12066e-02
 Reference value :  2.12075e-02
 Reference value :  2.12075e-02
 Reference value :  2.12107e-02
 Reference value :  2.13385e-02
 Reference value :  2.19101e-02
 Reference value :  2.19137e-02
 Reference value :  2.19138e-02
 Reference value :  2.19192e-02
 Reference value :  2.19250e-02
 Reference value :  2.19250e-02
 Reference value :  2.19321e-02
 Reference value :  2.25006e-02
 Reference value :  2.25076e-02
 Reference value :  2.25076e-02
 Reference value :  2.25142e-02
 Reference value :  2.28112e-02
 Reference value :  2.34511e-02
 Reference value :  2.34639e-02
 Reference value :  2.34644e-02
 Reference value :  2.34646e-02
 Reference value :  2.34780e-02
 Reference value :  2.40504e-02
 Reference value :  2.52704e-02
 Reference value :  2.55329e-02
 Reference value :  2.55330e-02
 Reference value :  2.55337e-02
 Reference value :  2.55435e-02
 Reference value :  2.55445e-02
 Reference value :  2.55448e-02
 Reference value :  2.56919e-02
 Reference value :  2.67747e-02
 Reference value :  2.74899e-02
 Reference value :  2.75138e-02
 Reference value :  2.75159e-02
 Reference value :  2.75161e-02
 Reference value :  2.75163e-02
 Reference value :  2.75173e-02
 Reference value :  2.75175e-02
 Reference value :  2.75181e-02
 Reference value :  2.75187e-02
 Reference value :  2.75196e-02
 Reference value :  2.75198e-02
 Reference value :  2.75208e-02
 Reference value :  2.75212e-02
 Reference value :  2.75271e-02
 Reference value :  2.82065e-02
 Reference value :  2.87700e-02
 Reference value :  2.87805e-02
 Reference value :  2.87810e-02
 Reference value :  2.87810e-02
 Reference value :  2.87815e-02
 Reference value :  2.87824e-02
 Reference value :  2.87825e-02
 Reference value :  2.87832e-02
 Reference value :  2.87836e-02
 Reference value :  2.87843e-02
 Reference value :  2.87847e-02
 Reference value :  2.87854e-02
 Reference value :  2.87859e-02
 Reference value :  2.87881e-02
 Reference value :  2.90500e-02
 Reference value :  3.02300e-02
 Reference value :  3.13900e-02
 Reference value :  3.23505e-02
 Reference value :  3.23896e-02
 Reference value :  3.24011e-02
 Reference value :  3.24014e-02
 Reference value :  3.24015e-02
 Reference value :  3.24021e-02
 Reference value :  3.24029e-02
 Reference value :  3.24030e-02
 Reference value :  3.24040e-02
 Reference value :  3.24044e-02
 Reference value :  3.24052e-02
 Reference value :  3.24059e-02
 Reference value :  3.24063e-02
 Reference value :  3.24084e-02
 Reference value :  3.26152e-02
 Reference value :  3.38552e-02
 Reference value :  3.50752e-02
 Reference value :  3.63552e-02
 Reference value :  3.76152e-02
 Reference value :  3.88552e-02
 Reference value :  4.00552e-02
 Reference value :  4.12752e-02
 Reference value :  4.25152e-02
 Reference value :  4.37352e-02
 Reference value :  4.49552e-02
 Reference value :  4.61752e-02
 Reference value :  4.74152e-02
 Reference value :  4.86352e-02
 Reference value :  4.98952e-02
 Reference value :  5.10952e-02
 Reference value :  5.23352e-02
 Reference value :  5.35152e-02
 Reference value :  5.47152e-02
No. of Data Rows : 6995
t_praw_b1           =  2.00361e-02
vdd_praw_b1         =  2.73326e+00
vref_praw_b1        =  9.16149e-01
t_praw_b3           =  2.00823e-02
vdd_praw_b3         =  2.80778e+00
vref_praw_b3        =  1.14466e+00
t_praw_b6           =  2.08626e-02
vdd_praw_b6         =  2.40359e+00
vref_praw_b6        =  1.18307e+00
m_t_praw_b1_us = 3.6050000000e+01
m_vdd_at_praw_b1_v = 2.7332630000e+00
m_vref_at_praw_b1_v = 9.1614930000e-01
m_t_praw_b3_us = 8.2340000000e+01
m_vdd_at_praw_b3_v = 2.8077820000e+00
m_vref_at_praw_b3_v = 1.1446650000e+00
m_t_praw_b6_us = 8.6255000000e+02
m_vdd_at_praw_b6_v = 2.4035900000e+00
m_vref_at_praw_b6_v = 1.1830670000e+00
Note: Simulation executed from .control section 

Warning: m=xx on .subckt line will override multiplier m hierarchy!

Note: Starting dynamic gmin stepping
Note: Dynamic gmin stepping completed
