
Note: Compatibility modes selected: hs a


Circuit: * por-brownout-spurious @ res_ss_27c_3.63v -- generated by sim/harness, do not edit

Doing analysis at TEMP = 27.000000 and TNOM = 27.000000

Using SPARSE 1.3 as Direct Linear Solver

Initial Transient Solution
--------------------------

Node                                   Voltage
----                                   -------
vddb1                                        0
ptatb1                             1.42513e-44
ctatb1                             -4.9801e-34
resetnb1                          -4.60359e-37
xb1.xbias.na                       2.21242e-88
xb1.xbias.pg                      -1.18433e-45
xb1.xbias.nbtop                    7.06566e-84
xb1.vref                            1.6524e-86
xb1.xbias.nbg                     -1.18667e-57
xb1.xbias.xrt.11                   7.06566e-84
xb1.xbias.xrt.21                   7.06566e-84
xb1.xbias.nb                       7.06566e-84
xb1.xbias.xr1.11                   7.06566e-84
xb1.xbias.xr1.21                   7.06566e-84
xb1.xbias.ec                       7.06566e-84
xb1.xbias.xr2.11                    1.6524e-86
xb1.xbias.xr2.21                   1.65241e-86
xb1.xbias.er                       1.65241e-86
xb1.xbias.pb                       1.94068e-58
xb1.ibias                         -1.77222e-29
xb1.xbias.nt                       4.31142e-50
xb1.xbias.n1                      -5.80278e-51
xb1.xbias.n2                      -1.34736e-48
xb1.xbias.nz                      -1.34737e-48
xb1.xbias.xrz.11                  -1.34737e-48
xb1.xbias.xrz.21                  -1.34736e-48
xb1.xbias.ks1                     -5.90626e-41
xb1.xbias.ks2                      7.35882e-40
xb1.xbias.ks3                     -9.10943e-39
xb1.xbias.ks4                      1.12764e-37
xb1.xbias.nkg                     -1.39586e-36
xb1.xbias.nkm                      -7.0629e-61
xb1.xbias.tok                      1.72291e-50
xb1.xbias.noko                    -8.82911e-52
xb1.xbias.nokl                    -5.54969e-49
xb1.xbias.nokx                    -7.68212e-43
xb1.bias_ok                       -3.15505e-33
xb1.xtemp.nbg                      2.63046e-29
xb1.xtemp.enb                     -4.58404e-52
xb1.xtemp.pb                       7.62353e-30
xb1.xtemp.pcas                    -1.19038e-32
xb1.xtemp.nt                      -1.11289e-21
xb1.xtemp.n1                      -4.86807e-21
xb1.xtemp.na                       -4.9801e-34
xb1.xtemp.n2                      -4.04295e-22
xb1.xtemp.nb                      -1.55674e-36
xb1.xtemp.pg                      -1.71377e-21
xb1.xtemp.nz                      -4.04295e-22
xb1.xtemp.xrz.11                  -4.04295e-22
xb1.xtemp.xrz.21                  -4.04295e-22
xb1.xtemp.m1d                      2.29239e-34
xb1.xtemp.m2d                      6.14653e-36
xb1.xtemp.m3d                     -1.07474e-38
xb1.xtemp.nd                       2.00202e-29
xb1.xtemp.nr                       3.33185e-38
xb1.xtemp.nc                      -1.55674e-36
xb1.xtemp.xr1.11                  -1.55674e-36
xb1.xtemp.xr1.21                  -1.55674e-36
xb1.xtemp.xr2f.11                  1.42507e-44
xb1.xtemp.xr2f.21                  2.07765e-45
xb1.xtemp.t5                       2.07699e-45
xb1.xtemp.xr2t5.11                 2.07634e-45
xb1.xtemp.xr2t5.21                 1.02217e-45
xb1.xtemp.t4                       1.02151e-45
xb1.xtemp.xr2t4.11                 1.02086e-45
xb1.xtemp.xr2t4.21                 4.94531e-46
xb1.xtemp.t3                       4.93877e-46
xb1.xtemp.xr2t3.11                 4.93224e-46
xb1.xtemp.xr2t3.21                 2.30818e-46
xb1.xtemp.t2                       2.30165e-46
xb1.xtemp.xr2t2.11                 2.29511e-46
xb1.xtemp.xr2t2.21                 9.90889e-47
xb1.xtemp.t1                       9.84351e-47
xb1.xtemp.xr2t1.11                 9.77813e-47
xb1.xtemp.xr2t1.21                 3.33964e-47
xb1.xtemp.t0                       3.27427e-47
xb1.xtemp.xr2t0.11                 3.20889e-47
xb1.xtemp.xr2t0.21                 6.53776e-49
xb1.xtemp.xriso.11                 -4.9801e-34
xb1.xtemp.xriso.21                 -4.9801e-34
xb1.xcmp.bias_okb                 -1.3473e-175
xb1.xcmp.nbg                       2.46218e-29
xb1.xcmp.sns                                 0
xb1.xcmp.xrtop.11                            0
xb1.xcmp.xrtop.21                            0
xb1.xcmp.snsb                                0
xb1.xcmp.xrbot.11                            0
xb1.xcmp.xrbot.21                            0
xb1.xcmp.xrhys.11                            0
xb1.xcmp.xrhys.21                            0
xb1.xcmp.n1                       -1.68553e-59
xb1.xcmp.tn                       -3.15691e-53
xb1.xcmp.na                        2.02825e-53
xb1.xcmp.cmpo                      1.95331e-53
xb1.xcmp.vdda                       5.4524e-54
xb1.por_raw                         -3.454e-59
xb1.xpor.pdn                     -2.57772e-140
xb1.xpor.ndl                      -1.36311e-62
xb1.xpor.ndgp                     -3.23799e-53
xb1.xpor.ndg                      -2.72804e-52
xb1.xpor.ndgn                       4.9546e-52
xb1.xpor.pgdg                     -3.92595e-37
xb1.xpor.pgdgb                    -2.25802e-48
xb1.xpor.nts                      -5.57566e-47
xb1.xpor.tim                      -2.61907e-45
xb1.xpor.nd1                       1.98408e-58
xb1.xpor.trip                     1.00709e-118
xb1.xpor.rstb                     -5.28192e-31
xb1.xpor.nnand                     1.94082e-30
vddb3                                        0
ptatb3                             1.14591e-52
ctatb3                            -1.26165e-39
resetnb3                          -8.37142e-37
xb3.xbias.na                       1.17736e-89
xb3.xbias.pg                       -6.6656e-46
xb3.xbias.nbtop                    -1.0845e-82
xb3.vref                          -2.84687e-85
xb3.xbias.nbg                     -2.46815e-57
xb3.xbias.xrt.11                   -1.0845e-82
xb3.xbias.xrt.21                   -1.0845e-82
xb3.xbias.nb                       -1.0845e-82
xb3.xbias.xr1.11                   -1.0845e-82
xb3.xbias.xr1.21                   -1.0845e-82
xb3.xbias.ec                       -1.0845e-82
xb3.xbias.xr2.11                  -2.84687e-85
xb3.xbias.xr2.21                   -2.8469e-85
xb3.xbias.er                       -2.8469e-85
xb3.xbias.pb                       -4.6817e-59
xb3.ibias                         -2.22444e-29
xb3.xbias.nt                        2.4361e-50
xb3.xbias.n1                      -3.43545e-51
xb3.xbias.n2                      -7.59632e-49
xb3.xbias.nz                      -7.59633e-49
xb3.xbias.xrz.11                  -7.59633e-49
xb3.xbias.xrz.21                  -7.59632e-49
xb3.xbias.ks1                     -1.48684e-40
xb3.xbias.ks2                      1.85251e-39
xb3.xbias.ks3                     -2.29321e-38
xb3.xbias.ks4                      2.83874e-37
xb3.xbias.nkg                     -3.51395e-36
xb3.xbias.nkm                     -8.00413e-61
xb3.xbias.tok                      1.87615e-50
xb3.xbias.noko                    -9.59688e-52
xb3.xbias.nokl                    -6.04474e-49
xb3.xbias.nokx                     7.33718e-43
xb3.bias_ok                        1.47766e-32
xb3.xtemp.nbg                      3.28851e-29
xb3.xtemp.enb                     -1.03743e-51
xb3.xtemp.pb                      -4.70609e-31
xb3.xtemp.pcas                     9.71397e-33
xb3.xtemp.nt                      -6.80064e-20
xb3.xtemp.n1                        -6.147e-19
xb3.xtemp.na                      -1.26165e-39
xb3.xtemp.n2                       5.04602e-19
xb3.xtemp.nb                      -3.36253e-36
xb3.xtemp.pg                      -2.20448e-19
xb3.xtemp.nz                       5.04602e-19
xb3.xtemp.xrz.11                   5.04602e-19
xb3.xtemp.xrz.21                   5.04602e-19
xb3.xtemp.m1d                      5.04334e-40
xb3.xtemp.m2d                        1.153e-35
xb3.xtemp.m3d                     -8.64167e-47
xb3.xtemp.nd                       1.24948e-30
xb3.xtemp.nr                       1.51224e-35
xb3.xtemp.nc                      -3.36252e-36
xb3.xtemp.xr1.11                  -3.36253e-36
xb3.xtemp.xr1.21                  -3.36252e-36
xb3.xtemp.xr2f.11                  1.14585e-52
xb3.xtemp.xr2f.21                  1.67058e-53
xb3.xtemp.t5                       1.67005e-53
xb3.xtemp.xr2t5.11                 1.66953e-53
xb3.xtemp.xr2t5.21                 8.21894e-54
xb3.xtemp.t4                       8.21368e-54
xb3.xtemp.xr2t4.11                 8.20842e-54
xb3.xtemp.xr2t4.21                 3.97638e-54
xb3.xtemp.t3                       3.97112e-54
xb3.xtemp.xr2t3.11                 3.96587e-54
xb3.xtemp.xr2t3.21                 1.85594e-54
xb3.xtemp.t2                       1.85069e-54
xb3.xtemp.xr2t2.11                 1.84543e-54
xb3.xtemp.xr2t2.21                 7.96744e-55
xb3.xtemp.t1                       7.91487e-55
xb3.xtemp.xr2t1.11                  7.8623e-55
xb3.xtemp.xr2t1.21                 2.68531e-55
xb3.xtemp.t0                       2.63274e-55
xb3.xtemp.xr2t0.11                 2.58017e-55
xb3.xtemp.xr2t0.21                 5.25681e-57
xb3.xtemp.xriso.11                -1.26165e-39
xb3.xtemp.xriso.21                -1.26165e-39
xb3.xcmp.bias_okb                 4.75148e-190
xb3.xcmp.nbg                       3.10363e-29
xb3.xcmp.sns                                 0
xb3.xcmp.xrtop.11                            0
xb3.xcmp.xrtop.21                            0
xb3.xcmp.snsb                                0
xb3.xcmp.xrbot.11                            0
xb3.xcmp.xrbot.21                            0
xb3.xcmp.xrhys.11                            0
xb3.xcmp.xrhys.21                            0
xb3.xcmp.n1                       -4.79136e-59
xb3.xcmp.tn                       -4.28631e-53
xb3.xcmp.na                        2.75161e-53
xb3.xcmp.cmpo                      2.65482e-53
xb3.xcmp.vdda                      7.41395e-54
xb3.por_raw                        4.24693e-60
xb3.xpor.pdn                     -2.29974e-140
xb3.xpor.ndl                       -1.3734e-62
xb3.xpor.ndgp                     -3.90331e-53
xb3.xpor.ndg                      -3.28859e-52
xb3.xpor.ndgn                      5.97265e-52
xb3.xpor.pgdg                      1.47045e-36
xb3.xpor.pgdgb                    -1.58385e-48
xb3.xpor.nts                      -1.99224e-47
xb3.xpor.tim                      -9.35818e-46
xb3.xpor.nd1                       1.55962e-58
xb3.xpor.trip                     1.00707e-118
xb3.xpor.rstb                      6.88833e-33
xb3.xpor.nnand                    -2.53109e-32
vddb6                                        0
ptatb6                             5.11612e-45
ctatb6                            -6.56693e-34
resetnb6                          -2.87659e-37
xb6.xbias.na                       1.22189e-89
xb6.xbias.pg                      -2.28004e-45
xb6.xbias.nbtop                    3.47668e-83
xb6.vref                          -7.18489e-86
xb6.xbias.nbg                      3.45304e-57
xb6.xbias.xrt.11                   3.47668e-83
xb6.xbias.xrt.21                   3.47668e-83
xb6.xbias.nb                       3.47668e-83
xb6.xbias.xr1.11                   3.47668e-83
xb6.xbias.xr1.21                   3.47668e-83
xb6.xbias.ec                       3.47668e-83
xb6.xbias.xr2.11                  -7.18489e-86
xb6.xbias.xr2.21                  -7.18494e-86
xb6.xbias.er                      -7.18494e-86
xb6.xbias.pb                      -3.86714e-58
xb6.ibias                         -3.09829e-30
xb6.xbias.nt                         8.312e-50
xb6.xbias.n1                        -1.126e-50
xb6.xbias.n2                       -2.5962e-48
xb6.xbias.nz                      -2.59621e-48
xb6.xbias.xrz.11                  -2.59621e-48
xb6.xbias.xrz.21                   -2.5962e-48
xb6.xbias.ks1                      2.60859e-42
xb6.xbias.ks2                     -3.25013e-41
xb6.xbias.ks3                      4.02332e-40
xb6.xbias.ks4                     -4.98042e-39
xb6.xbias.nkg                      6.16505e-38
xb6.xbias.nkm                     -1.44516e-60
xb6.xbias.tok                     -6.31988e-50
xb6.xbias.noko                     3.24377e-51
xb6.xbias.nokl                     2.03618e-48
xb6.xbias.nokx                    -5.79846e-43
xb6.bias_ok                       -4.64146e-32
xb6.xtemp.nbg                      4.99402e-30
xb6.xtemp.enb                     -3.49834e-52
xb6.xtemp.pb                      -8.92088e-31
xb6.xtemp.pcas                     -1.0118e-31
xb6.xtemp.nt                      -2.89823e-21
xb6.xtemp.n1                      -1.13579e-20
xb6.xtemp.na                      -6.56693e-34
xb6.xtemp.n2                      -2.50639e-21
xb6.xtemp.nb                       6.78163e-38
xb6.xtemp.pg                       1.31035e-22
xb6.xtemp.nz                      -2.50639e-21
xb6.xtemp.xrz.11                  -2.50639e-21
xb6.xtemp.xrz.21                  -2.50639e-21
xb6.xtemp.m1d                      3.02387e-34
xb6.xtemp.m2d                     -2.67253e-37
xb6.xtemp.m3d                     -5.33913e-39
xb6.xtemp.nd                       1.43739e-30
xb6.xtemp.nr                      -7.72414e-38
xb6.xtemp.nc                       6.78163e-38
xb6.xtemp.xr1.11                   6.78163e-38
xb6.xtemp.xr1.21                   6.78163e-38
xb6.xtemp.xr2f.11                  5.11588e-45
xb6.xtemp.xr2f.21                  7.45859e-46
xb6.xtemp.t5                       7.45625e-46
xb6.xtemp.xr2t5.11                  7.4539e-46
xb6.xtemp.xr2t5.21                 3.66949e-46
xb6.xtemp.t4                       3.66715e-46
xb6.xtemp.xr2t4.11                  3.6648e-46
xb6.xtemp.xr2t4.21                 1.77533e-46
xb6.xtemp.t3                       1.77298e-46
xb6.xtemp.xr2t3.11                 1.77063e-46
xb6.xtemp.xr2t3.21                  8.2862e-47
xb6.xtemp.t2                       8.26273e-47
xb6.xtemp.xr2t2.11                 8.23926e-47
xb6.xtemp.xr2t2.21                 3.55721e-47
xb6.xtemp.t1                       3.53374e-47
xb6.xtemp.xr2t1.11                 3.51027e-47
xb6.xtemp.xr2t1.21                 1.19891e-47
xb6.xtemp.t0                       1.17544e-47
xb6.xtemp.xr2t0.11                 1.15197e-47
xb6.xtemp.xr2t0.21                   2.347e-49
xb6.xtemp.xriso.11                -6.56693e-34
xb6.xtemp.xriso.21                -6.56693e-34
xb6.xcmp.bias_okb                 6.28681e-190
xb6.xcmp.nbg                       3.90992e-30
xb6.xcmp.sns                                 0
xb6.xcmp.xrtop.11                            0
xb6.xcmp.xrtop.21                            0
xb6.xcmp.snsb                                0
xb6.xcmp.xrbot.11                            0
xb6.xcmp.xrbot.21                            0
xb6.xcmp.xrhys.11                            0
xb6.xcmp.xrhys.21                            0
xb6.xcmp.n1                       -5.45321e-59
xb6.xcmp.tn                       -2.23599e-53
xb6.xcmp.na                        1.43378e-53
xb6.xcmp.cmpo                      1.39201e-53
xb6.xcmp.vdda                       3.8504e-54
xb6.por_raw                        -6.3357e-59
xb6.xpor.pdn                     -2.84009e-140
xb6.xpor.ndl                      -1.37408e-62
xb6.xpor.ndgp                     -2.93207e-53
xb6.xpor.ndg                      -2.47031e-52
xb6.xpor.ndgn                      4.48651e-52
xb6.xpor.pgdg                      1.98472e-36
xb6.xpor.pgdgb                    -1.28133e-48
xb6.xpor.nts                       1.74238e-47
xb6.xpor.tim                        8.1845e-46
xb6.xpor.nd1                       2.75502e-58
xb6.xpor.trip                     1.00708e-118
xb6.xpor.rstb                      7.23127e-32
xb6.xpor.nnand                     -2.6571e-31
vb6#branch                         -2.3948e-33
vb3#branch                        -4.43749e-31
vb1#branch                        -4.48798e-33

 Reference value :  0.00000e+00
 Reference value :  1.19848e-04
 Reference value :  1.37475e-04
 Reference value :  1.48587e-04
 Reference value :  1.71568e-04
 Reference value :  3.20821e-04
 Reference value :  3.37931e-04
 Reference value :  3.57914e-04
 Reference value :  3.80544e-04
 Reference value :  3.82464e-04
 Reference value :  3.82486e-04
 Reference value :  3.82659e-04
 Reference value :  3.95363e-04
 Reference value :  4.18400e-04
 Reference value :  4.20493e-04
 Reference value :  4.20671e-04
 Reference value :  4.30803e-04
 Reference value :  7.87119e-04
 Reference value :  7.90575e-04
 Reference value :  7.90894e-04
 Reference value :  7.91108e-04
 Reference value :  7.97450e-04
 Reference value :  8.05723e-04
 Reference value :  8.05974e-04
 Reference value :  8.06244e-04
 Reference value :  8.14396e-04
 Reference value :  1.32677e-03
 Reference value :  2.22677e-03
 Reference value :  3.16677e-03
 Reference value :  4.14677e-03
 Reference value :  5.28677e-03
 Reference value :  6.22677e-03
 Reference value :  7.14677e-03
 Reference value :  8.08677e-03
 Reference value :  9.02677e-03
 Reference value :  9.96677e-03
 Reference value :  1.09068e-02
 Reference value :  1.18268e-02
 Reference value :  1.27468e-02
 Reference value :  1.30161e-02
 Reference value :  1.30182e-02
 Reference value :  1.30184e-02
 Reference value :  1.30185e-02
 Reference value :  1.30187e-02
 Reference value :  1.30196e-02
 Reference value :  1.30204e-02
 Reference value :  1.30204e-02
 Reference value :  1.30209e-02
 Reference value :  1.30218e-02
 Reference value :  1.30219e-02
 Reference value :  1.30231e-02
 Reference value :  1.30233e-02
 Reference value :  1.30251e-02
 Reference value :  1.30455e-02
 Reference value :  1.30516e-02
 Reference value :  1.30517e-02
 Reference value :  1.30517e-02
 Reference value :  1.30517e-02
 Reference value :  1.30517e-02
 Reference value :  1.30559e-02
 Reference value :  1.30660e-02
 Reference value :  1.30671e-02
 Reference value :  1.30672e-02
 Reference value :  1.30673e-02
 Reference value :  1.30680e-02
 Reference value :  1.30687e-02
 Reference value :  1.30688e-02
 Reference value :  1.30698e-02
 Reference value :  1.30701e-02
 Reference value :  1.30708e-02
 Reference value :  1.30714e-02
 Reference value :  1.30718e-02
 Reference value :  1.30728e-02
 Reference value :  1.30779e-02
 Reference value :  1.34587e-02
 Reference value :  1.43987e-02
 Reference value :  1.52987e-02
 Reference value :  1.62187e-02
 Reference value :  1.71387e-02
 Reference value :  1.80387e-02
 Reference value :  1.89787e-02
 Reference value :  1.98987e-02
 Reference value :  2.00359e-02
 Reference value :  2.00634e-02
 Reference value :  2.00640e-02
 Reference value :  2.00640e-02
 Reference value :  2.00640e-02
 Reference value :  2.00640e-02
 Reference value :  2.00640e-02
 Reference value :  2.00640e-02
 Reference value :  2.00660e-02
 Reference value :  2.00933e-02
 Reference value :  2.01298e-02
 Reference value :  2.01320e-02
 Reference value :  2.01321e-02
 Reference value :  2.01321e-02
 Reference value :  2.01321e-02
 Reference value :  2.01321e-02
 Reference value :  2.01322e-02
 Reference value :  2.01332e-02
 Reference value :  2.02170e-02
 Reference value :  2.03639e-02
 Reference value :  2.03709e-02
 Reference value :  2.03709e-02
 Reference value :  2.03709e-02
 Reference value :  2.03709e-02
 Reference value :  2.03709e-02
 Reference value :  2.03710e-02
 Reference value :  2.03765e-02
 Reference value :  2.04230e-02
 Reference value :  2.04266e-02
 Reference value :  2.04275e-02
 Reference value :  2.04275e-02
 Reference value :  2.04276e-02
 Reference value :  2.04276e-02
 Reference value :  2.04276e-02
 Reference value :  2.04277e-02
 Reference value :  2.04312e-02
 Reference value :  2.04331e-02
 Reference value :  2.04332e-02
 Reference value :  2.04332e-02
 Reference value :  2.04332e-02
 Reference value :  2.04382e-02
 Reference value :  2.04660e-02
 Reference value :  2.04703e-02
 Reference value :  2.04703e-02
 Reference value :  2.04703e-02
 Reference value :  2.04703e-02
 Reference value :  2.04877e-02
 Reference value :  2.04925e-02
 Reference value :  2.04925e-02
 Reference value :  2.05127e-02
 Reference value :  2.05264e-02
 Reference value :  2.05266e-02
 Reference value :  2.05289e-02
 Reference value :  2.05459e-02
 Reference value :  2.05482e-02
 Reference value :  2.05485e-02
 Reference value :  2.05485e-02
 Reference value :  2.05485e-02
 Reference value :  2.05485e-02
 Reference value :  2.05516e-02
 Reference value :  2.05533e-02
 Reference value :  2.05533e-02
 Reference value :  2.05533e-02
 Reference value :  2.05533e-02
 Reference value :  2.05540e-02
 Reference value :  2.05544e-02
 Reference value :  2.05544e-02
 Reference value :  2.05550e-02
 Reference value :  2.05610e-02
 Reference value :  2.05612e-02
 Reference value :  2.05614e-02
 Reference value :  2.05778e-02
 Reference value :  2.05993e-02
 Reference value :  2.06000e-02
 Reference value :  2.06000e-02
 Reference value :  2.06029e-02
 Reference value :  2.06143e-02
 Reference value :  2.06148e-02
 Reference value :  2.06151e-02
 Reference value :  2.06218e-02
 Reference value :  2.09153e-02
 Reference value :  2.11164e-02
 Reference value :  2.11210e-02
 Reference value :  2.11211e-02
 Reference value :  2.11212e-02
 Reference value :  2.11248e-02
 Reference value :  2.11703e-02
 Reference value :  2.17198e-02
 Reference value :  2.17341e-02
 Reference value :  2.17343e-02
 Reference value :  2.17345e-02
 Reference value :  2.17406e-02
 Reference value :  2.17494e-02
 Reference value :  2.17495e-02
 Reference value :  2.17514e-02
 Reference value :  2.17603e-02
 Reference value :  2.24240e-02
 Reference value :  2.30716e-02
 Reference value :  2.32056e-02
 Reference value :  2.32097e-02
 Reference value :  2.32098e-02
 Reference value :  2.32100e-02
 Reference value :  2.32177e-02
 Reference value :  2.32499e-02
 Reference value :  2.39883e-02
 Reference value :  2.49083e-02
 Reference value :  2.49428e-02
 Reference value :  2.49431e-02
 Reference value :  2.49432e-02
 Reference value :  2.49443e-02
 Reference value :  2.49570e-02
 Reference value :  2.49585e-02
 Reference value :  2.49586e-02
 Reference value :  2.49644e-02
 Reference value :  2.51697e-02
 Reference value :  2.60560e-02
 Reference value :  2.69143e-02
 Reference value :  2.78943e-02
 Reference value :  2.88543e-02
 Reference value :  2.98143e-02
 Reference value :  3.07543e-02
 Reference value :  3.16943e-02
 Reference value :  3.26543e-02
 Reference value :  3.28405e-02
 Reference value :  3.28424e-02
 Reference value :  3.28426e-02
 Reference value :  3.28427e-02
 Reference value :  3.28431e-02
 Reference value :  3.28443e-02
 Reference value :  3.28444e-02
 Reference value :  3.28446e-02
 Reference value :  3.28457e-02
 Reference value :  3.28459e-02
 Reference value :  3.28471e-02
 Reference value :  3.28472e-02
 Reference value :  3.28485e-02
 Reference value :  3.28688e-02
 Reference value :  3.28785e-02
 Reference value :  3.28786e-02
 Reference value :  3.28787e-02
 Reference value :  3.28787e-02
 Reference value :  3.28787e-02
 Reference value :  3.28801e-02
 Reference value :  3.28904e-02
 Reference value :  3.28912e-02
 Reference value :  3.28913e-02
 Reference value :  3.28915e-02
 Reference value :  3.28927e-02
 Reference value :  3.28929e-02
 Reference value :  3.28932e-02
 Reference value :  3.28942e-02
 Reference value :  3.28944e-02
 Reference value :  3.28955e-02
 Reference value :  3.28956e-02
 Reference value :  3.28969e-02
 Reference value :  3.29007e-02
 Reference value :  3.32389e-02
 Reference value :  3.39429e-02
 Reference value :  3.39580e-02
 Reference value :  3.39621e-02
 Reference value :  3.39624e-02
 Reference value :  3.39625e-02
 Reference value :  3.39628e-02
 Reference value :  3.39641e-02
 Reference value :  3.39642e-02
 Reference value :  3.39645e-02
 Reference value :  3.39656e-02
 Reference value :  3.39657e-02
 Reference value :  3.39669e-02
 Reference value :  3.39670e-02
 Reference value :  3.39679e-02
 Reference value :  3.39736e-02
 Reference value :  3.40007e-02
 Reference value :  3.40011e-02
 Reference value :  3.40012e-02
 Reference value :  3.40012e-02
 Reference value :  3.40012e-02
 Reference value :  3.40028e-02
 Reference value :  3.40107e-02
 Reference value :  3.40113e-02
 Reference value :  3.40114e-02
 Reference value :  3.40115e-02
 Reference value :  3.40126e-02
 Reference value :  3.40129e-02
 Reference value :  3.40130e-02
 Reference value :  3.40141e-02
 Reference value :  3.40143e-02
 Reference value :  3.40155e-02
 Reference value :  3.40156e-02
 Reference value :  3.40166e-02
 Reference value :  3.40177e-02
 Reference value :  3.40395e-02
 Reference value :  3.48571e-02
 Reference value :  3.58371e-02
 Reference value :  3.68371e-02
 Reference value :  3.71803e-02
 Reference value :  3.71893e-02
 Reference value :  3.71896e-02
 Reference value :  3.71897e-02
 Reference value :  3.71902e-02
 Reference value :  3.71914e-02
 Reference value :  3.71915e-02
 Reference value :  3.71926e-02
 Reference value :  3.71929e-02
 Reference value :  3.71940e-02
 Reference value :  3.71942e-02
 Reference value :  3.71951e-02
 Reference value :  3.71998e-02
 Reference value :  3.72283e-02
 Reference value :  3.72299e-02
 Reference value :  3.72299e-02
 Reference value :  3.72299e-02
 Reference value :  3.72300e-02
 Reference value :  3.72301e-02
 Reference value :  3.72365e-02
 Reference value :  3.72386e-02
 Reference value :  3.72389e-02
 Reference value :  3.72390e-02
 Reference value :  3.72392e-02
 Reference value :  3.72403e-02
 Reference value :  3.72404e-02
 Reference value :  3.72406e-02
 Reference value :  3.72417e-02
 Reference value :  3.72419e-02
 Reference value :  3.72431e-02
 Reference value :  3.72432e-02
 Reference value :  3.72443e-02
 Reference value :  3.72453e-02
 Reference value :  3.72638e-02
 Reference value :  3.78419e-02
 Reference value :  3.87619e-02
 Reference value :  3.96819e-02
 Reference value :  4.06419e-02
 Reference value :  4.15819e-02
 Reference value :  4.25019e-02
 Reference value :  4.34419e-02
 Reference value :  4.43619e-02
 Reference value :  4.53819e-02
 Reference value :  4.63419e-02
 Reference value :  4.72619e-02
 Reference value :  4.82019e-02
 Reference value :  4.91219e-02
 Reference value :  5.00619e-02
 Reference value :  5.10019e-02
 Reference value :  5.19419e-02
 Reference value :  5.28819e-02
 Reference value :  5.38419e-02
 Reference value :  5.47819e-02
No. of Data Rows : 8651
t_praw_b1           =  2.04703e-02
vdd_praw_b1         =  2.05493e+00
vref_praw_b1        =  3.75073e-01
t_praw_b3           =  2.00640e-02
vdd_praw_b3         =  3.46167e+00
vref_praw_b3        =  1.07859e+00
t_praw_b6           =  2.03709e-02
vdd_praw_b6         =  3.30482e+00
vref_praw_b6        =  1.15629e+00
m_t_praw_b1_us = 4.7033000000e+02
m_vdd_at_praw_b1_v = 2.0549250000e+00
m_vref_at_praw_b1_v = 3.7507270000e-01
m_t_praw_b3_us = 6.4000000000e+01
m_vdd_at_praw_b3_v = 3.4616740000e+00
m_vref_at_praw_b3_v = 1.0785940000e+00
m_t_praw_b6_us = 3.7093000000e+02
m_vdd_at_praw_b6_v = 3.3048170000e+00
m_vref_at_praw_b6_v = 1.1562900000e+00
Note: Simulation executed from .control section 

Warning: m=xx on .subckt line will override multiplier m hierarchy!

