
Note: Compatibility modes selected: hs a


Circuit: * por-brownout-spurious @ res_ff_27c_2.97v -- generated by sim/harness, do not edit

Doing analysis at TEMP = 27.000000 and TNOM = 27.000000

Using SPARSE 1.3 as Direct Linear Solver

Initial Transient Solution
--------------------------

Node                                   Voltage
----                                   -------
vddb1                                        0
ptatb1                           -1.31898e-113
ctatb1                             3.35584e-90
resetnb1                          3.78384e-110
xb1.xbias.na                        1.4736e-91
xb1.xbias.pg                     -1.19931e-111
xb1.xbias.nbtop                    2.18827e-89
xb1.vref                           2.48785e-98
xb1.xbias.nbg                     3.87101e-118
xb1.xbias.xrt.11                   2.18827e-89
xb1.xbias.xrt.21                   2.18827e-89
xb1.xbias.nb                       2.18827e-89
xb1.xbias.xr1.11                   2.18827e-89
xb1.xbias.xr1.21                   2.18827e-89
xb1.xbias.ec                       2.18827e-89
xb1.xbias.xr2.11                   2.48785e-98
xb1.xbias.xr2.21                   2.48785e-98
xb1.xbias.er                       2.48785e-98
xb1.xbias.pb                      1.60186e-117
xb1.ibias                          6.6271e-105
xb1.xbias.nt                     -2.83197e-116
xb1.xbias.n1                     -8.81661e-114
xb1.xbias.n2                      4.56344e-114
xb1.xbias.nz                      4.56343e-114
xb1.xbias.xrz.11                  4.56343e-114
xb1.xbias.xrz.21                  4.56344e-114
xb1.xbias.ks1                    -3.62497e-111
xb1.xbias.ks2                     4.51651e-110
xb1.xbias.ks3                    -5.58998e-109
xb1.xbias.ks4                     6.91729e-108
xb1.xbias.nkg                    -8.56216e-107
xb1.xbias.nkm                    -3.14669e-118
xb1.xbias.tok                     1.69618e-117
xb1.xbias.noko                   -1.45637e-120
xb1.xbias.nokl                     5.0477e-115
xb1.xbias.nokx                   -1.36145e-117
xb1.bias_ok                         -6.18e-107
xb1.xtemp.nbg                    -8.04593e-105
xb1.xtemp.enb                     1.43604e-141
xb1.xtemp.pb                     -2.39336e-110
xb1.xtemp.pcas                   -5.77982e-110
xb1.xtemp.nt                      4.69701e-110
xb1.xtemp.n1                      1.35077e-109
xb1.xtemp.na                       3.35584e-90
xb1.xtemp.n2                      6.63953e-110
xb1.xtemp.nb                       1.42415e-83
xb1.xtemp.pg                         -1.7e-109
xb1.xtemp.nz                      6.63953e-110
xb1.xtemp.xrz.11                  6.63953e-110
xb1.xtemp.xrz.21                  6.63953e-110
xb1.xtemp.m1d                     -1.62831e-90
xb1.xtemp.m2d                     -5.56093e-83
xb1.xtemp.m3d                     2.00555e-107
xb1.xtemp.nd                     -9.22631e-111
xb1.xtemp.nr                      1.62991e-115
xb1.xtemp.nc                       1.42415e-83
xb1.xtemp.xr1.11                   1.42415e-83
xb1.xtemp.xr1.21                   1.42415e-83
xb1.xtemp.xr2f.11                -1.31889e-113
xb1.xtemp.xr2f.21                -1.92622e-114
xb1.xtemp.t5                     -1.92532e-114
xb1.xtemp.xr2t5.11               -1.92441e-114
xb1.xtemp.xr2t5.21               -9.49056e-115
xb1.xtemp.t4                     -9.48149e-115
xb1.xtemp.xr2t4.11               -9.47241e-115
xb1.xtemp.xr2t4.21               -4.60272e-115
xb1.xtemp.t3                     -4.59365e-115
xb1.xtemp.xr2t3.11               -4.58457e-115
xb1.xtemp.xr2t3.21               -2.15675e-115
xb1.xtemp.t2                     -2.14767e-115
xb1.xtemp.xr2t2.11                -2.1386e-115
xb1.xtemp.xr2t2.21               -9.31911e-116
xb1.xtemp.t1                     -9.22837e-116
xb1.xtemp.xr2t1.11               -9.13764e-116
xb1.xtemp.xr2t1.21               -3.18063e-116
xb1.xtemp.t0                      -3.0899e-116
xb1.xtemp.xr2t0.11               -2.99917e-116
xb1.xtemp.xr2t0.21               -9.07328e-118
xb1.xtemp.xriso.11                 3.35584e-90
xb1.xtemp.xriso.21                 3.35584e-90
xb1.xcmp.bias_okb                 9.03732e-170
xb1.xcmp.nbg                     -8.02753e-105
xb1.xcmp.sns                      9.47023e-141
xb1.xcmp.xrtop.11                 9.47021e-141
xb1.xcmp.xrtop.21                 1.75985e-146
xb1.xcmp.snsb                     1.75876e-140
xb1.xcmp.xrbot.11                 1.75876e-140
xb1.xcmp.xrbot.21                 9.47025e-141
xb1.xcmp.xrhys.11                 3.32965e-145
xb1.xcmp.xrhys.21                 1.75873e-140
xb1.xcmp.n1                         1.181e-128
xb1.xcmp.tn                       2.96673e-123
xb1.xcmp.na                      -3.38103e-123
xb1.xcmp.cmpo                    -1.49136e-124
xb1.xcmp.vdda                     -9.4723e-124
xb1.por_raw                      -1.11911e-128
xb1.xpor.pdn                       -8.696e-157
xb1.xpor.ndl                      1.60281e-122
xb1.xpor.ndgp                    -9.64862e-123
xb1.xpor.ndg                     -8.32395e-122
xb1.xpor.ndgn                     1.53148e-121
xb1.xpor.pgdg                    -4.89483e-113
xb1.xpor.pgdgb                   -1.29652e-121
xb1.xpor.nts                      8.73275e-122
xb1.xpor.tim                      4.09256e-120
xb1.xpor.nd1                     -5.94829e-131
xb1.xpor.trip                    -9.83092e-119
xb1.xpor.rstb                    -3.81111e-108
xb1.xpor.nnand                    1.37861e-107
vddb3                                        0
ptatb3                           -1.31898e-113
ctatb3                             3.35584e-90
resetnb3                          3.78384e-110
xb3.xbias.na                        1.4736e-91
xb3.xbias.pg                     -1.19931e-111
xb3.xbias.nbtop                    2.18827e-89
xb3.vref                           2.48785e-98
xb3.xbias.nbg                     3.87101e-118
xb3.xbias.xrt.11                   2.18827e-89
xb3.xbias.xrt.21                   2.18827e-89
xb3.xbias.nb                       2.18827e-89
xb3.xbias.xr1.11                   2.18827e-89
xb3.xbias.xr1.21                   2.18827e-89
xb3.xbias.ec                       2.18827e-89
xb3.xbias.xr2.11                   2.48785e-98
xb3.xbias.xr2.21                   2.48785e-98
xb3.xbias.er                       2.48785e-98
xb3.xbias.pb                      1.60186e-117
xb3.ibias                          6.6271e-105
xb3.xbias.nt                     -2.83439e-116
xb3.xbias.n1                     -8.81662e-114
xb3.xbias.n2                      4.56343e-114
xb3.xbias.nz                      4.56343e-114
xb3.xbias.xrz.11                  4.56343e-114
xb3.xbias.xrz.21                  4.56343e-114
xb3.xbias.ks1                    -3.62497e-111
xb3.xbias.ks2                     4.51651e-110
xb3.xbias.ks3                    -5.58998e-109
xb3.xbias.ks4                     6.91729e-108
xb3.xbias.nkg                    -8.56216e-107
xb3.xbias.nkm                    -3.14669e-118
xb3.xbias.tok                     1.69582e-117
xb3.xbias.noko                   -1.45746e-120
xb3.xbias.nokl                     5.0477e-115
xb3.xbias.nokx                   -1.36145e-117
xb3.bias_ok                         -6.18e-107
xb3.xtemp.nbg                    -8.04593e-105
xb3.xtemp.enb                     1.43604e-141
xb3.xtemp.pb                     -2.39336e-110
xb3.xtemp.pcas                   -5.77982e-110
xb3.xtemp.nt                      4.69519e-110
xb3.xtemp.n1                      1.35071e-109
xb3.xtemp.na                       3.35584e-90
xb3.xtemp.n2                      6.63908e-110
xb3.xtemp.nb                       1.42415e-83
xb3.xtemp.pg                     -1.70056e-109
xb3.xtemp.nz                      6.63908e-110
xb3.xtemp.xrz.11                  6.63908e-110
xb3.xtemp.xrz.21                  6.63908e-110
xb3.xtemp.m1d                     -1.62831e-90
xb3.xtemp.m2d                     -5.56093e-83
xb3.xtemp.m3d                     2.00555e-107
xb3.xtemp.nd                     -9.22631e-111
xb3.xtemp.nr                      1.62991e-115
xb3.xtemp.nc                       1.42415e-83
xb3.xtemp.xr1.11                   1.42415e-83
xb3.xtemp.xr1.21                   1.42415e-83
xb3.xtemp.xr2f.11                -1.31889e-113
xb3.xtemp.xr2f.21                -1.92622e-114
xb3.xtemp.t5                     -1.92532e-114
xb3.xtemp.xr2t5.11               -1.92441e-114
xb3.xtemp.xr2t5.21               -9.49056e-115
xb3.xtemp.t4                     -9.48149e-115
xb3.xtemp.xr2t4.11               -9.47241e-115
xb3.xtemp.xr2t4.21               -4.60272e-115
xb3.xtemp.t3                     -4.59365e-115
xb3.xtemp.xr2t3.11               -4.58457e-115
xb3.xtemp.xr2t3.21               -2.15675e-115
xb3.xtemp.t2                     -2.14767e-115
xb3.xtemp.xr2t2.11                -2.1386e-115
xb3.xtemp.xr2t2.21               -9.31911e-116
xb3.xtemp.t1                     -9.22837e-116
xb3.xtemp.xr2t1.11               -9.13764e-116
xb3.xtemp.xr2t1.21               -3.18063e-116
xb3.xtemp.t0                      -3.0899e-116
xb3.xtemp.xr2t0.11               -2.99917e-116
xb3.xtemp.xr2t0.21               -9.07328e-118
xb3.xtemp.xriso.11                 3.35584e-90
xb3.xtemp.xriso.21                 3.35584e-90
xb3.xcmp.bias_okb                 9.03732e-170
xb3.xcmp.nbg                     -8.02753e-105
xb3.xcmp.sns                      9.47023e-141
xb3.xcmp.xrtop.11                 9.47021e-141
xb3.xcmp.xrtop.21                 1.75985e-146
xb3.xcmp.snsb                     1.75876e-140
xb3.xcmp.xrbot.11                 1.75876e-140
xb3.xcmp.xrbot.21                 9.47025e-141
xb3.xcmp.xrhys.11                 3.32965e-145
xb3.xcmp.xrhys.21                 1.75873e-140
xb3.xcmp.n1                         1.181e-128
xb3.xcmp.tn                       2.96673e-123
xb3.xcmp.na                      -3.38103e-123
xb3.xcmp.cmpo                    -1.49136e-124
xb3.xcmp.vdda                     -9.4723e-124
xb3.por_raw                      -1.11911e-128
xb3.xpor.pdn                       -8.696e-157
xb3.xpor.ndl                      1.60281e-122
xb3.xpor.ndgp                    -9.64862e-123
xb3.xpor.ndg                     -8.32395e-122
xb3.xpor.ndgn                     1.53148e-121
xb3.xpor.pgdg                    -4.89483e-113
xb3.xpor.pgdgb                   -1.29652e-121
xb3.xpor.nts                      8.73275e-122
xb3.xpor.tim                      4.09256e-120
xb3.xpor.nd1                     -5.94829e-131
xb3.xpor.trip                    -9.83092e-119
xb3.xpor.rstb                    -3.81111e-108
xb3.xpor.nnand                    1.37861e-107
vddb6                                        0
ptatb6                           -1.31899e-113
ctatb6                             1.30545e-90
resetnb6                          3.78384e-110
xb6.xbias.na                        1.4736e-91
xb6.xbias.pg                     -1.19931e-111
xb6.xbias.nbtop                    2.08591e-89
xb6.vref                           2.48785e-98
xb6.xbias.nbg                     3.87101e-118
xb6.xbias.xrt.11                   2.08591e-89
xb6.xbias.xrt.21                   2.08591e-89
xb6.xbias.nb                       2.08591e-89
xb6.xbias.xr1.11                   2.08591e-89
xb6.xbias.xr1.21                   2.08591e-89
xb6.xbias.ec                       2.08591e-89
xb6.xbias.xr2.11                   2.48785e-98
xb6.xbias.xr2.21                   2.48785e-98
xb6.xbias.er                       2.48785e-98
xb6.xbias.pb                      1.60186e-117
xb6.ibias                          6.6271e-105
xb6.xbias.nt                      -2.8343e-116
xb6.xbias.n1                     -8.81661e-114
xb6.xbias.n2                      4.55991e-114
xb6.xbias.nz                      4.55991e-114
xb6.xbias.xrz.11                  4.55991e-114
xb6.xbias.xrz.21                  4.55991e-114
xb6.xbias.ks1                    -3.62497e-111
xb6.xbias.ks2                     4.51651e-110
xb6.xbias.ks3                    -5.58998e-109
xb6.xbias.ks4                     6.91729e-108
xb6.xbias.nkg                    -8.56216e-107
xb6.xbias.nkm                    -3.14669e-118
xb6.xbias.tok                     1.69582e-117
xb6.xbias.noko                   -1.45744e-120
xb6.xbias.nokl                     5.0477e-115
xb6.xbias.nokx                   -1.36145e-117
xb6.bias_ok                         -6.18e-107
xb6.xtemp.nbg                    -8.04593e-105
xb6.xtemp.enb                     1.43604e-141
xb6.xtemp.pb                     -2.39336e-110
xb6.xtemp.pcas                   -5.77982e-110
xb6.xtemp.nt                      4.69519e-110
xb6.xtemp.n1                      1.35071e-109
xb6.xtemp.na                       1.30545e-90
xb6.xtemp.n2                      6.63908e-110
xb6.xtemp.nb                       1.31059e-83
xb6.xtemp.pg                     -1.70086e-109
xb6.xtemp.nz                      6.63908e-110
xb6.xtemp.xrz.11                  6.63908e-110
xb6.xtemp.xrz.21                  6.63908e-110
xb6.xtemp.m1d                     -6.33576e-91
xb6.xtemp.m2d                     -5.11871e-83
xb6.xtemp.m3d                     2.00557e-107
xb6.xtemp.nd                      -9.2269e-111
xb6.xtemp.nr                      1.62986e-115
xb6.xtemp.nc                       1.31059e-83
xb6.xtemp.xr1.11                   1.31059e-83
xb6.xtemp.xr1.21                   1.31059e-83
xb6.xtemp.xr2f.11                 -1.3189e-113
xb6.xtemp.xr2f.21                -1.92623e-114
xb6.xtemp.t5                     -1.92533e-114
xb6.xtemp.xr2t5.11               -1.92442e-114
xb6.xtemp.xr2t5.21               -9.49062e-115
xb6.xtemp.t4                     -9.48154e-115
xb6.xtemp.xr2t4.11               -9.47247e-115
xb6.xtemp.xr2t4.21               -4.60275e-115
xb6.xtemp.t3                     -4.59367e-115
xb6.xtemp.xr2t3.11                -4.5846e-115
xb6.xtemp.xr2t3.21               -2.15676e-115
xb6.xtemp.t2                     -2.14769e-115
xb6.xtemp.xr2t2.11               -2.13861e-115
xb6.xtemp.xr2t2.21               -9.31916e-116
xb6.xtemp.t1                     -9.22843e-116
xb6.xtemp.xr2t1.11                -9.1377e-116
xb6.xtemp.xr2t1.21               -3.18065e-116
xb6.xtemp.t0                     -3.08992e-116
xb6.xtemp.xr2t0.11               -2.99919e-116
xb6.xtemp.xr2t0.21               -9.07333e-118
xb6.xtemp.xriso.11                 1.30545e-90
xb6.xtemp.xriso.21                 1.30545e-90
xb6.xcmp.bias_okb                 9.03732e-170
xb6.xcmp.nbg                     -8.02753e-105
xb6.xcmp.sns                      9.47023e-141
xb6.xcmp.xrtop.11                 9.47021e-141
xb6.xcmp.xrtop.21                 1.75985e-146
xb6.xcmp.snsb                     1.75876e-140
xb6.xcmp.xrbot.11                 1.75876e-140
xb6.xcmp.xrbot.21                 9.47025e-141
xb6.xcmp.xrhys.11                 3.32965e-145
xb6.xcmp.xrhys.21                 1.75873e-140
xb6.xcmp.n1                         1.181e-128
xb6.xcmp.tn                       2.96672e-123
xb6.xcmp.na                      -3.38101e-123
xb6.xcmp.cmpo                    -1.49126e-124
xb6.xcmp.vdda                    -9.47156e-124
xb6.por_raw                      -1.11911e-128
xb6.xpor.pdn                       -8.696e-157
xb6.xpor.ndl                      1.60281e-122
xb6.xpor.ndgp                    -9.64862e-123
xb6.xpor.ndg                     -8.32395e-122
xb6.xpor.ndgn                     1.53148e-121
xb6.xpor.pgdg                    -4.89483e-113
xb6.xpor.pgdgb                   -1.29652e-121
xb6.xpor.nts                      8.73275e-122
xb6.xpor.tim                      4.09256e-120
xb6.xpor.nd1                     -5.94829e-131
xb6.xpor.trip                    -9.83092e-119
xb6.xpor.rstb                    -3.81111e-108
xb6.xpor.nnand                    1.37861e-107
vb6#branch                        -6.69864e-95
vb3#branch                        -7.27705e-95
vb1#branch                        -7.27705e-95

 Reference value :  0.00000e+00
 Reference value :  1.50582e-04
 Reference value :  1.60835e-04
 Reference value :  1.78953e-04
 Reference value :  2.21800e-04
 Reference value :  4.04994e-04
 Reference value :  4.25660e-04
 Reference value :  4.59788e-04
 Reference value :  4.63987e-04
 Reference value :  4.64013e-04
 Reference value :  4.64610e-04
 Reference value :  4.85478e-04
 Reference value :  4.90350e-04
 Reference value :  4.90702e-04
 Reference value :  5.09588e-04
 Reference value :  9.25077e-04
 Reference value :  9.32474e-04
 Reference value :  9.32523e-04
 Reference value :  9.36314e-04
 Reference value :  9.42194e-04
 Reference value :  9.42290e-04
 Reference value :  9.48341e-04
 Reference value :  1.66279e-03
 Reference value :  2.80279e-03
 Reference value :  3.96279e-03
 Reference value :  5.12279e-03
 Reference value :  6.28279e-03
 Reference value :  7.30133e-03
 Reference value :  7.33244e-03
 Reference value :  7.34458e-03
 Reference value :  7.34500e-03
 Reference value :  7.34509e-03
 Reference value :  7.34565e-03
 Reference value :  7.34647e-03
 Reference value :  7.34655e-03
 Reference value :  7.34730e-03
 Reference value :  7.34755e-03
 Reference value :  7.34831e-03
 Reference value :  7.34860e-03
 Reference value :  7.35243e-03
 Reference value :  7.36345e-03
 Reference value :  7.36355e-03
 Reference value :  7.36355e-03
 Reference value :  7.36357e-03
 Reference value :  7.36415e-03
 Reference value :  7.37553e-03
 Reference value :  7.37746e-03
 Reference value :  7.37767e-03
 Reference value :  7.37773e-03
 Reference value :  7.37855e-03
 Reference value :  7.37880e-03
 Reference value :  7.37885e-03
 Reference value :  7.37965e-03
 Reference value :  7.37981e-03
 Reference value :  7.38034e-03
 Reference value :  7.38074e-03
 Reference value :  7.38092e-03
 Reference value :  7.38171e-03
 Reference value :  7.39155e-03
 Reference value :  8.05778e-03
 Reference value :  8.99778e-03
 Reference value :  9.91778e-03
 Reference value :  1.08378e-02
 Reference value :  1.17378e-02
 Reference value :  1.26578e-02
 Reference value :  1.36178e-02
 Reference value :  1.45378e-02
 Reference value :  1.54778e-02
 Reference value :  1.64178e-02
 Reference value :  1.72978e-02
 Reference value :  1.81978e-02
 Reference value :  1.91178e-02
 Reference value :  2.00004e-02
 Reference value :  2.00266e-02
 Reference value :  2.00285e-02
 Reference value :  2.00286e-02
 Reference value :  2.00286e-02
 Reference value :  2.00286e-02
 Reference value :  2.00286e-02
 Reference value :  2.00287e-02
 Reference value :  2.00341e-02
 Reference value :  2.00669e-02
 Reference value :  2.00687e-02
 Reference value :  2.00699e-02
 Reference value :  2.00700e-02
 Reference value :  2.00700e-02
 Reference value :  2.00700e-02
 Reference value :  2.00700e-02
 Reference value :  2.00700e-02
 Reference value :  2.00716e-02
 Reference value :  2.00899e-02
 Reference value :  2.00902e-02
 Reference value :  2.00902e-02
 Reference value :  2.00903e-02
 Reference value :  2.00903e-02
 Reference value :  2.00903e-02
 Reference value :  2.00951e-02
 Reference value :  2.01161e-02
 Reference value :  2.01184e-02
 Reference value :  2.01185e-02
 Reference value :  2.01185e-02
 Reference value :  2.01185e-02
 Reference value :  2.01185e-02
 Reference value :  2.01186e-02
 Reference value :  2.01188e-02
 Reference value :  2.01932e-02
 Reference value :  2.03542e-02
 Reference value :  2.03869e-02
 Reference value :  2.03881e-02
 Reference value :  2.03881e-02
 Reference value :  2.03882e-02
 Reference value :  2.03949e-02
 Reference value :  2.06361e-02
 Reference value :  2.06444e-02
 Reference value :  2.06445e-02
 Reference value :  2.06446e-02
 Reference value :  2.06477e-02
 Reference value :  2.06541e-02
 Reference value :  2.06542e-02
 Reference value :  2.06559e-02
 Reference value :  2.06661e-02
 Reference value :  2.08345e-02
 Reference value :  2.08361e-02
 Reference value :  2.08369e-02
 Reference value :  2.08371e-02
 Reference value :  2.08371e-02
 Reference value :  2.08393e-02
 Reference value :  2.08440e-02
 Reference value :  2.08442e-02
 Reference value :  2.08442e-02
 Reference value :  2.08442e-02
 Reference value :  2.08442e-02
 Reference value :  2.08442e-02
 Reference value :  2.08442e-02
 Reference value :  2.08475e-02
 Reference value :  2.10520e-02
 Reference value :  2.11446e-02
 Reference value :  2.11448e-02
 Reference value :  2.11458e-02
 Reference value :  2.11580e-02
 Reference value :  2.17481e-02
 Reference value :  2.19221e-02
 Reference value :  2.19225e-02
 Reference value :  2.19255e-02
 Reference value :  2.19322e-02
 Reference value :  2.19323e-02
 Reference value :  2.19367e-02
 Reference value :  2.20618e-02
 Reference value :  2.26957e-02
 Reference value :  2.27058e-02
 Reference value :  2.27068e-02
 Reference value :  2.27070e-02
 Reference value :  2.27070e-02
 Reference value :  2.27117e-02
 Reference value :  2.28197e-02
 Reference value :  2.32525e-02
 Reference value :  2.32674e-02
 Reference value :  2.32679e-02
 Reference value :  2.32680e-02
 Reference value :  2.32706e-02
 Reference value :  2.32808e-02
 Reference value :  2.37346e-02
 Reference value :  2.46746e-02
 Reference value :  2.55417e-02
 Reference value :  2.55579e-02
 Reference value :  2.55580e-02
 Reference value :  2.55586e-02
 Reference value :  2.55636e-02
 Reference value :  2.55679e-02
 Reference value :  2.55679e-02
 Reference value :  2.55717e-02
 Reference value :  2.56956e-02
 Reference value :  2.64753e-02
 Reference value :  2.70370e-02
 Reference value :  2.70614e-02
 Reference value :  2.70623e-02
 Reference value :  2.70625e-02
 Reference value :  2.70626e-02
 Reference value :  2.70629e-02
 Reference value :  2.70637e-02
 Reference value :  2.70638e-02
 Reference value :  2.70639e-02
 Reference value :  2.70647e-02
 Reference value :  2.70649e-02
 Reference value :  2.70653e-02
 Reference value :  2.70658e-02
 Reference value :  2.70663e-02
 Reference value :  2.70733e-02
 Reference value :  2.70809e-02
 Reference value :  2.70811e-02
 Reference value :  2.70811e-02
 Reference value :  2.70811e-02
 Reference value :  2.70812e-02
 Reference value :  2.70832e-02
 Reference value :  2.70942e-02
 Reference value :  2.70950e-02
 Reference value :  2.70952e-02
 Reference value :  2.70953e-02
 Reference value :  2.70955e-02
 Reference value :  2.70962e-02
 Reference value :  2.70963e-02
 Reference value :  2.70965e-02
 Reference value :  2.70973e-02
 Reference value :  2.70974e-02
 Reference value :  2.70982e-02
 Reference value :  2.70983e-02
 Reference value :  2.70990e-02
 Reference value :  2.71020e-02
 Reference value :  2.74546e-02
 Reference value :  2.82932e-02
 Reference value :  2.83199e-02
 Reference value :  2.83327e-02
 Reference value :  2.83335e-02
 Reference value :  2.83336e-02
 Reference value :  2.83337e-02
 Reference value :  2.83341e-02
 Reference value :  2.83349e-02
 Reference value :  2.83350e-02
 Reference value :  2.83351e-02
 Reference value :  2.83359e-02
 Reference value :  2.83360e-02
 Reference value :  2.83368e-02
 Reference value :  2.83370e-02
 Reference value :  2.83375e-02
 Reference value :  2.83469e-02
 Reference value :  2.83522e-02
 Reference value :  2.83523e-02
 Reference value :  2.83523e-02
 Reference value :  2.83523e-02
 Reference value :  2.83524e-02
 Reference value :  2.83547e-02
 Reference value :  2.83658e-02
 Reference value :  2.83664e-02
 Reference value :  2.83665e-02
 Reference value :  2.83666e-02
 Reference value :  2.83674e-02
 Reference value :  2.83676e-02
 Reference value :  2.83677e-02
 Reference value :  2.83685e-02
 Reference value :  2.83686e-02
 Reference value :  2.83695e-02
 Reference value :  2.83696e-02
 Reference value :  2.83703e-02
 Reference value :  2.83750e-02
 Reference value :  2.88058e-02
 Reference value :  2.97658e-02
 Reference value :  3.07258e-02
 Reference value :  3.17058e-02
 Reference value :  3.19478e-02
 Reference value :  3.19685e-02
 Reference value :  3.19693e-02
 Reference value :  3.19694e-02
 Reference value :  3.19695e-02
 Reference value :  3.19699e-02
 Reference value :  3.19707e-02
 Reference value :  3.19708e-02
 Reference value :  3.19710e-02
 Reference value :  3.19717e-02
 Reference value :  3.19718e-02
 Reference value :  3.19727e-02
 Reference value :  3.19728e-02
 Reference value :  3.19749e-02
 Reference value :  3.19869e-02
 Reference value :  3.19881e-02
 Reference value :  3.19881e-02
 Reference value :  3.19881e-02
 Reference value :  3.19881e-02
 Reference value :  3.19885e-02
 Reference value :  3.19983e-02
 Reference value :  3.20020e-02
 Reference value :  3.20022e-02
 Reference value :  3.20023e-02
 Reference value :  3.20026e-02
 Reference value :  3.20033e-02
 Reference value :  3.20033e-02
 Reference value :  3.20036e-02
 Reference value :  3.20043e-02
 Reference value :  3.20044e-02
 Reference value :  3.20052e-02
 Reference value :  3.20053e-02
 Reference value :  3.20060e-02
 Reference value :  3.20152e-02
 Reference value :  3.26018e-02
 Reference value :  3.35618e-02
 Reference value :  3.44818e-02
 Reference value :  3.54218e-02
 Reference value :  3.63618e-02
 Reference value :  3.72818e-02
 Reference value :  3.82418e-02
 Reference value :  3.91818e-02
 Reference value :  4.00818e-02
 Reference value :  4.10218e-02
 Reference value :  4.19618e-02
 Reference value :  4.28818e-02
 Reference value :  4.38018e-02
 Reference value :  4.47818e-02
 Reference value :  4.57218e-02
 Reference value :  4.66818e-02
 Reference value :  4.76218e-02
 Reference value :  4.85618e-02
 Reference value :  4.94818e-02
 Reference value :  5.04618e-02
 Reference value :  5.18018e-02
 Reference value :  5.28018e-02
 Reference value :  5.37618e-02
 Reference value :  5.47218e-02
No. of Data Rows : 8288
t_praw_b1           =  2.00286e-02
vdd_praw_b1         =  2.78219e+00
vref_praw_b1        =  9.87314e-01
t_praw_b3           =  2.00903e-02
vdd_praw_b3         =  2.79220e+00
vref_praw_b3        =  1.15279e+00
t_praw_b6           =  2.08371e-02
vdd_praw_b6         =  2.42028e+00
vref_praw_b6        =  1.19073e+00
m_t_praw_b1_us = 2.8600000000e+01
m_vdd_at_praw_b1_v = 2.7821890000e+00
m_vref_at_praw_b1_v = 9.8731450000e-01
m_t_praw_b3_us = 9.0250000000e+01
m_vdd_at_praw_b3_v = 2.7922020000e+00
m_vref_at_praw_b3_v = 1.1527870000e+00
m_t_praw_b6_us = 8.3714000000e+02
m_vdd_at_praw_b6_v = 2.4202800000e+00
m_vref_at_praw_b6_v = 1.1907320000e+00
Note: Simulation executed from .control section 

Warning: m=xx on .subckt line will override multiplier m hierarchy!

Note: Starting dynamic gmin stepping
Note: Dynamic gmin stepping completed
