
Note: Compatibility modes selected: hs a


Circuit: * por-brownout-spurious @ sf_-40c_2.97v -- generated by sim/harness, do not edit

Doing analysis at TEMP = -40.000000 and TNOM = 27.000000

Using SPARSE 1.3 as Direct Linear Solver

Initial Transient Solution
--------------------------

Node                                   Voltage
----                                   -------
vddb1                                        0
ptatb1                            2.09329e-103
ctatb1                              2.3889e-84
resetnb1                           2.90738e-89
xb1.xbias.na                     -3.85309e-233
xb1.xbias.pg                     -2.45576e-114
xb1.xbias.nbtop                   1.28016e-218
xb1.vref                         -7.20931e-219
xb1.xbias.nbg                      2.35629e-23
xb1.xbias.xrt.11                  1.28016e-218
xb1.xbias.xrt.21                  1.28016e-218
xb1.xbias.nb                      1.28016e-218
xb1.xbias.xr1.11                  1.28016e-218
xb1.xbias.xr1.21                  1.28016e-218
xb1.xbias.ec                      1.28016e-218
xb1.xbias.xr2.11                 -7.20931e-219
xb1.xbias.xr2.21                 -7.20936e-219
xb1.xbias.er                     -7.20936e-219
xb1.xbias.pb                      -2.35629e-23
xb1.ibias                         -1.23991e-28
xb1.xbias.nt                      2.37328e-110
xb1.xbias.n1                     -9.33415e-111
xb1.xbias.n2                     -9.33634e-111
xb1.xbias.nz                     -9.33634e-111
xb1.xbias.xrz.11                 -9.33634e-111
xb1.xbias.xrz.21                 -9.33634e-111
xb1.xbias.ks1                    -3.96738e-209
xb1.xbias.ks2                     6.67668e-209
xb1.xbias.ks3                    -7.26626e-209
xb1.xbias.ks4                      5.5488e-209
xb1.xbias.nkg                    -2.06845e-209
xb1.xbias.nkm                      3.70389e-23
xb1.xbias.tok                      8.98321e-24
xb1.xbias.noko                    -1.57086e-23
xb1.xbias.nokl                    -2.35634e-23
xb1.xbias.nokx                     3.70377e-23
xb1.bias_ok                       -1.34725e-23
xb1.xtemp.nbg                      4.63898e-30
xb1.xtemp.enb                      1.35835e-90
xb1.xtemp.pb                      -7.39856e-96
xb1.xtemp.pcas                   -4.36995e-116
xb1.xtemp.nt                       4.36272e-23
xb1.xtemp.n1                       4.38071e-22
xb1.xtemp.na                        2.3889e-84
xb1.xtemp.n2                       -2.6306e-22
xb1.xtemp.nb                      -6.94931e-60
xb1.xtemp.pg                      -1.80358e-26
xb1.xtemp.nz                       -2.6306e-22
xb1.xtemp.xrz.11                   -2.6306e-22
xb1.xtemp.xrz.21                   -2.6306e-22
xb1.xtemp.m1d                     -8.84433e-84
xb1.xtemp.m2d                      8.01812e-59
xb1.xtemp.m3d                     -6.00975e-97
xb1.xtemp.nd                      -3.00142e-98
xb1.xtemp.nr                     -9.23365e-114
xb1.xtemp.nc                      -6.94931e-60
xb1.xtemp.xr1.11                  -6.94931e-60
xb1.xtemp.xr1.21                  -6.94931e-60
xb1.xtemp.xr2f.11                 2.09316e-103
xb1.xtemp.xr2f.21                 3.05497e-104
xb1.xtemp.t5                      3.05372e-104
xb1.xtemp.xr2t5.11                3.05246e-104
xb1.xtemp.xr2t5.21                1.50437e-104
xb1.xtemp.t4                      1.50311e-104
xb1.xtemp.xr2t4.11                1.50186e-104
xb1.xtemp.xr2t4.21                7.28927e-105
xb1.xtemp.t3                      7.27668e-105
xb1.xtemp.xr2t3.11                7.26409e-105
xb1.xtemp.xr2t3.21                3.41057e-105
xb1.xtemp.t2                      3.39798e-105
xb1.xtemp.xr2t2.11                 3.3854e-105
xb1.xtemp.xr2t2.21                1.47009e-105
xb1.xtemp.t1                       1.4575e-105
xb1.xtemp.xr2t1.11                1.44492e-105
xb1.xtemp.xr2t1.21                4.99397e-106
xb1.xtemp.t0                      4.86811e-106
xb1.xtemp.xr2t0.11                4.74225e-106
xb1.xtemp.xr2t0.21                1.25861e-107
xb1.xtemp.xriso.11                  2.3889e-84
xb1.xtemp.xriso.21                  2.3889e-84
xb1.xcmp.bias_okb                            0
xb1.xcmp.nbg                       4.63898e-30
xb1.xcmp.sns                                 0
xb1.xcmp.xrtop.11                            0
xb1.xcmp.xrtop.21                            0
xb1.xcmp.snsb                                0
xb1.xcmp.xrbot.11                            0
xb1.xcmp.xrbot.21                            0
xb1.xcmp.xrhys.11                            0
xb1.xcmp.xrhys.21                            0
xb1.xcmp.n1                                  0
xb1.xcmp.tn                         9.9342e-95
xb1.xcmp.na                       -3.26915e-93
xb1.xcmp.cmpo                     -1.72175e-93
xb1.xcmp.vdda                      1.18888e-92
xb1.por_raw                         5.256e-153
xb1.xpor.pdn                      -2.96145e-34
xb1.xpor.ndl                     -9.33722e-174
xb1.xpor.ndgp                      9.57698e-65
xb1.xpor.ndg                      -4.27539e-44
xb1.xpor.ndgn                      7.55635e-23
xb1.xpor.pgdg                     4.71638e-277
xb1.xpor.pgdgb                     3.22465e-93
xb1.xpor.nts                     -5.77159e-101
xb1.xpor.tim                      6.20016e-101
xb1.xpor.nd1                     -2.69923e-116
xb1.xpor.trip                                0
xb1.xpor.rstb                       5.9403e-84
xb1.xpor.nnand                    -3.17973e-85
vddb3                                        0
ptatb3                             1.07722e-98
ctatb3                            -1.56906e-33
resetnb3                          -2.34767e-34
xb3.xbias.na                      1.82604e-233
xb3.xbias.pg                     -2.71403e-114
xb3.xbias.nbtop                   1.23955e-218
xb3.vref                         -7.20957e-219
xb3.xbias.nbg                      2.35629e-23
xb3.xbias.xrt.11                  1.23955e-218
xb3.xbias.xrt.21                  1.23955e-218
xb3.xbias.nb                      1.23955e-218
xb3.xbias.xr1.11                  1.23955e-218
xb3.xbias.xr1.21                  1.23955e-218
xb3.xbias.ec                      1.23955e-218
xb3.xbias.xr2.11                 -7.20957e-219
xb3.xbias.xr2.21                 -7.20963e-219
xb3.xbias.er                     -7.20963e-219
xb3.xbias.pb                      -2.35629e-23
xb3.ibias                          1.83037e-22
xb3.xbias.nt                       2.6174e-110
xb3.xbias.n1                     -1.03157e-110
xb3.xbias.n2                      -1.0318e-110
xb3.xbias.nz                      -1.0318e-110
xb3.xbias.xrz.11                  -1.0318e-110
xb3.xbias.xrz.21                  -1.0318e-110
xb3.xbias.ks1                    -4.07249e-209
xb3.xbias.ks2                     6.85358e-209
xb3.xbias.ks3                    -7.45878e-209
xb3.xbias.ks4                     5.69582e-209
xb3.xbias.nkg                    -2.12325e-209
xb3.xbias.nkm                      3.70389e-23
xb3.xbias.tok                      8.98401e-24
xb3.xbias.noko                     1.57086e-23
xb3.xbias.nokl                     2.35634e-23
xb3.xbias.nokx                     3.70377e-23
xb3.bias_ok                       -1.34725e-23
xb3.xtemp.nbg                      1.94199e-23
xb3.xtemp.enb                                0
xb3.xtemp.pb                      -5.79622e-86
xb3.xtemp.pcas                   -2.22528e-111
xb3.xtemp.nt                      -3.06736e-22
xb3.xtemp.n1                       2.63279e-22
xb3.xtemp.na                      -1.56906e-33
xb3.xtemp.n2                       1.75541e-22
xb3.xtemp.nb                      -2.22941e-26
xb3.xtemp.pg                         1.203e-26
xb3.xtemp.nz                       1.75541e-22
xb3.xtemp.xrz.11                   1.75541e-22
xb3.xtemp.xrz.21                   1.75541e-22
xb3.xtemp.m1d                      1.34083e-32
xb3.xtemp.m2d                      6.32446e-25
xb3.xtemp.m3d                     -3.09265e-92
xb3.xtemp.nd                      -7.92873e-96
xb3.xtemp.nr                      -1.34743e-23
xb3.xtemp.nc                      -2.22941e-26
xb3.xtemp.xr1.11                  -2.22941e-26
xb3.xtemp.xr1.21                  -2.22941e-26
xb3.xtemp.xr2f.11                  1.07715e-98
xb3.xtemp.xr2f.21                  1.57211e-99
xb3.xtemp.t5                       1.57146e-99
xb3.xtemp.xr2t5.11                 1.57081e-99
xb3.xtemp.xr2t5.21                7.74159e-100
xb3.xtemp.t4                      7.73512e-100
xb3.xtemp.xr2t4.11                7.72864e-100
xb3.xtemp.xr2t4.21                 3.7511e-100
xb3.xtemp.t3                      3.74462e-100
xb3.xtemp.xr2t3.11                3.73814e-100
xb3.xtemp.xr2t3.21                 1.7551e-100
xb3.xtemp.t2                      1.74862e-100
xb3.xtemp.xr2t2.11                1.74214e-100
xb3.xtemp.xr2t2.21                7.56517e-101
xb3.xtemp.t1                       7.5004e-101
xb3.xtemp.xr2t1.11                7.43563e-101
xb3.xtemp.xr2t1.21                2.56993e-101
xb3.xtemp.t0                      2.50516e-101
xb3.xtemp.xr2t0.11                2.44039e-101
xb3.xtemp.xr2t0.21                 6.4769e-103
xb3.xtemp.xriso.11                -1.56906e-33
xb3.xtemp.xriso.21                -1.56906e-33
xb3.xcmp.bias_okb                            0
xb3.xcmp.nbg                       1.94199e-23
xb3.xcmp.sns                                 0
xb3.xcmp.xrtop.11                            0
xb3.xcmp.xrtop.21                            0
xb3.xcmp.snsb                                0
xb3.xcmp.xrbot.11                            0
xb3.xcmp.xrbot.21                            0
xb3.xcmp.xrhys.11                            0
xb3.xcmp.xrhys.21                            0
xb3.xcmp.n1                      -3.06939e-175
xb3.xcmp.tn                        1.13772e-52
xb3.xcmp.na                       -3.74095e-51
xb3.xcmp.cmpo                     -1.96689e-51
xb3.xcmp.vdda                      1.35822e-50
xb3.por_raw                                  0
xb3.xpor.pdn                        2.6711e-26
xb3.xpor.ndl                     -2.47842e-176
xb3.xpor.ndgp                     -4.12568e-32
xb3.xpor.ndg                       4.19403e-33
xb3.xpor.ndgn                      7.55635e-23
xb3.xpor.pgdg                    -2.12449e-105
xb3.xpor.pgdgb                      2.7943e-39
xb3.xpor.nts                      1.40115e-110
xb3.xpor.tim                      1.39723e-110
xb3.xpor.nd1                      -4.04999e-86
xb3.xpor.trip                                0
xb3.xpor.rstb                     -4.47847e-30
xb3.xpor.nnand                     2.39964e-31
vddb6                                        0
ptatb6                             1.18323e-96
ctatb6                              8.3843e-87
resetnb6                         -1.43243e-110
xb6.xbias.na                      1.16813e-233
xb6.xbias.pg                     -2.15177e-114
xb6.xbias.nbtop                   1.30588e-218
xb6.vref                         -7.20928e-219
xb6.xbias.nbg                      2.35629e-23
xb6.xbias.xrt.11                  1.30588e-218
xb6.xbias.xrt.21                  1.30588e-218
xb6.xbias.nb                      1.30588e-218
xb6.xbias.xr1.11                  1.30588e-218
xb6.xbias.xr1.21                  1.30588e-218
xb6.xbias.ec                      1.30588e-218
xb6.xbias.xr2.11                 -7.20928e-219
xb6.xbias.xr2.21                 -7.20933e-219
xb6.xbias.er                     -7.20933e-219
xb6.xbias.pb                      -2.35629e-23
xb6.ibias                        -1.11693e-123
xb6.xbias.nt                      2.08576e-110
xb6.xbias.n1                     -8.20564e-111
xb6.xbias.n2                     -8.18062e-111
xb6.xbias.nz                     -8.18062e-111
xb6.xbias.xrz.11                 -8.18062e-111
xb6.xbias.xrz.21                 -8.18062e-111
xb6.xbias.ks1                    -3.96719e-209
xb6.xbias.ks2                     6.67635e-209
xb6.xbias.ks3                    -7.26591e-209
xb6.xbias.ks4                     5.54853e-209
xb6.xbias.nkg                    -2.06835e-209
xb6.xbias.nkm                      3.70389e-23
xb6.xbias.tok                      8.98401e-24
xb6.xbias.noko                     1.57086e-23
xb6.xbias.nokl                     2.35634e-23
xb6.xbias.nokx                     3.70377e-23
xb6.bias_ok                       -1.34725e-23
xb6.xtemp.nbg                     5.09215e-123
xb6.xtemp.enb                                0
xb6.xtemp.pb                     -1.93842e-122
xb6.xtemp.pcas                    1.68987e-149
xb6.xtemp.nt                      -4.36435e-23
xb6.xtemp.n1                      -4.38079e-22
xb6.xtemp.na                        8.3843e-87
xb6.xtemp.n2                       2.63054e-22
xb6.xtemp.nb                      7.03956e-108
xb6.xtemp.pg                       1.80274e-26
xb6.xtemp.nz                       2.63054e-22
xb6.xtemp.xrz.11                   2.63054e-22
xb6.xtemp.xrz.21                   2.63054e-22
xb6.xtemp.m1d                     -3.10415e-86
xb6.xtemp.m2d                    -8.12271e-107
xb6.xtemp.m3d                     -3.39701e-90
xb6.xtemp.nd                     -1.39647e-152
xb6.xtemp.nr                       1.34746e-23
xb6.xtemp.nc                      7.03956e-108
xb6.xtemp.xr1.11                  7.03956e-108
xb6.xtemp.xr1.21                  7.03956e-108
xb6.xtemp.xr2f.11                  1.18316e-96
xb6.xtemp.xr2f.21                  1.72682e-97
xb6.xtemp.t5                       1.72611e-97
xb6.xtemp.xr2t5.11                  1.7254e-97
xb6.xtemp.xr2t5.21                 8.50347e-98
xb6.xtemp.t4                       8.49636e-98
xb6.xtemp.xr2t4.11                 8.48924e-98
xb6.xtemp.xr2t4.21                 4.12026e-98
xb6.xtemp.t3                       4.11314e-98
xb6.xtemp.xr2t3.11                 4.10603e-98
xb6.xtemp.xr2t3.21                 1.92782e-98
xb6.xtemp.t2                       1.92071e-98
xb6.xtemp.xr2t2.11                 1.91359e-98
xb6.xtemp.xr2t2.21                 8.30968e-99
xb6.xtemp.t1                       8.23854e-99
xb6.xtemp.xr2t1.11                  8.1674e-99
xb6.xtemp.xr2t1.21                 2.82284e-99
xb6.xtemp.t0                        2.7517e-99
xb6.xtemp.xr2t0.11                 2.68056e-99
xb6.xtemp.xr2t0.21                7.11432e-101
xb6.xtemp.xriso.11                  8.3843e-87
xb6.xtemp.xriso.21                  8.3843e-87
xb6.xcmp.bias_okb                            0
xb6.xcmp.nbg                      -1.1797e-128
xb6.xcmp.sns                                 0
xb6.xcmp.xrtop.11                            0
xb6.xcmp.xrtop.21                            0
xb6.xcmp.snsb                                0
xb6.xcmp.xrbot.11                            0
xb6.xcmp.xrbot.21                            0
xb6.xcmp.xrhys.11                            0
xb6.xcmp.xrhys.21                            0
xb6.xcmp.n1                        -7.534e-293
xb6.xcmp.tn                       1.92067e-137
xb6.xcmp.na                      -6.28887e-136
xb6.xcmp.cmpo                    -3.31218e-136
xb6.xcmp.vdda                     2.28726e-135
xb6.por_raw                       3.26874e-152
xb6.xpor.pdn                      1.07083e-182
xb6.xpor.ndl                      2.09883e-182
xb6.xpor.ndgp                     -9.57698e-65
xb6.xpor.ndg                       4.27539e-44
xb6.xpor.ndgn                     -7.55635e-23
xb6.xpor.pgdg                                0
xb6.xpor.pgdgb                    -3.4545e-144
xb6.xpor.nts                     -4.37272e-133
xb6.xpor.tim                      3.43267e-133
xb6.xpor.nd1                      2.55379e-133
xb6.xpor.trip                     2.12093e-152
xb6.xpor.rstb                     5.56247e-133
xb6.xpor.nnand                   -3.13443e-134
vb6#branch                         1.58541e-35
vb3#branch                        -1.26006e-33
vb1#branch                         3.79803e-35

 Reference value :  0.00000e+00
 Reference value :  1.89540e-04
 Reference value :  2.08319e-04
 Reference value :  2.23162e-04
 Reference value :  3.85416e-04
 Reference value :  4.67687e-04
 Reference value :  5.04539e-04
 Reference value :  5.23692e-04
 Reference value :  5.24949e-04
 Reference value :  5.24979e-04
 Reference value :  5.26840e-04
 Reference value :  5.52311e-04
 Reference value :  5.66054e-04
 Reference value :  5.66246e-04
 Reference value :  5.81268e-04
 Reference value :  8.95959e-04
 Reference value :  9.47280e-04
 Reference value :  9.47319e-04
 Reference value :  9.47455e-04
 Reference value :  9.53710e-04
 Reference value :  9.62162e-04
 Reference value :  9.62271e-04
 Reference value :  9.72280e-04
 Reference value :  1.59285e-03
 Reference value :  2.75285e-03
 Reference value :  3.89285e-03
 Reference value :  5.05285e-03
 Reference value :  6.23285e-03
 Reference value :  7.39285e-03
 Reference value :  8.57285e-03
 Reference value :  9.73285e-03
 Reference value :  1.09129e-02
 Reference value :  1.11233e-02
 Reference value :  1.11257e-02
 Reference value :  1.11259e-02
 Reference value :  1.11260e-02
 Reference value :  1.11270e-02
 Reference value :  1.11284e-02
 Reference value :  1.11286e-02
 Reference value :  1.11292e-02
 Reference value :  1.11303e-02
 Reference value :  1.11318e-02
 Reference value :  1.11321e-02
 Reference value :  1.11337e-02
 Reference value :  1.11339e-02
 Reference value :  1.11355e-02
 Reference value :  1.11357e-02
 Reference value :  1.11383e-02
 Reference value :  1.14630e-02
 Reference value :  1.26830e-02
 Reference value :  1.39430e-02
 Reference value :  1.51230e-02
 Reference value :  1.63030e-02
 Reference value :  1.74830e-02
 Reference value :  1.86430e-02
 Reference value :  1.98230e-02
 Reference value :  2.00405e-02
 Reference value :  2.00695e-02
 Reference value :  2.00700e-02
 Reference value :  2.00700e-02
 Reference value :  2.00700e-02
 Reference value :  2.00700e-02
 Reference value :  2.00726e-02
 Reference value :  2.00995e-02
 Reference value :  2.03167e-02
 Reference value :  2.03218e-02
 Reference value :  2.03222e-02
 Reference value :  2.03222e-02
 Reference value :  2.03222e-02
 Reference value :  2.03222e-02
 Reference value :  2.03224e-02
 Reference value :  2.03503e-02
 Reference value :  2.04585e-02
 Reference value :  2.04606e-02
 Reference value :  2.04611e-02
 Reference value :  2.04611e-02
 Reference value :  2.04611e-02
 Reference value :  2.04615e-02
 Reference value :  2.05463e-02
 Reference value :  2.05531e-02
 Reference value :  2.05531e-02
 Reference value :  2.05531e-02
 Reference value :  2.05531e-02
 Reference value :  2.05574e-02
 Reference value :  2.06146e-02
 Reference value :  2.06257e-02
 Reference value :  2.06258e-02
 Reference value :  2.06258e-02
 Reference value :  2.06258e-02
 Reference value :  2.06260e-02
 Reference value :  2.06268e-02
 Reference value :  2.06268e-02
 Reference value :  2.06285e-02
 Reference value :  2.06415e-02
 Reference value :  2.06416e-02
 Reference value :  2.06452e-02
 Reference value :  2.06528e-02
 Reference value :  2.06528e-02
 Reference value :  2.06541e-02
 Reference value :  2.06631e-02
 Reference value :  2.06633e-02
 Reference value :  2.06737e-02
 Reference value :  2.08641e-02
 Reference value :  2.08683e-02
 Reference value :  2.08686e-02
 Reference value :  2.08686e-02
 Reference value :  2.08686e-02
 Reference value :  2.08722e-02
 Reference value :  2.10238e-02
 Reference value :  2.10709e-02
 Reference value :  2.10717e-02
 Reference value :  2.10720e-02
 Reference value :  2.10720e-02
 Reference value :  2.10721e-02
 Reference value :  2.10721e-02
 Reference value :  2.10723e-02
 Reference value :  2.11479e-02
 Reference value :  2.12280e-02
 Reference value :  2.12290e-02
 Reference value :  2.12290e-02
 Reference value :  2.12371e-02
 Reference value :  2.12742e-02
 Reference value :  2.19296e-02
 Reference value :  2.19358e-02
 Reference value :  2.19362e-02
 Reference value :  2.19363e-02
 Reference value :  2.19411e-02
 Reference value :  2.19512e-02
 Reference value :  2.19513e-02
 Reference value :  2.19614e-02
 Reference value :  2.25262e-02
 Reference value :  2.32788e-02
 Reference value :  2.35247e-02
 Reference value :  2.35252e-02
 Reference value :  2.35254e-02
 Reference value :  2.35381e-02
 Reference value :  2.38655e-02
 Reference value :  2.51655e-02
 Reference value :  2.55548e-02
 Reference value :  2.55570e-02
 Reference value :  2.55571e-02
 Reference value :  2.55619e-02
 Reference value :  2.55722e-02
 Reference value :  2.55725e-02
 Reference value :  2.55823e-02
 Reference value :  2.60624e-02
 Reference value :  2.72353e-02
 Reference value :  2.84553e-02
 Reference value :  2.96753e-02
 Reference value :  3.07867e-02
 Reference value :  3.08328e-02
 Reference value :  3.08340e-02
 Reference value :  3.08342e-02
 Reference value :  3.08344e-02
 Reference value :  3.08362e-02
 Reference value :  3.08364e-02
 Reference value :  3.08368e-02
 Reference value :  3.08381e-02
 Reference value :  3.08396e-02
 Reference value :  3.08400e-02
 Reference value :  3.08415e-02
 Reference value :  3.08417e-02
 Reference value :  3.08434e-02
 Reference value :  3.08436e-02
 Reference value :  3.08554e-02
 Reference value :  3.16909e-02
 Reference value :  3.21041e-02
 Reference value :  3.21103e-02
 Reference value :  3.21106e-02
 Reference value :  3.21107e-02
 Reference value :  3.21127e-02
 Reference value :  3.21130e-02
 Reference value :  3.21147e-02
 Reference value :  3.21164e-02
 Reference value :  3.21167e-02
 Reference value :  3.21182e-02
 Reference value :  3.21189e-02
 Reference value :  3.21200e-02
 Reference value :  3.21336e-02
 Reference value :  3.34652e-02
 Reference value :  3.51852e-02
 Reference value :  3.57274e-02
 Reference value :  3.57285e-02
 Reference value :  3.57288e-02
 Reference value :  3.57308e-02
 Reference value :  3.57310e-02
 Reference value :  3.57326e-02
 Reference value :  3.57343e-02
 Reference value :  3.57361e-02
 Reference value :  3.57373e-02
 Reference value :  3.57382e-02
 Reference value :  3.57635e-02
 Reference value :  3.66639e-02
 Reference value :  3.78439e-02
 Reference value :  3.90039e-02
 Reference value :  4.01439e-02
 Reference value :  4.13039e-02
 Reference value :  4.24439e-02
 Reference value :  4.35239e-02
 Reference value :  4.47039e-02
 Reference value :  4.58639e-02
 Reference value :  4.70239e-02
 Reference value :  4.81639e-02
 Reference value :  4.93239e-02
 Reference value :  5.05039e-02
 Reference value :  5.16639e-02
 Reference value :  5.28439e-02
 Reference value :  5.40039e-02
No. of Data Rows : 7036
t_praw_b1           =  2.05531e-02
vdd_praw_b1         =  2.33382e+00
vref_praw_b1        =  6.60531e-01
t_praw_b3           =  2.00700e-02
vdd_praw_b3         =  2.83205e+00
vref_praw_b3        =  1.11627e+00
t_praw_b6           =  2.08686e-02
vdd_praw_b6         =  2.39964e+00
vref_praw_b6        =  1.17086e+00
m_t_praw_b1_us = 5.5312000000e+02
m_vdd_at_praw_b1_v = 2.3338210000e+00
m_vref_at_praw_b1_v = 6.6053140000e-01
m_t_praw_b3_us = 7.0020000000e+01
m_vdd_at_praw_b3_v = 2.8320520000e+00
m_vref_at_praw_b3_v = 1.1162710000e+00
m_t_praw_b6_us = 8.6857000000e+02
m_vdd_at_praw_b6_v = 2.3996420000e+00
m_vref_at_praw_b6_v = 1.1708620000e+00
Note: Simulation executed from .control section 

Warning: m=xx on .subckt line will override multiplier m hierarchy!

