
Note: Compatibility modes selected: hs a


Circuit: * por-brownout-spurious @ ss_27c_3.63v -- generated by sim/harness, do not edit

Doing analysis at TEMP = 27.000000 and TNOM = 27.000000

Using SPARSE 1.3 as Direct Linear Solver

Initial Transient Solution
--------------------------

Node                                   Voltage
----                                   -------
vddb1                                        0
ptatb1                            6.33135e-265
ctatb1                             2.90307e-98
resetnb1                          -2.14368e-39
xb1.xbias.na                      5.63166e-130
xb1.xbias.pg                     -9.34584e-119
xb1.xbias.nbtop                   6.41453e-118
xb1.vref                         -2.71564e-130
xb1.xbias.nbg                    -1.24674e-190
xb1.xbias.xrt.11                  6.41453e-118
xb1.xbias.xrt.21                  6.41453e-118
xb1.xbias.nb                      6.41453e-118
xb1.xbias.xr1.11                  6.41453e-118
xb1.xbias.xr1.21                  6.41454e-118
xb1.xbias.ec                      6.41454e-118
xb1.xbias.xr2.11                 -2.71564e-130
xb1.xbias.xr2.21                 -2.71566e-130
xb1.xbias.er                     -2.71566e-130
xb1.xbias.pb                      8.68031e-190
xb1.ibias                         -6.47662e-72
xb1.xbias.nt                       2.9678e-123
xb1.xbias.n1                     -3.37791e-124
xb1.xbias.n2                     -1.12992e-121
xb1.xbias.nz                     -1.12992e-121
xb1.xbias.xrz.11                 -1.12992e-121
xb1.xbias.xrz.21                 -1.12992e-121
xb1.xbias.ks1                    -9.74084e-112
xb1.xbias.ks2                     1.22396e-110
xb1.xbias.ks3                     -1.5282e-109
xb1.xbias.ks4                     1.90799e-108
xb1.xbias.nkg                    -2.38215e-107
xb1.xbias.nkm                    -1.70547e-205
xb1.xbias.tok                     8.38667e-173
xb1.xbias.noko                   -1.13238e-172
xb1.xbias.nokl                    7.61223e-169
xb1.xbias.nokx                               0
xb1.bias_ok                       -1.71721e-99
xb1.xtemp.nbg                      -1.1475e-73
xb1.xtemp.enb                                0
xb1.xtemp.pb                      5.72726e-160
xb1.xtemp.pcas                   -1.95061e-242
xb1.xtemp.nt                      -2.49261e-52
xb1.xtemp.n1                      -5.16208e-52
xb1.xtemp.na                       2.90307e-98
xb1.xtemp.n2                      -3.13456e-52
xb1.xtemp.nb                       1.61911e-95
xb1.xtemp.pg                        6.3934e-51
xb1.xtemp.nz                      -3.13456e-52
xb1.xtemp.xrz.11                  -3.13456e-52
xb1.xtemp.xrz.21                  -3.13456e-52
xb1.xtemp.m1d                      1.36739e-99
xb1.xtemp.m2d                      4.78668e-97
xb1.xtemp.m3d                     4.73999e-259
xb1.xtemp.nd                      -3.20536e-87
xb1.xtemp.nr                      1.09803e-132
xb1.xtemp.nc                       1.61911e-95
xb1.xtemp.xr1.11                   1.61911e-95
xb1.xtemp.xr1.21                   1.61911e-95
xb1.xtemp.xr2f.11                 6.33106e-265
xb1.xtemp.xr2f.21                 9.18027e-266
xb1.xtemp.t5                      9.17737e-266
xb1.xtemp.xr2t5.11                9.17449e-266
xb1.xtemp.xr2t5.21                4.53053e-266
xb1.xtemp.t4                      4.52765e-266
xb1.xtemp.xr2t4.11                4.52475e-266
xb1.xtemp.xr2t4.21                 2.1953e-266
xb1.xtemp.t3                       2.1924e-266
xb1.xtemp.xr2t3.11                 2.1895e-266
xb1.xtemp.xr2t3.21                1.02543e-266
xb1.xtemp.t2                      1.02253e-266
xb1.xtemp.xr2t2.11                1.01963e-266
xb1.xtemp.xr2t2.21                4.40381e-267
xb1.xtemp.t1                      4.37478e-267
xb1.xtemp.xr2t1.11                4.34572e-267
xb1.xtemp.xr2t1.21                1.48453e-267
xb1.xtemp.t0                      1.45547e-267
xb1.xtemp.xr2t0.11                1.42641e-267
xb1.xtemp.xr2t0.21                2.90615e-269
xb1.xtemp.xriso.11                 2.90307e-98
xb1.xtemp.xriso.21                 2.90307e-98
xb1.xcmp.bias_okb                            0
xb1.xcmp.nbg                       1.71823e-71
xb1.xcmp.sns                                 0
xb1.xcmp.xrtop.11                            0
xb1.xcmp.xrtop.21                            0
xb1.xcmp.snsb                                0
xb1.xcmp.xrbot.11                            0
xb1.xcmp.xrbot.21                            0
xb1.xcmp.xrhys.11                            0
xb1.xcmp.xrhys.21                            0
xb1.xcmp.n1                       9.24108e-261
xb1.xcmp.tn                        1.49399e-83
xb1.xcmp.na                       -1.11984e-83
xb1.xcmp.cmpo                       -9.774e-84
xb1.xcmp.vdda                      2.63425e-85
xb1.por_raw                      -2.69446e-105
xb1.xpor.pdn                       8.6387e-222
xb1.xpor.ndl                      1.79225e-189
xb1.xpor.ndgp                      2.33589e-96
xb1.xpor.ndg                      -8.27295e-95
xb1.xpor.ndgn                      6.88022e-95
xb1.xpor.pgdg                      7.70453e-96
xb1.xpor.pgdgb                    1.48264e-254
xb1.xpor.nts                      -4.15932e-77
xb1.xpor.tim                      -3.13867e-75
xb1.xpor.nd1                      -2.20764e-87
xb1.xpor.trip                      -2.321e-142
xb1.xpor.rstb                     -1.78031e-61
xb1.xpor.nnand                     6.38007e-61
vddb3                                        0
ptatb3                            5.92606e-102
ctatb3                             1.25553e-64
resetnb3                           1.88467e-37
xb3.xbias.na                     -6.38733e-130
xb3.xbias.pg                      -9.6097e-119
xb3.xbias.nbtop                    6.2367e-118
xb3.vref                         -1.10624e-130
xb3.xbias.nbg                    -1.36815e-190
xb3.xbias.xrt.11                   6.2367e-118
xb3.xbias.xrt.21                   6.2367e-118
xb3.xbias.nb                       6.2367e-118
xb3.xbias.xr1.11                   6.2367e-118
xb3.xbias.xr1.21                   6.2367e-118
xb3.xbias.ec                       6.2367e-118
xb3.xbias.xr2.11                 -1.10624e-130
xb3.xbias.xr2.21                 -1.10624e-130
xb3.xbias.er                     -1.10624e-130
xb3.xbias.pb                      8.58152e-190
xb3.ibias                         -3.58811e-19
xb3.xbias.nt                      3.04851e-123
xb3.xbias.n1                     -3.46987e-124
xb3.xbias.n2                     -1.16181e-121
xb3.xbias.nz                     -1.16181e-121
xb3.xbias.xrz.11                 -1.16181e-121
xb3.xbias.xrz.21                 -1.16181e-121
xb3.xbias.ks1                      4.4787e-111
xb3.xbias.ks2                    -5.62759e-110
xb3.xbias.ks3                     7.02647e-109
xb3.xbias.ks4                    -8.77268e-108
xb3.xbias.nkg                     1.09528e-106
xb3.xbias.nkm                    -5.60094e-206
xb3.xbias.tok                    -4.20214e-175
xb3.xbias.noko                     4.8116e-175
xb3.xbias.nokl                   -3.82821e-171
xb3.xbias.nokx                               0
xb3.bias_ok                       5.45656e-100
xb3.xtemp.nbg                      1.91734e-19
xb3.xtemp.enb                     -2.50237e-99
xb3.xtemp.pb                       5.98068e-86
xb3.xtemp.pcas                     5.62747e-98
xb3.xtemp.nt                       8.02591e-37
xb3.xtemp.n1                       1.62186e-36
xb3.xtemp.na                       1.25553e-64
xb3.xtemp.n2                       1.05024e-36
xb3.xtemp.nb                      -1.32659e-56
xb3.xtemp.pg                      -2.01994e-37
xb3.xtemp.nz                       1.05024e-36
xb3.xtemp.xrz.11                   1.05024e-36
xb3.xtemp.xrz.21                   1.05024e-36
xb3.xtemp.m1d                      5.91373e-66
xb3.xtemp.m2d                     -3.92188e-58
xb3.xtemp.m3d                     -4.14001e-98
xb3.xtemp.nd                      -2.35192e-54
xb3.xtemp.nr                     -3.60003e-127
xb3.xtemp.nc                      -1.32659e-56
xb3.xtemp.xr1.11                  -1.32659e-56
xb3.xtemp.xr1.21                  -1.32659e-56
xb3.xtemp.xr2f.11                 5.92579e-102
xb3.xtemp.xr2f.21                 8.59402e-103
xb3.xtemp.t5                       8.5913e-103
xb3.xtemp.xr2t5.11                 8.5886e-103
xb3.xtemp.xr2t5.21                4.24077e-103
xb3.xtemp.t4                      4.23807e-103
xb3.xtemp.xr2t4.11                4.23536e-103
xb3.xtemp.xr2t4.21                 2.0548e-103
xb3.xtemp.t3                      2.05209e-103
xb3.xtemp.xr2t3.11                2.04938e-103
xb3.xtemp.xr2t3.21                9.59786e-104
xb3.xtemp.t2                      9.57071e-104
xb3.xtemp.xr2t2.11                9.54353e-104
xb3.xtemp.xr2t2.21                4.12185e-104
xb3.xtemp.t1                      4.09468e-104
xb3.xtemp.xr2t1.11                4.06748e-104
xb3.xtemp.xr2t1.21                1.38947e-104
xb3.xtemp.t0                      1.36228e-104
xb3.xtemp.xr2t0.11                1.33508e-104
xb3.xtemp.xr2t0.21                2.72007e-106
xb3.xtemp.xriso.11                 1.25553e-64
xb3.xtemp.xriso.21                 1.25553e-64
xb3.xcmp.bias_okb                            0
xb3.xcmp.nbg                       1.91752e-19
xb3.xcmp.sns                                 0
xb3.xcmp.xrtop.11                            0
xb3.xcmp.xrtop.21                            0
xb3.xcmp.snsb                                0
xb3.xcmp.xrbot.11                            0
xb3.xcmp.xrbot.21                            0
xb3.xcmp.xrhys.11                            0
xb3.xcmp.xrhys.21                            0
xb3.xcmp.n1                                  0
xb3.xcmp.tn                        8.03302e-76
xb3.xcmp.na                       -6.33759e-76
xb3.xcmp.cmpo                     -5.62269e-76
xb3.xcmp.vdda                      1.54655e-77
xb3.por_raw                       3.59013e-105
xb3.xpor.pdn                       -6.6922e-23
xb3.xpor.ndl                     -9.31172e-190
xb3.xpor.ndgp                     -1.59631e-96
xb3.xpor.ndg                       5.89418e-95
xb3.xpor.ndgn                     -4.90205e-95
xb3.xpor.pgdg                      7.65091e-96
xb3.xpor.pgdgb                   -1.50258e-254
xb3.xpor.nts                      -5.22969e-80
xb3.xpor.tim                      -3.96688e-78
xb3.xpor.nd1                       1.95569e-84
xb3.xpor.trip                                0
xb3.xpor.rstb                      3.28186e-55
xb3.xpor.nnand                    -1.17612e-54
vddb6                                        0
ptatb6                            4.19578e-227
ctatb6                              2.4169e-91
resetnb6                          -1.99141e-49
xb6.xbias.na                     -1.73176e-130
xb6.xbias.pg                     -9.25722e-119
xb6.xbias.nbtop                   6.94476e-118
xb6.vref                         -1.42134e-130
xb6.xbias.nbg                    -3.21055e-190
xb6.xbias.xrt.11                  6.94476e-118
xb6.xbias.xrt.21                  6.94476e-118
xb6.xbias.nb                      6.94476e-118
xb6.xbias.xr1.11                  6.94476e-118
xb6.xbias.xr1.21                  6.94476e-118
xb6.xbias.ec                      6.94476e-118
xb6.xbias.xr2.11                 -1.42134e-130
xb6.xbias.xr2.21                 -1.42135e-130
xb6.xbias.er                     -1.42135e-130
xb6.xbias.pb                      8.49275e-190
xb6.ibias                         -2.14917e-57
xb6.xbias.nt                      2.93967e-123
xb6.xbias.n1                      -3.3459e-124
xb6.xbias.n2                      -1.1192e-121
xb6.xbias.nz                     -1.11921e-121
xb6.xbias.xrz.11                 -1.11921e-121
xb6.xbias.xrz.21                  -1.1192e-121
xb6.xbias.ks1                     2.65222e-111
xb6.xbias.ks2                    -3.33257e-110
xb6.xbias.ks3                     4.16097e-109
xb6.xbias.ks4                    -5.19505e-108
xb6.xbias.nkg                     6.48608e-107
xb6.xbias.nkm                    -1.79792e-205
xb6.xbias.tok                     6.75101e-174
xb6.xbias.noko                   -7.60907e-174
xb6.xbias.nokl                    6.17923e-170
xb6.xbias.nokx                               0
xb6.bias_ok                       8.83277e-100
xb6.xtemp.nbg                      3.01545e-57
xb6.xtemp.enb                                0
xb6.xtemp.pb                     -3.28227e-157
xb6.xtemp.pcas                    4.84346e-206
xb6.xtemp.nt                        -3.454e-42
xb6.xtemp.n1                      -6.64001e-42
xb6.xtemp.na                        2.4169e-91
xb6.xtemp.n2                      -4.85946e-42
xb6.xtemp.nb                      -1.48016e-80
xb6.xtemp.pg                      -6.57121e-44
xb6.xtemp.nz                      -4.85946e-42
xb6.xtemp.xrz.11                  -4.85946e-42
xb6.xtemp.xrz.21                  -4.85946e-42
xb6.xtemp.m1d                      1.13839e-92
xb6.xtemp.m2d                     -4.37524e-82
xb6.xtemp.m3d                    -8.19012e-222
xb6.xtemp.nd                      -4.17475e-84
xb6.xtemp.nr                     -4.34605e-133
xb6.xtemp.nc                      -1.48016e-80
xb6.xtemp.xr1.11                  -1.48016e-80
xb6.xtemp.xr1.21                  -1.48016e-80
xb6.xtemp.xr2f.11                 4.19559e-227
xb6.xtemp.xr2f.21                 6.11712e-228
xb6.xtemp.t5                      6.11519e-228
xb6.xtemp.xr2t5.11                6.11327e-228
xb6.xtemp.xr2t5.21                3.00944e-228
xb6.xtemp.t4                      3.00752e-228
xb6.xtemp.xr2t4.11                3.00559e-228
xb6.xtemp.xr2t4.21                1.45597e-228
xb6.xtemp.t3                      1.45405e-228
xb6.xtemp.xr2t3.11                1.45212e-228
xb6.xtemp.xr2t3.21                 6.7956e-229
xb6.xtemp.t2                      6.77635e-229
xb6.xtemp.xr2t2.11                 6.7571e-229
xb6.xtemp.xr2t2.21                 2.9173e-229
xb6.xtemp.t1                      2.89805e-229
xb6.xtemp.xr2t1.11                 2.8788e-229
xb6.xtemp.xr2t1.21                9.83231e-230
xb6.xtemp.t0                      9.63983e-230
xb6.xtemp.xr2t0.11                9.44735e-230
xb6.xtemp.xr2t0.21                1.92479e-231
xb6.xtemp.xriso.11                  2.4169e-91
xb6.xtemp.xriso.21                  2.4169e-91
xb6.xcmp.bias_okb                            0
xb6.xcmp.nbg                        3.0115e-57
xb6.xcmp.sns                                 0
xb6.xcmp.xrtop.11                            0
xb6.xcmp.xrtop.21                            0
xb6.xcmp.snsb                                0
xb6.xcmp.xrbot.11                            0
xb6.xcmp.xrbot.21                            0
xb6.xcmp.xrhys.11                            0
xb6.xcmp.xrhys.21                            0
xb6.xcmp.n1                       1.25531e-290
xb6.xcmp.tn                        1.22877e-84
xb6.xcmp.na                       -9.69428e-85
xb6.xcmp.cmpo                     -8.60071e-85
xb6.xcmp.vdda                      2.36555e-86
xb6.por_raw                       4.33391e-105
xb6.xpor.pdn                      1.90654e-222
xb6.xpor.ndl                     -1.57521e-189
xb6.xpor.ndgp                     -1.82294e-95
xb6.xpor.ndg                       6.45625e-94
xb6.xpor.ndgn                     -5.36936e-94
xb6.xpor.pgdg                      7.54023e-96
xb6.xpor.pgdgb                   -1.50289e-254
xb6.xpor.nts                      -4.33686e-81
xb6.xpor.tim                      -3.27265e-79
xb6.xpor.nd1                       7.86837e-85
xb6.xpor.trip                    -6.77397e-234
xb6.xpor.rstb                     -3.57189e-68
xb6.xpor.nnand                     1.28006e-67
vb6#branch                        -3.25836e-54
vb3#branch                        -4.56466e-31
vb1#branch                        -2.13037e-51

 Reference value :  0.00000e+00
 Reference value :  1.66183e-04
 Reference value :  1.80795e-04
 Reference value :  1.96208e-04
 Reference value :  3.52867e-04
 Reference value :  4.07550e-04
 Reference value :  4.29066e-04
 Reference value :  4.51041e-04
 Reference value :  4.52795e-04
 Reference value :  4.52852e-04
 Reference value :  4.56830e-04
 Reference value :  4.95413e-04
 Reference value :  4.98003e-04
 Reference value :  5.01447e-04
 Reference value :  6.36347e-04
 Reference value :  8.00354e-04
 Reference value :  8.05056e-04
 Reference value :  8.05242e-04
 Reference value :  8.16531e-04
 Reference value :  8.21427e-04
 Reference value :  8.21527e-04
 Reference value :  8.31131e-04
 Reference value :  2.02315e-03
 Reference value :  3.20315e-03
 Reference value :  4.40315e-03
 Reference value :  5.60315e-03
 Reference value :  6.82315e-03
 Reference value :  8.00315e-03
 Reference value :  9.22315e-03
 Reference value :  1.04232e-02
 Reference value :  1.16432e-02
 Reference value :  1.28632e-02
 Reference value :  1.41032e-02
 Reference value :  1.44202e-02
 Reference value :  1.44218e-02
 Reference value :  1.44219e-02
 Reference value :  1.44222e-02
 Reference value :  1.44239e-02
 Reference value :  1.44242e-02
 Reference value :  1.44245e-02
 Reference value :  1.44257e-02
 Reference value :  1.44266e-02
 Reference value :  1.44273e-02
 Reference value :  1.44284e-02
 Reference value :  1.44320e-02
 Reference value :  1.44512e-02
 Reference value :  1.44513e-02
 Reference value :  1.44514e-02
 Reference value :  1.44514e-02
 Reference value :  1.44531e-02
 Reference value :  1.44745e-02
 Reference value :  1.44760e-02
 Reference value :  1.44762e-02
 Reference value :  1.44764e-02
 Reference value :  1.44778e-02
 Reference value :  1.44780e-02
 Reference value :  1.44792e-02
 Reference value :  1.44796e-02
 Reference value :  1.44810e-02
 Reference value :  1.44812e-02
 Reference value :  1.44826e-02
 Reference value :  1.44842e-02
 Reference value :  1.46509e-02
 Reference value :  1.58709e-02
 Reference value :  1.70509e-02
 Reference value :  1.82909e-02
 Reference value :  1.94909e-02
 Reference value :  2.00396e-02
 Reference value :  2.00610e-02
 Reference value :  2.00615e-02
 Reference value :  2.00616e-02
 Reference value :  2.00616e-02
 Reference value :  2.00616e-02
 Reference value :  2.00638e-02
 Reference value :  2.01023e-02
 Reference value :  2.02181e-02
 Reference value :  2.02254e-02
 Reference value :  2.02259e-02
 Reference value :  2.02259e-02
 Reference value :  2.02259e-02
 Reference value :  2.02260e-02
 Reference value :  2.02263e-02
 Reference value :  2.02491e-02
 Reference value :  2.02496e-02
 Reference value :  2.02496e-02
 Reference value :  2.02496e-02
 Reference value :  2.02496e-02
 Reference value :  2.02500e-02
 Reference value :  2.02817e-02
 Reference value :  2.03754e-02
 Reference value :  2.03848e-02
 Reference value :  2.03856e-02
 Reference value :  2.03856e-02
 Reference value :  2.03856e-02
 Reference value :  2.03856e-02
 Reference value :  2.03858e-02
 Reference value :  2.04347e-02
 Reference value :  2.04483e-02
 Reference value :  2.04484e-02
 Reference value :  2.04484e-02
 Reference value :  2.04485e-02
 Reference value :  2.04741e-02
 Reference value :  2.04897e-02
 Reference value :  2.04898e-02
 Reference value :  2.04898e-02
 Reference value :  2.04923e-02
 Reference value :  2.05305e-02
 Reference value :  2.05312e-02
 Reference value :  2.05388e-02
 Reference value :  2.05540e-02
 Reference value :  2.05541e-02
 Reference value :  2.05700e-02
 Reference value :  2.05765e-02
 Reference value :  2.05765e-02
 Reference value :  2.05765e-02
 Reference value :  2.05765e-02
 Reference value :  2.05830e-02
 Reference value :  2.05832e-02
 Reference value :  2.05832e-02
 Reference value :  2.05832e-02
 Reference value :  2.05866e-02
 Reference value :  2.06124e-02
 Reference value :  2.10592e-02
 Reference value :  2.11726e-02
 Reference value :  2.11741e-02
 Reference value :  2.11742e-02
 Reference value :  2.11813e-02
 Reference value :  2.15257e-02
 Reference value :  2.17507e-02
 Reference value :  2.17511e-02
 Reference value :  2.17512e-02
 Reference value :  2.17556e-02
 Reference value :  2.17675e-02
 Reference value :  2.17677e-02
 Reference value :  2.17764e-02
 Reference value :  2.20809e-02
 Reference value :  2.30020e-02
 Reference value :  2.33559e-02
 Reference value :  2.33616e-02
 Reference value :  2.33617e-02
 Reference value :  2.33671e-02
 Reference value :  2.34126e-02
 Reference value :  2.45161e-02
 Reference value :  2.49767e-02
 Reference value :  2.49774e-02
 Reference value :  2.49785e-02
 Reference value :  2.49938e-02
 Reference value :  2.49941e-02
 Reference value :  2.50031e-02
 Reference value :  2.54701e-02
 Reference value :  2.65532e-02
 Reference value :  2.77332e-02
 Reference value :  2.86429e-02
 Reference value :  2.86604e-02
 Reference value :  2.86609e-02
 Reference value :  2.86610e-02
 Reference value :  2.86617e-02
 Reference value :  2.86629e-02
 Reference value :  2.86631e-02
 Reference value :  2.86643e-02
 Reference value :  2.86646e-02
 Reference value :  2.86660e-02
 Reference value :  2.86663e-02
 Reference value :  2.86678e-02
 Reference value :  2.86848e-02
 Reference value :  2.86899e-02
 Reference value :  2.86899e-02
 Reference value :  2.86900e-02
 Reference value :  2.86901e-02
 Reference value :  2.87034e-02
 Reference value :  2.87149e-02
 Reference value :  2.87152e-02
 Reference value :  2.87153e-02
 Reference value :  2.87167e-02
 Reference value :  2.87171e-02
 Reference value :  2.87174e-02
 Reference value :  2.87186e-02
 Reference value :  2.87197e-02
 Reference value :  2.87201e-02
 Reference value :  2.87213e-02
 Reference value :  2.87218e-02
 Reference value :  2.87246e-02
 Reference value :  2.92131e-02
 Reference value :  3.04131e-02
 Reference value :  3.15931e-02
 Reference value :  3.27731e-02
 Reference value :  3.39731e-02
 Reference value :  3.51931e-02
 Reference value :  3.53643e-02
 Reference value :  3.53660e-02
 Reference value :  3.53661e-02
 Reference value :  3.53665e-02
 Reference value :  3.53679e-02
 Reference value :  3.53682e-02
 Reference value :  3.53687e-02
 Reference value :  3.53697e-02
 Reference value :  3.53709e-02
 Reference value :  3.53712e-02
 Reference value :  3.53727e-02
 Reference value :  3.53752e-02
 Reference value :  3.53963e-02
 Reference value :  3.53964e-02
 Reference value :  3.53964e-02
 Reference value :  3.53965e-02
 Reference value :  3.53970e-02
 Reference value :  3.54184e-02
 Reference value :  3.54201e-02
 Reference value :  3.54203e-02
 Reference value :  3.54205e-02
 Reference value :  3.54219e-02
 Reference value :  3.54221e-02
 Reference value :  3.54232e-02
 Reference value :  3.54236e-02
 Reference value :  3.54251e-02
 Reference value :  3.54252e-02
 Reference value :  3.54267e-02
 Reference value :  3.54273e-02
 Reference value :  3.54509e-02
 Reference value :  3.64780e-02
 Reference value :  3.76780e-02
 Reference value :  3.85814e-02
 Reference value :  3.86025e-02
 Reference value :  3.86036e-02
 Reference value :  3.86037e-02
 Reference value :  3.86042e-02
 Reference value :  3.86056e-02
 Reference value :  3.86058e-02
 Reference value :  3.86069e-02
 Reference value :  3.86073e-02
 Reference value :  3.86087e-02
 Reference value :  3.86089e-02
 Reference value :  3.86104e-02
 Reference value :  3.86184e-02
 Reference value :  3.86334e-02
 Reference value :  3.86335e-02
 Reference value :  3.86335e-02
 Reference value :  3.86336e-02
 Reference value :  3.86542e-02
 Reference value :  3.86579e-02
 Reference value :  3.86581e-02
 Reference value :  3.86596e-02
 Reference value :  3.86598e-02
 Reference value :  3.86609e-02
 Reference value :  3.86613e-02
 Reference value :  3.86626e-02
 Reference value :  3.86629e-02
 Reference value :  3.86643e-02
 Reference value :  3.86646e-02
 Reference value :  3.86752e-02
 Reference value :  3.93465e-02
 Reference value :  4.05465e-02
 Reference value :  4.17265e-02
 Reference value :  4.29065e-02
 Reference value :  4.41465e-02
 Reference value :  4.53265e-02
 Reference value :  4.65065e-02
 Reference value :  4.77465e-02
 Reference value :  4.90065e-02
 Reference value :  5.01865e-02
 Reference value :  5.13665e-02
 Reference value :  5.25865e-02
 Reference value :  5.37865e-02
 Reference value :  5.50000e-02
No. of Data Rows : 8650
t_praw_b1           =  2.04898e-02
vdd_praw_b1         =  2.22532e+00
vref_praw_b1        =  3.83357e-01
t_praw_b3           =  2.00616e-02
vdd_praw_b3         =  3.46811e+00
vref_praw_b3        =  1.06761e+00
t_praw_b6           =  2.02496e-02
vdd_praw_b6         =  3.41118e+00
vref_praw_b6        =  1.16045e+00
m_t_praw_b1_us = 4.8977000000e+02
m_vdd_at_praw_b1_v = 2.2253220000e+00
m_vref_at_praw_b1_v = 3.8335710000e-01
m_t_praw_b3_us = 6.1560000000e+01
m_vdd_at_praw_b3_v = 3.4681100000e+00
m_vref_at_praw_b3_v = 1.0676070000e+00
m_t_praw_b6_us = 2.4960000000e+02
m_vdd_at_praw_b6_v = 3.4111810000e+00
m_vref_at_praw_b6_v = 1.1604500000e+00
Note: Simulation executed from .control section 

Warning: m=xx on .subckt line will override multiplier m hierarchy!

