
Note: Compatibility modes selected: hs a


Circuit: * por-brownout-spurious @ tt_125c_2.97v -- generated by sim/harness, do not edit

Doing analysis at TEMP = 125.000000 and TNOM = 27.000000

Using SPARSE 1.3 as Direct Linear Solver

Initial Transient Solution
--------------------------

Node                                   Voltage
----                                   -------
vddb1                                        0
ptatb1                             7.38705e-25
ctatb1                             1.84843e-18
resetnb1                           2.68238e-18
xb1.xbias.na                      -5.87715e-19
xb1.xbias.pg                       1.45678e-18
xb1.xbias.nbtop                    5.72096e-19
xb1.vref                            1.8696e-18
xb1.xbias.nbg                      -3.9522e-20
xb1.xbias.xrt.11                   5.72096e-19
xb1.xbias.xrt.21                   5.72096e-19
xb1.xbias.nb                       5.72096e-19
xb1.xbias.xr1.11                   5.72096e-19
xb1.xbias.xr1.21                   5.72096e-19
xb1.xbias.ec                       5.72096e-19
xb1.xbias.xr2.11                    1.8696e-18
xb1.xbias.xr2.21                    1.8696e-18
xb1.xbias.er                        1.8696e-18
xb1.xbias.pb                       1.22135e-18
xb1.ibias                          9.83129e-19
xb1.xbias.nt                      -3.21247e-19
xb1.xbias.n1                        1.5358e-18
xb1.xbias.n2                      -6.47024e-19
xb1.xbias.nz                      -6.47024e-19
xb1.xbias.xrz.11                  -6.47024e-19
xb1.xbias.xrz.21                  -6.47024e-19
xb1.xbias.ks1                     -2.49058e-20
xb1.xbias.ks2                      4.13379e-19
xb1.xbias.ks3                      -3.1123e-20
xb1.xbias.ks4                     -6.23484e-19
xb1.xbias.nkg                     -1.19114e-18
xb1.xbias.nkm                     -1.35891e-19
xb1.xbias.tok                     -1.98058e-20
xb1.xbias.noko                    -8.26651e-19
xb1.xbias.nokl                     1.42549e-18
xb1.xbias.nokx                     1.13167e-18
xb1.bias_ok                        1.08957e-18
xb1.xtemp.nbg                      1.75831e-18
xb1.xtemp.enb                      2.08573e-18
xb1.xtemp.pb                      -5.00704e-19
xb1.xtemp.pcas                    -4.14878e-19
xb1.xtemp.nt                       1.04985e-18
xb1.xtemp.n1                       1.24479e-18
xb1.xtemp.na                       1.84843e-18
xb1.xtemp.n2                       1.14428e-18
xb1.xtemp.nb                       4.72411e-19
xb1.xtemp.pg                      -5.18247e-21
xb1.xtemp.nz                       1.14428e-18
xb1.xtemp.xrz.11                   1.14428e-18
xb1.xtemp.xrz.21                   1.14428e-18
xb1.xtemp.m1d                     -1.93865e-19
xb1.xtemp.m2d                     -1.24571e-19
xb1.xtemp.m3d                     -1.38714e-18
xb1.xtemp.nd                       1.87681e-18
xb1.xtemp.nr                      -6.05473e-19
xb1.xtemp.nc                       4.72411e-19
xb1.xtemp.xr1.11                   4.72411e-19
xb1.xtemp.xr1.21                   4.72411e-19
xb1.xtemp.xr2f.11                   7.3867e-25
xb1.xtemp.xr2f.21                  1.07707e-25
xb1.xtemp.t5                       1.07671e-25
xb1.xtemp.xr2t5.11                 1.07636e-25
xb1.xtemp.xr2t5.21                 5.29959e-26
xb1.xtemp.t4                       5.29607e-26
xb1.xtemp.xr2t4.11                 5.29255e-26
xb1.xtemp.xr2t4.21                 2.56446e-26
xb1.xtemp.t3                       2.56095e-26
xb1.xtemp.xr2t3.11                 2.55743e-26
xb1.xtemp.xr2t3.21                 1.19731e-26
xb1.xtemp.t2                       1.19379e-26
xb1.xtemp.xr2t2.11                 1.19027e-26
xb1.xtemp.xr2t2.21                 5.14256e-27
xb1.xtemp.t1                       5.10738e-27
xb1.xtemp.xr2t1.11                 5.07219e-27
xb1.xtemp.xr2t1.21                 1.73494e-27
xb1.xtemp.t0                       1.69975e-27
xb1.xtemp.xr2t0.11                 1.66456e-27
xb1.xtemp.xr2t0.21                 3.51876e-29
xb1.xtemp.xriso.11                 1.84843e-18
xb1.xtemp.xriso.21                 1.84843e-18
xb1.xcmp.bias_okb                  1.61209e-18
xb1.xcmp.nbg                       8.12694e-19
xb1.xcmp.sns                                 0
xb1.xcmp.xrtop.11                            0
xb1.xcmp.xrtop.21                            0
xb1.xcmp.snsb                                0
xb1.xcmp.xrbot.11                            0
xb1.xcmp.xrbot.21                            0
xb1.xcmp.xrhys.11                            0
xb1.xcmp.xrhys.21                            0
xb1.xcmp.n1                       -6.18113e-18
xb1.xcmp.tn                       -2.99314e-18
xb1.xcmp.na                       -9.45079e-19
xb1.xcmp.cmpo                     -2.48946e-19
xb1.xcmp.vdda                      3.15617e-19
xb1.por_raw                      -6.01647e-131
xb1.xpor.pdn                      -1.17786e-19
xb1.xpor.ndl                       -2.7175e-43
xb1.xpor.ndgp                      5.67834e-19
xb1.xpor.ndg                       2.89714e-18
xb1.xpor.ndgn                      4.78632e-19
xb1.xpor.pgdg                      1.85622e-18
xb1.xpor.pgdgb                     5.30024e-19
xb1.xpor.nts                        4.3956e-19
xb1.xpor.tim                       1.20308e-18
xb1.xpor.nd1                      -3.18936e-25
xb1.xpor.trip                      -4.6636e-19
xb1.xpor.rstb                     -1.19111e-18
xb1.xpor.nnand                     1.69463e-18
vddb3                                        0
ptatb3                            -9.99803e-25
ctatb3                            -8.43832e-19
resetnb3                          -2.27989e-18
xb3.xbias.na                      -9.89724e-19
xb3.xbias.pg                      -3.77664e-19
xb3.xbias.nbtop                     4.1194e-19
xb3.vref                           1.46144e-18
xb3.xbias.nbg                      4.79862e-19
xb3.xbias.xrt.11                    4.1194e-19
xb3.xbias.xrt.21                    4.1194e-19
xb3.xbias.nb                        4.1194e-19
xb3.xbias.xr1.11                    4.1194e-19
xb3.xbias.xr1.21                    4.1194e-19
xb3.xbias.ec                        4.1194e-19
xb3.xbias.xr2.11                   1.46144e-18
xb3.xbias.xr2.21                   1.46144e-18
xb3.xbias.er                       1.46144e-18
xb3.xbias.pb                      -5.03817e-20
xb3.ibias                          6.96636e-19
xb3.xbias.nt                      -6.95727e-20
xb3.xbias.n1                       4.71889e-20
xb3.xbias.n2                      -3.96978e-19
xb3.xbias.nz                      -3.96978e-19
xb3.xbias.xrz.11                  -3.96978e-19
xb3.xbias.xrz.21                  -3.96978e-19
xb3.xbias.ks1                      2.66141e-19
xb3.xbias.ks2                     -3.80538e-19
xb3.xbias.ks3                     -2.55879e-19
xb3.xbias.ks4                      7.42652e-19
xb3.xbias.nkg                       1.5443e-18
xb3.xbias.nkm                      3.21609e-19
xb3.xbias.tok                     -1.37029e-19
xb3.xbias.noko                     5.08269e-20
xb3.xbias.nokl                     -4.7651e-19
xb3.xbias.nokx                     7.27985e-19
xb3.bias_ok                       -5.82613e-19
xb3.xtemp.nbg                      1.44244e-18
xb3.xtemp.enb                      1.99047e-18
xb3.xtemp.pb                       3.17955e-19
xb3.xtemp.pcas                     1.44165e-18
xb3.xtemp.nt                       9.99043e-19
xb3.xtemp.n1                       1.19727e-18
xb3.xtemp.na                      -8.43832e-19
xb3.xtemp.n2                       1.05973e-18
xb3.xtemp.nb                       9.58778e-19
xb3.xtemp.pg                      -9.82451e-21
xb3.xtemp.nz                       1.05973e-18
xb3.xtemp.xrz.11                   1.05973e-18
xb3.xtemp.xrz.21                   1.05973e-18
xb3.xtemp.m1d                     -4.19185e-19
xb3.xtemp.m2d                      1.43978e-18
xb3.xtemp.m3d                      1.87743e-18
xb3.xtemp.nd                       1.84652e-18
xb3.xtemp.nr                      -1.18627e-18
xb3.xtemp.nc                       9.58778e-19
xb3.xtemp.xr1.11                   9.58778e-19
xb3.xtemp.xr1.21                   9.58778e-19
xb3.xtemp.xr2f.11                 -9.99755e-25
xb3.xtemp.xr2f.21                 -1.45776e-25
xb3.xtemp.t5                      -1.45728e-25
xb3.xtemp.xr2t5.11                -1.45681e-25
xb3.xtemp.xr2t5.21                -7.17275e-26
xb3.xtemp.t4                      -7.16798e-26
xb3.xtemp.xr2t4.11                -7.16322e-26
xb3.xtemp.xr2t4.21                -3.47088e-26
xb3.xtemp.t3                      -3.46612e-26
xb3.xtemp.xr2t3.11                -3.46136e-26
xb3.xtemp.xr2t3.21                 -1.6205e-26
xb3.xtemp.t2                      -1.61574e-26
xb3.xtemp.xr2t2.11                -1.61098e-26
xb3.xtemp.xr2t2.21                -6.96022e-27
xb3.xtemp.t1                      -6.91259e-27
xb3.xtemp.xr2t1.11                -6.86497e-27
xb3.xtemp.xr2t1.21                -2.34815e-27
xb3.xtemp.t0                      -2.30053e-27
xb3.xtemp.xr2t0.11                 -2.2529e-27
xb3.xtemp.xr2t0.21                -4.76247e-29
xb3.xtemp.xriso.11                -8.43832e-19
xb3.xtemp.xriso.21                -8.43832e-19
xb3.xcmp.bias_okb                 -1.46833e-18
xb3.xcmp.nbg                       3.47341e-19
xb3.xcmp.sns                                 0
xb3.xcmp.xrtop.11                            0
xb3.xcmp.xrtop.21                            0
xb3.xcmp.snsb                                0
xb3.xcmp.xrbot.11                            0
xb3.xcmp.xrbot.21                            0
xb3.xcmp.xrhys.11                            0
xb3.xcmp.xrhys.21                            0
xb3.xcmp.n1                        3.14405e-18
xb3.xcmp.tn                        1.63988e-19
xb3.xcmp.na                       -1.54643e-18
xb3.xcmp.cmpo                      4.45696e-19
xb3.xcmp.vdda                     -1.34735e-18
xb3.por_raw                        4.6346e-132
xb3.xpor.pdn                       3.42803e-20
xb3.xpor.ndl                        2.5561e-45
xb3.xpor.ndgp                      -3.9672e-19
xb3.xpor.ndg                      -1.57067e-18
xb3.xpor.ndgn                      2.11294e-19
xb3.xpor.pgdg                     -3.21357e-18
xb3.xpor.pgdgb                    -5.30895e-19
xb3.xpor.nts                       3.59748e-19
xb3.xpor.tim                      -1.23907e-18
xb3.xpor.nd1                       8.96286e-25
xb3.xpor.trip                     -3.76646e-19
xb3.xpor.rstb                     -1.86631e-18
xb3.xpor.nnand                     5.64168e-19
vddb6                                        0
ptatb6                            -6.49758e-26
ctatb6                             2.31665e-18
resetnb6                           2.81729e-18
xb6.xbias.na                       1.49733e-18
xb6.xbias.pg                       -8.9002e-19
xb6.xbias.nbtop                    8.88356e-19
xb6.vref                          -2.18637e-19
xb6.xbias.nbg                      3.98415e-19
xb6.xbias.xrt.11                   8.88356e-19
xb6.xbias.xrt.21                   8.88356e-19
xb6.xbias.nb                       8.88356e-19
xb6.xbias.xr1.11                   8.88356e-19
xb6.xbias.xr1.21                   8.88357e-19
xb6.xbias.ec                       8.88357e-19
xb6.xbias.xr2.11                  -2.18637e-19
xb6.xbias.xr2.21                  -2.18638e-19
xb6.xbias.er                      -2.18638e-19
xb6.xbias.pb                      -9.58831e-20
xb6.ibias                         -1.10852e-18
xb6.xbias.nt                      -4.50995e-19
xb6.xbias.n1                       1.76697e-19
xb6.xbias.n2                       1.24383e-18
xb6.xbias.nz                       1.24383e-18
xb6.xbias.xrz.11                   1.24383e-18
xb6.xbias.xrz.21                   1.24383e-18
xb6.xbias.ks1                      2.39049e-19
xb6.xbias.ks2                     -3.48356e-19
xb6.xbias.ks3                      4.50234e-19
xb6.xbias.ks4                     -6.13544e-19
xb6.xbias.nkg                      4.81714e-19
xb6.xbias.nkm                     -1.90704e-19
xb6.xbias.tok                      2.58323e-20
xb6.xbias.noko                     1.64389e-18
xb6.xbias.nokl                    -1.11292e-18
xb6.xbias.nokx                    -2.11944e-19
xb6.bias_ok                       -1.43704e-18
xb6.xtemp.nbg                     -4.30266e-19
xb6.xtemp.enb                      9.46007e-19
xb6.xtemp.pb                       6.91905e-19
xb6.xtemp.pcas                    -2.72088e-19
xb6.xtemp.nt                       2.66284e-19
xb6.xtemp.n1                       5.16873e-21
xb6.xtemp.na                       2.31665e-18
xb6.xtemp.n2                       6.07939e-19
xb6.xtemp.nb                       -8.6607e-19
xb6.xtemp.pg                      -8.73147e-21
xb6.xtemp.nz                       6.07939e-19
xb6.xtemp.xrz.11                   6.07939e-19
xb6.xtemp.xrz.21                   6.07939e-19
xb6.xtemp.m1d                     -6.65848e-19
xb6.xtemp.m2d                      1.38241e-18
xb6.xtemp.m3d                      1.22011e-19
xb6.xtemp.nd                      -1.28565e-18
xb6.xtemp.nr                      -1.79577e-18
xb6.xtemp.nc                       -8.6607e-19
xb6.xtemp.xr1.11                   -8.6607e-19
xb6.xtemp.xr1.21                   -8.6607e-19
xb6.xtemp.xr2f.11                 -6.49727e-26
xb6.xtemp.xr2f.21                 -9.47378e-27
xb6.xtemp.t5                      -9.47068e-27
xb6.xtemp.xr2t5.11                -9.46759e-27
xb6.xtemp.xr2t5.21                -4.66147e-27
xb6.xtemp.t4                      -4.65838e-27
xb6.xtemp.xr2t4.11                -4.65528e-27
xb6.xtemp.xr2t4.21                -2.25568e-27
xb6.xtemp.t3                      -2.25258e-27
xb6.xtemp.xr2t3.11                -2.24949e-27
xb6.xtemp.xr2t3.21                -1.05314e-27
xb6.xtemp.t2                      -1.05005e-27
xb6.xtemp.xr2t2.11                -1.04695e-27
xb6.xtemp.xr2t2.21                -4.52335e-28
xb6.xtemp.t1                       -4.4924e-28
xb6.xtemp.xr2t1.11                -4.46145e-28
xb6.xtemp.xr2t1.21                -1.52603e-28
xb6.xtemp.t0                      -1.49508e-28
xb6.xtemp.xr2t0.11                -1.46413e-28
xb6.xtemp.xr2t0.21                -3.09507e-30
xb6.xtemp.xriso.11                 2.31665e-18
xb6.xtemp.xriso.21                 2.31665e-18
xb6.xcmp.bias_okb                 -4.97238e-19
xb6.xcmp.nbg                       2.33407e-18
xb6.xcmp.sns                                 0
xb6.xcmp.xrtop.11                            0
xb6.xcmp.xrtop.21                            0
xb6.xcmp.snsb                                0
xb6.xcmp.xrbot.11                            0
xb6.xcmp.xrbot.21                            0
xb6.xcmp.xrhys.11                            0
xb6.xcmp.xrhys.21                            0
xb6.xcmp.n1                       -2.30359e-18
xb6.xcmp.tn                       -5.45486e-19
xb6.xcmp.na                       -2.25721e-18
xb6.xcmp.cmpo                     -1.43977e-19
xb6.xcmp.vdda                     -1.84463e-18
xb6.por_raw                      -4.30133e-121
xb6.xpor.pdn                       1.09332e-20
xb6.xpor.ndl                      -9.48702e-42
xb6.xpor.ndgp                     -6.71644e-19
xb6.xpor.ndg                      -1.96726e-18
xb6.xpor.ndgn                     -6.64878e-19
xb6.xpor.pgdg                     -1.91057e-18
xb6.xpor.pgdgb                     4.05641e-19
xb6.xpor.nts                      -4.65334e-19
xb6.xpor.tim                      -2.98474e-19
xb6.xpor.nd1                       9.92923e-25
xb6.xpor.trip                     -2.13461e-19
xb6.xpor.rstb                      1.52698e-18
xb6.xpor.nnand                     2.58394e-18
vb6#branch                        -1.83688e-28
vb3#branch                        -3.99785e-29
vb1#branch                        -1.17504e-28

 Reference value :  0.00000e+00
 Reference value :  1.01142e-04
 Reference value :  2.24134e-04
 Reference value :  2.91131e-04
 Reference value :  3.45465e-04
 Reference value :  3.57585e-04
 Reference value :  3.57841e-04
 Reference value :  3.57948e-04
 Reference value :  3.68496e-04
 Reference value :  3.76486e-04
 Reference value :  3.76791e-04
 Reference value :  3.82601e-04
 Reference value :  9.21919e-04
 Reference value :  9.32195e-04
 Reference value :  9.32476e-04
 Reference value :  9.33225e-04
 Reference value :  9.41696e-04
 Reference value :  9.42012e-04
 Reference value :  9.43462e-04
 Reference value :  9.77046e-04
 Reference value :  1.68222e-03
 Reference value :  2.72222e-03
 Reference value :  3.72222e-03
 Reference value :  4.76222e-03
 Reference value :  5.76222e-03
 Reference value :  6.78222e-03
 Reference value :  7.58621e-03
 Reference value :  7.60489e-03
 Reference value :  7.60586e-03
 Reference value :  7.60600e-03
 Reference value :  7.60620e-03
 Reference value :  7.60699e-03
 Reference value :  7.60715e-03
 Reference value :  7.60727e-03
 Reference value :  7.60806e-03
 Reference value :  7.60819e-03
 Reference value :  7.61150e-03
 Reference value :  7.61654e-03
 Reference value :  7.61661e-03
 Reference value :  7.61662e-03
 Reference value :  7.61664e-03
 Reference value :  7.61700e-03
 Reference value :  7.62611e-03
 Reference value :  7.63303e-03
 Reference value :  7.63334e-03
 Reference value :  7.63345e-03
 Reference value :  7.63427e-03
 Reference value :  7.63442e-03
 Reference value :  7.63453e-03
 Reference value :  7.63531e-03
 Reference value :  7.63545e-03
 Reference value :  7.63851e-03
 Reference value :  7.65974e-03
 Reference value :  7.66060e-03
 Reference value :  7.66065e-03
 Reference value :  7.66065e-03
 Reference value :  7.66069e-03
 Reference value :  7.66122e-03
 Reference value :  7.66698e-03
 Reference value :  7.66730e-03
 Reference value :  7.66741e-03
 Reference value :  7.66818e-03
 Reference value :  7.66834e-03
 Reference value :  7.66846e-03
 Reference value :  7.66923e-03
 Reference value :  7.66940e-03
 Reference value :  7.67218e-03
 Reference value :  8.02973e-03
 Reference value :  9.02973e-03
 Reference value :  1.00497e-02
 Reference value :  1.10697e-02
 Reference value :  1.20497e-02
 Reference value :  1.30297e-02
 Reference value :  1.40097e-02
 Reference value :  1.50097e-02
 Reference value :  1.59897e-02
 Reference value :  1.71297e-02
 Reference value :  1.83297e-02
 Reference value :  1.95097e-02
 Reference value :  2.00238e-02
 Reference value :  2.00251e-02
 Reference value :  2.00251e-02
 Reference value :  2.00251e-02
 Reference value :  2.00251e-02
 Reference value :  2.00269e-02
 Reference value :  2.00405e-02
 Reference value :  2.00408e-02
 Reference value :  2.00408e-02
 Reference value :  2.00408e-02
 Reference value :  2.00408e-02
 Reference value :  2.00412e-02
 Reference value :  2.00902e-02
 Reference value :  2.01017e-02
 Reference value :  2.01023e-02
 Reference value :  2.01023e-02
 Reference value :  2.01023e-02
 Reference value :  2.01025e-02
 Reference value :  2.01139e-02
 Reference value :  2.01143e-02
 Reference value :  2.01144e-02
 Reference value :  2.01144e-02
 Reference value :  2.01144e-02
 Reference value :  2.01148e-02
 Reference value :  2.02727e-02
 Reference value :  2.03331e-02
 Reference value :  2.03335e-02
 Reference value :  2.03337e-02
 Reference value :  2.03542e-02
 Reference value :  2.06335e-02
 Reference value :  2.06483e-02
 Reference value :  2.06484e-02
 Reference value :  2.06568e-02
 Reference value :  2.06582e-02
 Reference value :  2.06615e-02
 Reference value :  2.08510e-02
 Reference value :  2.08722e-02
 Reference value :  2.08749e-02
 Reference value :  2.08755e-02
 Reference value :  2.08757e-02
 Reference value :  2.08805e-02
 Reference value :  2.08807e-02
 Reference value :  2.08808e-02
 Reference value :  2.08808e-02
 Reference value :  2.08808e-02
 Reference value :  2.08809e-02
 Reference value :  2.08907e-02
 Reference value :  2.10184e-02
 Reference value :  2.10251e-02
 Reference value :  2.10252e-02
 Reference value :  2.10292e-02
 Reference value :  2.12245e-02
 Reference value :  2.19070e-02
 Reference value :  2.19187e-02
 Reference value :  2.19188e-02
 Reference value :  2.19268e-02
 Reference value :  2.19282e-02
 Reference value :  2.19288e-02
 Reference value :  2.20265e-02
 Reference value :  2.30000e-02
 Reference value :  2.38238e-02
 Reference value :  2.50238e-02
 Reference value :  2.55172e-02
 Reference value :  2.55323e-02
 Reference value :  2.55324e-02
 Reference value :  2.55376e-02
 Reference value :  2.55419e-02
 Reference value :  2.55420e-02
 Reference value :  2.55552e-02
 Reference value :  2.65941e-02
 Reference value :  2.73003e-02
 Reference value :  2.73261e-02
 Reference value :  2.73270e-02
 Reference value :  2.73271e-02
 Reference value :  2.73279e-02
 Reference value :  2.73283e-02
 Reference value :  2.73285e-02
 Reference value :  2.73292e-02
 Reference value :  2.73303e-02
 Reference value :  2.73375e-02
 Reference value :  2.73377e-02
 Reference value :  2.73377e-02
 Reference value :  2.73377e-02
 Reference value :  2.73389e-02
 Reference value :  2.73535e-02
 Reference value :  2.73544e-02
 Reference value :  2.73545e-02
 Reference value :  2.73554e-02
 Reference value :  2.73555e-02
 Reference value :  2.73563e-02
 Reference value :  2.73565e-02
 Reference value :  2.73594e-02
 Reference value :  2.73805e-02
 Reference value :  2.73808e-02
 Reference value :  2.73808e-02
 Reference value :  2.73808e-02
 Reference value :  2.73821e-02
 Reference value :  2.73879e-02
 Reference value :  2.73882e-02
 Reference value :  2.73884e-02
 Reference value :  2.73891e-02
 Reference value :  2.73892e-02
 Reference value :  2.73900e-02
 Reference value :  2.73903e-02
 Reference value :  2.73954e-02
 Reference value :  2.81107e-02
 Reference value :  2.85748e-02
 Reference value :  2.85903e-02
 Reference value :  2.85907e-02
 Reference value :  2.85909e-02
 Reference value :  2.85918e-02
 Reference value :  2.85919e-02
 Reference value :  2.85927e-02
 Reference value :  2.85929e-02
 Reference value :  2.85977e-02
 Reference value :  2.86014e-02
 Reference value :  2.86014e-02
 Reference value :  2.86014e-02
 Reference value :  2.86016e-02
 Reference value :  2.86120e-02
 Reference value :  2.86180e-02
 Reference value :  2.86182e-02
 Reference value :  2.86188e-02
 Reference value :  2.86192e-02
 Reference value :  2.86193e-02
 Reference value :  2.86201e-02
 Reference value :  2.86207e-02
 Reference value :  2.86357e-02
 Reference value :  2.86458e-02
 Reference value :  2.86459e-02
 Reference value :  2.86459e-02
 Reference value :  2.86460e-02
 Reference value :  2.86511e-02
 Reference value :  2.86522e-02
 Reference value :  2.86523e-02
 Reference value :  2.86529e-02
 Reference value :  2.86533e-02
 Reference value :  2.86535e-02
 Reference value :  2.86542e-02
 Reference value :  2.86549e-02
 Reference value :  2.86818e-02
 Reference value :  2.98523e-02
 Reference value :  3.10923e-02
 Reference value :  3.21555e-02
 Reference value :  3.21911e-02
 Reference value :  3.22038e-02
 Reference value :  3.22042e-02
 Reference value :  3.22043e-02
 Reference value :  3.22052e-02
 Reference value :  3.22054e-02
 Reference value :  3.22060e-02
 Reference value :  3.22063e-02
 Reference value :  3.22095e-02
 Reference value :  3.22147e-02
 Reference value :  3.22148e-02
 Reference value :  3.22148e-02
 Reference value :  3.22149e-02
 Reference value :  3.22233e-02
 Reference value :  3.22313e-02
 Reference value :  3.22316e-02
 Reference value :  3.22321e-02
 Reference value :  3.22326e-02
 Reference value :  3.22328e-02
 Reference value :  3.22335e-02
 Reference value :  3.22356e-02
 Reference value :  3.22575e-02
 Reference value :  3.22579e-02
 Reference value :  3.22580e-02
 Reference value :  3.22580e-02
 Reference value :  3.22596e-02
 Reference value :  3.22650e-02
 Reference value :  3.22653e-02
 Reference value :  3.22655e-02
 Reference value :  3.22662e-02
 Reference value :  3.22663e-02
 Reference value :  3.22671e-02
 Reference value :  3.22673e-02
 Reference value :  3.22730e-02
 Reference value :  3.29619e-02
 Reference value :  3.41419e-02
 Reference value :  3.53019e-02
 Reference value :  3.65019e-02
 Reference value :  3.77219e-02
 Reference value :  3.89819e-02
 Reference value :  4.02619e-02
 Reference value :  4.15619e-02
 Reference value :  4.28619e-02
 Reference value :  4.41219e-02
 Reference value :  4.53819e-02
 Reference value :  4.66219e-02
 Reference value :  4.78019e-02
 Reference value :  4.90019e-02
 Reference value :  5.02819e-02
 Reference value :  5.15019e-02
 Reference value :  5.27019e-02
 Reference value :  5.38819e-02
No. of Data Rows : 8830
t_praw_b1           =  2.00251e-02
vdd_praw_b1         =  2.80494e+00
vref_praw_b1        =  9.74624e-01
t_praw_b3           =  2.01023e-02
vdd_praw_b3         =  2.76838e+00
vref_praw_b3        =  1.13802e+00
t_praw_b6           =  2.08755e-02
vdd_praw_b6         =  2.39507e+00
vref_praw_b6        =  1.17961e+00
m_t_praw_b1_us = 2.5140000000e+01
m_vdd_at_praw_b1_v = 2.8049380000e+00
m_vref_at_praw_b1_v = 9.7462380000e-01
m_t_praw_b3_us = 1.0235000000e+02
m_vdd_at_praw_b3_v = 2.7683760000e+00
m_vref_at_praw_b3_v = 1.1380230000e+00
m_t_praw_b6_us = 8.7552000000e+02
m_vdd_at_praw_b6_v = 2.3950730000e+00
m_vref_at_praw_b6_v = 1.1796090000e+00
Note: Simulation executed from .control section 

Warning: m=xx on .subckt line will override multiplier m hierarchy!

