
Note: Compatibility modes selected: hs a


Circuit: * por-output-chain-deglitch @ bjt_ss_27c_2.97v -- generated by sim/harness, do not edit

Doing analysis at TEMP = 27.000000 and TNOM = 27.000000

Using SPARSE 1.3 as Direct Linear Solver

Initial Transient Solution
--------------------------

Node                                   Voltage
----                                   -------
vdd                                          0
por_raw                                      0
nib1                               1.79483e-26
ibias1                             1.79483e-26
nib2                               1.79483e-26
ibias2                             1.79483e-26
vdd1                                         0
vdd2                                         0
resetn1                           -6.30876e-20
resetn2                             1.7788e-19
xdut1.pdn                         -2.11056e-75
xdut1.ndl                         -7.70938e-37
xdut1.ndgp                         9.57808e-26
xdut1.ndg                          8.03559e-25
xdut1.ndgn                        -1.46008e-24
xdut1.pgdg                         -7.8469e-23
xdut1.pgdgb                        1.19374e-25
xdut1.nts                         -1.15161e-26
xdut1.tim                         -5.40886e-25
xdut1.nd1                         -9.55335e-32
xdut1.trip                         9.49553e-34
xdut1.rstb                         7.33995e-22
xdut1.nnand                       -2.69611e-21
xdut2.pdn                         -2.11056e-75
xdut2.ndl                         -7.69182e-37
xdut2.ndgp                         1.92088e-25
xdut2.ndg                          1.59999e-24
xdut2.ndgn                         -2.9091e-24
xdut2.pgdg                        -2.05447e-22
xdut2.pgdgb                        1.02188e-25
xdut2.nts                          -7.2978e-27
xdut2.tim                          -3.4276e-25
xdut2.nd1                         -9.55117e-32
xdut2.trip                         9.49553e-34
xdut2.rstb                         6.70351e-22
xdut2.nnand                       -2.46223e-21
vd2#branch                        -1.85614e-31
vd1#branch                          5.2778e-32
vib2#branch                                  0
vib1#branch                                  0
vpr#branch                                   0
vsup#branch                        1.32836e-31

 Reference value :  5.29567e-05
 Reference value :  3.04516e-04
 Reference value :  1.00102e-03
 Reference value :  1.22664e-03
 Reference value :  3.51664e-03
 Reference value :  5.39787e-03
 Reference value :  7.90336e-03
 Reference value :  1.03774e-02
 Reference value :  1.11027e-02
 Reference value :  1.20030e-02
 Reference value :  1.20388e-02
 Reference value :  1.30205e-02
 Reference value :  1.32633e-02
No. of Data Rows : 10633
tpgr1               =  3.09137e-04
trel1               =  5.39756e-03
pgdgmin1            =  2.96954e+00 at=  1.20103e-03
vmax_chat1          =  8.94293e-10 at=  1.09993e-03
timpre1             =  3.22735e-01
timlo1              =  3.23157e-01 at=  9.99900e-04
pgdgminw            =  2.96953e+00 at=  1.32211e-02
timpre3             =  4.49186e-01
timlo3              =  4.50314e-01 at=  1.30014e-02
vmin_hold1          =  2.97000e+00 at=  1.10999e-02
tpgf1               =  1.20030e-02
pgdgmin2            =  5.01102e-03 at=  1.20300e-02
tpgf2               =  1.20154e-02
tasrt1              =  1.20030e-02
tvalid1             =  1.20030e-02
vmin_dip1           =  -3.10662e-07 at=  1.20392e-02
vmax_after1         =  7.30870e-10 at=  1.20642e-02
iasrt1              =  2.75750e-08 from=  1.50000e-04 to=  2.91452e-04
m_dwell_pgdg_1x_us = 3.0200000000e+00
m_pgdg_min_during_halfib_dip_v = 5.0110210000e-03
m_dwell_pgdg_stress_us = 1.5410000000e+01
m_dwell_resetn_1x_us = 3.0200000000e+00
m_reassert_validlow_us = 3.0200000000e+00
m_dwell_rise_1x_us = 9.0367000000e+00
m_tpulse_after_chatter_ms = 5.0974570000e+00
m_pgdg_min_during_chatter = 2.9695360000e+00
m_resetn_max_during_chatter = 8.9429250000e-10
m_resetn_min_after_release = 2.9700000000e+00
m_resetn_min_during_dip = -3.106620000e-07
m_resetn_max_after_dip = 7.3086970000e-10
m_pgdg_min_during_wide_chatter = 2.9695280000e+00
m_tim_min_during_wide_chatter_v = 4.5031440000e-01
m_tim_loss_wide_pct = -2.512099665e-01
m_tim_loss_1us_pct = -1.306333704e-01
m_iq_asserted_1x_na = 2.7575030000e+01
Note: Simulation executed from .control section 

Warning: m=xx on .subckt line will override multiplier m hierarchy!

