
Note: Compatibility modes selected: hs a


Circuit: * por-output-chain-deglitch @ sf_27c_2.97v -- generated by sim/harness, do not edit

Doing analysis at TEMP = 27.000000 and TNOM = 27.000000

Using SPARSE 1.3 as Direct Linear Solver

Initial Transient Solution
--------------------------

Node                                   Voltage
----                                   -------
vdd                                          0
por_raw                                      0
nib1                              -1.82431e-32
ibias1                            -1.82431e-32
nib2                              -1.82431e-32
ibias2                            -1.82431e-32
vdd1                                         0
vdd2                                         0
resetn1                            1.82689e-19
resetn2                           -8.13165e-20
xdut1.pdn                          5.30724e-43
xdut1.pgdgb                       -1.18191e-21
xdut1.pgdg                        -3.05871e-23
xdut1.nd1                          4.49678e-20
xdut1.ndl                          3.04819e-39
xdut1.ndg                         -1.61282e-23
xdut1.ndgn                         1.47801e-24
xdut1.tim                          1.15831e-22
xdut1.trip                        -1.25366e-44
xdut1.rstb                        -2.13801e-20
xdut1.nnand                        1.59333e-21
xdut1.nts                         -1.21291e-22
xdut1.ndgp                         1.87589e-23
xdut1.ndgn__par                    1.47801e-24
xdut1.ndg__par                    -1.61282e-23
xdut1.pgdg__par                   -3.05871e-23
xdut1.tim__par                     1.15831e-22
xdut1.trip__par                   -1.25366e-44
xdut1.nnand__par                   1.59333e-21
xdut1.ndgp__par                    1.87589e-23
xdut1.rstb__par                   -2.13801e-20
xdut1.pdn__par                     5.30724e-43
xdut1.ndl__par                     3.04819e-39
xdut1.pgdgb__par                  -1.18191e-21
xdut1.nd1__par                     4.49678e-20
xdut1.nts__par                    -1.21291e-22
xdut1.ibias__par                  -1.82431e-32
xdut1.por_raw__par                           0
xdut1.resetn__par                  1.82689e-19
xdut1.vdd__par                               0
xdut1.vss__par                               0
xdut2.pdn                          5.30724e-43
xdut2.pgdgb                       -1.18191e-21
xdut2.pgdg                        -3.05871e-23
xdut2.nd1                          4.30111e-20
xdut2.ndl                          3.04819e-39
xdut2.ndg                         -1.61282e-23
xdut2.ndgn                         1.47801e-24
xdut2.tim                          1.78592e-22
xdut2.trip                        -1.25366e-44
xdut2.rstb                        -2.04529e-20
xdut2.nnand                        1.44698e-21
xdut2.nts                          -1.8701e-22
xdut2.ndgp                         1.87589e-23
xdut2.ndgn__par                    1.47801e-24
xdut2.ndg__par                    -1.61282e-23
xdut2.pgdg__par                   -3.05871e-23
xdut2.tim__par                     1.78592e-22
xdut2.trip__par                   -1.25366e-44
xdut2.nnand__par                   1.44698e-21
xdut2.ndgp__par                    1.87589e-23
xdut2.rstb__par                   -2.04529e-20
xdut2.pdn__par                     5.30724e-43
xdut2.ndl__par                     3.04819e-39
xdut2.pgdgb__par                  -1.18191e-21
xdut2.nd1__par                     4.30111e-20
xdut2.nts__par                     -1.8701e-22
xdut2.ibias__par                  -1.82431e-32
xdut2.por_raw__par                           0
xdut2.resetn__par                 -8.13165e-20
xdut2.vdd__par                               0
xdut2.vss__par                               0
vd2#branch                         1.20928e-31
vd1#branch                         1.56158e-32
vib2#branch                                  0
vib1#branch                                  0
vpr#branch                                   0
vsup#branch                       -1.36544e-31

 Reference value :  5.32154e-05
 Reference value :  3.09527e-04
 Reference value :  1.00103e-03
 Reference value :  1.24419e-03
 Reference value :  3.69219e-03
 Reference value :  5.71508e-03
 Reference value :  7.84368e-03
 Reference value :  1.02377e-02
 Reference value :  1.10999e-02
 Reference value :  1.18680e-02
 Reference value :  1.20058e-02
 Reference value :  1.20858e-02
No. of Data Rows : 10302
tpgr1               =  3.09751e-04
trel1               =  5.71513e-03
pgdgmin1            =  2.96927e+00 at=  1.00104e-03
vmax_chat1          =  9.57755e-10 at=  1.19993e-03
vmin_hold1          =  2.97000e+00 at=  1.11011e-02
tpgf1               =  1.20030e-02
tpgf2               =  1.20058e-02
tasrt1              =  1.20030e-02
tvalid1             =  1.20030e-02
vmin_dip1           =  -4.48778e-08 at=  1.20154e-02
vmax_after1         =  7.77380e-10 at=  1.20518e-02
iasrt1              =  2.73414e-08 from=  1.50000e-04 to=  2.90562e-04
m_dwell_pgdg_1x_us = 3.0400000000e+00
m_dwell_pgdg_halfib_us = 5.8100000000e+00
m_dwell_resetn_1x_us = 3.0200000000e+00
m_reassert_validlow_us = 3.0200000000e+00
m_dwell_rise_1x_us = 9.6514000000e+00
m_tpulse_after_chatter_ms = 5.4150290000e+00
m_pgdg_min_during_chatter = 2.9692740000e+00
m_resetn_max_during_chatter = 9.5775480000e-10
m_resetn_min_after_release = 2.9700000000e+00
m_resetn_min_during_dip = -4.487775000e-08
m_resetn_max_after_dip = 7.7737980000e-10
m_iq_asserted_1x_na = 2.7341400000e+01
Note: Simulation executed from .control section 

Warning: m=xx on .subckt line will override multiplier m hierarchy!

