
Note: Compatibility modes selected: hs a


Circuit: * por-output-chain-deglitch @ tt_27c_2.97v -- generated by sim/harness, do not edit

Doing analysis at TEMP = 27.000000 and TNOM = 27.000000

Using SPARSE 1.3 as Direct Linear Solver

Initial Transient Solution
--------------------------

Node                                   Voltage
----                                   -------
vdd                                          0
por_raw                                      0
nib1                               3.78934e-25
ibias1                             3.78934e-25
nib2                               3.78934e-25
ibias2                             3.78934e-25
vdd1                                         0
vdd2                                         0
resetn1                           -3.23523e-18
resetn2                           -1.80352e-18
xdut1.pdn                          9.27851e-66
xdut1.pgdgb                       -2.78912e-26
xdut1.pgdg                         2.41889e-23
xdut1.nd1                          -2.4819e-22
xdut1.ndl                         -2.66011e-34
xdut1.ndg                         -8.58507e-28
xdut1.ndgn                         1.55837e-27
xdut1.tim                         -3.81057e-25
xdut1.trip                         4.72317e-23
xdut1.rstb                         2.24162e-18
xdut1.nnand                       -8.64065e-18
xdut1.nts                          -8.1153e-27
xdut1.ndgp                         -1.0181e-28
xdut1.ndgn__par                    1.55837e-27
xdut1.ndg__par                    -8.58507e-28
xdut1.pgdg__par                    2.41889e-23
xdut1.tim__par                    -3.81057e-25
xdut1.trip__par                    4.72317e-23
xdut1.nnand__par                  -8.64065e-18
xdut1.ndgp__par                    -1.0181e-28
xdut1.rstb__par                    2.24162e-18
xdut1.pdn__par                     9.27851e-66
xdut1.ndl__par                    -2.66011e-34
xdut1.pgdgb__par                  -2.78912e-26
xdut1.nd1__par                     -2.4819e-22
xdut1.nts__par                     -8.1153e-27
xdut1.ibias__par                   3.78934e-25
xdut1.por_raw__par                           0
xdut1.resetn__par                 -3.23523e-18
xdut1.vdd__par                               0
xdut1.vss__par                               0
xdut2.pdn                          9.27851e-66
xdut2.pgdgb                       -2.78912e-26
xdut2.pgdg                         2.41889e-23
xdut2.nd1                         -2.46814e-22
xdut2.ndl                         -2.66011e-34
xdut2.ndg                         -8.58507e-28
xdut2.ndgn                         1.55837e-27
xdut2.tim                         -4.71193e-25
xdut2.trip                         5.79186e-23
xdut2.rstb                         1.48969e-18
xdut2.nnand                       -6.37652e-18
xdut2.nts                         -1.00349e-26
xdut2.ndgp                         -1.0181e-28
xdut2.ndgn__par                    1.55837e-27
xdut2.ndg__par                    -8.58507e-28
xdut2.pgdg__par                    2.41889e-23
xdut2.tim__par                    -4.71193e-25
xdut2.trip__par                    5.79186e-23
xdut2.nnand__par                  -6.37652e-18
xdut2.ndgp__par                    -1.0181e-28
xdut2.rstb__par                    1.48969e-18
xdut2.pdn__par                     9.27851e-66
xdut2.ndl__par                    -2.66011e-34
xdut2.pgdgb__par                  -2.78912e-26
xdut2.nd1__par                    -2.46814e-22
xdut2.nts__par                    -1.00349e-26
xdut2.ibias__par                   3.78934e-25
xdut2.por_raw__par                           0
xdut2.resetn__par                 -1.80352e-18
xdut2.vdd__par                               0
xdut2.vss__par                               0
vd2#branch                        -3.16829e-30
vd1#branch                        -3.74718e-30
vib2#branch                                  0
vib1#branch                                  0
vpr#branch                                   0
vsup#branch                        6.91548e-30

 Reference value :  5.30811e-05
 Reference value :  3.10029e-04
 Reference value :  1.00104e-03
 Reference value :  1.32408e-03
 Reference value :  3.77808e-03
 Reference value :  5.53455e-03
 Reference value :  7.90021e-03
 Reference value :  1.01065e-02
 Reference value :  1.11000e-02
 Reference value :  1.19962e-02
 Reference value :  1.20050e-02
 Reference value :  1.22018e-02
No. of Data Rows : 10335
tpgr1               =  3.10237e-04
trel1               =  5.50711e-03
pgdgmin1            =  2.96881e+00 at=  1.10103e-03
vmax_chat1          =  8.97432e-10 at=  1.19993e-03
vmin_hold1          =  2.97000e+00 at=  1.10011e-02
tpgf1               =  1.20026e-02
tpgf2               =  1.20050e-02
tasrt1              =  1.20026e-02
tvalid1             =  1.20026e-02
vmin_dip1           =  -4.49890e-08 at=  1.20160e-02
vmax_after1         =  7.30376e-10 at=  1.20638e-02
iasrt1              =  2.75749e-08 from=  1.50000e-04 to=  2.91676e-04
m_dwell_pgdg_1x_us = 2.6400000000e+00
m_dwell_pgdg_halfib_us = 5.0300000000e+00
m_dwell_resetn_1x_us = 2.6200000000e+00
m_reassert_validlow_us = 2.6200000000e+00
m_dwell_rise_1x_us = 1.0136800000e+01
m_tpulse_after_chatter_ms = 5.2070070000e+00
m_pgdg_min_during_chatter = 2.9688090000e+00
m_resetn_max_during_chatter = 8.9743210000e-10
m_resetn_min_after_release = 2.9700000000e+00
m_resetn_min_during_dip = -4.498896000e-08
m_resetn_max_after_dip = 7.3037570000e-10
m_iq_asserted_1x_na = 2.7574900000e+01
Note: Simulation executed from .control section 

Warning: m=xx on .subckt line will override multiplier m hierarchy!

