
Note: No compatibility mode selected!


Circuit: * por-output-chain-deglitch @ fs_-40c_3.63v -- generated by sim/harness, do not edit

Doing analysis at TEMP = -40.000000 and TNOM = 27.000000

Using SPARSE 1.3 as Direct Linear Solver

Initial Transient Solution
--------------------------

Node                                   Voltage
----                                   -------
vdd                                          0
por_raw                                      0
nib1                             -3.23245e-116
ibias1                           -3.23245e-116
nib2                             -3.23245e-116
ibias2                           -3.23245e-116
vdd1                                         0
vdd2                                         0
resetn1                            6.48214e-33
resetn2                            7.10937e-33
xdut1.pdn                        -4.37643e-146
xdut1.pgdgb                        1.34478e-22
xdut1.pgdg                        -6.19367e-26
xdut1.nd1                         1.40983e-112
xdut1.ndl                         9.49623e-116
xdut1.ndg                         -1.51431e-54
xdut1.ndgn                         1.08438e-53
xdut1.tim                          1.00522e-24
xdut1.trip                         1.17805e-26
xdut1.rstb                        -5.89026e-27
xdut1.nnand                        4.09179e-43
xdut1.nts                          1.16916e-26
xdut1.ndgp                         1.72447e-59
xdut1.ndgn__par                    1.08438e-53
xdut1.ndg__par                    -1.51431e-54
xdut1.pgdg__par                   -6.19367e-26
xdut1.tim__par                     1.00522e-24
xdut1.trip__par                    1.17805e-26
xdut1.nnand__par                   4.09179e-43
xdut1.ndgp__par                    1.72447e-59
xdut1.rstb__par                   -5.89026e-27
xdut1.pdn__par                   -4.37643e-146
xdut1.ndl__par                    9.49623e-116
xdut1.pgdgb__par                   1.34478e-22
xdut1.nd1__par                    1.40983e-112
xdut1.nts__par                     1.16916e-26
xdut1.ibias__par                 -3.23245e-116
xdut1.por_raw__par                           0
xdut1.resetn__par                  6.48214e-33
xdut1.vdd__par                               0
xdut1.vss__par                               0
xdut2.pdn                        -4.37643e-146
xdut2.pgdgb                        1.34478e-22
xdut2.pgdg                        -6.19367e-26
xdut2.nd1                         1.40994e-112
xdut2.ndl                         9.49623e-116
xdut2.ndg                         -1.51431e-54
xdut2.ndgn                         1.08438e-53
xdut2.tim                          1.00522e-24
xdut2.trip                         1.17805e-26
xdut2.rstb                        -5.89026e-27
xdut2.nnand                         4.1058e-43
xdut2.nts                          1.16916e-26
xdut2.ndgp                         1.72447e-59
xdut2.ndgn__par                    1.08438e-53
xdut2.ndg__par                    -1.51431e-54
xdut2.pgdg__par                   -6.19367e-26
xdut2.tim__par                     1.00522e-24
xdut2.trip__par                    1.17805e-26
xdut2.nnand__par                    4.1058e-43
xdut2.ndgp__par                    1.72447e-59
xdut2.rstb__par                   -5.89026e-27
xdut2.pdn__par                   -4.37643e-146
xdut2.ndl__par                    9.49623e-116
xdut2.pgdgb__par                   1.34478e-22
xdut2.nd1__par                    1.40994e-112
xdut2.nts__par                     1.16916e-26
xdut2.ibias__par                 -3.23245e-116
xdut2.por_raw__par                           0
xdut2.resetn__par                  7.10937e-33
xdut2.vdd__par                               0
xdut2.vss__par                               0
vd2#branch                        -5.89689e-34
vd1#branch                        -5.89689e-34
vib2#branch                                  0
vib1#branch                                  0
vpr#branch                                   0
vsup#branch                        1.17938e-33

 Reference value :  2.68675e-05
 Reference value :  6.90285e-05
 Reference value :  6.90937e-05
 Reference value :  8.15743e-05
 Reference value :  2.98515e-04
 Reference value :  3.00000e-04
 Reference value :  3.12912e-04
 Reference value :  3.13912e-04
 Reference value :  3.24570e-04
 Reference value :  3.36720e-04
 Reference value :  7.55314e-04
 Reference value :  9.99995e-04
 Reference value :  1.00002e-03
 Reference value :  1.00350e-03
 Reference value :  1.09994e-03
 Reference value :  1.10000e-03
 Reference value :  1.10104e-03
 Reference value :  1.10431e-03
 Reference value :  1.10440e-03
 Reference value :  1.10451e-03
 Reference value :  1.10462e-03
 Reference value :  1.13184e-03
 Reference value :  1.13984e-03
 Reference value :  1.14784e-03
 Reference value :  1.15584e-03
 Reference value :  1.19990e-03
 Reference value :  1.19991e-03
 Reference value :  1.19992e-03
 Reference value :  1.19992e-03
 Reference value :  1.19994e-03
 Reference value :  1.19996e-03
 Reference value :  1.19997e-03
 Reference value :  1.32719e-03
 Reference value :  2.01319e-03
 Reference value :  2.74319e-03
 Reference value :  3.61319e-03
 Reference value :  4.49119e-03
 Reference value :  5.32519e-03
 Reference value :  6.09119e-03
 Reference value :  6.38793e-03
 Reference value :  7.21993e-03
 Reference value :  8.10993e-03
 Reference value :  8.98193e-03
 Reference value :  9.77993e-03
 Reference value :  1.06619e-02
 Reference value :  1.10010e-02
 Reference value :  1.11010e-02
 Reference value :  1.11391e-02
 Reference value :  1.12025e-02
 Reference value :  1.17991e-02
 Reference value :  1.20025e-02
 Reference value :  1.20044e-02
 Reference value :  1.20049e-02
 Reference value :  1.20131e-02
 Reference value :  1.20175e-02
No. of Data Rows : 10562
tpgr1               =  3.13030e-04
trel1               =  6.13173e-03
pgdgmin1            =  3.62864e+00 at=  1.10102e-03
vmax_chat1          =  7.51097e-10 at=  1.09993e-03
vmin_hold1          =  3.63000e+00 at=  1.12010e-02
tpgf1               =  1.20026e-02
tpgf2               =  1.20050e-02
tasrt1              =  1.20026e-02
tvalid1             =  1.20026e-02
vmin_dip1           =  -1.82792e-07 at=  1.20026e-02
vmax_after1         =  6.45635e-10 at=  1.20507e-02
iasrt1              =  2.62422e-08 from=  1.50000e-04 to=  2.91029e-04
m_dwell_pgdg_1x_us = 2.5900000000e+00
m_dwell_pgdg_halfib_us = 4.9600000000e+00
m_dwell_resetn_1x_us = 2.5700000000e+00
m_reassert_validlow_us = 2.5800000000e+00
m_dwell_rise_1x_us = 1.2929600000e+01
m_tpulse_after_chatter_ms = 5.8316270000e+00
m_pgdg_min_during_chatter = 3.6286400000e+00
m_resetn_max_during_chatter = 7.5109690000e-10
m_resetn_min_after_release = 3.6300000000e+00
m_resetn_min_during_dip = -1.827921000e-07
m_resetn_max_after_dip = 6.4563520000e-10
m_iq_asserted_1x_na = 2.6242230000e+01
Note: Simulation executed from .control section 

