
Note: No compatibility mode selected!


Circuit: * por-output-chain-deglitch @ fs_125c_3.63v -- generated by sim/harness, do not edit

Doing analysis at TEMP = 125.000000 and TNOM = 27.000000

Using SPARSE 1.3 as Direct Linear Solver

Initial Transient Solution
--------------------------

Node                                   Voltage
----                                   -------
vdd                                          0
por_raw                                      0
nib1                               1.91092e-18
ibias1                             1.91092e-18
nib2                               1.91092e-18
ibias2                             1.91092e-18
vdd1                                         0
vdd2                                         0
resetn1                           -1.04746e-17
resetn2                           -7.71306e-18
xdut1.pdn                          1.20794e-18
xdut1.pgdgb                        5.27916e-19
xdut1.pgdg                        -1.59144e-18
xdut1.nd1                         -4.93527e-19
xdut1.ndl                          7.80174e-20
xdut1.ndg                          3.62521e-18
xdut1.ndgn                        -1.19251e-18
xdut1.tim                          4.42557e-18
xdut1.trip                         3.12572e-19
xdut1.rstb                        -1.73659e-17
xdut1.nnand                        2.22048e-18
xdut1.nts                          1.23348e-18
xdut1.ndgp                         3.28389e-18
xdut1.ndgn__par                   -1.19251e-18
xdut1.ndg__par                     3.62521e-18
xdut1.pgdg__par                   -1.59144e-18
xdut1.tim__par                     4.42557e-18
xdut1.trip__par                    3.12572e-19
xdut1.nnand__par                   2.22048e-18
xdut1.ndgp__par                    3.28389e-18
xdut1.rstb__par                   -1.73659e-17
xdut1.pdn__par                     1.20794e-18
xdut1.ndl__par                     7.80174e-20
xdut1.pgdgb__par                   5.27916e-19
xdut1.nd1__par                    -4.93527e-19
xdut1.nts__par                     1.23348e-18
xdut1.ibias__par                   1.91092e-18
xdut1.por_raw__par                           0
xdut1.resetn__par                 -1.04746e-17
xdut1.vdd__par                               0
xdut1.vss__par                               0
xdut2.pdn                          1.20794e-18
xdut2.pgdgb                        5.27916e-19
xdut2.pgdg                        -1.59144e-18
xdut2.nd1                         -4.24489e-19
xdut2.ndl                          7.80174e-20
xdut2.ndg                          3.62521e-18
xdut2.ndgn                        -1.19251e-18
xdut2.tim                          1.11062e-17
xdut2.trip                         -4.8418e-19
xdut2.rstb                         3.60021e-19
xdut2.nnand                       -1.38291e-18
xdut2.nts                          1.72058e-18
xdut2.ndgp                         3.28389e-18
xdut2.ndgn__par                   -1.19251e-18
xdut2.ndg__par                     3.62521e-18
xdut2.pgdg__par                   -1.59144e-18
xdut2.tim__par                     1.11062e-17
xdut2.trip__par                    -4.8418e-19
xdut2.nnand__par                  -1.38291e-18
xdut2.ndgp__par                    3.28389e-18
xdut2.rstb__par                    3.60021e-19
xdut2.pdn__par                     1.20794e-18
xdut2.ndl__par                     7.80174e-20
xdut2.pgdgb__par                   5.27916e-19
xdut2.nd1__par                    -4.24489e-19
xdut2.nts__par                     1.72058e-18
xdut2.ibias__par                   1.91092e-18
xdut2.por_raw__par                           0
xdut2.resetn__par                 -7.71306e-18
xdut2.vdd__par                               0
xdut2.vss__par                               0
vd2#branch                        -9.08847e-29
vd1#branch                         8.47307e-28
vib2#branch                                  0
vib1#branch                                  0
vpr#branch                                   0
vsup#branch                       -7.56422e-28

 Reference value :  4.74786e-05
 Reference value :  6.83244e-05
 Reference value :  3.00012e-04
 Reference value :  3.17825e-04
 Reference value :  4.06530e-04
 Reference value :  1.00056e-03
 Reference value :  1.10012e-03
 Reference value :  1.19999e-03
 Reference value :  1.47325e-03
 Reference value :  2.20925e-03
 Reference value :  3.11525e-03
 Reference value :  3.92325e-03
 Reference value :  4.70525e-03
 Reference value :  5.51125e-03
 Reference value :  6.32125e-03
 Reference value :  7.21325e-03
 Reference value :  7.46094e-03
 Reference value :  8.36894e-03
 Reference value :  9.15694e-03
 Reference value :  1.00449e-02
 Reference value :  1.09489e-02
 Reference value :  1.10066e-02
 Reference value :  1.11060e-02
 Reference value :  1.12040e-02
 Reference value :  1.19958e-02
 Reference value :  1.20016e-02
 Reference value :  1.20030e-02
 Reference value :  1.20158e-02
 Reference value :  1.20222e-02
 Reference value :  1.25403e-02
No. of Data Rows : 10103
tpgr1               =  3.13900e-04
trel1               =  7.31490e-03
pgdgmin1            =  3.34583e+00 at=  1.00101e-03
vmax_chat1          =  1.97416e-08 at=  1.00102e-03
vmin_hold1          =  3.62999e+00 at=  1.11011e-02
tpgf1               =  1.20016e-02
tpgf2               =  1.20031e-02
tasrt1              =  1.20016e-02
tvalid1             =  1.20016e-02
vmin_dip1           =  -1.68662e-07 at=  1.20016e-02
vmax_after1         =  1.09416e-09 at=  1.20523e-02
iasrt1              =  3.09421e-08 from=  1.50000e-04 to=  2.90297e-04
m_dwell_pgdg_1x_us = 1.6200000000e+00
m_dwell_pgdg_halfib_us = 3.0500000000e+00
m_dwell_resetn_1x_us = 1.6000000000e+00
m_reassert_validlow_us = 1.6100000000e+00
m_dwell_rise_1x_us = 1.3799800000e+01
m_tpulse_after_chatter_ms = 7.0147950000e+00
m_pgdg_min_during_chatter = 3.3458310000e+00
m_resetn_max_during_chatter = 1.9741600000e-08
m_resetn_min_after_release = 3.6299940000e+00
m_resetn_min_during_dip = -1.686617000e-07
m_resetn_max_after_dip = 1.0941590000e-09
m_iq_asserted_1x_na = 3.0942060000e+01
Note: Simulation executed from .control section 

