
Note: No compatibility mode selected!


Circuit: * por-output-chain-deglitch @ sf_27c_3.30v -- generated by sim/harness, do not edit

Doing analysis at TEMP = 27.000000 and TNOM = 27.000000

Using SPARSE 1.3 as Direct Linear Solver

Initial Transient Solution
--------------------------

Node                                   Voltage
----                                   -------
vdd                                          0
por_raw                                      0
nib1                              -1.56043e-32
ibias1                            -1.56043e-32
nib2                              -1.56043e-32
ibias2                            -1.56043e-32
vdd1                                         0
vdd2                                         0
resetn1                            1.53655e-19
resetn2                            2.47407e-19
xdut1.pdn                          4.51978e-44
xdut1.pgdgb                       -3.39297e-22
xdut1.pgdg                        -3.28575e-23
xdut1.nd1                         -2.14671e-19
xdut1.ndl                           2.9666e-39
xdut1.ndg                          8.99337e-20
xdut1.ndgn                        -8.65239e-20
xdut1.tim                          2.10787e-22
xdut1.trip                        -1.25367e-44
xdut1.rstb                        -1.62703e-20
xdut1.nnand                        6.95688e-22
xdut1.nts                         -2.20722e-22
xdut1.ndgp                        -1.10804e-23
xdut1.ndgn__par                   -8.65239e-20
xdut1.ndg__par                     8.99337e-20
xdut1.pgdg__par                   -3.28575e-23
xdut1.tim__par                     2.10787e-22
xdut1.trip__par                   -1.25367e-44
xdut1.nnand__par                   6.95688e-22
xdut1.ndgp__par                   -1.10804e-23
xdut1.rstb__par                   -1.62703e-20
xdut1.pdn__par                     4.51978e-44
xdut1.ndl__par                      2.9666e-39
xdut1.pgdgb__par                  -3.39297e-22
xdut1.nd1__par                    -2.14671e-19
xdut1.nts__par                    -2.20722e-22
xdut1.ibias__par                  -1.56043e-32
xdut1.por_raw__par                           0
xdut1.resetn__par                  1.53655e-19
xdut1.vdd__par                               0
xdut1.vss__par                               0
xdut2.pdn                          4.51978e-44
xdut2.pgdgb                       -3.39297e-22
xdut2.pgdg                        -3.28575e-23
xdut2.nd1                         -2.11785e-19
xdut2.ndl                           2.9666e-39
xdut2.ndg                          8.99337e-20
xdut2.ndgn                        -8.65239e-20
xdut2.tim                            9.953e-23
xdut2.trip                        -1.25364e-44
xdut2.rstb                        -2.11814e-20
xdut2.nnand                        1.47156e-21
xdut2.nts                         -1.04221e-22
xdut2.ndgp                        -1.10804e-23
xdut2.ndgn__par                   -8.65239e-20
xdut2.ndg__par                     8.99337e-20
xdut2.pgdg__par                   -3.28575e-23
xdut2.tim__par                       9.953e-23
xdut2.trip__par                   -1.25364e-44
xdut2.nnand__par                   1.47156e-21
xdut2.ndgp__par                   -1.10804e-23
xdut2.rstb__par                   -2.11814e-20
xdut2.pdn__par                     4.51978e-44
xdut2.ndl__par                      2.9666e-39
xdut2.pgdgb__par                  -3.39297e-22
xdut2.nd1__par                    -2.11785e-19
xdut2.nts__par                    -1.04221e-22
xdut2.ibias__par                  -1.56043e-32
xdut2.por_raw__par                           0
xdut2.resetn__par                  2.47407e-19
xdut2.vdd__par                               0
xdut2.vss__par                               0
vd2#branch                        -6.00854e-31
vd1#branch                        -5.82303e-31
vib2#branch                                  0
vib1#branch                                  0
vpr#branch                                   0
vsup#branch                        1.18316e-30

 Reference value :  0.00000e+00
 Reference value :  2.30797e-05
 Reference value :  6.67484e-05
 Reference value :  6.69413e-05
 Reference value :  7.48637e-05
 Reference value :  7.68355e-05
 Reference value :  9.42134e-05
 Reference value :  3.03680e-04
 Reference value :  3.21089e-04
 Reference value :  7.49469e-04
 Reference value :  1.00214e-03
 Reference value :  1.10232e-03
 Reference value :  1.10885e-03
 Reference value :  1.20282e-03
 Reference value :  1.72477e-03
 Reference value :  2.07477e-03
 Reference value :  2.33077e-03
 Reference value :  2.80077e-03
 Reference value :  3.11877e-03
 Reference value :  3.50277e-03
 Reference value :  3.58877e-03
 Reference value :  3.98077e-03
 Reference value :  4.44477e-03
 Reference value :  5.35877e-03
 Reference value :  6.20477e-03
 Reference value :  6.52892e-03
 Reference value :  6.97892e-03
 Reference value :  7.85692e-03
 Reference value :  8.67692e-03
 Reference value :  9.54092e-03
 Reference value :  1.04329e-02
 Reference value :  1.10000e-02
 Reference value :  1.11000e-02
 Reference value :  1.11033e-02
 Reference value :  1.11040e-02
 Reference value :  1.12000e-02
 Reference value :  1.12032e-02
 Reference value :  1.15628e-02
 Reference value :  1.17756e-02
 Reference value :  1.18905e-02
 Reference value :  1.19805e-02
 Reference value :  1.19999e-02
 Reference value :  1.20029e-02
 Reference value :  1.20029e-02
 Reference value :  1.20030e-02
 Reference value :  1.20056e-02
 Reference value :  1.20100e-02
 Reference value :  1.20148e-02
 Reference value :  1.21651e-02
No. of Data Rows : 10402
tpgr1               =  3.11178e-04
trel1               =  6.40957e-03
pgdgmin1            =  3.29918e+00 at=  1.00103e-03
vmax_chat1          =  1.01358e-09 at=  1.19993e-03
vmin_hold1          =  3.30000e+00 at=  1.11011e-02
tpgf1               =  1.20030e-02
tpgf2               =  1.20057e-02
tasrt1              =  1.20030e-02
tvalid1             =  1.20030e-02
vmin_dip1           =  -1.87814e-07 at=  1.20030e-02
vmax_after1         =  8.28132e-10 at=  1.20511e-02
iasrt1              =  2.75367e-08 from=  1.50000e-04 to=  2.90564e-04
m_dwell_pgdg_1x_us = 3.0000000000e+00
m_dwell_pgdg_halfib_us = 5.7400000000e+00
m_dwell_resetn_1x_us = 2.9800000000e+00
m_reassert_validlow_us = 2.9800000000e+00
m_dwell_rise_1x_us = 1.1077900000e+01
m_tpulse_after_chatter_ms = 6.1094720000e+00
m_pgdg_min_during_chatter = 3.2991830000e+00
m_resetn_max_during_chatter = 1.0135840000e-09
m_resetn_min_after_release = 3.3000000000e+00
m_resetn_min_during_dip = -1.878140000e-07
m_resetn_max_after_dip = 8.2813220000e-10
m_iq_asserted_1x_na = 2.7536750000e+01
Note: Simulation executed from .control section 

