
Note: No compatibility mode selected!


Circuit: * por-output-chain-deglitch @ ss_125c_3.63v -- generated by sim/harness, do not edit

Doing analysis at TEMP = 125.000000 and TNOM = 27.000000

Using SPARSE 1.3 as Direct Linear Solver

Initial Transient Solution
--------------------------

Node                                   Voltage
----                                   -------
vdd                                          0
por_raw                                      0
nib1                               1.01839e-18
ibias1                             1.01839e-18
nib2                               1.01839e-18
ibias2                             1.01839e-18
vdd1                                         0
vdd2                                         0
resetn1                            4.01893e-18
resetn2                           -7.15256e-19
xdut1.pdn                          1.23103e-21
xdut1.pgdgb                        1.49789e-19
xdut1.pgdg                        -1.68736e-18
xdut1.nd1                         -1.43757e-18
xdut1.ndl                           5.6635e-21
xdut1.ndg                         -8.46267e-19
xdut1.ndgn                        -4.23214e-19
xdut1.tim                          8.79302e-19
xdut1.trip                         2.75467e-19
xdut1.rstb                         4.72866e-19
xdut1.nnand                       -1.12347e-18
xdut1.nts                          1.08976e-18
xdut1.ndgp                        -7.92747e-19
xdut1.ndgn__par                   -4.23214e-19
xdut1.ndg__par                    -8.46267e-19
xdut1.pgdg__par                   -1.68736e-18
xdut1.tim__par                     8.79302e-19
xdut1.trip__par                    2.75467e-19
xdut1.nnand__par                  -1.12347e-18
xdut1.ndgp__par                   -7.92747e-19
xdut1.rstb__par                    4.72866e-19
xdut1.pdn__par                     1.23103e-21
xdut1.ndl__par                      5.6635e-21
xdut1.pgdgb__par                   1.49789e-19
xdut1.nd1__par                    -1.43757e-18
xdut1.nts__par                     1.08976e-18
xdut1.ibias__par                   1.01839e-18
xdut1.por_raw__par                           0
xdut1.resetn__par                  4.01893e-18
xdut1.vdd__par                               0
xdut1.vss__par                               0
xdut2.pdn                          1.23103e-21
xdut2.pgdgb                        1.49789e-19
xdut2.pgdg                        -1.68736e-18
xdut2.nd1                          -2.7243e-18
xdut2.ndl                           5.6635e-21
xdut2.ndg                         -8.46267e-19
xdut2.ndgn                        -4.23214e-19
xdut2.tim                          6.35006e-20
xdut2.trip                         2.12681e-19
xdut2.rstb                          4.9172e-19
xdut2.nnand                       -8.09962e-19
xdut2.nts                          1.11956e-18
xdut2.ndgp                        -7.92747e-19
xdut2.ndgn__par                   -4.23214e-19
xdut2.ndg__par                    -8.46267e-19
xdut2.pgdg__par                   -1.68736e-18
xdut2.tim__par                     6.35006e-20
xdut2.trip__par                    2.12681e-19
xdut2.nnand__par                  -8.09962e-19
xdut2.ndgp__par                   -7.92747e-19
xdut2.rstb__par                     4.9172e-19
xdut2.pdn__par                     1.23103e-21
xdut2.ndl__par                      5.6635e-21
xdut2.pgdgb__par                   1.49789e-19
xdut2.nd1__par                     -2.7243e-18
xdut2.nts__par                     1.11956e-18
xdut2.ibias__par                   1.01839e-18
xdut2.por_raw__par                           0
xdut2.resetn__par                 -7.15256e-19
xdut2.vdd__par                               0
xdut2.vss__par                               0
vd2#branch                         1.80121e-29
vd1#branch                        -2.73087e-29
vib2#branch                                  0
vib1#branch                                  0
vpr#branch                                   0
vsup#branch                        9.29662e-30

 Reference value :  0.00000e+00
 Reference value :  2.33633e-05
 Reference value :  6.21889e-05
 Reference value :  6.25213e-05
 Reference value :  6.27818e-05
 Reference value :  6.33250e-05
 Reference value :  6.35446e-05
 Reference value :  7.21421e-05
 Reference value :  7.76333e-05
 Reference value :  1.02849e-04
 Reference value :  3.14358e-04
 Reference value :  3.27232e-04
 Reference value :  9.17781e-04
 Reference value :  1.00629e-03
 Reference value :  1.10100e-03
 Reference value :  1.20002e-03
 Reference value :  1.20270e-03
 Reference value :  1.80271e-03
 Reference value :  2.66471e-03
 Reference value :  3.40471e-03
 Reference value :  4.24471e-03
 Reference value :  5.15071e-03
 Reference value :  5.98271e-03
 Reference value :  6.85671e-03
 Reference value :  7.62671e-03
 Reference value :  8.19930e-03
 Reference value :  8.78111e-03
 Reference value :  9.57111e-03
 Reference value :  1.04731e-02
 Reference value :  1.10006e-02
 Reference value :  1.11005e-02
 Reference value :  1.12004e-02
 Reference value :  1.15587e-02
 Reference value :  1.20026e-02
 Reference value :  1.20028e-02
 Reference value :  1.20061e-02
 Reference value :  1.20135e-02
 Reference value :  1.21169e-02
No. of Data Rows : 10066
tpgr1               =  3.14378e-04
trel1               =  8.19990e-03
pgdgmin1            =  3.62417e+00 at=  1.10102e-03
vmax_chat1          =  1.67156e-09 at=  1.20102e-03
vmin_hold1          =  3.63000e+00 at=  1.12011e-02
tpgf1               =  1.20028e-02
tpgf2               =  1.20053e-02
tasrt1              =  1.20028e-02
tvalid1             =  1.20028e-02
vmin_dip1           =  -1.70717e-07 at=  1.20028e-02
vmax_after1         =  1.23460e-09 at=  1.20509e-02
iasrt1              =  2.96442e-08 from=  1.50000e-04 to=  2.91404e-04
m_dwell_pgdg_1x_us = 2.8200000000e+00
m_dwell_pgdg_halfib_us = 5.3400000000e+00
m_dwell_resetn_1x_us = 2.7900000000e+00
m_reassert_validlow_us = 2.7900000000e+00
m_dwell_rise_1x_us = 1.4278400000e+01
m_tpulse_after_chatter_ms = 7.8997970000e+00
m_pgdg_min_during_chatter = 3.6241680000e+00
m_resetn_max_during_chatter = 1.6715630000e-09
m_resetn_min_after_release = 3.6300000000e+00
m_resetn_min_during_dip = -1.707172000e-07
m_resetn_max_after_dip = 1.2345980000e-09
m_iq_asserted_1x_na = 2.9644190000e+01
Note: Simulation executed from .control section 

