
Note: No compatibility mode selected!


Circuit: * por-output-chain-deglitch @ ss_27c_2.97v -- generated by sim/harness, do not edit

Doing analysis at TEMP = 27.000000 and TNOM = 27.000000

Using SPARSE 1.3 as Direct Linear Solver

Initial Transient Solution
--------------------------

Node                                   Voltage
----                                   -------
vdd                                          0
por_raw                                      0
nib1                             -2.87423e-104
ibias1                           -2.87423e-104
nib2                             -2.87423e-104
ibias2                           -2.87423e-104
vdd1                                         0
vdd2                                         0
resetn1                           -4.72463e-20
resetn2                           -4.56397e-20
xdut1.pdn                        -3.13769e-149
xdut1.pgdgb                        2.97414e-52
xdut1.pgdg                                   0
xdut1.nd1                         -1.90813e-20
xdut1.ndl                          3.31188e-94
xdut1.ndg                           4.4868e-20
xdut1.ndgn                        -4.39981e-20
xdut1.tim                         -1.13692e-58
xdut1.trip                         2.79301e-26
xdut1.rstb                           3.019e-22
xdut1.nnand                       -1.23933e-21
xdut1.nts                           5.4072e-60
xdut1.ndgp                                   0
xdut1.ndgn__par                   -4.39981e-20
xdut1.ndg__par                      4.4868e-20
xdut1.pgdg__par                              0
xdut1.tim__par                    -1.13692e-58
xdut1.trip__par                    2.79301e-26
xdut1.nnand__par                  -1.23933e-21
xdut1.ndgp__par                              0
xdut1.rstb__par                      3.019e-22
xdut1.pdn__par                   -3.13769e-149
xdut1.ndl__par                     3.31188e-94
xdut1.pgdgb__par                   2.97414e-52
xdut1.nd1__par                    -1.90813e-20
xdut1.nts__par                      5.4072e-60
xdut1.ibias__par                 -2.87423e-104
xdut1.por_raw__par                           0
xdut1.resetn__par                 -4.72463e-20
xdut1.vdd__par                               0
xdut1.vss__par                               0
xdut2.pdn                        -3.13769e-149
xdut2.pgdgb                        2.97414e-52
xdut2.pgdg                                   0
xdut2.nd1                         -1.91253e-20
xdut2.ndl                          3.31188e-94
xdut2.ndg                           4.4868e-20
xdut2.ndgn                        -4.39981e-20
xdut2.tim                         -1.13692e-58
xdut2.trip                         2.79301e-26
xdut2.rstb                          3.2016e-22
xdut2.nnand                       -1.30137e-21
xdut2.nts                           5.4072e-60
xdut2.ndgp                                   0
xdut2.ndgn__par                   -4.39981e-20
xdut2.ndg__par                      4.4868e-20
xdut2.pgdg__par                              0
xdut2.tim__par                    -1.13692e-58
xdut2.trip__par                    2.79301e-26
xdut2.nnand__par                  -1.30137e-21
xdut2.ndgp__par                              0
xdut2.rstb__par                     3.2016e-22
xdut2.pdn__par                   -3.13769e-149
xdut2.ndl__par                     3.31188e-94
xdut2.pgdgb__par                   2.97414e-52
xdut2.nd1__par                    -1.91253e-20
xdut2.nts__par                      5.4072e-60
xdut2.ibias__par                 -2.87423e-104
xdut2.por_raw__par                           0
xdut2.resetn__par                 -4.56397e-20
xdut2.vdd__par                               0
xdut2.vss__par                               0
vd2#branch                         2.21093e-32
vd1#branch                         2.37136e-32
vib2#branch                                  0
vib1#branch                                  0
vpr#branch                                   0
vsup#branch                       -4.58229e-32

 Reference value :  5.27522e-05
 Reference value :  8.95344e-05
 Reference value :  1.29415e-04
 Reference value :  3.10874e-04
 Reference value :  3.20578e-04
 Reference value :  9.18927e-04
 Reference value :  1.00710e-03
 Reference value :  1.10376e-03
 Reference value :  1.20427e-03
 Reference value :  1.86660e-03
 Reference value :  2.73060e-03
 Reference value :  3.64060e-03
 Reference value :  4.48260e-03
 Reference value :  5.31460e-03
 Reference value :  5.92463e-03
 Reference value :  6.43898e-03
 Reference value :  7.36098e-03
 Reference value :  8.22898e-03
 Reference value :  8.94898e-03
 Reference value :  9.74498e-03
 Reference value :  1.06590e-02
 Reference value :  1.09140e-02
 Reference value :  1.10025e-02
 Reference value :  1.11030e-02
 Reference value :  1.12024e-02
 Reference value :  1.19165e-02
 Reference value :  1.20035e-02
 Reference value :  1.20039e-02
 Reference value :  1.20068e-02
 Reference value :  1.20110e-02
 Reference value :  1.20151e-02
 Reference value :  1.23407e-02
No. of Data Rows : 10389
tpgr1               =  3.10801e-04
trel1               =  5.92569e-03
pgdgmin1            =  2.96932e+00 at=  1.00104e-03
vmax_chat1          =  9.98863e-10 at=  1.19994e-03
vmin_hold1          =  2.97000e+00 at=  1.12011e-02
tpgf1               =  1.20036e-02
tpgf2               =  1.20068e-02
tasrt1              =  1.20036e-02
tvalid1             =  1.20036e-02
vmin_dip1           =  -1.07439e-05 at=  1.20036e-02
vmax_after1         =  7.95303e-10 at=  1.20507e-02
iasrt1              =  2.68569e-08 from=  1.50000e-04 to=  2.91039e-04
m_dwell_pgdg_1x_us = 3.5700000000e+00
m_dwell_pgdg_halfib_us = 6.8300000000e+00
m_dwell_resetn_1x_us = 3.5600000000e+00
m_reassert_validlow_us = 3.5600000000e+00
m_dwell_rise_1x_us = 1.0700700000e+01
m_tpulse_after_chatter_ms = 5.6255950000e+00
m_pgdg_min_during_chatter = 2.9693180000e+00
m_resetn_max_during_chatter = 9.9886290000e-10
m_resetn_min_after_release = 2.9700000000e+00
m_resetn_min_during_dip = -1.074389000e-05
m_resetn_max_after_dip = 7.9530290000e-10
m_iq_asserted_1x_na = 2.6856930000e+01
Note: Simulation executed from .control section 

