
Note: Compatibility modes selected: hs a


Circuit: * por-output-chain-deglitch @ fs_27c_2.97v -- generated by sim/harness, do not edit

Doing analysis at TEMP = 27.000000 and TNOM = 27.000000

Using SPARSE 1.3 as Direct Linear Solver

Initial Transient Solution
--------------------------

Node                                   Voltage
----                                   -------
vdd                                          0
por_raw                                      0
nib1                              -8.42809e-20
ibias1                            -8.42809e-20
nib2                              -8.42809e-20
ibias2                            -8.42809e-20
vdd1                                         0
vdd2                                         0
resetn1                             8.8734e-19
resetn2                             1.2594e-18
xdut1.pdn                          2.73813e-32
xdut1.ndl                         -3.00379e-23
xdut1.ndgp                        -2.20512e-22
xdut1.ndg                          2.02555e-18
xdut1.ndgn                         1.95318e-18
xdut1.pgdg                        -6.77191e-19
xdut1.pgdgb                       -2.85695e-18
xdut1.nts                         -4.25577e-22
xdut1.tim                          5.77564e-19
xdut1.nd1                          2.20166e-20
xdut1.trip                           4.646e-19
xdut1.rstb                        -2.41783e-20
xdut1.nnand                        9.43873e-20
xdut2.pdn                          2.73813e-32
xdut2.ndl                          3.52811e-24
xdut2.ndgp                        -6.14732e-21
xdut2.ndg                         -1.20603e-18
xdut2.ndgn                         1.19847e-18
xdut2.pgdg                         1.38363e-18
xdut2.pgdgb                        2.87016e-18
xdut2.nts                         -4.29557e-22
xdut2.tim                          5.82979e-19
xdut2.nd1                         -1.50163e-19
xdut2.trip                         9.66472e-20
xdut2.rstb                        -1.02788e-19
xdut2.nnand                        3.74193e-19
vd2#branch                        -4.52073e-30
vd1#branch                        -3.71778e-31
vib2#branch                                  0
vib1#branch                                  0
vpr#branch                                   0
vsup#branch                         4.8925e-30

 Reference value :  0.00000e+00
 Reference value :  8.25471e-05
 Reference value :  2.98426e-04
 Reference value :  3.18047e-04
 Reference value :  1.00101e-03
 Reference value :  1.10175e-03
 Reference value :  1.53476e-03
 Reference value :  2.83676e-03
 Reference value :  4.77076e-03
 Reference value :  5.63020e-03
 Reference value :  7.48420e-03
 Reference value :  9.38020e-03
 Reference value :  1.04108e-02
 Reference value :  1.10013e-02
 Reference value :  1.11999e-02
 Reference value :  1.16765e-02
 Reference value :  1.20026e-02
 Reference value :  1.20051e-02
 Reference value :  1.20158e-02
 Reference value :  1.25975e-02
No. of Data Rows : 9817
tpgr1               =  3.09495e-04
trel1               =  5.19494e-03
pgdgmin1            =  2.96942e+00 at=  1.10102e-03
vmax_chat1          =  8.44482e-10 at=  1.09994e-03
vmin_hold1          =  2.97000e+00 at=  1.11999e-02
tpgf1               =  1.20026e-02
tpgf2               =  1.20051e-02
tasrt1              =  1.20026e-02
tvalid1             =  1.20026e-02
vmin_dip1           =  -2.93669e-07 at=  1.20170e-02
vmax_after1         =  6.88299e-10 at=  1.20775e-02
iasrt1              =  2.78099e-08 from=  1.50000e-04 to=  2.90852e-04
m_dwell_pgdg_1x_us = 2.6300000000e+00
m_dwell_pgdg_halfib_us = 5.1000000000e+00
m_dwell_resetn_1x_us = 2.6200000000e+00
m_reassert_validlow_us = 2.6300000000e+00
m_dwell_rise_1x_us = 9.3948000000e+00
m_tpulse_after_chatter_ms = 4.8948420000e+00
m_pgdg_min_during_chatter = 2.9694190000e+00
m_resetn_max_during_chatter = 8.4448240000e-10
m_resetn_min_after_release = 2.9700000000e+00
m_resetn_min_during_dip = -2.936688000e-07
m_resetn_max_after_dip = 6.8829870000e-10
m_iq_asserted_1x_na = 2.7809860000e+01
Note: Simulation executed from .control section 

Warning: m=xx on .subckt line will override multiplier m hierarchy!

