
Note: Compatibility modes selected: hs a


Circuit: * por-comparator-designer-check @ bjt_ff_27c_3.30v -- generated by sim/harness, do not edit

Doing analysis at TEMP = 27.000000 and TNOM = 27.000000

Using SPARSE 1.3 as Direct Linear Solver

Initial Transient Solution
--------------------------

Node                                   Voltage
----                                   -------
vddup                                        0
bias_okup                                  3.3
vrefup                                     1.2
ibiasup                               0.709554
xup.bias_okb                                 0
xup.nbg                               0.709554
xup.sns                                      0
xup.xrtop.11                                 0
xup.xrtop.21                                 0
xup.snsb                                     0
xup.xrbot.11                                 0
xup.xrbot.21                                 0
xup.xrhys.11                                 0
xup.xrhys.21                                 0
xup.n1                            -1.83015e-42
xup.tn                            -7.30599e-44
xup.na                             3.76196e-38
xup.cmpo                          -7.29289e-44
xup.vdda                           6.21476e-39
por_rawup                         -6.09055e-42
vddur                                        0
bias_okur                                  3.3
vrefur                                    1.26
ibiasur                               0.709554
xupr.bias_okb                                0
xupr.nbg                              0.709554
xupr.sns                                     0
xupr.xrtop.11                                0
xupr.xrtop.21                                0
xupr.snsb                                    0
xupr.xrbot.11                                0
xupr.xrbot.21                                0
xupr.xrhys.11                                0
xupr.xrhys.21                                0
xupr.n1                           -7.00217e-43
xupr.tn                           -4.01797e-44
xupr.na                            1.88592e-38
xupr.cmpo                         -4.01299e-44
xupr.vdda                          4.29426e-39
por_rawur                         -1.59277e-19
vdddn                                      3.3
bias_okdn                                  3.3
vrefdn                                     1.2
ibiasdn                               0.709554
xdn.bias_okb                       8.25721e-09
xdn.nbg                               0.709554
xdn.sns                                1.61228
xdn.xrtop.11                           1.61228
xdn.xrtop.21                               3.3
xdn.snsb                              0.165661
xdn.xrbot.11                          0.165663
xdn.xrbot.21                           1.61228
xdn.xrhys.11                       2.35222e-06
xdn.xrhys.21                          0.165659
xdn.n1                             8.25726e-09
xdn.tn                                0.779395
xdn.na                                 2.58281
xdn.cmpo                               3.29989
xdn.vdda                               3.29989
por_rawdn                                  3.3
vddiq                                      3.3
bias_okiq                                  3.3
vrefiq                                     1.2
ibiasiq                               0.709554
xiq.bias_okb                       8.25721e-09
xiq.nbg                               0.709554
xiq.sns                                1.61228
xiq.xrtop.11                           1.61228
xiq.xrtop.21                               3.3
xiq.snsb                              0.165661
xiq.xrbot.11                          0.165663
xiq.xrbot.21                           1.61228
xiq.xrhys.11                       2.35222e-06
xiq.xrhys.21                          0.165659
xiq.n1                             8.25726e-09
xiq.tn                                0.779395
xiq.na                                 2.58281
xiq.cmpo                               3.29989
xiq.vdda                               3.29989
por_rawiq                                  3.3
vdddis                                     3.3
bias_okdis                                   0
vrefdis                                    1.2
ibiasdis                            0.00206487
xiqdis.bias_okb                            3.3
xiqdis.nbg                         8.10992e-13
xiqdis.sns                              1.5231
xiqdis.xrtop.11                         1.5231
xiqdis.xrtop.21                            3.3
xiqdis.snsb                        3.41071e-05
xiqdis.xrbot.11                    3.65836e-05
xiqdis.xrbot.21                         1.5231
xiqdis.xrhys.11                    4.84286e-10
xiqdis.xrhys.21                    3.41066e-05
xiqdis.n1                                  3.3
xiqdis.tn                          7.22732e-08
xiqdis.na                          1.01612e-07
xiqdis.cmpo                        2.69121e-08
xiqdis.vdda                             1.0928
por_rawdis                         8.25721e-09
vddown                                     3.3
bias_okown                                 3.3
vrefown                                    1.2
vbrown                                     3.3
ibiasown                              0.709554
xiqown.bias_okb                    8.25721e-09
xiqown.nbg                            0.709554
xiqown.sns                             1.61228
xiqown.xrtop.11                        1.61228
xiqown.xrtop.21                            3.3
xiqown.snsb                           0.165661
xiqown.xrbot.11                       0.165663
xiqown.xrbot.21                        1.61228
xiqown.xrhys.11                    2.35222e-06
xiqown.xrhys.21                       0.165659
xiqown.n1                          8.25726e-09
xiqown.tn                             0.779395
xiqown.na                              2.58281
xiqown.cmpo                            3.29989
xiqown.vdda                            3.29989
por_rawown                                 3.3
vbown#branch                            -5e-07
vrefown#branch                               0
vokown#branch                                0
vsupown#branch                     -1.9695e-07
vrefdis#branch                               0
vokdis#branch                                0
vsupdis#branch                    -6.47123e-07
vrefiq#branch                                0
vokiq#branch                                 0
vsupiq#branch                      -6.9695e-07
vrefdn#branch                                0
vokdn#branch                                 0
vsupdn#branch                      -6.9695e-07
vrefur#branch                                0
vokur#branch                                 0
vsupur#branch                           -5e-07
vrefup#branch                                0
vokup#branch                                 0
vsupup#branch                           -5e-07

 Reference value :  7.28859e-05
 Reference value :  1.90776e-03
 Reference value :  2.87373e-03
 Reference value :  3.48601e-03
 Reference value :  5.47101e-03
 Reference value :  7.43601e-03
 Reference value :  8.74300e-03
 Reference value :  9.17020e-03
 Reference value :  9.22041e-03
 Reference value :  1.10904e-02
No. of Data Rows : 3130
vpor_rise           =  2.59670e+00
vpor_rise_last      =  2.59670e+00
vpor_rise_vrefhi    =  2.72615e+00
vpor_fall           =  2.44644e+00
vpor_fall_last      =  2.44644e+00
por_at_0p5v         =  6.74734e-06
por_at_1v           =  2.28677e-08
por_at_2v           =  1.01854e-08
por_reassert        =  -1.95042e-07
por_top             =  3.30000e+00
vdd_top             =  3.30000e+00
por_bot             =  -1.23726e-03
sns_top             =  1.61228e+00
iq_run              =  -6.96950e-07
iq_own              =  -1.96950e-07
iq_dis              =  -6.47123e-07
m_vpor_rise_v = 2.5966970000e+00
m_vpor_fall_v = 2.4464410000e+00
m_v_hys_mv = 1.5025600000e+02
m_vref_gain_frac = 9.9706665814e-01
m_rise_chatter_mv = 0.0000000000e+00
m_fall_chatter_mv = 0.0000000000e+00
m_por_hi_droop_mv = 0.0000000000e+00
m_por_reassert_mv = -1.950416000e-04
m_por_tail_mv = -1.237256000e+00
m_por_at_0p5v_mv = 6.7473410000e-03
m_por_at_1v_mv = 2.2867720000e-05
m_por_at_2v_mv = 1.0185390000e-05
m_sns_released_v = 1.6122820000e+00
m_iq_run_ua = 6.9694990000e-01
m_iq_own_ua = 1.9694990000e-01
m_iq_dis_ua = 6.4712260000e-01
Note: Simulation executed from .control section 

Warning: m=xx on .subckt line will override multiplier m hierarchy!

