
Note: Compatibility modes selected: hs a


Circuit: * por-comparator-designer-check @ ff_-40c_3.30v -- generated by sim/harness, do not edit

Doing analysis at TEMP = -40.000000 and TNOM = 27.000000

Using SPARSE 1.3 as Direct Linear Solver

Initial Transient Solution
--------------------------

Node                                   Voltage
----                                   -------
vddup                                        0
bias_okup                                  3.3
vrefup                                     1.2
ibiasup                               0.664405
xup.bias_okb                                 0
xup.nbg                               0.664405
xup.sns                                      0
xup.xrtop.11                                 0
xup.xrtop.21                                 0
xup.snsb                                     0
xup.xrbot.11                                 0
xup.xrbot.21                                 0
xup.xrhys.11                                 0
xup.xrhys.21                                 0
xup.n1                            -1.70547e-71
xup.tn                            -6.00316e-67
xup.na                             4.79259e-61
xup.cmpo                          -6.00314e-67
xup.vdda                          -8.48774e-63
por_rawup                         -6.43492e-27
vddur                                        0
bias_okur                                  3.3
vrefur                                    1.26
ibiasur                               0.664405
xupr.bias_okb                                0
xupr.nbg                              0.664405
xupr.sns                                     0
xupr.xrtop.11                                0
xupr.xrtop.21                                0
xupr.snsb                                    0
xupr.xrbot.11                                0
xupr.xrbot.21                                0
xupr.xrhys.11                                0
xupr.xrhys.21                                0
xupr.n1                           -6.85892e-38
xupr.tn                           -4.37224e-49
xupr.na                            3.49064e-43
xupr.cmpo                         -4.37223e-49
xupr.vdda                          -6.1818e-45
por_rawur                         -2.75827e-34
vdddn                                      3.3
bias_okdn                                  3.3
vrefdn                                     1.2
ibiasdn                               0.664405
xdn.bias_okb                       6.21746e-09
xdn.nbg                               0.664405
xdn.sns                                1.61228
xdn.xrtop.11                           1.61229
xdn.xrtop.21                               3.3
xdn.snsb                              0.165663
xdn.xrbot.11                          0.165667
xdn.xrbot.21                           1.61228
xdn.xrhys.11                       3.60242e-06
xdn.xrhys.21                          0.165659
xdn.n1                             6.21742e-09
xdn.tn                                0.806984
xdn.na                                 2.61306
xdn.cmpo                               3.29992
xdn.vdda                               3.29992
por_rawdn                                  3.3
vddiq                                      3.3
bias_okiq                                  3.3
vrefiq                                     1.2
ibiasiq                               0.664405
xiq.bias_okb                       6.21746e-09
xiq.nbg                               0.664405
xiq.sns                                1.61228
xiq.xrtop.11                           1.61229
xiq.xrtop.21                               3.3
xiq.snsb                              0.165663
xiq.xrbot.11                          0.165667
xiq.xrbot.21                           1.61228
xiq.xrhys.11                       3.60242e-06
xiq.xrhys.21                          0.165659
xiq.n1                             6.21742e-09
xiq.tn                                0.806984
xiq.na                                 2.61306
xiq.cmpo                               3.29992
xiq.vdda                               3.29992
por_rawiq                                  3.3
vdddis                                     3.3
bias_okdis                                   0
vrefdis                                    1.2
ibiasdis                            0.00145332
xiqdis.bias_okb                            3.3
xiqdis.nbg                         8.09665e-15
xiqdis.sns                              1.5231
xiqdis.xrtop.11                         1.5231
xiqdis.xrtop.21                            3.3
xiqdis.snsb                        2.99988e-05
xiqdis.xrbot.11                    3.37916e-05
xiqdis.xrbot.21                        1.52309
xiqdis.xrhys.11                    6.52338e-10
xiqdis.xrhys.21                    2.99982e-05
xiqdis.n1                                  3.3
xiqdis.tn                          4.62558e-08
xiqdis.na                          6.46238e-08
xiqdis.cmpo                         1.8976e-08
xiqdis.vdda                            1.09414
por_rawdis                         6.21746e-09
vddown                                     3.3
bias_okown                                 3.3
vrefown                                    1.2
vbrown                                     3.3
ibiasown                              0.664405
xiqown.bias_okb                    6.21746e-09
xiqown.nbg                            0.664405
xiqown.sns                             1.61228
xiqown.xrtop.11                        1.61229
xiqown.xrtop.21                            3.3
xiqown.snsb                           0.165663
xiqown.xrbot.11                       0.165667
xiqown.xrbot.21                        1.61228
xiqown.xrhys.11                    3.60242e-06
xiqown.xrhys.21                       0.165659
xiqown.n1                          6.21742e-09
xiqown.tn                             0.806984
xiqown.na                              2.61306
xiqown.cmpo                            3.29992
xiqown.vdda                            3.29992
por_rawown                                 3.3
vbown#branch                            -5e-07
vrefown#branch                               0
vokown#branch                                0
vsupown#branch                    -2.24091e-07
vrefdis#branch                               0
vokdis#branch                                0
vsupdis#branch                    -6.73884e-07
vrefiq#branch                                0
vokiq#branch                                 0
vsupiq#branch                     -7.24091e-07
vrefdn#branch                                0
vokdn#branch                                 0
vsupdn#branch                     -7.24091e-07
vrefur#branch                                0
vokur#branch                                 0
vsupur#branch                           -5e-07
vrefup#branch                                0
vokup#branch                                 0
vsupup#branch                           -5e-07

 Reference value :  2.70525e-05
 Reference value :  1.64732e-03
 Reference value :  2.87157e-03
 Reference value :  3.28955e-03
 Reference value :  5.30455e-03
 Reference value :  7.25955e-03
 Reference value :  8.73915e-03
 Reference value :  9.00968e-03
 Reference value :  9.18016e-03
 Reference value :  1.01838e-02
 Reference value :  1.20969e-02
No. of Data Rows : 3166
vpor_rise           =  2.59603e+00
vpor_rise_last      =  2.59603e+00
vpor_rise_vrefhi    =  2.72550e+00
vpor_fall           =  2.44707e+00
vpor_fall_last      =  2.44707e+00
por_at_0p5v         =  5.70911e-06
por_at_1v           =  1.32795e-08
por_at_2v           =  6.84102e-09
por_reassert        =  -6.23811e-09
por_top             =  3.30000e+00
vdd_top             =  3.30000e+00
por_bot             =  -3.55456e-03
sns_top             =  1.61228e+00
iq_run              =  -7.24091e-07
iq_own              =  -2.24091e-07
iq_dis              =  -6.73884e-07
m_vpor_rise_v = 2.5960340000e+00
m_vpor_fall_v = 2.4470730000e+00
m_v_hys_mv = 1.4896100000e+02
m_vref_gain_frac = 9.9739063510e-01
m_rise_chatter_mv = 0.0000000000e+00
m_fall_chatter_mv = 0.0000000000e+00
m_por_hi_droop_mv = 0.0000000000e+00
m_por_reassert_mv = -6.238114000e-06
m_por_tail_mv = -3.554559000e+00
m_por_at_0p5v_mv = 5.7091060000e-03
m_por_at_1v_mv = 1.3279500000e-05
m_por_at_2v_mv = 6.8410160000e-06
m_sns_released_v = 1.6122830000e+00
m_iq_run_ua = 7.2409120000e-01
m_iq_own_ua = 2.2409120000e-01
m_iq_dis_ua = 6.7388350000e-01
Note: Simulation executed from .control section 

Warning: m=xx on .subckt line will override multiplier m hierarchy!

