
Note: Compatibility modes selected: hs a


Circuit: * por-comparator-designer-check @ fs_-40c_3.30v -- generated by sim/harness, do not edit

Doing analysis at TEMP = -40.000000 and TNOM = 27.000000

Using SPARSE 1.3 as Direct Linear Solver

Initial Transient Solution
--------------------------

Node                                   Voltage
----                                   -------
vddup                                        0
bias_okup                                  3.3
vrefup                                     1.2
ibiasup                               0.694812
xup.bias_okb                                 0
xup.nbg                               0.694812
xup.sns                            7.2015e-135
xup.xrtop.11                      7.20149e-135
xup.xrtop.21                      1.02324e-140
xup.snsb                          8.75256e-135
xup.xrbot.11                      8.75255e-135
xup.xrbot.21                      7.20151e-135
xup.xrhys.11                     -1.02326e-140
xup.xrhys.21                      8.75257e-135
xup.n1                             1.27549e-41
xup.tn                             3.63846e-44
xup.na                            -2.88009e-38
xup.cmpo                           3.63846e-44
xup.vdda                          -5.36739e-43
por_rawup                          3.79033e-29
vddur                                        0
bias_okur                                  3.3
vrefur                                    1.26
ibiasur                               0.694812
xupr.bias_okb                                0
xupr.nbg                              0.694812
xupr.sns                          4.81435e-179
xupr.xrtop.11                     4.81431e-179
xupr.xrtop.21                     3.75467e-184
xupr.snsb                        -1.85093e-178
xupr.xrbot.11                    -1.85093e-178
xupr.xrbot.21                     4.81438e-179
xupr.xrhys.11                    -3.75463e-184
xupr.xrhys.21                    -1.85093e-178
xupr.n1                            6.38623e-45
xupr.tn                            7.48212e-39
xupr.na                           -5.92202e-33
xupr.cmpo                          7.48212e-39
xupr.vdda                         -2.42551e-37
por_rawur                          -9.9231e-37
vdddn                                      3.3
bias_okdn                                  3.3
vrefdn                                     1.2
ibiasdn                               0.694812
xdn.bias_okb                       6.16476e-09
xdn.nbg                               0.694812
xdn.sns                                1.61228
xdn.xrtop.11                           1.61228
xdn.xrtop.21                               3.3
xdn.snsb                              0.165661
xdn.xrbot.11                          0.165664
xdn.xrbot.21                           1.61228
xdn.xrhys.11                       2.70182e-06
xdn.xrhys.21                          0.165659
xdn.n1                             6.16479e-09
xdn.tn                                  0.7786
xdn.na                                 2.40216
xdn.cmpo                                3.2999
xdn.vdda                                3.2999
por_rawdn                                  3.3
vddiq                                      3.3
bias_okiq                                  3.3
vrefiq                                     1.2
ibiasiq                               0.694812
xiq.bias_okb                       6.16476e-09
xiq.nbg                               0.694812
xiq.sns                                1.61228
xiq.xrtop.11                           1.61228
xiq.xrtop.21                               3.3
xiq.snsb                              0.165661
xiq.xrbot.11                          0.165664
xiq.xrbot.21                           1.61228
xiq.xrhys.11                       2.70182e-06
xiq.xrhys.21                          0.165659
xiq.n1                             6.16479e-09
xiq.tn                                  0.7786
xiq.na                                 2.40216
xiq.cmpo                                3.2999
xiq.vdda                                3.2999
por_rawiq                                  3.3
vdddis                                     3.3
bias_okdis                                   0
vrefdis                                    1.2
ibiasdis                            0.00149187
xiqdis.bias_okb                            3.3
xiqdis.nbg                         3.35367e-15
xiqdis.sns                             1.52309
xiqdis.xrtop.11                         1.5231
xiqdis.xrtop.21                            3.3
xiqdis.snsb                        2.29443e-05
xiqdis.xrbot.11                    2.57889e-05
xiqdis.xrbot.21                        1.52309
xiqdis.xrhys.11                    3.74205e-10
xiqdis.xrhys.21                    2.29439e-05
xiqdis.n1                                  3.3
xiqdis.tn                          4.66574e-08
xiqdis.na                           6.5184e-08
xiqdis.cmpo                        1.84895e-08
xiqdis.vdda                            1.30045
por_rawdis                         6.16476e-09
vddown                                     3.3
bias_okown                                 3.3
vrefown                                    1.2
vbrown                                     3.3
ibiasown                              0.694812
xiqown.bias_okb                    6.16476e-09
xiqown.nbg                            0.694812
xiqown.sns                             1.61228
xiqown.xrtop.11                        1.61228
xiqown.xrtop.21                            3.3
xiqown.snsb                           0.165661
xiqown.xrbot.11                       0.165664
xiqown.xrbot.21                        1.61228
xiqown.xrhys.11                    2.70182e-06
xiqown.xrhys.21                       0.165659
xiqown.n1                          6.16479e-09
xiqown.tn                               0.7786
xiqown.na                              2.40216
xiqown.cmpo                             3.2999
xiqown.vdda                             3.2999
por_rawown                                 3.3
vbown#branch                            -5e-07
vrefown#branch                               0
vokown#branch                                0
vsupown#branch                    -1.82306e-07
vrefdis#branch                               0
vokdis#branch                                0
vsupdis#branch                    -6.30418e-07
vrefiq#branch                                0
vokiq#branch                                 0
vsupiq#branch                     -6.82306e-07
vrefdn#branch                                0
vokdn#branch                                 0
vsupdn#branch                     -6.82306e-07
vrefur#branch                                0
vokur#branch                                 0
vsupur#branch                           -5e-07
vrefup#branch                                0
vokup#branch                                 0
vsupup#branch                           -5e-07

 Reference value :  7.42978e-05
 Reference value :  2.19930e-03
 Reference value :  2.87056e-03
 Reference value :  4.08712e-03
 Reference value :  6.11212e-03
 Reference value :  8.33712e-03
 Reference value :  8.74728e-03
 Reference value :  9.18237e-03
 Reference value :  9.66516e-03
 Reference value :  1.08277e-02
 Reference value :  1.12244e-02
 Reference value :  1.19819e-02
No. of Data Rows : 3229
vpor_rise           =  2.59775e+00
vpor_rise_last      =  2.59775e+00
vpor_rise_vrefhi    =  2.72717e+00
vpor_fall           =  2.44740e+00
vpor_fall_last      =  2.44740e+00
por_at_0p5v         =  2.69244e-01
por_at_1v           =  1.51018e-08
por_at_2v           =  7.17722e-09
por_reassert        =  -2.06120e-08
por_top             =  3.30000e+00
vdd_top             =  3.30000e+00
por_bot             =  -6.00195e-04
sns_top             =  1.61228e+00
iq_run              =  -6.82306e-07
iq_own              =  -1.82306e-07
iq_dis              =  -6.30418e-07
m_vpor_rise_v = 2.5977520000e+00
m_vpor_fall_v = 2.4473970000e+00
m_v_hys_mv = 1.5035500000e+02
m_vref_gain_frac = 9.9637686738e-01
m_rise_chatter_mv = 0.0000000000e+00
m_fall_chatter_mv = 0.0000000000e+00
m_por_hi_droop_mv = 0.0000000000e+00
m_por_reassert_mv = -2.061200000e-05
m_por_tail_mv = -6.001949000e-01
m_por_at_0p5v_mv = 2.6924430000e+02
m_por_at_1v_mv = 1.5101780000e-05
m_por_at_2v_mv = 7.1772150000e-06
m_sns_released_v = 1.6122820000e+00
m_iq_run_ua = 6.8230640000e-01
m_iq_own_ua = 1.8230640000e-01
m_iq_dis_ua = 6.3041820000e-01
Note: Simulation executed from .control section 

Warning: m=xx on .subckt line will override multiplier m hierarchy!

