
Note: Compatibility modes selected: hs a


Circuit: * por-comparator-designer-check @ fs_125c_3.63v -- generated by sim/harness, do not edit

Doing analysis at TEMP = 125.000000 and TNOM = 27.000000

Using SPARSE 1.3 as Direct Linear Solver

Initial Transient Solution
--------------------------

Node                                   Voltage
----                                   -------
vddup                                        0
bias_okup                                 3.63
vrefup                                     1.2
ibiasup                               0.534909
xup.bias_okb                                 0
xup.nbg                               0.534909
xup.sns                           1.12686e-254
xup.xrtop.11                      1.12685e-254
xup.xrtop.21                      1.30777e-260
xup.snsb                          2.09276e-254
xup.xrbot.11                      2.09275e-254
xup.xrbot.21                      1.12686e-254
xup.xrhys.11                      2.47449e-259
xup.xrhys.21                      2.09273e-254
xup.n1                             3.17997e-18
xup.tn                             9.24136e-25
xup.na                            -4.78734e-19
xup.cmpo                           9.23854e-25
xup.vdda                           1.33791e-19
por_rawup                          -2.6701e-18
vddur                                        0
bias_okur                                 3.63
vrefur                                    1.26
ibiasur                               0.534909
xupr.bias_okb                                0
xupr.nbg                              0.534909
xupr.sns                           1.0774e-266
xupr.xrtop.11                      1.0774e-266
xupr.xrtop.21                     1.25041e-272
xupr.snsb                          2.0009e-266
xupr.xrbot.11                      2.0009e-266
xupr.xrbot.21                      1.0774e-266
xupr.xrhys.11                     2.36596e-271
xupr.xrhys.21                     2.00088e-266
xupr.n1                           -2.29789e-18
xupr.tn                           -2.38603e-24
xupr.na                            1.15871e-18
xupr.cmpo                         -2.38589e-24
xupr.vdda                         -7.30681e-20
por_rawur                         -4.36709e-19
vdddn                                     3.63
bias_okdn                                 3.63
vrefdn                                     1.2
ibiasdn                               0.534909
xdn.bias_okb                       1.20837e-08
xdn.nbg                               0.534909
xdn.sns                                 1.7734
xdn.xrtop.11                            1.7734
xdn.xrtop.21                              3.63
xdn.snsb                              0.182027
xdn.xrbot.11                           0.18203
xdn.xrbot.21                            1.7734
xdn.xrhys.11                       2.15217e-06
xdn.xrhys.21                          0.182025
xdn.n1                             1.20856e-08
xdn.tn                                 1.07182
xdn.na                                 2.95957
xdn.cmpo                               3.62984
xdn.vdda                               3.62987
por_rawdn                                 3.63
vddiq                                     3.63
bias_okiq                                 3.63
vrefiq                                     1.2
ibiasiq                               0.534909
xiq.bias_okb                       1.20837e-08
xiq.nbg                               0.534909
xiq.sns                                 1.7734
xiq.xrtop.11                            1.7734
xiq.xrtop.21                              3.63
xiq.snsb                              0.182027
xiq.xrbot.11                           0.18203
xiq.xrbot.21                            1.7734
xiq.xrhys.11                       2.15217e-06
xiq.xrhys.21                          0.182025
xiq.n1                             1.20856e-08
xiq.tn                                 1.07182
xiq.na                                 2.95957
xiq.cmpo                               3.62984
xiq.vdda                               3.62987
por_rawiq                                 3.63
vdddis                                    3.63
bias_okdis                                   0
vrefdis                                    1.2
ibiasdis                            0.00251385
xiqdis.bias_okb                           3.63
xiqdis.nbg                         3.72691e-09
xiqdis.sns                             1.67542
xiqdis.xrtop.11                        1.67542
xiqdis.xrtop.21                           3.63
xiqdis.snsb                        5.03133e-05
xiqdis.xrbot.11                    5.25817e-05
xiqdis.xrbot.21                        1.67541
xiqdis.xrhys.11                    5.94872e-10
xiqdis.xrhys.21                    5.03127e-05
xiqdis.n1                                 3.63
xiqdis.tn                          1.06699e-07
xiqdis.na                          1.47724e-07
xiqdis.cmpo                        4.23762e-08
xiqdis.vdda                            1.06859
por_rawdis                         1.20837e-08
vddown                                    3.63
bias_okown                                3.63
vrefown                                    1.2
vbrown                                    3.63
ibiasown                              0.534909
xiqown.bias_okb                    1.20837e-08
xiqown.nbg                            0.534909
xiqown.sns                              1.7734
xiqown.xrtop.11                         1.7734
xiqown.xrtop.21                           3.63
xiqown.snsb                           0.182027
xiqown.xrbot.11                        0.18203
xiqown.xrbot.21                         1.7734
xiqown.xrhys.11                    2.15217e-06
xiqown.xrhys.21                       0.182025
xiqown.n1                          1.20856e-08
xiqown.tn                              1.07182
xiqown.na                              2.95957
xiqown.cmpo                            3.62984
xiqown.vdda                            3.62987
por_rawown                                3.63
vbown#branch                            -5e-07
vrefown#branch                               0
vokown#branch                                0
vsupown#branch                    -2.33085e-07
vrefdis#branch                               0
vokdis#branch                                0
vsupdis#branch                    -6.85385e-07
vrefiq#branch                                0
vokiq#branch                                 0
vsupiq#branch                     -7.33085e-07
vrefdn#branch                                0
vokdn#branch                                 0
vsupdn#branch                     -7.33085e-07
vrefur#branch                                0
vokur#branch                                 0
vsupur#branch                           -5e-07
vrefup#branch                                0
vokup#branch                                 0
vsupup#branch                           -5e-07

 Reference value :  5.86893e-06
 Reference value :  1.87410e-03
 Reference value :  3.86410e-03
 Reference value :  3.98667e-03
 Reference value :  5.85974e-03
 Reference value :  7.85474e-03
 Reference value :  8.73622e-03
 Reference value :  9.17188e-03
 Reference value :  9.85078e-03
 Reference value :  1.15464e-02
No. of Data Rows : 3090
vpor_rise           =  2.59460e+00
vpor_rise_last      =  2.59460e+00
vpor_rise_vrefhi    =  2.72407e+00
vpor_fall           =  2.44605e+00
vpor_fall_last      =  2.44605e+00
por_at_0p5v         =  2.05599e-07
por_at_1v           =  2.46205e-08
por_at_2v           =  1.42230e-08
por_reassert        =  8.96470e-09
por_top             =  3.63000e+00
vdd_top             =  3.63000e+00
por_bot             =  3.38120e-06
sns_top             =  1.77340e+00
iq_run              =  -7.33085e-07
iq_own              =  -2.33085e-07
iq_dis              =  -6.85385e-07
m_vpor_rise_v = 2.5946030000e+00
m_vpor_fall_v = 2.4460510000e+00
m_v_hys_mv = 1.4855200000e+02
m_vref_gain_frac = 9.9798697527e-01
m_rise_chatter_mv = 0.0000000000e+00
m_fall_chatter_mv = 0.0000000000e+00
m_por_hi_droop_mv = 0.0000000000e+00
m_por_reassert_mv = 8.9647030000e-06
m_por_tail_mv = 3.3811970000e-03
m_por_at_0p5v_mv = 2.0559890000e-04
m_por_at_1v_mv = 2.4620490000e-05
m_por_at_2v_mv = 1.4222980000e-05
m_sns_released_v = 1.7734030000e+00
m_iq_run_ua = 7.3308520000e-01
m_iq_own_ua = 2.3308520000e-01
m_iq_dis_ua = 6.8538540000e-01
Note: Simulation executed from .control section 

Warning: m=xx on .subckt line will override multiplier m hierarchy!

