
Note: Compatibility modes selected: hs a


Circuit: * por-comparator-designer-check @ res_ss_125c_3.30v -- generated by sim/harness, do not edit

Doing analysis at TEMP = 125.000000 and TNOM = 27.000000

Using SPARSE 1.3 as Direct Linear Solver

Initial Transient Solution
--------------------------

Node                                   Voltage
----                                   -------
vddup                                        0
bias_okup                                  3.3
vrefup                                     1.2
ibiasup                                0.61659
xup.bias_okb                                 0
xup.nbg                                0.61659
xup.sns                                      0
xup.xrtop.11                                 0
xup.xrtop.21                                 0
xup.snsb                                     0
xup.xrbot.11                                 0
xup.xrbot.21                                 0
xup.xrhys.11                                 0
xup.xrhys.21                                 0
xup.n1                             1.58984e-18
xup.tn                            -1.40986e-25
xup.na                             8.59478e-20
xup.cmpo                          -1.40929e-25
xup.vdda                          -1.74587e-20
por_rawup                         -1.77342e-18
vddur                                        0
bias_okur                                  3.3
vrefur                                    1.26
ibiasur                                0.61659
xupr.bias_okb                                0
xupr.nbg                               0.61659
xupr.sns                                     0
xupr.xrtop.11                                0
xupr.xrtop.21                                0
xupr.snsb                                    0
xupr.xrbot.11                                0
xupr.xrbot.21                                0
xupr.xrhys.11                                0
xupr.xrhys.21                                0
xupr.n1                            1.33088e-18
xupr.tn                            7.33287e-25
xupr.na                           -7.54103e-22
xupr.cmpo                          7.36299e-25
xupr.vdda                         -6.40248e-19
por_rawur                          7.69101e-19
vdddn                                      3.3
bias_okdn                                  3.3
vrefdn                                     1.2
ibiasdn                                0.61659
xdn.bias_okb                       1.51032e-08
xdn.nbg                                0.61659
xdn.sns                                1.61225
xdn.xrtop.11                           1.61226
xdn.xrtop.21                               3.3
xdn.snsb                               0.16561
xdn.xrbot.11                          0.165612
xdn.xrbot.21                           1.61225
xdn.xrhys.11                       1.56646e-06
xdn.xrhys.21                          0.165609
xdn.n1                             1.51143e-08
xdn.tn                                0.876434
xdn.na                                 2.71985
xdn.cmpo                               3.29986
xdn.vdda                               3.29987
por_rawdn                                  3.3
vddiq                                      3.3
bias_okiq                                  3.3
vrefiq                                     1.2
ibiasiq                                0.61659
xiq.bias_okb                       1.51032e-08
xiq.nbg                                0.61659
xiq.sns                                1.61225
xiq.xrtop.11                           1.61226
xiq.xrtop.21                               3.3
xiq.snsb                               0.16561
xiq.xrbot.11                          0.165612
xiq.xrbot.21                           1.61225
xiq.xrhys.11                       1.56646e-06
xiq.xrhys.21                          0.165609
xiq.n1                             1.51143e-08
xiq.tn                                0.876434
xiq.na                                 2.71985
xiq.cmpo                               3.29986
xiq.vdda                               3.29987
por_rawiq                                  3.3
vdddis                                     3.3
bias_okdis                                   0
vrefdis                                    1.2
ibiasdis                            0.00283576
xiqdis.bias_okb                            3.3
xiqdis.nbg                         9.24619e-10
xiqdis.sns                              1.5231
xiqdis.xrtop.11                         1.5231
xiqdis.xrtop.21                            3.3
xiqdis.snsb                        4.07075e-05
xiqdis.xrbot.11                    4.23572e-05
xiqdis.xrbot.21                         1.5231
xiqdis.xrhys.11                    3.85041e-10
xiqdis.xrhys.21                    4.07071e-05
xiqdis.n1                                  3.3
xiqdis.tn                           1.2538e-07
xiqdis.na                          1.78245e-07
xiqdis.cmpo                        4.85544e-08
xiqdis.vdda                           0.921862
por_rawdis                         1.51032e-08
vddown                                     3.3
bias_okown                                 3.3
vrefown                                    1.2
vbrown                                     3.3
ibiasown                               0.61659
xiqown.bias_okb                    1.51032e-08
xiqown.nbg                             0.61659
xiqown.sns                             1.61225
xiqown.xrtop.11                        1.61226
xiqown.xrtop.21                            3.3
xiqown.snsb                            0.16561
xiqown.xrbot.11                       0.165612
xiqown.xrbot.21                        1.61225
xiqown.xrhys.11                    1.56646e-06
xiqown.xrhys.21                       0.165609
xiqown.n1                          1.51143e-08
xiqown.tn                             0.876434
xiqown.na                              2.71985
xiqown.cmpo                            3.29986
xiqown.vdda                            3.29987
por_rawown                                 3.3
vbown#branch                            -5e-07
vrefown#branch                               0
vokown#branch                                0
vsupown#branch                    -1.84504e-07
vrefdis#branch                               0
vokdis#branch                                0
vsupdis#branch                    -6.34788e-07
vrefiq#branch                                0
vokiq#branch                                 0
vsupiq#branch                     -6.84504e-07
vrefdn#branch                                0
vokdn#branch                                 0
vsupdn#branch                     -6.84504e-07
vrefur#branch                                0
vokur#branch                                 0
vsupur#branch                           -5e-07
vrefup#branch                                0
vokup#branch                                 0
vsupup#branch                           -5e-07

 Reference value :  2.27806e-05
 Reference value :  1.94900e-03
 Reference value :  2.87926e-03
 Reference value :  3.69022e-03
 Reference value :  5.70022e-03
 Reference value :  7.66022e-03
 Reference value :  8.73838e-03
 Reference value :  9.17414e-03
 Reference value :  9.82008e-03
 Reference value :  1.14787e-02
No. of Data Rows : 3086
vpor_rise           =  2.59529e+00
vpor_rise_last      =  2.59529e+00
vpor_rise_vrefhi    =  2.72477e+00
vpor_fall           =  2.44481e+00
vpor_fall_last      =  2.44481e+00
por_at_0p5v         =  9.53272e-07
por_at_1v           =  4.21130e-08
por_at_2v           =  1.99090e-08
por_reassert        =  7.72429e-08
por_top             =  3.30000e+00
vdd_top             =  3.30000e+00
por_bot             =  -8.72014e-09
sns_top             =  1.61225e+00
iq_run              =  -6.84504e-07
iq_own              =  -1.84504e-07
iq_dis              =  -6.34788e-07
m_vpor_rise_v = 2.5952940000e+00
m_vpor_fall_v = 2.4448070000e+00
m_v_hys_mv = 1.5048700000e+02
m_vref_gain_frac = 9.9779061640e-01
m_rise_chatter_mv = 0.0000000000e+00
m_fall_chatter_mv = 0.0000000000e+00
m_por_hi_droop_mv = 0.0000000000e+00
m_por_reassert_mv = 7.7242860000e-05
m_por_tail_mv = -8.720136000e-06
m_por_at_0p5v_mv = 9.5327170000e-04
m_por_at_1v_mv = 4.2113050000e-05
m_por_at_2v_mv = 1.9908990000e-05
m_sns_released_v = 1.6122540000e+00
m_iq_run_ua = 6.8450400000e-01
m_iq_own_ua = 1.8450400000e-01
m_iq_dis_ua = 6.3478830000e-01
Note: Simulation executed from .control section 

Warning: m=xx on .subckt line will override multiplier m hierarchy!

