
Note: Compatibility modes selected: hs a


Circuit: * por-output-chain-pulse @ ss_-40c_2.97v -- generated by sim/harness, do not edit

Doing analysis at TEMP = -40.000000 and TNOM = 27.000000

Using SPARSE 1.3 as Direct Linear Solver

Initial Transient Solution
--------------------------

Node                                   Voltage
----                                   -------
vdd                                          0
por_raw                                      0
nib1                               4.17718e-84
ibias1                             4.17718e-84
nib2                               4.17718e-84
ibias2                             4.17718e-84
vdd1                                         0
vdd2                                         0
resetn1                           -5.02053e-22
resetn2                             1.3453e-22
xdut1.pdn                          2.19574e-76
xdut1.ndl                          6.12415e-71
xdut1.ndgp                        -4.38076e-47
xdut1.ndg                          3.45924e-45
xdut1.ndgn                         -3.1945e-23
xdut1.pgdg                        -1.69341e-52
xdut1.pgdgb                       -3.11232e-53
xdut1.nts                         -1.94127e-56
xdut1.tim                         -2.02492e-57
xdut1.nd1                           4.2575e-35
xdut1.trip                         7.77332e-37
xdut1.rstb                         6.66257e-26
xdut1.nnand                        -2.3364e-27
xdut2.pdn                          2.19574e-76
xdut2.ndl                           9.0626e-71
xdut2.ndgp                         1.16135e-47
xdut2.ndg                          3.45923e-45
xdut2.ndgn                         -3.1945e-23
xdut2.pgdg                        -1.68905e-52
xdut2.pgdgb                       -3.11316e-53
xdut2.nts                         -3.28505e-57
xdut2.tim                          3.49713e-57
xdut2.nd1                          5.31205e-35
xdut2.trip                        -6.03954e-37
xdut2.rstb                          6.6508e-26
xdut2.nnand                       -2.33227e-27
vd2#branch                         7.31841e-34
vd1#branch                        -5.58198e-34
vib2#branch                                  0
vib1#branch                                  0
vpr#branch                                   0
vsup#branch                       -1.73643e-34

 Reference value :  0.00000e+00
 Reference value :  7.04011e-05
 Reference value :  9.58298e-05
 Reference value :  1.00466e-03
 Reference value :  2.40727e-03
 Reference value :  4.87518e-03
 Reference value :  7.56048e-03
 Reference value :  1.37805e-02
No. of Data Rows : 3398
iasrt1              =  2.49630e-08 from=  5.00000e-04 to=  9.52701e-04
iasrt2              =  6.92519e-08 from=  5.00000e-04 to=  9.52701e-04
vasrt1              =  6.22851e-10
trel1               =  5.97940e-03
trel2               =  2.85436e-03
irel1               =  1.94696e-08 from=  1.80000e-02 to=  1.98005e-02
vrel1               =  2.97000e+00
vrel2               =  2.97000e+00
m_tpulse_1x_ms = 4.9784050000e+00
m_tpulse_3x_ms = 1.8533640000e+00
m_iq_asserted_1x_na = 2.4962970000e+01
m_iq_asserted_3x_na = 6.9251940000e+01
m_iq_released_1x_na = 1.9469640000e+01
m_v_asserted_1x_mv = 6.2285150000e-07
m_v_released_1x = 2.9700000000e+00
m_v_released_3x = 2.9700000000e+00
Note: Simulation executed from .control section 

Warning: m=xx on .subckt line will override multiplier m hierarchy!

