
Note: Compatibility modes selected: hs a


Circuit: * por-output-chain-pulse @ ss_27c_3.30v -- generated by sim/harness, do not edit

Doing analysis at TEMP = 27.000000 and TNOM = 27.000000

Using SPARSE 1.3 as Direct Linear Solver

Initial Transient Solution
--------------------------

Node                                   Voltage
----                                   -------
vdd                                          0
por_raw                                      0
nib1                              -9.70216e-48
ibias1                            -9.70216e-48
nib2                              -9.70216e-48
ibias2                            -9.70216e-48
vdd1                                         0
vdd2                                         0
resetn1                           -7.02369e-20
resetn2                            5.19862e-23
xdut1.pdn                          5.11879e-96
xdut1.ndl                         -6.67255e-62
xdut1.ndgp                        -2.09483e-37
xdut1.ndg                          7.42298e-36
xdut1.ndgn                        -6.17303e-36
xdut1.pgdg                        -1.99826e-30
xdut1.pgdgb                       -2.29779e-26
xdut1.nts                         -3.09144e-21
xdut1.tim                          2.98656e-20
xdut1.nd1                          3.18395e-23
xdut1.trip                        -5.61669e-56
xdut1.rstb                         1.85203e-21
xdut1.nnand                        2.39829e-20
xdut2.pdn                          5.11879e-96
xdut2.ndl                         -6.77359e-62
xdut2.ndgp                        -1.80838e-37
xdut2.ndg                          6.40795e-36
xdut2.ndgn                        -5.32893e-36
xdut2.pgdg                        -1.36771e-31
xdut2.pgdgb                        2.49945e-25
xdut2.nts                          -2.8391e-21
xdut2.tim                          2.40528e-20
xdut2.nd1                         -1.05982e-22
xdut2.trip                        -5.61685e-56
xdut2.rstb                         3.77328e-20
xdut2.nnand                       -3.34931e-20
vd2#branch                        -1.34399e-31
vd1#branch                         3.76402e-32
vib2#branch                                  0
vib1#branch                                  0
vpr#branch                                   0
vsup#branch                        9.67586e-32

 Reference value :  0.00000e+00
 Reference value :  6.31232e-05
 Reference value :  9.20553e-05
 Reference value :  1.00721e-03
 Reference value :  3.09276e-03
 Reference value :  5.66569e-03
 Reference value :  8.40017e-03
 Reference value :  1.48002e-02
No. of Data Rows : 3364
iasrt1              =  2.70396e-08 from=  5.00000e-04 to=  9.57986e-04
iasrt2              =  7.39049e-08 from=  5.00000e-04 to=  9.57986e-04
vasrt1              =  8.37070e-10
trel1               =  7.29614e-03
trel2               =  3.31341e-03
irel1               =  2.12145e-08 from=  1.80000e-02 to=  1.98002e-02
vrel1               =  3.30000e+00
vrel2               =  3.30000e+00
m_tpulse_1x_ms = 6.2951370000e+00
m_tpulse_3x_ms = 2.3124060000e+00
m_iq_asserted_1x_na = 2.7039610000e+01
m_iq_asserted_3x_na = 7.3904950000e+01
m_iq_released_1x_na = 2.1214490000e+01
m_v_asserted_1x_mv = 8.3706980000e-07
m_v_released_1x = 3.3000000000e+00
m_v_released_3x = 3.3000000000e+00
Note: Simulation executed from .control section 

Warning: m=xx on .subckt line will override multiplier m hierarchy!

