
Note: Compatibility modes selected: hs a


Circuit: * por-comparator-designer-check @ bjt_ff_-40c_3.63v -- generated by sim/harness, do not edit

Doing analysis at TEMP = -40.000000 and TNOM = 27.000000

Using SPARSE 1.3 as Direct Linear Solver

Initial Transient Solution
--------------------------

Node                                   Voltage
----                                   -------
vddup                                        0
bias_okup                                 3.63
vrefup                                     1.2
ibiasup                               0.775405
xup.bias_okb                                 0
xup.nbg                               0.775405
xup.sns                                      0
xup.xrtop.11                                 0
xup.xrtop.21                                 0
xup.snsb                                     0
xup.xrbot.11                                 0
xup.xrbot.21                                 0
xup.xrhys.11                                 0
xup.xrhys.21                                 0
xup.n1                            -5.22895e-40
xup.tn                            -2.95259e-92
xup.na                             3.87601e-86
xup.cmpo                          -2.95253e-92
xup.vdda                          -4.85817e-87
por_rawup                          7.34163e-31
vddur                                        0
bias_okur                                 3.63
vrefur                                    1.26
ibiasur                               0.775405
xupr.bias_okb                                0
xupr.nbg                              0.775405
xupr.sns                                     0
xupr.xrtop.11                                0
xupr.xrtop.21                                0
xupr.snsb                                    0
xupr.xrbot.11                                0
xupr.xrbot.21                                0
xupr.xrhys.11                                0
xupr.xrhys.21                                0
xupr.n1                           -6.44246e-59
xupr.tn                           -1.81856e-92
xupr.na                            2.39367e-86
xupr.cmpo                          -1.8185e-92
xupr.vdda                         -4.81139e-87
por_rawur                          1.68269e-44
vdddn                                     3.63
bias_okdn                                 3.63
vrefdn                                     1.2
ibiasdn                               0.775405
xdn.bias_okb                        7.3367e-09
xdn.nbg                               0.775405
xdn.sns                                1.77351
xdn.xrtop.11                           1.77351
xdn.xrtop.21                              3.63
xdn.snsb                              0.182228
xdn.xrbot.11                          0.182231
xdn.xrbot.21                           1.77351
xdn.xrhys.11                         2.972e-06
xdn.xrhys.21                          0.182225
xdn.n1                              7.3366e-09
xdn.tn                                0.838509
xdn.na                                 2.82132
xdn.cmpo                               3.62991
xdn.vdda                               3.62992
por_rawdn                                 3.63
vddiq                                     3.63
bias_okiq                                 3.63
vrefiq                                     1.2
ibiasiq                               0.775405
xiq.bias_okb                        7.3367e-09
xiq.nbg                               0.775405
xiq.sns                                1.77351
xiq.xrtop.11                           1.77351
xiq.xrtop.21                              3.63
xiq.snsb                              0.182228
xiq.xrbot.11                          0.182231
xiq.xrbot.21                           1.77351
xiq.xrhys.11                         2.972e-06
xiq.xrhys.21                          0.182225
xiq.n1                              7.3366e-09
xiq.tn                                0.838509
xiq.na                                 2.82132
xiq.cmpo                               3.62991
xiq.vdda                               3.62992
por_rawiq                                 3.63
vdddis                                    3.63
bias_okdis                                   0
vrefdis                                    1.2
ibiasdis                            0.00150421
xiqdis.bias_okb                           3.63
xiqdis.nbg                         2.28088e-16
xiqdis.sns                              1.6754
xiqdis.xrtop.11                        1.67541
xiqdis.xrtop.21                           3.63
xiqdis.snsb                        2.56866e-05
xiqdis.xrbot.11                    2.88157e-05
xiqdis.xrbot.21                         1.6754
xiqdis.xrhys.11                     4.1893e-10
xiqdis.xrhys.21                    2.56862e-05
xiqdis.n1                                 3.63
xiqdis.tn                          6.01553e-08
xiqdis.na                          8.07366e-08
xiqdis.cmpo                        2.12353e-08
xiqdis.vdda                            1.28479
por_rawdis                          7.3367e-09
vddown                                    3.63
bias_okown                                3.63
vrefown                                    1.2
vbrown                                    3.63
ibiasown                              0.775405
xiqown.bias_okb                     7.3367e-09
xiqown.nbg                            0.775405
xiqown.sns                             1.77351
xiqown.xrtop.11                        1.77351
xiqown.xrtop.21                           3.63
xiqown.snsb                           0.182228
xiqown.xrbot.11                       0.182231
xiqown.xrbot.21                        1.77351
xiqown.xrhys.11                      2.972e-06
xiqown.xrhys.21                       0.182225
xiqown.n1                           7.3366e-09
xiqown.tn                             0.838509
xiqown.na                              2.82132
xiqown.cmpo                            3.62991
xiqown.vdda                            3.62992
por_rawown                                3.63
vbown#branch                            -5e-07
vrefown#branch                               0
vokown#branch                                0
vsupown#branch                    -1.94343e-07
vrefdis#branch                               0
vokdis#branch                                0
vsupdis#branch                    -6.43461e-07
vrefiq#branch                                0
vokiq#branch                                 0
vsupiq#branch                     -6.94343e-07
vrefdn#branch                                0
vokdn#branch                                 0
vsupdn#branch                     -6.94343e-07
vrefur#branch                                0
vokur#branch                                 0
vsupur#branch                           -5e-07
vrefup#branch                                0
vokup#branch                                 0
vsupup#branch                           -5e-07

 Reference value :  0.00000e+00
 Reference value :  1.02496e-03
 Reference value :  1.68834e-03
 Reference value :  2.79834e-03
 Reference value :  3.25962e-03
 Reference value :  3.26009e-03
 Reference value :  3.63852e-03
 Reference value :  4.72352e-03
 Reference value :  5.84852e-03
 Reference value :  6.95352e-03
 Reference value :  7.15872e-03
 Reference value :  7.17492e-03
 Reference value :  7.51526e-03
 Reference value :  7.51897e-03
 Reference value :  8.38693e-03
 Reference value :  8.85631e-03
 Reference value :  9.02756e-03
 Reference value :  9.48568e-03
No. of Data Rows : 2721
vpor_rise           =  2.59862e+00
vpor_rise_last      =  2.59862e+00
vpor_rise_vrefhi    =  2.72805e+00
vpor_fall           =  2.44659e+00
vpor_fall_last      =  2.44659e+00
por_at_0p5v         =  2.73302e-01
por_at_1v           =  2.31776e-08
por_at_2v           =  8.34699e-09
por_reassert        =  -9.45464e-08
por_top             =  3.59370e+00
vdd_top             =  3.59370e+00
por_bot             =  -3.03405e-02
sns_top             =  1.77351e+00
iq_run              =  -6.94343e-07
iq_own              =  -1.94343e-07
iq_dis              =  -6.43461e-07
m_vpor_rise_v = 2.5986160000e+00
m_vpor_fall_v = 2.4465900000e+00
m_v_hys_mv = 1.5202600000e+02
m_vref_gain_frac = 9.9619181903e-01
m_rise_chatter_mv = 0.0000000000e+00
m_fall_chatter_mv = 0.0000000000e+00
m_por_hi_droop_mv = 0.0000000000e+00
m_por_reassert_mv = -9.454637000e-05
m_por_tail_mv = -3.034047000e+01
m_por_at_0p5v_mv = 2.7330170000e+02
m_por_at_1v_mv = 2.3177630000e-05
m_por_at_2v_mv = 8.3469850000e-06
m_sns_released_v = 1.7735100000e+00
m_iq_run_ua = 6.9434270000e-01
m_iq_own_ua = 1.9434270000e-01
m_iq_dis_ua = 6.4346070000e-01
Note: Simulation executed from .control section 

Warning: m=xx on .subckt line will override multiplier m hierarchy!

