
Note: Compatibility modes selected: hs a


Circuit: * por-comparator-designer-check @ ff_125c_2.97v -- generated by sim/harness, do not edit

Doing analysis at TEMP = 125.000000 and TNOM = 27.000000

Using SPARSE 1.3 as Direct Linear Solver

Initial Transient Solution
--------------------------

Node                                   Voltage
----                                   -------
vddup                                        0
bias_okup                                 2.97
vrefup                                     1.2
ibiasup                               0.503652
xup.bias_okb                                 0
xup.nbg                               0.503652
xup.sns                                      0
xup.xrtop.11                                 0
xup.xrtop.21                                 0
xup.snsb                                     0
xup.xrbot.11                                 0
xup.xrbot.21                                 0
xup.xrhys.11                                 0
xup.xrhys.21                                 0
xup.n1                             2.44341e-18
xup.tn                            -3.51778e-24
xup.na                            -9.60985e-22
xup.cmpo                          -3.52955e-24
xup.vdda                           2.34858e-18
por_rawup                          2.51902e-18
vddur                                        0
bias_okur                                 2.97
vrefur                                    1.26
ibiasur                               0.503652
xupr.bias_okb                                0
xupr.nbg                              0.503652
xupr.sns                                     0
xupr.xrtop.11                                0
xupr.xrtop.21                                0
xupr.snsb                                    0
xupr.xrbot.11                                0
xupr.xrbot.21                                0
xupr.xrhys.11                                0
xupr.xrhys.21                                0
xupr.n1                           -2.55213e-18
xupr.tn                           -5.08591e-26
xupr.na                           -1.38936e-23
xupr.cmpo                         -5.10177e-26
xupr.vdda                           3.3955e-20
por_rawur                          2.72806e-18
vdddn                                     2.97
bias_okdn                                 2.97
vrefdn                                     1.2
ibiasdn                               0.503652
xdn.bias_okb                       4.70731e-08
xdn.nbg                               0.503652
xdn.sns                                1.45091
xdn.xrtop.11                           1.45092
xdn.xrtop.21                              2.97
xdn.snsb                              0.148833
xdn.xrbot.11                          0.148836
xdn.xrbot.21                           1.45091
xdn.xrhys.11                       2.34626e-06
xdn.xrhys.21                          0.148831
xdn.n1                             4.73397e-08
xdn.tn                                0.845993
xdn.na                                  2.5128
xdn.cmpo                               2.96966
xdn.vdda                               2.96987
por_rawdn                                 2.97
vddiq                                     2.97
bias_okiq                                 2.97
vrefiq                                     1.2
ibiasiq                               0.503652
xiq.bias_okb                       4.70731e-08
xiq.nbg                               0.503652
xiq.sns                                1.45091
xiq.xrtop.11                           1.45092
xiq.xrtop.21                              2.97
xiq.snsb                              0.148833
xiq.xrbot.11                          0.148836
xiq.xrbot.21                           1.45091
xiq.xrhys.11                       2.34626e-06
xiq.xrhys.21                          0.148831
xiq.n1                             4.73397e-08
xiq.tn                                0.845993
xiq.na                                  2.5128
xiq.cmpo                               2.96966
xiq.vdda                               2.96987
por_rawiq                                 2.97
vdddis                                    2.97
bias_okdis                                   0
vrefdis                                    1.2
ibiasdis                            0.00277967
xiqdis.bias_okb                           2.97
xiqdis.nbg                         8.00032e-09
xiqdis.sns                              1.3708
xiqdis.xrtop.11                        1.37081
xiqdis.xrtop.21                           2.97
xiqdis.snsb                        5.94572e-05
xiqdis.xrbot.11                    6.19318e-05
xiqdis.xrbot.21                         1.3708
xiqdis.xrhys.11                    9.37305e-10
xiqdis.xrhys.21                    5.94563e-05
xiqdis.n1                                 2.97
xiqdis.tn                          2.19874e-07
xiqdis.na                          3.22709e-07
xiqdis.cmpo                         9.6031e-08
xiqdis.vdda                           0.767406
por_rawdis                         4.70734e-08
vddown                                    2.97
bias_okown                                2.97
vrefown                                    1.2
vbrown                                    2.97
ibiasown                              0.503652
xiqown.bias_okb                    4.70731e-08
xiqown.nbg                            0.503652
xiqown.sns                             1.45091
xiqown.xrtop.11                        1.45092
xiqown.xrtop.21                           2.97
xiqown.snsb                           0.148833
xiqown.xrbot.11                       0.148836
xiqown.xrbot.21                        1.45091
xiqown.xrhys.11                    2.34626e-06
xiqown.xrhys.21                       0.148831
xiqown.n1                          4.73397e-08
xiqown.tn                             0.845993
xiqown.na                               2.5128
xiqown.cmpo                            2.96966
xiqown.vdda                            2.96987
por_rawown                                2.97
vbown#branch                            -5e-07
vrefown#branch                               0
vokown#branch                                0
vsupown#branch                    -2.49463e-07
vrefdis#branch                               0
vokdis#branch                                0
vsupdis#branch                    -7.02304e-07
vrefiq#branch                                0
vokiq#branch                                 0
vsupiq#branch                     -7.49463e-07
vrefdn#branch                                0
vokdn#branch                                 0
vsupdn#branch                     -7.49463e-07
vrefur#branch                                0
vokur#branch                                 0
vsupur#branch                           -5e-07
vrefup#branch                                0
vokup#branch                                 0
vsupup#branch                           -5e-07

 Reference value :  0.00000e+00
 Reference value :  8.49791e-04
 Reference value :  1.76064e-03
 Reference value :  1.76246e-03
 Reference value :  2.03952e-03
 Reference value :  3.09452e-03
 Reference value :  4.40952e-03
 Reference value :  5.49952e-03
 Reference value :  6.50452e-03
 Reference value :  7.62952e-03
 Reference value :  8.56452e-03
 Reference value :  8.73145e-03
 Reference value :  8.94321e-03
 Reference value :  9.16708e-03
 Reference value :  9.17373e-03
No. of Data Rows : 2600
vpor_rise           =  2.59311e+00
vpor_rise_last      =  2.59311e+00
vpor_rise_vrefhi    =  2.72262e+00
vpor_fall           =  2.44655e+00
vpor_fall_last      =  2.44655e+00
por_at_0p5v         =  1.04233e-06
por_at_1v           =  1.29332e-07
por_at_2v           =  6.60520e-08
por_reassert        =  -2.51010e-07
por_top             =  2.94030e+00
vdd_top             =  2.94030e+00
por_bot             =  5.99215e-03
sns_top             =  1.45091e+00
iq_run              =  -7.49463e-07
iq_own              =  -2.49463e-07
iq_dis              =  -7.02304e-07
m_vpor_rise_v = 2.5931140000e+00
m_vpor_fall_v = 2.4465500000e+00
m_v_hys_mv = 1.4656400000e+02
m_vref_gain_frac = 9.9886854184e-01
m_rise_chatter_mv = 0.0000000000e+00
m_fall_chatter_mv = 0.0000000000e+00
m_por_hi_droop_mv = 0.0000000000e+00
m_por_reassert_mv = -2.510097000e-04
m_por_tail_mv = 5.9921540000e+00
m_por_at_0p5v_mv = 1.0423250000e-03
m_por_at_1v_mv = 1.2933250000e-04
m_por_at_2v_mv = 6.6051960000e-05
m_sns_released_v = 1.4509130000e+00
m_iq_run_ua = 7.4946310000e-01
m_iq_own_ua = 2.4946310000e-01
m_iq_dis_ua = 7.0230400000e-01
Note: Simulation executed from .control section 

Warning: m=xx on .subckt line will override multiplier m hierarchy!

