
Note: Compatibility modes selected: hs a


Circuit: * por-comparator-designer-check @ sf_-40c_2.97v -- generated by sim/harness, do not edit

Doing analysis at TEMP = -40.000000 and TNOM = 27.000000

Using SPARSE 1.3 as Direct Linear Solver

Initial Transient Solution
--------------------------

Node                                   Voltage
----                                   -------
vddup                                        0
bias_okup                                 2.97
vrefup                                     1.2
ibiasup                               0.856087
xup.tn                            -7.89166e-36
xup.nbg                               0.856087
xup.bias_okb                                 0
xup.n1                                       0
xup.cmpo                          -7.97625e-36
por_rawup                          6.61221e-44
xup.na                            -1.30495e-29
xup.sns                           1.24415e-226
xup.snsb                          2.31056e-226
xup.vdda                           4.63713e-29
xup.x19.11                        1.24414e-226
xup.x19.21                        1.99172e-232
xup.x20.11                        2.31056e-226
xup.x20.21                        1.24415e-226
xup.x21.11                        3.76836e-231
xup.x21.21                        2.31053e-226
xup.sns__par                      1.24415e-226
xup.nbg__par                          0.856087
xup.snsb__par                     2.31056e-226
xup.vdda__par                      4.63713e-29
xup.na__par                       -1.30495e-29
xup.cmpo__par                     -7.97625e-36
xup.n1__par                                  0
xup.tn__par                       -7.89166e-36
xup.bias_ok__par                          2.97
xup.bias_okb__par                            0
xup.ibias__par                        0.856087
xup.por_raw__par                   6.61221e-44
xup.vdd__par                                 0
xup.vref__par                              1.2
xup.vss__par                                 0
vddur                                        0
bias_okur                                 2.97
vrefur                                    1.26
ibiasur                               0.856087
xupr.tn                           -8.10546e-36
xupr.nbg                              0.856087
xupr.bias_okb                                0
xupr.n1                                      0
xupr.cmpo                         -8.18058e-36
por_rawur                          6.60835e-44
xupr.na                           -1.33076e-29
xupr.sns                          7.79558e-226
xupr.snsb                         1.44775e-225
xupr.vdda                          4.75746e-29
xupr.x19.11                       7.79557e-226
xupr.x19.21                       1.24797e-231
xupr.x20.11                       1.44775e-225
xupr.x20.21                       7.79559e-226
xupr.x21.11                       2.36118e-230
xupr.x21.21                       1.44773e-225
xupr.sns__par                     7.79558e-226
xupr.nbg__par                         0.856087
xupr.snsb__par                    1.44775e-225
xupr.vdda__par                     4.75746e-29
xupr.na__par                      -1.33076e-29
xupr.cmpo__par                    -8.18058e-36
xupr.n1__par                                 0
xupr.tn__par                      -8.10546e-36
xupr.bias_ok__par                         2.97
xupr.bias_okb__par                           0
xupr.ibias__par                       0.856087
xupr.por_raw__par                  6.60835e-44
xupr.vdd__par                                0
xupr.vref__par                            1.26
xupr.vss__par                                0
vdddn                                     2.97
bias_okdn                                 2.97
vrefdn                                     1.2
ibiasdn                               0.856087
xdn.tn                                0.522788
xdn.nbg                               0.856087
xdn.bias_okb                       6.51233e-09
xdn.n1                             6.51244e-09
xdn.cmpo                               2.96991
por_rawdn                                 2.97
xdn.na                                 2.25069
xdn.sns                                1.45105
xdn.snsb                              0.149095
xdn.vdda                               2.96991
xdn.x19.11                             1.45106
xdn.x19.21                                2.97
xdn.x20.11                            0.149098
xdn.x20.21                             1.45105
xdn.x21.11                         2.43164e-06
xdn.x21.21                            0.149093
xdn.sns__par                           1.45105
xdn.nbg__par                          0.856087
xdn.snsb__par                         0.149095
xdn.vdda__par                          2.96991
xdn.na__par                            2.25069
xdn.cmpo__par                          2.96991
xdn.n1__par                        6.51244e-09
xdn.tn__par                           0.522788
xdn.bias_ok__par                          2.97
xdn.bias_okb__par                  6.51233e-09
xdn.ibias__par                        0.856087
xdn.por_raw__par                          2.97
xdn.vdd__par                              2.97
xdn.vref__par                              1.2
xdn.vss__par                                 0
vddiq                                     2.97
bias_okiq                                 2.97
vrefiq                                     1.2
ibiasiq                               0.856087
xiq.tn                                0.522788
xiq.nbg                               0.856087
xiq.bias_okb                       6.51233e-09
xiq.n1                             6.51244e-09
xiq.cmpo                               2.96991
por_rawiq                                 2.97
xiq.na                                 2.25069
xiq.sns                                1.45105
xiq.snsb                              0.149095
xiq.vdda                               2.96991
xiq.x19.11                             1.45106
xiq.x19.21                                2.97
xiq.x20.11                            0.149098
xiq.x20.21                             1.45105
xiq.x21.11                         2.43164e-06
xiq.x21.21                            0.149093
xiq.sns__par                           1.45105
xiq.nbg__par                          0.856087
xiq.snsb__par                         0.149095
xiq.vdda__par                          2.96991
xiq.na__par                            2.25069
xiq.cmpo__par                          2.96991
xiq.n1__par                        6.51244e-09
xiq.tn__par                           0.522788
xiq.bias_ok__par                          2.97
xiq.bias_okb__par                  6.51233e-09
xiq.ibias__par                        0.856087
xiq.por_raw__par                          2.97
xiq.vdd__par                              2.97
xiq.vref__par                              1.2
xiq.vss__par                                 0
vdddis                                    2.97
bias_okdis                                   0
vrefdis                                    1.2
ibiasdis                            0.00178506
xiqdis.tn                          6.00721e-08
xiqdis.nbg                         2.18529e-17
xiqdis.bias_okb                           2.97
xiqdis.n1                                 2.97
xiqdis.cmpo                         2.0185e-08
por_rawdis                         6.51233e-09
xiqdis.na                          8.79184e-08
xiqdis.sns                             1.37078
xiqdis.snsb                        2.39126e-05
xiqdis.vdda                            1.06648
xiqdis.x19.11                          1.37079
xiqdis.x19.21                             2.97
xiqdis.x20.11                      2.64728e-05
xiqdis.x20.21                          1.37078
xiqdis.x21.11                      3.89997e-10
xiqdis.x21.21                      2.39122e-05
xiqdis.sns__par                        1.37078
xiqdis.nbg__par                    2.18529e-17
xiqdis.snsb__par                   2.39126e-05
xiqdis.vdda__par                       1.06648
xiqdis.na__par                     8.79184e-08
xiqdis.cmpo__par                    2.0185e-08
xiqdis.n1__par                            2.97
xiqdis.tn__par                     6.00721e-08
xiqdis.bias_ok__par                          0
xiqdis.bias_okb__par                      2.97
xiqdis.ibias__par                   0.00178506
xiqdis.por_raw__par                6.51233e-09
xiqdis.vdd__par                           2.97
xiqdis.vref__par                           1.2
xiqdis.vss__par                              0
vddown                                    2.97
bias_okown                                2.97
vrefown                                    1.2
vbrown                                    2.97
ibiasown                              0.856087
xiqown.tn                             0.522788
xiqown.nbg                            0.856087
xiqown.bias_okb                    6.51233e-09
xiqown.n1                          6.51244e-09
xiqown.cmpo                            2.96991
por_rawown                                2.97
xiqown.na                              2.25069
xiqown.sns                             1.45105
xiqown.snsb                           0.149095
xiqown.vdda                            2.96991
xiqown.x19.11                          1.45106
xiqown.x19.21                             2.97
xiqown.x20.11                         0.149098
xiqown.x20.21                          1.45105
xiqown.x21.11                      2.43164e-06
xiqown.x21.21                         0.149093
xiqown.sns__par                        1.45105
xiqown.nbg__par                       0.856087
xiqown.snsb__par                      0.149095
xiqown.vdda__par                       2.96991
xiqown.na__par                         2.25069
xiqown.cmpo__par                       2.96991
xiqown.n1__par                     6.51244e-09
xiqown.tn__par                        0.522788
xiqown.bias_ok__par                       2.97
xiqown.bias_okb__par               6.51233e-09
xiqown.ibias__par                     0.856087
xiqown.por_raw__par                       2.97
xiqown.vdd__par                           2.97
xiqown.vref__par                           1.2
xiqown.vss__par                              0
vbown#branch                            -5e-07
vrefown#branch                    -1.20509e-19
vokown#branch                      1.31304e-19
vsupown#branch                     -1.6884e-07
vrefdis#branch                    -1.20509e-19
vokdis#branch                                0
vsupdis#branch                    -6.17376e-07
vrefiq#branch                     -1.20509e-19
vokiq#branch                       1.31304e-19
vsupiq#branch                      -6.6884e-07
vrefdn#branch                     -1.20509e-19
vokdn#branch                       1.31304e-19
vsupdn#branch                      -6.6884e-07
vrefur#branch                     -1.44764e-19
vokur#branch                       1.31304e-19
vsupur#branch                           -5e-07
vrefup#branch                     -1.20509e-19
vokup#branch                       1.31304e-19
vsupup#branch                           -5e-07

 Reference value :  1.09496e-04
 Reference value :  1.76309e-03
 Reference value :  1.76701e-03
 Reference value :  3.43163e-03
 Reference value :  5.55163e-03
 Reference value :  7.63163e-03
 Reference value :  8.75172e-03
 Reference value :  9.16382e-03
 Reference value :  9.19281e-03
No. of Data Rows : 2801
vpor_rise           =  2.59927e+00
vpor_rise_last      =  2.59927e+00
vpor_rise_vrefhi    =  2.72874e+00
vpor_fall           =  2.44584e+00
vpor_fall_last      =  2.44584e+00
por_at_0p5v         =  1.01104e-01
por_at_1v           =  3.84314e-08
por_at_2v           =  9.45267e-09
por_reassert        =  7.66717e-09
por_top             =  2.94030e+00
vdd_top             =  2.94030e+00
por_bot             =  -4.19000e-02
sns_top             =  1.45105e+00
iq_run              =  -6.68840e-07
iq_own              =  -1.68840e-07
iq_dis              =  -6.17376e-07
m_vpor_rise_v = 2.5992710000e+00
m_vpor_fall_v = 2.4458360000e+00
m_v_hys_mv = 1.5343500000e+02
m_vref_gain_frac = 9.9615622996e-01
m_rise_chatter_mv = 0.0000000000e+00
m_fall_chatter_mv = 0.0000000000e+00
m_por_hi_droop_mv = 0.0000000000e+00
m_por_reassert_mv = 7.6671700000e-06
m_por_tail_mv = -4.189998000e+01
m_por_at_0p5v_mv = 1.0110380000e+02
m_por_at_1v_mv = 3.8431350000e-05
m_por_at_2v_mv = 9.4526750000e-06
m_sns_released_v = 1.4510540000e+00
m_iq_run_ua = 6.6883980000e-01
m_iq_own_ua = 1.6883980000e-01
m_iq_dis_ua = 6.1737650000e-01
Note: Simulation executed from .control section 

Warning: m=xx on .subckt line will override multiplier m hierarchy!

