
Note: Compatibility modes selected: hs a


Circuit: * por-comparator-designer-check @ ss_125c_2.97v -- generated by sim/harness, do not edit

Doing analysis at TEMP = 125.000000 and TNOM = 27.000000

Using SPARSE 1.3 as Direct Linear Solver

Initial Transient Solution
--------------------------

Node                                   Voltage
----                                   -------
vddup                                        0
bias_okup                                 2.97
vrefup                                     1.2
ibiasup                                0.72959
xup.tn                             6.54063e-90
xup.nbg                                0.72959
xup.bias_okb                                 0
xup.n1                                       0
xup.cmpo                           6.50852e-90
por_rawup                                    0
xup.na                            -1.12205e-83
xup.sns                                      0
xup.snsb                                     0
xup.vdda                           2.21083e-83
xup.x19.11                                   0
xup.x19.21                                   0
xup.x20.11                                   0
xup.x20.21                                   0
xup.x21.11                                   0
xup.x21.21                                   0
xup.sns__par                                 0
xup.nbg__par                           0.72959
xup.snsb__par                                0
xup.vdda__par                      2.21083e-83
xup.na__par                       -1.12205e-83
xup.cmpo__par                      6.50852e-90
xup.n1__par                                  0
xup.tn__par                        6.54063e-90
xup.bias_ok__par                          2.97
xup.bias_okb__par                            0
xup.ibias__par                         0.72959
xup.por_raw__par                             0
xup.vdd__par                                 0
xup.vref__par                              1.2
xup.vss__par                                 0
vddur                                        0
bias_okur                                 2.97
vrefur                                    1.26
ibiasur                                0.72959
xupr.tn                            6.56016e-90
xupr.nbg                               0.72959
xupr.bias_okb                                0
xupr.n1                                      0
xupr.cmpo                          6.53109e-90
por_rawur                                    0
xupr.na                           -1.12558e-83
xupr.sns                                     0
xupr.snsb                                    0
xupr.vdda                           2.2183e-83
xupr.x19.11                                  0
xupr.x19.21                                  0
xupr.x20.11                                  0
xupr.x20.21                                  0
xupr.x21.11                                  0
xupr.x21.21                                  0
xupr.sns__par                                0
xupr.nbg__par                          0.72959
xupr.snsb__par                               0
xupr.vdda__par                      2.2183e-83
xupr.na__par                      -1.12558e-83
xupr.cmpo__par                     6.53109e-90
xupr.n1__par                                 0
xupr.tn__par                       6.56016e-90
xupr.bias_ok__par                         2.97
xupr.bias_okb__par                           0
xupr.ibias__par                        0.72959
xupr.por_raw__par                            0
xupr.vdd__par                                0
xupr.vref__par                            1.26
xupr.vss__par                                0
vdddn                                     2.97
bias_okdn                                 2.97
vrefdn                                     1.2
ibiasdn                                0.72959
xdn.tn                                 0.65869
xdn.nbg                                0.72959
xdn.bias_okb                       1.30375e-08
xdn.n1                              1.3042e-08
xdn.cmpo                               2.96963
por_rawdn                                 2.97
xdn.na                                 2.26782
xdn.sns                                1.45105
xdn.snsb                              0.149087
xdn.vdda                               2.96984
xdn.x19.11                             1.45105
xdn.x19.21                                2.97
xdn.x20.11                            0.149088
xdn.x20.21                             1.45105
xdn.x21.11                         1.41017e-06
xdn.x21.21                            0.149085
xdn.sns__par                           1.45105
xdn.nbg__par                           0.72959
xdn.snsb__par                         0.149087
xdn.vdda__par                          2.96984
xdn.na__par                            2.26782
xdn.cmpo__par                          2.96963
xdn.n1__par                         1.3042e-08
xdn.tn__par                            0.65869
xdn.bias_ok__par                          2.97
xdn.bias_okb__par                  1.30375e-08
xdn.ibias__par                         0.72959
xdn.por_raw__par                          2.97
xdn.vdd__par                              2.97
xdn.vref__par                              1.2
xdn.vss__par                                 0
vddiq                                     2.97
bias_okiq                                 2.97
vrefiq                                     1.2
ibiasiq                                0.72959
xiq.tn                                 0.65869
xiq.nbg                                0.72959
xiq.bias_okb                       1.30375e-08
xiq.n1                              1.3042e-08
xiq.cmpo                               2.96963
por_rawiq                                 2.97
xiq.na                                 2.26782
xiq.sns                                1.45105
xiq.snsb                              0.149087
xiq.vdda                               2.96984
xiq.x19.11                             1.45105
xiq.x19.21                                2.97
xiq.x20.11                            0.149088
xiq.x20.21                             1.45105
xiq.x21.11                         1.41017e-06
xiq.x21.21                            0.149085
xiq.sns__par                           1.45105
xiq.nbg__par                           0.72959
xiq.snsb__par                         0.149087
xiq.vdda__par                          2.96984
xiq.na__par                            2.26782
xiq.cmpo__par                          2.96963
xiq.n1__par                         1.3042e-08
xiq.tn__par                            0.65869
xiq.bias_ok__par                          2.97
xiq.bias_okb__par                  1.30375e-08
xiq.ibias__par                         0.72959
xiq.por_raw__par                          2.97
xiq.vdd__par                              2.97
xiq.vref__par                              1.2
xiq.vss__par                                 0
vdddis                                    2.97
bias_okdis                                   0
vrefdis                                    1.2
ibiasdis                              0.003399
xiqdis.tn                          1.33372e-07
xiqdis.nbg                         1.52745e-10
xiqdis.bias_okb                           2.97
xiqdis.n1                                 2.97
xiqdis.cmpo                        4.90799e-08
por_rawdis                         1.30375e-08
xiqdis.na                          1.98062e-07
xiqdis.sns                              1.3708
xiqdis.snsb                        4.30648e-05
xiqdis.vdda                           0.966507
xiqdis.x19.11                           1.3708
xiqdis.x19.21                             2.97
xiqdis.x20.11                      4.45495e-05
xiqdis.x20.21                          1.37079
xiqdis.x21.11                      4.07338e-10
xiqdis.x21.21                      4.30644e-05
xiqdis.sns__par                         1.3708
xiqdis.nbg__par                    1.52745e-10
xiqdis.snsb__par                   4.30648e-05
xiqdis.vdda__par                      0.966507
xiqdis.na__par                     1.98062e-07
xiqdis.cmpo__par                   4.90799e-08
xiqdis.n1__par                            2.97
xiqdis.tn__par                     1.33372e-07
xiqdis.bias_ok__par                          0
xiqdis.bias_okb__par                      2.97
xiqdis.ibias__par                     0.003399
xiqdis.por_raw__par                1.30375e-08
xiqdis.vdd__par                           2.97
xiqdis.vref__par                           1.2
xiqdis.vss__par                              0
vddown                                    2.97
bias_okown                                2.97
vrefown                                    1.2
vbrown                                    2.97
ibiasown                               0.72959
xiqown.tn                              0.65869
xiqown.nbg                             0.72959
xiqown.bias_okb                    1.30375e-08
xiqown.n1                           1.3042e-08
xiqown.cmpo                            2.96963
por_rawown                                2.97
xiqown.na                              2.26782
xiqown.sns                             1.45105
xiqown.snsb                           0.149087
xiqown.vdda                            2.96984
xiqown.x19.11                          1.45105
xiqown.x19.21                             2.97
xiqown.x20.11                         0.149088
xiqown.x20.21                          1.45105
xiqown.x21.11                      1.41017e-06
xiqown.x21.21                         0.149085
xiqown.sns__par                        1.45105
xiqown.nbg__par                        0.72959
xiqown.snsb__par                      0.149087
xiqown.vdda__par                       2.96984
xiqown.na__par                         2.26782
xiqown.cmpo__par                       2.96963
xiqown.n1__par                      1.3042e-08
xiqown.tn__par                         0.65869
xiqown.bias_ok__par                       2.97
xiqown.bias_okb__par               1.30375e-08
xiqown.ibias__par                      0.72959
xiqown.por_raw__par                       2.97
xiqown.vdd__par                           2.97
xiqown.vref__par                           1.2
xiqown.vss__par                              0
vbown#branch                            -5e-07
vrefown#branch                    -1.20509e-19
vokown#branch                      1.31304e-19
vsupown#branch                    -1.70745e-07
vrefdis#branch                    -1.20509e-19
vokdis#branch                                0
vsupdis#branch                    -6.21296e-07
vrefiq#branch                     -1.20509e-19
vokiq#branch                       1.31304e-19
vsupiq#branch                     -6.70745e-07
vrefdn#branch                     -1.20509e-19
vokdn#branch                       1.31304e-19
vsupdn#branch                     -6.70745e-07
vrefur#branch                     -1.44764e-19
vokur#branch                       1.31304e-19
vsupur#branch                           -5e-07
vrefup#branch                     -1.20509e-19
vokup#branch                       1.31304e-19
vsupup#branch                           -5e-07

 Reference value :  0.00000e+00
 Reference value :  1.76779e-03
 Reference value :  1.77728e-03
 Reference value :  3.58123e-03
 Reference value :  5.88623e-03
 Reference value :  8.23123e-03
 Reference value :  8.75005e-03
 Reference value :  9.18467e-03
No. of Data Rows : 2737
vpor_rise           =  2.59837e+00
vpor_rise_last      =  2.59837e+00
vpor_rise_vrefhi    =  2.72784e+00
vpor_fall           =  2.44290e+00
vpor_fall_last      =  2.44290e+00
por_at_0p5v         =  5.44389e-06
por_at_1v           =  5.26645e-08
por_at_2v           =  2.00322e-08
por_reassert        =  2.50718e-08
por_top             =  2.94030e+00
vdd_top             =  2.94030e+00
por_bot             =  -3.54413e-03
sns_top             =  1.45105e+00
iq_run              =  -6.70745e-07
iq_own              =  -1.70745e-07
iq_dis              =  -6.21296e-07
m_vpor_rise_v = 2.5983680000e+00
m_vpor_fall_v = 2.4429010000e+00
m_v_hys_mv = 1.5546700000e+02
m_vref_gain_frac = 9.9654860282e-01
m_rise_chatter_mv = 0.0000000000e+00
m_fall_chatter_mv = 0.0000000000e+00
m_por_hi_droop_mv = 0.0000000000e+00
m_por_reassert_mv = 2.5071770000e-05
m_por_tail_mv = -3.544127000e+00
m_por_at_0p5v_mv = 5.4438870000e-03
m_por_at_1v_mv = 5.2664480000e-05
m_por_at_2v_mv = 2.0032170000e-05
m_sns_released_v = 1.4510490000e+00
m_iq_run_ua = 6.7074490000e-01
m_iq_own_ua = 1.7074490000e-01
m_iq_dis_ua = 6.2129570000e-01
Note: Simulation executed from .control section 

Warning: m=xx on .subckt line will override multiplier m hierarchy!

Note: Starting dynamic gmin stepping
Note: Dynamic gmin stepping completed
