
Note: Compatibility modes selected: hs a


Circuit: * por-comparator-designer-check @ ss_27c_3.30v -- generated by sim/harness, do not edit

Doing analysis at TEMP = 27.000000 and TNOM = 27.000000

Using SPARSE 1.3 as Direct Linear Solver

Initial Transient Solution
--------------------------

Node                                   Voltage
----                                   -------
vddup                                        0
bias_okup                                  3.3
vrefup                                     1.2
ibiasup                               0.821411
xup.tn                             -3.4357e-44
xup.nbg                               0.821411
xup.bias_okb                                 0
xup.n1                             1.06588e-45
xup.cmpo                          -3.43565e-44
por_rawup                         -6.86268e-47
xup.na                             2.12659e-38
xup.sns                                      0
xup.snsb                                     0
xup.vdda                          -6.27889e-40
xup.x19.11                                   0
xup.x19.21                                   0
xup.x20.11                                   0
xup.x20.21                                   0
xup.x21.11                                   0
xup.x21.21                                   0
xup.sns__par                                 0
xup.nbg__par                          0.821411
xup.snsb__par                                0
xup.vdda__par                     -6.27889e-40
xup.na__par                        2.12659e-38
xup.cmpo__par                     -3.43565e-44
xup.n1__par                        1.06588e-45
xup.tn__par                        -3.4357e-44
xup.bias_ok__par                           3.3
xup.bias_okb__par                            0
xup.ibias__par                        0.821411
xup.por_raw__par                  -6.86268e-47
xup.vdd__par                                 0
xup.vref__par                              1.2
xup.vss__par                                 0
vddur                                        0
bias_okur                                  3.3
vrefur                                    1.26
ibiasur                               0.821411
xupr.tn                            3.31548e-32
xupr.nbg                              0.821411
xupr.bias_okb                                0
xupr.n1                            4.03156e-32
xupr.cmpo                          3.31544e-32
por_rawur                         -1.08578e-20
xupr.na                           -2.05189e-26
xupr.sns                                     0
xupr.snsb                                    0
xupr.vdda                          6.03513e-28
xupr.x19.11                                  0
xupr.x19.21                                  0
xupr.x20.11                                  0
xupr.x20.21                                  0
xupr.x21.11                                  0
xupr.x21.21                                  0
xupr.sns__par                                0
xupr.nbg__par                         0.821411
xupr.snsb__par                               0
xupr.vdda__par                     6.03513e-28
xupr.na__par                      -2.05189e-26
xupr.cmpo__par                     3.31544e-32
xupr.n1__par                       4.03156e-32
xupr.tn__par                       3.31548e-32
xupr.bias_ok__par                          3.3
xupr.bias_okb__par                           0
xupr.ibias__par                       0.821411
xupr.por_raw__par                 -1.08578e-20
xupr.vdd__par                                0
xupr.vref__par                            1.26
xupr.vss__par                                0
vdddn                                      3.3
bias_okdn                                  3.3
vrefdn                                     1.2
ibiasdn                               0.821411
xdn.tn                                0.686245
xdn.nbg                               0.821411
xdn.bias_okb                        8.9071e-09
xdn.n1                             8.90724e-09
xdn.cmpo                               3.29988
por_rawdn                                  3.3
xdn.na                                  2.4609
xdn.sns                                1.61228
xdn.snsb                               0.16566
xdn.vdda                               3.29988
xdn.x19.11                             1.61228
xdn.x19.21                                 3.3
xdn.x20.11                            0.165662
xdn.x20.21                             1.61228
xdn.x21.11                         1.88177e-06
xdn.x21.21                            0.165658
xdn.sns__par                           1.61228
xdn.nbg__par                          0.821411
xdn.snsb__par                          0.16566
xdn.vdda__par                          3.29988
xdn.na__par                             2.4609
xdn.cmpo__par                          3.29988
xdn.n1__par                        8.90724e-09
xdn.tn__par                           0.686245
xdn.bias_ok__par                           3.3
xdn.bias_okb__par                   8.9071e-09
xdn.ibias__par                        0.821411
xdn.por_raw__par                           3.3
xdn.vdd__par                               3.3
xdn.vref__par                              1.2
xdn.vss__par                                 0
vddiq                                      3.3
bias_okiq                                  3.3
vrefiq                                     1.2
ibiasiq                               0.821411
xiq.tn                                0.686245
xiq.nbg                               0.821411
xiq.bias_okb                        8.9071e-09
xiq.n1                             8.90724e-09
xiq.cmpo                               3.29988
por_rawiq                                  3.3
xiq.na                                  2.4609
xiq.sns                                1.61228
xiq.snsb                               0.16566
xiq.vdda                               3.29988
xiq.x19.11                             1.61228
xiq.x19.21                                 3.3
xiq.x20.11                            0.165662
xiq.x20.21                             1.61228
xiq.x21.11                         1.88177e-06
xiq.x21.21                            0.165658
xiq.sns__par                           1.61228
xiq.nbg__par                          0.821411
xiq.snsb__par                          0.16566
xiq.vdda__par                          3.29988
xiq.na__par                             2.4609
xiq.cmpo__par                          3.29988
xiq.n1__par                        8.90724e-09
xiq.tn__par                           0.686245
xiq.bias_ok__par                           3.3
xiq.bias_okb__par                   8.9071e-09
xiq.ibias__par                        0.821411
xiq.por_raw__par                           3.3
xiq.vdd__par                               3.3
xiq.vref__par                              1.2
xiq.vss__par                                 0
vdddis                                     3.3
bias_okdis                                   0
vrefdis                                    1.2
ibiasdis                            0.00225448
xiqdis.tn                          8.76434e-08
xiqdis.nbg                         5.90962e-14
xiqdis.bias_okb                            3.3
xiqdis.n1                                  3.3
xiqdis.cmpo                        2.83791e-08
por_rawdis                          8.9071e-09
xiqdis.na                          1.22267e-07
xiqdis.sns                              1.5231
xiqdis.snsb                        2.94903e-05
xiqdis.vdda                            1.21398
xiqdis.x19.11                           1.5231
xiqdis.x19.21                              3.3
xiqdis.x20.11                      3.14716e-05
xiqdis.x20.21                          1.52309
xiqdis.x21.11                      3.34988e-10
xiqdis.x21.21                        2.949e-05
xiqdis.sns__par                         1.5231
xiqdis.nbg__par                    5.90962e-14
xiqdis.snsb__par                   2.94903e-05
xiqdis.vdda__par                       1.21398
xiqdis.na__par                     1.22267e-07
xiqdis.cmpo__par                   2.83791e-08
xiqdis.n1__par                             3.3
xiqdis.tn__par                     8.76434e-08
xiqdis.bias_ok__par                          0
xiqdis.bias_okb__par                       3.3
xiqdis.ibias__par                   0.00225448
xiqdis.por_raw__par                 8.9071e-09
xiqdis.vdd__par                            3.3
xiqdis.vref__par                           1.2
xiqdis.vss__par                              0
vddown                                     3.3
bias_okown                                 3.3
vrefown                                    1.2
vbrown                                     3.3
ibiasown                              0.821411
xiqown.tn                             0.686245
xiqown.nbg                            0.821411
xiqown.bias_okb                     8.9071e-09
xiqown.n1                          8.90724e-09
xiqown.cmpo                            3.29988
por_rawown                                 3.3
xiqown.na                               2.4609
xiqown.sns                             1.61228
xiqown.snsb                            0.16566
xiqown.vdda                            3.29988
xiqown.x19.11                          1.61228
xiqown.x19.21                              3.3
xiqown.x20.11                         0.165662
xiqown.x20.21                          1.61228
xiqown.x21.11                      1.88177e-06
xiqown.x21.21                         0.165658
xiqown.sns__par                        1.61228
xiqown.nbg__par                       0.821411
xiqown.snsb__par                       0.16566
xiqown.vdda__par                       3.29988
xiqown.na__par                          2.4609
xiqown.cmpo__par                       3.29988
xiqown.n1__par                     8.90724e-09
xiqown.tn__par                        0.686245
xiqown.bias_ok__par                        3.3
xiqown.bias_okb__par                8.9071e-09
xiqown.ibias__par                     0.821411
xiqown.por_raw__par                        3.3
xiqown.vdd__par                            3.3
xiqown.vref__par                           1.2
xiqown.vss__par                              0
vbown#branch                            -5e-07
vrefown#branch                    -1.20509e-19
vokown#branch                     -1.09248e-19
vsupown#branch                    -1.68099e-07
vrefdis#branch                    -1.20509e-19
vokdis#branch                                0
vsupdis#branch                    -6.17703e-07
vrefiq#branch                     -1.20509e-19
vokiq#branch                      -1.09248e-19
vsupiq#branch                     -6.68099e-07
vrefdn#branch                     -1.20509e-19
vokdn#branch                      -1.09248e-19
vsupdn#branch                     -6.68099e-07
vrefur#branch                     -1.44764e-19
vokur#branch                      -1.09248e-19
vsupur#branch                           -5e-07
vrefup#branch                     -1.20509e-19
vokup#branch                      -1.09248e-19
vsupup#branch                           -5e-07

 Reference value :  1.73560e-04
 Reference value :  1.91935e-03
 Reference value :  2.59299e-03
 Reference value :  3.32953e-03
 Reference value :  5.44453e-03
 Reference value :  7.54453e-03
 Reference value :  7.88132e-03
 Reference value :  8.27292e-03
 Reference value :  8.96513e-03
No. of Data Rows : 2813
vpor_rise           =  2.60063e+00
vpor_rise_last      =  2.60063e+00
vpor_rise_vrefhi    =  2.73007e+00
vpor_fall           =  2.44431e+00
vpor_fall_last      =  2.44431e+00
por_at_0p5v         =  1.02575e-01
por_at_1v           =  4.69542e-08
por_at_2v           =  1.34961e-08
por_reassert        =  -1.27527e-09
por_top             =  3.26700e+00
vdd_top             =  3.26700e+00
por_bot             =  -1.27757e-02
sns_top             =  1.61228e+00
iq_run              =  -6.68099e-07
iq_own              =  -1.68099e-07
iq_dis              =  -6.17703e-07
m_vpor_rise_v = 2.6006300000e+00
m_vpor_fall_v = 2.4443070000e+00
m_v_hys_mv = 1.5632300000e+02
m_vref_gain_frac = 9.9548186401e-01
m_rise_chatter_mv = 0.0000000000e+00
m_fall_chatter_mv = 0.0000000000e+00
m_por_hi_droop_mv = 0.0000000000e+00
m_por_reassert_mv = -1.275269000e-06
m_por_tail_mv = -1.277567000e+01
m_por_at_0p5v_mv = 1.0257450000e+02
m_por_at_1v_mv = 4.6954200000e-05
m_por_at_2v_mv = 1.3496080000e-05
m_sns_released_v = 1.6122810000e+00
m_iq_run_ua = 6.6809920000e-01
m_iq_own_ua = 1.6809920000e-01
m_iq_dis_ua = 6.1770260000e-01
Note: Simulation executed from .control section 

Warning: m=xx on .subckt line will override multiplier m hierarchy!

