
Note: Compatibility modes selected: hs a


Circuit: * temp-accuracy-mc mc @ temp_hi_vdd_hi_tt_125c_3.63v_s0225 -- generated by sim/harness, do not edit

Doing analysis at TEMP = 125.000000 and TNOM = 27.000000

Using SPARSE 1.3 as Direct Linear Solver
 Reference value :  2.50000e+01
No. of Data Rows : 1
m_vptat25_v = 1.3019074028e+00
m_aoffs25_uv = -3.097931591e+02
Doing analysis at TEMP = 125.000000 and TNOM = 27.000000

Using SPARSE 1.3 as Direct Linear Solver

No. of Data Rows : 1
m_vptattgt_v = 1.7332891223e+00
m_vtktgt_k = 3.9815000000e+02
m_aoffstgt_uv = -3.474583427e+02
m_dvbetgt_mv = 7.1994807618e+01
m_terr_untrim_c = 4.1133278876e+00
Note: Simulation executed from .control section 

Warning: m=xx on .subckt line will override multiplier m hierarchy!

Note: Starting dynamic gmin stepping
Note: Dynamic gmin stepping completed
Note: Starting dynamic gmin stepping
Note: Dynamic gmin stepping completed
