
Note: Compatibility modes selected: hs a


Circuit: * temp-accuracy-mc mc @ temp_lo_vdd_hi_tt_-40c_3.63v_s0155 -- generated by sim/harness, do not edit

Doing analysis at TEMP = -40.000000 and TNOM = 27.000000

Using SPARSE 1.3 as Direct Linear Solver
 Reference value :  2.50000e+01
No. of Data Rows : 1
m_vptat25_v = 1.2335481637e+00
m_aoffs25_uv = 1.1745943485e+03
Doing analysis at TEMP = -40.000000 and TNOM = 27.000000

Using SPARSE 1.3 as Direct Linear Solver

No. of Data Rows : 1
m_vptattgt_v = 9.5400705305e-01
m_vtktgt_k = 2.3315000000e+02
m_aoffstgt_uv = 1.1141957375e+03
m_dvbetgt_mv = 4.0491642592e+01
m_terr_untrim_c = -1.174316887e+01
Note: Simulation executed from .control section 

Warning: m=xx on .subckt line will override multiplier m hierarchy!

Note: Starting dynamic gmin stepping
Note: Dynamic gmin stepping completed
Note: Starting dynamic gmin stepping
Note: Dynamic gmin stepping completed
