
Note: Compatibility modes selected: hs a


Circuit: * temp-accuracy-mc mc @ temp_lo_vdd_lo_tt_-40c_2.97v_s0052 -- generated by sim/harness, do not edit

Doing analysis at TEMP = -40.000000 and TNOM = 27.000000

Using SPARSE 1.3 as Direct Linear Solver
 Reference value :  2.50000e+01
No. of Data Rows : 1
m_vptat25_v = 1.2939863718e+00
m_aoffs25_uv = -7.372875327e+01
Doing analysis at TEMP = -40.000000 and TNOM = 27.000000

Using SPARSE 1.3 as Direct Linear Solver
 Reference value : -4.00000e+01
No. of Data Rows : 1
m_vptattgt_v = 1.0142050069e+00
m_vtktgt_k = 2.3315000000e+02
m_aoffstgt_uv = -7.881607534e+01
m_dvbetgt_mv = 4.1810480782e+01
m_terr_untrim_c = 2.2276274155e+00
Note: Simulation executed from .control section 

Warning: m=xx on .subckt line will override multiplier m hierarchy!

Note: Starting dynamic gmin stepping
Warning: Dynamic gmin stepping failed
Note: Starting true gmin stepping
Note: True gmin stepping completed
Note: Starting dynamic gmin stepping
Warning: Dynamic gmin stepping failed
Note: Starting true gmin stepping
Note: True gmin stepping completed
